Starting CMA-ES: 8 variables, budget 500 evaluations, target B >= 10.0 T, uniformity <= 1.0%, hoop <= 400 MPa, coil-coil face gap >= 3 mm

Parallel mode: 6 worker processes per generation.
  [   1] INFEAS f=19951.148  a=22.4 b=20.5 gap=13.5 (face=7.0mm) n=[848, 172, 144, 538, 687]  no evaluation (geometry pre-check)
  [   2] INFEAS f=1047.386  a=10.7 b=15.2 gap=16.8 (face=13.6mm) n=[130, 84, 116, 221, 171]  no evaluation (geometry pre-check)
  [   3] INFEAS f=23971.234  a=5.5 b=15.3 gap=15.5 (face=11.1mm) n=[264, 268, 160, 50, 451]  no evaluation (geometry pre-check)
  [   4] INFEAS f=11547.792  a=18.1 b=16.4 gap=12.0 (face=4.0mm) n=[306, 261, 640, 107, 451]  no evaluation (geometry pre-check)
  [   5] viol   f= 698.295  a=21.9 b=32.0 gap=19.1 (face=18.1mm) n=[81, 289, 76, 164, 122]  tape=0.148km B=4.38T unif=2.782% hoop=76MPa
  [   6] INFEAS f=40022.099  a=8.3 b=24.1 gap=13.0 (face=5.9mm) n=[405, 197, 185, 642, 414]  no evaluation (geometry pre-check)
  [   7] INFEAS f=2165.587  a=22.8 b=36.8 gap=14.1 (face=8.3mm) n=[94, 101, 513, 484, 615]  no evaluation (geometry pre-check)
  [   8] INFEAS f=106682.748  a=-6.2 b=14.4 gap=15.1 (face=10.2mm) n=[109, 107, 539, 455, 110]  no evaluation (geometry pre-check)
  [   9] INFEAS f=12554.028  a=18.2 b=10.2 gap=14.9 (face=9.9mm) n=[580, 373, 227, 156, 254]  no evaluation (geometry pre-check)
  [  10] INFEAS f=33471.595  a=8.7 b=13.1 gap=13.0 (face=5.9mm) n=[321, 65, 155, 333, 609]  no evaluation (geometry pre-check)
  [  11] INFEAS f=9618.485  a=10.6 b=38.8 gap=14.3 (face=8.7mm) n=[55, 437, 384, 363, 110]  no evaluation (geometry pre-check)
  [  12] INFEAS f=4257.838  a=21.4 b=18.5 gap=11.8 (face=3.6mm) n=[111, 260, 413, 131, 561]  no evaluation (geometry pre-check)
  [  13] INFEAS f=3977.902  a=16.3 b=32.4 gap=14.9 (face=9.8mm) n=[121, 445, 441, 83, 493]  no evaluation (geometry pre-check)
  [  14] INFEAS f=14676.292  a=30.9 b=17.4 gap=12.8 (face=5.7mm) n=[140, 220, 341, 66, 193]  no evaluation (geometry pre-check)
  [  15] viol   f=1772.801  a=16.8 b=37.4 gap=24.2 (face=28.3mm) n=[132, 276, 238, 169, 193]  tape=0.204km B=4.16T unif=3.919% hoop=61MPa
  [  16] INFEAS f=11878.587  a=25.2 b=31.5 gap=15.5 (face=10.9mm) n=[146, 857, 152, 453, 109]  no evaluation (geometry pre-check)
  [  17] INFEAS f=4370.432  a=26.0 b=22.4 gap=11.5 (face=3.0mm) n=[345, 267, 666, 395, 602]  no evaluation (geometry pre-check)
  [  18] viol   f= 108.710  a=29.9 b=36.6 gap=11.5 (face=3.0mm) n=[221, 131, 242, 211, 606]  tape=0.378km B=6.75T unif=1.660% hoop=154MPa
  [  19] INFEAS f=9064.053  a=12.0 b=5.3 gap=11.5 (face=3.0mm) n=[51, 336, 309, 369, 74]  no evaluation (geometry pre-check)
  [  20] INFEAS f=15283.100  a=32.2 b=18.3 gap=12.7 (face=5.4mm) n=[567, 143, 184, 218, 51]  no evaluation (geometry pre-check)
  [  21] INFEAS f=25247.097  a=39.7 b=20.0 gap=13.8 (face=7.6mm) n=[242, 127, 50, 238, 467]  no evaluation (geometry pre-check)
  [  22] viol   f=1140.200  a=26.4 b=31.4 gap=11.5 (face=3.1mm) n=[430, 191, 565, 68, 333]  tape=0.352km B=10.11T unif=3.387% hoop=122MPa
  [  23] viol   f=  21.416  a=24.6 b=32.5 gap=11.5 (face=3.0mm) n=[213, 138, 189, 232, 334]  tape=0.230km B=6.75T unif=0.904% hoop=112MPa
  [  24] viol   f=  27.279  a=26.7 b=48.5 gap=20.8 (face=21.5mm) n=[619, 126, 142, 279, 556]  tape=0.500km B=7.76T unif=1.290% hoop=108MPa
  [  25] INFEAS f=2733.191  a=22.5 b=31.7 gap=12.8 (face=5.6mm) n=[99, 351, 218, 180, 625]  no evaluation (geometry pre-check)
  [  26] INFEAS f=3179.409  a=22.1 b=29.7 gap=12.1 (face=4.3mm) n=[438, 252, 351, 628, 590]  no evaluation (geometry pre-check)
  [  27] viol   f=  80.727  a=26.6 b=54.0 gap=12.2 (face=4.5mm) n=[513, 277, 279, 610, 279]  tape=0.619km B=10.54T unif=1.633% hoop=212MPa
  [  28] INFEAS f=24126.106  a=20.1 b=37.7 gap=14.3 (face=8.7mm) n=[840, 104, 131, 139, 440]  no evaluation (geometry pre-check)
  [  29] viol   f= 405.338  a=23.3 b=33.4 gap=20.0 (face=20.1mm) n=[424, 177, 229, 266, 250]  tape=0.292km B=7.49T unif=2.401% hoop=113MPa
  [  30] INFEAS f=33138.326  a=14.5 b=17.2 gap=11.5 (face=3.1mm) n=[452, 758, 80, 449, 342]  no evaluation (geometry pre-check)
  [  31] INFEAS f=41898.565  a=7.5 b=32.6 gap=16.7 (face=13.3mm) n=[631, 264, 573, 471, 467]  no evaluation (geometry pre-check)
  [  32] INFEAS f=4500.929  a=28.3 b=24.0 gap=14.2 (face=8.4mm) n=[170, 214, 421, 611, 282]  no evaluation (geometry pre-check)
  [  33] viol   f=   3.828  a=23.9 b=36.5 gap=15.2 (face=10.4mm) n=[340, 401, 510, 506, 336]  tape=0.458km B=12.03T unif=1.130% hoop=138MPa
  [  34] INFEAS f=23918.395  a=28.9 b=13.7 gap=12.7 (face=5.4mm) n=[241, 120, 547, 897, 149]  no evaluation (geometry pre-check)
  [  35] INFEAS f=2367.492  a=28.9 b=45.1 gap=12.6 (face=5.2mm) n=[128, 362, 107, 198, 785]  no evaluation (geometry pre-check)
  [  36] INFEAS f=1004.502  a=25.6 b=58.2 gap=20.7 (face=21.4mm) n=[607, 249, 544, 284, 158]  no evaluation (geometry pre-check)
  [  37] viol   f= 433.407  a=13.8 b=46.9 gap=23.7 (face=27.4mm) n=[228, 143, 84, 241, 84]  tape=0.181km B=3.73T unif=2.332% hoop=53MPa
  [  38] viol   f= 123.326  a=38.3 b=54.7 gap=12.6 (face=5.1mm) n=[526, 367, 302, 372, 713]  tape=0.810km B=10.25T unif=1.783% hoop=258MPa
  [  39] viol   f=1038.510  a=34.2 b=46.3 gap=13.3 (face=6.5mm) n=[332, 79, 139, 95, 297]  tape=0.267km B=5.32T unif=3.230% hoop=118MPa
  [  40] viol   f=  31.474  a=33.3 b=48.6 gap=11.8 (face=3.6mm) n=[453, 226, 488, 711, 302]  tape=0.698km B=10.70T unif=1.392% hoop=220MPa
  [  41] INFEAS f=4351.419  a=14.2 b=60.1 gap=11.5 (face=3.0mm) n=[128, 299, 333, 445, 132]  no evaluation (geometry pre-check)
  [  42] INFEAS f=17302.652  a=23.7 b=46.7 gap=12.4 (face=4.7mm) n=[600, 340, 408, 567, 874]  no evaluation (geometry pre-check)
  [  43] INFEAS f=6819.371  a=21.8 b=47.1 gap=17.2 (face=14.3mm) n=[514, 157, 334, 465, 695]  no evaluation (geometry pre-check)
  [  44] INFEAS f=2615.586  a=16.1 b=56.4 gap=20.1 (face=20.3mm) n=[452, 238, 61, 297, 442]  no evaluation (geometry pre-check)
  [  45] INFEAS f=2551.122  a=34.2 b=33.0 gap=18.7 (face=17.4mm) n=[721, 174, 170, 553, 317]  no evaluation (geometry pre-check)
  [  46] viol   f=1128.597  a=34.2 b=41.9 gap=19.2 (face=18.3mm) n=[728, 417, 82, 762, 394]  tape=0.672km B=11.44T unif=3.375% hoop=158MPa
  [  47] INFEAS f=30168.086  a=16.2 b=54.3 gap=12.2 (face=4.3mm) n=[87, 477, 248, 783, 181]  no evaluation (geometry pre-check)
  [  48] viol   f=  41.620  a=27.6 b=41.0 gap=11.5 (face=3.0mm) n=[203, 202, 515, 468, 239]  tape=0.420km B=9.50T unif=1.451% hoop=223MPa
  [  49] INFEAS f=55914.569  a=12.2 b=49.5 gap=11.5 (face=3.1mm) n=[231, 799, 84, 838, 369]  no evaluation (geometry pre-check)
  [  50] INFEAS f=1548.212  a=19.8 b=44.7 gap=12.3 (face=4.5mm) n=[296, 508, 339, 173, 99]  no evaluation (geometry pre-check)
  [  51] INFEAS f=1768.497  a=30.5 b=31.2 gap=13.3 (face=6.6mm) n=[50, 265, 256, 149, 201]  no evaluation (geometry pre-check)
  [  52] INFEAS f=1259.065  a=34.8 b=37.3 gap=13.9 (face=7.7mm) n=[595, 420, 606, 423, 355]  no evaluation (geometry pre-check)
  [  53] INFEAS f=26925.050  a=45.4 b=24.9 gap=11.8 (face=3.5mm) n=[303, 566, 106, 480, 462]  no evaluation (geometry pre-check)
  [  54] viol   f=   9.843  a=29.6 b=43.4 gap=15.9 (face=11.8mm) n=[506, 667, 177, 277, 147]  tape=0.511km B=9.82T unif=1.215% hoop=141MPa
  [  55] INFEAS f=1283.112  a=29.2 b=41.7 gap=13.7 (face=7.4mm) n=[541, 185, 248, 740, 122]  no evaluation (geometry pre-check)
  [  56] INFEAS f=2988.510  a=25.5 b=56.3 gap=16.4 (face=12.8mm) n=[381, 305, 73, 714, 304]  no evaluation (geometry pre-check)
  [  57] viol   f=  55.015  a=27.0 b=39.3 gap=14.4 (face=8.8mm) n=[209, 215, 285, 261, 323]  tape=0.300km B=7.42T unif=1.455% hoop=136MPa
  [  58] INFEAS f=3489.566  a=31.1 b=41.7 gap=11.5 (face=3.1mm) n=[876, 58, 261, 861, 174]  no evaluation (geometry pre-check)
  [  59] INFEAS f=4252.020  a=33.2 b=29.2 gap=11.5 (face=3.1mm) n=[112, 204, 316, 416, 447]  no evaluation (geometry pre-check)
  [  60] INFEAS f=7807.022  a=27.4 b=46.9 gap=14.0 (face=8.0mm) n=[185, 492, 366, 395, 859]  no evaluation (geometry pre-check)
  [  61] INFEAS f=2970.544  a=30.0 b=36.5 gap=17.4 (face=14.9mm) n=[831, 261, 58, 256, 354]  no evaluation (geometry pre-check)
  [  62] INFEAS f=3219.369  a=24.0 b=39.8 gap=13.0 (face=6.0mm) n=[59, 564, 679, 51, 459]  no evaluation (geometry pre-check)
  [  63] INFEAS f=4627.442  a=23.9 b=46.4 gap=14.4 (face=8.8mm) n=[244, 539, 149, 709, 91]  no evaluation (geometry pre-check)
  [  64] viol   f= 291.121  a=39.4 b=52.1 gap=16.4 (face=12.7mm) n=[682, 557, 165, 586, 449]  tape=0.802km B=11.85T unif=2.205% hoop=209MPa
  [  65] INFEAS f=2257.331  a=24.2 b=39.3 gap=13.7 (face=7.5mm) n=[352, 286, 278, 655, 149]  no evaluation (geometry pre-check)
  [  66] INFEAS f=1096.184  a=26.4 b=29.9 gap=14.4 (face=8.9mm) n=[159, 478, 198, 320, 126]  no evaluation (geometry pre-check)
  [  67] INFEAS f=1014.198  a=42.9 b=47.3 gap=11.6 (face=3.3mm) n=[674, 289, 79, 153, 251]  no evaluation (geometry pre-check)
  [  68] viol   f=1262.194  a=39.4 b=51.1 gap=12.2 (face=4.5mm) n=[168, 488, 512, 226, 212]  tape=0.519km B=8.36T unif=3.506% hoop=188MPa
  [  69] viol   f=  24.270  a=31.3 b=53.6 gap=26.4 (face=32.7mm) n=[340, 111, 510, 550, 279]  tape=0.562km B=6.56T unif=0.708% hoop=123MPa
  [  70] viol   f= 709.191  a=38.8 b=53.3 gap=12.0 (face=3.9mm) n=[435, 683, 199, 316, 301]  tape=0.686km B=9.64T unif=2.882% hoop=248MPa
  [  71] viol   f=   1.035  a=35.8 b=48.0 gap=16.8 (face=13.6mm) n=[387, 593, 198, 334, 501]  tape=0.620km B=9.54T unif=0.811% hoop=186MPa
  [  72] INFEAS f=1556.444  a=20.1 b=50.7 gap=12.7 (face=5.4mm) n=[447, 301, 260, 289, 515]  no evaluation (geometry pre-check)
  [  73] viol   f=   4.859  a=42.1 b=65.8 gap=21.1 (face=22.1mm) n=[461, 600, 357, 812, 101]  tape=0.961km B=8.60T unif=0.922% hoop=224MPa
  [  74] viol   f=   8.101  a=38.3 b=71.0 gap=30.2 (face=40.4mm) n=[681, 851, 107, 862, 59]  tape=1.012km B=8.12T unif=0.501% hoop=151MPa
  [  75] INFEAS f=2533.086  a=40.7 b=39.5 gap=18.4 (face=16.8mm) n=[398, 51, 388, 672, 425]  no evaluation (geometry pre-check)
  [  76] INFEAS f=1470.555  a=43.0 b=44.6 gap=18.1 (face=16.1mm) n=[880, 364, 394, 543, 236]  no evaluation (geometry pre-check)
  [  77] viol   f=   1.106  a=35.5 b=57.3 gap=19.6 (face=19.2mm) n=[478, 686, 56, 608, 456]  tape=0.776km B=9.93T unif=1.040% hoop=175MPa
  [  78] viol   f=  38.717  a=45.9 b=57.0 gap=19.1 (face=18.2mm) n=[661, 377, 466, 696, 155]  tape=0.863km B=9.93T unif=1.435% hoop=242MPa
  [  79] viol   f= 435.648  a=27.6 b=53.3 gap=13.5 (face=6.9mm) n=[471, 423, 125, 155, 352]  tape=0.458km B=9.07T unif=2.472% hoop=124MPa
  [  80] viol   f= 338.012  a=40.6 b=50.9 gap=26.9 (face=33.9mm) n=[798, 618, 523, 828, 699]  tape=1.122km B=11.97T unif=2.298% hoop=215MPa
  [  81] INFEAS f=3564.583  a=29.5 b=57.6 gap=25.0 (face=30.0mm) n=[67, 513, 218, 836, 473]  no evaluation (geometry pre-check)
  [  82] viol   f=   5.086  a=42.9 b=72.2 gap=21.4 (face=22.9mm) n=[557, 863, 295, 514, 513]  tape=1.225km B=9.87T unif=1.138% hoop=326MPa
  [  83] INFEAS f=11920.525  a=43.3 b=31.8 gap=14.2 (face=8.4mm) n=[320, 669, 244, 91, 387]  no evaluation (geometry pre-check)
  [  84] viol   f=   2.846  a=36.4 b=57.4 gap=26.3 (face=32.6mm) n=[653, 736, 231, 606, 132]  tape=0.815km B=8.99T unif=0.370% hoop=152MPa
  [  85] viol   f=  31.345  a=28.6 b=50.1 gap=14.7 (face=9.3mm) n=[161, 300, 144, 642, 119]  tape=0.437km B=6.07T unif=0.881% hoop=131MPa
  [  86] viol   f=   5.494  a=40.8 b=64.5 gap=27.5 (face=35.0mm) n=[623, 883, 212, 377, 418]  tape=1.045km B=8.51T unif=0.559% hoop=241MPa
  [  87] viol   f=   1.145  a=38.3 b=66.5 gap=26.1 (face=32.1mm) n=[881, 494, 162, 894, 451]  tape=1.143km B=9.97T unif=0.897% hoop=206MPa
  [  88] viol   f= 324.291  a=36.3 b=55.4 gap=12.1 (face=4.1mm) n=[546, 160, 282, 623, 379]  tape=0.678km B=9.78T unif=2.272% hoop=194MPa
  [  89] viol   f=  13.576  a=39.9 b=55.4 gap=22.4 (face=24.9mm) n=[157, 712, 79, 746, 213]  tape=0.663km B=7.46T unif=0.372% hoop=126MPa
  [  90] viol   f=   1.991  a=42.8 b=55.8 gap=20.3 (face=20.6mm) n=[369, 900, 277, 507, 345]  tape=0.949km B=9.28T unif=0.395% hoop=230MPa
  [  91] viol   f=   1.165  a=44.0 b=66.9 gap=27.4 (face=34.8mm) n=[852, 757, 67, 638, 519]  tape=1.145km B=9.90T unif=0.530% hoop=202MPa
  [  92] OK     f=   1.193  a=40.7 b=62.3 gap=23.3 (face=26.7mm) n=[834, 899, 598, 891, 62]  tape=1.193km B=12.95T unif=0.850% hoop=222MPa
  [  93] viol   f=  10.863  a=36.3 b=63.8 gap=29.0 (face=38.0mm) n=[599, 657, 189, 489, 279]  tape=0.822km B=7.76T unif=0.418% hoop=154MPa
  [  94] viol   f=  16.083  a=48.3 b=65.8 gap=34.8 (face=49.5mm) n=[861, 325, 290, 898, 247]  tape=1.110km B=7.26T unif=0.767% hoop=223MPa
  [  95] viol   f=   1.251  a=38.4 b=61.1 gap=22.3 (face=24.7mm) n=[826, 536, 247, 796, 511]  tape=1.082km B=11.60T unif=1.029% hoop=212MPa
  [  96] viol   f=  77.446  a=38.1 b=58.0 gap=33.2 (face=46.4mm) n=[666, 832, 283, 791, 394]  tape=1.057km B=8.73T unif=1.605% hoop=171MPa
  [  97] viol   f=   1.299  a=42.0 b=76.0 gap=23.0 (face=26.0mm) n=[784, 354, 688, 680, 68]  tape=1.109km B=9.69T unif=0.955% hoop=201MPa
  [  98] viol   f=  10.904  a=42.2 b=64.2 gap=19.1 (face=18.2mm) n=[802, 608, 440, 895, 576]  tape=1.323km B=13.16T unif=1.219% hoop=282MPa
  [  99] INFEAS f=1057.449  a=27.8 b=61.1 gap=14.0 (face=8.0mm) n=[159, 680, 288, 226, 66]  no evaluation (geometry pre-check)
  [ 100] viol   f=   4.402  a=45.4 b=67.6 gap=30.0 (face=40.0mm) n=[569, 762, 365, 798, 241]  tape=1.129km B=8.72T unif=0.150% hoop=217MPa
  [ 101] OK     f=   1.450  a=47.7 b=76.6 gap=26.2 (face=32.5mm) n=[900, 622, 258, 805, 565]  tape=1.450km B=10.34T unif=0.731% hoop=255MPa
  [ 102] viol   f=  16.906  a=46.3 b=66.1 gap=17.3 (face=14.6mm) n=[900, 695, 584, 896, 302]  tape=1.371km B=14.18T unif=1.279% hoop=306MPa
  [ 103] OK     f=   1.205  a=43.5 b=79.7 gap=21.4 (face=22.9mm) n=[787, 795, 382, 698, 63]  tape=1.205km B=10.85T unif=0.904% hoop=219MPa
  [ 104] viol   f=  16.171  a=33.8 b=71.0 gap=16.8 (face=13.5mm) n=[734, 801, 85, 803, 622]  tape=1.153km B=14.16T unif=1.274% hoop=191MPa
  [ 105] viol   f=   2.288  a=51.9 b=72.3 gap=24.9 (face=29.9mm) n=[589, 859, 192, 765, 371]  tape=1.259km B=9.28T unif=0.619% hoop=249MPa
  [ 106] viol   f=  18.445  a=36.1 b=71.2 gap=36.6 (face=53.2mm) n=[725, 797, 216, 742, 152]  tape=1.041km B=7.05T unif=0.665% hoop=141MPa
  [ 107] viol   f=  25.218  a=38.5 b=72.5 gap=18.0 (face=16.0mm) n=[221, 811, 302, 873, 265]  tape=1.059km B=9.69T unif=1.346% hoop=200MPa
  [ 108] viol   f=  46.146  a=51.3 b=98.8 gap=29.0 (face=37.9mm) n=[325, 820, 63, 511, 93]  tape=1.030km B=5.25T unif=0.599% hoop=179MPa
  [ 109] OK     f=   1.661  a=49.2 b=81.8 gap=25.6 (face=31.2mm) n=[705, 858, 581, 896, 446]  tape=1.661km B=11.36T unif=0.748% hoop=300MPa
  [ 110] viol   f=   2.278  a=51.1 b=67.3 gap=29.8 (face=39.6mm) n=[469, 829, 358, 819, 654]  tape=1.315km B=9.31T unif=0.355% hoop=235MPa
  [ 111] INFEAS f=1527.016  a=27.8 b=51.1 gap=13.1 (face=6.1mm) n=[720, 538, 242, 548, 559]  no evaluation (geometry pre-check)
  [ 112] OK     f=   1.657  a=50.9 b=89.7 gap=20.9 (face=21.9mm) n=[503, 661, 583, 893, 487]  tape=1.657km B=10.00T unif=0.803% hoop=346MPa
  [ 113] viol   f=   3.104  a=39.5 b=65.0 gap=30.7 (face=41.5mm) n=[581, 831, 326, 783, 410]  tape=1.149km B=9.01T unif=0.506% hoop=194MPa
  [ 114] viol   f=   5.824  a=61.3 b=100.1 gap=29.2 (face=38.3mm) n=[489, 612, 732, 897, 557]  tape=1.937km B=8.61T unif=0.543% hoop=355MPa
  [ 115] viol   f=   2.250  a=36.1 b=57.4 gap=26.3 (face=32.5mm) n=[861, 429, 114, 778, 359]  tape=0.914km B=9.18T unif=0.677% hoop=174MPa
  [ 116] viol   f=   9.417  a=45.1 b=79.5 gap=21.3 (face=22.5mm) n=[415, 587, 62, 524, 783]  tape=1.103km B=7.96T unif=0.757% hoop=227MPa
  [ 117] viol   f=   4.097  a=44.6 b=71.0 gap=23.8 (face=27.7mm) n=[806, 853, 268, 583, 203]  tape=1.161km B=10.35T unif=1.121% hoop=212MPa
  [ 118] viol   f=   2.936  a=45.6 b=64.6 gap=30.3 (face=40.5mm) n=[898, 781, 132, 619, 396]  tape=1.157km B=9.06T unif=0.411% hoop=193MPa
  [ 119] viol   f=   4.808  a=45.3 b=95.2 gap=30.2 (face=40.3mm) n=[522, 875, 585, 672, 405]  tape=1.641km B=8.74T unif=0.615% hoop=255MPa
  [ 120] viol   f=   2.512  a=47.8 b=73.7 gap=28.1 (face=36.2mm) n=[856, 794, 201, 752, 53]  tape=1.143km B=9.17T unif=0.694% hoop=191MPa
  [ 121] viol   f=   9.382  a=53.2 b=79.6 gap=20.1 (face=20.2mm) n=[571, 771, 360, 730, 383]  tape=1.342km B=9.84T unif=1.200% hoop=303MPa
  [ 122] viol   f=  12.570  a=60.0 b=93.7 gap=16.7 (face=13.4mm) n=[682, 832, 194, 663, 568]  tape=1.619km B=9.67T unif=1.232% hoop=353MPa
  [ 123] viol   f=   8.430  a=39.5 b=73.4 gap=18.2 (face=16.4mm) n=[690, 534, 84, 844, 111]  tape=0.967km B=9.00T unif=1.165% hoop=196MPa
  [ 124] viol   f= 190.279  a=53.7 b=70.6 gap=16.3 (face=12.7mm) n=[899, 505, 102, 610, 593]  tape=1.248km B=10.26T unif=1.972% hoop=332MPa
  [ 125] OK     f=   1.520  a=48.0 b=84.6 gap=25.1 (face=30.1mm) n=[809, 320, 700, 578, 783]  tape=1.520km B=10.29T unif=0.756% hoop=250MPa
  [ 126] INFEAS f=3673.895  a=31.8 b=92.5 gap=19.1 (face=18.2mm) n=[900, 130, 288, 680, 408]  no evaluation (geometry pre-check)
  [ 127] INFEAS f=1029.213  a=49.1 b=53.3 gap=27.3 (face=34.6mm) n=[889, 877, 59, 433, 445]  no evaluation (geometry pre-check)
  [ 128] viol   f=  45.773  a=56.4 b=93.4 gap=39.9 (face=59.9mm) n=[58, 865, 270, 592, 491]  tape=1.274km B=5.28T unif=0.235% hoop=217MPa
  [ 129] viol   f=  14.488  a=41.0 b=64.2 gap=33.0 (face=46.0mm) n=[777, 446, 249, 646, 317]  tape=0.973km B=7.40T unif=0.426% hoop=184MPa
  [ 130] INFEAS f=1380.808  a=34.6 b=59.2 gap=14.8 (face=9.5mm) n=[623, 748, 508, 893, 298]  no evaluation (geometry pre-check)
  [ 131] viol   f=   2.755  a=46.0 b=70.9 gap=26.8 (face=33.6mm) n=[764, 426, 354, 637, 588]  tape=1.188km B=9.11T unif=0.683% hoop=247MPa
  [ 132] viol   f=   2.990  a=48.5 b=83.6 gap=25.1 (face=30.2mm) n=[891, 191, 544, 767, 437]  tape=1.405km B=9.11T unif=0.882% hoop=245MPa
  [ 133] viol   f=   4.714  a=55.0 b=98.9 gap=25.9 (face=31.7mm) n=[538, 759, 676, 895, 55]  tape=1.638km B=8.76T unif=0.614% hoop=293MPa
  [ 134] OK     f=   1.178  a=40.1 b=66.7 gap=22.6 (face=25.3mm) n=[704, 645, 203, 805, 676]  tape=1.178km B=11.33T unif=0.827% hoop=210MPa
  [ 135] OK     f=   1.738  a=47.9 b=87.8 gap=19.9 (face=19.9mm) n=[799, 831, 678, 793, 508]  tape=1.738km B=13.49T unif=0.978% hoop=305MPa
  [ 136] OK     f=   2.046  a=62.4 b=102.3 gap=21.5 (face=22.9mm) n=[679, 746, 892, 623, 505]  tape=2.046km B=10.06T unif=0.871% hoop=400MPa
  [ 137] viol   f=   1.057  a=41.8 b=65.7 gap=22.4 (face=24.8mm) n=[681, 246, 369, 637, 750]  tape=1.051km B=9.94T unif=0.750% hoop=215MPa
  [ 138] viol   f=   2.322  a=42.7 b=79.6 gap=29.0 (face=37.9mm) n=[880, 378, 460, 894, 488]  tape=1.433km B=9.33T unif=0.718% hoop=242MPa
  [ 139] viol   f=   1.293  a=43.3 b=76.4 gap=23.6 (face=27.2mm) n=[741, 233, 572, 732, 427]  tape=1.178km B=9.76T unif=0.908% hoop=219MPa
  [ 140] viol   f=   5.424  a=61.1 b=101.3 gap=22.8 (face=25.5mm) n=[551, 789, 569, 667, 332]  tape=1.699km B=8.64T unif=0.835% hoop=354MPa
  [ 141] viol   f=   9.826  a=35.5 b=67.1 gap=26.7 (face=33.5mm) n=[828, 318, 442, 344, 377]  tape=0.965km B=7.91T unif=1.029% hoop=212MPa
  [ 142] viol   f=  23.461  a=50.2 b=72.1 gap=18.3 (face=16.5mm) n=[432, 428, 141, 619, 534]  tape=0.933km B=7.87T unif=1.260% hoop=327MPa
  [ 143] viol   f=   5.983  a=37.4 b=65.5 gap=29.4 (face=38.8mm) n=[786, 222, 723, 332, 446]  tape=0.983km B=8.42T unif=0.506% hoop=186MPa
  [ 144] OK     f=   1.720  a=55.6 b=89.5 gap=19.5 (face=19.1mm) n=[464, 832, 380, 890, 704]  tape=1.720km B=10.64T unif=0.972% hoop=345MPa
  [ 145] viol   f=   1.657  a=44.7 b=77.2 gap=16.0 (face=11.9mm) n=[598, 729, 262, 889, 697]  tape=1.443km B=12.06T unif=1.033% hoop=302MPa
  [ 146] viol   f=  23.205  a=36.4 b=58.8 gap=18.9 (face=17.8mm) n=[694, 483, 249, 742, 177]  tape=0.836km B=10.35T unif=1.334% hoop=186MPa
  [ 147] viol   f=   2.105  a=42.3 b=72.9 gap=27.5 (face=34.9mm) n=[897, 71, 369, 659, 899]  tape=1.222km B=9.34T unif=0.401% hoop=196MPa
  [ 148] OK     f=   1.715  a=56.8 b=83.1 gap=26.0 (face=32.1mm) n=[827, 672, 439, 890, 592]  tape=1.715km B=10.41T unif=0.811% hoop=312MPa
  [ 149] viol   f=   4.026  a=47.0 b=68.2 gap=14.7 (face=9.3mm) n=[627, 310, 188, 889, 735]  tape=1.183km B=10.41T unif=1.119% hoop=269MPa
  [ 150] OK     f=   1.451  a=48.6 b=74.1 gap=20.1 (face=20.1mm) n=[893, 359, 349, 827, 869]  tape=1.451km B=11.96T unif=0.978% hoop=343MPa
  [ 151] viol   f=   2.439  a=41.2 b=83.9 gap=20.7 (face=21.4mm) n=[894, 164, 656, 823, 883]  tape=1.550km B=12.78T unif=1.067% hoop=227MPa
  [ 152] viol   f=  38.879  a=52.6 b=77.8 gap=16.3 (face=12.7mm) n=[799, 423, 656, 881, 505]  tape=1.549km B=11.90T unif=1.432% hoop=347MPa
  [ 153] viol   f= 496.533  a=41.6 b=64.8 gap=11.9 (face=3.8mm) n=[746, 607, 178, 477, 565]  tape=1.010km B=12.18T unif=2.574% hoop=263MPa
  [ 154] OK     f=   2.032  a=54.0 b=93.9 gap=23.3 (face=26.7mm) n=[898, 898, 581, 891, 635]  tape=2.032km B=12.92T unif=0.782% hoop=337MPa
  [ 155] viol   f=  50.980  a=43.3 b=69.6 gap=13.5 (face=7.0mm) n=[892, 507, 650, 685, 775]  tape=1.462km B=15.24T unif=1.498% hoop=339MPa
  [ 156] viol   f=  14.136  a=55.0 b=82.6 gap=32.0 (face=43.9mm) n=[215, 671, 347, 891, 739]  tape=1.446km B=7.48T unif=0.202% hoop=236MPa
  [ 157] viol   f=   6.817  a=41.8 b=61.5 gap=16.7 (face=13.4mm) n=[731, 135, 428, 809, 602]  tape=1.026km B=11.31T unif=1.170% hoop=224MPa
  [ 158] viol   f=   1.324  a=42.8 b=78.2 gap=24.6 (face=29.1mm) n=[737, 449, 426, 772, 554]  tape=1.310km B=9.92T unif=0.776% hoop=260MPa
  [ 159] viol   f=   4.033  a=59.7 b=89.8 gap=17.9 (face=15.8mm) n=[414, 509, 328, 784, 779]  tape=1.500km B=8.87T unif=0.965% hoop=353MPa
  [ 160] viol   f=   1.989  a=53.7 b=93.4 gap=25.3 (face=30.6mm) n=[613, 612, 355, 897, 843]  tape=1.785km B=9.68T unif=0.637% hoop=400MPa
  [ 161] OK     f=   1.697  a=46.6 b=86.0 gap=25.4 (face=30.9mm) n=[877, 404, 732, 769, 730]  tape=1.697km B=11.20T unif=0.876% hoop=250MPa
  [ 162] viol   f=  13.821  a=64.9 b=98.7 gap=28.3 (face=36.7mm) n=[268, 891, 479, 573, 716]  tape=1.747km B=7.54T unif=0.624% hoop=329MPa
  [ 163] OK     f=   1.509  a=46.0 b=88.7 gap=22.5 (face=25.0mm) n=[673, 895, 232, 835, 367]  tape=1.509km B=10.27T unif=0.994% hoop=250MPa
  [ 164] viol   f=   5.337  a=40.7 b=63.9 gap=22.9 (face=25.8mm) n=[861, 396, 702, 556, 849]  tape=1.285km B=12.34T unif=1.142% hoop=234MPa
  [ 165] OK     f=   1.802  a=47.2 b=88.2 gap=17.7 (face=15.4mm) n=[689, 465, 788, 877, 883]  tape=1.802km B=13.28T unif=0.761% hoop=323MPa
  [ 166] viol   f=   1.965  a=52.7 b=96.6 gap=26.0 (face=31.9mm) n=[584, 791, 228, 774, 766]  tape=1.659km B=9.61T unif=0.624% hoop=273MPa
  [ 167] OK     f=   1.573  a=48.7 b=80.4 gap=22.5 (face=25.0mm) n=[774, 191, 734, 896, 818]  tape=1.573km B=11.64T unif=0.800% hoop=263MPa
  [ 168] OK     f=   2.113  a=55.7 b=101.1 gap=26.5 (face=32.9mm) n=[755, 644, 888, 695, 782]  tape=2.113km B=10.72T unif=0.584% hoop=332MPa
  [ 169] viol   f=   1.856  a=45.3 b=93.2 gap=30.2 (face=40.3mm) n=[641, 651, 679, 885, 750]  tape=1.846km B=9.93T unif=0.488% hoop=290MPa
  [ 170] viol   f=   1.963  a=46.4 b=79.0 gap=26.4 (face=32.9mm) n=[873, 547, 76, 752, 674]  tape=1.342km B=9.44T unif=0.801% hoop=220MPa
  [ 171] OK     f=   1.499  a=42.3 b=82.1 gap=17.9 (face=15.8mm) n=[899, 280, 512, 878, 651]  tape=1.499km B=12.36T unif=0.920% hoop=263MPa
  [ 172] OK     f=   1.257  a=38.6 b=73.2 gap=23.6 (face=27.2mm) n=[707, 808, 161, 803, 647]  tape=1.257km B=11.53T unif=0.894% hoop=196MPa
  [ 173] viol   f=  32.817  a=52.3 b=77.6 gap=16.2 (face=12.5mm) n=[762, 517, 198, 880, 508]  tape=1.373km B=10.33T unif=1.397% hoop=315MPa
  [ 174] OK     f=   1.774  a=47.1 b=88.9 gap=27.7 (face=35.4mm) n=[858, 481, 544, 880, 856]  tape=1.774km B=10.82T unif=0.676% hoop=273MPa
  [ 175] viol   f=   8.853  a=43.6 b=73.8 gap=17.0 (face=14.0mm) n=[899, 206, 481, 804, 695]  tape=1.350km B=12.30T unif=1.194% hoop=258MPa
  [ 176] viol   f=   1.455  a=45.1 b=74.2 gap=19.9 (face=19.8mm) n=[804, 514, 459, 840, 714]  tape=1.440km B=12.32T unif=1.009% hoop=297MPa
  [ 177] viol   f=   2.017  a=48.3 b=84.5 gap=22.8 (face=25.6mm) n=[620, 611, 501, 823, 378]  tape=1.453km B=9.47T unif=0.833% hoop=313MPa
  [ 178] OK     f=   1.425  a=40.9 b=78.8 gap=22.3 (face=24.6mm) n=[809, 689, 474, 652, 588]  tape=1.425km B=11.94T unif=0.935% hoop=246MPa
  [ 179] viol   f=  16.369  a=43.5 b=102.5 gap=32.1 (face=44.3mm) n=[474, 542, 551, 733, 430]  tape=1.498km B=7.27T unif=0.437% hoop=239MPa
  [ 180] OK     f=   1.655  a=44.6 b=83.2 gap=25.2 (face=30.4mm) n=[899, 500, 811, 894, 448]  tape=1.655km B=11.66T unif=0.839% hoop=248MPa
  [ 181] viol   f=   1.733  a=47.8 b=81.1 gap=30.8 (face=41.7mm) n=[537, 900, 254, 877, 790]  tape=1.565km B=9.71T unif=0.355% hoop=240MPa
  [ 182] INFEAS f=1338.034  a=35.0 b=62.3 gap=21.2 (face=22.4mm) n=[900, 448, 70, 661, 591]  no evaluation (geometry pre-check)
  [ 183] OK     f=   1.678  a=48.0 b=88.9 gap=24.3 (face=28.6mm) n=[741, 558, 612, 708, 803]  tape=1.678km B=10.92T unif=0.745% hoop=286MPa
  [ 184] viol   f=   1.509  a=40.1 b=84.8 gap=26.4 (face=32.9mm) n=[487, 867, 278, 750, 791]  tape=1.484km B=9.89T unif=0.806% hoop=211MPa
  [ 185] INFEAS f=3161.421  a=30.8 b=49.9 gap=20.7 (face=21.5mm) n=[858, 589, 93, 639, 563]  no evaluation (geometry pre-check)
  [ 186] OK     f=   1.561  a=42.3 b=77.0 gap=17.1 (face=14.2mm) n=[894, 506, 464, 837, 895]  tape=1.561km B=14.26T unif=0.827% hoop=314MPa
  [ 187] OK     f=   1.405  a=43.0 b=84.9 gap=16.8 (face=13.6mm) n=[553, 857, 460, 710, 296]  tape=1.405km B=10.98T unif=0.809% hoop=295MPa
  [ 188] OK     f=   1.757  a=42.5 b=87.8 gap=21.4 (face=22.9mm) n=[808, 628, 587, 881, 762]  tape=1.757km B=12.61T unif=0.716% hoop=274MPa
  [ 189] viol   f=   3.160  a=51.3 b=91.7 gap=25.5 (face=31.1mm) n=[365, 886, 192, 882, 639]  tape=1.548km B=9.10T unif=0.725% hoop=243MPa
  [ 190] viol   f=   5.452  a=37.6 b=61.9 gap=20.1 (face=20.1mm) n=[689, 592, 392, 631, 656]  tape=1.042km B=12.77T unif=1.148% hoop=216MPa
  [ 191] OK     f=   1.863  a=50.4 b=84.5 gap=28.8 (face=37.7mm) n=[780, 775, 894, 604, 858]  tape=1.863km B=11.79T unif=0.570% hoop=293MPa
  [ 192] viol   f=  10.618  a=41.7 b=77.2 gap=20.6 (face=21.2mm) n=[784, 626, 74, 649, 119]  tape=0.984km B=9.09T unif=1.200% hoop=184MPa
  [ 193] INFEAS f=1005.004  a=36.2 b=69.7 gap=23.0 (face=26.0mm) n=[891, 885, 203, 741, 522]  no evaluation (geometry pre-check)
  [ 194] viol   f=   1.639  a=48.5 b=107.3 gap=19.4 (face=18.8mm) n=[509, 676, 543, 661, 500]  tape=1.620km B=9.90T unif=0.624% hoop=300MPa
  [ 195] viol   f=   3.424  a=41.1 b=75.8 gap=27.1 (face=34.2mm) n=[530, 898, 550, 588, 267]  tape=1.299km B=8.97T unif=0.855% hoop=234MPa
  [ 196] viol   f=  49.951  a=36.8 b=76.7 gap=18.5 (face=17.0mm) n=[495, 865, 278, 694, 301]  tape=1.179km B=10.35T unif=1.494% hoop=229MPa
  [ 197] viol   f=   1.827  a=35.6 b=82.6 gap=18.3 (face=16.6mm) n=[639, 781, 468, 589, 343]  tape=1.279km B=11.76T unif=1.052% hoop=239MPa
  [ 198] OK     f=   1.178  a=40.5 b=69.0 gap=19.2 (face=18.4mm) n=[691, 490, 265, 803, 646]  tape=1.178km B=11.12T unif=0.968% hoop=233MPa
  [ 199] OK     f=   1.472  a=41.6 b=85.9 gap=17.8 (face=15.5mm) n=[526, 622, 364, 819, 766]  tape=1.472km B=11.25T unif=0.903% hoop=282MPa
  [ 200] viol   f= 949.037  a=35.8 b=67.8 gap=13.3 (face=6.5mm) n=[798, 328, 431, 615, 652]  tape=1.119km B=13.07T unif=3.177% hoop=254MPa
  [ 201] OK     f=   1.502  a=52.1 b=83.2 gap=16.4 (face=12.9mm) n=[376, 512, 379, 834, 893]  tape=1.502km B=10.07T unif=0.913% hoop=348MPa
  [ 202] viol   f=  14.293  a=44.3 b=71.6 gap=17.3 (face=14.5mm) n=[891, 537, 310, 718, 724]  tape=1.378km B=12.62T unif=1.254% hoop=286MPa
  [ 203] viol   f=   2.491  a=55.7 b=103.1 gap=20.8 (face=21.7mm) n=[280, 841, 208, 895, 812]  tape=1.739km B=9.39T unif=0.619% hoop=258MPa
  [ 204] OK     f=   1.572  a=45.2 b=85.0 gap=15.9 (face=11.7mm) n=[426, 853, 359, 888, 745]  tape=1.572km B=12.34T unif=0.997% hoop=292MPa
  [ 205] viol   f=   4.661  a=59.7 b=103.8 gap=30.8 (face=41.6mm) n=[329, 665, 829, 835, 785]  tape=1.975km B=8.84T unif=0.467% hoop=288MPa
  [ 206] viol   f=   7.709  a=42.1 b=74.0 gap=26.0 (face=32.0mm) n=[610, 510, 219, 785, 444]  tape=1.129km B=8.19T unif=0.685% hoop=206MPa
  [ 207] viol   f=   1.947  a=44.2 b=88.0 gap=19.0 (face=18.0mm) n=[600, 515, 455, 878, 393]  tape=1.460km B=9.51T unif=0.807% hoop=298MPa
  [ 208] viol   f=  12.225  a=38.9 b=82.2 gap=19.8 (face=19.7mm) n=[562, 824, 198, 813, 500]  tape=1.314km B=11.05T unif=1.234% hoop=229MPa
  [ 209] OK     f=   1.521  a=42.5 b=87.7 gap=12.9 (face=5.8mm) n=[546, 888, 256, 900, 506]  tape=1.521km B=12.62T unif=0.420% hoop=314MPa
  [ 210] OK     f=   1.244  a=37.8 b=78.2 gap=21.6 (face=23.1mm) n=[679, 439, 373, 798, 507]  tape=1.244km B=10.03T unif=0.692% hoop=236MPa
  [ 211] viol   f=   1.994  a=40.2 b=79.4 gap=15.3 (face=10.7mm) n=[669, 170, 409, 786, 621]  tape=1.191km B=10.45T unif=1.063% hoop=232MPa
  [ 212] INFEAS f=1030.536  a=31.1 b=76.6 gap=16.6 (face=13.1mm) n=[535, 764, 161, 568, 594]  no evaluation (geometry pre-check)
  [ 213] viol   f=  23.188  a=34.9 b=68.9 gap=19.7 (face=19.5mm) n=[632, 690, 274, 712, 634]  tape=1.100km B=12.33T unif=1.332% hoop=193MPa
  [ 214] OK     f=   1.569  a=46.5 b=80.2 gap=19.6 (face=19.3mm) n=[321, 859, 569, 889, 770]  tape=1.569km B=12.23T unif=0.793% hoop=284MPa
  [ 215] OK     f=   1.691  a=48.6 b=90.3 gap=16.7 (face=13.4mm) n=[692, 420, 587, 841, 821]  tape=1.691km B=11.75T unif=0.858% hoop=324MPa
  [ 216] viol   f=  81.121  a=38.9 b=68.0 gap=16.2 (face=12.4mm) n=[621, 779, 316, 672, 539]  tape=1.161km B=12.72T unif=1.632% hoop=242MPa
  [ 217] OK     f=   1.755  a=51.0 b=92.7 gap=19.8 (face=19.6mm) n=[475, 631, 550, 708, 900]  tape=1.755km B=10.33T unif=0.752% hoop=360MPa
  [ 218] viol   f=   1.727  a=39.6 b=69.0 gap=23.7 (face=27.4mm) n=[609, 459, 445, 891, 498]  tape=1.244km B=9.51T unif=0.710% hoop=287MPa
  [ 219] viol   f=   1.980  a=51.6 b=100.1 gap=18.3 (face=16.7mm) n=[578, 522, 372, 751, 693]  tape=1.605km B=9.57T unif=0.733% hoop=334MPa
  [ 220] viol   f=   4.441  a=38.6 b=72.1 gap=15.3 (face=10.6mm) n=[566, 269, 384, 808, 792]  tape=1.169km B=11.17T unif=1.128% hoop=237MPa
  [ 221] OK     f=   1.410  a=44.7 b=74.3 gap=23.1 (face=26.1mm) n=[542, 802, 334, 780, 837]  tape=1.410km B=11.49T unif=0.744% hoop=256MPa
  [ 222] OK     f=   1.328  a=43.3 b=79.9 gap=18.8 (face=17.5mm) n=[409, 737, 554, 679, 590]  tape=1.328km B=11.35T unif=0.976% hoop=269MPa
  [ 223] OK     f=   1.384  a=45.6 b=72.4 gap=21.0 (face=21.9mm) n=[492, 897, 251, 898, 666]  tape=1.384km B=11.67T unif=0.935% hoop=259MPa
  [ 224] viol   f=   1.675  a=43.6 b=68.2 gap=19.8 (face=19.6mm) n=[527, 504, 562, 751, 556]  tape=1.187km B=11.00T unif=1.049% hoop=303MPa
  [ 225] OK     f=   1.298  a=40.9 b=81.4 gap=18.1 (face=16.3mm) n=[488, 611, 528, 646, 684]  tape=1.298km B=11.55T unif=0.882% hoop=261MPa
  [ 226] OK     f=   1.607  a=47.2 b=81.2 gap=18.7 (face=17.3mm) n=[578, 535, 542, 899, 807]  tape=1.607km B=11.52T unif=0.891% hoop=393MPa
  [ 227] OK     f=   1.593  a=48.7 b=89.5 gap=19.7 (face=19.4mm) n=[436, 666, 499, 833, 682]  tape=1.593km B=10.43T unif=0.780% hoop=314MPa
  [ 228] OK     f=   1.476  a=42.0 b=79.6 gap=21.1 (face=22.2mm) n=[662, 477, 416, 889, 749]  tape=1.476km B=10.87T unif=0.865% hoop=279MPa
  [ 229] viol   f=  25.322  a=39.1 b=71.1 gap=14.9 (face=9.8mm) n=[580, 764, 498, 733, 703]  tape=1.297km B=14.40T unif=1.347% hoop=279MPa
  [ 230] OK     f=   1.555  a=43.7 b=81.8 gap=17.2 (face=14.3mm) n=[621, 621, 367, 887, 835]  tape=1.555km B=12.11T unif=0.982% hoop=306MPa
  [ 231] viol   f=   2.113  a=35.8 b=74.1 gap=26.0 (face=32.0mm) n=[422, 701, 204, 731, 759]  tape=1.139km B=9.30T unif=0.749% hoop=183MPa
  [ 232] viol   f=   2.159  a=44.1 b=72.8 gap=15.3 (face=10.6mm) n=[419, 503, 398, 739, 681]  tape=1.174km B=10.57T unif=1.070% hoop=299MPa
  [ 233] OK     f=   1.439  a=49.0 b=85.8 gap=18.5 (face=17.0mm) n=[252, 892, 262, 757, 708]  tape=1.439km B=10.04T unif=0.957% hoop=247MPa
  [ 234] OK     f=   1.603  a=47.1 b=83.7 gap=25.4 (face=30.8mm) n=[321, 714, 759, 732, 860]  tape=1.603km B=10.66T unif=0.627% hoop=263MPa
  [ 235] OK     f=   1.493  a=42.4 b=92.7 gap=21.2 (face=22.4mm) n=[455, 668, 554, 730, 616]  tape=1.493km B=10.72T unif=0.661% hoop=260MPa
  [ 236] viol   f=  20.337  a=35.6 b=71.0 gap=21.3 (face=22.5mm) n=[845, 626, 256, 796, 705]  tape=1.279km B=12.81T unif=1.309% hoop=209MPa
  [ 237] OK     f=   1.257  a=37.0 b=73.2 gap=16.5 (face=13.0mm) n=[430, 619, 403, 891, 514]  tape=1.257km B=10.83T unif=0.936% hoop=272MPa
  [ 238] OK     f=   1.725  a=44.1 b=95.0 gap=24.5 (face=29.0mm) n=[528, 828, 776, 621, 610]  tape=1.725km B=11.16T unif=0.691% hoop=280MPa
  [ 239] viol   f=   3.977  a=38.6 b=82.5 gap=19.6 (face=19.2mm) n=[511, 497, 156, 643, 495]  tape=1.031km B=8.79T unif=0.791% hoop=207MPa
  [ 240] OK     f=   1.334  a=42.6 b=91.9 gap=15.3 (face=10.6mm) n=[488, 692, 570, 382, 552]  tape=1.334km B=10.56T unif=0.919% hoop=285MPa
  [ 241] viol   f=   1.176  a=41.7 b=86.6 gap=13.6 (face=7.3mm) n=[150, 773, 277, 729, 520]  tape=1.174km B=9.97T unif=0.638% hoop=218MPa
  [ 242] viol   f=   1.333  a=42.9 b=77.4 gap=25.7 (face=31.5mm) n=[535, 725, 375, 624, 654]  tape=1.268km B=9.82T unif=0.730% hoop=229MPa
  [ 243] INFEAS f=1246.149  a=32.3 b=67.9 gap=20.6 (face=21.2mm) n=[691, 479, 457, 822, 346]  no evaluation (geometry pre-check)
  [ 244] viol   f=   2.095  a=38.7 b=79.6 gap=17.7 (face=15.4mm) n=[136, 681, 411, 779, 411]  tape=1.091km B=9.29T unif=0.792% hoop=218MPa
  [ 245] OK     f=   1.564  a=41.5 b=87.4 gap=12.1 (face=4.2mm) n=[662, 840, 531, 696, 498]  tape=1.564km B=13.68T unif=0.909% hoop=329MPa
  [ 246] viol   f=   1.497  a=32.2 b=72.6 gap=14.3 (face=8.5mm) n=[299, 735, 463, 464, 157]  tape=0.882km B=9.61T unif=1.039% hoop=215MPa
  [ 247] viol   f=   1.542  a=44.8 b=93.1 gap=21.5 (face=23.1mm) n=[305, 841, 360, 768, 651]  tape=1.510km B=9.87T unif=0.761% hoop=248MPa
  [ 248] viol   f=  10.241  a=40.8 b=97.8 gap=14.7 (face=9.3mm) n=[363, 863, 535, 490, 457]  tape=1.483km B=10.19T unif=1.209% hoop=300MPa
  [ 249] OK     f=   1.414  a=41.5 b=85.0 gap=20.8 (face=21.6mm) n=[381, 828, 336, 712, 733]  tape=1.414km B=10.66T unif=0.774% hoop=241MPa
  [ 250] viol   f=   1.913  a=47.7 b=81.4 gap=20.9 (face=21.7mm) n=[215, 734, 199, 799, 777]  tape=1.256km B=9.43T unif=0.823% hoop=210MPa
  [ 251] viol   f=  10.969  a=47.2 b=90.4 gap=18.7 (face=17.4mm) n=[164, 314, 571, 889, 502]  tape=1.305km B=7.80T unif=0.764% hoop=253MPa
  [ 252] OK     f=   1.339  a=38.4 b=79.2 gap=17.8 (face=15.6mm) n=[396, 827, 510, 507, 748]  tape=1.339km B=11.62T unif=0.888% hoop=292MPa
  [ 253] viol   f=   4.967  a=51.2 b=86.8 gap=16.2 (face=12.4mm) n=[152, 710, 178, 664, 698]  tape=1.166km B=8.68T unif=1.040% hoop=225MPa
  [ 254] viol   f=   2.194  a=41.6 b=86.5 gap=25.7 (face=31.3mm) n=[476, 525, 639, 600, 760]  tape=1.425km B=9.38T unif=0.602% hoop=241MPa
  [ 255] viol   f=   0.977  a=36.8 b=78.5 gap=13.6 (face=7.2mm) n=[272, 634, 225, 628, 486]  tape=0.957km B=9.90T unif=0.888% hoop=201MPa
  [ 256] viol   f=  22.050  a=46.1 b=76.8 gap=14.2 (face=8.4mm) n=[582, 892, 456, 740, 821]  tape=1.570km B=13.85T unif=1.320% hoop=351MPa
  [ 257] viol   f=   1.461  a=45.5 b=89.5 gap=19.6 (face=19.1mm) n=[164, 739, 580, 711, 512]  tape=1.326km B=9.74T unif=0.759% hoop=247MPa
  [ 258] viol   f=   9.869  a=42.7 b=83.5 gap=19.3 (face=18.5mm) n=[481, 500, 141, 692, 367]  tape=1.034km B=7.90T unif=0.908% hoop=241MPa
  [ 259] OK     f=   1.387  a=44.0 b=79.8 gap=23.0 (face=26.0mm) n=[343, 882, 216, 741, 877]  tape=1.387km B=10.01T unif=0.769% hoop=206MPa
  [ 260] viol   f=   3.896  a=34.7 b=80.2 gap=15.5 (face=11.1mm) n=[456, 710, 678, 663, 454]  tape=1.251km B=13.51T unif=1.115% hoop=237MPa
  [ 261] viol   f=   8.025  a=40.2 b=77.8 gap=19.6 (face=19.1mm) n=[237, 490, 285, 637, 584]  tape=0.970km B=8.12T unif=0.893% hoop=194MPa
  [ 262] viol   f=   1.413  a=43.1 b=73.4 gap=20.0 (face=20.0mm) n=[642, 766, 206, 755, 610]  tape=1.238km B=11.55T unif=1.030% hoop=236MPa
  [ 263] OK     f=   1.339  a=37.3 b=79.0 gap=19.9 (face=19.9mm) n=[588, 737, 354, 365, 894]  tape=1.339km B=10.22T unif=0.831% hoop=277MPa
  [ 264] OK     f=   1.523  a=42.9 b=90.5 gap=17.6 (face=15.2mm) n=[558, 768, 576, 458, 759]  tape=1.523km B=11.63T unif=0.820% hoop=293MPa
  [ 265] viol   f=   2.969  a=38.0 b=84.9 gap=25.8 (face=31.5mm) n=[657, 658, 323, 344, 752]  tape=1.260km B=9.08T unif=0.745% hoop=230MPa
  [ 266] viol   f=  25.027  a=36.7 b=80.7 gap=16.1 (face=12.1mm) n=[256, 858, 177, 607, 620]  tape=1.159km B=10.07T unif=1.345% hoop=198MPa
  [ 267] viol   f=  11.205  a=43.3 b=87.6 gap=15.3 (face=10.5mm) n=[202, 434, 216, 862, 559]  tape=1.169km B=7.76T unif=0.914% hoop=239MPa
  [ 268] viol   f=   3.926  a=41.1 b=76.4 gap=15.5 (face=11.0mm) n=[396, 861, 83, 584, 768]  tape=1.189km B=10.82T unif=1.117% hoop=235MPa
  [ 269] viol   f=  13.353  a=41.6 b=91.8 gap=23.6 (face=27.2mm) n=[274, 628, 329, 377, 847]  tape=1.285km B=7.54T unif=0.563% hoop=250MPa
  [ 270] OK     f=   1.267  a=36.7 b=72.5 gap=16.7 (face=13.4mm) n=[565, 756, 319, 428, 896]  tape=1.267km B=11.56T unif=0.773% hoop=253MPa
  [ 271] viol   f= 115.022  a=38.6 b=72.8 gap=15.3 (face=10.6mm) n=[643, 843, 439, 558, 510]  tape=1.285km B=12.78T unif=1.754% hoop=276MPa
  [ 272] OK     f=   1.573  a=42.5 b=80.3 gap=18.3 (face=16.6mm) n=[571, 495, 667, 875, 866]  tape=1.573km B=12.60T unif=0.881% hoop=312MPa
  [ 273] viol   f=  13.069  a=39.1 b=73.6 gap=19.1 (face=18.3mm) n=[516, 503, 374, 216, 534]  tape=0.859km B=8.98T unif=1.225% hoop=199MPa
  [ 274] viol   f=   1.828  a=43.3 b=77.3 gap=19.6 (face=19.2mm) n=[349, 728, 63, 896, 644]  tape=1.218km B=9.45T unif=0.874% hoop=214MPa
  [ 275] OK     f=   1.590  a=45.1 b=83.4 gap=20.2 (face=20.5mm) n=[697, 476, 402, 900, 850]  tape=1.590km B=11.36T unif=0.887% hoop=304MPa
  [ 276] viol   f=   2.862  a=45.9 b=74.3 gap=17.0 (face=14.0mm) n=[548, 553, 809, 500, 762]  tape=1.387km B=11.98T unif=1.086% hoop=359MPa
  [ 277] viol   f=   1.247  a=40.1 b=79.4 gap=18.5 (face=17.0mm) n=[127, 812, 376, 498, 846]  tape=1.199km B=9.84T unif=0.953% hoop=231MPa
  [ 278] viol   f=   5.022  a=48.7 b=76.1 gap=18.5 (face=16.9mm) n=[196, 630, 58, 733, 883]  tape=1.145km B=8.61T unif=0.821% hoop=224MPa
  [ 279] OK     f=   1.580  a=45.2 b=83.8 gap=21.4 (face=22.7mm) n=[449, 603, 643, 679, 881]  tape=1.580km B=10.74T unif=0.754% hoop=305MPa
  [ 280] viol   f=   4.041  a=43.1 b=89.2 gap=29.1 (face=38.2mm) n=[690, 256, 882, 598, 654]  tape=1.546km B=8.88T unif=0.586% hoop=221MPa
  [ 281] OK     f=   1.405  a=42.7 b=90.2 gap=19.1 (face=18.3mm) n=[165, 799, 485, 633, 794]  tape=1.405km B=10.35T unif=0.751% hoop=242MPa
  [ 282] INFEAS f=3294.705  a=32.1 b=80.8 gap=24.8 (face=29.7mm) n=[599, 676, 540, 525, 897]  no evaluation (geometry pre-check)
  [ 283] OK     f=   1.414  a=40.4 b=80.5 gap=15.6 (face=11.2mm) n=[650, 401, 562, 603, 847]  tape=1.414km B=11.60T unif=0.960% hoop=289MPa
  [ 284] viol   f=   1.994  a=44.5 b=87.3 gap=20.3 (face=20.6mm) n=[263, 707, 439, 574, 751]  tape=1.327km B=9.42T unif=0.681% hoop=245MPa
  [ 285] viol   f=   1.801  a=39.4 b=72.6 gap=25.8 (face=31.6mm) n=[72, 833, 435, 790, 876]  tape=1.227km B=9.46T unif=0.627% hoop=184MPa
  [ 286] viol   f=   1.538  a=49.3 b=95.6 gap=18.8 (face=17.7mm) n=[417, 583, 648, 561, 724]  tape=1.535km B=9.96T unif=0.778% hoop=308MPa
  [ 287] viol   f=  67.748  a=37.0 b=72.3 gap=19.5 (face=19.0mm) n=[866, 559, 478, 518, 765]  tape=1.335km B=12.60T unif=1.576% hoop=265MPa
  [ 288] viol   f=  33.744  a=36.4 b=69.7 gap=19.8 (face=19.6mm) n=[459, 847, 136, 615, 859]  tape=1.160km B=11.09T unif=1.404% hoop=211MPa
  [ 289] OK     f=   1.207  a=41.2 b=67.5 gap=21.6 (face=23.2mm) n=[848, 116, 537, 774, 832]  tape=1.207km B=11.97T unif=0.942% hoop=212MPa
  [ 290] viol   f=   1.552  a=45.3 b=82.0 gap=27.0 (face=34.0mm) n=[250, 776, 604, 869, 875]  tape=1.551km B=9.99T unif=0.571% hoop=234MPa
  [ 291] OK     f=   1.583  a=49.2 b=83.5 gap=21.4 (face=22.8mm) n=[295, 572, 777, 693, 896]  tape=1.583km B=10.55T unif=0.764% hoop=293MPa
  [ 292] INFEAS f=1088.050  a=35.2 b=78.1 gap=14.9 (face=9.8mm) n=[788, 517, 490, 345, 883]  no evaluation (geometry pre-check)
  [ 293] OK     f=   1.325  a=44.2 b=86.2 gap=15.8 (face=11.5mm) n=[376, 447, 729, 574, 633]  tape=1.325km B=10.34T unif=0.929% hoop=299MPa
  [ 294] OK     f=   1.476  a=46.4 b=79.4 gap=24.4 (face=28.9mm) n=[622, 163, 900, 752, 766]  tape=1.476km B=10.49T unif=0.704% hoop=243MPa
  [ 295] OK     f=   1.636  a=45.1 b=86.6 gap=19.2 (face=18.4mm) n=[380, 545, 751, 782, 888]  tape=1.636km B=11.45T unif=0.807% hoop=297MPa
  [ 296] OK     f=   1.340  a=38.6 b=79.6 gap=17.0 (face=14.1mm) n=[417, 761, 428, 672, 785]  tape=1.340km B=12.09T unif=0.943% hoop=256MPa
  [ 297] OK     f=   1.385  a=44.4 b=78.6 gap=21.1 (face=22.3mm) n=[645, 461, 403, 711, 818]  tape=1.385km B=10.40T unif=0.816% hoop=283MPa
  [ 298] viol   f=   1.228  a=44.7 b=75.9 gap=23.3 (face=26.6mm) n=[765, 60, 684, 496, 821]  tape=1.227km B=9.99T unif=0.760% hoop=218MPa
  [ 299] viol   f=   6.717  a=38.9 b=74.3 gap=17.9 (face=15.7mm) n=[893, 347, 547, 556, 786]  tape=1.361km B=12.44T unif=1.164% hoop=278MPa
  [ 300] viol   f=  50.979  a=40.7 b=76.9 gap=13.4 (face=6.7mm) n=[518, 596, 433, 367, 576]  tape=1.046km B=11.03T unif=1.500% hoop=259MPa
  [ 301] viol   f=   2.043  a=33.5 b=69.3 gap=24.6 (face=29.3mm) n=[536, 419, 476, 513, 507]  tape=0.891km B=9.24T unif=0.923% hoop=168MPa
  [ 302] OK     f=   1.531  a=48.5 b=86.3 gap=19.0 (face=17.9mm) n=[741, 361, 655, 773, 659]  tape=1.531km B=11.42T unif=0.923% hoop=279MPa
  [ 303] viol   f=   1.555  a=50.8 b=79.9 gap=20.8 (face=21.6mm) n=[634, 201, 704, 565, 887]  tape=1.446km B=9.77T unif=0.865% hoop=282MPa
  [ 304] viol   f=   3.332  a=43.6 b=82.9 gap=19.7 (face=19.4mm) n=[465, 237, 525, 610, 683]  tape=1.166km B=8.96T unif=0.813% hoop=238MPa
  [ 305] OK     f=   1.358  a=46.0 b=78.8 gap=20.8 (face=21.6mm) n=[474, 424, 754, 601, 763]  tape=1.358km B=10.53T unif=0.914% hoop=291MPa
  [ 306] viol   f=  11.866  a=37.7 b=73.1 gap=18.9 (face=17.7mm) n=[692, 369, 666, 419, 640]  tape=1.121km B=11.59T unif=1.232% hoop=222MPa
  [ 307] OK     f=   1.254  a=39.5 b=80.7 gap=15.4 (face=10.7mm) n=[529, 358, 565, 740, 596]  tape=1.254km B=11.01T unif=0.993% hoop=272MPa
  [ 308] viol   f=   1.589  a=46.6 b=94.3 gap=14.3 (face=8.6mm) n=[50, 890, 356, 590, 745]  tape=1.394km B=9.69T unif=0.765% hoop=252MPa
  [ 309] viol   f=   2.746  a=36.6 b=80.1 gap=13.5 (face=6.9mm) n=[364, 412, 567, 215, 778]  tape=1.072km B=9.08T unif=0.983% hoop=261MPa
  [ 310] viol   f=   9.553  a=47.0 b=82.5 gap=25.9 (face=31.7mm) n=[461, 96, 583, 854, 641]  tape=1.281km B=7.97T unif=0.522% hoop=234MPa
  [ 311] viol   f=   1.218  a=40.8 b=79.2 gap=14.3 (face=8.6mm) n=[407, 380, 386, 629, 660]  tape=1.088km B=9.74T unif=0.971% hoop=312MPa
  [ 312] viol   f=  30.851  a=49.0 b=74.9 gap=13.8 (face=7.5mm) n=[663, 491, 634, 582, 899]  tape=1.513km B=12.14T unif=1.383% hoop=378MPa
  [ 313] viol   f=   3.847  a=47.9 b=78.9 gap=18.1 (face=16.1mm) n=[607, 380, 560, 753, 639]  tape=1.346km B=10.69T unif=1.112% hoop=298MPa
  [ 314] OK     f=   1.252  a=37.2 b=80.6 gap=20.3 (face=20.7mm) n=[317, 455, 684, 758, 621]  tape=1.252km B=10.37T unif=0.840% hoop=229MPa
  [ 315] viol   f=   1.359  a=45.5 b=84.9 gap=22.8 (face=25.6mm) n=[752, 466, 571, 643, 385]  tape=1.355km B=9.95T unif=0.861% hoop=271MPa
  [ 316] viol   f=   4.093  a=40.9 b=81.5 gap=19.9 (face=19.8mm) n=[456, 375, 715, 496, 388]  tape=1.132km B=8.78T unif=0.881% hoop=246MPa
  [ 317] viol   f=   1.105  a=41.8 b=79.8 gap=20.6 (face=21.2mm) n=[574, 244, 574, 587, 596]  tape=1.095km B=9.93T unif=0.844% hoop=208MPa
  [ 318] OK     f=   1.298  a=41.6 b=74.6 gap=17.7 (face=15.3mm) n=[536, 195, 592, 789, 868]  tape=1.298km B=10.91T unif=0.889% hoop=258MPa
  [ 319] viol   f=   1.529  a=43.2 b=82.7 gap=15.2 (face=10.3mm) n=[373, 462, 545, 744, 446]  tape=1.223km B=9.67T unif=1.021% hoop=301MPa
  [ 320] OK     f=   1.578  a=44.6 b=82.1 gap=19.2 (face=18.3mm) n=[785, 359, 659, 627, 900]  tape=1.578km B=11.76T unif=0.859% hoop=280MPa
  [ 321] viol   f=   1.197  a=38.5 b=76.5 gap=18.6 (face=17.3mm) n=[428, 76, 711, 609, 788]  tape=1.117km B=9.80T unif=0.886% hoop=199MPa
  [ 322] viol   f=  11.113  a=46.9 b=91.1 gap=20.9 (face=21.8mm) n=[168, 103, 703, 894, 581]  tape=1.278km B=7.78T unif=0.736% hoop=210MPa
  [ 323] viol   f=   3.249  a=38.3 b=69.3 gap=26.1 (face=32.2mm) n=[565, 429, 476, 764, 480]  tape=1.114km B=8.97T unif=0.645% hoop=225MPa
  [ 324] viol   f=   2.256  a=45.7 b=79.0 gap=16.1 (face=12.2mm) n=[381, 337, 615, 829, 454]  tape=1.250km B=9.35T unif=1.028% hoop=310MPa
  [ 325] viol   f=   8.682  a=38.4 b=72.1 gap=18.0 (face=16.1mm) n=[756, 322, 623, 508, 734]  tape=1.193km B=12.22T unif=1.194% hoop=230MPa
  [ 326] viol   f=   7.844  a=39.4 b=85.5 gap=21.7 (face=23.5mm) n=[528, 228, 441, 431, 562]  tape=0.994km B=8.15T unif=0.719% hoop=215MPa
  [ 327] viol   f=   7.245  a=39.2 b=77.1 gap=15.2 (face=10.5mm) n=[458, 311, 405, 535, 498]  tape=0.920km B=9.31T unif=1.164% hoop=230MPa
  [ 328] viol   f=   3.357  a=39.0 b=72.9 gap=19.0 (face=18.1mm) n=[506, 634, 405, 601, 513]  tape=1.069km B=10.88T unif=1.107% hoop=230MPa
  [ 329] OK     f=   1.296  a=35.4 b=81.8 gap=17.7 (face=15.5mm) n=[359, 735, 510, 437, 818]  tape=1.296km B=10.96T unif=0.958% hoop=241MPa
  [ 330] viol   f=   1.254  a=40.3 b=70.3 gap=23.3 (face=26.6mm) n=[478, 357, 701, 637, 828]  tape=1.250km B=9.95T unif=0.634% hoop=232MPa
  [ 331] INFEAS f=1015.057  a=36.3 b=78.8 gap=16.8 (face=13.7mm) n=[664, 119, 675, 527, 899]  no evaluation (geometry pre-check)
  [ 332] viol   f=   3.366  a=35.6 b=72.7 gap=15.3 (face=10.6mm) n=[424, 392, 300, 729, 380]  tape=0.951km B=8.90T unif=0.955% hoop=254MPa
  [ 333] INFEAS f=3038.994  a=31.2 b=60.1 gap=24.9 (face=29.8mm) n=[811, 616, 837, 399, 865]  no evaluation (geometry pre-check)
  [ 334] OK     f=   1.506  a=40.4 b=74.6 gap=28.7 (face=37.4mm) n=[552, 663, 894, 662, 706]  tape=1.506km B=10.52T unif=0.466% hoop=242MPa
  [ 335] viol   f=   8.010  a=35.9 b=71.7 gap=14.2 (face=8.4mm) n=[324, 277, 636, 509, 456]  tape=0.894km B=9.53T unif=1.183% hoop=232MPa
  [ 336] viol   f=   3.357  a=36.4 b=74.7 gap=15.5 (face=11.1mm) n=[525, 118, 596, 213, 623]  tape=0.843km B=8.88T unif=0.938% hoop=168MPa
  [ 337] viol   f=   4.496  a=35.7 b=69.9 gap=17.0 (face=14.1mm) n=[142, 248, 613, 487, 761]  tape=0.917km B=8.67T unif=1.016% hoop=181MPa
  [ 338] viol   f=   6.505  a=42.7 b=82.3 gap=18.9 (face=17.8mm) n=[226, 223, 455, 739, 803]  tape=1.153km B=8.36T unif=0.773% hoop=316MPa
  [ 339] viol   f=   4.460  a=39.1 b=75.9 gap=21.1 (face=22.2mm) n=[101, 862, 543, 326, 872]  tape=1.167km B=9.65T unif=1.123% hoop=198MPa
  [ 340] viol   f=  13.287  a=41.9 b=78.9 gap=31.2 (face=42.5mm) n=[500, 180, 678, 570, 831]  tape=1.261km B=7.55T unif=0.351% hoop=196MPa
  [ 341] viol   f=  11.081  a=33.7 b=81.5 gap=13.7 (face=7.3mm) n=[256, 463, 250, 757, 792]  tape=1.121km B=10.02T unif=1.223% hoop=213MPa
  [ 342] viol   f=   1.667  a=37.5 b=77.4 gap=17.8 (face=15.5mm) n=[515, 97, 597, 517, 787]  tape=1.101km B=9.47T unif=0.954% hoop=216MPa
  [ 343] viol   f=   8.429  a=37.8 b=64.5 gap=23.4 (face=26.8mm) n=[403, 214, 446, 575, 893]  tape=1.042km B=8.08T unif=0.463% hoop=207MPa
  [ 344] viol   f=   3.488  a=34.1 b=68.3 gap=21.5 (face=23.1mm) n=[640, 109, 597, 199, 729]  tape=0.871km B=8.86T unif=0.865% hoop=144MPa
  [ 345] viol   f=  29.195  a=36.6 b=69.0 gap=16.0 (face=11.9mm) n=[894, 712, 670, 336, 846]  tape=1.362km B=15.45T unif=1.373% hoop=250MPa
  [ 346] INFEAS f=1206.737  a=34.6 b=70.0 gap=19.5 (face=19.0mm) n=[487, 269, 879, 691, 759]  no evaluation (geometry pre-check)
  [ 347] viol   f=   5.200  a=34.4 b=77.3 gap=20.6 (face=21.2mm) n=[529, 88, 733, 205, 836]  tape=1.030km B=8.56T unif=0.876% hoop=162MPa
  [ 348] viol   f=   3.970  a=37.1 b=73.3 gap=28.4 (face=36.7mm) n=[604, 289, 484, 774, 814]  tape=1.231km B=8.83T unif=0.440% hoop=187MPa
  [ 349] viol   f=   1.423  a=36.9 b=72.6 gap=24.6 (face=29.3mm) n=[515, 451, 886, 430, 798]  tape=1.308km B=9.76T unif=0.739% hoop=226MPa
  [ 350] viol   f=   1.749  a=35.6 b=67.9 gap=21.0 (face=22.1mm) n=[474, 200, 479, 649, 735]  tape=0.991km B=9.38T unif=0.829% hoop=196MPa
  [ 351] INFEAS f=1779.612  a=34.1 b=70.2 gap=24.0 (face=27.9mm) n=[121, 51, 900, 566, 876]  no evaluation (geometry pre-check)
  [ 352] viol   f=   3.484  a=36.0 b=78.8 gap=29.7 (face=39.4mm) n=[804, 309, 839, 222, 841]  tape=1.277km B=8.95T unif=0.799% hoop=172MPa
  [ 353] viol   f=   8.098  a=37.1 b=80.8 gap=22.0 (face=24.0mm) n=[316, 353, 635, 397, 897]  tape=1.235km B=8.15T unif=0.697% hoop=243MPa
  [ 354] INFEAS f=3453.976  a=31.3 b=70.8 gap=12.5 (face=5.1mm) n=[505, 328, 581, 528, 879]  no evaluation (geometry pre-check)
  [ 355] viol   f=   3.193  a=38.2 b=69.8 gap=29.7 (face=39.4mm) n=[563, 449, 852, 453, 756]  tape=1.266km B=9.02T unif=0.322% hoop=214MPa
  [ 356] OK     f=   1.288  a=37.4 b=74.6 gap=18.3 (face=16.7mm) n=[731, 389, 732, 247, 893]  tape=1.288km B=11.47T unif=0.944% hoop=233MPa
  [ 357] OK     f=   1.571  a=43.6 b=84.1 gap=24.2 (face=28.4mm) n=[548, 441, 872, 589, 859]  tape=1.571km B=10.50T unif=0.623% hoop=266MPa
  [ 358] INFEAS f=1021.805  a=31.7 b=75.7 gap=24.8 (face=29.6mm) n=[168, 128, 562, 391, 776]  no evaluation (geometry pre-check)
  [ 359] viol   f=   8.987  a=36.6 b=66.7 gap=13.5 (face=7.0mm) n=[507, 161, 509, 387, 794]  tape=0.956km B=9.53T unif=1.195% hoop=236MPa
  [ 360] INFEAS f=2060.734  a=33.6 b=70.7 gap=17.9 (face=15.8mm) n=[506, 259, 499, 389, 899]  no evaluation (geometry pre-check)
  [ 361] OK     f=   1.541  a=43.3 b=79.5 gap=26.7 (face=33.4mm) n=[774, 876, 732, 408, 600]  tape=1.541km B=11.10T unif=0.850% hoop=244MPa
  [ 362] viol   f=   8.908  a=36.6 b=83.7 gap=18.2 (face=16.5mm) n=[253, 101, 803, 332, 869]  tape=1.096km B=8.34T unif=1.107% hoop=180MPa
  [ 363] viol   f=   6.517  a=36.8 b=71.9 gap=22.3 (face=24.5mm) n=[305, 94, 652, 601, 869]  tape=1.066km B=8.35T unif=0.668% hoop=181MPa
  [ 364] viol   f=   5.038  a=38.8 b=81.7 gap=25.1 (face=30.2mm) n=[471, 341, 715, 428, 836]  tape=1.301km B=8.63T unif=0.703% hoop=221MPa
  [ 365] INFEAS f=1464.263  a=34.4 b=68.8 gap=22.4 (face=24.8mm) n=[601, 269, 893, 430, 740]  no evaluation (geometry pre-check)
  [ 366] viol   f=  16.929  a=37.8 b=79.7 gap=28.7 (face=37.4mm) n=[372, 149, 697, 516, 659]  tape=1.045km B=7.18T unif=0.556% hoop=168MPa
  [ 367] viol   f=  50.998  a=35.7 b=75.6 gap=17.0 (face=14.0mm) n=[401, 144, 793, 232, 819]  tape=1.016km B=9.11T unif=1.492% hoop=184MPa
  [ 368] OK     f=   1.120  a=41.0 b=76.0 gap=19.7 (face=19.4mm) n=[684, 417, 670, 252, 642]  tape=1.120km B=10.69T unif=0.950% hoop=226MPa
  [ 369] OK     f=   1.550  a=37.1 b=84.9 gap=23.5 (face=27.0mm) n=[723, 495, 861, 372, 897]  tape=1.550km B=11.27T unif=0.699% hoop=248MPa
  [ 370] viol   f=   1.262  a=39.7 b=73.2 gap=22.6 (face=25.1mm) n=[660, 420, 897, 180, 720]  tape=1.248km B=9.92T unif=0.909% hoop=224MPa
  [ 371] viol   f=   2.362  a=43.5 b=80.8 gap=22.9 (face=25.8mm) n=[700, 62, 707, 383, 792]  tape=1.194km B=9.24T unif=0.743% hoop=203MPa
  [ 372] INFEAS f=1516.954  a=34.6 b=69.4 gap=31.3 (face=42.5mm) n=[899, 480, 779, 113, 632]  no evaluation (geometry pre-check)
  [ 373] viol   f=  14.761  a=35.2 b=78.0 gap=23.2 (face=26.3mm) n=[376, 269, 705, 77, 857]  tape=1.016km B=7.38T unif=0.799% hoop=177MPa
  [ 374] viol   f=  10.796  a=38.5 b=69.9 gap=24.0 (face=28.0mm) n=[888, 885, 883, 396, 817]  tape=1.483km B=13.82T unif=1.216% hoop=224MPa
  [ 375] viol   f=   1.379  a=44.0 b=83.3 gap=19.4 (face=18.9mm) n=[529, 149, 900, 435, 878]  tape=1.379km B=10.00T unif=0.930% hoop=249MPa
  [ 376] viol   f=   4.632  a=41.0 b=88.1 gap=19.5 (face=19.0mm) n=[515, 215, 599, 402, 667]  tape=1.145km B=8.68T unif=0.691% hoop=211MPa
  [ 377] viol   f=  22.546  a=41.4 b=72.8 gap=22.0 (face=24.0mm) n=[889, 374, 777, 297, 832]  tape=1.341km B=11.41T unif=1.326% hoop=221MPa
  [ 378] OK     f=   1.635  a=47.9 b=79.2 gap=33.2 (face=46.3mm) n=[899, 737, 757, 432, 695]  tape=1.635km B=10.12T unif=0.461% hoop=248MPa
  [ 379] viol   f=   1.485  a=46.3 b=76.9 gap=29.8 (face=39.5mm) n=[815, 885, 670, 188, 465]  tape=1.373km B=9.76T unif=0.660% hoop=229MPa
  [ 380] viol   f=   3.721  a=45.1 b=90.1 gap=27.5 (face=35.1mm) n=[496, 639, 808, 245, 846]  tape=1.519km B=8.95T unif=0.599% hoop=233MPa
  [ 381] OK     f=   1.497  a=46.0 b=81.3 gap=17.2 (face=14.5mm) n=[694, 356, 820, 457, 865]  tape=1.497km B=11.48T unif=0.916% hoop=280MPa
  [ 382] viol   f=   1.485  a=43.0 b=85.0 gap=21.4 (face=22.7mm) n=[570, 257, 585, 635, 747]  tape=1.316km B=9.71T unif=0.754% hoop=235MPa
  [ 383] OK     f=   1.354  a=41.0 b=72.6 gap=26.2 (face=32.3mm) n=[806, 450, 898, 274, 756]  tape=1.354km B=10.55T unif=0.787% hoop=217MPa
  [ 384] viol   f=   1.423  a=44.2 b=79.5 gap=21.2 (face=22.3mm) n=[554, 405, 892, 349, 827]  tape=1.416km B=9.94T unif=0.847% hoop=259MPa
  [ 385] viol   f=   5.391  a=48.9 b=88.8 gap=27.2 (face=34.5mm) n=[764, 371, 866, 356, 492]  tape=1.478km B=8.60T unif=0.670% hoop=251MPa
  [ 386] OK     f=   1.345  a=35.6 b=79.0 gap=19.7 (face=19.5mm) n=[660, 386, 717, 415, 856]  tape=1.345km B=10.88T unif=0.813% hoop=223MPa
  [ 387] viol   f=   8.156  a=47.0 b=75.4 gap=27.0 (face=34.0mm) n=[593, 228, 749, 365, 612]  tape=1.144km B=8.13T unif=0.591% hoop=218MPa
  [ 388] OK     f=   1.470  a=45.8 b=87.1 gap=18.4 (face=16.8mm) n=[571, 109, 788, 595, 900]  tape=1.470km B=10.13T unif=0.789% hoop=262MPa
  [ 389] viol   f=  11.195  a=34.7 b=72.8 gap=24.0 (face=28.0mm) n=[460, 68, 595, 395, 599]  tape=0.828km B=7.72T unif=0.762% hoop=155MPa
  [ 390] viol   f=   1.772  a=45.5 b=87.8 gap=23.5 (face=26.9mm) n=[887, 350, 899, 69, 525]  tape=1.350km B=9.54T unif=0.895% hoop=217MPa
  [ 391] INFEAS f=1000.351  a=36.3 b=71.0 gap=22.1 (face=24.3mm) n=[775, 530, 780, 380, 890]  no evaluation (geometry pre-check)
  [ 392] viol   f=   3.124  a=37.9 b=71.3 gap=23.3 (face=26.7mm) n=[567, 181, 555, 521, 803]  tape=1.102km B=8.99T unif=0.730% hoop=207MPa
  [ 393] viol   f=   3.953  a=37.1 b=78.0 gap=21.3 (face=22.7mm) n=[666, 652, 897, 189, 770]  tape=1.388km B=11.31T unif=1.113% hoop=220MPa
  [ 394] viol   f=  71.292  a=31.6 b=71.3 gap=20.3 (face=20.6mm) n=[646, 381, 543, 425, 629]  tape=0.999km B=11.17T unif=1.593% hoop=185MPa
  [ 395] OK     f=   1.318  a=36.9 b=78.1 gap=23.7 (face=27.5mm) n=[749, 521, 860, 173, 744]  tape=1.318km B=10.87T unif=0.796% hoop=213MPa
  [ 396] OK     f=   1.711  a=41.4 b=84.9 gap=21.1 (face=22.2mm) n=[788, 794, 894, 379, 891]  tape=1.711km B=13.65T unif=0.901% hoop=259MPa
  [ 397] OK     f=   1.503  a=43.9 b=85.1 gap=17.3 (face=14.6mm) n=[568, 273, 866, 492, 899]  tape=1.503km B=10.98T unif=0.982% hoop=275MPa
  [ 398] viol   f=   3.209  a=41.3 b=75.5 gap=21.5 (face=23.0mm) n=[514, 88, 621, 558, 805]  tape=1.135km B=8.98T unif=0.766% hoop=217MPa
  [ 399] OK     f=   1.381  a=41.3 b=69.4 gap=25.9 (face=31.9mm) n=[798, 711, 895, 231, 806]  tape=1.381km B=11.89T unif=0.561% hoop=222MPa
  [ 400] OK     f=   1.506  a=42.7 b=83.0 gap=22.0 (face=24.1mm) n=[840, 554, 873, 140, 898]  tape=1.506km B=11.87T unif=0.954% hoop=242MPa
  [ 401] OK     f=   1.423  a=39.0 b=74.6 gap=28.7 (face=37.4mm) n=[807, 701, 877, 210, 880]  tape=1.423km B=10.91T unif=0.681% hoop=198MPa
  [ 402] viol   f=   2.501  a=42.1 b=80.0 gap=31.0 (face=42.0mm) n=[830, 434, 889, 193, 899]  tape=1.446km B=9.27T unif=0.560% hoop=201MPa
  [ 403] viol   f=   3.189  a=37.2 b=75.2 gap=16.7 (face=13.4mm) n=[648, 173, 648, 385, 768]  tape=1.107km B=10.61T unif=1.102% hoop=206MPa
  [ 404] OK     f=   1.549  a=47.5 b=83.6 gap=20.3 (face=20.6mm) n=[718, 281, 892, 491, 820]  tape=1.549km B=11.00T unif=0.925% hoop=269MPa
  [ 405] INFEAS f=1133.922  a=35.6 b=71.2 gap=26.5 (face=33.0mm) n=[702, 461, 899, 113, 875]  no evaluation (geometry pre-check)
  [ 406] OK     f=   1.759  a=39.6 b=86.4 gap=28.8 (face=37.6mm) n=[893, 836, 897, 497, 702]  tape=1.759km B=11.83T unif=0.987% hoop=228MPa
  [ 407] OK     f=   1.364  a=43.2 b=78.5 gap=19.3 (face=18.6mm) n=[603, 406, 899, 267, 759]  tape=1.364km B=10.18T unif=0.861% hoop=258MPa
  [ 408] viol   f=   1.673  a=39.6 b=76.9 gap=19.7 (face=19.5mm) n=[624, 388, 795, 307, 894]  tape=1.345km B=10.42T unif=1.041% hoop=241MPa
  [ 409] viol   f=  26.914  a=38.1 b=77.1 gap=21.9 (face=23.8mm) n=[895, 706, 783, 363, 865]  tape=1.531km B=13.78T unif=1.356% hoop=233MPa
  [ 410] OK     f=   1.305  a=38.2 b=79.0 gap=18.0 (face=15.9mm) n=[730, 482, 751, 119, 875]  tape=1.305km B=11.45T unif=0.775% hoop=233MPa
  [ 411] viol   f=   1.510  a=40.8 b=80.4 gap=19.6 (face=19.2mm) n=[758, 438, 862, 106, 899]  tape=1.371km B=11.40T unif=1.026% hoop=232MPa
  [ 412] viol   f=   4.297  a=38.8 b=73.1 gap=17.1 (face=14.2mm) n=[762, 249, 724, 192, 825]  tape=1.139km B=11.27T unif=1.126% hoop=196MPa
  [ 413] viol   f=   1.614  a=46.6 b=87.8 gap=22.8 (face=25.6mm) n=[642, 444, 766, 306, 803]  tape=1.459km B=9.72T unif=0.625% hoop=255MPa
  [ 414] OK     f=   1.707  a=46.1 b=84.5 gap=23.4 (face=26.9mm) n=[828, 444, 889, 544, 899]  tape=1.707km B=11.67T unif=0.807% hoop=265MPa
  [ 415] viol   f=  41.312  a=39.7 b=77.0 gap=18.0 (face=16.0mm) n=[899, 899, 872, 128, 899]  tape=1.502km B=16.51T unif=1.446% hoop=239MPa
  [ 416] OK     f=   1.185  a=39.8 b=75.4 gap=17.9 (face=15.9mm) n=[734, 304, 851, 89, 849]  tape=1.185km B=11.26T unif=0.860% hoop=200MPa
  [ 417] viol   f=   1.464  a=42.4 b=84.5 gap=20.0 (face=20.1mm) n=[449, 323, 898, 459, 836]  tape=1.440km B=9.89T unif=0.801% hoop=264MPa
  [ 418] viol   f=   2.012  a=37.5 b=77.5 gap=23.4 (face=26.9mm) n=[665, 355, 722, 207, 858]  tape=1.238km B=9.38T unif=0.831% hoop=193MPa
  [ 419] OK     f=   1.314  a=40.2 b=74.7 gap=21.2 (face=22.4mm) n=[726, 496, 833, 244, 827]  tape=1.314km B=11.33T unif=0.769% hoop=229MPa
  [ 420] viol   f=  39.956  a=37.3 b=77.7 gap=18.1 (face=16.2mm) n=[588, 398, 807, 51, 899]  tape=1.204km B=10.17T unif=1.440% hoop=221MPa
  [ 421] viol   f=   1.552  a=41.8 b=78.2 gap=17.7 (face=15.4mm) n=[581, 285, 875, 222, 891]  tape=1.287km B=10.53T unif=1.036% hoop=237MPa
  [ 422] OK     f=   1.401  a=42.3 b=78.3 gap=21.3 (face=22.5mm) n=[644, 537, 893, 226, 779]  tape=1.401km B=10.86T unif=0.849% hoop=261MPa
  [ 423] OK     f=   1.357  a=42.6 b=83.2 gap=20.4 (face=20.8mm) n=[744, 235, 892, 196, 849]  tape=1.357km B=10.40T unif=0.842% hoop=209MPa
  [ 424] INFEAS f=1084.040  a=35.8 b=74.9 gap=18.8 (face=17.6mm) n=[784, 611, 723, 87, 898]  no evaluation (geometry pre-check)
  [ 425] OK     f=   1.319  a=40.4 b=73.9 gap=15.6 (face=11.2mm) n=[625, 399, 892, 282, 864]  tape=1.319km B=12.06T unif=0.962% hoop=276MPa
  [ 426] OK     f=   1.462  a=39.0 b=81.5 gap=22.2 (face=24.4mm) n=[601, 450, 893, 436, 761]  tape=1.462km B=10.66T unif=0.756% hoop=254MPa
  [ 427] viol   f=   1.521  a=38.7 b=76.4 gap=16.1 (face=12.2mm) n=[580, 197, 676, 190, 767]  tape=1.042km B=9.51T unif=0.922% hoop=201MPa
  [ 428] viol   f=   1.283  a=37.8 b=73.0 gap=20.4 (face=20.9mm) n=[695, 218, 684, 180, 881]  tape=1.131km B=9.73T unif=0.910% hoop=186MPa
  [ 429] OK     f=   1.400  a=44.8 b=78.3 gap=21.9 (face=23.9mm) n=[696, 367, 789, 278, 900]  tape=1.400km B=10.02T unif=0.797% hoop=235MPa
  [ 430] OK     f=   1.468  a=46.3 b=83.1 gap=25.6 (face=31.1mm) n=[836, 714, 748, 224, 598]  tape=1.468km B=10.59T unif=0.807% hoop=237MPa
  [ 431] OK     f=   1.341  a=39.7 b=73.6 gap=20.1 (face=20.2mm) n=[773, 391, 900, 241, 897]  tape=1.341km B=11.87T unif=0.879% hoop=227MPa
  [ 432] viol   f=   9.935  a=39.1 b=77.0 gap=19.1 (face=18.1mm) n=[678, 253, 807, 265, 900]  tape=1.284km B=10.60T unif=1.208% hoop=213MPa
  [ 433] viol   f=   1.293  a=39.5 b=76.7 gap=18.4 (face=16.8mm) n=[642, 155, 779, 222, 900]  tape=1.195km B=9.90T unif=1.020% hoop=202MPa
  [ 434] viol   f=   3.380  a=40.6 b=70.1 gap=20.3 (face=20.5mm) n=[791, 608, 845, 461, 824]  tape=1.406km B=13.73T unif=1.099% hoop=260MPa
  [ 435] viol   f=   7.986  a=39.8 b=71.5 gap=14.6 (face=9.2mm) n=[686, 163, 754, 231, 832]  tape=1.100km B=11.05T unif=1.186% hoop=212MPa
  [ 436] viol   f=   2.764  a=41.7 b=83.1 gap=17.7 (face=15.4mm) n=[542, 147, 764, 264, 895]  tape=1.251km B=9.13T unif=1.008% hoop=223MPa
  [ 437] OK     f=   1.276  a=40.2 b=70.1 gap=16.5 (face=13.0mm) n=[824, 469, 896, 138, 845]  tape=1.276km B=13.39T unif=0.987% hoop=241MPa
  [ 438] viol   f=   2.046  a=40.9 b=75.4 gap=18.5 (face=17.1mm) n=[755, 320, 882, 245, 865]  tape=1.316km B=11.79T unif=1.060% hoop=227MPa
  [ 439] OK     f=   1.218  a=42.0 b=76.7 gap=19.5 (face=19.0mm) n=[689, 324, 900, 68, 751]  tape=1.218km B=10.06T unif=0.987% hoop=211MPa
  [ 440] OK     f=   1.278  a=41.4 b=71.6 gap=20.2 (face=20.4mm) n=[822, 380, 899, 188, 754]  tape=1.278km B=11.68T unif=0.983% hoop=223MPa
  [ 441] OK     f=   1.244  a=39.2 b=70.7 gap=18.5 (face=16.9mm) n=[807, 444, 900, 89, 855]  tape=1.244km B=12.52T unif=0.907% hoop=229MPa
  [ 442] viol   f=   2.557  a=42.4 b=82.4 gap=17.6 (face=15.1mm) n=[721, 349, 841, 100, 900]  tape=1.348km B=10.80T unif=1.078% hoop=230MPa
  [ 443] viol   f= 288.201  a=38.0 b=72.0 gap=20.7 (face=21.5mm) n=[900, 419, 847, 60, 875]  tape=1.237km B=11.97T unif=2.198% hoop=201MPa
  [ 444] viol   f=   1.419  a=43.4 b=84.4 gap=18.0 (face=16.0mm) n=[603, 52, 891, 291, 900]  tape=1.292km B=9.75T unif=1.004% hoop=220MPa
  [ 445] viol   f=  47.527  a=43.9 b=74.8 gap=21.4 (face=22.9mm) n=[881, 444, 895, 70, 577]  tape=1.252km B=11.00T unif=1.481% hoop=231MPa
  [ 446] viol   f=   3.477  a=42.1 b=81.5 gap=21.2 (face=22.5mm) n=[634, 220, 899, 104, 720]  tape=1.212km B=8.94T unif=0.770% hoop=206MPa
  [ 447] viol   f=   8.623  a=40.2 b=71.8 gap=17.4 (face=14.8mm) n=[632, 283, 899, 196, 896]  tape=1.215km B=11.07T unif=1.192% hoop=220MPa
  [ 448] viol   f=   4.093  a=45.7 b=81.0 gap=21.0 (face=22.1mm) n=[856, 509, 732, 59, 681]  tape=1.318km B=10.51T unif=1.118% hoop=245MPa
  [ 449] viol   f=   1.297  a=38.3 b=73.5 gap=18.2 (face=16.4mm) n=[649, 421, 842, 205, 897]  tape=1.280km B=11.31T unif=1.009% hoop=236MPa
  [ 450] OK     f=   1.207  a=39.0 b=71.6 gap=16.4 (face=12.9mm) n=[728, 370, 900, 98, 834]  tape=1.207km B=11.81T unif=0.976% hoop=223MPa
  [ 451] viol   f=   1.261  a=40.4 b=70.5 gap=17.4 (face=14.7mm) n=[702, 507, 859, 57, 814]  tape=1.187km B=11.85T unif=1.019% hoop=241MPa
  [ 452] OK     f=   1.295  a=39.0 b=75.4 gap=17.0 (face=14.1mm) n=[588, 338, 875, 282, 895]  tape=1.295km B=11.24T unif=0.946% hoop=244MPa
  [ 453] viol   f=   3.922  a=39.5 b=73.5 gap=16.9 (face=13.7mm) n=[801, 580, 814, 142, 862]  tape=1.313km B=13.41T unif=1.114% hoop=250MPa
  [ 454] OK     f=   1.262  a=39.8 b=75.7 gap=19.3 (face=18.6mm) n=[733, 421, 873, 50, 897]  tape=1.262km B=11.26T unif=0.931% hoop=221MPa
  [ 455] OK     f=   1.245  a=37.6 b=68.1 gap=14.4 (face=8.9mm) n=[845, 547, 891, 99, 892]  tape=1.245km B=15.05T unif=0.975% hoop=243MPa
  [ 456] INFEAS f=1000.236  a=36.2 b=75.8 gap=17.6 (face=15.2mm) n=[702, 524, 887, 55, 649]  no evaluation (geometry pre-check)
  [ 457] INFEAS f=1018.647  a=36.2 b=66.9 gap=16.0 (face=12.0mm) n=[723, 516, 895, 69, 892]  no evaluation (geometry pre-check)
  [ 458] OK     f=   1.319  a=44.3 b=79.2 gap=16.8 (face=13.5mm) n=[686, 220, 899, 226, 847]  tape=1.319km B=10.80T unif=0.862% hoop=233MPa
  [ 459] OK     f=   1.183  a=40.9 b=70.5 gap=21.1 (face=22.2mm) n=[776, 339, 900, 85, 763]  tape=1.183km B=10.82T unif=0.963% hoop=201MPa
  [ 460] viol   f=  54.979  a=37.8 b=69.0 gap=14.6 (face=9.3mm) n=[739, 484, 900, 72, 788]  tape=1.191km B=12.96T unif=1.519% hoop=243MPa
  [ 461] OK     f=   1.179  a=37.6 b=71.6 gap=16.9 (face=13.8mm) n=[785, 383, 736, 191, 826]  tape=1.179km B=12.40T unif=0.745% hoop=224MPa
  [ 462] OK     f=   1.072  a=41.5 b=69.8 gap=19.7 (face=19.4mm) n=[674, 184, 842, 138, 798]  tape=1.072km B=10.08T unif=0.899% hoop=189MPa
  [ 463] viol   f=  62.977  a=37.7 b=74.3 gap=16.2 (face=12.4mm) n=[642, 256, 878, 130, 879]  tape=1.163km B=10.96T unif=1.556% hoop=203MPa
  [ 464] viol   f=   1.282  a=41.5 b=72.2 gap=17.2 (face=14.4mm) n=[761, 274, 882, 152, 877]  tape=1.217km B=11.74T unif=1.018% hoop=213MPa
  [ 465] INFEAS f=1132.578  a=35.7 b=66.0 gap=21.2 (face=22.4mm) n=[872, 473, 900, 88, 781]  no evaluation (geometry pre-check)
  [ 466] viol   f=  69.229  a=38.9 b=69.7 gap=16.0 (face=12.0mm) n=[841, 375, 888, 74, 778]  tape=1.176km B=13.02T unif=1.583% hoop=225MPa
  [ 467] viol   f=  40.474  a=40.6 b=67.8 gap=22.0 (face=24.0mm) n=[861, 842, 676, 245, 594]  tape=1.276km B=13.31T unif=1.443% hoop=230MPa
  [ 468] viol   f=  87.944  a=38.3 b=70.1 gap=16.1 (face=12.2mm) n=[761, 502, 900, 202, 755]  tape=1.278km B=12.98T unif=1.658% hoop=253MPa
  [ 469] viol   f=  19.772  a=41.5 b=65.3 gap=20.5 (face=21.1mm) n=[799, 672, 746, 211, 641]  tape=1.175km B=12.82T unif=1.305% hoop=231MPa
  [ 470] viol   f=  15.337  a=40.8 b=70.8 gap=16.6 (face=13.3mm) n=[869, 470, 892, 61, 827]  tape=1.250km B=13.50T unif=1.265% hoop=237MPa
  [ 471] viol   f=   1.080  a=41.5 b=71.4 gap=18.3 (face=16.5mm) n=[658, 107, 781, 208, 844]  tape=1.078km B=9.97T unif=0.862% hoop=193MPa
  [ 472] viol   f=  23.182  a=41.0 b=67.2 gap=19.6 (face=19.1mm) n=[857, 413, 859, 159, 755]  tape=1.191km B=12.56T unif=1.332% hoop=227MPa
  [ 473] viol   f=   9.673  a=38.3 b=66.0 gap=21.8 (face=23.6mm) n=[745, 341, 766, 133, 708]  tape=1.014km B=10.73T unif=1.208% hoop=190MPa
  [ 474] viol   f=  17.161  a=41.1 b=68.4 gap=15.2 (face=10.5mm) n=[730, 217, 729, 179, 893]  tape=1.131km B=11.06T unif=1.283% hoop=221MPa
  [ 475] viol   f=   2.110  a=39.1 b=68.8 gap=17.7 (face=15.4mm) n=[702, 111, 566, 171, 898]  tape=1.019km B=9.26T unif=0.901% hoop=191MPa
  [ 476] viol   f=   5.662  a=39.5 b=66.1 gap=17.3 (face=14.7mm) n=[879, 448, 876, 104, 797]  tape=1.182km B=13.78T unif=1.150% hoop=228MPa
  [ 477] viol   f=   3.597  a=44.4 b=72.6 gap=22.2 (face=24.3mm) n=[811, 355, 872, 82, 566]  tape=1.163km B=10.00T unif=1.110% hoop=217MPa
  [ 478] viol   f=   2.153  a=39.3 b=71.4 gap=17.9 (face=15.8mm) n=[678, 127, 677, 51, 865]  tape=0.991km B=9.24T unif=0.895% hoop=179MPa
  [ 479] viol   f=   3.830  a=40.2 b=70.0 gap=18.1 (face=16.1mm) n=[763, 221, 807, 319, 801]  tape=1.158km B=11.95T unif=1.116% hoop=210MPa
  [ 480] viol   f=   1.107  a=41.5 b=70.3 gap=17.1 (face=14.2mm) n=[606, 132, 837, 78, 895]  tape=1.049km B=9.83T unif=0.939% hoop=204MPa
  [ 481] viol   f=   1.072  a=37.6 b=63.2 gap=18.7 (face=17.3mm) n=[597, 291, 697, 145, 898]  tape=1.033km B=9.86T unif=0.865% hoop=204MPa
  [ 482] OK     f=   1.146  a=40.5 b=71.7 gap=15.3 (face=10.5mm) n=[559, 149, 751, 296, 900]  tape=1.146km B=10.07T unif=0.962% hoop=235MPa  [a=25 b=32 nt=1106] KSP converged reason: 4, iterations: 1
  [a=46 b=57 nt=2355] KSP converged reason: 4, iterations: 1
  [a=29 b=50 nt=1366] KSP converged reason: 4, iterations: 1
  [a=40 b=55 nt=1907] KSP converged reason: 4, iterations: 1
  [a=38 b=61 nt=2916] KSP converged reason: 4, iterations: 1
  [a=45 b=68 nt=2735] KSP converged reason: 4, iterations: 1
  [a=52 b=72 nt=2776] KSP converged reason: 4, iterations: 1
  [a=51 b=99 nt=1812] KSP converged reason: 4, iterations: 1
  [a=39 b=65 nt=2931] KSP converged reason: 4, iterations: 1
  [a=53 b=80 nt=2815] KSP converged reason: 4, iterations: 1
  [a=55 b=99 nt=2923] KSP converged reason: 4, iterations: 1
  [a=61 b=101 nt=2908] KSP converged reason: 4, iterations: 1
  [a=36 b=59 nt=2345] KSP converged reason: 4, iterations: 1
  [a=57 b=83 nt=3420] KSP converged reason: 4, iterations: 1
  [a=55 b=83 nt=2863] KSP converged reason: 4, iterations: 1
  [a=43 b=78 nt=2938] KSP converged reason: 4, iterations: 1
  [a=41 b=64 nt=3364] KSP converged reason: 4, iterations: 1
  [a=45 b=93 nt=3606] KSP converged reason: 4, iterations: 1
  [a=44 b=74 nt=3085] KSP converged reason: 4, iterations: 1
  [a=41 b=79 nt=3212] KSP converged reason: 4, iterations: 1
  [a=40 b=85 nt=3173] KSP converged reason: 4, iterations: 1
  [a=50 b=84 nt=3911] KSP converged reason: 4, iterations: 1
  [a=56 b=103 nt=3036] KSP converged reason: 4, iterations: 1
  [a=38 b=78 nt=2796] KSP converged reason: 4, iterations: 1
  [a=39 b=68 nt=2927] KSP converged reason: 4, iterations: 1
  [a=52 b=100 nt=2916] KSP converged reason: 4, iterations: 1
  [a=47 b=81 nt=3361] KSP converged reason: 4, iterations: 1
  [a=36 b=74 nt=2817] KSP converged reason: 4, iterations: 1
  [a=37 b=73 nt=2857] KSP converged reason: 4, iterations: 1
  [a=41 b=87 nt=3227] KSP converged reason: 4, iterations: 1
  [a=51 b=87 nt=2402] KSP converged reason: 4, iterations: 1
  [a=44 b=80 nt=3059] KSP converged reason: 4, iterations: 1
  [a=43 b=91 nt=3119] KSP converged reason: 4, iterations: 1
  [a=42 b=80 nt=3474] KSP converged reason: 4, iterations: 1
  [a=45 b=87 nt=2734] KSP converged reason: 4, iterations: 1
  [a=49 b=83 nt=3233] KSP converged reason: 4, iterations: 1
  [a=34 b=69 nt=2451] KSP converged reason: 4, iterations: 1
  [a=49 b=75 nt=3269] KSP converged reason: 4, iterations: 1
  [a=43 b=83 nt=2570] KSP converged reason: 4, iterations: 1
  [a=38 b=69 nt=2714] KSP converged reason: 4, iterations: 1
  [a=40 b=70 nt=3001] KSP converged reason: 4, iterations: 1
  [a=36 b=72 nt=2202] KSP converged reason: 4, iterations: 1
  [a=37 b=77 nt=2513] KSP converged reason: 4, iterations: 1
  [a=37 b=75 nt=2992] KSP converged reason: 4, iterations: 1
  [a=37 b=72 nt=2521] KSP converged reason: 4, iterations: 1
  [a=40 b=73 nt=2877] KSP converged reason: 4, iterations: 1
  [a=44 b=83 nt=2891] KSP converged reason: 4, iterations: 1
  [a=46 b=81 nt=3192] KSP converged reason: 4, iterations: 1
  [a=38 b=71 nt=2627] KSP converged reason: 4, iterations: 1
  [a=41 b=76 nt=2586] KSP converged reason: 4, iterations: 1
  [a=48 b=84 nt=3202] KSP converged reason: 4, iterations: 1
  [a=41 b=80 nt=3063] KSP converged reason: 4, iterations: 1
  [a=37 b=78 nt=2743] KSP converged reason: 4, iterations: 1
  [a=40 b=74 nt=3062] KSP converged reason: 4, iterations: 1
  [a=46 b=83 nt=3120] KSP converged reason: 4, iterations: 1
  [a=42 b=83 nt=2612] KSP converged reason: 4, iterations: 1
  [a=40 b=70 nt=3172] KSP converged reason: 4, iterations: 1
  [a=38 b=72 nt=3101] KSP converged reason: 4, iterations: 1
  [a=39 b=75 nt=2978] KSP converged reason: 4, iterations: 1
  [a=38 b=72 nt=2921] KSP converged reason: 4, iterations: 1
  [a=42 b=71 nt=2598] KSP converged reason: 4, iterations: 1
  [a=40 b=70 nt=2911] KSP converged reason: 4, iterations: 1
  [a=37 b=68 nt=2466] KSP converged reason: 4, iterations: 1
  [a=44 b=70 nt=2870] KSP converged reason: 4, iterations: 1
  [a=37 b=65 nt=2332] KSP converged reason: 4, iterations: 1
  [a=39 b=74 nt=3004] KSP converged reason: 4, iterations: 1
  [a=22 b=32 nt=732] KSP converged reason: 4, iterations: 1
  [a=26 b=31 nt=1587] KSP converged reason: 4, iterations: 1
  [a=33 b=49 nt=2180] KSP converged reason: 4, iterations: 1
  [a=31 b=54 nt=1790] KSP converged reason: 4, iterations: 1
  [a=36 b=57 nt=2284] KSP converged reason: 4, iterations: 1
  [a=41 b=65 nt=2513] KSP converged reason: 4, iterations: 1
  [a=44 b=67 nt=2833] KSP converged reason: 4, iterations: 1
  [a=48 b=77 nt=3150] KSP converged reason: 4, iterations: 1
  [a=51 b=67 nt=3129] KSP converged reason: 4, iterations: 1
  [a=45 b=79 nt=2371] KSP converged reason: 4, iterations: 1
  [a=45 b=95 nt=3059] KSP converged reason: 4, iterations: 1
  [a=56 b=93 nt=2276] KSP converged reason: 4, iterations: 1
  [a=48 b=84 nt=2830] KSP converged reason: 4, iterations: 1
  [a=42 b=66 nt=2683] KSP converged reason: 4, iterations: 1
  [a=37 b=65 nt=2509] KSP converged reason: 4, iterations: 1
  [a=47 b=68 nt=2749] KSP converged reason: 4, iterations: 1
  [a=54 b=94 nt=3903] KSP converged reason: 4, iterations: 1
  [a=65 b=99 nt=2927] KSP converged reason: 4, iterations: 1
  [a=56 b=101 nt=3764] KSP converged reason: 4, iterations: 1
  [a=45 b=74 nt=3331] KSP converged reason: 4, iterations: 1
  [a=45 b=83 nt=3552] KSP converged reason: 4, iterations: 1
  [a=43 b=85 nt=2876] KSP converged reason: 4, iterations: 1
  [a=51 b=92 nt=2964] KSP converged reason: 4, iterations: 1
  [a=36 b=83 nt=2820] KSP converged reason: 4, iterations: 1
  [a=52 b=83 nt=2994] KSP converged reason: 4, iterations: 1
  [a=39 b=82 nt=2897] KSP converged reason: 4, iterations: 1
  [a=49 b=90 nt=3361] KSP converged reason: 4, iterations: 1
  [a=45 b=74 nt=3295] KSP converged reason: 4, iterations: 1
  [a=42 b=80 nt=3193] KSP converged reason: 4, iterations: 1
  [a=49 b=86 nt=2871] KSP converged reason: 4, iterations: 1
  [a=39 b=83 nt=2302] KSP converged reason: 4, iterations: 1
  [a=39 b=80 nt=2418] KSP converged reason: 4, iterations: 1
  [a=41 b=85 nt=2990] KSP converged reason: 4, iterations: 1
  [a=37 b=79 nt=2245] KSP converged reason: 4, iterations: 1
  [a=43 b=84 nt=2181] KSP converged reason: 4, iterations: 1
  [a=37 b=79 nt=2938] KSP converged reason: 4, iterations: 1
  [a=42 b=92 nt=2455] KSP converged reason: 4, iterations: 1
  [a=43 b=77 nt=2680] KSP converged reason: 4, iterations: 1
  [a=40 b=79 nt=2659] KSP converged reason: 4, iterations: 1
  [a=40 b=81 nt=3063] KSP converged reason: 4, iterations: 1
  [a=45 b=82 nt=3374] KSP converged reason: 4, iterations: 1
  [a=39 b=80 nt=3063] KSP converged reason: 4, iterations: 1
  [a=51 b=80 nt=2991] KSP converged reason: 4, iterations: 1
  [a=40 b=81 nt=2788] KSP converged reason: 4, iterations: 1
  [a=45 b=85 nt=2817] KSP converged reason: 4, iterations: 1
  [a=39 b=77 nt=2612] KSP converged reason: 4, iterations: 1
  [a=35 b=82 nt=2859] KSP converged reason: 4, iterations: 1
  [a=36 b=70 nt=2251] KSP converged reason: 4, iterations: 1
  [a=42 b=79 nt=2759] KSP converged reason: 4, iterations: 1
  [a=34 b=77 nt=2391] KSP converged reason: 4, iterations: 1
  [a=37 b=73 nt=2965] KSP converged reason: 4, iterations: 1
  [a=37 b=67 nt=2358] KSP converged reason: 4, iterations: 1
  [a=43 b=80 nt=3390] KSP converged reason: 4, iterations: 1
  [a=35 b=78 nt=2284] KSP converged reason: 4, iterations: 1
  [a=48 b=79 nt=3520] KSP converged reason: 4, iterations: 1
  [a=44 b=79 nt=3027] KSP converged reason: 4, iterations: 1
  [a=35 b=73 nt=2117] KSP converged reason: 4, iterations: 1
  [a=37 b=78 nt=3047] KSP converged reason: 4, iterations: 1
  [a=41 b=69 nt=3441] KSP converged reason: 4, iterations: 1
  [a=43 b=78 nt=2934] KSP converged reason: 4, iterations: 1
  [a=38 b=77 nt=3612] KSP converged reason: 4, iterations: 1
  [a=40 b=75 nt=2827] KSP converged reason: 4, iterations: 1
  [a=37 b=78 nt=2807] KSP converged reason: 4, iterations: 1
  [a=43 b=83 nt=2916] KSP converged reason: 4, iterations: 1
  [a=45 b=78 nt=3030] KSP converged reason: 4, iterations: 1
  [a=40 b=71 nt=2666] KSP converged reason: 4, iterations: 1
  [a=42 b=77 nt=2732] KSP converged reason: 4, iterations: 1
  [a=43 b=84 nt=2737] KSP converged reason: 4, iterations: 1
  [a=38 b=74 nt=3014] KSP converged reason: 4, iterations: 1
  [a=38 b=68 nt=3274] KSP converged reason: 4, iterations: 1
  [a=38 b=74 nt=2785] KSP converged reason: 4, iterations: 1
  [a=42 b=65 nt=3069] KSP converged reason: 4, iterations: 1
  [a=39 b=69 nt=2448] KSP converged reason: 4, iterations: 1
  [a=44 b=73 nt=2686] KSP converged reason: 4, iterations: 1
  [a=43 b=73 nt=2495] KSP converged reason: 4, iterations: 1
  [a=41 b=75 nt=2505] KSP converged reason: 4, iterations: 1
  [a=38 b=68 nt=2547] KSP converged reason: 4, iterations: 1
  [a=38 b=56 nt=3206] KSP converged reason: 4, iterations: 1
  [a=24 b=37 nt=2093] KSP converged reason: 4, iterations: 1
  [a=30 b=43 nt=1774] KSP converged reason: 4, iterations: 1
  [a=39 b=53 nt=1934] KSP converged reason: 4, iterations: 1
  [a=42 b=66 nt=2331] KSP converged reason: 4, iterations: 1
  [a=41 b=51 nt=3466] KSP converged reason: 4, iterations: 1
  [a=38 b=67 nt=2882] KSP converged reason: 4, iterations: 1
  [a=48 b=66 nt=2621] KSP converged reason: 4, iterations: 1
  [a=42 b=76 nt=2574] KSP converged reason: 4, iterations: 1
  [a=34 b=71 nt=3045] KSP converged reason: 4, iterations: 1
  [a=45 b=71 nt=2713] KSP converged reason: 4, iterations: 1
  [a=48 b=74 nt=2656] KSP converged reason: 4, iterations: 1
  [a=48 b=85 nt=3190] KSP converged reason: 4, iterations: 1
  [a=48 b=88 nt=3609] KSP converged reason: 4, iterations: 1
  [a=36 b=67 nt=2309] KSP converged reason: 4, iterations: 1
  [a=42 b=73 nt=2895] KSP converged reason: 4, iterations: 1
  [a=42 b=65 nt=2573] KSP converged reason: 4, iterations: 1
  [a=42 b=61 nt=2705] KSP converged reason: 4, iterations: 1
  [a=46 b=89 nt=3002] KSP converged reason: 4, iterations: 1
  [a=49 b=80 nt=3413] KSP converged reason: 4, iterations: 1
  [a=52 b=78 nt=2865] KSP converged reason: 4, iterations: 1
  [a=48 b=85 nt=2933] KSP converged reason: 4, iterations: 1
  [a=48 b=89 nt=3422] KSP converged reason: 4, iterations: 1
  [a=41 b=76 nt=2833] KSP converged reason: 4, iterations: 1
  [a=36 b=68 nt=2824] KSP converged reason: 4, iterations: 1
  [a=60 b=104 nt=3443] KSP converged reason: 4, iterations: 1
  [a=47 b=80 nt=3408] KSP converged reason: 4, iterations: 1
  [a=46 b=72 nt=3204] KSP converged reason: 4, iterations: 1
  [a=39 b=71 nt=3278] KSP converged reason: 4, iterations: 1
  [a=36 b=71 nt=3228] KSP converged reason: 4, iterations: 1
  [a=43 b=92 nt=2684] KSP converged reason: 4, iterations: 1
  [a=32 b=73 nt=2118] KSP converged reason: 4, iterations: 1
  [a=41 b=98 nt=2708] KSP converged reason: 4, iterations: 1
  [a=42 b=87 nt=3000] KSP converged reason: 4, iterations: 1
  [a=40 b=78 nt=2233] KSP converged reason: 4, iterations: 1
  [a=41 b=76 nt=2692] KSP converged reason: 4, iterations: 1
  [a=45 b=83 nt=3325] KSP converged reason: 4, iterations: 1
  [a=43 b=90 nt=2876] KSP converged reason: 4, iterations: 1
  [a=41 b=67 nt=3107] KSP converged reason: 4, iterations: 1
  [a=44 b=79 nt=3038] KSP converged reason: 4, iterations: 1
  [a=45 b=76 nt=2826] KSP converged reason: 4, iterations: 1
  [a=46 b=79 nt=3016] KSP converged reason: 4, iterations: 1
  [a=47 b=82 nt=2635] KSP converged reason: 4, iterations: 1
  [a=41 b=82 nt=2430] KSP converged reason: 4, iterations: 1
  [a=42 b=80 nt=2575] KSP converged reason: 4, iterations: 1
  [a=38 b=72 nt=2943] KSP converged reason: 4, iterations: 1
  [a=43 b=82 nt=2446] KSP converged reason: 4, iterations: 1
  [a=34 b=81 nt=2518] KSP converged reason: 4, iterations: 1
  [a=36 b=79 nt=3015] KSP converged reason: 4, iterations: 1
  [a=39 b=82 nt=2791] KSP converged reason: 4, iterations: 1
  [a=44 b=81 nt=2644] KSP converged reason: 4, iterations: 1
  [a=45 b=90 nt=3034] KSP converged reason: 4, iterations: 1
  [a=36 b=79 nt=3034] KSP converged reason: 4, iterations: 1
  [a=47 b=75 nt=2547] KSP converged reason: 4, iterations: 1
  [a=32 b=71 nt=2624] KSP converged reason: 4, iterations: 1
  [a=43 b=83 nt=3305] KSP converged reason: 4, iterations: 1
  [a=40 b=86 nt=3825] KSP converged reason: 4, iterations: 1
  [a=47 b=88 nt=2961] KSP converged reason: 4, iterations: 1
  [a=40 b=75 nt=3126] KSP converged reason: 4, iterations: 1
  [a=39 b=76 nt=2410] KSP converged reason: 4, iterations: 1
  [a=38 b=73 nt=2658] KSP converged reason: 4, iterations: 1
  [a=41 b=70 nt=3529] KSP converged reason: 4, iterations: 1
  [a=42 b=82 nt=2911] KSP converged reason: 4, iterations: 1
  [a=46 b=81 nt=2837] KSP converged reason: 4, iterations: 1
  [a=44 b=79 nt=2878] KSP converged reason: 4, iterations: 1
  [a=41 b=71 nt=2863] KSP converged reason: 4, iterations: 1
  [a=39 b=70 nt=2956] KSP converged reason: 4, iterations: 1
  [a=41 b=71 nt=3119] KSP converged reason: 4, iterations: 1
  [a=40 b=66 nt=3104] KSP converged reason: 4, iterations: 1
  [a=38 b=63 nt=2628] KSP converged reason: 4, iterations: 1
  [a=37 b=73 nt=2499] KSP converged reason: 4, iterations: 1
  [a=39 b=62 nt=2891] KSP converged reason: 4, iterations: 1
  [a=41 b=60 nt=2405] KSP converged reason: 4, iterations: 1
  [a=37 b=60 nt=2741] KSP converged reason: 4, iterations: 1
  [a=17 b=37 nt=1008] KSP converged reason: 4, iterations: 1
  [a=27 b=54 nt=1958] KSP converged reason: 4, iterations: 1
  [a=14 b=47 nt=780] KSP converged reason: 4, iterations: 1
  [a=34 b=42 nt=2383] KSP converged reason: 4, iterations: 1
  [a=39 b=52 nt=2439] KSP converged reason: 4, iterations: 1
  [a=28 b=53 nt=1526] KSP converged reason: 4, iterations: 1
  [a=36 b=57 nt=2358] KSP converged reason: 4, iterations: 1
  [a=41 b=62 nt=3284] KSP converged reason: 4, iterations: 1
  [a=44 b=80 nt=2725] KSP converged reason: 4, iterations: 1
  [a=49 b=82 nt=3486] KSP converged reason: 4, iterations: 1
  [a=36 b=57 nt=2541] KSP converged reason: 4, iterations: 1
  [a=46 b=65 nt=2826] KSP converged reason: 4, iterations: 1
  [a=54 b=71 nt=2709] KSP converged reason: 4, iterations: 1
  [a=46 b=71 nt=2769] KSP converged reason: 4, iterations: 1
  [a=43 b=76 nt=2705] KSP converged reason: 4, iterations: 1
  [a=56 b=89 nt=3270] KSP converged reason: 4, iterations: 1
  [a=53 b=78 nt=3264] KSP converged reason: 4, iterations: 1
  [a=60 b=90 nt=2814] KSP converged reason: 4, iterations: 1
  [a=47 b=88 nt=3702] KSP converged reason: 4, iterations: 1
  [a=39 b=73 nt=3126] KSP converged reason: 4, iterations: 1
  [a=43 b=103 nt=2730] KSP converged reason: 4, iterations: 1
  [a=43 b=88 nt=3666] KSP converged reason: 4, iterations: 1
  [a=48 b=107 nt=2889] KSP converged reason: 4, iterations: 1
  [a=44 b=72 nt=3180] KSP converged reason: 4, iterations: 1
  [a=43 b=88 nt=3096] KSP converged reason: 4, iterations: 1
  [a=51 b=93 nt=3264] KSP converged reason: 4, iterations: 1
  [a=43 b=80 nt=2969] KSP converged reason: 4, iterations: 1
  [a=44 b=82 nt=3331] KSP converged reason: 4, iterations: 1
  [a=42 b=93 nt=3023] KSP converged reason: 4, iterations: 1
  [a=43 b=77 nt=2913] KSP converged reason: 4, iterations: 1
  [a=38 b=79 nt=2988] KSP converged reason: 4, iterations: 1
  [a=35 b=80 nt=2961] KSP converged reason: 4, iterations: 1
  [a=37 b=81 nt=2518] KSP converged reason: 4, iterations: 1
  [a=43 b=88 nt=2273] KSP converged reason: 4, iterations: 1
  [a=39 b=74 nt=2143] KSP converged reason: 4, iterations: 1
  [a=45 b=84 nt=3255] KSP converged reason: 4, iterations: 1
  [a=37 b=72 nt=3186] KSP converged reason: 4, iterations: 1
  [a=46 b=79 nt=3203] KSP converged reason: 4, iterations: 1
  [a=41 b=77 nt=2490] KSP converged reason: 4, iterations: 1
  [a=38 b=73 nt=2786] KSP converged reason: 4, iterations: 1
  [a=47 b=94 nt=2631] KSP converged reason: 4, iterations: 1
  [a=37 b=81 nt=2835] KSP converged reason: 4, iterations: 1
  [a=45 b=82 nt=3330] KSP converged reason: 4, iterations: 1
  [a=39 b=86 nt=2190] KSP converged reason: 4, iterations: 1
  [a=36 b=73 nt=2225] KSP converged reason: 4, iterations: 1
  [a=39 b=76 nt=2704] KSP converged reason: 4, iterations: 1
  [a=37 b=69 nt=3458] KSP converged reason: 4, iterations: 1
  [a=37 b=81 nt=2598] KSP converged reason: 4, iterations: 1
  [a=37 b=84 nt=2358] KSP converged reason: 4, iterations: 1
  [a=37 b=85 nt=3348] KSP converged reason: 4, iterations: 1
  [a=41 b=88 nt=2398] KSP converged reason: 4, iterations: 1
  [a=46 b=77 nt=3023] KSP converged reason: 4, iterations: 1
  [a=49 b=89 nt=2849] KSP converged reason: 4, iterations: 1
  [a=46 b=87 nt=2963] KSP converged reason: 4, iterations: 1
  [a=41 b=85 nt=3746] KSP converged reason: 4, iterations: 1
  [a=37 b=75 nt=2622] KSP converged reason: 4, iterations: 1
  [a=40 b=77 nt=3008] KSP converged reason: 4, iterations: 1
  [a=46 b=85 nt=3604] KSP converged reason: 4, iterations: 1
  [a=42 b=78 nt=2854] KSP converged reason: 4, iterations: 1
  [a=40 b=74 nt=3202] KSP converged reason: 4, iterations: 1
  [a=39 b=71 nt=3095] KSP converged reason: 4, iterations: 1
  [a=40 b=70 nt=2939] KSP converged reason: 4, iterations: 1
  [a=38 b=69 nt=2983] KSP converged reason: 4, iterations: 1
  [a=41 b=68 nt=3218] KSP converged reason: 4, iterations: 1
  [a=38 b=66 nt=2693] KSP converged reason: 4, iterations: 1
  [a=41 b=70 nt=2548] KSP converged reason: 4, iterations: 1
  [a=45 b=72 nt=2912] KSP converged reason: 4, iterations: 1
  [a=40 b=72 nt=2825] KSP converged reason: 4, iterations: 1
  [a=39 b=72 nt=2903] KSP converged reason: 4, iterations: 1
  [a=38 b=69 nt=2241] KSP converged reason: 4, iterations: 1
  [a=27 b=48 nt=1722] KSP converged reason: 4, iterations: 1
  [a=34 b=46 nt=942] KSP converged reason: 4, iterations: 1
  [a=28 b=41 nt=1627] KSP converged reason: 4, iterations: 1
  [a=39 b=51 nt=1606] KSP converged reason: 4, iterations: 1
  [a=38 b=71 nt=2560] KSP converged reason: 4, iterations: 1
  [a=36 b=55 nt=1990] KSP converged reason: 4, iterations: 1
  [a=43 b=56 nt=2398] KSP converged reason: 4, iterations: 1
  [a=38 b=58 nt=2966] KSP converged reason: 4, iterations: 1
  [a=46 b=66 nt=3377] KSP converged reason: 4, iterations: 1
  [a=51 b=90 nt=3127] KSP converged reason: 4, iterations: 1
  [a=60 b=94 nt=2939] KSP converged reason: 4, iterations: 1
  [a=40 b=67 nt=3033] KSP converged reason: 4, iterations: 1
  [a=43 b=80 nt=3100] KSP converged reason: 4, iterations: 1
  [a=45 b=77 nt=3175] KSP converged reason: 4, iterations: 1
  [a=41 b=84 nt=3420] KSP converged reason: 4, iterations: 1
  [a=47 b=86 nt=3512] KSP converged reason: 4, iterations: 1
  [a=42 b=82 nt=3220] KSP converged reason: 4, iterations: 1
  [a=48 b=81 nt=3358] KSP converged reason: 4, iterations: 1
  [a=38 b=62 nt=2960] KSP converged reason: 4, iterations: 1
  [a=37 b=77 nt=2633] KSP converged reason: 4, iterations: 1
  [a=42 b=86 nt=3097] KSP converged reason: 4, iterations: 1
  [a=42 b=74 nt=2568] KSP converged reason: 4, iterations: 1
  [a=44 b=88 nt=2841] KSP converged reason: 4, iterations: 1
  [a=35 b=69 nt=2942] KSP converged reason: 4, iterations: 1
  [a=39 b=72 nt=2819] KSP converged reason: 4, iterations: 1
  [a=41 b=81 nt=2957] KSP converged reason: 4, iterations: 1
  [a=44 b=73 nt=2740] KSP converged reason: 4, iterations: 1
  [a=44 b=95 nt=3363] KSP converged reason: 4, iterations: 1
  [a=45 b=93 nt=2925] KSP converged reason: 4, iterations: 1
  [a=47 b=90 nt=2440] KSP converged reason: 4, iterations: 1
  [a=46 b=89 nt=2706] KSP converged reason: 4, iterations: 1
  [a=38 b=85 nt=2734] KSP converged reason: 4, iterations: 1
  [a=37 b=72 nt=2964] KSP converged reason: 4, iterations: 1
  [a=46 b=74 nt=3172] KSP converged reason: 4, iterations: 1
  [a=43 b=89 nt=3080] KSP converged reason: 4, iterations: 1
  [a=49 b=96 nt=2933] KSP converged reason: 4, iterations: 1
  [a=44 b=86 nt=2759] KSP converged reason: 4, iterations: 1
  [a=39 b=74 nt=3129] KSP converged reason: 4, iterations: 1
  [a=44 b=83 nt=2520] KSP converged reason: 4, iterations: 1
  [a=37 b=80 nt=2336] KSP converged reason: 4, iterations: 1
  [a=48 b=79 nt=2939] KSP converged reason: 4, iterations: 1
  [a=47 b=91 nt=2449] KSP converged reason: 4, iterations: 1
  [a=39 b=77 nt=2207] KSP converged reason: 4, iterations: 1
  [a=36 b=75 nt=2075] KSP converged reason: 4, iterations: 1
  [a=38 b=64 nt=2531] KSP converged reason: 4, iterations: 1
  [a=37 b=73 nt=3080] KSP converged reason: 4, iterations: 1
  [a=44 b=84 nt=3309] KSP converged reason: 4, iterations: 1
  [a=38 b=80 nt=2393] KSP converged reason: 4, iterations: 1
  [a=38 b=70 nt=3869] KSP converged reason: 4, iterations: 1
  [a=41 b=73 nt=3184] KSP converged reason: 4, iterations: 1
  [a=44 b=85 nt=3098] KSP converged reason: 4, iterations: 1
  [a=42 b=80 nt=3245] KSP converged reason: 4, iterations: 1
  [a=38 b=79 nt=2957] KSP converged reason: 4, iterations: 1
  [a=40 b=77 nt=3697] KSP converged reason: 4, iterations: 1
  [a=42 b=78 nt=3079] KSP converged reason: 4, iterations: 1
  [a=40 b=77 nt=2698] KSP converged reason: 4, iterations: 1
  [a=41 b=75 nt=3067] KSP converged reason: 4, iterations: 1
  [a=44 b=75 nt=2867] KSP converged reason: 4, iterations: 1
  [a=39 b=72 nt=2930] KSP converged reason: 4, iterations: 1
  [a=40 b=76 nt=2974] KSP converged reason: 4, iterations: 1
  [a=41 b=70 nt=2636] KSP converged reason: 4, iterations: 1
  [a=38 b=70 nt=3120] KSP converged reason: 4, iterations: 1
  [a=41 b=68 nt=2748] KSP converged reason: 4, iterations: 1
  [a=39 b=71 nt=2398] KSP converged reason: 4, iterations: 1
  [a=39 b=67 nt=2672] KSP converged reason: 4, iterations: 1
  [a=40 b=69 nt=2436] KSP converged reason: 4, iterations: 1
  [a=40 b=65 nt=2355] KSP converged reason: 4, iterations: 1
  [a=38 b=60 nt=2225] KSP converged reason: 4, iterations: 1
  [a=39 b=63 nt=2788] KSP converged reason: 4, iterations: 1
  [a=41 b=67 nt=2870] KSP converged reason: 4, iterations: 1
  [a=30 b=37 nt=1411] KSP converged reason: 4, iterations: 1
  [a=23 b=33 nt=1346] KSP converged reason: 4, iterations: 1
  [a=38 b=55 nt=2280] KSP converged reason: 4, iterations: 1
  [a=27 b=39 nt=1293] KSP converged reason: 4, iterations: 1
  [a=36 b=48 nt=2013] KSP converged reason: 4, iterations: 1
  [a=43 b=72 nt=2742] KSP converged reason: 4, iterations: 1
  [a=36 b=64 nt=2213] KSP converged reason: 4, iterations: 1
  [a=42 b=64 nt=3321] KSP converged reason: 4, iterations: 1
  [a=36 b=71 nt=2632] KSP converged reason: 4, iterations: 1
  [a=38 b=73 nt=2472] KSP converged reason: 4, iterations: 1
  [a=61 b=100 nt=3287] KSP converged reason: 4, iterations: 1
  [a=39 b=73 nt=2263] KSP converged reason: 4, iterations: 1
  [a=41 b=64 nt=2435] KSP converged reason: 4, iterations: 1
  [a=62 b=102 nt=3445] KSP converged reason: 4, iterations: 1
  [a=50 b=72 nt=2154] KSP converged reason: 4, iterations: 1
  [a=49 b=74 nt=3297] KSP converged reason: 4, iterations: 1
  [a=43 b=70 nt=3509] KSP converged reason: 4, iterations: 1
  [a=54 b=93 nt=3320] KSP converged reason: 4, iterations: 1
  [a=53 b=97 nt=3143] KSP converged reason: 4, iterations: 1
  [a=46 b=79 nt=2922] KSP converged reason: 4, iterations: 1
  [a=47 b=89 nt=3619] KSP converged reason: 4, iterations: 1
  [a=42 b=77 nt=3596] KSP converged reason: 4, iterations: 1
  [a=42 b=77 nt=2252] KSP converged reason: 4, iterations: 1
  [a=40 b=69 nt=2895] KSP converged reason: 4, iterations: 1
  [a=45 b=85 nt=3271] KSP converged reason: 4, iterations: 1
  [a=40 b=79 nt=2655] KSP converged reason: 4, iterations: 1
  [a=40 b=69 nt=2902] KSP converged reason: 4, iterations: 1
  [a=44 b=68 nt=2900] KSP converged reason: 4, iterations: 1
  [a=49 b=90 nt=3116] KSP converged reason: 4, iterations: 1
  [a=47 b=84 nt=3386] KSP converged reason: 4, iterations: 1
  [a=42 b=87 nt=2449] KSP converged reason: 4, iterations: 1
  [a=48 b=81 nt=2724] KSP converged reason: 4, iterations: 1
  [a=46 b=77 nt=3491] KSP converged reason: 4, iterations: 1
  [a=43 b=73 nt=2979] KSP converged reason: 4, iterations: 1
  [a=39 b=73 nt=2993] KSP converged reason: 4, iterations: 1
  [a=49 b=76 nt=2500] KSP converged reason: 4, iterations: 1
  [a=39 b=73 nt=3006] KSP converged reason: 4, iterations: 1
  [a=36 b=70 nt=2916] KSP converged reason: 4, iterations: 1
  [a=45 b=87 nt=3346] KSP converged reason: 4, iterations: 1
  [a=48 b=86 nt=3189] KSP converged reason: 4, iterations: 1
  [a=41 b=79 nt=2462] KSP converged reason: 4, iterations: 1
  [a=42 b=75 nt=2980] KSP converged reason: 4, iterations: 1
  [a=46 b=79 nt=2616] KSP converged reason: 4, iterations: 1
  [a=39 b=73 nt=2659] KSP converged reason: 4, iterations: 1
  [a=40 b=75 nt=3477] KSP converged reason: 4, iterations: 1
  [a=34 b=68 nt=2274] KSP converged reason: 4, iterations: 1
  [a=36 b=68 nt=2537] KSP converged reason: 4, iterations: 1
  [a=38 b=70 nt=3073] KSP converged reason: 4, iterations: 1
  [a=36 b=76 nt=2389] KSP converged reason: 4, iterations: 1
  [a=41 b=76 nt=2665] KSP converged reason: 4, iterations: 1
  [a=41 b=73 nt=3169] KSP converged reason: 4, iterations: 1
  [a=43 b=85 nt=2794] KSP converged reason: 4, iterations: 1
  [a=45 b=88 nt=2730] KSP converged reason: 4, iterations: 1
  [a=37 b=78 nt=3174] KSP converged reason: 4, iterations: 1
  [a=39 b=75 nt=3475] KSP converged reason: 4, iterations: 1
  [a=39 b=73 nt=2752] KSP converged reason: 4, iterations: 1
  [a=42 b=85 nt=2965] KSP converged reason: 4, iterations: 1
  [a=39 b=81 nt=3141] KSP converged reason: 4, iterations: 1
  [a=39 b=77 nt=2903] KSP converged reason: 4, iterations: 1
  [a=41 b=72 nt=3043] KSP converged reason: 4, iterations: 1
  [a=42 b=82 nt=2577] KSP converged reason: 4, iterations: 1
  [a=40 b=72 nt=2906] KSP converged reason: 4, iterations: 1
  [a=39 b=74 nt=3199] KSP converged reason: 4, iterations: 1
  [a=41 b=72 nt=2946] KSP converged reason: 4, iterations: 1
  [a=41 b=67 nt=3043] KSP converged reason: 4, iterations: 1
  [a=40 b=72 nt=2655] KSP converged reason: 4, iterations: 1
  [a=39 b=70 nt=2344] KSP converged reason: 4, iterations: 1
  [a=39 b=68 nt=2398] KSP converged reason: 4, iterations: 1
  [a=41 b=69 nt=2941] KSP converged reason: 4, iterations: 1
  [a=42 b=57 nt=3272] KSP converged reason: 4, iterations: 1

  [ 483] viol   f=   1.092  a=38.6 b=66.7 gap=20.3 (face=20.6mm) n=[732, 214, 623, 207, 896]  tape=1.085km B=9.94T unif=0.859% hoop=192MPa
  [ 484] OK     f=   1.266  a=44.5 b=71.9 gap=20.5 (face=20.9mm) n=[577, 253, 887, 353, 842]  tape=1.266km B=10.28T unif=0.906% hoop=241MPa
  [ 485] viol   f=   2.245  a=42.9 b=72.9 gap=20.3 (face=20.7mm) n=[635, 181, 837, 53, 789]  tape=1.049km B=9.23T unif=0.836% hoop=186MPa
  [ 486] viol   f=   1.571  a=37.4 b=68.4 gap=17.4 (face=14.9mm) n=[685, 218, 565, 117, 881]  tape=1.014km B=9.47T unif=0.896% hoop=194MPa
  [ 487] viol   f=   9.598  a=44.0 b=70.4 gap=18.9 (face=17.7mm) n=[879, 224, 860, 111, 796]  tape=1.171km B=11.72T unif=1.205% hoop=202MPa
  [ 488] viol   f=   2.176  a=39.8 b=68.8 gap=18.2 (face=16.4mm) n=[637, 53, 691, 186, 869]  tape=0.996km B=9.23T unif=0.900% hoop=187MPa
  [ 489] viol   f=   2.117  a=37.0 b=72.6 gap=15.7 (face=11.5mm) n=[607, 238, 526, 234, 894]  tape=1.096km B=9.29T unif=0.796% hoop=219MPa
  [ 490] viol   f=  16.093  a=41.3 b=74.6 gap=17.1 (face=14.3mm) n=[585, 89, 847, 95, 889]  tape=1.068km B=9.43T unif=1.268% hoop=199MPa
  [ 491] INFEAS f=1104.499  a=34.4 b=61.0 gap=14.7 (face=9.4mm) n=[670, 115, 636, 85, 862]  no evaluation (geometry pre-check)
  [ 492] OK     f=   1.161  a=40.1 b=72.1 gap=23.3 (face=26.5mm) n=[665, 397, 639, 389, 735]  tape=1.161km B=10.30T unif=0.856% hoop=225MPa
  [ 493] viol   f=   7.509  a=39.0 b=70.1 gap=17.9 (face=15.7mm) n=[512, 210, 471, 264, 887]  tape=1.029km B=8.20T unif=0.772% hoop=224MPa
  [ 494] viol   f=   4.190  a=40.4 b=64.8 gap=17.1 (face=14.1mm) n=[570, 72, 583, 237, 893]  tape=0.964km B=8.73T unif=0.844% hoop=212MPa
  [ 495] OK     f=   1.065  a=39.4 b=62.3 gap=24.6 (face=29.2mm) n=[771, 486, 721, 82, 831]  tape=1.065km B=10.60T unif=0.696% hoop=195MPa
  [ 496] INFEAS f=1001.772  a=36.6 b=61.0 gap=17.1 (face=14.1mm) n=[640, 126, 698, 201, 899]  no evaluation (geometry pre-check)
  [ 497] viol   f=   4.151  a=38.2 b=68.1 gap=16.6 (face=13.2mm) n=[661, 109, 584, 367, 826]  tape=1.033km B=10.11T unif=1.125% hoop=210MPa
  [ 498] viol   f=  26.112  a=37.1 b=65.4 gap=14.9 (face=9.8mm) n=[655, 70, 582, 247, 778]  tape=0.895km B=10.01T unif=1.355% hoop=188MPa
  [ 499] viol   f=   2.726  a=39.3 b=68.0 gap=16.6 (face=13.2mm) n=[620, 118, 607, 165, 888]  tape=0.996km B=9.07T unif=1.000% hoop=197MPa
  [ 500] viol   f=   6.537  a=38.0 b=59.9 gap=20.5 (face=21.0mm) n=[720, 58, 445, 105, 897]  tape=0.835km B=8.31T unif=0.536% hoop=157MPa
  [ 501] OK     f=   1.286  a=38.9 b=73.9 gap=19.3 (face=18.5mm) n=[739, 498, 668, 232, 867]  tape=1.286km B=11.47T unif=0.852% hoop=243MPa
  [ 502] viol   f=   7.340  a=38.0 b=55.9 gap=27.3 (face=34.5mm) n=[860, 699, 692, 55, 900]  tape=1.081km B=11.24T unif=1.177% hoop=188MPa
  [ 503] viol   f=   8.632  a=41.0 b=60.0 gap=23.1 (face=26.2mm) n=[590, 213, 495, 224, 883]  tape=0.957km B=8.04T unif=0.401% hoop=200MPa
  [ 504] OK     f=   1.245  a=38.6 b=71.9 gap=17.5 (face=15.0mm) n=[566, 289, 709, 464, 875]  tape=1.245km B=10.77T unif=0.882% hoop=247MPa
  [ 505] OK     f=   1.113  a=38.9 b=63.5 gap=18.0 (face=15.9mm) n=[567, 390, 612, 367, 852]  tape=1.113km B=10.44T unif=0.954% hoop=250MPa
  [ 506] OK     f=   1.163  a=41.4 b=69.5 gap=19.1 (face=18.3mm) n=[835, 490, 757, 51, 808]  tape=1.163km B=12.20T unif=0.963% hoop=224MPa
  [ 507] OK     f=   1.011  a=37.4 b=60.1 gap=20.4 (face=20.9mm) n=[719, 451, 607, 117, 847]  tape=1.011km B=10.83T unif=0.963% hoop=209MPa
  [ 508] OK     f=   1.168  a=41.2 b=66.7 gap=21.0 (face=22.0mm) n=[688, 353, 703, 269, 857]  tape=1.168km B=10.48T unif=0.856% hoop=219MPa
  [ 509] viol   f=   5.050  a=42.3 b=57.3 gap=29.4 (face=38.8mm) n=[836, 661, 704, 313, 758]  tape=1.168km B=10.77T unif=1.139% hoop=206MPa
  [ 510] viol   f=   3.293  a=37.6 b=68.6 gap=18.5 (face=16.9mm) n=[635, 127, 585, 126, 768]  tape=0.891km B=8.90T unif=0.956% hoop=167MPa

==========================================================================================
CMA-ES finished: 510 evaluations in 13.1 min
==========================================================================================

Best feasible design found:
  a_mm             37.38268433498434
  b_mm             60.093917423567284
  gap_mm           20.444050338961745
  face_gap_mm      20.888100677923493
  n_turns          [719, 451, 607, 117, 847]
  n_total          2741
  tape_km          1.0110329529400388
  B_target_T       10.830836978568577
  uniformity_pct   0.9628073386318766
  hoop_MPa         209.3808106935492
  delam_MPa        16.80541038838754
  I_quench_A       406.4987336419537
  I_op_A           223.5966631693915
  binding          quench/SF
  clip_frac        0.17494089834515367

Full evaluation history -> optimize/cmaes_history.csv
Best design            -> optimize/cmaes_results.csv
Appended 510 rows to cumulative master log -> optimize/cmaes_all_evaluations.csv

Figures -> /home/gerrityjack/fenicsx/Racetrack-Coil-Optimization/visualization/cmaes_convergence.png, cmaes_constraints.png, cmaes_variables.png, cmaes_overview.png
Cumulative parameter-space map -> visualization/cmaes_param_map.png (31718 evaluations, 89 runs)
