Starting CMA-ES: 13 variables, budget 250 evaluations, target B >= 10.0 T, uniformity <= 1.0%, hoop <= 400 MPa, coil-coil face gap >= 3 mm

Parallel mode: 6 worker processes per generation.
  [   1] INFEAS f=66096.407  a=-1.1 b=12.7 gap=21.5 (face=3.0mm) n=[142, 314, 394, 361, 412, 70, 527, 118, 161, 84]  no evaluation (geometry pre-check)
  [   2] INFEAS f=2142.243  a=22.3 b=23.0 gap=27.9 (face=15.8mm) n=[188, 297, 266, 565, 125, 158, 118, 128, 277, 472]  no evaluation (geometry pre-check)
  [   3] INFEAS f=19318.295  a=4.2 b=6.0 gap=26.8 (face=13.5mm) n=[212, 353, 371, 346, 317, 317, 73, 166, 143, 252]  no evaluation (geometry pre-check)
  [   4] INFEAS f=10369.416  a=29.8 b=19.4 gap=25.6 (face=11.2mm) n=[352, 252, 440, 133, 134, 379, 67, 464, 347, 252]  no evaluation (geometry pre-check)
  [   5] INFEAS f=31819.034  a=-0.9 b=29.4 gap=22.7 (face=5.4mm) n=[90, 180, 328, 207, 118, 162, 254, 151, 142, 50]  no evaluation (geometry pre-check)
  [   6] INFEAS f=136465.417  a=-3.9 b=23.1 gap=22.3 (face=4.5mm) n=[704, 75, 303, 348, 730, 530, 199, 552, 216, 497]  no evaluation (geometry pre-check)
  [   7] INFEAS f=48526.846  a=2.4 b=27.2 gap=22.9 (face=5.8mm) n=[250, 149, 240, 498, 536, 97, 159, 212, 60, 329]  no evaluation (geometry pre-check)
  [   8] INFEAS f=32590.308  a=2.5 b=21.8 gap=29.4 (face=18.7mm) n=[62, 65, 66, 100, 76, 51, 326, 74, 129, 437]  no evaluation (geometry pre-check)
  [   9] INFEAS f=12246.803  a=6.9 b=14.1 gap=22.6 (face=5.3mm) n=[72, 372, 130, 124, 86, 167, 313, 226, 343, 76]  no evaluation (geometry pre-check)
  [  10] INFEAS f=5089.131  a=28.8 b=23.7 gap=23.5 (face=7.1mm) n=[228, 97, 500, 215, 248, 206, 416, 297, 261, 222]  no evaluation (geometry pre-check)
  [  11] INFEAS f=31314.361  a=5.3 b=23.3 gap=22.4 (face=4.7mm) n=[270, 132, 246, 101, 502, 336, 259, 482, 362, 286]  no evaluation (geometry pre-check)
  [  12] INFEAS f=10379.236  a=24.9 b=14.6 gap=26.4 (face=12.7mm) n=[409, 117, 197, 461, 361, 147, 554, 178, 305, 176]  no evaluation (geometry pre-check)
  [  13] INFEAS f=19191.012  a=14.3 b=13.2 gap=24.4 (face=8.8mm) n=[629, 294, 50, 514, 61, 103, 119, 160, 157, 125]  no evaluation (geometry pre-check)
  [  14] INFEAS f=21936.632  a=15.9 b=8.5 gap=24.8 (face=9.5mm) n=[175, 313, 205, 651, 138, 445, 171, 53, 349, 121]  no evaluation (geometry pre-check)
  [  15] INFEAS f=32310.739  a=27.3 b=4.3 gap=24.8 (face=9.6mm) n=[233, 289, 165, 574, 208, 102, 287, 261, 106, 309]  no evaluation (geometry pre-check)
  [  16] INFEAS f=15355.320  a=30.1 b=19.2 gap=27.8 (face=15.6mm) n=[548, 329, 217, 711, 85, 414, 275, 407, 498, 887]  no evaluation (geometry pre-check)
  [  17] INFEAS f=38366.732  a=41.0 b=15.5 gap=23.1 (face=6.3mm) n=[346, 770, 437, 218, 170, 87, 70, 113, 362, 143]  no evaluation (geometry pre-check)
  [  18] INFEAS f=2154.949  a=26.5 b=26.1 gap=25.1 (face=10.3mm) n=[468, 204, 286, 386, 183, 325, 525, 479, 281, 118]  no evaluation (geometry pre-check)
  [  19] INFEAS f=47069.612  a=30.2 b=1.3 gap=30.9 (face=21.9mm) n=[127, 159, 609, 166, 102, 253, 70, 428, 375, 416]  no evaluation (geometry pre-check)
  [  20] INFEAS f=3030.835  a=28.8 b=33.9 gap=23.0 (face=6.0mm) n=[240, 64, 237, 222, 544, 71, 128, 137, 802, 372]  no evaluation (geometry pre-check)
  [  21] INFEAS f=20436.649  a=41.2 b=24.2 gap=28.4 (face=16.9mm) n=[257, 201, 199, 109, 362, 181, 181, 271, 79, 236]  no evaluation (geometry pre-check)
  [  22] INFEAS f=27140.006  a=13.1 b=9.1 gap=24.7 (face=9.3mm) n=[199, 61, 206, 230, 73, 316, 211, 132, 652, 312]  no evaluation (geometry pre-check)
  [  23] INFEAS f=1220.856  a=26.2 b=34.4 gap=25.5 (face=11.0mm) n=[263, 102, 136, 108, 397, 283, 657, 291, 551, 261]  no evaluation (geometry pre-check)
  [  24] INFEAS f=28178.556  a=31.0 b=10.0 gap=23.4 (face=6.7mm) n=[475, 223, 428, 349, 521, 355, 525, 160, 264, 382]  no evaluation (geometry pre-check)
  [  25] INFEAS f=15851.162  a=23.5 b=9.2 gap=22.0 (face=4.0mm) n=[493, 89, 271, 437, 58, 93, 359, 268, 343, 358]  no evaluation (geometry pre-check)
  [  26] INFEAS f=20623.910  a=25.2 b=18.7 gap=25.9 (face=11.8mm) n=[218, 259, 240, 119, 336, 189, 721, 71, 895, 374]  no evaluation (geometry pre-check)
  [  27] INFEAS f=10433.168  a=22.5 b=16.0 gap=22.7 (face=5.4mm) n=[288, 332, 322, 582, 216, 152, 284, 212, 321, 683]  no evaluation (geometry pre-check)
  [  28] INFEAS f=16325.484  a=24.3 b=17.8 gap=21.5 (face=3.1mm) n=[375, 323, 154, 153, 257, 201, 166, 822, 271, 90]  no evaluation (geometry pre-check)
  [  29] viol   f=2026.735  a=31.4 b=37.1 gap=23.3 (face=6.5mm) n=[96, 78, 348, 178, 599, 240, 620, 255, 614, 359]  tape=0.877km B=12.08T unif=4.183% hoop=186MPa
  [  30] INFEAS f=10100.936  a=19.6 b=34.0 gap=21.8 (face=3.6mm) n=[64, 374, 111, 153, 440, 138, 683, 303, 648, 73]  no evaluation (geometry pre-check)
  [  31] INFEAS f=8189.538  a=22.6 b=14.3 gap=22.3 (face=4.7mm) n=[190, 271, 284, 233, 178, 168, 548, 542, 132, 85]  no evaluation (geometry pre-check)
  [  32] INFEAS f=8729.203  a=36.5 b=27.6 gap=23.0 (face=5.9mm) n=[866, 64, 266, 267, 249, 366, 129, 520, 312, 103]  no evaluation (geometry pre-check)
  [  33] INFEAS f=9273.883  a=27.4 b=18.0 gap=21.5 (face=3.0mm) n=[107, 175, 117, 555, 100, 163, 253, 607, 539, 333]  no evaluation (geometry pre-check)
  [  34] INFEAS f=5652.710  a=32.9 b=27.1 gap=23.3 (face=6.5mm) n=[273, 464, 52, 125, 60, 184, 602, 143, 189, 219]  no evaluation (geometry pre-check)
  [  35] INFEAS f=1016.593  a=27.3 b=31.6 gap=22.5 (face=5.1mm) n=[304, 135, 309, 546, 142, 328, 488, 638, 173, 104]  no evaluation (geometry pre-check)
  [  36] OK     f=   1.141  a=35.2 b=43.7 gap=22.1 (face=4.2mm) n=[402, 371, 248, 61, 259, 479, 814, 120, 168, 469]  tape=1.141km B=12.15T unif=0.123% hoop=289MPa
  [  37] INFEAS f=1861.250  a=42.4 b=42.8 gap=23.8 (face=7.5mm) n=[364, 198, 51, 127, 179, 410, 642, 212, 636, 243]  no evaluation (geometry pre-check)
  [  38] INFEAS f=1389.652  a=27.8 b=29.7 gap=25.7 (face=11.4mm) n=[173, 210, 60, 265, 347, 104, 411, 263, 296, 474]  no evaluation (geometry pre-check)
  [  39] INFEAS f=7332.537  a=37.5 b=29.9 gap=22.8 (face=5.6mm) n=[858, 271, 165, 533, 628, 134, 611, 192, 145, 246]  no evaluation (geometry pre-check)
  [  40] INFEAS f=4428.179  a=27.2 b=25.9 gap=23.8 (face=7.7mm) n=[299, 162, 303, 78, 76, 92, 254, 450, 754, 144]  no evaluation (geometry pre-check)
  [  41] INFEAS f=4453.271  a=13.3 b=28.8 gap=39.0 (face=37.9mm) n=[267, 315, 147, 420, 288, 98, 156, 328, 309, 422]  no evaluation (geometry pre-check)
  [  42] INFEAS f=1304.715  a=36.9 b=39.1 gap=21.5 (face=3.0mm) n=[492, 169, 391, 254, 171, 162, 690, 396, 467, 277]  no evaluation (geometry pre-check)
  [  43] INFEAS f=20540.476  a=20.6 b=48.7 gap=26.7 (face=13.3mm) n=[484, 394, 259, 237, 168, 161, 823, 90, 201, 244]  no evaluation (geometry pre-check)
  [  44] INFEAS f=1997.871  a=34.5 b=34.5 gap=27.9 (face=15.9mm) n=[623, 130, 416, 495, 63, 128, 372, 59, 134, 376]  no evaluation (geometry pre-check)
  [  45] INFEAS f=3756.187  a=31.6 b=47.4 gap=21.5 (face=3.0mm) n=[239, 561, 190, 115, 448, 488, 895, 327, 431, 62]  no evaluation (geometry pre-check)
  [  46] INFEAS f=1466.846  a=35.1 b=36.7 gap=21.5 (face=3.0mm) n=[188, 214, 722, 335, 180, 73, 654, 81, 246, 137]  no evaluation (geometry pre-check)
  [  47] INFEAS f=6656.595  a=41.0 b=34.1 gap=26.9 (face=13.8mm) n=[454, 393, 478, 236, 95, 266, 611, 147, 51, 537]  no evaluation (geometry pre-check)
  [  48] INFEAS f=39940.208  a=18.0 b=41.9 gap=23.4 (face=6.7mm) n=[280, 361, 442, 161, 241, 171, 900, 423, 72, 658]  no evaluation (geometry pre-check)
  [  49] INFEAS f=3023.683  a=47.3 b=45.2 gap=37.2 (face=34.3mm) n=[112, 280, 104, 409, 322, 453, 894, 190, 402, 433]  no evaluation (geometry pre-check)
  [  50] INFEAS f=1783.885  a=38.1 b=38.6 gap=23.9 (face=7.8mm) n=[161, 149, 200, 633, 387, 129, 816, 160, 448, 229]  no evaluation (geometry pre-check)
  [  51] INFEAS f=1590.538  a=34.1 b=48.9 gap=23.2 (face=6.3mm) n=[302, 186, 579, 205, 606, 187, 892, 282, 130, 547]  no evaluation (geometry pre-check)
  [  52] INFEAS f=10801.521  a=23.6 b=48.7 gap=30.0 (face=19.9mm) n=[203, 122, 157, 252, 230, 411, 406, 515, 194, 801]  no evaluation (geometry pre-check)
  [  53] INFEAS f=3775.587  a=23.5 b=45.0 gap=22.2 (face=4.3mm) n=[122, 152, 264, 286, 354, 139, 681, 81, 637, 213]  no evaluation (geometry pre-check)
  [  54] OK     f=   1.441  a=39.1 b=50.8 gap=21.7 (face=3.5mm) n=[560, 827, 69, 132, 302, 551, 581, 129, 304, 541]  tape=1.441km B=16.33T unif=0.607% hoop=310MPa
  [  55] INFEAS f=1074.213  a=34.8 b=44.1 gap=22.1 (face=4.3mm) n=[287, 414, 345, 421, 183, 379, 870, 308, 615, 373]  no evaluation (geometry pre-check)
  [  56] OK     f=   1.137  a=34.0 b=48.2 gap=25.7 (face=11.5mm) n=[379, 94, 145, 329, 104, 277, 654, 160, 320, 811]  tape=1.137km B=10.06T unif=0.333% hoop=220MPa
  [  57] OK     f=   0.951  a=36.7 b=41.7 gap=22.8 (face=5.6mm) n=[73, 574, 174, 249, 363, 108, 796, 100, 106, 352]  tape=0.951km B=10.86T unif=0.369% hoop=204MPa
  [  58] INFEAS f=1393.395  a=32.3 b=47.0 gap=36.2 (face=32.3mm) n=[363, 653, 263, 389, 538, 704, 831, 106, 79, 294]  no evaluation (geometry pre-check)
  [  59] INFEAS f=5260.246  a=41.8 b=36.5 gap=22.7 (face=5.3mm) n=[751, 142, 321, 259, 389, 291, 695, 146, 537, 113]  no evaluation (geometry pre-check)
  [  60] OK     f=   2.257  a=46.7 b=77.8 gap=22.1 (face=4.2mm) n=[521, 727, 107, 200, 64, 481, 855, 273, 636, 891]  tape=2.257km B=14.53T unif=0.586% hoop=400MPa
  [  61] INFEAS f=1943.666  a=34.2 b=34.3 gap=21.7 (face=3.4mm) n=[172, 446, 487, 596, 198, 532, 530, 495, 227, 376]  no evaluation (geometry pre-check)
  [  62] INFEAS f=19171.607  a=18.5 b=52.6 gap=21.5 (face=3.0mm) n=[653, 754, 138, 191, 273, 316, 431, 302, 78, 198]  no evaluation (geometry pre-check)
  [  63] INFEAS f=1146.908  a=44.7 b=47.8 gap=22.2 (face=4.4mm) n=[405, 597, 162, 326, 360, 332, 900, 806, 351, 80]  no evaluation (geometry pre-check)
  [  64] OK     f=   1.487  a=47.4 b=57.6 gap=21.9 (face=3.8mm) n=[54, 680, 333, 165, 356, 579, 826, 196, 70, 387]  tape=1.487km B=12.84T unif=0.902% hoop=326MPa
  [  65] viol   f=  20.621  a=27.1 b=53.2 gap=25.7 (face=11.4mm) n=[190, 587, 468, 392, 125, 165, 591, 381, 363, 429]  tape=1.150km B=14.53T unif=1.312% hoop=199MPa
  [  66] OK     f=   1.010  a=28.2 b=45.4 gap=31.0 (face=22.0mm) n=[379, 372, 437, 569, 422, 219, 348, 215, 175, 360]  tape=1.010km B=12.43T unif=0.787% hoop=196MPa
  [  67] OK     f=   1.523  a=45.0 b=60.0 gap=21.7 (face=3.5mm) n=[337, 473, 403, 142, 555, 153, 900, 92, 172, 269]  tape=1.523km B=11.72T unif=0.729% hoop=400MPa
  [  68] INFEAS f=19468.036  a=19.9 b=42.2 gap=22.8 (face=5.6mm) n=[215, 125, 456, 362, 255, 250, 794, 241, 452, 191]  no evaluation (geometry pre-check)
  [  69] OK     f=   1.537  a=37.5 b=60.5 gap=21.7 (face=3.3mm) n=[58, 213, 489, 709, 507, 380, 686, 252, 219, 624]  tape=1.537km B=15.42T unif=0.801% hoop=308MPa
  [  70] OK     f=   1.529  a=36.2 b=55.7 gap=25.8 (face=11.7mm) n=[234, 464, 449, 71, 540, 356, 881, 351, 85, 482]  tape=1.529km B=12.35T unif=0.325% hoop=314MPa
  [  71] INFEAS f=23242.224  a=44.4 b=25.8 gap=21.5 (face=3.0mm) n=[328, 345, 93, 157, 232, 131, 703, 53, 247, 579]  no evaluation (geometry pre-check)
  [  72] viol   f=  13.859  a=36.9 b=50.7 gap=21.5 (face=3.0mm) n=[198, 841, 152, 164, 206, 133, 895, 102, 237, 129]  tape=1.111km B=12.13T unif=1.252% hoop=229MPa
  [  73] OK     f=   2.078  a=47.1 b=67.9 gap=21.9 (face=3.9mm) n=[298, 485, 140, 483, 900, 341, 673, 253, 540, 382]  tape=2.078km B=14.06T unif=0.601% hoop=400MPa
  [  74] viol   f= 105.156  a=42.4 b=59.6 gap=23.6 (face=7.3mm) n=[630, 521, 421, 70, 86, 485, 431, 303, 70, 586]  tape=1.338km B=14.04T unif=1.720% hoop=317MPa
  [  75] INFEAS f=10170.219  a=28.4 b=26.2 gap=28.2 (face=16.4mm) n=[106, 891, 698, 578, 50, 165, 789, 460, 317, 291]  no evaluation (geometry pre-check)
  [  76] INFEAS f=1084.083  a=28.9 b=62.7 gap=21.5 (face=3.1mm) n=[678, 324, 202, 601, 408, 371, 714, 52, 417, 236]  no evaluation (geometry pre-check)
  [  77] viol   f=   8.611  a=29.7 b=50.6 gap=22.3 (face=4.5mm) n=[212, 219, 73, 171, 70, 126, 594, 136, 237, 688]  tape=0.844km B=8.03T unif=0.569% hoop=222MPa
  [  78] INFEAS f=1774.896  a=47.1 b=47.7 gap=22.0 (face=4.0mm) n=[562, 375, 98, 278, 583, 50, 654, 680, 191, 766]  no evaluation (geometry pre-check)
  [  79] OK     f=   1.260  a=33.6 b=51.4 gap=24.9 (face=9.9mm) n=[201, 180, 744, 60, 498, 363, 571, 577, 181, 304]  tape=1.260km B=13.94T unif=0.488% hoop=255MPa
  [  80] viol   f=  16.989  a=48.8 b=57.2 gap=21.6 (face=3.2mm) n=[544, 631, 655, 321, 613, 134, 831, 690, 67, 260]  tape=1.870km B=16.31T unif=1.275% hoop=400MPa
  [  81] viol   f=   1.770  a=44.1 b=71.9 gap=23.8 (face=7.7mm) n=[433, 346, 52, 318, 781, 170, 474, 70, 77, 64]  tape=1.290km B=9.51T unif=0.904% hoop=321MPa
  [  82] INFEAS f=9689.217  a=54.4 b=44.7 gap=21.8 (face=3.5mm) n=[223, 305, 377, 371, 80, 509, 868, 114, 213, 266]  no evaluation (geometry pre-check)
  [  83] viol   f= 199.138  a=25.6 b=45.8 gap=24.0 (face=8.0mm) n=[425, 442, 194, 64, 283, 319, 342, 100, 154, 383]  tape=0.724km B=12.87T unif=1.996% hoop=160MPa
  [  84] OK     f=   1.418  a=43.2 b=55.4 gap=21.5 (face=3.0mm) n=[684, 54, 387, 57, 788, 79, 507, 438, 164, 637]  tape=1.418km B=14.19T unif=0.899% hoop=301MPa
  [  85] INFEAS f=4181.850  a=34.6 b=30.7 gap=21.9 (face=3.8mm) n=[154, 93, 60, 511, 316, 495, 674, 321, 120, 724]  no evaluation (geometry pre-check)
  [  86] INFEAS f=1183.336  a=35.3 b=64.9 gap=23.4 (face=6.8mm) n=[71, 82, 274, 153, 773, 539, 895, 126, 581, 301]  no evaluation (geometry pre-check)
  [  87] INFEAS f=20449.616  a=21.8 b=61.0 gap=21.6 (face=3.1mm) n=[222, 471, 637, 332, 853, 141, 845, 628, 527, 261]  no evaluation (geometry pre-check)
  [  88] INFEAS f=5224.486  a=27.8 b=23.7 gap=22.4 (face=4.8mm) n=[136, 333, 359, 178, 70, 192, 737, 94, 73, 112]  no evaluation (geometry pre-check)
  [  89] INFEAS f=14083.570  a=23.8 b=50.3 gap=23.0 (face=6.1mm) n=[481, 321, 130, 843, 674, 76, 712, 675, 117, 268]  no evaluation (geometry pre-check)
  [  90] OK     f=   1.687  a=46.2 b=70.6 gap=21.5 (face=3.1mm) n=[132, 573, 298, 431, 842, 120, 409, 400, 76, 308]  tape=1.687km B=11.72T unif=0.981% hoop=400MPa
  [  91] viol   f=  10.502  a=34.2 b=53.8 gap=21.8 (face=3.5mm) n=[276, 413, 518, 521, 334, 312, 362, 380, 51, 506]  tape=1.168km B=15.91T unif=1.216% hoop=287MPa
  [  92] INFEAS f=1001.230  a=42.3 b=47.1 gap=22.1 (face=4.2mm) n=[411, 126, 718, 224, 836, 90, 138, 69, 115, 350]  no evaluation (geometry pre-check)
  [  93] OK     f=   1.431  a=36.7 b=62.2 gap=27.7 (face=15.5mm) n=[158, 329, 285, 378, 897, 105, 461, 562, 63, 141]  tape=1.431km B=10.57T unif=0.348% hoop=287MPa
  [  94] OK     f=   1.554  a=44.7 b=67.9 gap=23.0 (face=6.0mm) n=[495, 471, 58, 64, 714, 230, 815, 378, 59, 260]  tape=1.554km B=12.02T unif=0.700% hoop=358MPa
  [  95] OK     f=   1.725  a=38.4 b=67.0 gap=26.4 (face=12.8mm) n=[259, 437, 206, 176, 656, 320, 795, 171, 99, 896]  tape=1.725km B=11.42T unif=0.351% hoop=270MPa
  [  96] OK     f=   2.281  a=60.8 b=78.2 gap=21.7 (face=3.4mm) n=[249, 284, 709, 341, 139, 287, 500, 478, 546, 834]  tape=2.281km B=10.99T unif=0.805% hoop=400MPa
  [  97] viol   f=  21.762  a=39.2 b=59.3 gap=26.7 (face=13.3mm) n=[599, 427, 621, 60, 394, 97, 223, 421, 58, 491]  tape=1.235km B=13.23T unif=1.320% hoop=263MPa
  [  98] INFEAS f=3389.015  a=46.7 b=44.0 gap=23.3 (face=6.6mm) n=[277, 560, 610, 312, 821, 533, 749, 239, 255, 354]  no evaluation (geometry pre-check)
  [  99] OK     f=   1.335  a=41.1 b=49.0 gap=25.6 (face=11.1mm) n=[284, 538, 692, 271, 576, 166, 674, 471, 177, 145]  tape=1.335km B=15.54T unif=0.192% hoop=292MPa
  [ 100] OK     f=   1.746  a=45.9 b=65.6 gap=23.8 (face=7.7mm) n=[155, 487, 691, 316, 880, 366, 365, 252, 90, 264]  tape=1.746km B=12.31T unif=0.886% hoop=400MPa
  [ 101] INFEAS f=2699.159  a=32.8 b=57.4 gap=35.3 (face=30.7mm) n=[177, 313, 299, 897, 237, 366, 900, 161, 67, 175]  no evaluation (geometry pre-check)
  [ 102] INFEAS f=3168.640  a=17.4 b=53.0 gap=23.0 (face=6.0mm) n=[280, 50, 336, 94, 448, 80, 158, 116, 502, 397]  no evaluation (geometry pre-check)
  [ 103] INFEAS f=1002.539  a=48.4 b=53.2 gap=23.6 (face=7.2mm) n=[206, 577, 707, 461, 815, 181, 776, 74, 467, 352]  no evaluation (geometry pre-check)
  [ 104] OK     f=   1.492  a=50.7 b=57.1 gap=33.0 (face=25.9mm) n=[165, 535, 507, 184, 423, 370, 653, 571, 265, 160]  tape=1.492km B=11.26T unif=0.163% hoop=331MPa
  [ 105] INFEAS f=10531.400  a=36.3 b=25.9 gap=25.3 (face=10.7mm) n=[619, 460, 645, 463, 765, 737, 694, 611, 253, 308]  no evaluation (geometry pre-check)
  [ 106] INFEAS f=1217.018  a=54.3 b=57.0 gap=21.9 (face=3.8mm) n=[633, 460, 433, 213, 155, 251, 572, 70, 52, 215]  no evaluation (geometry pre-check)
  [ 107] INFEAS f=14827.134  a=20.9 b=53.3 gap=32.1 (face=24.1mm) n=[151, 774, 269, 644, 566, 333, 267, 417, 88, 58]  no evaluation (geometry pre-check)
  [ 108] OK     f=   1.309  a=33.1 b=52.1 gap=21.6 (face=3.2mm) n=[301, 190, 556, 358, 402, 528, 419, 504, 606, 226]  tape=1.309km B=16.44T unif=0.703% hoop=292MPa
  [ 109] viol   f=  36.494  a=42.6 b=57.6 gap=22.1 (face=4.2mm) n=[129, 592, 464, 405, 531, 452, 294, 221, 630, 145]  tape=1.419km B=15.17T unif=1.419% hoop=365MPa
  [ 110] OK     f=   1.223  a=30.1 b=59.2 gap=22.8 (face=5.6mm) n=[73, 659, 525, 109, 441, 137, 720, 71, 298, 384]  tape=1.223km B=13.88T unif=0.635% hoop=213MPa
  [ 111] INFEAS f=12018.466  a=26.3 b=55.3 gap=24.7 (face=9.3mm) n=[374, 385, 888, 276, 603, 639, 678, 129, 380, 57]  no evaluation (geometry pre-check)
  [ 112] OK     f=   1.154  a=40.0 b=51.1 gap=22.1 (face=4.3mm) n=[347, 309, 584, 167, 576, 239, 528, 163, 286, 237]  tape=1.154km B=14.17T unif=0.765% hoop=317MPa
  [ 113] OK     f=   1.949  a=35.3 b=61.5 gap=27.1 (face=14.2mm) n=[183, 512, 783, 647, 661, 391, 600, 734, 129, 714]  tape=1.949km B=17.82T unif=0.670% hoop=293MPa
  [ 114] OK     f=   1.387  a=30.1 b=61.0 gap=21.7 (face=3.5mm) n=[290, 277, 525, 366, 279, 480, 646, 381, 189, 366]  tape=1.387km B=14.82T unif=0.856% hoop=305MPa
  [ 115] INFEAS f=4569.649  a=42.7 b=38.3 gap=21.8 (face=3.5mm) n=[337, 589, 736, 126, 469, 352, 378, 436, 442, 318]  no evaluation (geometry pre-check)
  [ 116] viol   f=  10.199  a=38.9 b=45.8 gap=21.6 (face=3.1mm) n=[623, 879, 885, 149, 789, 477, 750, 141, 403, 242]  tape=1.711km B=24.46T unif=1.206% hoop=329MPa
  [ 117] INFEAS f=1001.910  a=44.1 b=48.9 gap=21.6 (face=3.2mm) n=[564, 105, 884, 517, 837, 323, 894, 250, 129, 174]  no evaluation (geometry pre-check)
  [ 118] OK     f=   2.254  a=48.5 b=82.9 gap=21.7 (face=3.4mm) n=[314, 718, 408, 203, 759, 118, 688, 519, 588, 294]  tape=2.254km B=14.87T unif=0.855% hoop=400MPa
  [ 119] OK     f=   1.718  a=31.4 b=65.8 gap=23.5 (face=7.0mm) n=[456, 695, 372, 420, 737, 121, 598, 202, 492, 370]  tape=1.718km B=17.49T unif=0.902% hoop=307MPa
  [ 120] viol   f=   1.525  a=43.2 b=56.8 gap=26.3 (face=12.6mm) n=[249, 563, 290, 61, 56, 143, 878, 98, 349, 464]  tape=1.300km B=9.66T unif=0.107% hoop=240MPa
  [ 121] viol   f= 194.413  a=43.8 b=58.1 gap=21.6 (face=3.2mm) n=[513, 695, 409, 483, 260, 191, 625, 433, 212, 104]  tape=1.503km B=16.05T unif=1.982% hoop=392MPa
  [ 122] OK     f=   0.876  a=33.7 b=45.7 gap=23.5 (face=7.1mm) n=[153, 401, 394, 232, 224, 421, 598, 193, 59, 119]  tape=0.876km B=11.41T unif=0.740% hoop=248MPa
  [ 123] OK     f=   1.606  a=39.1 b=59.5 gap=21.6 (face=3.2mm) n=[271, 554, 729, 125, 454, 56, 801, 569, 646, 61]  tape=1.606km B=15.97T unif=0.781% hoop=319MPa
  [ 124] viol   f=   9.788  a=39.9 b=53.6 gap=26.1 (face=12.3mm) n=[239, 63, 67, 263, 235, 425, 746, 126, 115, 192]  tape=0.955km B=7.90T unif=0.270% hoop=247MPa
  [ 125] OK     f=   1.523  a=40.8 b=70.2 gap=27.3 (face=14.5mm) n=[329, 159, 254, 98, 575, 129, 636, 366, 789, 112]  tape=1.523km B=10.17T unif=0.362% hoop=256MPa
  [ 126] viol   f=   4.965  a=56.1 b=76.3 gap=24.2 (face=8.5mm) n=[267, 612, 263, 79, 701, 358, 484, 277, 461, 79]  tape=1.749km B=11.28T unif=1.127% hoop=376MPa
  [ 127] INFEAS f=11039.516  a=24.4 b=49.6 gap=22.9 (face=5.8mm) n=[509, 270, 567, 167, 206, 321, 825, 349, 456, 185]  no evaluation (geometry pre-check)
  [ 128] OK     f=   1.483  a=38.5 b=68.8 gap=23.5 (face=7.1mm) n=[241, 292, 505, 164, 129, 596, 237, 659, 535, 245]  tape=1.483km B=12.10T unif=0.542% hoop=288MPa
  [ 129] OK     f=   1.392  a=31.2 b=61.7 gap=21.6 (face=3.2mm) n=[302, 573, 416, 77, 603, 268, 709, 240, 433, 123]  tape=1.392km B=14.81T unif=0.916% hoop=275MPa
  [ 130] OK     f=   0.902  a=34.4 b=49.5 gap=23.0 (face=6.0mm) n=[366, 110, 647, 149, 240, 168, 610, 225, 83, 117]  tape=0.902km B=11.14T unif=0.471% hoop=213MPa
  [ 131] INFEAS f=3280.141  a=29.9 b=59.1 gap=21.8 (face=3.6mm) n=[461, 267, 838, 413, 576, 569, 597, 497, 519, 155]  no evaluation (geometry pre-check)
  [ 132] INFEAS f=1073.412  a=48.8 b=52.5 gap=21.7 (face=3.4mm) n=[91, 339, 792, 216, 317, 718, 653, 68, 163, 483]  no evaluation (geometry pre-check)
  [ 133] INFEAS f=9670.193  a=24.4 b=51.3 gap=21.8 (face=3.5mm) n=[325, 198, 805, 76, 709, 592, 71, 440, 744, 243]  no evaluation (geometry pre-check)
  [ 134] OK     f=   1.274  a=30.4 b=55.9 gap=25.9 (face=11.7mm) n=[442, 484, 414, 355, 284, 432, 543, 300, 355, 316]  tape=1.274km B=15.78T unif=0.957% hoop=258MPa
  [ 135] OK     f=   1.462  a=43.5 b=52.9 gap=22.8 (face=5.6mm) n=[252, 281, 897, 218, 90, 563, 601, 481, 130, 168]  tape=1.462km B=13.75T unif=0.357% hoop=300MPa
  [ 136] OK     f=   1.279  a=45.2 b=59.3 gap=28.7 (face=17.5mm) n=[186, 81, 334, 124, 358, 454, 549, 597, 357, 290]  tape=1.279km B=10.21T unif=0.352% hoop=294MPa
  [ 137] OK     f=   1.688  a=49.1 b=78.3 gap=21.7 (face=3.5mm) n=[108, 151, 639, 136, 327, 386, 562, 775, 90, 267]  tape=1.688km B=10.90T unif=0.839% hoop=351MPa
  [ 138] INFEAS f=1300.017  a=27.3 b=61.6 gap=21.7 (face=3.4mm) n=[270, 118, 54, 219, 302, 449, 693, 284, 231, 342]  no evaluation (geometry pre-check)
  [ 139] OK     f=   1.584  a=36.4 b=70.3 gap=29.5 (face=19.0mm) n=[164, 739, 396, 406, 459, 89, 700, 108, 218, 499]  tape=1.584km B=12.61T unif=0.584% hoop=316MPa
  [ 140] OK     f=   0.792  a=30.7 b=42.0 gap=23.7 (face=7.5mm) n=[376, 406, 541, 108, 286, 69, 384, 320, 233, 98]  tape=0.792km B=12.91T unif=0.664% hoop=210MPa
  [ 141] OK     f=   1.113  a=42.4 b=51.4 gap=23.1 (face=6.1mm) n=[53, 579, 775, 235, 75, 129, 813, 215, 120, 92]  tape=1.113km B=12.17T unif=0.171% hoop=235MPa
  [ 142] INFEAS f=6156.482  a=21.6 b=38.0 gap=25.0 (face=10.0mm) n=[54, 325, 361, 309, 361, 228, 678, 289, 484, 63]  no evaluation (geometry pre-check)
  [ 143] INFEAS f=4453.264  a=31.1 b=52.5 gap=29.6 (face=19.2mm) n=[144, 539, 125, 291, 438, 88, 899, 734, 257, 84]  no evaluation (geometry pre-check)
  [ 144] INFEAS f=2109.956  a=58.8 b=58.5 gap=33.4 (face=26.8mm) n=[251, 878, 820, 66, 74, 402, 861, 374, 625, 56]  no evaluation (geometry pre-check)
  [ 145] OK     f=   0.891  a=30.6 b=44.9 gap=22.5 (face=5.0mm) n=[473, 210, 582, 274, 181, 51, 261, 557, 421, 74]  tape=0.891km B=13.39T unif=0.392% hoop=204MPa
  [ 146] viol   f=  23.496  a=44.0 b=65.5 gap=21.5 (face=3.1mm) n=[275, 191, 534, 274, 71, 218, 415, 170, 336, 147]  tape=1.082km B=9.74T unif=1.334% hoop=291MPa
  [ 147] viol   f=   4.534  a=39.8 b=49.0 gap=27.1 (face=14.2mm) n=[798, 535, 745, 88, 447, 187, 888, 545, 50, 117]  tape=1.517km B=16.89T unif=1.123% hoop=270MPa
  [ 148] OK     f=   1.631  a=42.5 b=52.7 gap=21.7 (face=3.5mm) n=[438, 209, 588, 305, 585, 298, 805, 285, 514, 286]  tape=1.631km B=15.71T unif=0.660% hoop=385MPa
  [ 149] OK     f=   1.319  a=29.8 b=50.8 gap=25.6 (face=11.2mm) n=[277, 523, 626, 250, 178, 601, 485, 605, 625, 247]  tape=1.319km B=16.69T unif=0.509% hoop=229MPa
  [ 150] viol   f=   8.401  a=34.7 b=52.5 gap=25.7 (face=11.4mm) n=[211, 558, 738, 319, 212, 226, 142, 408, 88, 142]  tape=1.101km B=12.37T unif=1.191% hoop=246MPa
  [ 151] viol   f=  10.170  a=27.9 b=54.8 gap=23.1 (face=6.2mm) n=[89, 432, 415, 259, 153, 208, 308, 148, 400, 113]  tape=0.785km B=11.40T unif=1.217% hoop=173MPa
  [ 152] viol   f=  97.915  a=38.0 b=59.0 gap=21.6 (face=3.3mm) n=[489, 364, 557, 203, 255, 152, 503, 128, 341, 223]  tape=1.166km B=13.49T unif=1.696% hoop=294MPa
  [ 153] viol   f=   1.428  a=39.1 b=60.2 gap=23.4 (face=6.7mm) n=[50, 529, 553, 62, 448, 144, 733, 259, 163, 257]  tape=1.252km B=11.76T unif=1.030% hoop=260MPa
  [ 154] INFEAS f=2959.653  a=30.7 b=51.4 gap=27.5 (face=15.0mm) n=[257, 851, 705, 240, 209, 51, 693, 532, 442, 244]  no evaluation (geometry pre-check)
  [ 155] INFEAS f=1412.761  a=19.2 b=55.7 gap=22.5 (face=5.0mm) n=[144, 418, 213, 270, 426, 53, 353, 146, 483, 203]  no evaluation (geometry pre-check)
  [ 156] INFEAS f=1002.492  a=30.1 b=44.5 gap=22.3 (face=4.6mm) n=[447, 221, 727, 116, 453, 295, 51, 348, 291, 404]  no evaluation (geometry pre-check)
  [ 157] INFEAS f=1173.184  a=32.7 b=59.4 gap=29.4 (face=18.8mm) n=[406, 186, 824, 242, 363, 260, 322, 778, 227, 429]  no evaluation (geometry pre-check)
  [ 158] OK     f=   1.676  a=40.5 b=50.9 gap=22.6 (face=5.3mm) n=[453, 514, 900, 309, 149, 182, 615, 325, 625, 352]  tape=1.676km B=16.61T unif=0.796% hoop=374MPa
  [ 159] INFEAS f=4749.894  a=25.9 b=60.3 gap=22.0 (face=4.0mm) n=[297, 380, 766, 116, 284, 359, 456, 571, 393, 185]  no evaluation (geometry pre-check)
  [ 160] OK     f=   1.396  a=38.8 b=61.7 gap=22.5 (face=4.9mm) n=[210, 433, 643, 105, 554, 66, 401, 391, 586, 311]  tape=1.396km B=13.90T unif=0.968% hoop=295MPa
  [ 161] INFEAS f=1747.930  a=26.5 b=46.3 gap=26.1 (face=12.2mm) n=[147, 427, 531, 416, 102, 449, 552, 434, 696, 105]  no evaluation (geometry pre-check)
  [ 162] OK     f=   1.644  a=38.5 b=60.5 gap=22.5 (face=5.1mm) n=[277, 430, 546, 238, 563, 405, 312, 685, 703, 204]  tape=1.644km B=15.60T unif=0.668% hoop=346MPa
  [ 163] viol   f=  22.156  a=29.9 b=44.3 gap=21.6 (face=3.1mm) n=[102, 409, 713, 200, 276, 453, 626, 309, 274, 174]  tape=1.085km B=15.16T unif=1.325% hoop=233MPa
  [ 164] INFEAS f=8598.893  a=27.4 b=42.3 gap=22.3 (face=4.6mm) n=[370, 234, 795, 176, 164, 608, 185, 870, 318, 129]  no evaluation (geometry pre-check)
  [ 165] viol   f= 285.976  a=24.0 b=37.9 gap=28.0 (face=16.1mm) n=[283, 538, 378, 93, 348, 63, 368, 492, 180, 155]  tape=0.711km B=11.87T unif=2.194% hoop=143MPa
  [ 166] INFEAS f=1098.421  a=42.0 b=45.5 gap=22.3 (face=4.5mm) n=[363, 401, 438, 161, 487, 67, 391, 324, 526, 110]  no evaluation (geometry pre-check)
  [ 167] viol   f= 663.178  a=30.7 b=40.4 gap=26.9 (face=13.7mm) n=[384, 207, 732, 173, 123, 248, 74, 60, 381, 516]  tape=0.877km B=10.95T unif=2.820% hoop=171MPa
  [ 168] OK     f=   1.280  a=33.4 b=45.8 gap=22.4 (face=4.9mm) n=[352, 257, 447, 359, 777, 89, 538, 344, 514, 194]  tape=1.280km B=14.76T unif=0.472% hoop=302MPa
  [ 169] OK     f=   1.655  a=44.0 b=56.8 gap=23.9 (face=7.8mm) n=[392, 411, 445, 65, 595, 199, 755, 488, 751, 276]  tape=1.655km B=14.65T unif=0.140% hoop=398MPa
  [ 170] OK     f=   1.240  a=31.6 b=49.4 gap=21.5 (face=3.1mm) n=[259, 254, 591, 80, 755, 89, 334, 484, 445, 420]  tape=1.240km B=14.34T unif=0.526% hoop=283MPa
  [ 171] OK     f=   1.192  a=31.8 b=52.0 gap=22.0 (face=4.1mm) n=[418, 200, 740, 64, 357, 144, 417, 546, 446, 115]  tape=1.192km B=13.69T unif=0.793% hoop=248MPa
  [ 172] OK     f=   1.068  a=32.5 b=48.8 gap=25.8 (face=11.6mm) n=[238, 392, 530, 73, 336, 448, 61, 654, 355, 225]  tape=1.068km B=12.17T unif=0.352% hoop=224MPa
  [ 173] INFEAS f=11267.964  a=18.1 b=55.9 gap=26.2 (face=12.4mm) n=[387, 378, 442, 404, 516, 182, 521, 341, 659, 220]  no evaluation (geometry pre-check)
  [ 174] OK     f=   1.182  a=30.5 b=50.4 gap=21.9 (face=3.9mm) n=[86, 440, 580, 270, 341, 497, 154, 244, 690, 304]  tape=1.182km B=14.21T unif=0.676% hoop=251MPa
  [ 175] viol   f=  29.713  a=40.9 b=55.1 gap=22.2 (face=4.5mm) n=[137, 825, 691, 334, 609, 135, 216, 393, 657, 330]  tape=1.629km B=17.40T unif=1.375% hoop=319MPa
  [ 176] INFEAS f=1938.730  a=26.4 b=60.8 gap=23.6 (face=7.2mm) n=[256, 459, 546, 274, 701, 401, 574, 595, 373, 215]  no evaluation (geometry pre-check)
  [ 177] OK     f=   1.039  a=32.3 b=49.8 gap=22.4 (face=4.8mm) n=[207, 369, 582, 104, 173, 297, 359, 411, 466, 280]  tape=1.039km B=13.04T unif=0.754% hoop=229MPa
  [ 178] OK     f=   1.038  a=29.0 b=56.8 gap=28.8 (face=17.6mm) n=[57, 116, 632, 441, 283, 272, 227, 207, 407, 296]  tape=1.038km B=10.06T unif=0.658% hoop=240MPa
  [ 179] INFEAS f=1002.082  a=30.7 b=57.7 gap=21.9 (face=3.8mm) n=[132, 213, 218, 451, 276, 243, 236, 743, 237, 600]  no evaluation (geometry pre-check)
  [ 180] INFEAS f=1340.847  a=28.0 b=62.9 gap=21.8 (face=3.5mm) n=[252, 676, 714, 177, 229, 106, 237, 257, 462, 466]  no evaluation (geometry pre-check)
  [ 181] OK     f=   1.172  a=33.0 b=47.9 gap=22.7 (face=5.5mm) n=[243, 262, 462, 305, 133, 346, 342, 668, 465, 359]  tape=1.172km B=13.07T unif=0.313% hoop=292MPa
  [ 182] OK     f=   1.524  a=38.8 b=60.7 gap=22.4 (face=4.7mm) n=[224, 475, 739, 174, 433, 235, 111, 338, 892, 73]  tape=1.524km B=12.76T unif=0.846% hoop=312MPa
  [ 183] INFEAS f=5525.453  a=20.1 b=44.6 gap=26.9 (face=13.8mm) n=[277, 616, 524, 266, 100, 508, 375, 351, 625, 152]  no evaluation (geometry pre-check)
  [ 184] viol   f=   8.014  a=50.2 b=68.1 gap=24.8 (face=9.6mm) n=[67, 659, 824, 418, 472, 258, 337, 552, 544, 180]  tape=1.957km B=13.96T unif=1.174% hoop=400MPa
  [ 185] OK     f=   1.825  a=48.4 b=55.1 gap=23.5 (face=7.0mm) n=[265, 838, 644, 239, 198, 633, 219, 796, 696, 219]  tape=1.825km B=17.25T unif=0.527% hoop=367MPa
  [ 186] INFEAS f=1178.280  a=35.2 b=56.9 gap=22.8 (face=5.5mm) n=[54, 408, 893, 97, 147, 264, 257, 367, 393, 151]  no evaluation (geometry pre-check)
  [ 187] OK     f=   1.868  a=48.3 b=63.6 gap=22.9 (face=5.8mm) n=[129, 358, 847, 275, 264, 899, 83, 476, 780, 241]  tape=1.868km B=14.57T unif=0.673% hoop=362MPa
  [ 188] OK     f=   1.052  a=30.3 b=42.7 gap=23.7 (face=7.4mm) n=[162, 253, 568, 478, 141, 500, 357, 645, 515, 106]  tape=1.052km B=14.71T unif=0.810% hoop=219MPa
  [ 189] viol   f=   1.494  a=38.1 b=50.6 gap=25.7 (face=11.4mm) n=[338, 462, 490, 169, 158, 66, 330, 391, 478, 141]  tape=0.956km B=12.00T unif=1.052% hoop=236MPa
  [ 190] INFEAS f=1554.465  a=28.1 b=58.4 gap=25.8 (face=11.7mm) n=[207, 86, 358, 278, 91, 139, 729, 217, 273, 164]  no evaluation (geometry pre-check)
  [ 191] viol   f=   1.614  a=30.7 b=52.1 gap=23.8 (face=7.5mm) n=[64, 432, 605, 548, 189, 220, 219, 453, 287, 455]  tape=1.113km B=14.19T unif=1.050% hoop=238MPa
  [ 192] INFEAS f=1934.363  a=33.7 b=58.6 gap=21.5 (face=3.0mm) n=[96, 491, 897, 83, 125, 306, 411, 186, 703, 562]  no evaluation (geometry pre-check)
  [ 193] viol   f=  42.163  a=32.7 b=67.8 gap=21.6 (face=3.3mm) n=[65, 76, 699, 101, 54, 249, 260, 740, 245, 169]  tape=1.082km B=9.66T unif=1.452% hoop=250MPa
  [ 194] INFEAS f=1674.367  a=26.9 b=45.1 gap=23.4 (face=6.7mm) n=[174, 474, 702, 355, 333, 496, 131, 613, 464, 229]  no evaluation (geometry pre-check)
  [ 195] OK     f=   1.494  a=33.6 b=56.2 gap=29.7 (face=19.4mm) n=[110, 266, 760, 561, 348, 658, 257, 526, 644, 106]  tape=1.494km B=13.49T unif=0.609% hoop=249MPa
  [ 196] OK     f=   1.655  a=39.0 b=65.8 gap=29.8 (face=19.6mm) n=[82, 139, 737, 217, 478, 574, 277, 508, 758, 320]  tape=1.655km B=12.05T unif=0.295% hoop=264MPa
  [ 197] OK     f=   1.283  a=29.0 b=58.9 gap=24.7 (face=9.5mm) n=[158, 67, 572, 309, 390, 433, 261, 392, 656, 404]  tape=1.283km B=12.63T unif=0.811% hoop=236MPa
  [ 198] OK     f=   1.258  a=37.9 b=62.5 gap=25.9 (face=11.8mm) n=[106, 291, 697, 117, 171, 410, 171, 526, 294, 341]  tape=1.258km B=10.72T unif=0.776% hoop=242MPa
  [ 199] OK     f=   1.547  a=46.8 b=63.6 gap=26.1 (face=12.1mm) n=[314, 366, 614, 389, 148, 403, 492, 539, 250, 303]  tape=1.547km B=13.08T unif=0.833% hoop=362MPa
  [ 200] INFEAS f=5173.191  a=20.4 b=38.1 gap=24.4 (face=8.8mm) n=[252, 390, 628, 363, 84, 405, 247, 573, 406, 269]  no evaluation (geometry pre-check)
  [ 201] INFEAS f=3835.092  a=25.8 b=54.9 gap=22.4 (face=4.8mm) n=[418, 341, 742, 592, 161, 494, 85, 522, 662, 147]  no evaluation (geometry pre-check)
  [ 202] INFEAS f=13168.528  a=23.6 b=46.0 gap=27.7 (face=15.4mm) n=[133, 204, 828, 647, 59, 310, 65, 676, 497, 167]  no evaluation (geometry pre-check)
  [ 203] OK     f=   1.690  a=39.5 b=58.1 gap=28.9 (face=17.8mm) n=[410, 351, 799, 308, 398, 493, 376, 618, 450, 101]  tape=1.690km B=13.95T unif=0.326% hoop=330MPa
  [ 204] OK     f=   1.526  a=38.9 b=65.6 gap=23.8 (face=7.5mm) n=[138, 129, 757, 254, 473, 338, 419, 395, 560, 167]  tape=1.526km B=12.92T unif=0.806% hoop=336MPa
  [ 205] INFEAS f=4883.882  a=27.2 b=52.7 gap=27.3 (face=14.6mm) n=[212, 181, 638, 390, 302, 392, 465, 500, 803, 257]  no evaluation (geometry pre-check)
  [ 206] INFEAS f=2849.238  a=29.6 b=52.0 gap=27.1 (face=14.2mm) n=[394, 391, 817, 426, 376, 339, 308, 733, 632, 294]  no evaluation (geometry pre-check)
  [ 207] OK     f=   1.439  a=41.1 b=65.6 gap=23.9 (face=7.8mm) n=[344, 50, 660, 204, 345, 233, 474, 543, 426, 235]  tape=1.439km B=12.29T unif=0.975% hoop=292MPa
  [ 208] INFEAS f=2674.085  a=30.0 b=56.6 gap=24.7 (face=9.5mm) n=[248, 73, 824, 346, 221, 417, 268, 809, 495, 224]  no evaluation (geometry pre-check)
  [ 209] OK     f=   1.129  a=35.6 b=47.4 gap=25.2 (face=10.3mm) n=[88, 288, 631, 166, 286, 528, 395, 488, 373, 284]  tape=1.129km B=13.11T unif=0.374% hoop=241MPa
  [ 210] OK     f=   1.223  a=36.9 b=46.4 gap=21.7 (face=3.3mm) n=[281, 356, 701, 333, 111, 489, 95, 732, 442, 206]  tape=1.223km B=14.86T unif=0.426% hoop=294MPa  [a=39 b=51 nt=3996] KSP converged reason: 4, iterations: 1
  [a=27 b=53 nt=3691] KSP converged reason: 4, iterations: 1
  [a=37 b=51 nt=3057] KSP converged reason: 4, iterations: 1
  [a=30 b=51 nt=2526] KSP converged reason: 4, iterations: 1
  [a=34 b=54 nt=3673] KSP converged reason: 4, iterations: 1
  [a=33 b=52 nt=4090] KSP converged reason: 4, iterations: 1
  [a=39 b=46 nt=5338] KSP converged reason: 4, iterations: 1
  [a=44 b=58 nt=3925] KSP converged reason: 4, iterations: 1
  [a=38 b=69 nt=3603] KSP converged reason: 4, iterations: 1
  [a=30 b=56 nt=3925] KSP converged reason: 4, iterations: 1
  [a=35 b=53 nt=3044] KSP converged reason: 4, iterations: 1
  [a=28 b=55 nt=2525] KSP converged reason: 4, iterations: 1
  [a=39 b=60 nt=4363] KSP converged reason: 4, iterations: 1
  [a=32 b=52 nt=3447] KSP converged reason: 4, iterations: 1
  [a=41 b=55 nt=4327] KSP converged reason: 4, iterations: 1
  [a=48 b=55 nt=4747] KSP converged reason: 4, iterations: 1
  [a=31 b=52 nt=3472] KSP converged reason: 4, iterations: 1
  [a=38 b=62 nt=3124] KSP converged reason: 4, iterations: 1
  [a=41 b=66 nt=3514] KSP converged reason: 4, iterations: 1
  [a=42 b=56 nt=4334] KSP converged reason: 4, iterations: 1
  [a=32 b=46 nt=2941] KSP converged reason: 4, iterations: 1
  [a=35 b=56 nt=2224] KSP converged reason: 4, iterations: 1
  [a=34 b=51 nt=3555] KSP converged reason: 4, iterations: 1
  [a=35 b=47 nt=2777] KSP converged reason: 4, iterations: 1
  [a=35 b=44 nt=3391] KSP converged reason: 4, iterations: 1
  [a=47 b=78 nt=4755] KSP converged reason: 4, iterations: 1
  [a=47 b=68 nt=4495] KSP converged reason: 4, iterations: 1
  [a=26 b=46 nt=2706] KSP converged reason: 4, iterations: 1
  [a=45 b=68 nt=3544] KSP converged reason: 4, iterations: 1
  [a=46 b=66 nt=3866] KSP converged reason: 4, iterations: 1
  [a=30 b=61 nt=3799] KSP converged reason: 4, iterations: 1
  [a=43 b=57 nt=3151] KSP converged reason: 4, iterations: 1
  [a=56 b=76 nt=3581] KSP converged reason: 4, iterations: 1
  [a=45 b=59 nt=3330] KSP converged reason: 4, iterations: 1
  [a=42 b=53 nt=4313] KSP converged reason: 4, iterations: 1
  [a=31 b=40 nt=2898] KSP converged reason: 4, iterations: 1
  [a=31 b=50 nt=3606] KSP converged reason: 4, iterations: 1
  [a=33 b=48 nt=3585] KSP converged reason: 4, iterations: 1
  [a=33 b=68 nt=2658] KSP converged reason: 4, iterations: 1
  [a=29 b=59 nt=3642] KSP converged reason: 4, iterations: 1
  [a=37 b=46 nt=3746] KSP converged reason: 4, iterations: 1
  [a=33 b=63 nt=3519] KSP converged reason: 4, iterations: 1
  [a=44 b=60 nt=3140] KSP converged reason: 4, iterations: 1
  [a=37 b=55 nt=3065] KSP converged reason: 4, iterations: 1
  [a=39 b=49 nt=3067] KSP converged reason: 4, iterations: 1
  [a=34 b=48 nt=2965] KSP converged reason: 4, iterations: 1
  [a=37 b=46 nt=3173] KSP converged reason: 4, iterations: 1
  [a=37 b=42 nt=2895] KSP converged reason: 4, iterations: 1
  [a=45 b=60 nt=3496] KSP converged reason: 4, iterations: 1
  [a=44 b=72 nt=2785] KSP converged reason: 4, iterations: 1
  [a=46 b=71 nt=3589] KSP converged reason: 4, iterations: 1
  [a=41 b=49 nt=3994] KSP converged reason: 4, iterations: 1
  [a=40 b=51 nt=3436] KSP converged reason: 4, iterations: 1
  [a=34 b=46 nt=2794] KSP converged reason: 4, iterations: 1
  [a=34 b=50 nt=2715] KSP converged reason: 4, iterations: 1
  [a=49 b=78 nt=3441] KSP converged reason: 4, iterations: 1
  [a=31 b=45 nt=3084] KSP converged reason: 4, iterations: 1
  [a=39 b=60 nt=3198] KSP converged reason: 4, iterations: 1
  [a=39 b=62 nt=3700] KSP converged reason: 4, iterations: 1
  [a=32 b=49 nt=3312] KSP converged reason: 4, iterations: 1
  [a=29 b=57 nt=2938] KSP converged reason: 4, iterations: 1
  [a=30 b=43 nt=3725] KSP converged reason: 4, iterations: 1
  [a=47 b=64 nt=3818] KSP converged reason: 4, iterations: 1
  [a=38 b=55 nt=3885] KSP converged reason: 4, iterations: 1
  [a=40 b=57 nt=3981] KSP converged reason: 4, iterations: 1
  [a=32 b=56 nt=3087] KSP converged reason: 4, iterations: 1
  [a=33 b=51 nt=2767] KSP converged reason: 4, iterations: 1
  [a=31 b=37 nt=3387] KSP converged reason: 4, iterations: 1
  [a=28 b=45 nt=3496] KSP converged reason: 4, iterations: 1
  [a=36 b=56 nt=3913] KSP converged reason: 4, iterations: 1
  [a=34 b=51 nt=3679] KSP converged reason: 4, iterations: 1
  [a=37 b=62 nt=3379] KSP converged reason: 4, iterations: 1
  [a=39 b=59 nt=3391] KSP converged reason: 4, iterations: 1
  [a=43 b=58 nt=3863] KSP converged reason: 4, iterations: 1
  [a=49 b=83 nt=4609] KSP converged reason: 4, iterations: 1
  [a=41 b=70 nt=3447] KSP converged reason: 4, iterations: 1
  [a=36 b=70 nt=3778] KSP converged reason: 4, iterations: 1
  [a=40 b=49 nt=4400] KSP converged reason: 4, iterations: 1
  [a=38 b=59 nt=3215] KSP converged reason: 4, iterations: 1
  [a=30 b=44 nt=3536] KSP converged reason: 4, iterations: 1
  [a=33 b=46 nt=3871] KSP converged reason: 4, iterations: 1
  [a=32 b=50 nt=3248] KSP converged reason: 4, iterations: 1
  [a=38 b=51 nt=3023] KSP converged reason: 4, iterations: 1
  [a=36 b=47 nt=3527] KSP converged reason: 4, iterations: 1
  [a=41 b=56 nt=3878] KSP converged reason: 4, iterations: 1
  [a=38 b=51 nt=3646] KSP converged reason: 4, iterations: 1
  [a=45 b=62 nt=3797] KSP converged reason: 4, iterations: 1
  [a=36 b=51 nt=3209] KSP converged reason: 4, iterations: 1
  [a=35 b=53 nt=3440] KSP converged reason: 4, iterations: 1
  [a=29 b=49 nt=3017] KSP converged reason: 4, iterations: 1
  [a=47 b=58 nt=3646] KSP converged reason: 4, iterations: 1
  [a=37 b=61 nt=4137] KSP converged reason: 4, iterations: 1
  [a=43 b=55 nt=3795] KSP converged reason: 4, iterations: 1
  [a=38 b=67 nt=4015] KSP converged reason: 4, iterations: 1
  [a=51 b=57 nt=3833] KSP converged reason: 4, iterations: 1
  [a=31 b=66 nt=4463] KSP converged reason: 4, iterations: 1
  [a=39 b=59 nt=4266] KSP converged reason: 4, iterations: 1
  [a=44 b=53 nt=3681] KSP converged reason: 4, iterations: 1
  [a=42 b=51 nt=3086] KSP converged reason: 4, iterations: 1
  [a=30 b=51 nt=4417] KSP converged reason: 4, iterations: 1
  [a=40 b=51 nt=4424] KSP converged reason: 4, iterations: 1
  [a=32 b=49 nt=3711] KSP converged reason: 4, iterations: 1
  [a=39 b=61 nt=3694] KSP converged reason: 4, iterations: 1
  [a=48 b=64 nt=4352] KSP converged reason: 4, iterations: 1
  [a=34 b=56 nt=4236] KSP converged reason: 4, iterations: 1
  [a=39 b=66 nt=3630] KSP converged reason: 4, iterations: 1
  [a=36 b=57 nt=3718] KSP converged reason: 4, iterations: 1
  [a=36 b=45 nt=3528] KSP converged reason: 4, iterations: 1
  [a=30 b=56 nt=3194] KSP converged reason: 4, iterations: 1
  [a=30 b=47 nt=3204] KSP converged reason: 4, iterations: 1
  [a=30 b=46 nt=2767] KSP converged reason: 4, iterations: 1
  [a=32 b=60 nt=3456] KSP converged reason: 4, iterations: 1
  [a=34 b=48 nt=3273] KSP converged reason: 4, iterations: 1
  [a=42 b=60 nt=3603] KSP converged reason: 4, iterations: 1
  [a=49 b=57 nt=4746] KSP converged reason: 4, iterations: 1
  [a=61 b=78 nt=4367] KSP converged reason: 4, iterations: 1
  [a=30 b=59 nt=3417] KSP converged reason: 4, iterations: 1
  [a=35 b=61 nt=5354] KSP converged reason: 4, iterations: 1
  [a=40 b=54 nt=2471] KSP converged reason: 4, iterations: 1
  [a=31 b=62 nt=3744] KSP converged reason: 4, iterations: 1
  [a=31 b=42 nt=2821] KSP converged reason: 4, iterations: 1
  [a=44 b=66 nt=2631] KSP converged reason: 4, iterations: 1
  [a=24 b=38 nt=2898] KSP converged reason: 4, iterations: 1
  [a=44 b=57 nt=4377] KSP converged reason: 4, iterations: 1
  [a=50 b=68 nt=4311] KSP converged reason: 4, iterations: 1
  [a=39 b=66 nt=4090] KSP converged reason: 4, iterations: 1
  [a=39 b=58 nt=4304] KSP converged reason: 4, iterations: 1
  [a=35 b=49 nt=2492] KSP converged reason: 4, iterations: 1
  [a=40 b=75 nt=4330] KSP converged reason: 4, iterations: 1
  [a=41 b=64 nt=3539] KSP converged reason: 4, iterations: 1
  [a=34 b=49 nt=2724] KSP converged reason: 4, iterations: 1
  [a=40 b=47 nt=2905] KSP converged reason: 4, iterations: 1
  [a=32 b=60 nt=3645] KSP converged reason: 4, iterations: 1
  [a=29 b=51 nt=3299] KSP converged reason: 4, iterations: 1

  [ 211] OK     f=   1.430  a=41.5 b=55.9 gap=26.6 (face=13.2mm) n=[399, 205, 652, 250, 394, 518, 173, 431, 482, 374]  tape=1.430km B=13.61T unif=0.542% hoop=314MPa
  [ 212] viol   f=   5.086  a=35.9 b=56.9 gap=24.3 (face=8.6mm) n=[382, 337, 818, 253, 360, 290, 347, 329, 328, 274]  tape=1.486km B=13.69T unif=1.134% hoop=397MPa
  [ 213] INFEAS f=1002.659  a=55.1 b=59.9 gap=22.7 (face=5.5mm) n=[211, 308, 543, 184, 496, 354, 802, 433, 186, 295]  no evaluation (geometry pre-check)
  [ 214] INFEAS f=1629.645  a=45.6 b=46.6 gap=22.7 (face=5.4mm) n=[89, 347, 745, 267, 306, 755, 711, 382, 396, 276]  no evaluation (geometry pre-check)
  [ 215] OK     f=   1.434  a=38.3 b=55.2 gap=22.0 (face=4.1mm) n=[84, 293, 591, 240, 531, 410, 364, 443, 737, 192]  tape=1.434km B=14.06T unif=0.897% hoop=320MPa
  [ 216] OK     f=   0.832  a=35.0 b=49.4 gap=23.6 (face=7.2mm) n=[325, 152, 592, 112, 168, 389, 401, 103, 68, 182]  tape=0.832km B=10.34T unif=0.411% hoop=208MPa
  [ 217] OK     f=   1.642  a=42.4 b=56.0 gap=22.2 (face=4.4mm) n=[296, 216, 761, 432, 418, 551, 600, 611, 306, 143]  tape=1.642km B=16.44T unif=0.704% hoop=400MPa
  [ 218] OK     f=   1.954  a=40.4 b=74.6 gap=25.9 (face=11.9mm) n=[172, 214, 840, 255, 610, 748, 428, 667, 65, 331]  tape=1.954km B=14.00T unif=0.940% hoop=291MPa
  [ 219] viol   f= 176.693  a=36.2 b=45.1 gap=23.4 (face=6.8mm) n=[174, 170, 815, 223, 419, 278, 253, 368, 412, 416]  tape=1.236km B=13.57T unif=1.937% hoop=340MPa
  [ 220] OK     f=   1.296  a=33.1 b=63.3 gap=26.4 (face=12.7mm) n=[313, 130, 532, 272, 567, 343, 327, 441, 201, 393]  tape=1.296km B=12.83T unif=0.801% hoop=266MPa
  [ 221] viol   f=  15.667  a=39.5 b=57.1 gap=23.2 (face=6.4mm) n=[683, 165, 473, 382, 179, 660, 143, 494, 284, 518]  tape=1.451km B=15.41T unif=1.267% hoop=305MPa
  [ 222] OK     f=   0.882  a=32.3 b=46.4 gap=22.4 (face=4.8mm) n=[233, 165, 534, 173, 488, 291, 285, 321, 395, 56]  tape=0.882km B=12.81T unif=0.831% hoop=246MPa
  [ 223] viol   f=   2.134  a=37.7 b=51.4 gap=25.4 (face=10.9mm) n=[472, 72, 899, 249, 124, 525, 173, 513, 417, 202]  tape=1.389km B=13.19T unif=1.061% hoop=258MPa
  [ 224] INFEAS f=1119.199  a=26.6 b=48.5 gap=24.6 (face=9.3mm) n=[199, 228, 658, 185, 203, 579, 185, 425, 380, 119]  no evaluation (geometry pre-check)
  [ 225] viol   f=  17.283  a=30.5 b=55.6 gap=21.6 (face=3.3mm) n=[400, 390, 380, 275, 114, 463, 287, 312, 372, 201]  tape=1.018km B=14.08T unif=1.285% hoop=235MPa
  [ 226] viol   f=   2.177  a=41.2 b=64.4 gap=24.0 (face=7.9mm) n=[309, 392, 598, 299, 270, 474, 301, 358, 370, 168]  tape=1.419km B=13.05T unif=1.062% hoop=343MPa
  [ 227] OK     f=   1.336  a=43.9 b=60.2 gap=23.4 (face=6.9mm) n=[77, 168, 812, 196, 90, 349, 239, 309, 408, 492]  tape=1.336km B=10.77T unif=0.618% hoop=287MPa
  [ 228] OK     f=   1.533  a=45.2 b=61.8 gap=26.1 (face=12.1mm) n=[263, 284, 654, 387, 354, 615, 329, 308, 355, 248]  tape=1.533km B=13.29T unif=0.811% hoop=375MPa
  [ 229] INFEAS f=1612.658  a=46.1 b=47.2 gap=21.7 (face=3.4mm) n=[297, 111, 721, 289, 134, 706, 475, 466, 199, 136]  no evaluation (geometry pre-check)
  [ 230] OK     f=   1.179  a=37.0 b=55.0 gap=23.7 (face=7.5mm) n=[248, 155, 819, 113, 69, 531, 100, 506, 332, 192]  tape=1.179km B=11.42T unif=0.722% hoop=217MPa
  [ 231] viol   f=   6.780  a=35.3 b=55.8 gap=25.4 (face=10.9mm) n=[286, 54, 279, 276, 117, 310, 329, 78, 82, 413]  tape=0.741km B=8.26T unif=0.787% hoop=216MPa
  [ 232] OK     f=   1.089  a=32.4 b=55.6 gap=24.3 (face=8.5mm) n=[304, 257, 663, 85, 111, 696, 229, 94, 456, 192]  tape=1.089km B=11.76T unif=0.747% hoop=233MPa
  [ 233] viol   f=   0.941  a=34.4 b=49.2 gap=24.2 (face=8.4mm) n=[273, 129, 405, 92, 299, 669, 119, 213, 440, 85]  tape=0.929km B=9.92T unif=0.245% hoop=212MPa
  [ 234] INFEAS f=1003.365  a=29.7 b=56.3 gap=23.4 (face=6.8mm) n=[389, 114, 717, 235, 293, 434, 361, 133, 241, 52]  no evaluation (geometry pre-check)
  [ 235] INFEAS f=1340.536  a=30.6 b=59.0 gap=25.0 (face=10.0mm) n=[415, 87, 783, 69, 257, 560, 382, 293, 383, 226]  no evaluation (geometry pre-check)
  [ 236] OK     f=   0.994  a=30.3 b=46.8 gap=21.7 (face=3.3mm) n=[134, 176, 672, 113, 118, 284, 220, 474, 626, 387]  tape=0.994km B=12.42T unif=0.618% hoop=197MPa
  [ 237] OK     f=   1.082  a=38.5 b=48.6 gap=21.8 (face=3.6mm) n=[97, 103, 701, 289, 281, 373, 217, 398, 428, 180]  tape=1.082km B=12.04T unif=0.785% hoop=304MPa
  [ 238] OK     f=   1.025  a=35.6 b=50.7 gap=24.6 (face=9.3mm) n=[232, 141, 527, 239, 534, 187, 342, 357, 551, 99]  tape=1.025km B=12.32T unif=0.381% hoop=240MPa
  [ 239] OK     f=   1.215  a=34.2 b=51.2 gap=24.9 (face=9.9mm) n=[415, 102, 686, 247, 274, 536, 329, 328, 479, 159]  tape=1.215km B=13.74T unif=0.576% hoop=309MPa
  [ 240] viol   f=  10.851  a=39.8 b=46.8 gap=22.2 (face=4.5mm) n=[347, 276, 516, 253, 295, 391, 196, 343, 185, 103]  tape=0.933km B=12.56T unif=1.223% hoop=290MPa
  [ 241] INFEAS f=2490.007  a=30.4 b=55.7 gap=23.2 (face=6.4mm) n=[77, 114, 829, 225, 402, 430, 256, 360, 316, 149]  no evaluation (geometry pre-check)
  [ 242] OK     f=   0.946  a=33.8 b=47.6 gap=24.9 (face=9.8mm) n=[447, 130, 615, 113, 173, 497, 325, 337, 258, 70]  tape=0.946km B=12.17T unif=0.489% hoop=233MPa
  [ 243] OK     f=   0.805  a=30.2 b=46.4 gap=26.4 (face=12.7mm) n=[307, 61, 504, 115, 291, 487, 210, 359, 309, 124]  tape=0.805km B=11.13T unif=0.297% hoop=182MPa
  [ 244] INFEAS f=1005.938  a=38.3 b=42.9 gap=24.5 (face=9.0mm) n=[580, 155, 550, 82, 55, 787, 224, 280, 352, 50]  no evaluation (geometry pre-check)
  [ 245] OK     f=   0.854  a=35.2 b=47.1 gap=25.9 (face=11.7mm) n=[369, 302, 390, 190, 115, 485, 151, 270, 280, 225]  tape=0.854km B=11.09T unif=0.949% hoop=225MPa
  [ 246] OK     f=   0.834  a=32.9 b=50.9 gap=25.0 (face=9.9mm) n=[147, 97, 411, 359, 128, 445, 108, 455, 452, 165]  tape=0.834km B=10.26T unif=0.225% hoop=184MPa
  [ 247] OK     f=   1.152  a=34.8 b=53.2 gap=24.1 (face=8.2mm) n=[532, 51, 679, 66, 292, 624, 189, 558, 359, 90]  tape=1.152km B=13.57T unif=0.823% hoop=216MPa
  [ 248] viol   f=   5.583  a=32.5 b=60.3 gap=22.4 (face=4.8mm) n=[211, 179, 694, 264, 344, 606, 153, 594, 287, 313]  tape=1.352km B=14.04T unif=1.145% hoop=262MPa
  [ 249] OK     f=   0.948  a=37.0 b=46.3 gap=23.5 (face=7.0mm) n=[294, 184, 418, 106, 463, 427, 150, 386, 496, 249]  tape=0.948km B=12.57T unif=0.331% hoop=234MPa
  [ 250] OK     f=   1.196  a=32.2 b=60.0 gap=21.9 (face=3.7mm) n=[152, 120, 526, 283, 437, 558, 405, 366, 493, 116]  tape=1.196km B=13.97T unif=0.957% hoop=237MPa
  [ 251] INFEAS f=1028.142  a=34.6 b=43.7 gap=25.2 (face=10.5mm) n=[191, 126, 857, 83, 162, 539, 304, 431, 92, 181]  no evaluation (geometry pre-check)
  [ 252] OK     f=   0.952  a=28.6 b=48.8 gap=25.6 (face=11.3mm) n=[255, 202, 436, 178, 158, 639, 111, 307, 579, 152]  tape=0.952km B=10.61T unif=0.209% hoop=191MPa
  [ 253] OK     f=   0.974  a=29.1 b=51.3 gap=23.3 (face=6.6mm) n=[470, 172, 422, 177, 323, 483, 182, 476, 498, 96]  tape=0.974km B=13.68T unif=0.863% hoop=198MPa

==========================================================================================
CMA-ES finished: 253 evaluations in 6.0 min
==========================================================================================

Best feasible design found:
  a_mm             30.66931689062068
  b_mm             41.951327918729305
  gap_mm           23.74872636679665
  face_gap_mm      7.497452733593299
  n_turns          [376, 406, 541, 108, 286, 69, 384, 320, 233, 98]
  n_total          2821
  tape_km          0.7923299678599983
  B_target_T       12.908113350999422
  uniformity_pct   0.664494456620115
  hoop_MPa         210.26305689476678
  delam_MPa        9.375611095385647
  I_quench_A       405.29204623041227
  I_op_A           222.9329187185986
  binding          quench/SF
  clip_frac        0.18166014776184267

Full evaluation history -> optimize/cmaes_history.csv
Best design            -> optimize/cmaes_results.csv
Appended 253 rows to cumulative master log -> optimize/cmaes_all_evaluations.csv

Figures -> /home/gerrityjack/fenicsx/Racetrack-Coil-Optimization/visualization/cmaes_convergence.png, cmaes_constraints.png, cmaes_variables.png, cmaes_overview.png
Cumulative parameter-space map -> visualization/cmaes_param_map.png (33041 evaluations, 93 runs)
