Starting CMA-ES: 12 variables, budget 250 evaluations, target B >= 10.0 T, uniformity <= 1.0%, hoop <= 400 MPa, coil-coil face gap >= 3 mm

Parallel mode: 6 worker processes per generation.
  [   1] INFEAS f=136729.341  a=-7.2 b=30.1 gap=33.8 (face=31.6mm) n=[87, 119, 618, 174, 491, 91, 439, 417, 455]  no evaluation (geometry pre-check)
  [   2] INFEAS f=6244.461  a=12.6 b=19.9 gap=19.8 (face=3.6mm) n=[58, 433, 439, 319, 148, 306, 141, 159, 322]  no evaluation (geometry pre-check)
  [   3] INFEAS f=30732.037  a=4.6 b=22.4 gap=26.4 (face=16.7mm) n=[373, 126, 50, 139, 118, 412, 103, 350, 479]  no evaluation (geometry pre-check)
  [   4] INFEAS f=37513.450  a=4.0 b=1.1 gap=25.5 (face=15.0mm) n=[372, 74, 86, 462, 493, 461, 154, 185, 65]  no evaluation (geometry pre-check)
  [   5] INFEAS f=83086.099  a=1.4 b=16.6 gap=21.2 (face=6.3mm) n=[201, 167, 69, 484, 129, 125, 681, 212, 416]  no evaluation (geometry pre-check)
  [   6] INFEAS f=72372.529  a=3.2 b=-1.8 gap=21.8 (face=7.7mm) n=[245, 51, 553, 273, 661, 115, 117, 174, 167]  no evaluation (geometry pre-check)
  [   7] INFEAS f=23240.905  a=7.2 b=28.3 gap=27.6 (face=19.2mm) n=[159, 101, 77, 279, 340, 64, 454, 490, 83]  no evaluation (geometry pre-check)
  [   8] INFEAS f=39606.483  a=5.6 b=9.4 gap=24.5 (face=13.0mm) n=[231, 87, 368, 469, 86, 83, 566, 204, 64]  no evaluation (geometry pre-check)
  [   9] INFEAS f=12483.619  a=13.5 b=9.9 gap=19.5 (face=3.0mm) n=[58, 307, 204, 138, 513, 191, 163, 418, 52]  no evaluation (geometry pre-check)
  [  10] INFEAS f=99973.787  a=6.7 b=18.5 gap=20.5 (face=5.0mm) n=[584, 894, 630, 202, 100, 482, 109, 102, 113]  no evaluation (geometry pre-check)
  [  11] INFEAS f=33604.343  a=9.8 b=5.5 gap=20.1 (face=4.3mm) n=[110, 160, 613, 533, 109, 399, 399, 186, 165]  no evaluation (geometry pre-check)
  [  12] INFEAS f=49035.329  a=13.9 b=28.9 gap=19.6 (face=3.2mm) n=[361, 340, 845, 130, 161, 118, 178, 85, 144]  no evaluation (geometry pre-check)
  [  13] INFEAS f=5518.580  a=19.4 b=13.9 gap=20.3 (face=4.7mm) n=[405, 68, 300, 60, 180, 465, 225, 394, 237]  no evaluation (geometry pre-check)
  [  14] INFEAS f=33609.426  a=2.7 b=-4.3 gap=20.6 (face=5.2mm) n=[313, 406, 137, 350, 84, 243, 356, 123, 81]  no evaluation (geometry pre-check)
  [  15] INFEAS f=27756.049  a=10.5 b=1.2 gap=20.8 (face=5.7mm) n=[118, 330, 70, 332, 544, 438, 141, 191, 155]  no evaluation (geometry pre-check)
  [  16] INFEAS f=30598.602  a=8.1 b=30.1 gap=22.4 (face=8.7mm) n=[289, 412, 492, 112, 570, 403, 435, 178, 147]  no evaluation (geometry pre-check)
  [  17] INFEAS f=15011.905  a=10.6 b=7.7 gap=23.6 (face=11.2mm) n=[120, 225, 474, 287, 301, 258, 147, 90, 53]  no evaluation (geometry pre-check)
  [  18] INFEAS f=9100.567  a=11.9 b=23.7 gap=19.5 (face=3.0mm) n=[224, 384, 195, 346, 255, 52, 465, 182, 55]  no evaluation (geometry pre-check)
  [  19] INFEAS f=16508.802  a=17.6 b=31.3 gap=20.0 (face=3.9mm) n=[58, 266, 704, 356, 184, 362, 158, 483, 111]  no evaluation (geometry pre-check)
  [  20] INFEAS f=72800.900  a=0.6 b=17.1 gap=19.9 (face=3.7mm) n=[538, 213, 453, 228, 94, 611, 126, 368, 260]  no evaluation (geometry pre-check)
  [  21] INFEAS f=24540.279  a=5.6 b=23.6 gap=20.5 (face=5.0mm) n=[107, 113, 119, 383, 183, 223, 287, 457, 271]  no evaluation (geometry pre-check)
  [  22] INFEAS f=20651.692  a=5.2 b=15.8 gap=23.1 (face=10.3mm) n=[328, 93, 369, 72, 413, 316, 56, 170, 160]  no evaluation (geometry pre-check)
  [  23] INFEAS f=19675.787  a=24.7 b=9.3 gap=19.6 (face=3.1mm) n=[396, 221, 692, 131, 105, 68, 101, 657, 437]  no evaluation (geometry pre-check)
  [  24] INFEAS f=27999.506  a=15.8 b=8.5 gap=21.7 (face=7.4mm) n=[240, 177, 465, 348, 195, 604, 171, 708, 239]  no evaluation (geometry pre-check)
  [  25] INFEAS f=6285.129  a=13.8 b=13.1 gap=19.7 (face=3.4mm) n=[121, 243, 448, 357, 186, 203, 383, 183, 93]  no evaluation (geometry pre-check)
  [  26] INFEAS f=32705.122  a=11.2 b=1.5 gap=23.6 (face=11.2mm) n=[113, 603, 284, 102, 318, 78, 75, 234, 223]  no evaluation (geometry pre-check)
  [  27] INFEAS f=10520.881  a=20.6 b=11.4 gap=19.6 (face=3.2mm) n=[123, 565, 185, 198, 159, 273, 193, 110, 85]  no evaluation (geometry pre-check)
  [  28] INFEAS f=35375.558  a=7.4 b=16.5 gap=19.8 (face=3.5mm) n=[587, 92, 263, 228, 74, 247, 52, 203, 343]  no evaluation (geometry pre-check)
  [  29] viol   f=1730.310  a=19.9 b=28.5 gap=21.6 (face=7.2mm) n=[212, 191, 215, 208, 87, 150, 90, 234, 257]  tape=0.284km B=8.78T unif=3.939% hoop=96MPa
  [  30] INFEAS f=11119.250  a=12.1 b=25.2 gap=19.9 (face=3.8mm) n=[402, 68, 268, 146, 386, 498, 112, 408, 441]  no evaluation (geometry pre-check)
  [  31] INFEAS f=7400.916  a=20.1 b=14.4 gap=20.4 (face=4.9mm) n=[410, 117, 310, 109, 473, 394, 100, 71, 563]  no evaluation (geometry pre-check)
  [  32] INFEAS f=1748.014  a=27.0 b=27.6 gap=19.5 (face=3.0mm) n=[108, 203, 224, 203, 59, 220, 363, 204, 182]  no evaluation (geometry pre-check)
  [  33] INFEAS f=26657.239  a=12.7 b=28.1 gap=19.5 (face=3.0mm) n=[194, 460, 156, 665, 207, 130, 163, 337, 150]  no evaluation (geometry pre-check)
  [  34] INFEAS f=8164.149  a=19.5 b=20.1 gap=19.6 (face=3.2mm) n=[490, 249, 515, 394, 102, 642, 68, 163, 337]  no evaluation (geometry pre-check)
  [  35] viol   f=7508.378  a=15.4 b=26.2 gap=19.6 (face=3.3mm) n=[218, 127, 204, 69, 119, 205, 214, 194, 68]  tape=0.211km B=8.63T unif=7.126% hoop=66MPa
  [  36] INFEAS f=16754.459  a=24.6 b=9.8 gap=20.8 (face=5.6mm) n=[65, 191, 82, 172, 134, 567, 322, 423, 226]  no evaluation (geometry pre-check)
  [  37] INFEAS f=4976.559  a=31.6 b=26.6 gap=19.8 (face=3.6mm) n=[205, 133, 334, 315, 245, 244, 329, 104, 252]  no evaluation (geometry pre-check)
  [  38] INFEAS f=8188.270  a=21.6 b=13.2 gap=24.3 (face=12.7mm) n=[435, 393, 152, 91, 59, 83, 464, 291, 118]  no evaluation (geometry pre-check)
  [  39] INFEAS f=14579.685  a=32.7 b=19.3 gap=19.6 (face=3.2mm) n=[215, 400, 215, 248, 302, 287, 130, 70, 290]  no evaluation (geometry pre-check)
  [  40] INFEAS f=2220.141  a=29.9 b=30.0 gap=19.8 (face=3.6mm) n=[197, 250, 164, 758, 332, 115, 445, 186, 447]  no evaluation (geometry pre-check)
  [  41] viol   f=   2.375  a=29.5 b=34.6 gap=19.5 (face=3.0mm) n=[272, 115, 196, 338, 78, 193, 391, 119, 198]  tape=0.450km B=9.02T unif=0.137% hoop=154MPa
  [  42] INFEAS f=5458.451  a=32.8 b=27.3 gap=19.8 (face=3.6mm) n=[404, 341, 85, 104, 288, 348, 105, 199, 67]  no evaluation (geometry pre-check)
  [  43] INFEAS f=44752.094  a=31.5 b=3.4 gap=20.3 (face=4.6mm) n=[282, 516, 250, 176, 127, 71, 233, 190, 412]  no evaluation (geometry pre-check)
  [  44] INFEAS f=7757.021  a=16.6 b=16.4 gap=20.7 (face=5.4mm) n=[287, 431, 553, 89, 359, 167, 189, 399, 118]  no evaluation (geometry pre-check)
  [  45] INFEAS f=2396.822  a=34.3 b=33.4 gap=22.1 (face=8.2mm) n=[156, 116, 362, 666, 246, 359, 434, 54, 269]  no evaluation (geometry pre-check)
  [  46] INFEAS f=9666.194  a=42.0 b=32.2 gap=19.8 (face=3.6mm) n=[407, 225, 114, 390, 300, 390, 184, 316, 349]  no evaluation (geometry pre-check)
  [  47] INFEAS f=1015.332  a=30.0 b=34.4 gap=20.0 (face=4.0mm) n=[501, 270, 427, 124, 237, 61, 296, 389, 206]  no evaluation (geometry pre-check)
  [  48] INFEAS f=2054.128  a=25.7 b=25.6 gap=19.7 (face=3.3mm) n=[306, 339, 416, 86, 85, 210, 196, 205, 181]  no evaluation (geometry pre-check)
  [  49] INFEAS f=3628.913  a=20.6 b=32.3 gap=19.8 (face=3.7mm) n=[599, 288, 297, 129, 155, 531, 279, 114, 279]  no evaluation (geometry pre-check)
  [  50] INFEAS f=6322.932  a=28.0 b=21.5 gap=19.8 (face=3.6mm) n=[346, 107, 147, 667, 50, 337, 402, 107, 99]  no evaluation (geometry pre-check)
  [  51] INFEAS f=3780.031  a=24.1 b=21.8 gap=20.5 (face=5.1mm) n=[626, 68, 103, 220, 421, 264, 58, 226, 415]  no evaluation (geometry pre-check)
  [  52] INFEAS f=11462.615  a=24.8 b=32.7 gap=23.0 (face=9.9mm) n=[85, 150, 92, 839, 348, 65, 68, 225, 352]  no evaluation (geometry pre-check)
  [  53] INFEAS f=2874.836  a=19.0 b=35.0 gap=19.6 (face=3.1mm) n=[302, 171, 152, 537, 172, 322, 248, 176, 115]  no evaluation (geometry pre-check)
  [  54] INFEAS f=3546.945  a=30.7 b=27.7 gap=20.4 (face=4.7mm) n=[235, 286, 225, 477, 237, 217, 474, 144, 117]  no evaluation (geometry pre-check)
  [  55] OK     f=   0.726  a=28.6 b=35.1 gap=20.4 (face=4.8mm) n=[99, 416, 220, 485, 678, 101, 319, 283, 117]  tape=0.726km B=11.91T unif=0.653% hoop=166MPa
  [  56] INFEAS f=1121.773  a=23.0 b=40.2 gap=20.3 (face=4.6mm) n=[560, 360, 222, 291, 298, 428, 234, 193, 498]  no evaluation (geometry pre-check)
  [  57] INFEAS f=5670.446  a=16.7 b=28.1 gap=20.0 (face=4.0mm) n=[433, 539, 379, 498, 253, 204, 157, 73, 109]  no evaluation (geometry pre-check)
  [  58] viol   f=   2.147  a=26.9 b=50.9 gap=20.1 (face=4.3mm) n=[280, 264, 67, 396, 167, 229, 515, 53, 156]  tape=0.661km B=9.14T unif=0.922% hoop=184MPa
  [  59] INFEAS f=1009.203  a=30.8 b=35.3 gap=19.8 (face=3.6mm) n=[272, 376, 559, 444, 184, 146, 122, 138, 257]  no evaluation (geometry pre-check)
  [  60] INFEAS f=1051.605  a=43.4 b=47.2 gap=19.7 (face=3.4mm) n=[239, 52, 150, 462, 540, 895, 532, 257, 165]  no evaluation (geometry pre-check)
  [  61] INFEAS f=14379.764  a=29.8 b=16.6 gap=20.9 (face=5.7mm) n=[344, 141, 425, 219, 323, 403, 226, 590, 230]  no evaluation (geometry pre-check)
  [  62] INFEAS f=1167.622  a=37.9 b=40.8 gap=19.5 (face=3.0mm) n=[178, 259, 561, 603, 463, 198, 332, 277, 58]  no evaluation (geometry pre-check)
  [  63] INFEAS f=1303.096  a=25.5 b=27.8 gap=19.5 (face=3.0mm) n=[237, 133, 331, 555, 125, 156, 144, 322, 55]  no evaluation (geometry pre-check)
  [  64] INFEAS f=1155.614  a=31.5 b=34.6 gap=20.0 (face=4.0mm) n=[234, 206, 353, 62, 149, 398, 190, 88, 411]  no evaluation (geometry pre-check)
  [  65] INFEAS f=1304.900  a=25.5 b=27.7 gap=19.8 (face=3.6mm) n=[231, 304, 201, 162, 579, 72, 78, 156, 162]  no evaluation (geometry pre-check)
  [  66] INFEAS f=10088.787  a=32.7 b=22.6 gap=20.6 (face=5.2mm) n=[215, 438, 520, 599, 407, 230, 325, 352, 121]  no evaluation (geometry pre-check)
  [  67] viol   f=   0.771  a=25.5 b=33.6 gap=19.5 (face=3.0mm) n=[301, 217, 91, 495, 248, 121, 208, 143, 259]  tape=0.503km B=10.11T unif=1.037% hoop=156MPa
  [  68] viol   f=   1.138  a=37.0 b=50.4 gap=22.6 (face=9.2mm) n=[206, 300, 226, 503, 367, 137, 108, 263, 231]  tape=0.776km B=9.57T unif=0.780% hoop=228MPa
  [  69] INFEAS f=2205.431  a=50.0 b=49.6 gap=21.3 (face=6.6mm) n=[471, 132, 550, 434, 119, 280, 548, 136, 62]  no evaluation (geometry pre-check)
  [  70] INFEAS f=1256.412  a=21.6 b=48.4 gap=21.1 (face=6.1mm) n=[392, 537, 68, 450, 262, 447, 223, 265, 346]  no evaluation (geometry pre-check)
  [  71] viol   f=  72.088  a=25.6 b=37.9 gap=20.1 (face=4.2mm) n=[360, 277, 368, 129, 192, 112, 321, 537, 50]  tape=0.601km B=10.99T unif=1.598% hoop=173MPa
  [  72] INFEAS f=4105.706  a=21.2 b=46.1 gap=20.8 (face=5.6mm) n=[63, 248, 250, 357, 626, 355, 195, 504, 88]  no evaluation (geometry pre-check)
  [  73] viol   f=   0.721  a=31.7 b=44.0 gap=20.0 (face=3.9mm) n=[214, 408, 79, 471, 349, 182, 376, 62, 332]  tape=0.688km B=11.52T unif=1.013% hoop=189MPa
  [  74] INFEAS f=1774.741  a=28.9 b=29.5 gap=19.6 (face=3.2mm) n=[387, 521, 243, 635, 188, 131, 266, 119, 284]  no evaluation (geometry pre-check)
  [  75] viol   f= 270.502  a=33.2 b=50.3 gap=20.6 (face=5.2mm) n=[657, 264, 200, 240, 400, 154, 190, 199, 373]  tape=0.921km B=12.27T unif=2.161% hoop=233MPa
  [  76] OK     f=   1.040  a=29.6 b=46.2 gap=20.1 (face=4.2mm) n=[404, 90, 363, 678, 631, 212, 478, 325, 265]  tape=1.040km B=15.32T unif=0.508% hoop=235MPa
  [  77] viol   f=   4.042  a=32.5 b=46.7 gap=20.5 (face=4.9mm) n=[143, 319, 459, 535, 129, 240, 212, 241, 246]  tape=0.775km B=11.53T unif=1.128% hoop=209MPa
  [  78] OK     f=   0.901  a=31.2 b=48.7 gap=24.8 (face=13.5mm) n=[123, 615, 97, 471, 534, 336, 251, 319, 138]  tape=0.901km B=12.39T unif=0.836% hoop=202MPa
  [  79] OK     f=   0.710  a=24.4 b=39.6 gap=19.5 (face=3.0mm) n=[443, 160, 117, 484, 209, 221, 417, 278, 529]  tape=0.710km B=12.84T unif=0.351% hoop=177MPa
  [  80] OK     f=   0.776  a=24.8 b=41.7 gap=21.9 (face=7.8mm) n=[171, 389, 267, 579, 529, 149, 496, 122, 249]  tape=0.776km B=13.23T unif=0.755% hoop=174MPa
  [  81] OK     f=   0.923  a=38.4 b=47.7 gap=19.6 (face=3.1mm) n=[187, 565, 122, 221, 221, 315, 728, 149, 141]  tape=0.923km B=10.50T unif=0.853% hoop=227MPa
  [  82] INFEAS f=3296.183  a=23.2 b=43.4 gap=19.5 (face=3.0mm) n=[312, 118, 57, 660, 75, 122, 337, 284, 295]  no evaluation (geometry pre-check)
  [  83] INFEAS f=1910.795  a=29.0 b=55.7 gap=19.6 (face=3.1mm) n=[163, 138, 264, 769, 589, 248, 175, 141, 85]  no evaluation (geometry pre-check)
  [  84] INFEAS f=7201.284  a=32.9 b=25.4 gap=20.1 (face=4.3mm) n=[647, 181, 86, 421, 77, 245, 93, 332, 340]  no evaluation (geometry pre-check)
  [  85] OK     f=   0.837  a=32.5 b=50.9 gap=20.1 (face=4.1mm) n=[219, 129, 99, 539, 409, 240, 476, 354, 167]  tape=0.837km B=11.15T unif=0.782% hoop=200MPa
  [  86] INFEAS f=4636.068  a=20.7 b=31.0 gap=19.7 (face=3.5mm) n=[75, 109, 158, 492, 625, 89, 574, 117, 203]  no evaluation (geometry pre-check)
  [  87] INFEAS f=1552.172  a=26.1 b=53.0 gap=21.3 (face=6.5mm) n=[62, 420, 208, 676, 497, 123, 273, 243, 423]  no evaluation (geometry pre-check)
  [  88] INFEAS f=1006.417  a=37.3 b=41.9 gap=21.6 (face=7.2mm) n=[50, 294, 138, 228, 218, 80, 448, 98, 287]  no evaluation (geometry pre-check)
  [  89] OK     f=   0.932  a=33.2 b=47.4 gap=20.1 (face=4.3mm) n=[118, 317, 92, 772, 214, 384, 243, 391, 158]  tape=0.932km B=10.68T unif=0.757% hoop=222MPa
  [  90] INFEAS f=6284.525  a=20.3 b=47.6 gap=21.5 (face=7.1mm) n=[394, 341, 137, 645, 278, 315, 621, 120, 428]  no evaluation (geometry pre-check)
  [  91] INFEAS f=2754.918  a=32.7 b=60.2 gap=20.6 (face=5.1mm) n=[311, 82, 118, 624, 897, 142, 408, 396, 292]  no evaluation (geometry pre-check)
  [  92] INFEAS f=15069.603  a=18.4 b=41.8 gap=19.7 (face=3.3mm) n=[203, 712, 296, 642, 365, 347, 407, 315, 501]  no evaluation (geometry pre-check)
  [  93] INFEAS f=12163.557  a=16.0 b=30.7 gap=19.6 (face=3.2mm) n=[156, 373, 163, 602, 467, 204, 375, 409, 614]  no evaluation (geometry pre-check)
  [  94] OK     f=   1.243  a=34.6 b=51.4 gap=19.5 (face=3.1mm) n=[338, 526, 146, 756, 156, 472, 264, 327, 599]  tape=1.243km B=14.36T unif=0.556% hoop=282MPa
  [  95] viol   f=  23.374  a=24.6 b=34.2 gap=22.9 (face=9.8mm) n=[360, 463, 368, 516, 520, 264, 375, 350, 118]  tape=0.731km B=16.62T unif=1.336% hoop=184MPa
  [  96] OK     f=   1.063  a=34.1 b=58.3 gap=23.9 (face=11.7mm) n=[282, 60, 323, 352, 540, 393, 377, 143, 572]  tape=1.063km B=10.97T unif=0.482% hoop=246MPa
  [  97] OK     f=   0.704  a=25.9 b=46.4 gap=21.2 (face=6.4mm) n=[158, 159, 130, 550, 425, 59, 362, 181, 420]  tape=0.704km B=10.17T unif=0.645% hoop=167MPa
  [  98] viol   f=   2.971  a=32.5 b=48.2 gap=20.8 (face=5.7mm) n=[110, 111, 110, 532, 317, 54, 588, 247, 151]  tape=0.700km B=8.93T unif=0.212% hoop=165MPa
  [  99] viol   f=   4.510  a=38.8 b=44.8 gap=19.8 (face=3.5mm) n=[155, 164, 157, 437, 154, 252, 311, 63, 353]  tape=0.622km B=8.61T unif=0.463% hoop=211MPa
  [ 100] INFEAS f=6202.067  a=25.0 b=41.0 gap=19.7 (face=3.3mm) n=[225, 390, 119, 769, 94, 85, 119, 255, 70]  no evaluation (geometry pre-check)
  [ 101] OK     f=   0.871  a=28.8 b=55.1 gap=19.7 (face=3.5mm) n=[299, 50, 52, 619, 452, 99, 167, 472, 413]  tape=0.871km B=10.77T unif=1.000% hoop=169MPa
  [ 102] OK     f=   0.831  a=28.2 b=45.8 gap=20.0 (face=4.0mm) n=[314, 304, 208, 555, 390, 145, 208, 257, 460]  tape=0.831km B=12.37T unif=0.481% hoop=231MPa
  [ 103] OK     f=   1.140  a=30.2 b=50.5 gap=19.5 (face=3.0mm) n=[388, 96, 85, 611, 302, 705, 328, 468, 611]  tape=1.140km B=14.20T unif=0.338% hoop=229MPa
  [ 104] INFEAS f=1006.078  a=19.4 b=46.6 gap=20.8 (face=5.5mm) n=[357, 80, 88, 329, 220, 377, 444, 130, 363]  no evaluation (geometry pre-check)
  [ 105] viol   f=   4.248  a=38.0 b=49.5 gap=20.1 (face=4.3mm) n=[405, 396, 247, 317, 643, 111, 281, 413, 169]  tape=1.022km B=12.41T unif=1.127% hoop=317MPa
  [ 106] INFEAS f=15747.584  a=23.4 b=47.2 gap=21.1 (face=6.2mm) n=[223, 231, 116, 850, 365, 198, 616, 176, 350]  no evaluation (geometry pre-check)
  [ 107] OK     f=   0.632  a=30.6 b=39.1 gap=19.7 (face=3.3mm) n=[245, 240, 244, 258, 223, 412, 65, 172, 494]  tape=0.632km B=10.09T unif=0.487% hoop=233MPa
  [ 108] OK     f=   0.880  a=28.6 b=63.9 gap=19.6 (face=3.3mm) n=[189, 172, 55, 472, 103, 377, 415, 385, 356]  tape=0.880km B=10.24T unif=0.956% hoop=176MPa
  [ 109] OK     f=   1.292  a=30.5 b=60.2 gap=20.3 (face=4.7mm) n=[269, 253, 85, 693, 441, 237, 416, 617, 612]  tape=1.292km B=13.56T unif=0.759% hoop=262MPa
  [ 110] INFEAS f=2478.932  a=32.0 b=55.7 gap=19.8 (face=3.6mm) n=[154, 111, 224, 871, 466, 121, 239, 271, 210]  no evaluation (geometry pre-check)
  [ 111] INFEAS f=8766.974  a=11.6 b=49.0 gap=20.1 (face=4.2mm) n=[195, 301, 451, 190, 127, 426, 56, 107, 155]  no evaluation (geometry pre-check)
  [ 112] viol   f=   5.882  a=28.8 b=55.9 gap=21.3 (face=6.6mm) n=[112, 158, 81, 478, 348, 138, 111, 286, 674]  tape=0.843km B=8.41T unif=0.581% hoop=173MPa
  [ 113] INFEAS f=1048.597  a=27.1 b=37.7 gap=19.8 (face=3.6mm) n=[137, 106, 184, 554, 405, 166, 150, 125, 661]  no evaluation (geometry pre-check)
  [ 114] INFEAS f=19776.864  a=9.8 b=46.3 gap=19.8 (face=3.6mm) n=[94, 266, 141, 357, 278, 51, 131, 219, 527]  no evaluation (geometry pre-check)
  [ 115] INFEAS f=3143.441  a=42.5 b=40.2 gap=21.6 (face=7.2mm) n=[102, 198, 153, 462, 170, 293, 118, 372, 449]  no evaluation (geometry pre-check)
  [ 116] viol   f=  11.038  a=28.6 b=49.1 gap=19.8 (face=3.7mm) n=[161, 120, 383, 213, 83, 191, 58, 280, 650]  tape=0.703km B=7.73T unif=0.620% hoop=167MPa
  [ 117] OK     f=   0.965  a=38.4 b=51.4 gap=19.6 (face=3.1mm) n=[194, 53, 138, 508, 515, 306, 138, 306, 647]  tape=0.965km B=10.65T unif=0.597% hoop=231MPa
  [ 118] viol   f=   2.986  a=26.8 b=59.7 gap=19.7 (face=3.5mm) n=[104, 64, 384, 156, 632, 248, 427, 132, 64]  tape=0.792km B=8.96T unif=1.014% hoop=161MPa
  [ 119] INFEAS f=6937.453  a=31.8 b=24.6 gap=19.5 (face=3.0mm) n=[258, 268, 310, 457, 123, 179, 581, 134, 338]  no evaluation (geometry pre-check)
  [ 120] viol   f=   1.576  a=34.0 b=52.3 gap=19.5 (face=3.1mm) n=[107, 127, 329, 513, 108, 326, 86, 256, 620]  tape=0.840km B=9.39T unif=0.662% hoop=205MPa
  [ 121] viol   f=   3.265  a=38.1 b=43.9 gap=19.5 (face=3.0mm) n=[192, 88, 319, 356, 191, 142, 310, 308, 867]  tape=0.994km B=8.93T unif=0.024% hoop=400MPa
  [ 122] INFEAS f=2578.138  a=29.7 b=54.2 gap=20.3 (face=4.7mm) n=[58, 203, 557, 450, 813, 149, 333, 117, 681]  no evaluation (geometry pre-check)
  [ 123] INFEAS f=1918.356  a=19.5 b=40.3 gap=20.1 (face=4.2mm) n=[161, 83, 166, 439, 517, 253, 206, 253, 364]  no evaluation (geometry pre-check)
  [ 124] INFEAS f=1585.238  a=34.0 b=59.6 gap=22.0 (face=7.9mm) n=[138, 279, 426, 447, 273, 217, 329, 315, 889]  no evaluation (geometry pre-check)
  [ 125] INFEAS f=1557.327  a=44.9 b=46.1 gap=20.0 (face=3.9mm) n=[130, 51, 173, 524, 463, 570, 87, 108, 291]  no evaluation (geometry pre-check)
  [ 126] OK     f=   1.464  a=37.7 b=59.5 gap=20.8 (face=5.6mm) n=[200, 126, 458, 666, 198, 384, 349, 301, 896]  tape=1.464km B=11.76T unif=0.558% hoop=319MPa
  [ 127] viol   f=   5.905  a=35.5 b=55.9 gap=19.5 (face=3.0mm) n=[384, 122, 77, 100, 488, 141, 159, 215, 646]  tape=0.847km B=8.41T unif=0.649% hoop=217MPa
  [ 128] INFEAS f=1907.693  a=20.4 b=47.1 gap=23.2 (face=10.3mm) n=[108, 106, 106, 316, 463, 472, 112, 59, 539]  no evaluation (geometry pre-check)
  [ 129] OK     f=   0.970  a=34.2 b=47.2 gap=20.1 (face=4.1mm) n=[197, 158, 217, 419, 353, 65, 570, 373, 668]  tape=0.970km B=10.98T unif=0.180% hoop=233MPa
  [ 130] INFEAS f=9272.138  a=27.0 b=50.2 gap=20.4 (face=4.8mm) n=[216, 88, 128, 375, 300, 354, 346, 84, 869]  no evaluation (geometry pre-check)
  [ 131] OK     f=   1.159  a=39.5 b=47.0 gap=19.9 (face=3.7mm) n=[410, 238, 150, 642, 383, 384, 508, 299, 591]  tape=1.159km B=14.49T unif=0.134% hoop=346MPa
  [ 132] INFEAS f=2021.831  a=25.1 b=65.5 gap=20.3 (face=4.7mm) n=[76, 162, 412, 294, 670, 543, 202, 79, 104]  no evaluation (geometry pre-check)
  [ 133] INFEAS f=1068.837  a=35.7 b=49.5 gap=19.5 (face=3.0mm) n=[515, 55, 67, 693, 427, 293, 286, 422, 894]  no evaluation (geometry pre-check)
  [ 134] viol   f=  45.405  a=35.7 b=41.2 gap=19.5 (face=3.0mm) n=[332, 107, 172, 478, 724, 54, 333, 447, 787]  tape=1.050km B=12.59T unif=1.471% hoop=204MPa
  [ 135] OK     f=   0.959  a=29.5 b=52.7 gap=20.2 (face=4.4mm) n=[209, 269, 195, 507, 185, 140, 242, 338, 687]  tape=0.959km B=10.06T unif=0.644% hoop=244MPa
  [ 136] OK     f=   1.549  a=36.3 b=61.0 gap=19.7 (face=3.4mm) n=[323, 393, 139, 469, 386, 177, 812, 564, 706]  tape=1.549km B=13.53T unif=0.458% hoop=335MPa
  [ 137] OK     f=   1.019  a=37.4 b=48.3 gap=20.1 (face=4.1mm) n=[262, 322, 136, 274, 270, 106, 486, 377, 707]  tape=1.019km B=10.30T unif=0.153% hoop=311MPa
  [ 138] INFEAS f=1479.277  a=30.0 b=43.3 gap=19.6 (face=3.3mm) n=[262, 183, 240, 370, 775, 266, 241, 132, 279]  no evaluation (geometry pre-check)
  [ 139] OK     f=   1.165  a=39.9 b=46.4 gap=21.4 (face=6.8mm) n=[218, 123, 208, 608, 176, 287, 294, 623, 816]  tape=1.165km B=11.34T unif=0.399% hoop=293MPa
  [ 140] OK     f=   1.811  a=51.1 b=73.9 gap=21.7 (face=7.4mm) n=[108, 399, 142, 329, 548, 263, 581, 402, 886]  tape=1.811km B=10.65T unif=0.567% hoop=371MPa
  [ 141] OK     f=   2.019  a=46.4 b=64.3 gap=20.8 (face=5.7mm) n=[297, 557, 499, 749, 584, 156, 629, 406, 873]  tape=2.019km B=15.15T unif=0.784% hoop=400MPa
  [ 142] OK     f=   1.748  a=38.8 b=63.5 gap=20.6 (face=5.1mm) n=[291, 401, 440, 702, 521, 350, 323, 466, 806]  tape=1.748km B=15.11T unif=0.741% hoop=386MPa
  [ 143] OK     f=   1.344  a=45.5 b=52.5 gap=19.8 (face=3.6mm) n=[332, 85, 181, 668, 352, 154, 586, 481, 777]  tape=1.344km B=12.80T unif=0.315% hoop=299MPa
  [ 144] INFEAS f=11936.343  a=26.2 b=40.3 gap=19.6 (face=3.1mm) n=[474, 316, 292, 405, 239, 171, 372, 493, 884]  no evaluation (geometry pre-check)
  [ 145] INFEAS f=5310.831  a=21.1 b=46.3 gap=20.1 (face=4.1mm) n=[56, 168, 323, 75, 344, 108, 210, 407, 648]  no evaluation (geometry pre-check)
  [ 146] OK     f=   1.472  a=37.7 b=61.8 gap=21.3 (face=6.6mm) n=[301, 77, 369, 607, 59, 387, 461, 366, 899]  tape=1.472km B=11.32T unif=0.539% hoop=307MPa
  [ 147] viol   f=  10.354  a=39.5 b=56.5 gap=20.6 (face=5.3mm) n=[384, 543, 113, 394, 437, 254, 307, 165, 740]  tape=1.275km B=12.26T unif=1.213% hoop=310MPa
  [ 148] INFEAS f=1008.598  a=34.0 b=46.8 gap=22.0 (face=8.0mm) n=[525, 230, 335, 648, 118, 141, 411, 550, 835]  no evaluation (geometry pre-check)
  [ 149] INFEAS f=1005.415  a=44.9 b=49.5 gap=21.3 (face=6.7mm) n=[270, 113, 128, 434, 310, 134, 232, 423, 622]  no evaluation (geometry pre-check)
  [ 150] OK     f=   1.410  a=38.4 b=63.9 gap=19.8 (face=3.6mm) n=[561, 103, 115, 561, 90, 262, 416, 436, 842]  tape=1.410km B=11.40T unif=0.835% hoop=304MPa
  [ 151] OK     f=   1.383  a=38.2 b=52.6 gap=19.5 (face=3.0mm) n=[300, 366, 99, 825, 342, 151, 620, 387, 757]  tape=1.383km B=14.34T unif=0.496% hoop=313MPa
  [ 152] OK     f=   1.427  a=46.4 b=56.0 gap=25.4 (face=14.9mm) n=[593, 93, 200, 465, 114, 252, 578, 288, 892]  tape=1.427km B=10.64T unif=0.439% hoop=277MPa
  [ 153] INFEAS f=7505.131  a=28.0 b=48.6 gap=19.8 (face=3.5mm) n=[467, 113, 208, 238, 60, 110, 509, 429, 871]  no evaluation (geometry pre-check)
  [ 154] viol   f=   1.702  a=44.8 b=61.7 gap=20.9 (face=5.8mm) n=[258, 353, 55, 544, 396, 60, 172, 360, 899]  tape=1.356km B=9.58T unif=0.499% hoop=321MPa
  [ 155] OK     f=   1.296  a=40.3 b=58.7 gap=20.0 (face=4.1mm) n=[242, 223, 210, 718, 505, 133, 169, 609, 630]  tape=1.296km B=12.68T unif=0.604% hoop=300MPa
  [ 156] OK     f=   1.722  a=37.3 b=57.8 gap=23.4 (face=10.9mm) n=[498, 183, 626, 879, 210, 304, 747, 357, 781]  tape=1.722km B=15.98T unif=0.525% hoop=304MPa
  [ 157] OK     f=   1.731  a=44.1 b=63.1 gap=20.0 (face=4.0mm) n=[552, 174, 299, 810, 282, 234, 723, 397, 812]  tape=1.731km B=15.03T unif=0.359% hoop=354MPa
  [ 158] OK     f=   1.252  a=37.1 b=51.5 gap=20.8 (face=5.6mm) n=[230, 228, 317, 628, 566, 107, 324, 307, 788]  tape=1.252km B=12.75T unif=0.561% hoop=294MPa
  [ 159] INFEAS f=4650.707  a=29.1 b=53.6 gap=19.5 (face=3.1mm) n=[350, 359, 539, 850, 183, 265, 764, 586, 761]  no evaluation (geometry pre-check)
  [ 160] OK     f=   1.373  a=43.5 b=49.2 gap=19.5 (face=3.0mm) n=[463, 160, 207, 718, 80, 159, 459, 558, 900]  tape=1.373km B=12.66T unif=0.364% hoop=263MPa
  [ 161] OK     f=   1.296  a=41.0 b=50.5 gap=23.8 (face=11.7mm) n=[569, 298, 88, 736, 350, 378, 576, 113, 668]  tape=1.296km B=13.96T unif=0.205% hoop=313MPa
  [ 162] INFEAS f=1830.117  a=57.5 b=57.9 gap=19.7 (face=3.4mm) n=[610, 188, 55, 575, 112, 123, 529, 571, 871]  no evaluation (geometry pre-check)
  [ 163] INFEAS f=1549.284  a=42.0 b=43.3 gap=19.6 (face=3.3mm) n=[421, 306, 284, 709, 439, 236, 665, 220, 776]  no evaluation (geometry pre-check)
  [ 164] INFEAS f=5503.960  a=30.0 b=39.8 gap=21.3 (face=6.5mm) n=[171, 193, 168, 373, 170, 85, 681, 534, 889]  no evaluation (geometry pre-check)
  [ 165] INFEAS f=4767.641  a=27.0 b=55.9 gap=20.0 (face=4.1mm) n=[554, 421, 354, 351, 68, 403, 383, 794, 639]  no evaluation (geometry pre-check)
  [ 166] OK     f=   1.150  a=39.2 b=54.4 gap=19.5 (face=3.1mm) n=[230, 107, 245, 825, 553, 115, 89, 53, 889]  tape=1.150km B=11.34T unif=0.306% hoop=225MPa
  [ 167] OK     f=   1.045  a=40.1 b=54.4 gap=20.5 (face=5.0mm) n=[345, 400, 211, 363, 534, 167, 72, 428, 544]  tape=1.045km B=12.03T unif=0.944% hoop=291MPa
  [ 168] INFEAS f=1088.535  a=35.5 b=56.8 gap=19.5 (face=3.1mm) n=[93, 501, 498, 890, 312, 102, 584, 108, 660]  no evaluation (geometry pre-check)
  [ 169] INFEAS f=1917.784  a=48.7 b=48.9 gap=19.9 (face=3.8mm) n=[185, 362, 411, 840, 659, 117, 103, 159, 709]  no evaluation (geometry pre-check)
  [ 170] OK     f=   1.374  a=42.8 b=50.8 gap=19.5 (face=3.0mm) n=[475, 331, 212, 747, 316, 112, 137, 704, 817]  tape=1.374km B=13.95T unif=0.346% hoop=347MPa
  [ 171] INFEAS f=1019.625  a=34.7 b=48.4 gap=20.0 (face=4.0mm) n=[536, 478, 168, 708, 111, 172, 496, 192, 856]  no evaluation (geometry pre-check)
  [ 172] INFEAS f=1001.484  a=33.6 b=46.3 gap=22.1 (face=8.1mm) n=[101, 293, 83, 820, 791, 269, 487, 150, 779]  no evaluation (geometry pre-check)
  [ 173] OK     f=   1.402  a=37.0 b=47.4 gap=19.5 (face=3.0mm) n=[210, 592, 274, 749, 441, 261, 267, 484, 841]  tape=1.402km B=15.82T unif=0.333% hoop=301MPa
  [ 174] viol   f=   0.997  a=33.7 b=50.4 gap=25.0 (face=14.0mm) n=[98, 265, 176, 366, 605, 253, 548, 60, 342]  tape=0.884km B=9.76T unif=0.691% hoop=206MPa
  [ 175] viol   f=   4.515  a=40.6 b=47.5 gap=19.9 (face=3.8mm) n=[288, 65, 344, 422, 284, 512, 862, 168, 827]  tape=1.318km B=12.69T unif=1.126% hoop=318MPa
  [ 176] OK     f=   1.192  a=36.8 b=52.0 gap=21.8 (face=7.7mm) n=[145, 204, 216, 586, 305, 96, 249, 815, 722]  tape=1.192km B=10.96T unif=0.335% hoop=300MPa
  [ 177] viol   f=  21.948  a=39.9 b=64.3 gap=21.6 (face=7.2mm) n=[309, 601, 75, 661, 430, 155, 382, 81, 323]  tape=1.199km B=12.00T unif=1.322% hoop=264MPa
  [ 178] viol   f=   8.054  a=41.3 b=51.8 gap=20.6 (face=5.3mm) n=[418, 103, 250, 486, 448, 399, 277, 185, 573]  tape=1.069km B=12.47T unif=1.187% hoop=290MPa
  [ 179] OK     f=   1.141  a=35.2 b=42.9 gap=20.5 (face=5.1mm) n=[387, 111, 235, 558, 356, 267, 522, 413, 756]  tape=1.141km B=13.55T unif=0.213% hoop=261MPa
  [ 180] INFEAS f=1496.847  a=47.4 b=48.9 gap=20.4 (face=4.8mm) n=[399, 154, 167, 660, 663, 224, 238, 231, 440]  no evaluation (geometry pre-check)
  [ 181] viol   f=   2.799  a=32.6 b=54.1 gap=26.0 (face=15.9mm) n=[187, 312, 234, 479, 343, 169, 164, 124, 629]  tape=0.924km B=9.03T unif=0.460% hoop=241MPa
  [ 182] viol   f=   1.957  a=39.6 b=49.8 gap=20.8 (face=5.6mm) n=[132, 203, 120, 313, 312, 449, 268, 242, 299]  tape=0.762km B=9.23T unif=0.547% hoop=400MPa
  [ 183] OK     f=   1.541  a=40.2 b=62.1 gap=24.2 (face=12.3mm) n=[295, 581, 151, 153, 831, 585, 506, 79, 659]  tape=1.541km B=12.98T unif=0.501% hoop=279MPa
  [ 184] INFEAS f=1102.509  a=33.5 b=52.1 gap=22.3 (face=8.7mm) n=[274, 209, 201, 680, 234, 404, 456, 321, 839]  no evaluation (geometry pre-check)
  [ 185] INFEAS f=1003.787  a=41.0 b=45.7 gap=23.9 (face=11.8mm) n=[148, 460, 388, 468, 884, 143, 199, 173, 561]  no evaluation (geometry pre-check)
  [ 186] OK     f=   1.388  a=45.7 b=59.0 gap=26.2 (face=16.4mm) n=[255, 95, 155, 878, 403, 167, 480, 118, 875]  tape=1.388km B=10.53T unif=0.755% hoop=263MPa
  [ 187] viol   f=   1.075  a=35.4 b=61.7 gap=22.9 (face=9.7mm) n=[530, 116, 176, 285, 113, 288, 136, 483, 579]  tape=0.999km B=9.80T unif=0.867% hoop=208MPa
  [ 188] INFEAS f=1144.350  a=42.6 b=45.7 gap=19.6 (face=3.1mm) n=[370, 368, 347, 372, 502, 309, 99, 343, 645]  no evaluation (geometry pre-check)
  [ 189] OK     f=   1.010  a=40.9 b=55.4 gap=20.2 (face=4.4mm) n=[182, 281, 99, 373, 435, 88, 381, 354, 590]  tape=1.010km B=10.10T unif=0.650% hoop=267MPa
  [ 190] OK     f=   1.401  a=39.4 b=54.4 gap=28.7 (face=21.5mm) n=[814, 196, 311, 396, 51, 432, 439, 140, 900]  tape=1.401km B=11.74T unif=0.375% hoop=304MPa
  [ 191] INFEAS f=1358.466  a=34.8 b=58.1 gap=19.8 (face=3.5mm) n=[450, 61, 85, 426, 315, 354, 80, 178, 896]  no evaluation (geometry pre-check)
  [ 192] viol   f=  22.325  a=41.5 b=63.1 gap=19.8 (face=3.6mm) n=[119, 66, 244, 225, 397, 50, 68, 243, 788]  tape=0.942km B=6.73T unif=0.283% hoop=265MPa
  [ 193] OK     f=   1.268  a=32.6 b=58.6 gap=29.8 (face=23.6mm) n=[500, 410, 275, 276, 464, 311, 344, 404, 613]  tape=1.268km B=12.00T unif=0.512% hoop=284MPa
  [ 194] OK     f=   1.068  a=34.5 b=53.1 gap=20.9 (face=5.9mm) n=[60, 127, 387, 489, 312, 188, 420, 253, 735]  tape=1.068km B=10.45T unif=0.526% hoop=243MPa
  [ 195] viol   f=   1.230  a=36.7 b=60.6 gap=28.4 (face=20.8mm) n=[374, 59, 99, 606, 442, 540, 162, 195, 740]  tape=1.229km B=9.98T unif=0.208% hoop=231MPa
  [ 196] OK     f=   1.127  a=41.0 b=60.4 gap=22.5 (face=9.0mm) n=[275, 453, 104, 611, 148, 319, 228, 176, 632]  tape=1.127km B=10.61T unif=0.758% hoop=253MPa
  [ 197] OK     f=   1.126  a=35.9 b=62.9 gap=20.5 (face=5.0mm) n=[317, 240, 192, 592, 438, 156, 240, 242, 550]  tape=1.126km B=11.28T unif=0.856% hoop=278MPa
  [ 198] viol   f=  31.484  a=33.4 b=55.6 gap=19.5 (face=3.0mm) n=[394, 154, 129, 253, 156, 425, 94, 326, 181]  tape=0.698km B=9.11T unif=1.382% hoop=181MPa
  [ 199] viol   f=   1.677  a=35.0 b=63.7 gap=19.5 (face=3.0mm) n=[54, 78, 128, 428, 524, 55, 239, 568, 727]  tape=1.089km B=9.46T unif=0.507% hoop=202MPa
  [ 200] OK     f=   1.142  a=36.3 b=55.4 gap=19.5 (face=3.0mm) n=[119, 231, 321, 671, 571, 127, 283, 127, 732]  tape=1.142km B=12.22T unif=0.674% hoop=252MPa
  [ 201] viol   f=  11.791  a=41.0 b=67.5 gap=24.3 (face=12.6mm) n=[230, 189, 241, 551, 84, 171, 218, 112, 898]  tape=1.230km B=7.70T unif=0.348% hoop=257MPa
  [ 202] viol   f=   4.759  a=39.9 b=54.4 gap=21.0 (face=6.0mm) n=[84, 128, 196, 441, 432, 50, 315, 213, 781]  tape=1.018km B=8.63T unif=0.323% hoop=298MPa
  [ 203] viol   f=   0.841  a=28.5 b=51.5 gap=24.4 (face=12.8mm) n=[425, 197, 191, 434, 375, 265, 185, 416, 403]  tape=0.838km B=12.24T unif=1.004% hoop=185MPa
  [ 204] OK     f=   1.255  a=43.1 b=54.7 gap=21.5 (face=7.0mm) n=[275, 344, 66, 550, 424, 69, 564, 416, 706]  tape=1.255km B=11.99T unif=0.425% hoop=292MPa
  [ 205] OK     f=   1.201  a=41.0 b=49.7 gap=20.3 (face=4.5mm) n=[244, 227, 147, 584, 513, 179, 258, 108, 897]  tape=1.201km B=10.72T unif=0.477% hoop=276MPa
  [ 206] viol   f=   8.608  a=40.8 b=48.6 gap=19.5 (face=3.0mm) n=[183, 158, 330, 232, 196, 229, 97, 191, 670]  tape=0.828km B=8.03T unif=0.651% hoop=260MPa
  [ 207] OK     f=   1.665  a=47.0 b=70.7 gap=23.0 (face=10.0mm) n=[98, 294, 150, 385, 470, 457, 588, 173, 893]  tape=1.665km B=10.17T unif=0.419% hoop=400MPa
  [ 208] OK     f=   0.978  a=33.6 b=62.9 gap=21.6 (face=7.2mm) n=[81, 192, 357, 530, 236, 242, 271, 276, 452]  tape=0.978km B=10.01T unif=0.880% hoop=250MPa
  [ 209] OK     f=   1.040  a=36.7 b=53.3 gap=19.8 (face=3.5mm) n=[170, 89, 196, 386, 569, 156, 230, 362, 717]  tape=1.040km B=10.17T unif=0.283% hoop=237MPa
  [ 210] viol   f=   7.156  a=33.7 b=59.7 gap=26.4 (face=16.9mm) n=[79, 56, 198, 373, 468, 335, 208, 369, 555]  tape=0.942km B=8.24T unif=0.169% hoop=190MPa
  [ 211] OK     f=   1.478  a=46.2 b=62.8 gap=21.3 (face=6.6mm) n=[201, 69, 56, 626, 451, 415, 548, 156, 890]  tape=1.478km B=10.35T unif=0.552% hoop=339MPa
  [ 212] viol   f=   4.195  a=31.1 b=56.1 gap=26.0 (face=16.1mm) n=[271, 292, 91, 358, 246, 235, 203, 315, 645]  tape=0.960km B=8.73T unif=0.387% hoop=250MPa
  [ 213] viol   f=   1.287  a=32.5 b=64.2 gap=21.6 (face=7.1mm) n=[302, 191, 65, 549, 206, 222, 348, 306, 761]  tape=1.195km B=9.79T unif=0.590% hoop=260MPa
  [ 214] OK     f=   0.817  a=27.9 b=44.6 gap=26.6 (face=17.2mm) n=[251, 346, 425, 335, 362, 272, 170, 438, 469]  tape=0.817km B=11.66T unif=0.523% hoop=190MPa
  [ 215] OK     f=   1.052  a=35.3 b=57.4 gap=22.4 (face=8.8mm) n=[301, 233, 269, 364, 449, 58, 131, 457, 634]  tape=1.052km B=10.19T unif=0.558% hoop=261MPa
  [ 216] viol   f=   4.246  a=33.2 b=57.0 gap=22.5 (face=8.9mm) n=[334, 223, 51, 211, 144, 221, 278, 456, 507]  tape=0.833km B=8.69T unif=0.525% hoop=197MPa
  [ 217] viol   f=   2.272  a=36.7 b=55.5 gap=19.8 (face=3.6mm) n=[538, 351, 200, 482, 370, 638, 93, 220, 725]  tape=1.297km B=13.95T unif=1.070% hoop=313MPa  [a=29 b=35 nt=1900] KSP converged reason: 4, iterations: 1
  [a=27 b=51 nt=2127] KSP converged reason: 4, iterations: 1
  [a=32 b=44 nt=2473] KSP converged reason: 4, iterations: 1
  [a=33 b=47 nt=2689] KSP converged reason: 4, iterations: 1
  [a=39 b=45 nt=2046] KSP converged reason: 4, iterations: 1
  [a=31 b=39 nt=2353] KSP converged reason: 4, iterations: 1
  [a=38 b=51 nt=2805] KSP converged reason: 4, iterations: 1
  [a=34 b=47 nt=3020] KSP converged reason: 4, iterations: 1
  [a=37 b=48 nt=2940] KSP converged reason: 4, iterations: 1
  [a=46 b=52 nt=3616] KSP converged reason: 4, iterations: 1
  [a=45 b=62 nt=3097] KSP converged reason: 4, iterations: 1
  [a=40 b=59 nt=3439] KSP converged reason: 4, iterations: 1
  [a=43 b=51 nt=3851] KSP converged reason: 4, iterations: 1
  [a=35 b=43 nt=3605] KSP converged reason: 4, iterations: 1
  [a=34 b=53 nt=2971] KSP converged reason: 4, iterations: 1
  [a=33 b=56 nt=2112] KSP converged reason: 4, iterations: 1
  [a=43 b=55 nt=3414] KSP converged reason: 4, iterations: 1
  [a=37 b=53 nt=2875] KSP converged reason: 4, iterations: 1
  [a=28 b=45 nt=3068] KSP converged reason: 4, iterations: 1
  [a=34 b=42 nt=2660] KSP converged reason: 4, iterations: 1
  [a=36 b=43 nt=2395] KSP converged reason: 4, iterations: 1
  [a=30 b=45 nt=3054] KSP converged reason: 4, iterations: 1
  [a=36 b=47 nt=2698] KSP converged reason: 4, iterations: 1
  [a=37 b=50 nt=2341] KSP converged reason: 4, iterations: 1
  [a=25 b=42 nt=2951] KSP converged reason: 4, iterations: 1
  [a=35 b=51 nt=3584] KSP converged reason: 4, iterations: 1
  [a=28 b=46 nt=2841] KSP converged reason: 4, iterations: 1
  [a=34 b=52 nt=2472] KSP converged reason: 4, iterations: 1
  [a=39 b=47 nt=3605] KSP converged reason: 4, iterations: 1
  [a=51 b=74 nt=3658] KSP converged reason: 4, iterations: 1
  [a=39 b=56 nt=3337] KSP converged reason: 4, iterations: 1
  [a=41 b=51 nt=3776] KSP converged reason: 4, iterations: 1
  [a=37 b=47 nt=4119] KSP converged reason: 4, iterations: 1
  [a=40 b=62 nt=3840] KSP converged reason: 4, iterations: 1
  [a=33 b=59 nt=3597] KSP converged reason: 4, iterations: 1
  [a=41 b=67 nt=2694] KSP converged reason: 4, iterations: 1
  [a=41 b=49 nt=2286] KSP converged reason: 4, iterations: 1
  [a=31 b=56 nt=2656] KSP converged reason: 4, iterations: 1
  [a=37 b=48 nt=3244] KSP converged reason: 4, iterations: 1
  [a=30 b=42 nt=3225] KSP converged reason: 4, iterations: 1
  [a=30 b=46 nt=2931] KSP converged reason: 4, iterations: 1
  [a=35 b=41 nt=2843] KSP converged reason: 4, iterations: 1
  [a=38 b=47 nt=2699] KSP converged reason: 4, iterations: 1
  [a=39 b=49 nt=2513] KSP converged reason: 4, iterations: 1
  [a=20 b=29 nt=1644] KSP converged reason: 4, iterations: 1
  [a=25 b=34 nt=2083] KSP converged reason: 4, iterations: 1
  [a=32 b=47 nt=2524] KSP converged reason: 4, iterations: 1
  [a=33 b=51 nt=2632] KSP converged reason: 4, iterations: 1
  [a=34 b=58 nt=3042] KSP converged reason: 4, iterations: 1
  [a=29 b=64 nt=2524] KSP converged reason: 4, iterations: 1
  [a=29 b=49 nt=2139] KSP converged reason: 4, iterations: 1
  [a=35 b=56 nt=2332] KSP converged reason: 4, iterations: 1
  [a=36 b=61 nt=3969] KSP converged reason: 4, iterations: 1
  [a=46 b=56 nt=3475] KSP converged reason: 4, iterations: 1
  [a=44 b=63 nt=4283] KSP converged reason: 4, iterations: 1
  [a=41 b=48 nt=3772] KSP converged reason: 4, iterations: 1
  [a=40 b=64 nt=3017] KSP converged reason: 4, iterations: 1
  [a=35 b=62 nt=2706] KSP converged reason: 4, iterations: 1
  [a=37 b=61 nt=3217] KSP converged reason: 4, iterations: 1
  [a=35 b=64 nt=2801] KSP converged reason: 4, iterations: 1
  [a=47 b=71 nt=3508] KSP converged reason: 4, iterations: 1
  [a=32 b=64 nt=2950] KSP converged reason: 4, iterations: 1
  [a=33 b=57 nt=2425] KSP converged reason: 4, iterations: 1
  [a=33 b=53 nt=2661] KSP converged reason: 4, iterations: 1
  [a=36 b=58 nt=3749] KSP converged reason: 4, iterations: 1
  [a=25 b=43 nt=2833] KSP converged reason: 4, iterations: 1
  [a=32 b=39 nt=2450] KSP converged reason: 4, iterations: 1
  [a=29 b=39 nt=2588] KSP converged reason: 4, iterations: 1
  [a=29 b=35 nt=2718] KSP converged reason: 4, iterations: 1
  [a=33 b=50 nt=2677] KSP converged reason: 4, iterations: 1
  [a=31 b=49 nt=2884] KSP converged reason: 4, iterations: 1
  [a=26 b=46 nt=2444] KSP converged reason: 4, iterations: 1
  [a=29 b=55 nt=2623] KSP converged reason: 4, iterations: 1
  [a=29 b=56 nt=2386] KSP converged reason: 4, iterations: 1
  [a=30 b=53 nt=2772] KSP converged reason: 4, iterations: 1
  [a=39 b=63 nt=4300] KSP converged reason: 4, iterations: 1
  [a=38 b=64 nt=3386] KSP converged reason: 4, iterations: 1
  [a=37 b=58 nt=4585] KSP converged reason: 4, iterations: 1
  [a=34 b=50 nt=2713] KSP converged reason: 4, iterations: 1
  [a=41 b=52 nt=3139] KSP converged reason: 4, iterations: 1
  [a=41 b=55 nt=2783] KSP converged reason: 4, iterations: 1
  [a=36 b=55 nt=3182] KSP converged reason: 4, iterations: 1
  [a=34 b=63 nt=2637] KSP converged reason: 4, iterations: 1
  [a=35 b=57 nt=2896] KSP converged reason: 4, iterations: 1
  [a=37 b=56 nt=3617] KSP converged reason: 4, iterations: 1
  [a=37 b=49 nt=3873] KSP converged reason: 4, iterations: 1
  [a=36 b=45 nt=3063] KSP converged reason: 4, iterations: 1
  [a=39 b=54 nt=2899] KSP converged reason: 4, iterations: 1
  [a=31 b=47 nt=2686] KSP converged reason: 4, iterations: 1
  [a=31 b=42 nt=3370] KSP converged reason: 4, iterations: 1
  [a=26 b=38 nt=2346] KSP converged reason: 4, iterations: 1
  [a=24 b=40 nt=2858] KSP converged reason: 4, iterations: 1
  [a=33 b=48 nt=2220] KSP converged reason: 4, iterations: 1
  [a=30 b=50 nt=3594] KSP converged reason: 4, iterations: 1
  [a=27 b=60 nt=2211] KSP converged reason: 4, iterations: 1
  [a=38 b=59 nt=3578] KSP converged reason: 4, iterations: 1
  [a=40 b=46 nt=3353] KSP converged reason: 4, iterations: 1
  [a=38 b=62 nt=3526] KSP converged reason: 4, iterations: 1
  [a=37 b=51 nt=3495] KSP converged reason: 4, iterations: 1
  [a=40 b=54 nt=3064] KSP converged reason: 4, iterations: 1
  [a=33 b=54 nt=2641] KSP converged reason: 4, iterations: 1
  [a=46 b=59 nt=3426] KSP converged reason: 4, iterations: 1
  [a=41 b=63 nt=2200] KSP converged reason: 4, iterations: 1
  [a=41 b=60 nt=2946] KSP converged reason: 4, iterations: 1
  [a=40 b=54 nt=2640] KSP converged reason: 4, iterations: 1
  [a=41 b=50 nt=3157] KSP converged reason: 4, iterations: 1
  [a=46 b=63 nt=3412] KSP converged reason: 4, iterations: 1
  [a=35 b=54 nt=3104] KSP converged reason: 4, iterations: 1
  [a=33 b=43 nt=3343] KSP converged reason: 4, iterations: 1
  [a=35 b=54 nt=2635] KSP converged reason: 4, iterations: 1
  [a=36 b=47 nt=3095] KSP converged reason: 4, iterations: 1
  [a=33 b=51 nt=2356] KSP converged reason: 4, iterations: 1
  [a=29 b=50 nt=2705] KSP converged reason: 4, iterations: 1
  [a=15 b=26 nt=1418] KSP converged reason: 4, iterations: 1
  [a=30 b=46 nt=3446] KSP converged reason: 4, iterations: 1
  [a=38 b=48 nt=2649] KSP converged reason: 4, iterations: 1
  [a=25 b=34 nt=3334] KSP converged reason: 4, iterations: 1
  [a=38 b=50 nt=2982] KSP converged reason: 4, iterations: 1
  [a=31 b=60 nt=3623] KSP converged reason: 4, iterations: 1
  [a=38 b=44 nt=2773] KSP converged reason: 4, iterations: 1
  [a=36 b=41 nt=3434] KSP converged reason: 4, iterations: 1
  [a=46 b=64 nt=4750] KSP converged reason: 4, iterations: 1
  [a=38 b=53 nt=3847] KSP converged reason: 4, iterations: 1
  [a=43 b=49 nt=3704] KSP converged reason: 4, iterations: 1
  [a=39 b=54 nt=3106] KSP converged reason: 4, iterations: 1
  [a=37 b=52 nt=3338] KSP converged reason: 4, iterations: 1
  [a=40 b=50 nt=2338] KSP converged reason: 4, iterations: 1
  [a=39 b=54 nt=3679] KSP converged reason: 4, iterations: 1
  [a=36 b=63 nt=2967] KSP converged reason: 4, iterations: 1
  [a=28 b=51 nt=2891] KSP converged reason: 4, iterations: 1
  [a=34 b=60 nt=2641] KSP converged reason: 4, iterations: 1
  [a=30 b=47 nt=3333] KSP converged reason: 4, iterations: 1
  [a=29 b=58 nt=2256] KSP converged reason: 4, iterations: 1
  [a=32 b=51 nt=3133] KSP converged reason: 4, iterations: 1
  [a=36 b=48 nt=2742] KSP converged reason: 4, iterations: 1
  [a=29 b=39 nt=2899] KSP converged reason: 4, iterations: 1
  [a=32 b=52 nt=2984] KSP converged reason: 4, iterations: 1

  [ 218] OK     f=   1.042  a=36.9 b=48.0 gap=24.6 (face=13.2mm) n=[282, 85, 365, 275, 343, 373, 493, 425, 603]  tape=1.042km B=11.30T unif=0.250% hoop=275MPa
  [ 219] OK     f=   1.052  a=35.3 b=54.1 gap=26.8 (face=17.5mm) n=[240, 443, 139, 429, 548, 395, 82, 219, 609]  tape=1.052km B=10.97T unif=0.320% hoop=226MPa
  [ 220] viol   f=   1.049  a=30.3 b=46.5 gap=19.8 (face=3.5mm) n=[211, 278, 78, 691, 604, 122, 322, 559, 468]  tape=1.012km B=13.80T unif=1.014% hoop=209MPa
  [ 221] INFEAS f=1090.239  a=31.5 b=46.5 gap=22.2 (face=8.4mm) n=[487, 375, 528, 784, 692, 229, 160, 504, 728]  no evaluation (geometry pre-check)
  [ 222] INFEAS f=2310.863  a=29.8 b=52.2 gap=30.1 (face=24.3mm) n=[195, 263, 315, 471, 296, 482, 387, 806, 514]  no evaluation (geometry pre-check)
  [ 223] viol   f=   0.782  a=33.8 b=42.3 gap=23.7 (face=11.3mm) n=[146, 169, 449, 280, 322, 128, 139, 558, 469]  tape=0.769km B=9.92T unif=0.344% hoop=206MPa
  [ 224] INFEAS f=20959.543  a=21.5 b=41.2 gap=24.2 (face=12.4mm) n=[92, 73, 138, 573, 135, 53, 60, 300, 851]  no evaluation (geometry pre-check)
  [ 225] viol   f=   0.897  a=32.5 b=53.5 gap=20.5 (face=4.9mm) n=[274, 80, 169, 374, 409, 64, 371, 340, 580]  tape=0.892km B=9.95T unif=0.601% hoop=213MPa
  [ 226] OK     f=   0.952  a=33.2 b=42.8 gap=24.1 (face=12.2mm) n=[364, 507, 282, 308, 571, 292, 67, 598, 354]  tape=0.952km B=13.50T unif=0.152% hoop=246MPa
  [ 227] viol   f=  15.127  a=29.2 b=57.9 gap=30.2 (face=24.5mm) n=[210, 59, 423, 392, 80, 111, 271, 345, 365]  tape=0.727km B=7.32T unif=0.473% hoop=139MPa
  [ 228] OK     f=   1.405  a=36.7 b=49.3 gap=28.4 (face=20.8mm) n=[604, 322, 474, 601, 251, 125, 301, 301, 894]  tape=1.405km B=12.29T unif=0.858% hoop=263MPa
  [ 229] OK     f=   0.949  a=30.3 b=42.2 gap=23.5 (face=11.1mm) n=[400, 152, 363, 259, 359, 160, 530, 665, 337]  tape=0.949km B=12.02T unif=0.238% hoop=229MPa
  [ 230] OK     f=   1.038  a=36.0 b=44.9 gap=20.9 (face=5.9mm) n=[394, 164, 151, 386, 297, 311, 247, 364, 749]  tape=1.038km B=10.98T unif=0.669% hoop=320MPa
  [ 231] OK     f=   1.402  a=36.4 b=58.0 gap=21.2 (face=6.5mm) n=[294, 294, 187, 492, 535, 524, 409, 286, 728]  tape=1.402km B=13.44T unif=0.674% hoop=304MPa
  [ 232] viol   f=   4.933  a=30.0 b=45.8 gap=19.6 (face=3.2mm) n=[429, 184, 354, 147, 335, 299, 247, 545, 391]  tape=0.861km B=12.50T unif=1.143% hoop=219MPa
  [ 233] OK     f=   0.680  a=35.9 b=43.4 gap=21.2 (face=6.4mm) n=[211, 94, 369, 376, 213, 208, 188, 427, 309]  tape=0.680km B=10.21T unif=0.751% hoop=223MPa
  [ 234] INFEAS f=1416.578  a=39.1 b=40.9 gap=21.1 (face=6.1mm) n=[326, 66, 518, 367, 158, 289, 323, 400, 361]  no evaluation (geometry pre-check)
  [ 235] OK     f=   1.018  a=32.4 b=51.3 gap=21.4 (face=6.9mm) n=[389, 269, 383, 108, 449, 201, 182, 617, 535]  tape=1.018km B=11.81T unif=0.529% hoop=243MPa
  [ 236] OK     f=   0.862  a=35.3 b=53.5 gap=22.2 (face=8.4mm) n=[100, 164, 464, 355, 488, 208, 177, 329, 350]  tape=0.862km B=10.70T unif=0.854% hoop=212MPa
  [ 237] viol   f=   2.075  a=38.9 b=54.0 gap=20.5 (face=4.9mm) n=[156, 298, 456, 318, 373, 106, 304, 478, 410]  tape=0.960km B=11.69T unif=1.075% hoop=264MPa
  [ 238] OK     f=   0.724  a=24.7 b=42.7 gap=25.2 (face=14.4mm) n=[197, 332, 397, 139, 271, 202, 476, 453, 366]  tape=0.724km B=10.90T unif=0.710% hoop=158MPa
  [ 239] OK     f=   0.885  a=36.5 b=47.6 gap=24.1 (face=12.1mm) n=[201, 115, 421, 288, 281, 162, 570, 330, 374]  tape=0.885km B=10.04T unif=0.141% hoop=266MPa
  [ 240] OK     f=   0.801  a=34.8 b=41.0 gap=24.3 (face=12.6mm) n=[394, 182, 314, 274, 527, 301, 82, 430, 339]  tape=0.801km B=11.51T unif=0.391% hoop=228MPa
  [ 241] OK     f=   0.853  a=30.0 b=44.5 gap=23.6 (face=11.2mm) n=[351, 61, 417, 128, 528, 325, 141, 575, 528]  tape=0.853km B=11.65T unif=0.231% hoop=178MPa
  [ 242] OK     f=   1.028  a=35.7 b=47.3 gap=22.7 (face=9.3mm) n=[260, 192, 488, 331, 161, 157, 376, 447, 683]  tape=1.028km B=11.08T unif=0.453% hoop=244MPa
  [ 243] viol   f= 194.986  a=32.2 b=38.8 gap=22.9 (face=9.7mm) n=[119, 106, 401, 96, 549, 184, 231, 489, 275]  tape=0.666km B=9.70T unif=1.985% hoop=165MPa
  [ 244] OK     f=   0.829  a=31.5 b=47.0 gap=24.8 (face=13.7mm) n=[327, 172, 407, 152, 301, 255, 214, 550, 308]  tape=0.829km B=10.17T unif=0.533% hoop=213MPa
  [ 245] OK     f=   0.791  a=28.6 b=38.9 gap=28.5 (face=21.1mm) n=[486, 226, 373, 289, 207, 291, 68, 612, 347]  tape=0.791km B=10.82T unif=0.218% hoop=182MPa
  [ 246] viol   f=   2.770  a=33.1 b=51.4 gap=19.8 (face=3.7mm) n=[50, 162, 433, 393, 147, 76, 54, 603, 438]  tape=0.772km B=9.00T unif=0.670% hoop=182MPa
  [ 247] viol   f=   1.116  a=35.7 b=47.3 gap=26.0 (face=16.0mm) n=[365, 267, 371, 164, 119, 321, 50, 502, 539]  tape=0.830km B=9.62T unif=0.351% hoop=210MPa
  [ 248] viol   f=   6.655  a=38.3 b=46.6 gap=22.1 (face=8.1mm) n=[238, 181, 371, 106, 79, 252, 128, 836, 508]  tape=0.969km B=8.31T unif=0.554% hoop=186MPa
  [ 249] viol   f= 108.401  a=38.6 b=48.9 gap=21.6 (face=7.2mm) n=[336, 82, 444, 380, 254, 317, 138, 311, 251]  tape=0.786km B=11.01T unif=1.734% hoop=234MPa
  [ 250] viol   f=   1.327  a=29.3 b=50.3 gap=20.1 (face=4.3mm) n=[282, 78, 506, 191, 367, 235, 256, 421, 369]  tape=0.825km B=11.72T unif=1.050% hoop=201MPa
  [ 251] OK     f=   0.674  a=29.4 b=39.3 gap=23.8 (face=11.6mm) n=[265, 177, 433, 190, 356, 200, 344, 489, 134]  tape=0.674km B=10.85T unif=0.411% hoop=174MPa
  [ 252] OK     f=   0.923  a=32.1 b=52.1 gap=19.6 (face=3.2mm) n=[340, 92, 270, 62, 457, 367, 524, 514, 358]  tape=0.923km B=11.97T unif=0.475% hoop=214MPa
  [ 253] viol   f=  13.022  a=30.8 b=41.7 gap=23.6 (face=11.2mm) n=[143, 431, 574, 452, 469, 346, 365, 509, 81]  tape=0.907km B=14.75T unif=1.246% hoop=223MPa

==========================================================================================
CMA-ES finished: 253 evaluations in 5.2 min
==========================================================================================

Best feasible design found:
  a_mm             30.627696143985542
  b_mm             39.13684445840042
  gap_mm           19.654092324252424
  face_gap_mm      3.3081846485048456
  n_turns          [245, 240, 244, 258, 223, 412, 65, 172, 494]
  n_total          2353
  tape_km          0.6321738878877314
  B_target_T       10.094299881254273
  uniformity_pct   0.4871911812534688
  hoop_MPa         232.73981144402123
  delam_MPa        7.78741001220537
  I_quench_A       406.3455484614489
  I_op_A           223.5124028940863
  binding          quench/SF
  clip_frac        0.14407630522088352

Full evaluation history -> optimize/cmaes_history.csv
Best design            -> optimize/cmaes_results.csv
Appended 253 rows to cumulative master log -> optimize/cmaes_all_evaluations.csv

Figures -> /home/gerrityjack/fenicsx/Racetrack-Coil-Optimization/visualization/cmaes_convergence.png, cmaes_constraints.png, cmaes_variables.png, cmaes_overview.png
Cumulative parameter-space map -> visualization/cmaes_param_map.png (32788 evaluations, 92 runs)
