Starting CMA-ES: 6 variables, budget 500 evaluations, target B >= 10.0 T, uniformity <= 1.0%, hoop <= 400 MPa, coil-coil face gap >= 3 mm

Parallel mode: 6 worker processes per generation.
  [   1] INFEAS f=16867.822  a=19.0 b=36.5 gap=7.6 (face=3.2mm) n=[405, 746, 547]  no evaluation (geometry pre-check)
  [   2] INFEAS f=9077.284  a=25.9 b=16.7 gap=11.9 (face=11.9mm) n=[283, 436, 511]  no evaluation (geometry pre-check)
  [   3] INFEAS f=38476.115  a=17.8 b=36.2 gap=11.3 (face=10.6mm) n=[884, 439, 459]  no evaluation (geometry pre-check)
  [   4] viol   f=12332.311  a=19.7 b=27.4 gap=10.9 (face=9.9mm) n=[226, 391, 441]  tape=0.180km B=7.52T unif=8.849% hoop=71MPa
  [   5] INFEAS f=10065.364  a=23.6 b=25.2 gap=11.1 (face=10.2mm) n=[723, 783, 624]  no evaluation (geometry pre-check)
  [   6] INFEAS f=18574.261  a=20.6 b=37.1 gap=7.9 (face=3.7mm) n=[108, 65, 806]  no evaluation (geometry pre-check)
  [   7] INFEAS f=19933.550  a=18.0 b=1.6 gap=13.0 (face=14.1mm) n=[301, 126, 465]  no evaluation (geometry pre-check)
  [   8] INFEAS f=2577.696  a=18.5 b=38.4 gap=12.0 (face=11.9mm) n=[207, 513, 509]  no evaluation (geometry pre-check)
  [   9] INFEAS f=11903.387  a=17.4 b=36.3 gap=17.2 (face=22.3mm) n=[647, 258, 641]  no evaluation (geometry pre-check)
  [  10] INFEAS f=20827.527  a=22.2 b=21.9 gap=9.0 (face=6.0mm) n=[381, 623, 857]  no evaluation (geometry pre-check)
  [  11] INFEAS f=1349.547  a=29.2 b=31.2 gap=7.5 (face=3.0mm) n=[542, 684, 604]  no evaluation (geometry pre-check)
  [  12] INFEAS f=1903.453  a=25.9 b=26.1 gap=9.3 (face=6.6mm) n=[450, 416, 348]  no evaluation (geometry pre-check)
  [  13] INFEAS f=7844.516  a=24.1 b=31.3 gap=10.5 (face=9.1mm) n=[317, 491, 772]  no evaluation (geometry pre-check)
  [  14] INFEAS f=29652.921  a=19.0 b=37.6 gap=7.6 (face=3.2mm) n=[855, 681, 547]  no evaluation (geometry pre-check)
  [  15] INFEAS f=30042.099  a=18.4 b=24.1 gap=8.2 (face=4.5mm) n=[321, 333, 842]  no evaluation (geometry pre-check)
  [  16] INFEAS f=18363.585  a=26.1 b=19.1 gap=7.7 (face=3.3mm) n=[344, 343, 888]  no evaluation (geometry pre-check)
  [  17] INFEAS f=72258.324  a=8.2 b=27.2 gap=7.6 (face=3.2mm) n=[151, 779, 813]  no evaluation (geometry pre-check)
  [  18] viol   f=1026.150  a=19.7 b=47.0 gap=8.7 (face=5.4mm) n=[248, 370, 367]  tape=0.237km B=7.32T unif=3.249% hoop=79MPa
  [  19] INFEAS f=4396.015  a=35.8 b=31.6 gap=7.5 (face=3.0mm) n=[188, 505, 545]  no evaluation (geometry pre-check)
  [  20] INFEAS f=2183.550  a=25.9 b=40.9 gap=9.6 (face=7.3mm) n=[693, 400, 697]  no evaluation (geometry pre-check)
  [  21] INFEAS f=82396.015  a=5.3 b=46.3 gap=10.5 (face=9.0mm) n=[782, 89, 311]  no evaluation (geometry pre-check)
  [  22] INFEAS f=23949.081  a=22.4 b=33.4 gap=7.6 (face=3.2mm) n=[306, 900, 356]  no evaluation (geometry pre-check)
  [  23] viol   f=2168.289  a=25.2 b=32.5 gap=7.9 (face=3.8mm) n=[52, 344, 280]  tape=0.135km B=5.49T unif=4.262% hoop=73MPa
  [  24] INFEAS f=24084.074  a=8.7 b=27.3 gap=7.5 (face=3.0mm) n=[202, 536, 326]  no evaluation (geometry pre-check)
  [  25] INFEAS f=20925.909  a=15.4 b=44.9 gap=7.5 (face=3.0mm) n=[688, 619, 425]  no evaluation (geometry pre-check)
  [  26] INFEAS f=19702.662  a=16.8 b=43.4 gap=11.6 (face=11.1mm) n=[376, 714, 572]  no evaluation (geometry pre-check)
  [  27] INFEAS f=2723.384  a=24.7 b=39.3 gap=8.0 (face=3.9mm) n=[684, 285, 429]  no evaluation (geometry pre-check)
  [  28] INFEAS f=2643.461  a=25.7 b=24.3 gap=8.3 (face=4.6mm) n=[510, 464, 559]  no evaluation (geometry pre-check)
  [  29] INFEAS f=1204.721  a=20.2 b=41.3 gap=9.7 (face=7.5mm) n=[496, 265, 214]  no evaluation (geometry pre-check)
  [  30] viol   f= 951.626  a=35.0 b=43.2 gap=7.6 (face=3.1mm) n=[317, 65, 462]  tape=0.230km B=5.27T unif=3.129% hoop=126MPa
  [  31] viol   f= 590.740  a=22.5 b=46.8 gap=7.9 (face=3.7mm) n=[389, 443, 443]  tape=0.309km B=9.58T unif=2.718% hoop=99MPa
  [  32] viol   f= 267.112  a=30.5 b=36.5 gap=7.8 (face=3.5mm) n=[346, 141, 459]  tape=0.224km B=6.30T unif=2.094% hoop=110MPa
  [  33] viol   f=14489.960  a=22.0 b=31.4 gap=7.5 (face=3.1mm) n=[238, 504, 475]  tape=0.232km B=9.79T unif=9.512% hoop=92MPa
  [  34] INFEAS f=1697.258  a=23.4 b=33.5 gap=7.8 (face=3.5mm) n=[435, 335, 612]  no evaluation (geometry pre-check)
  [  35] INFEAS f=1039.121  a=33.7 b=37.7 gap=8.0 (face=3.9mm) n=[372, 610, 416]  no evaluation (geometry pre-check)
  [  36] INFEAS f=1000.056  a=21.5 b=39.8 gap=7.5 (face=3.1mm) n=[458, 345, 495]  no evaluation (geometry pre-check)
  [  37] INFEAS f=1430.701  a=32.8 b=34.5 gap=12.9 (face=13.9mm) n=[662, 195, 777]  no evaluation (geometry pre-check)
  [  38] viol   f=6707.432  a=27.3 b=34.7 gap=10.2 (face=8.5mm) n=[165, 130, 148]  tape=0.091km B=3.60T unif=6.756% hoop=85MPa
  [  39] INFEAS f=1000.385  a=27.1 b=34.7 gap=7.5 (face=3.0mm) n=[643, 129, 571]  no evaluation (geometry pre-check)
  [  40] viol   f=1355.843  a=25.3 b=39.0 gap=8.4 (face=4.7mm) n=[475, 362, 504]  tape=0.302km B=9.82T unif=3.603% hoop=117MPa
  [  41] INFEAS f=1351.248  a=23.3 b=54.1 gap=8.0 (face=4.1mm) n=[216, 496, 588]  no evaluation (geometry pre-check)
  [  42] viol   f= 615.041  a=22.3 b=45.8 gap=10.9 (face=9.8mm) n=[399, 405, 458]  tape=0.306km B=8.75T unif=2.749% hoop=89MPa
  [  43] viol   f=1186.979  a=18.9 b=42.0 gap=9.1 (face=6.2mm) n=[139, 208, 54]  tape=0.089km B=3.66T unif=3.352% hoop=59MPa
  [  44] viol   f=1153.069  a=31.8 b=53.0 gap=8.4 (face=4.7mm) n=[650, 263, 613]  tape=0.464km B=9.37T unif=3.400% hoop=134MPa
  [  45] INFEAS f=1467.600  a=31.8 b=33.4 gap=7.5 (face=3.0mm) n=[395, 187, 599]  no evaluation (geometry pre-check)
  [  46] viol   f=1382.365  a=22.6 b=34.8 gap=8.5 (face=5.0mm) n=[267, 77, 300]  tape=0.129km B=5.29T unif=3.586% hoop=73MPa
  [  47] INFEAS f=1045.118  a=26.5 b=62.2 gap=9.9 (face=7.7mm) n=[643, 476, 142]  no evaluation (geometry pre-check)
  [  48] viol   f= 872.567  a=17.8 b=52.1 gap=9.1 (face=6.2mm) n=[367, 349, 187]  tape=0.234km B=7.84T unif=3.077% hoop=65MPa
  [  49] INFEAS f=1183.817  a=25.7 b=38.7 gap=7.9 (face=3.7mm) n=[639, 146, 148]  no evaluation (geometry pre-check)
  [  50] INFEAS f=5609.900  a=20.8 b=53.3 gap=12.0 (face=11.9mm) n=[647, 428, 264]  no evaluation (geometry pre-check)
  [  51] INFEAS f=23001.826  a=21.5 b=44.0 gap=8.1 (face=4.2mm) n=[869, 576, 588]  no evaluation (geometry pre-check)
  [  52] INFEAS f=1497.852  a=31.9 b=35.0 gap=7.7 (face=3.5mm) n=[748, 180, 818]  no evaluation (geometry pre-check)
  [  53] viol   f= 869.929  a=33.5 b=42.0 gap=9.0 (face=6.0mm) n=[523, 336, 584]  tape=0.380km B=9.03T unif=3.083% hoop=144MPa
  [  54] INFEAS f=1000.009  a=26.2 b=48.7 gap=7.5 (face=3.0mm) n=[479, 618, 484]  no evaluation (geometry pre-check)
  [  55] INFEAS f=5722.868  a=18.8 b=45.2 gap=9.7 (face=7.4mm) n=[590, 485, 595]  no evaluation (geometry pre-check)
  [  56] viol   f= 108.912  a=31.2 b=36.3 gap=7.7 (face=3.4mm) n=[547, 522, 682]  tape=0.416km B=11.90T unif=1.737% hoop=146MPa
  [  57] INFEAS f=6278.255  a=20.4 b=50.9 gap=12.6 (face=13.2mm) n=[454, 648, 261]  no evaluation (geometry pre-check)
  [  58] viol   f= 159.559  a=26.4 b=56.3 gap=12.7 (face=13.5mm) n=[472, 548, 227]  tape=0.382km B=7.44T unif=1.855% hoop=99MPa
  [  59] viol   f=3545.613  a=20.4 b=39.8 gap=7.5 (face=3.0mm) n=[453, 159, 456]  tape=0.231km B=8.24T unif=5.207% hoop=82MPa
  [  60] INFEAS f=2163.311  a=19.8 b=53.3 gap=22.9 (face=33.9mm) n=[534, 451, 193]  no evaluation (geometry pre-check)
  [  61] viol   f=5030.011  a=33.0 b=42.3 gap=7.8 (face=3.7mm) n=[639, 350, 395]  tape=0.385km B=9.30T unif=6.014% hoop=156MPa
  [  62] viol   f= 366.928  a=23.7 b=57.6 gap=9.2 (face=6.5mm) n=[416, 139, 467]  tape=0.307km B=6.44T unif=2.306% hoop=82MPa
  [  63] viol   f= 504.619  a=27.5 b=52.9 gap=9.4 (face=6.7mm) n=[473, 197, 564]  tape=0.366km B=7.27T unif=2.564% hoop=103MPa
  [  64] viol   f= 179.631  a=31.9 b=50.7 gap=12.0 (face=12.1mm) n=[512, 502, 676]  tape=0.506km B=9.10T unif=1.942% hoop=155MPa
  [  65] viol   f= 163.827  a=32.6 b=52.3 gap=13.0 (face=14.1mm) n=[408, 561, 601]  tape=0.469km B=8.42T unif=1.890% hoop=136MPa
  [  66] INFEAS f=5162.158  a=30.5 b=53.1 gap=14.8 (face=17.7mm) n=[419, 429, 897]  no evaluation (geometry pre-check)
  [  67] viol   f=2174.430  a=36.6 b=48.3 gap=8.8 (face=5.6mm) n=[626, 633, 386]  tape=0.479km B=10.30T unif=4.297% hoop=163MPa
  [  68] viol   f=1732.133  a=30.4 b=49.2 gap=7.6 (face=3.1mm) n=[463, 457, 507]  tape=0.390km B=9.48T unif=3.942% hoop=140MPa
  [  69] viol   f= 150.944  a=26.0 b=45.3 gap=14.1 (face=16.2mm) n=[450, 410, 493]  tape=0.338km B=8.13T unif=1.847% hoop=97MPa
  [  70] INFEAS f=1004.047  a=32.2 b=36.9 gap=14.3 (face=16.7mm) n=[521, 380, 352]  no evaluation (geometry pre-check)
  [  71] INFEAS f=2811.578  a=17.6 b=49.1 gap=9.3 (face=6.6mm) n=[349, 457, 496]  no evaluation (geometry pre-check)
  [  72] viol   f=5173.255  a=30.3 b=38.5 gap=7.7 (face=3.3mm) n=[445, 415, 420]  tape=0.291km B=9.60T unif=6.086% hoop=135MPa
  [  73] viol   f= 500.551  a=22.2 b=50.2 gap=16.0 (face=20.0mm) n=[467, 382, 339]  tape=0.317km B=6.90T unif=2.551% hoop=80MPa
  [  74] viol   f= 116.268  a=33.7 b=43.6 gap=19.5 (face=27.1mm) n=[555, 516, 676]  tape=0.474km B=7.91T unif=1.732% hoop=129MPa
  [  75] INFEAS f=1009.456  a=38.9 b=43.4 gap=16.0 (face=20.0mm) n=[496, 634, 438]  no evaluation (geometry pre-check)
  [  76] viol   f=1771.434  a=25.5 b=38.6 gap=19.6 (face=27.1mm) n=[353, 437, 438]  tape=0.268km B=6.00T unif=3.949% hoop=83MPa
  [  77] viol   f=   6.735  a=34.1 b=48.3 gap=7.7 (face=3.4mm) n=[245, 520, 762]  tape=0.474km B=8.23T unif=0.831% hoop=146MPa
  [  78] viol   f=  28.344  a=37.4 b=42.9 gap=16.8 (face=21.7mm) n=[582, 715, 544]  tape=0.513km B=9.14T unif=1.363% hoop=149MPa
  [  79] viol   f=  34.285  a=35.0 b=46.2 gap=18.3 (face=24.6mm) n=[375, 338, 659]  tape=0.414km B=5.88T unif=0.840% hoop=147MPa
  [  80] INFEAS f=1690.028  a=26.8 b=50.4 gap=19.6 (face=27.1mm) n=[446, 518, 700]  no evaluation (geometry pre-check)
  [  81] viol   f= 415.210  a=32.2 b=38.3 gap=10.2 (face=8.4mm) n=[287, 413, 450]  tape=0.275km B=7.36T unif=2.416% hoop=126MPa
  [  82] viol   f=  45.302  a=36.9 b=52.0 gap=17.1 (face=22.3mm) n=[307, 335, 546]  tape=0.381km B=5.26T unif=0.743% hoop=150MPa
  [  83] viol   f=   0.922  a=41.5 b=48.3 gap=11.9 (face=11.9mm) n=[405, 702, 817]  tape=0.612km B=9.61T unif=0.471% hoop=180MPa
  [  84] viol   f=  17.710  a=34.6 b=40.1 gap=10.7 (face=9.5mm) n=[370, 621, 658]  tape=0.425km B=9.86T unif=1.294% hoop=148MPa
  [  85] viol   f=   5.056  a=34.0 b=40.2 gap=12.2 (face=12.4mm) n=[399, 592, 572]  tape=0.394km B=9.28T unif=1.134% hoop=137MPa
  [  86] viol   f= 206.342  a=36.8 b=45.5 gap=17.8 (face=23.6mm) n=[430, 629, 882]  tape=0.599km B=8.16T unif=1.997% hoop=147MPa
  [  87] viol   f= 162.582  a=42.4 b=54.7 gap=11.0 (face=10.0mm) n=[291, 837, 757]  tape=0.647km B=9.49T unif=1.898% hoop=159MPa
  [  88] INFEAS f=4088.619  a=24.5 b=51.0 gap=9.6 (face=7.1mm) n=[714, 208, 701]  no evaluation (geometry pre-check)
  [  89] viol   f= 251.440  a=28.3 b=51.8 gap=13.3 (face=14.7mm) n=[481, 572, 428]  tape=0.427km B=8.53T unif=2.111% hoop=113MPa
  [  90] viol   f=   2.236  a=36.5 b=44.1 gap=11.8 (face=11.5mm) n=[508, 494, 799]  tape=0.538km B=9.08T unif=0.401% hoop=190MPa
  [  91] viol   f=  17.521  a=31.9 b=48.7 gap=17.0 (face=21.9mm) n=[319, 536, 713]  tape=0.472km B=7.08T unif=0.347% hoop=128MPa
  [  92] INFEAS f=2061.990  a=37.2 b=37.1 gap=14.5 (face=17.0mm) n=[268, 443, 888]  no evaluation (geometry pre-check)
  [  93] INFEAS f=2318.437  a=45.3 b=44.5 gap=18.1 (face=24.2mm) n=[285, 771, 895]  no evaluation (geometry pre-check)
  [  94] INFEAS f=6534.440  a=38.9 b=32.2 gap=19.4 (face=26.7mm) n=[511, 289, 880]  no evaluation (geometry pre-check)
  [  95] INFEAS f=1993.356  a=47.4 b=47.4 gap=15.3 (face=18.6mm) n=[94, 621, 717]  no evaluation (geometry pre-check)
  [  96] viol   f= 143.270  a=36.2 b=45.8 gap=8.0 (face=3.9mm) n=[446, 270, 790]  tape=0.470km B=7.87T unif=1.818% hoop=168MPa
  [  97] INFEAS f=1217.675  a=35.8 b=38.5 gap=7.9 (face=3.8mm) n=[617, 714, 647]  no evaluation (geometry pre-check)
  [  98] INFEAS f=1000.662  a=43.2 b=48.1 gap=14.3 (face=16.6mm) n=[591, 518, 710]  no evaluation (geometry pre-check)
  [  99] INFEAS f=1437.249  a=33.0 b=51.7 gap=11.5 (face=10.9mm) n=[109, 852, 579]  no evaluation (geometry pre-check)
  [ 100] INFEAS f=1090.360  a=32.7 b=42.8 gap=15.2 (face=18.4mm) n=[623, 441, 815]  no evaluation (geometry pre-check)
  [ 101] INFEAS f=4635.654  a=23.4 b=38.4 gap=13.3 (face=14.6mm) n=[443, 685, 696]  no evaluation (geometry pre-check)
  [ 102] viol   f=  13.469  a=35.0 b=48.7 gap=13.3 (face=14.7mm) n=[478, 344, 793]  tape=0.515km B=7.46T unif=0.466% hoop=159MPa
  [ 103] viol   f=  80.367  a=36.1 b=45.3 gap=10.1 (face=8.1mm) n=[301, 556, 855]  tape=0.530km B=8.51T unif=1.614% hoop=154MPa
  [ 104] viol   f=   4.904  a=36.7 b=50.7 gap=10.5 (face=8.9mm) n=[543, 371, 876]  tape=0.599km B=8.53T unif=0.535% hoop=181MPa
  [ 105] INFEAS f=1680.371  a=32.8 b=37.2 gap=12.9 (face=13.7mm) n=[389, 522, 860]  no evaluation (geometry pre-check)
  [ 106] viol   f=  15.321  a=40.9 b=54.9 gap=7.9 (face=3.8mm) n=[490, 313, 887]  tape=0.617km B=8.06T unif=1.190% hoop=204MPa
  [ 107] INFEAS f=1248.894  a=34.4 b=36.9 gap=20.1 (face=28.2mm) n=[684, 504, 790]  no evaluation (geometry pre-check)
  [ 108] INFEAS f=1090.337  a=39.3 b=42.8 gap=7.5 (face=3.0mm) n=[498, 271, 599]  no evaluation (geometry pre-check)
  [ 109] viol   f=  15.586  a=43.6 b=59.7 gap=17.2 (face=22.5mm) n=[508, 483, 864]  tape=0.714km B=7.27T unif=0.690% hoop=218MPa
  [ 110] INFEAS f=4784.116  a=30.5 b=50.3 gap=9.9 (face=7.8mm) n=[546, 59, 888]  no evaluation (geometry pre-check)
  [ 111] INFEAS f=1396.756  a=34.8 b=48.2 gap=22.1 (face=32.2mm) n=[412, 630, 899]  no evaluation (geometry pre-check)
  [ 112] INFEAS f=1124.946  a=35.7 b=43.1 gap=7.8 (face=3.6mm) n=[485, 523, 899]  no evaluation (geometry pre-check)
  [ 113] viol   f= 384.808  a=30.0 b=48.9 gap=9.0 (face=5.9mm) n=[502, 448, 698]  tape=0.485km B=9.39T unif=2.385% hoop=158MPa
  [ 114] viol   f=   9.405  a=34.7 b=48.5 gap=15.5 (face=19.1mm) n=[344, 600, 780]  tape=0.532km B=7.89T unif=0.542% hoop=141MPa
  [ 115] viol   f=   2.050  a=39.8 b=54.8 gap=13.3 (face=14.6mm) n=[752, 429, 861]  tape=0.696km B=9.78T unif=1.079% hoop=175MPa
  [ 116] INFEAS f=4444.932  a=30.8 b=53.2 gap=9.6 (face=7.3mm) n=[449, 499, 891]  no evaluation (geometry pre-check)
  [ 117] INFEAS f=1882.799  a=32.5 b=46.9 gap=13.2 (face=14.5mm) n=[439, 684, 863]  no evaluation (geometry pre-check)
  [ 118] viol   f=  16.845  a=34.3 b=50.9 gap=20.5 (face=29.1mm) n=[533, 473, 738]  tape=0.547km B=7.15T unif=0.381% hoop=139MPa
  [ 119] viol   f=   2.759  a=39.9 b=53.1 gap=10.7 (face=9.3mm) n=[617, 404, 897]  tape=0.670km B=8.98T unif=0.808% hoop=200MPa
  [ 120] viol   f=  24.823  a=39.2 b=57.2 gap=25.7 (face=39.3mm) n=[600, 456, 890]  tape=0.707km B=6.53T unif=0.672% hoop=154MPa
  [ 121] viol   f=  44.958  a=43.9 b=53.4 gap=13.3 (face=14.6mm) n=[729, 365, 741]  tape=0.610km B=9.03T unif=1.461% hoop=171MPa
  [ 122] viol   f=   2.706  a=40.1 b=55.2 gap=18.6 (face=25.2mm) n=[791, 465, 747]  tape=0.669km B=8.99T unif=0.873% hoop=160MPa
  [ 123] viol   f=  10.477  a=38.2 b=52.0 gap=12.3 (face=12.5mm) n=[363, 546, 777]  tape=0.563km B=7.94T unif=1.084% hoop=165MPa
  [ 124] viol   f=  64.185  a=33.5 b=52.2 gap=22.7 (face=33.5mm) n=[658, 574, 625]  tape=0.546km B=7.68T unif=1.514% hoop=119MPa
  [ 125] INFEAS f=2030.771  a=30.1 b=55.6 gap=18.0 (face=24.1mm) n=[651, 428, 805]  no evaluation (geometry pre-check)
  [ 126] viol   f=   7.898  a=36.1 b=50.5 gap=13.8 (face=15.7mm) n=[803, 459, 657]  tape=0.606km B=9.96T unif=1.191% hoop=159MPa
  [ 127] viol   f= 841.103  a=37.3 b=52.1 gap=8.9 (face=5.8mm) n=[805, 300, 878]  tape=0.637km B=11.00T unif=3.050% hoop=162MPa
  [ 128] viol   f=  17.629  a=39.2 b=64.2 gap=14.6 (face=17.2mm) n=[483, 639, 874]  tape=0.771km B=8.40T unif=1.243% hoop=181MPa
  [ 129] viol   f=   6.106  a=42.3 b=60.6 gap=17.6 (face=23.3mm) n=[573, 633, 824]  tape=0.751km B=8.36T unif=0.932% hoop=187MPa
  [ 130] viol   f= 109.265  a=44.6 b=58.3 gap=30.0 (face=48.0mm) n=[775, 546, 840]  tape=0.773km B=6.91T unif=1.668% hoop=156MPa
  [ 131] viol   f= 291.533  a=36.0 b=53.7 gap=29.5 (face=47.0mm) n=[773, 347, 626]  tape=0.575km B=5.83T unif=2.132% hoop=123MPa
  [ 132] OK     f=   0.662  a=38.0 b=49.0 gap=13.2 (face=14.4mm) n=[771, 421, 899]  tape=0.662km B=10.16T unif=0.807% hoop=162MPa
  [ 133] viol   f=  54.502  a=41.4 b=62.5 gap=12.7 (face=13.3mm) n=[617, 230, 893]  tape=0.676km B=7.37T unif=1.447% hoop=165MPa
  [ 134] viol   f=  23.379  a=44.8 b=63.3 gap=16.1 (face=20.2mm) n=[551, 491, 786]  tape=0.715km B=7.45T unif=1.220% hoop=206MPa
  [ 135] viol   f=  13.309  a=40.9 b=51.8 gap=12.1 (face=12.1mm) n=[729, 553, 847]  tape=0.698km B=10.62T unif=1.251% hoop=195MPa
  [ 136] viol   f=  81.326  a=36.4 b=60.7 gap=14.6 (face=17.2mm) n=[759, 370, 798]  tape=0.672km B=9.26T unif=1.631% hoop=155MPa
  [ 137] viol   f=  29.531  a=36.5 b=66.9 gap=18.0 (face=23.9mm) n=[522, 372, 684]  tape=0.601km B=6.55T unif=1.160% hoop=144MPa
  [ 138] viol   f=   7.694  a=43.6 b=52.8 gap=20.1 (face=28.2mm) n=[575, 632, 755]  tape=0.652km B=8.12T unif=0.238% hoop=178MPa
  [ 139] OK     f=   0.658  a=38.6 b=49.1 gap=11.4 (face=10.8mm) n=[545, 632, 866]  tape=0.658km B=10.04T unif=0.614% hoop=194MPa
  [ 140] viol   f= 375.021  a=35.7 b=55.1 gap=11.1 (face=10.2mm) n=[637, 658, 769]  tape=0.660km B=11.13T unif=2.368% hoop=168MPa
  [ 141] viol   f=   7.095  a=43.6 b=51.9 gap=19.4 (face=26.8mm) n=[826, 573, 846]  tape=0.730km B=9.81T unif=1.177% hoop=177MPa
  [ 142] viol   f=  25.159  a=37.9 b=51.6 gap=17.0 (face=22.0mm) n=[519, 893, 808]  tape=0.712km B=9.95T unif=1.350% hoop=165MPa
  [ 143] viol   f=   2.425  a=40.6 b=51.7 gap=12.0 (face=12.1mm) n=[719, 382, 858]  tape=0.653km B=9.57T unif=1.084% hoop=175MPa
  [ 144] viol   f=   5.624  a=42.0 b=54.9 gap=16.5 (face=21.0mm) n=[632, 495, 861]  tape=0.704km B=8.43T unif=0.634% hoop=182MPa
  [ 145] OK     f=   0.731  a=41.5 b=51.2 gap=12.4 (face=12.8mm) n=[679, 606, 898]  tape=0.731km B=10.44T unif=0.776% hoop=210MPa
  [ 146] viol   f=   9.207  a=37.8 b=47.6 gap=17.1 (face=22.2mm) n=[593, 399, 826]  tape=0.576km B=7.92T unif=0.458% hoop=152MPa
  [ 147] viol   f=   2.917  a=40.9 b=54.0 gap=17.2 (face=22.5mm) n=[634, 604, 899]  tape=0.743km B=8.96T unif=0.255% hoop=201MPa
  [ 148] INFEAS f=1038.319  a=35.7 b=57.5 gap=14.5 (face=17.0mm) n=[591, 504, 887]  no evaluation (geometry pre-check)
  [ 149] viol   f=   3.326  a=42.5 b=50.4 gap=15.4 (face=18.7mm) n=[489, 605, 900]  tape=0.685km B=8.85T unif=0.329% hoop=184MPa
  [ 150] viol   f=   0.888  a=39.3 b=50.3 gap=14.4 (face=16.7mm) n=[624, 599, 884]  tape=0.691km B=9.69T unif=0.661% hoop=196MPa
  [ 151] viol   f=   1.631  a=40.0 b=55.1 gap=15.4 (face=18.9mm) n=[656, 581, 900]  tape=0.748km B=9.34T unif=0.660% hoop=189MPa
  [ 152] viol   f=  37.505  a=44.0 b=53.6 gap=11.0 (face=10.0mm) n=[616, 717, 882]  tape=0.764km B=10.73T unif=1.429% hoop=227MPa
  [ 153] viol   f= 422.511  a=38.8 b=46.1 gap=10.0 (face=8.1mm) n=[738, 733, 897]  tape=0.703km B=13.35T unif=2.452% hoop=197MPa
  [ 154] viol   f=  36.765  a=40.1 b=56.4 gap=11.8 (face=11.6mm) n=[584, 662, 894]  tape=0.758km B=9.97T unif=1.424% hoop=209MPa
  [ 155] viol   f=   1.841  a=41.3 b=51.2 gap=18.2 (face=24.5mm) n=[673, 623, 898]  tape=0.732km B=9.26T unif=0.229% hoop=187MPa
  [ 156] INFEAS f=1131.074  a=45.7 b=48.9 gap=15.1 (face=18.1mm) n=[850, 650, 894]  no evaluation (geometry pre-check)
  [ 157] OK     f=   0.649  a=39.9 b=45.6 gap=10.5 (face=8.9mm) n=[725, 466, 900]  tape=0.649km B=10.84T unif=0.267% hoop=185MPa
  [ 158] viol   f= 130.268  a=42.8 b=57.5 gap=12.3 (face=12.7mm) n=[851, 557, 894]  tape=0.808km B=11.29T unif=1.805% hoop=200MPa
  [ 159] viol   f=   7.117  a=41.1 b=52.2 gap=11.2 (face=10.5mm) n=[402, 525, 897]  tape=0.645km B=8.20T unif=0.694% hoop=204MPa
  [ 160] INFEAS f=1216.878  a=34.2 b=36.9 gap=10.8 (face=9.5mm) n=[491, 510, 769]  no evaluation (geometry pre-check)
  [ 161] INFEAS f=1065.324  a=44.7 b=48.5 gap=14.1 (face=16.2mm) n=[538, 609, 877]  no evaluation (geometry pre-check)
  [ 162] INFEAS f=1023.226  a=45.5 b=49.7 gap=14.5 (face=17.1mm) n=[722, 637, 821]  no evaluation (geometry pre-check)
  [ 163] INFEAS f=1352.227  a=35.0 b=47.6 gap=8.6 (face=5.3mm) n=[524, 325, 900]  no evaluation (geometry pre-check)
  [ 164] INFEAS f=1009.001  a=43.4 b=47.9 gap=10.8 (face=9.5mm) n=[718, 487, 784]  no evaluation (geometry pre-check)
  [ 165] viol   f=   4.845  a=41.7 b=50.1 gap=13.2 (face=14.4mm) n=[451, 582, 888]  tape=0.656km B=8.55T unif=0.659% hoop=193MPa
  [ 166] INFEAS f=1065.552  a=36.3 b=40.0 gap=9.9 (face=7.8mm) n=[612, 540, 842]  no evaluation (geometry pre-check)
  [ 167] INFEAS f=1032.536  a=39.7 b=43.8 gap=9.6 (face=7.1mm) n=[675, 437, 881]  no evaluation (geometry pre-check)
  [ 168] viol   f=   4.327  a=42.3 b=56.5 gap=19.4 (face=26.9mm) n=[587, 704, 896]  tape=0.781km B=8.67T unif=0.166% hoop=183MPa
  [ 169] viol   f=   9.805  a=40.5 b=49.9 gap=14.9 (face=17.8mm) n=[463, 508, 797]  tape=0.587km B=7.85T unif=0.179% hoop=191MPa
  [ 170] INFEAS f=1166.255  a=39.4 b=42.4 gap=10.0 (face=8.0mm) n=[639, 583, 887]  no evaluation (geometry pre-check)
  [ 171] viol   f= 685.922  a=40.8 b=48.9 gap=11.3 (face=10.6mm) n=[437, 396, 889]  tape=0.590km B=7.81T unif=2.838% hoop=191MPa
  [ 172] viol   f=   3.876  a=45.8 b=57.6 gap=22.4 (face=32.8mm) n=[797, 589, 874]  tape=0.811km B=8.76T unif=0.341% hoop=184MPa
  [ 173] viol   f=   5.404  a=39.3 b=54.2 gap=13.4 (face=14.7mm) n=[571, 462, 900]  tape=0.685km B=8.46T unif=0.438% hoop=196MPa
  [ 174] viol   f=   5.299  a=42.7 b=49.1 gap=17.1 (face=22.2mm) n=[496, 620, 874]  tape=0.666km B=8.48T unif=0.942% hoop=175MPa
  [ 175] viol   f=  12.055  a=41.1 b=54.5 gap=18.2 (face=24.4mm) n=[513, 548, 849]  tape=0.675km B=7.61T unif=0.238% hoop=195MPa
  [ 176] viol   f=   4.698  a=42.3 b=50.0 gap=15.8 (face=19.6mm) n=[525, 570, 890]  tape=0.677km B=8.58T unif=0.228% hoop=197MPa
  [ 177] viol   f=   4.717  a=37.6 b=49.4 gap=13.6 (face=15.2mm) n=[373, 617, 900]  tape=0.623km B=8.57T unif=0.646% hoop=149MPa
  [ 178] viol   f=   5.378  a=44.0 b=56.3 gap=16.0 (face=20.1mm) n=[560, 596, 875]  tape=0.742km B=8.48T unif=0.643% hoop=212MPa
  [ 179] viol   f=  32.128  a=46.0 b=55.9 gap=15.4 (face=18.8mm) n=[730, 637, 824]  tape=0.764km B=9.99T unif=1.396% hoop=205MPa
  [ 180] viol   f=   1.347  a=37.8 b=47.1 gap=14.7 (face=17.4mm) n=[551, 598, 741]  tape=0.564km B=9.37T unif=0.767% hoop=169MPa
  [ 181] INFEAS f=2368.738  a=42.7 b=41.9 gap=12.6 (face=13.3mm) n=[753, 447, 891]  no evaluation (geometry pre-check)
  [ 182] viol   f=   2.790  a=42.8 b=55.2 gap=13.3 (face=14.5mm) n=[639, 567, 879]  tape=0.742km B=9.38T unif=1.080% hoop=205MPa
  [ 183] viol   f=   9.285  a=42.1 b=49.7 gap=19.7 (face=27.4mm) n=[481, 644, 815]  tape=0.636km B=7.93T unif=1.014% hoop=180MPa
  [ 184] viol   f=  14.940  a=42.4 b=61.4 gap=26.0 (face=39.9mm) n=[605, 688, 838]  tape=0.787km B=7.34T unif=0.472% hoop=168MPa
  [ 185] viol   f=   9.969  a=45.3 b=52.1 gap=20.1 (face=28.2mm) n=[617, 514, 868]  tape=0.703km B=7.85T unif=0.481% hoop=193MPa
  [ 186] viol   f=   2.690  a=40.1 b=51.7 gap=14.7 (face=17.4mm) n=[631, 508, 861]  tape=0.673km B=9.00T unif=0.526% hoop=181MPa
  [ 187] viol   f=   4.533  a=42.5 b=51.2 gap=19.7 (face=27.4mm) n=[640, 615, 796]  tape=0.669km B=8.61T unif=0.380% hoop=176MPa
  [ 188] viol   f=   5.164  a=39.7 b=51.0 gap=16.7 (face=21.4mm) n=[500, 632, 888]  tape=0.679km B=8.50T unif=0.495% hoop=178MPa
  [ 189] viol   f= 568.774  a=38.1 b=49.6 gap=12.5 (face=12.9mm) n=[575, 578, 678]  tape=0.550km B=9.94T unif=2.686% hoop=177MPa
  [ 190] viol   f=   8.846  a=44.4 b=55.3 gap=17.9 (face=23.8mm) n=[569, 553, 899]  tape=0.741km B=7.99T unif=0.174% hoop=234MPa
  [ 191] viol   f=  12.016  a=43.6 b=60.5 gap=18.8 (face=25.5mm) n=[575, 530, 861]  tape=0.752km B=7.63T unif=0.589% hoop=202MPa
  [ 192] viol   f=   0.891  a=40.2 b=50.3 gap=13.3 (face=14.6mm) n=[694, 471, 851]  tape=0.659km B=9.66T unif=0.664% hoop=178MPa
  [ 193] viol   f=   4.262  a=46.0 b=57.1 gap=14.6 (face=17.2mm) n=[627, 653, 883]  tape=0.794km B=9.39T unif=1.116% hoop=233MPa
  [ 194] viol   f=  14.475  a=40.4 b=57.4 gap=20.2 (face=28.4mm) n=[508, 574, 847]  tape=0.699km B=7.38T unif=0.253% hoop=174MPa
  [ 195] viol   f=   5.491  a=44.4 b=56.6 gap=14.6 (face=17.1mm) n=[704, 555, 888]  tape=0.778km B=9.44T unif=1.143% hoop=202MPa
  [ 196] viol   f=   1.238  a=40.0 b=52.1 gap=13.4 (face=14.8mm) n=[709, 440, 897]  tape=0.692km B=9.48T unif=0.499% hoop=183MPa
  [ 197] viol   f=   1.607  a=39.9 b=47.8 gap=14.3 (face=16.5mm) n=[572, 579, 867]  tape=0.648km B=9.31T unif=0.381% hoop=222MPa
  [ 198] viol   f=   8.603  a=38.3 b=49.4 gap=12.7 (face=13.3mm) n=[666, 543, 777]  tape=0.613km B=10.26T unif=1.200% hoop=180MPa
  [ 199] viol   f=  49.083  a=40.8 b=53.4 gap=15.1 (face=18.2mm) n=[766, 578, 805]  tape=0.698km B=10.49T unif=1.492% hoop=179MPa
  [ 200] viol   f=   2.611  a=39.3 b=51.2 gap=12.2 (face=12.5mm) n=[614, 485, 850]  tape=0.650km B=9.23T unif=1.063% hoop=189MPa
  [ 201] viol   f=   0.850  a=41.4 b=53.8 gap=17.5 (face=23.0mm) n=[808, 511, 896]  tape=0.749km B=9.78T unif=0.198% hoop=170MPa
  [ 202] viol   f=   2.816  a=38.6 b=51.6 gap=12.9 (face=13.7mm) n=[639, 422, 874]  tape=0.650km B=8.96T unif=0.629% hoop=180MPa
  [ 203] OK     f=   0.689  a=39.1 b=50.2 gap=11.6 (face=11.2mm) n=[731, 481, 899]  tape=0.689km B=10.42T unif=0.444% hoop=178MPa
  [ 204] viol   f=   2.636  a=42.6 b=54.8 gap=13.4 (face=14.9mm) n=[579, 573, 896]  tape=0.735km B=9.03T unif=0.828% hoop=266MPa
  [ 205] viol   f=   0.705  a=42.3 b=49.5 gap=13.8 (face=15.6mm) n=[730, 513, 895]  tape=0.705km B=10.00T unif=0.299% hoop=183MPa
  [ 206] viol   f=   3.046  a=41.6 b=52.7 gap=13.8 (face=15.5mm) n=[635, 482, 900]  tape=0.704km B=8.92T unif=0.502% hoop=199MPa
  [ 207] viol   f=   1.692  a=41.9 b=51.8 gap=11.7 (face=11.4mm) n=[611, 499, 860]  tape=0.675km B=9.29T unif=0.869% hoop=199MPa
  [ 208] OK     f=   0.673  a=38.8 b=48.3 gap=11.5 (face=11.0mm) n=[795, 454, 899]  tape=0.673km B=11.21T unif=0.643% hoop=170MPa
  [ 209] viol   f=  34.609  a=37.6 b=45.9 gap=12.4 (face=12.8mm) n=[787, 437, 887]  tape=0.633km B=10.94T unif=1.412% hoop=163MPa
  [ 210] viol   f= 356.597  a=40.6 b=54.4 gap=11.2 (face=10.5mm) n=[892, 435, 896]  tape=0.737km B=11.73T unif=2.334% hoop=188MPa
  [ 211] viol   f=   1.278  a=41.8 b=51.1 gap=14.5 (face=17.0mm) n=[656, 546, 862]  tape=0.692km B=9.46T unif=0.632% hoop=195MPa
  [ 212] viol   f=  18.447  a=42.0 b=51.3 gap=11.5 (face=11.0mm) n=[730, 539, 863]  tape=0.706km B=10.60T unif=1.298% hoop=199MPa
  [ 213] viol   f=   0.882  a=40.2 b=52.1 gap=13.0 (face=13.9mm) n=[709, 471, 896]  tape=0.701km B=9.70T unif=0.662% hoop=184MPa
  [ 214] viol   f=  10.758  a=40.9 b=53.3 gap=12.2 (face=12.4mm) n=[771, 432, 868]  tape=0.697km B=10.20T unif=1.224% hoop=181MPa
  [ 215] OK     f=   0.641  a=39.4 b=47.4 gap=10.3 (face=8.5mm) n=[819, 369, 892]  tape=0.641km B=11.33T unif=0.673% hoop=163MPa
  [ 216] viol   f=  41.450  a=43.2 b=50.4 gap=10.8 (face=9.6mm) n=[734, 532, 856]  tape=0.699km B=10.78T unif=1.451% hoop=205MPa
  [ 217] OK     f=   0.710  a=40.6 b=51.0 gap=14.4 (face=16.9mm) n=[784, 527, 878]  tape=0.710km B=10.55T unif=0.867% hoop=182MPa
  [ 218] OK     f=   0.705  a=38.8 b=49.8 gap=13.1 (face=14.3mm) n=[755, 554, 897]  tape=0.705km B=10.69T unif=0.341% hoop=169MPa
  [ 219] INFEAS f=1087.535  a=38.9 b=42.4 gap=8.8 (face=5.7mm) n=[843, 401, 872]  no evaluation (geometry pre-check)
  [ 220] viol   f=  29.040  a=37.6 b=48.2 gap=9.7 (face=7.5mm) n=[667, 367, 753]  tape=0.545km B=9.85T unif=1.377% hoop=165MPa
  [ 221] viol   f=   5.400  a=39.8 b=44.8 gap=9.5 (face=7.0mm) n=[750, 415, 883]  tape=0.623km B=11.07T unif=1.155% hoop=176MPa
  [ 222] viol   f=   2.458  a=40.1 b=53.0 gap=15.0 (face=18.1mm) n=[675, 486, 899]  tape=0.708km B=9.06T unif=0.748% hoop=183MPa
  [ 223] viol   f=   2.017  a=40.0 b=51.2 gap=15.6 (face=19.2mm) n=[664, 523, 900]  tape=0.702km B=9.19T unif=0.355% hoop=187MPa
  [ 224] viol   f= 872.928  a=38.0 b=45.5 gap=9.7 (face=7.3mm) n=[860, 303, 895]  tape=0.603km B=12.08T unif=3.088% hoop=154MPa
  [ 225] viol   f=   8.307  a=40.6 b=52.2 gap=11.3 (face=10.7mm) n=[698, 421, 830]  tape=0.650km B=9.68T unif=1.193% hoop=181MPa
  [ 226] OK     f=   0.705  a=41.9 b=50.3 gap=16.2 (face=20.5mm) n=[772, 584, 850]  tape=0.705km B=10.41T unif=0.810% hoop=182MPa
  [ 227] viol   f=   3.365  a=39.5 b=52.2 gap=20.0 (face=28.1mm) n=[661, 646, 892]  tape=0.731km B=8.85T unif=0.578% hoop=176MPa
  [ 228] viol   f= 229.836  a=36.7 b=48.6 gap=11.5 (face=11.0mm) n=[765, 595, 886]  tape=0.688km B=11.63T unif=2.070% hoop=171MPa
  [ 229] OK     f=   0.659  a=37.7 b=47.6 gap=11.4 (face=10.9mm) n=[827, 433, 900]  tape=0.659km B=11.45T unif=0.962% hoop=166MPa
  [ 230] OK     f=   0.634  a=36.9 b=47.0 gap=11.9 (face=11.7mm) n=[660, 588, 845]  tape=0.634km B=10.80T unif=0.597% hoop=183MPa
  [ 231] OK     f=   0.740  a=43.2 b=53.1 gap=16.2 (face=20.4mm) n=[843, 506, 871]  tape=0.740km B=10.29T unif=0.654% hoop=175MPa
  [ 232] viol   f=   0.897  a=40.5 b=51.3 gap=11.4 (face=10.7mm) n=[751, 457, 881]  tape=0.690km B=10.35T unif=1.032% hoop=186MPa
  [ 233] viol   f=   1.998  a=40.1 b=53.5 gap=16.8 (face=21.6mm) n=[688, 541, 837]  tape=0.693km B=9.19T unif=0.768% hoop=174MPa
  [ 234] viol   f=   1.191  a=42.4 b=53.2 gap=15.2 (face=18.3mm) n=[779, 424, 888]  tape=0.714km B=9.51T unif=0.913% hoop=174MPa
  [ 235] OK     f=   0.618  a=38.9 b=44.6 gap=9.3 (face=6.6mm) n=[775, 440, 867]  tape=0.618km B=11.80T unif=0.390% hoop=177MPa
  [ 236] OK     f=   0.629  a=36.8 b=45.5 gap=11.3 (face=10.5mm) n=[743, 494, 875]  tape=0.629km B=11.20T unif=0.564% hoop=198MPa
  [ 237] OK     f=   0.750  a=40.6 b=52.8 gap=15.7 (face=19.4mm) n=[727, 604, 900]  tape=0.750km B=10.08T unif=0.580% hoop=193MPa
  [ 238] viol   f=  24.642  a=37.9 b=48.8 gap=14.1 (face=16.1mm) n=[788, 666, 899]  tape=0.720km B=11.77T unif=1.346% hoop=168MPa
  [ 239] OK     f=   0.687  a=38.9 b=48.6 gap=12.8 (face=13.7mm) n=[620, 657, 886]  tape=0.687km B=10.60T unif=0.483% hoop=184MPa
  [ 240] INFEAS f=1000.277  a=36.0 b=45.5 gap=9.7 (face=7.3mm) n=[882, 512, 788]  no evaluation (geometry pre-check)
  [ 241] viol   f=  18.927  a=37.2 b=43.0 gap=11.3 (face=10.6mm) n=[653, 515, 889]  tape=0.610km B=10.52T unif=1.303% hoop=169MPa
  [ 242] viol   f=   3.152  a=40.1 b=49.5 gap=15.5 (face=19.0mm) n=[798, 587, 900]  tape=0.724km B=10.70T unif=1.110% hoop=171MPa
  [ 243] viol   f=   9.981  a=39.1 b=49.9 gap=12.2 (face=12.5mm) n=[808, 546, 897]  tape=0.712km B=11.53T unif=1.215% hoop=175MPa
  [ 244] OK     f=   0.608  a=37.9 b=43.4 gap=9.2 (face=6.4mm) n=[726, 475, 870]  tape=0.608km B=11.54T unif=0.754% hoop=175MPa
  [ 245] viol   f=   0.706  a=40.1 b=50.1 gap=12.8 (face=13.5mm) n=[654, 552, 872]  tape=0.682km B=9.89T unif=0.648% hoop=191MPa
  [ 246] INFEAS f=1368.172  a=39.1 b=41.1 gap=12.4 (face=12.8mm) n=[747, 639, 822]  no evaluation (geometry pre-check)
  [ 247] viol   f=2407.330  a=38.6 b=46.4 gap=14.1 (face=16.2mm) n=[872, 476, 856]  tape=0.651km B=11.33T unif=4.469% hoop=170MPa
  [ 248] INFEAS f=1197.822  a=40.2 b=43.0 gap=9.6 (face=7.3mm) n=[738, 514, 889]  no evaluation (geometry pre-check)
  [ 249] OK     f=   0.621  a=37.6 b=44.6 gap=9.3 (face=6.6mm) n=[582, 543, 893]  tape=0.621km B=10.37T unif=0.947% hoop=195MPa
  [ 250] OK     f=   0.577  a=37.2 b=42.5 gap=10.0 (face=8.0mm) n=[685, 478, 840]  tape=0.577km B=11.01T unif=0.952% hoop=174MPa
  [ 251] OK     f=   0.644  a=39.8 b=46.3 gap=11.9 (face=11.7mm) n=[578, 611, 868]  tape=0.644km B=10.18T unif=0.429% hoop=191MPa
  [ 252] OK     f=   0.702  a=40.7 b=47.1 gap=9.9 (face=7.9mm) n=[648, 688, 899]  tape=0.702km B=11.69T unif=0.795% hoop=211MPa
  [ 253] INFEAS f=1008.137  a=40.6 b=45.1 gap=11.0 (face=10.1mm) n=[787, 507, 893]  no evaluation (geometry pre-check)
  [ 254] OK     f=   0.567  a=34.9 b=43.1 gap=9.0 (face=6.1mm) n=[718, 542, 801]  tape=0.567km B=12.53T unif=0.741% hoop=162MPa
  [ 255] OK     f=   0.648  a=38.6 b=44.7 gap=8.4 (face=4.8mm) n=[663, 567, 897]  tape=0.648km B=11.71T unif=0.337% hoop=196MPa
  [ 256] viol   f= 240.925  a=37.4 b=44.7 gap=9.7 (face=7.5mm) n=[594, 386, 860]  tape=0.567km B=9.46T unif=2.095% hoop=174MPa
  [ 257] INFEAS f=1072.554  a=38.9 b=42.5 gap=8.5 (face=5.0mm) n=[746, 471, 821]  no evaluation (geometry pre-check)
  [ 258] INFEAS f=1196.998  a=37.7 b=40.4 gap=7.8 (face=3.6mm) n=[727, 493, 837]  no evaluation (geometry pre-check)
  [ 259] INFEAS f=1061.825  a=39.5 b=43.3 gap=9.9 (face=7.7mm) n=[613, 613, 822]  no evaluation (geometry pre-check)
  [ 260] viol   f=  47.771  a=39.7 b=48.7 gap=10.8 (face=9.6mm) n=[689, 482, 831]  tape=0.634km B=10.39T unif=1.485% hoop=193MPa
  [ 261] OK     f=   0.611  a=37.7 b=46.4 gap=11.4 (face=10.8mm) n=[612, 526, 845]  tape=0.611km B=10.08T unif=0.496% hoop=170MPa
  [ 262] INFEAS f=1035.480  a=35.6 b=39.7 gap=8.2 (face=4.4mm) n=[575, 504, 730]  no evaluation (geometry pre-check)
  [ 263] INFEAS f=1019.752  a=36.3 b=47.9 gap=11.9 (face=11.7mm) n=[667, 595, 900]  no evaluation (geometry pre-check)
  [ 264] INFEAS f=1000.887  a=33.5 b=42.4 gap=8.3 (face=4.6mm) n=[772, 400, 817]  no evaluation (geometry pre-check)
  [ 265] viol   f=   0.762  a=39.3 b=46.7 gap=14.8 (face=17.7mm) n=[572, 629, 833]  tape=0.628km B=9.74T unif=0.162% hoop=176MPa
  [ 266] viol   f=  28.175  a=38.3 b=47.5 gap=8.6 (face=5.3mm) n=[678, 526, 836]  tape=0.630km B=11.21T unif=1.371% hoop=202MPa
  [ 267] viol   f= 248.442  a=34.6 b=47.1 gap=9.0 (face=6.1mm) n=[538, 633, 740]  tape=0.553km B=11.08T unif=2.113% hoop=182MPa
  [ 268] INFEAS f=1013.895  a=36.2 b=43.6 gap=9.0 (face=6.0mm) n=[657, 604, 895]  no evaluation (geometry pre-check)
  [ 269] INFEAS f=1022.653  a=35.0 b=44.1 gap=9.6 (face=7.2mm) n=[771, 368, 865]  no evaluation (geometry pre-check)
  [ 270] OK     f=   0.552  a=34.4 b=42.6 gap=8.5 (face=5.1mm) n=[706, 495, 806]  tape=0.552km B=12.30T unif=0.869% hoop=166MPa
  [ 271] OK     f=   0.599  a=37.6 b=46.3 gap=12.6 (face=13.2mm) n=[565, 684, 790]  tape=0.599km B=10.67T unif=0.390% hoop=179MPa
  [ 272] OK     f=   0.606  a=37.4 b=42.7 gap=8.8 (face=5.6mm) n=[654, 545, 873]  tape=0.606km B=11.51T unif=0.249% hoop=184MPa
  [ 273] viol   f=1849.184  a=34.4 b=42.3 gap=9.1 (face=6.1mm) n=[665, 636, 776]  tape=0.553km B=13.00T unif=4.040% hoop=166MPa
  [ 274] viol   f=  77.808  a=36.7 b=50.5 gap=9.1 (face=6.2mm) n=[545, 521, 844]  tape=0.624km B=9.65T unif=1.620% hoop=213MPa
  [ 275] viol   f=   0.780  a=41.0 b=53.3 gap=14.9 (face=17.8mm) n=[753, 629, 884]  tape=0.757km B=10.63T unif=1.011% hoop=196MPa
  [ 276] OK     f=   0.618  a=37.1 b=43.2 gap=8.7 (face=5.3mm) n=[746, 478, 894]  tape=0.618km B=12.10T unif=0.291% hoop=185MPa
  [ 277] OK     f=   0.556  a=35.8 b=41.9 gap=8.7 (face=5.4mm) n=[624, 484, 835]  tape=0.556km B=11.03T unif=0.697% hoop=165MPa
  [ 278] OK     f=   0.618  a=37.5 b=44.4 gap=8.8 (face=5.6mm) n=[726, 531, 854]  tape=0.618km B=12.07T unif=0.367% hoop=178MPa
  [ 279] INFEAS f=1001.995  a=37.4 b=42.2 gap=9.2 (face=6.4mm) n=[618, 675, 888]  no evaluation (geometry pre-check)
  [ 280] viol   f=  76.187  a=36.8 b=46.3 gap=8.8 (face=5.6mm) n=[570, 499, 778]  tape=0.558km B=10.18T unif=1.615% hoop=190MPa
  [ 281] INFEAS f=1074.109  a=35.1 b=38.8 gap=8.2 (face=4.3mm) n=[654, 478, 864]  no evaluation (geometry pre-check)
  [ 282] viol   f= 644.828  a=37.2 b=44.1 gap=8.6 (face=5.3mm) n=[507, 594, 883]  tape=0.604km B=10.50T unif=2.795% hoop=186MPa
  [ 283] INFEAS f=1052.999  a=35.9 b=44.0 gap=9.8 (face=7.6mm) n=[450, 555, 895]  no evaluation (geometry pre-check)
  [ 284] INFEAS f=1001.697  a=34.4 b=39.1 gap=7.8 (face=3.7mm) n=[581, 485, 729]  no evaluation (geometry pre-check)
  [ 285] OK     f=   0.601  a=37.3 b=44.8 gap=9.7 (face=7.4mm) n=[722, 415, 871]  tape=0.601km B=10.94T unif=0.320% hoop=167MPa
  [ 286] viol   f=   2.311  a=38.4 b=44.7 gap=10.8 (face=9.5mm) n=[586, 595, 889]  tape=0.635km B=10.55T unif=1.092% hoop=220MPa
  [ 287] OK     f=   0.585  a=36.2 b=43.8 gap=8.6 (face=5.2mm) n=[634, 509, 846]  tape=0.585km B=11.09T unif=0.572% hoop=170MPa
  [ 288] INFEAS f=1157.357  a=35.1 b=45.6 gap=9.3 (face=6.6mm) n=[531, 592, 889]  no evaluation (geometry pre-check)
  [ 289] OK     f=   0.595  a=36.5 b=44.1 gap=8.7 (face=5.3mm) n=[591, 574, 846]  tape=0.595km B=11.15T unif=0.344% hoop=216MPa
  [ 290] OK     f=   0.538  a=35.4 b=42.8 gap=8.8 (face=5.5mm) n=[583, 487, 803]  tape=0.538km B=10.60T unif=0.883% hoop=164MPa
  [ 291] OK     f=   0.543  a=34.5 b=42.4 gap=7.9 (face=3.8mm) n=[602, 489, 819]  tape=0.543km B=11.01T unif=0.376% hoop=175MPa
  [ 292] viol   f=   0.881  a=38.0 b=44.2 gap=10.1 (face=8.2mm) n=[694, 572, 836]  tape=0.613km B=11.65T unif=1.037% hoop=182MPa
  [ 293] viol   f=   2.195  a=37.0 b=42.4 gap=8.6 (face=5.1mm) n=[646, 525, 889]  tape=0.606km B=11.26T unif=1.089% hoop=178MPa
  [ 294] viol   f=  12.089  a=37.8 b=46.4 gap=8.9 (face=5.8mm) n=[711, 487, 837]  tape=0.615km B=11.47T unif=1.240% hoop=180MPa
  [ 295] INFEAS f=1005.162  a=34.7 b=39.3 gap=7.9 (face=3.8mm) n=[662, 462, 758]  no evaluation (geometry pre-check)
  [ 296] viol   f=   1.626  a=37.7 b=47.1 gap=9.6 (face=7.3mm) n=[705, 517, 896]  tape=0.659km B=11.20T unif=1.070% hoop=181MPa
  [ 297] OK     f=   0.588  a=36.2 b=45.1 gap=8.9 (face=5.8mm) n=[670, 465, 842]  tape=0.588km B=11.05T unif=0.744% hoop=173MPa
  [ 298] OK     f=   0.633  a=37.9 b=44.9 gap=9.6 (face=7.2mm) n=[645, 553, 883]  tape=0.633km B=11.02T unif=0.322% hoop=183MPa
  [ 299] OK     f=   0.625  a=38.0 b=43.9 gap=10.0 (face=8.1mm) n=[640, 584, 872]  tape=0.625km B=11.20T unif=0.197% hoop=194MPa
  [ 300] OK     f=   0.579  a=36.5 b=45.2 gap=9.3 (face=6.5mm) n=[634, 455, 835]  tape=0.579km B=10.47T unif=0.472% hoop=180MPa
  [ 301] OK     f=   0.580  a=37.1 b=42.9 gap=9.0 (face=6.0mm) n=[663, 465, 852]  tape=0.580km B=10.98T unif=0.295% hoop=188MPa
  [ 302] INFEAS f=1659.766  a=34.1 b=40.0 gap=7.5 (face=3.0mm) n=[624, 427, 893]  no evaluation (geometry pre-check)
  [ 303] OK     f=   0.467  a=32.7 b=40.6 gap=7.6 (face=3.1mm) n=[557, 419, 748]  tape=0.467km B=10.48T unif=0.408% hoop=171MPa
  [ 304] INFEAS f=1000.996  a=33.7 b=42.3 gap=8.2 (face=4.5mm) n=[548, 511, 820]  no evaluation (geometry pre-check)
  [ 305] INFEAS f=1238.464  a=33.9 b=43.0 gap=8.9 (face=5.8mm) n=[654, 432, 864]  no evaluation (geometry pre-check)
  [ 306] viol   f=  13.436  a=35.6 b=43.4 gap=7.9 (face=3.8mm) n=[618, 395, 810]  tape=0.531km B=10.49T unif=1.254% hoop=173MPa
  [ 307] viol   f= 219.401  a=34.2 b=42.3 gap=7.9 (face=3.8mm) n=[426, 487, 808]  tape=0.501km B=9.36T unif=2.044% hoop=176MPa
  [ 308] viol   f= 176.490  a=33.2 b=42.3 gap=7.9 (face=3.8mm) n=[620, 451, 738]  tape=0.491km B=11.18T unif=1.938% hoop=169MPa
  [ 309] viol   f=  23.152  a=37.3 b=44.5 gap=8.8 (face=5.6mm) n=[600, 489, 882]  tape=0.604km B=10.47T unif=1.336% hoop=178MPa
  [ 310] viol   f=   0.498  a=34.1 b=41.6 gap=7.5 (face=3.0mm) n=[557, 354, 754]  tape=0.466km B=9.87T unif=0.570% hoop=164MPa
  [ 311] viol   f= 310.088  a=32.8 b=37.9 gap=7.5 (face=3.0mm) n=[606, 379, 734]  tape=0.439km B=11.05T unif=2.244% hoop=163MPa
  [ 312] OK     f=   0.561  a=35.6 b=45.3 gap=9.0 (face=5.9mm) n=[605, 468, 809]  tape=0.561km B=10.40T unif=0.756% hoop=183MPa
  [ 313] OK     f=   0.507  a=33.7 b=41.2 gap=7.7 (face=3.4mm) n=[617, 421, 796]  tape=0.507km B=10.96T unif=0.609% hoop=177MPa
  [ 314] viol   f=   0.535  a=33.8 b=42.4 gap=8.1 (face=4.3mm) n=[445, 531, 750]  tape=0.485km B=9.84T unif=0.507% hoop=177MPa
  [ 315] viol   f=  12.762  a=35.9 b=45.7 gap=8.5 (face=4.9mm) n=[676, 448, 805]  tape=0.569km B=11.05T unif=1.247% hoop=185MPa
  [ 316] viol   f=  85.887  a=33.6 b=42.6 gap=8.2 (face=4.4mm) n=[582, 440, 707]  tape=0.472km B=10.52T unif=1.654% hoop=165MPa
  [ 317] viol   f=   2.285  a=36.8 b=46.0 gap=7.5 (face=3.0mm) n=[583, 331, 786]  tape=0.519km B=9.44T unif=1.076% hoop=179MPa
  [ 318] INFEAS f=1025.391  a=34.9 b=42.2 gap=7.5 (face=3.1mm) n=[584, 391, 863]  no evaluation (geometry pre-check)
  [ 319] viol   f=  16.451  a=31.2 b=39.5 gap=8.4 (face=4.8mm) n=[472, 248, 700]  tape=0.377km B=8.22T unif=1.221% hoop=135MPa
  [ 320] viol   f=   3.426  a=34.7 b=40.7 gap=7.5 (face=3.0mm) n=[617, 357, 800]  tape=0.494km B=10.52T unif=1.121% hoop=157MPa
  [ 321] viol   f=   4.984  a=36.7 b=47.1 gap=8.6 (face=5.3mm) n=[566, 479, 851]  tape=0.596km B=9.96T unif=1.148% hoop=182MPa
  [ 322] OK     f=   0.547  a=35.2 b=43.7 gap=7.9 (face=3.9mm) n=[554, 494, 816]  tape=0.547km B=10.47T unif=0.841% hoop=174MPa
  [ 323] viol   f= 126.935  a=33.1 b=41.1 gap=7.6 (face=3.1mm) n=[526, 308, 678]  tape=0.408km B=9.27T unif=1.792% hoop=160MPa
  [ 324] viol   f=  44.537  a=32.3 b=40.2 gap=7.5 (face=3.1mm) n=[573, 393, 781]  tape=0.474km B=10.50T unif=1.469% hoop=164MPa
  [ 325] viol   f= 118.302  a=34.6 b=45.3 gap=8.1 (face=4.1mm) n=[627, 406, 750]  tape=0.515km B=10.47T unif=1.767% hoop=169MPa
  [ 326] viol   f=  34.897  a=34.4 b=43.5 gap=8.3 (face=4.7mm) n=[567, 476, 754]  tape=0.510km B=10.42T unif=1.415% hoop=175MPa
  [ 327] OK     f=   0.541  a=35.6 b=43.7 gap=7.7 (face=3.4mm) n=[626, 416, 812]  tape=0.541km B=10.75T unif=0.475% hoop=183MPa
  [ 328] viol   f=  14.040  a=35.2 b=42.6 gap=7.6 (face=3.2mm) n=[531, 372, 792]  tape=0.495km B=9.52T unif=1.256% hoop=166MPa
  [ 329] viol   f=  28.661  a=36.8 b=47.7 gap=9.0 (face=6.0mm) n=[586, 597, 827]  tape=0.618km B=10.86T unif=1.374% hoop=199MPa
  [ 330] viol   f= 103.514  a=36.2 b=48.9 gap=7.8 (face=3.7mm) n=[516, 404, 792]  tape=0.547km B=9.03T unif=1.711% hoop=196MPa
  [ 331] viol   f= 180.367  a=34.6 b=46.8 gap=7.8 (face=3.6mm) n=[656, 359, 794]  tape=0.540km B=10.43T unif=1.948% hoop=175MPa
  [ 332] viol   f=   1.795  a=31.6 b=41.0 gap=7.7 (face=3.4mm) n=[422, 432, 738]  tape=0.439km B=9.18T unif=0.983% hoop=183MPa
  [ 333] viol   f=  28.025  a=37.3 b=42.3 gap=7.7 (face=3.4mm) n=[490, 434, 787]  tape=0.506km B=9.52T unif=1.368% hoop=180MPa
  [ 334] viol   f=  71.985  a=34.3 b=41.3 gap=7.8 (face=3.7mm) n=[601, 360, 755]  tape=0.473km B=10.30T unif=1.598% hoop=168MPa
  [ 335] OK     f=   0.651  a=39.7 b=47.8 gap=10.2 (face=8.4mm) n=[652, 506, 875]  tape=0.651km B=10.31T unif=0.177% hoop=179MPa
  [ 336] viol   f=   2.419  a=34.1 b=42.2 gap=7.5 (face=3.0mm) n=[418, 434, 710]  tape=0.442km B=9.01T unif=0.467% hoop=203MPa
  [ 337] viol   f=   4.691  a=36.4 b=44.8 gap=8.2 (face=4.4mm) n=[479, 533, 831]  tape=0.561km B=9.92T unif=1.143% hoop=187MPa
  [ 338] viol   f=  34.883  a=34.8 b=45.6 gap=7.5 (face=3.1mm) n=[620, 432, 811]  tape=0.554km B=10.82T unif=1.414% hoop=171MPa
  [ 339] viol   f= 145.288  a=36.6 b=43.1 gap=7.6 (face=3.1mm) n=[614, 334, 851]  tape=0.535km B=10.13T unif=1.851% hoop=177MPa
  [ 340] viol   f=1005.490  a=33.0 b=41.9 gap=7.7 (face=3.3mm) n=[455, 337, 782]  tape=0.453km B=8.92T unif=3.239% hoop=153MPa
  [ 341] viol   f=   3.689  a=34.9 b=42.6 gap=7.5 (face=3.0mm) n=[397, 424, 732]  tape=0.451km B=8.73T unif=0.998% hoop=198MPa
  [ 342] viol   f=1114.427  a=34.0 b=42.1 gap=7.9 (face=3.8mm) n=[520, 412, 824]  tape=0.509km B=9.82T unif=3.360% hoop=169MPa
  [ 343] viol   f=   0.561  a=35.5 b=42.7 gap=7.5 (face=3.0mm) n=[512, 436, 782]  tape=0.504km B=9.83T unif=0.399% hoop=162MPa
  [ 344] viol   f= 147.174  a=36.2 b=46.6 gap=8.3 (face=4.7mm) n=[677, 492, 836]  tape=0.605km B=11.29T unif=1.856% hoop=175MPa
  [ 345] viol   f=  95.163  a=38.7 b=45.6 gap=8.1 (face=4.3mm) n=[657, 388, 887]  tape=0.604km B=10.38T unif=1.688% hoop=184MPa
  [ 346] viol   f=   1.452  a=39.0 b=46.4 gap=8.6 (face=5.1mm) n=[465, 517, 810]  tape=0.566km B=9.33T unif=0.328% hoop=213MPa
  [ 347] OK     f=   0.478  a=33.7 b=41.7 gap=8.4 (face=4.7mm) n=[421, 566, 745]  tape=0.478km B=10.09T unif=0.452% hoop=158MPa
  [ 348] viol   f=   2.264  a=33.5 b=41.9 gap=7.5 (face=3.0mm) n=[501, 347, 711]  tape=0.435km B=9.16T unif=1.045% hoop=173MPa
  [ 349] viol   f=1806.057  a=36.3 b=42.4 gap=7.6 (face=3.2mm) n=[567, 327, 863]  tape=0.525km B=9.60T unif=4.004% hoop=175MPa
  [ 350] viol   f=   0.784  a=38.5 b=45.5 gap=9.6 (face=7.1mm) n=[482, 554, 810]  tape=0.569km B=9.67T unif=0.638% hoop=176MPa
  [ 351] OK     f=   0.675  a=39.1 b=49.3 gap=10.0 (face=8.1mm) n=[580, 581, 896]  tape=0.675km B=10.21T unif=0.624% hoop=251MPa
  [ 352] OK     f=   0.502  a=34.2 b=40.7 gap=7.8 (face=3.7mm) n=[517, 513, 783]  tape=0.502km B=10.58T unif=0.513% hoop=199MPa
  [ 353] viol   f=   4.753  a=34.4 b=41.5 gap=9.0 (face=5.9mm) n=[419, 570, 783]  tape=0.498km B=9.91T unif=1.146% hoop=166MPa
  [ 354] viol   f= 147.082  a=36.0 b=44.7 gap=7.6 (face=3.2mm) n=[485, 402, 808]  tape=0.518km B=9.21T unif=1.852% hoop=171MPa
  [ 355] OK     f=   0.503  a=34.8 b=42.5 gap=8.4 (face=4.8mm) n=[519, 515, 752]  tape=0.503km B=10.32T unif=0.899% hoop=205MPa
  [ 356] viol   f= 455.847  a=34.0 b=42.1 gap=7.5 (face=3.1mm) n=[421, 467, 800]  tape=0.489km B=9.28T unif=2.507% hoop=185MPa
  [ 357] viol   f= 421.216  a=36.8 b=44.0 gap=8.2 (face=4.4mm) n=[380, 563, 817]  tape=0.530km B=9.56T unif=2.450% hoop=176MPa
  [ 358] viol   f=   1.414  a=31.9 b=41.1 gap=8.1 (face=4.1mm) n=[460, 407, 732]  tape=0.440km B=9.30T unif=0.750% hoop=154MPa
  [ 359] viol   f=   0.750  a=36.4 b=45.6 gap=9.2 (face=6.4mm) n=[482, 542, 792]  tape=0.549km B=9.68T unif=0.583% hoop=185MPa
  [ 360] viol   f=   0.985  a=35.1 b=42.7 gap=7.9 (face=3.7mm) n=[459, 467, 771]  tape=0.493km B=9.50T unif=0.781% hoop=212MPa
  [ 361] viol   f=   0.414  a=33.0 b=38.7 gap=7.8 (face=3.6mm) n=[303, 593, 708]  tape=0.414km B=9.99T unif=0.676% hoop=142MPa
  [ 362] OK     f=   0.514  a=34.1 b=42.7 gap=8.0 (face=4.0mm) n=[512, 508, 783]  tape=0.514km B=10.37T unif=0.947% hoop=209MPa
  [ 363] viol   f=   2.014  a=32.2 b=40.6 gap=7.7 (face=3.4mm) n=[419, 436, 722]  tape=0.432km B=9.11T unif=0.470% hoop=189MPa
  [ 364] OK     f=   0.573  a=38.1 b=44.4 gap=11.0 (face=9.9mm) n=[490, 615, 811]  tape=0.573km B=10.06T unif=0.612% hoop=171MPa
  [ 365] viol   f=   0.520  a=35.5 b=43.0 gap=8.2 (face=4.5mm) n=[423, 565, 781]  tape=0.512km B=9.93T unif=0.762% hoop=156MPa
  [ 366] viol   f=   0.631  a=34.9 b=42.0 gap=9.0 (face=6.1mm) n=[383, 583, 726]  tape=0.469km B=9.72T unif=0.611% hoop=164MPa
  [ 367] viol   f= 537.334  a=34.2 b=42.6 gap=8.1 (face=4.2mm) n=[416, 587, 811]  tape=0.521km B=10.17T unif=2.638% hoop=167MPa
  [ 368] OK     f=   0.467  a=32.5 b=39.4 gap=7.5 (face=3.1mm) n=[490, 522, 751]  tape=0.467km B=10.68T unif=0.538% hoop=175MPa
  [ 369] OK     f=   0.498  a=33.4 b=42.8 gap=7.6 (face=3.2mm) n=[506, 505, 759]  tape=0.498km B=10.30T unif=0.997% hoop=203MPa
  [ 370] viol   f= 104.559  a=28.9 b=34.4 gap=7.7 (face=3.5mm) n=[349, 529, 666]  tape=0.358km B=10.17T unif=1.722% hoop=133MPa
  [ 371] OK     f=   0.448  a=31.8 b=38.9 gap=7.5 (face=3.0mm) n=[436, 520, 745]  tape=0.448km B=10.31T unif=0.771% hoop=157MPa
  [ 372] INFEAS f=1166.752  a=30.4 b=33.3 gap=7.5 (face=3.1mm) n=[343, 554, 694]  no evaluation (geometry pre-check)
  [ 373] viol   f=8256.938  a=28.9 b=35.2 gap=7.6 (face=3.2mm) n=[235, 617, 667]  tape=0.346km B=10.58T unif=7.425% hoop=112MPa
  [ 374] viol   f=   0.497  a=30.9 b=37.6 gap=8.2 (face=4.4mm) n=[489, 405, 726]  tape=0.416km B=9.80T unif=0.999% hoop=145MPa
  [ 375] INFEAS f=1289.949  a=27.5 b=33.7 gap=8.5 (face=4.9mm) n=[421, 419, 697]  no evaluation (geometry pre-check)
  [ 376] viol   f=   6.899  a=32.5 b=40.5 gap=7.5 (face=3.1mm) n=[297, 468, 623]  tape=0.368km B=8.45T unif=1.093% hoop=148MPa
  [ 377] OK     f=   0.573  a=37.5 b=43.8 gap=10.0 (face=7.9mm) n=[566, 523, 829]  tape=0.573km B=10.14T unif=0.305% hoop=184MPa
  [ 378] viol   f=   5.957  a=34.7 b=44.1 gap=7.7 (face=3.5mm) n=[398, 654, 841]  tape=0.554km B=10.91T unif=1.164% hoop=166MPa
  [ 379] INFEAS f=1036.313  a=32.5 b=36.6 gap=7.6 (face=3.2mm) n=[577, 478, 774]  no evaluation (geometry pre-check)
  [ 380] viol   f=   6.380  a=31.0 b=37.1 gap=7.6 (face=3.2mm) n=[413, 477, 691]  tape=0.398km B=9.73T unif=1.171% hoop=150MPa
  [ 381] viol   f=  95.312  a=35.2 b=42.7 gap=8.1 (face=4.3mm) n=[448, 549, 795]  tape=0.519km B=9.95T unif=1.688% hoop=167MPa
  [ 382] viol   f=   2.734  a=28.8 b=36.4 gap=8.3 (face=4.5mm) n=[313, 473, 627]  tape=0.339km B=8.91T unif=0.623% hoop=129MPa
  [ 383] INFEAS f=1013.645  a=33.3 b=40.0 gap=7.7 (face=3.3mm) n=[581, 551, 817]  no evaluation (geometry pre-check)
  [ 384] INFEAS f=1001.881  a=34.6 b=39.4 gap=8.6 (face=5.2mm) n=[455, 635, 760]  no evaluation (geometry pre-check)
  [ 385] viol   f=   0.567  a=30.5 b=38.2 gap=7.8 (face=3.6mm) n=[475, 394, 708]  tape=0.406km B=9.72T unif=0.940% hoop=136MPa
  [ 386] viol   f=   1.534  a=32.3 b=40.0 gap=7.6 (face=3.3mm) n=[478, 419, 705]  tape=0.428km B=9.62T unif=1.064% hoop=168MPa
  [ 387] viol   f= 353.354  a=33.0 b=40.5 gap=7.8 (face=3.6mm) n=[376, 574, 778]  tape=0.473km B=10.11T unif=2.328% hoop=158MPa
  [ 388] OK     f=   0.399  a=31.1 b=37.4 gap=7.5 (face=3.0mm) n=[321, 572, 704]  tape=0.399km B=10.21T unif=0.519% hoop=138MPa
  [ 389] viol   f=  75.934  a=30.4 b=38.3 gap=7.5 (face=3.0mm) n=[599, 403, 693]  tape=0.418km B=11.42T unif=1.614% hoop=140MPa
  [ 390] INFEAS f=1003.198  a=32.1 b=36.8 gap=9.3 (face=6.5mm) n=[463, 252, 713]  no evaluation (geometry pre-check)
  [ 391] viol   f=  78.144  a=28.8 b=38.3 gap=8.5 (face=5.0mm) n=[543, 272, 658]  tape=0.362km B=9.41T unif=1.621% hoop=124MPa
  [ 392] OK     f=   0.402  a=31.3 b=37.3 gap=8.2 (face=4.3mm) n=[507, 406, 687]  tape=0.402km B=10.04T unif=0.936% hoop=136MPa
  [ 393] viol   f=   1.879  a=31.5 b=38.9 gap=7.9 (face=3.8mm) n=[483, 344, 688]  tape=0.396km B=9.14T unif=0.354% hoop=155MPa
  [ 394] viol   f=  23.139  a=28.5 b=36.5 gap=8.6 (face=5.3mm) n=[464, 431, 664]  tape=0.374km B=9.90T unif=1.337% hoop=131MPa
  [ 395] INFEAS f=1009.251  a=28.9 b=33.4 gap=8.6 (face=5.3mm) n=[333, 485, 659]  no evaluation (geometry pre-check)
  [ 396] viol   f=   2.491  a=30.0 b=37.6 gap=9.5 (face=6.9mm) n=[489, 339, 666]  tape=0.374km B=8.97T unif=0.686% hoop=138MPa
  [ 397] viol   f=  29.283  a=28.7 b=36.8 gap=8.6 (face=5.2mm) n=[357, 413, 672]  tape=0.358km B=8.57T unif=1.352% hoop=135MPa
  [ 398] viol   f= 129.196  a=33.0 b=40.9 gap=7.7 (face=3.4mm) n=[510, 544, 787]  tape=0.505km B=10.80T unif=1.802% hoop=170MPa
  [ 399] viol   f=  21.526  a=30.5 b=36.9 gap=7.6 (face=3.3mm) n=[429, 407, 623]  tape=0.357km B=9.43T unif=1.320% hoop=157MPa
  [ 400] viol   f=  90.465  a=34.0 b=39.8 gap=7.6 (face=3.1mm) n=[513, 423, 772]  tape=0.471km B=10.00T unif=1.671% hoop=172MPa
  [ 401] viol   f=   0.536  a=34.0 b=40.8 gap=7.5 (face=3.0mm) n=[385, 550, 717]  tape=0.450km B=9.79T unif=0.331% hoop=171MPa
  [ 402] viol   f=   0.393  a=30.3 b=35.3 gap=8.5 (face=5.1mm) n=[466, 433, 676]  tape=0.379km B=9.92T unif=0.830% hoop=145MPa
  [ 403] OK     f=   0.443  a=31.9 b=38.3 gap=7.6 (face=3.1mm) n=[470, 484, 742]  tape=0.443km B=10.30T unif=0.631% hoop=178MPa
  [ 404] viol   f=  22.551  a=34.9 b=41.9 gap=8.4 (face=4.8mm) n=[527, 460, 729]  tape=0.479km B=9.99T unif=1.332% hoop=180MPa
  [ 405] viol   f=   1.629  a=28.7 b=37.6 gap=9.0 (face=6.0mm) n=[517, 310, 668]  tape=0.367km B=9.21T unif=0.696% hoop=133MPa
  [ 406] INFEAS f=1106.405  a=31.4 b=34.8 gap=8.1 (face=4.2mm) n=[464, 492, 733]  no evaluation (geometry pre-check)
  [ 407] viol   f=   0.983  a=32.0 b=37.1 gap=8.2 (face=4.3mm) n=[491, 468, 767]  tape=0.447km B=10.14T unif=1.052% hoop=175MPa
  [ 408] INFEAS f=1003.634  a=34.1 b=38.8 gap=7.6 (face=3.1mm) n=[512, 535, 764]  no evaluation (geometry pre-check)
  [ 409] viol   f=  40.873  a=31.1 b=37.2 gap=9.0 (face=6.0mm) n=[404, 431, 677]  tape=0.383km B=8.92T unif=1.437% hoop=158MPa
  [ 410] viol   f=  83.299  a=32.1 b=37.8 gap=7.6 (face=3.2mm) n=[419, 519, 693]  tape=0.415km B=10.23T unif=1.644% hoop=150MPa
  [ 411] viol   f=   0.428  a=32.0 b=39.0 gap=7.8 (face=3.6mm) n=[369, 552, 678]  tape=0.410km B=9.91T unif=0.461% hoop=154MPa
  [ 412] viol   f=   0.774  a=28.9 b=36.7 gap=9.2 (face=6.4mm) n=[432, 454, 678]  tape=0.382km B=9.56T unif=0.931% hoop=141MPa
  [ 413] OK     f=   0.405  a=30.2 b=37.0 gap=7.7 (face=3.3mm) n=[471, 489, 689]  tape=0.405km B=10.61T unif=0.470% hoop=155MPa
  [ 414] INFEAS f=1009.928  a=30.6 b=35.1 gap=7.5 (face=3.1mm) n=[460, 544, 678]  no evaluation (geometry pre-check)
  [ 415] INFEAS f=1112.019  a=27.7 b=31.1 gap=8.2 (face=4.5mm) n=[255, 504, 594]  no evaluation (geometry pre-check)
  [ 416] viol   f=   5.237  a=31.9 b=37.6 gap=7.5 (face=3.0mm) n=[403, 596, 688]  tape=0.416km B=11.08T unif=1.155% hoop=145MPa
  [ 417] INFEAS f=1003.082  a=32.3 b=37.0 gap=7.6 (face=3.3mm) n=[576, 504, 743]  no evaluation (geometry pre-check)
  [ 418] viol   f=   1.946  a=33.0 b=40.3 gap=7.5 (face=3.0mm) n=[451, 566, 763]  tape=0.481km B=10.70T unif=1.086% hoop=157MPa
  [ 419] OK     f=   0.474  a=33.8 b=40.9 gap=7.5 (face=3.0mm) n=[484, 474, 754]  tape=0.474km B=10.04T unif=0.225% hoop=195MPa
  [ 420] OK     f=   0.419  a=30.9 b=38.4 gap=7.5 (face=3.0mm) n=[444, 509, 696]  tape=0.419km B=10.31T unif=0.392% hoop=151MPa
  [ 421] OK     f=   0.425  a=29.8 b=37.2 gap=8.1 (face=4.2mm) n=[506, 510, 715]  tape=0.425km B=11.03T unif=0.463% hoop=153MPa
  [ 422] viol   f=   1.108  a=30.6 b=36.7 gap=8.8 (face=5.6mm) n=[389, 482, 641]  tape=0.369km B=9.39T unif=0.544% hoop=149MPa
  [ 423] viol   f=   0.569  a=30.8 b=37.9 gap=7.6 (face=3.3mm) n=[377, 500, 688]  tape=0.397km B=9.71T unif=0.388% hoop=137MPa
  [ 424] viol   f=1789.000  a=29.3 b=35.3 gap=8.0 (face=4.0mm) n=[386, 584, 655]  tape=0.372km B=10.89T unif=3.991% hoop=133MPa
  [ 425] OK     f=   0.384  a=28.2 b=36.8 gap=8.2 (face=4.4mm) n=[439, 511, 665]  tape=0.384km B=10.46T unif=0.349% hoop=136MPa
  [ 426] viol   f=  41.836  a=29.2 b=35.6 gap=7.9 (face=3.7mm) n=[352, 552, 640]  tape=0.358km B=10.41T unif=1.455% hoop=130MPa
  [ 427] OK     f=   0.413  a=31.6 b=37.8 gap=7.6 (face=3.2mm) n=[378, 557, 702]  tape=0.413km B=10.23T unif=0.300% hoop=149MPa
  [ 428] viol   f=   0.406  a=30.7 b=39.0 gap=7.5 (face=3.0mm) n=[367, 543, 677]  tape=0.403km B=9.96T unif=0.444% hoop=151MPa
  [ 429] viol   f=   0.768  a=31.4 b=37.1 gap=7.5 (face=3.0mm) n=[252, 563, 651]  tape=0.358km B=9.55T unif=0.810% hoop=126MPa
  [ 430] OK     f=   0.436  a=31.3 b=38.5 gap=8.4 (face=4.7mm) n=[480, 479, 726]  tape=0.436km B=10.20T unif=0.372% hoop=192MPa
  [ 431] OK     f=   0.370  a=28.7 b=37.4 gap=8.0 (face=4.0mm) n=[420, 491, 635]  tape=0.370km B=10.06T unif=0.913% hoop=149MPa
  [ 432] viol   f=  59.999  a=31.6 b=39.4 gap=7.5 (face=3.0mm) n=[342, 652, 711]  tape=0.430km B=11.14T unif=1.546% hoop=143MPa
  [ 433] viol   f= 123.487  a=29.2 b=38.9 gap=8.0 (face=4.0mm) n=[304, 509, 584]  tape=0.340km B=9.22T unif=1.781% hoop=132MPa
  [ 434] viol   f=   0.362  a=28.2 b=35.2 gap=9.2 (face=6.4mm) n=[416, 490, 636]  tape=0.355km B=9.94T unif=0.483% hoop=132MPa
  [ 435] viol   f= 269.817  a=32.1 b=39.6 gap=7.6 (face=3.1mm) n=[524, 474, 697]  tape=0.439km B=10.76T unif=2.161% hoop=170MPa
  [ 436] viol   f= 108.512  a=28.6 b=37.2 gap=8.1 (face=4.3mm) n=[271, 570, 617]  tape=0.340km B=9.97T unif=1.735% hoop=122MPa
  [ 437] viol   f=1868.396  a=25.3 b=35.1 gap=9.9 (face=7.7mm) n=[264, 524, 557]  tape=0.289km B=9.17T unif=4.055% hoop=100MPa
  [ 438] OK     f=   0.459  a=31.7 b=39.0 gap=7.5 (face=3.0mm) n=[499, 524, 743]  tape=0.459km B=10.90T unif=0.296% hoop=173MPa
  [ 439] OK     f=   0.419  a=30.5 b=38.5 gap=7.5 (face=3.0mm) n=[463, 527, 687]  tape=0.419km B=10.72T unif=0.279% hoop=149MPa
  [ 440] viol   f=7338.610  a=28.8 b=35.1 gap=7.7 (face=3.4mm) n=[286, 585, 587]  tape=0.321km B=10.60T unif=7.057% hoop=124MPa
  [ 441] viol   f=   2.005  a=29.6 b=37.6 gap=7.9 (face=3.9mm) n=[498, 445, 706]  tape=0.411km B=10.37T unif=1.089% hoop=141MPa
  [ 442] viol   f=  30.222  a=29.7 b=38.7 gap=7.9 (face=3.9mm) n=[329, 532, 623]  tape=0.365km B=9.62T unif=1.384% hoop=143MPa
  [ 443] INFEAS f=1022.152  a=29.6 b=37.7 gap=7.6 (face=3.1mm) n=[557, 487, 722]  no evaluation (geometry pre-check)
  [ 444] viol   f=   2.984  a=29.9 b=38.0 gap=7.7 (face=3.3mm) n=[477, 548, 709]  tape=0.429km B=11.12T unif=1.113% hoop=154MPa
  [ 445] viol   f=4718.806  a=27.1 b=35.9 gap=8.3 (face=4.6mm) n=[320, 579, 583]  tape=0.324km B=10.69T unif=5.857% hoop=120MPa
  [ 446] viol   f=6825.484  a=27.6 b=36.5 gap=8.2 (face=4.4mm) n=[363, 618, 625]  tape=0.359km B=11.49T unif=6.842% hoop=131MPa
  [ 447] viol   f=   0.474  a=30.1 b=38.7 gap=7.6 (face=3.2mm) n=[408, 510, 660]  tape=0.395km B=10.03T unif=1.020% hoop=162MPa
  [ 448] viol   f=   6.881  a=28.2 b=37.1 gap=9.4 (face=6.9mm) n=[445, 423, 630]  tape=0.359km B=9.41T unif=1.171% hoop=140MPa
  [ 449] INFEAS f=1098.201  a=26.1 b=33.9 gap=9.2 (face=6.4mm) n=[507, 424, 640]  no evaluation (geometry pre-check)
  [ 450] viol   f=   1.522  a=30.0 b=38.1 gap=7.9 (face=3.8mm) n=[319, 508, 654]  tape=0.369km B=9.24T unif=0.393% hoop=142MPa
  [ 451] viol   f= 313.533  a=27.2 b=36.1 gap=9.7 (face=7.4mm) n=[445, 444, 610]  tape=0.344km B=9.82T unif=2.251% hoop=139MPa
  [ 452] viol   f= 595.369  a=28.8 b=36.5 gap=8.1 (face=4.3mm) n=[457, 456, 596]  tape=0.350km B=10.30T unif=2.725% hoop=143MPa
  [ 453] viol   f= 577.359  a=29.1 b=36.2 gap=7.6 (face=3.3mm) n=[318, 585, 655]  tape=0.364km B=10.42T unif=2.699% hoop=129MPa
  [ 454] viol   f=  14.467  a=28.9 b=36.9 gap=8.0 (face=4.0mm) n=[361, 521, 672]  tape=0.377km B=10.01T unif=1.265% hoop=129MPa
  [ 455] viol   f=   3.622  a=30.9 b=39.1 gap=7.6 (face=3.2mm) n=[279, 540, 642]  tape=0.368km B=9.37T unif=1.111% hoop=135MPa
  [ 456] viol   f=   3.450  a=29.6 b=35.7 gap=8.2 (face=4.3mm) n=[280, 478, 632]  tape=0.333km B=8.75T unif=0.869% hoop=132MPa
  [ 457] viol   f=   1.477  a=31.9 b=40.2 gap=7.5 (face=3.0mm) n=[322, 517, 720]  tape=0.419km B=9.32T unif=1.025% hoop=137MPa
  [ 458] OK     f=   0.382  a=28.7 b=37.6 gap=7.9 (face=3.8mm) n=[387, 537, 659]  tape=0.382km B=10.21T unif=0.613% hoop=148MPa
  [ 459] viol   f=   1.486  a=28.1 b=37.2 gap=8.5 (face=5.1mm) n=[373, 465, 648]  tape=0.361km B=9.25T unif=0.239% hoop=140MPa
  [ 460] OK     f=   0.444  a=31.3 b=41.0 gap=7.5 (face=3.1mm) n=[317, 602, 745]  tape=0.444km B=10.36T unif=0.570% hoop=142MPa  [a=31 b=37 nt=946] KSP converged reason: 4, iterations: 1
  [a=32 b=53 nt=1526] KSP converged reason: 4, iterations: 1
  [a=28 b=53 nt=1234] KSP converged reason: 4, iterations: 1
  [a=30 b=38 nt=1280] KSP converged reason: 4, iterations: 1
  [a=22 b=50 nt=1188] KSP converged reason: 4, iterations: 1
  [a=35 b=40 nt=1649] KSP converged reason: 4, iterations: 1
  [a=41 b=55 nt=1690] KSP converged reason: 4, iterations: 1
  [a=40 b=55 nt=2042] KSP converged reason: 4, iterations: 1
  [a=38 b=52 nt=1686] KSP converged reason: 4, iterations: 1
  [a=33 b=52 nt=1857] KSP converged reason: 4, iterations: 1
  [a=38 b=49 nt=2091] KSP converged reason: 4, iterations: 1
  [a=41 b=63 nt=1740] KSP converged reason: 4, iterations: 1
  [a=39 b=49 nt=2043] KSP converged reason: 4, iterations: 1
  [a=41 b=52 nt=1959] KSP converged reason: 4, iterations: 1
  [a=40 b=55 nt=2137] KSP converged reason: 4, iterations: 1
  [a=43 b=58 nt=2302] KSP converged reason: 4, iterations: 1
  [a=42 b=57 nt=2187] KSP converged reason: 4, iterations: 1
  [a=38 b=49 nt=1890] KSP converged reason: 4, iterations: 1
  [a=44 b=56 nt=2031] KSP converged reason: 4, iterations: 1
  [a=45 b=52 nt=1999] KSP converged reason: 4, iterations: 1
  [a=44 b=55 nt=2021] KSP converged reason: 4, iterations: 1
  [a=40 b=48 nt=2018] KSP converged reason: 4, iterations: 1
  [a=39 b=52 nt=1935] KSP converged reason: 4, iterations: 1
  [a=42 b=53 nt=2017] KSP converged reason: 4, iterations: 1
  [a=42 b=51 nt=2132] KSP converged reason: 4, iterations: 1
  [a=41 b=51 nt=2189] KSP converged reason: 4, iterations: 1
  [a=38 b=48 nt=2160] KSP converged reason: 4, iterations: 1
  [a=40 b=54 nt=2066] KSP converged reason: 4, iterations: 1
  [a=38 b=49 nt=2353] KSP converged reason: 4, iterations: 1
  [a=37 b=43 nt=2003] KSP converged reason: 4, iterations: 1
  [a=39 b=45 nt=2127] KSP converged reason: 4, iterations: 1
  [a=38 b=48 nt=2040] KSP converged reason: 4, iterations: 1
  [a=37 b=43 nt=2118] KSP converged reason: 4, iterations: 1
  [a=37 b=46 nt=1847] KSP converged reason: 4, iterations: 1
  [a=38 b=46 nt=2035] KSP converged reason: 4, iterations: 1
  [a=38 b=45 nt=2081] KSP converged reason: 4, iterations: 1
  [a=34 b=42 nt=1665] KSP converged reason: 4, iterations: 1
  [a=36 b=46 nt=1929] KSP converged reason: 4, iterations: 1
  [a=37 b=47 nt=1896] KSP converged reason: 4, iterations: 1
  [a=34 b=43 nt=1797] KSP converged reason: 4, iterations: 1
  [a=34 b=41 nt=1716] KSP converged reason: 4, iterations: 1
  [a=34 b=42 nt=1756] KSP converged reason: 4, iterations: 1
  [a=34 b=42 nt=1732] KSP converged reason: 4, iterations: 1
  [a=38 b=45 nt=1846] KSP converged reason: 4, iterations: 1
  [a=34 b=42 nt=1688] KSP converged reason: 4, iterations: 1
  [a=36 b=46 nt=1816] KSP converged reason: 4, iterations: 1
  [a=35 b=42 nt=1692] KSP converged reason: 4, iterations: 1
  [a=32 b=41 nt=1388] KSP converged reason: 4, iterations: 1
  [a=29 b=36 nt=1413] KSP converged reason: 4, iterations: 1
  [a=29 b=38 nt=1473] KSP converged reason: 4, iterations: 1
  [a=34 b=40 nt=1708] KSP converged reason: 4, iterations: 1
  [a=29 b=38 nt=1495] KSP converged reason: 4, iterations: 1
  [a=32 b=39 nt=1599] KSP converged reason: 4, iterations: 1
  [a=31 b=38 nt=1649] KSP converged reason: 4, iterations: 1
  [a=31 b=38 nt=1565] KSP converged reason: 4, iterations: 1
  [a=31 b=37 nt=1466] KSP converged reason: 4, iterations: 1
  [a=28 b=35 nt=1542] KSP converged reason: 4, iterations: 1
  [a=31 b=38 nt=1677] KSP converged reason: 4, iterations: 1
  [a=30 b=39 nt=1578] KSP converged reason: 4, iterations: 1
  [a=29 b=36 nt=1558] KSP converged reason: 4, iterations: 1
  [a=29 b=38 nt=1583] KSP converged reason: 4, iterations: 1
  [a=29 b=36 nt=1397] KSP converged reason: 4, iterations: 1
  [a=33 b=42 nt=1772] KSP converged reason: 4, iterations: 1
  [a=32 b=41 nt=1672] KSP converged reason: 4, iterations: 1
  [a=31 b=41 nt=1724] KSP converged reason: 4, iterations: 1
  [a=30 b=37 nt=1621] KSP converged reason: 4, iterations: 1
  [a=30 b=39 nt=1662] KSP converged reason: 4, iterations: 1
  [a=31 b=39 nt=1663] KSP converged reason: 4, iterations: 1
  [a=20 b=47 nt=985] KSP converged reason: 4, iterations: 1
  [a=22 b=31 nt=1217] KSP converged reason: 4, iterations: 1
  [a=23 b=35 nt=644] KSP converged reason: 4, iterations: 1
  [a=26 b=56 nt=1247] KSP converged reason: 4, iterations: 1
  [a=37 b=48 nt=1645] KSP converged reason: 4, iterations: 1
  [a=34 b=44 nt=1747] KSP converged reason: 4, iterations: 1
  [a=37 b=45 nt=1941] KSP converged reason: 4, iterations: 1
  [a=36 b=44 nt=1801] KSP converged reason: 4, iterations: 1
  [a=36 b=46 nt=1506] KSP converged reason: 4, iterations: 1
  [a=37 b=51 nt=1790] KSP converged reason: 4, iterations: 1
  [a=40 b=53 nt=1918] KSP converged reason: 4, iterations: 1
  [a=37 b=52 nt=1983] KSP converged reason: 4, iterations: 1
  [a=41 b=52 nt=2129] KSP converged reason: 4, iterations: 1
  [a=44 b=52 nt=2245] KSP converged reason: 4, iterations: 1
  [a=38 b=48 nt=1818] KSP converged reason: 4, iterations: 1
  [a=39 b=46 nt=2368] KSP converged reason: 4, iterations: 1
  [a=41 b=52 nt=1824] KSP converged reason: 4, iterations: 1
  [a=46 b=58 nt=2260] KSP converged reason: 4, iterations: 1
  [a=42 b=50 nt=1940] KSP converged reason: 4, iterations: 1
  [a=40 b=51 nt=2020] KSP converged reason: 4, iterations: 1
  [a=40 b=57 nt=1929] KSP converged reason: 4, iterations: 1
  [a=40 b=52 nt=2046] KSP converged reason: 4, iterations: 1
  [a=39 b=50 nt=2111] KSP converged reason: 4, iterations: 1
  [a=42 b=50 nt=2138] KSP converged reason: 4, iterations: 1
  [a=42 b=51 nt=2064] KSP converged reason: 4, iterations: 1
  [a=39 b=50 nt=2206] KSP converged reason: 4, iterations: 1
  [a=41 b=52 nt=1949] KSP converged reason: 4, iterations: 1
  [a=43 b=53 nt=2220] KSP converged reason: 4, iterations: 1
  [a=41 b=53 nt=2231] KSP converged reason: 4, iterations: 1
  [a=39 b=46 nt=2204] KSP converged reason: 4, iterations: 1
  [a=38 b=46 nt=1983] KSP converged reason: 4, iterations: 1
  [a=38 b=46 nt=2039] KSP converged reason: 4, iterations: 1
  [a=38 b=45 nt=2070] KSP converged reason: 4, iterations: 1
  [a=37 b=42 nt=2060] KSP converged reason: 4, iterations: 1
  [a=37 b=45 nt=1924] KSP converged reason: 4, iterations: 1
  [a=37 b=44 nt=1971] KSP converged reason: 4, iterations: 1
  [a=37 b=46 nt=1700] KSP converged reason: 4, iterations: 1
  [a=36 b=44 nt=1854] KSP converged reason: 4, iterations: 1
  [a=32 b=41 nt=1592] KSP converged reason: 4, iterations: 1
  [a=36 b=45 nt=1843] KSP converged reason: 4, iterations: 1
  [a=35 b=43 nt=1553] KSP converged reason: 4, iterations: 1
  [a=34 b=42 nt=1559] KSP converged reason: 4, iterations: 1
  [a=39 b=49 nt=2057] KSP converged reason: 4, iterations: 1
  [a=37 b=44 nt=1760] KSP converged reason: 4, iterations: 1
  [a=34 b=43 nt=1803] KSP converged reason: 4, iterations: 1
  [a=33 b=39 nt=1763] KSP converged reason: 4, iterations: 1
  [a=31 b=38 nt=1620] KSP converged reason: 4, iterations: 1
  [a=35 b=43 nt=1792] KSP converged reason: 4, iterations: 1
  [a=28 b=36 nt=1559] KSP converged reason: 4, iterations: 1
  [a=30 b=38 nt=1494] KSP converged reason: 4, iterations: 1
  [a=30 b=35 nt=1575] KSP converged reason: 4, iterations: 1
  [a=35 b=42 nt=1716] KSP converged reason: 4, iterations: 1
  [a=30 b=37 nt=1649] KSP converged reason: 4, iterations: 1
  [a=34 b=41 nt=1712] KSP converged reason: 4, iterations: 1
  [a=29 b=36 nt=1544] KSP converged reason: 4, iterations: 1
  [a=29 b=37 nt=1546] KSP converged reason: 4, iterations: 1
  [a=32 b=39 nt=1766] KSP converged reason: 4, iterations: 1
  [a=29 b=35 nt=1458] KSP converged reason: 4, iterations: 1
  [a=28 b=37 nt=1498] KSP converged reason: 4, iterations: 1
  [a=27 b=36 nt=1499] KSP converged reason: 4, iterations: 1
  [a=31 b=41 nt=1664] KSP converged reason: 4, iterations: 1
  [a=34 b=43 nt=1738] KSP converged reason: 4, iterations: 1
  [a=31 b=38 nt=1727] KSP converged reason: 4, iterations: 1
  [a=34 b=44 nt=1742] KSP converged reason: 4, iterations: 1
  [a=30 b=39 nt=1532] KSP converged reason: 4, iterations: 1
  [a=33 b=42 nt=1752] KSP converged reason: 4, iterations: 1
  [a=25 b=39 nt=1341] KSP converged reason: 4, iterations: 1
  [a=34 b=42 nt=1443] KSP converged reason: 4, iterations: 1
  [a=20 b=40 nt=1068] KSP converged reason: 4, iterations: 1
  [a=26 b=45 nt=1353] KSP converged reason: 4, iterations: 1
  [a=37 b=43 nt=1841] KSP converged reason: 4, iterations: 1
  [a=34 b=40 nt=1563] KSP converged reason: 4, iterations: 1
  [a=32 b=49 nt=1568] KSP converged reason: 4, iterations: 1
  [a=44 b=60 nt=1855] KSP converged reason: 4, iterations: 1
  [a=40 b=55 nt=2003] KSP converged reason: 4, iterations: 1
  [a=45 b=58 nt=2161] KSP converged reason: 4, iterations: 1
  [a=36 b=67 nt=1578] KSP converged reason: 4, iterations: 1
  [a=38 b=52 nt=2220] KSP converged reason: 4, iterations: 1
  [a=43 b=50 nt=1994] KSP converged reason: 4, iterations: 1
  [a=44 b=54 nt=2215] KSP converged reason: 4, iterations: 1
  [a=39 b=54 nt=1933] KSP converged reason: 4, iterations: 1
  [a=43 b=55 nt=2085] KSP converged reason: 4, iterations: 1
  [a=40 b=50 nt=2016] KSP converged reason: 4, iterations: 1
  [a=41 b=53 nt=2149] KSP converged reason: 4, iterations: 1
  [a=41 b=54 nt=2223] KSP converged reason: 4, iterations: 1
  [a=40 b=51 nt=2087] KSP converged reason: 4, iterations: 1
  [a=37 b=49 nt=2246] KSP converged reason: 4, iterations: 1
  [a=42 b=53 nt=2091] KSP converged reason: 4, iterations: 1
  [a=37 b=43 nt=2057] KSP converged reason: 4, iterations: 1
  [a=39 b=50 nt=2251] KSP converged reason: 4, iterations: 1
  [a=38 b=45 nt=2018] KSP converged reason: 4, iterations: 1
  [a=41 b=47 nt=2235] KSP converged reason: 4, iterations: 1
  [a=40 b=49 nt=2002] KSP converged reason: 4, iterations: 1
  [a=37 b=43 nt=2072] KSP converged reason: 4, iterations: 1
  [a=38 b=44 nt=2111] KSP converged reason: 4, iterations: 1
  [a=36 b=44 nt=2011] KSP converged reason: 4, iterations: 1
  [a=38 b=44 nt=2096] KSP converged reason: 4, iterations: 1
  [a=36 b=45 nt=1882] KSP converged reason: 4, iterations: 1
  [a=34 b=43 nt=1729] KSP converged reason: 4, iterations: 1
  [a=35 b=43 nt=1695] KSP converged reason: 4, iterations: 1
  [a=35 b=47 nt=1809] KSP converged reason: 4, iterations: 1
  [a=37 b=43 nt=1799] KSP converged reason: 4, iterations: 1
  [a=35 b=43 nt=1730] KSP converged reason: 4, iterations: 1
  [a=36 b=42 nt=1757] KSP converged reason: 4, iterations: 1
  [a=35 b=43 nt=1786] KSP converged reason: 4, iterations: 1
  [a=32 b=41 nt=1577] KSP converged reason: 4, iterations: 1
  [a=29 b=34 nt=1544] KSP converged reason: 4, iterations: 1
  [a=31 b=37 nt=1581] KSP converged reason: 4, iterations: 1
  [a=30 b=38 nt=1695] KSP converged reason: 4, iterations: 1
  [a=30 b=37 nt=1459] KSP converged reason: 4, iterations: 1
  [a=32 b=37 nt=1726] KSP converged reason: 4, iterations: 1
  [a=31 b=37 nt=1512] KSP converged reason: 4, iterations: 1
  [a=31 b=39 nt=1587] KSP converged reason: 4, iterations: 1
  [a=32 b=40 nt=1695] KSP converged reason: 4, iterations: 1
  [a=30 b=38 nt=1734] KSP converged reason: 4, iterations: 1
  [a=30 b=38 nt=1481] KSP converged reason: 4, iterations: 1
  [a=30 b=36 nt=1390] KSP converged reason: 4, iterations: 1
  [a=31 b=40 nt=1542] KSP converged reason: 4, iterations: 1
  [a=29 b=38 nt=1491] KSP converged reason: 4, iterations: 1
  [a=31 b=41 nt=1521] KSP converged reason: 4, iterations: 1
  [a=34 b=43 nt=1829] KSP converged reason: 4, iterations: 1
  [a=29 b=38 nt=1597] KSP converged reason: 4, iterations: 1
  [a=32 b=40 nt=1755] KSP converged reason: 4, iterations: 1
  [a=30 b=38 nt=1616] KSP converged reason: 4, iterations: 1
  [a=20 b=27 nt=1058] KSP converged reason: 4, iterations: 1
  [a=25 b=33 nt=676] KSP converged reason: 4, iterations: 1
  [a=27 b=35 nt=443] KSP converged reason: 4, iterations: 1
  [a=24 b=58 nt=1022] KSP converged reason: 4, iterations: 1
  [a=30 b=49 nt=1427] KSP converged reason: 4, iterations: 1
  [a=35 b=46 nt=1372] KSP converged reason: 4, iterations: 1
  [a=37 b=52 nt=1188] KSP converged reason: 4, iterations: 1
  [a=28 b=52 nt=1481] KSP converged reason: 4, iterations: 1
  [a=35 b=49 nt=1615] KSP converged reason: 4, iterations: 1
  [a=30 b=49 nt=1648] KSP converged reason: 4, iterations: 1
  [a=44 b=53 nt=1835] KSP converged reason: 4, iterations: 1
  [a=39 b=64 nt=1996] KSP converged reason: 4, iterations: 1
  [a=36 b=61 nt=1927] KSP converged reason: 4, iterations: 1
  [a=42 b=55 nt=1988] KSP converged reason: 4, iterations: 1
  [a=39 b=50 nt=2107] KSP converged reason: 4, iterations: 1
  [a=41 b=51 nt=2194] KSP converged reason: 4, iterations: 1
  [a=41 b=49 nt=1722] KSP converged reason: 4, iterations: 1
  [a=43 b=49 nt=1990] KSP converged reason: 4, iterations: 1
  [a=46 b=56 nt=2191] KSP converged reason: 4, iterations: 1
  [a=40 b=52 nt=2000] KSP converged reason: 4, iterations: 1
  [a=38 b=50 nt=1831] KSP converged reason: 4, iterations: 1
  [a=44 b=57 nt=2147] KSP converged reason: 4, iterations: 1
  [a=39 b=51 nt=1949] KSP converged reason: 4, iterations: 1
  [a=42 b=52 nt=1970] KSP converged reason: 4, iterations: 1
  [a=40 b=52 nt=2076] KSP converged reason: 4, iterations: 1
  [a=43 b=50 nt=2122] KSP converged reason: 4, iterations: 1
  [a=40 b=53 nt=2060] KSP converged reason: 4, iterations: 1
  [a=39 b=52 nt=2199] KSP converged reason: 4, iterations: 1
  [a=39 b=45 nt=2082] KSP converged reason: 4, iterations: 1
  [a=38 b=43 nt=2071] KSP converged reason: 4, iterations: 1
  [a=37 b=45 nt=1840] KSP converged reason: 4, iterations: 1
  [a=34 b=43 nt=2007] KSP converged reason: 4, iterations: 1
  [a=37 b=51 nt=1910] KSP converged reason: 4, iterations: 1
  [a=37 b=44 nt=1984] KSP converged reason: 4, iterations: 1
  [a=34 b=42 nt=1910] KSP converged reason: 4, iterations: 1
  [a=36 b=45 nt=1977] KSP converged reason: 4, iterations: 1
  [a=36 b=43 nt=1823] KSP converged reason: 4, iterations: 1
  [a=33 b=42 nt=1809] KSP converged reason: 4, iterations: 1
  [a=35 b=44 nt=1864] KSP converged reason: 4, iterations: 1
  [a=35 b=45 nt=1783] KSP converged reason: 4, iterations: 1
  [a=40 b=48 nt=2033] KSP converged reason: 4, iterations: 1
  [a=39 b=46 nt=1932] KSP converged reason: 4, iterations: 1
  [a=34 b=41 nt=1772] KSP converged reason: 4, iterations: 1
  [a=33 b=39 nt=1604] KSP converged reason: 4, iterations: 1
  [a=34 b=43 nt=1814] KSP converged reason: 4, iterations: 1
  [a=29 b=35 nt=1519] KSP converged reason: 4, iterations: 1
  [a=35 b=44 nt=1893] KSP converged reason: 4, iterations: 1
  [a=33 b=40 nt=1728] KSP converged reason: 4, iterations: 1
  [a=31 b=37 nt=1600] KSP converged reason: 4, iterations: 1
  [a=29 b=37 nt=1442] KSP converged reason: 4, iterations: 1
  [a=32 b=38 nt=1696] KSP converged reason: 4, iterations: 1
  [a=31 b=37 nt=1512] KSP converged reason: 4, iterations: 1
  [a=30 b=37 nt=1731] KSP converged reason: 4, iterations: 1
  [a=29 b=35 nt=1625] KSP converged reason: 4, iterations: 1
  [a=29 b=39 nt=1397] KSP converged reason: 4, iterations: 1
  [a=30 b=39 nt=1484] KSP converged reason: 4, iterations: 1
  [a=29 b=37 nt=1509] KSP converged reason: 4, iterations: 1
  [a=31 b=39 nt=1497] KSP converged reason: 4, iterations: 1
  [a=31 b=40 nt=1708] KSP converged reason: 4, iterations: 1
  [a=33 b=42 nt=1765] KSP converged reason: 4, iterations: 1
  [a=31 b=38 nt=1699] KSP converged reason: 4, iterations: 1
  [a=30 b=39 nt=1641] KSP converged reason: 4, iterations: 1
  [a=29 b=36 nt=1619] KSP converged reason: 4, iterations: 1
  [a=22 b=47 nt=1275] KSP converged reason: 4, iterations: 1
  [a=19 b=42 nt=401] KSP converged reason: 4, iterations: 1
  [a=18 b=52 nt=903] KSP converged reason: 4, iterations: 1
  [a=33 b=42 nt=1384] KSP converged reason: 4, iterations: 1
  [a=33 b=52 nt=1570] KSP converged reason: 4, iterations: 1
  [a=26 b=39 nt=1228] KSP converged reason: 4, iterations: 1
  [a=42 b=48 nt=1924] KSP converged reason: 4, iterations: 1
  [a=36 b=45 nt=1712] KSP converged reason: 4, iterations: 1
  [a=34 b=51 nt=1744] KSP converged reason: 4, iterations: 1
  [a=36 b=51 nt=1919] KSP converged reason: 4, iterations: 1
  [a=36 b=54 nt=1746] KSP converged reason: 4, iterations: 1
  [a=45 b=63 nt=1828] KSP converged reason: 4, iterations: 1
  [a=36 b=55 nt=2064] KSP converged reason: 4, iterations: 1
  [a=41 b=54 nt=2137] KSP converged reason: 4, iterations: 1
  [a=40 b=56 nt=2140] KSP converged reason: 4, iterations: 1
  [a=40 b=50 nt=1768] KSP converged reason: 4, iterations: 1
  [a=41 b=54 nt=1910] KSP converged reason: 4, iterations: 1
  [a=42 b=51 nt=2051] KSP converged reason: 4, iterations: 1
  [a=44 b=61 nt=1966] KSP converged reason: 4, iterations: 1
  [a=38 b=49 nt=1986] KSP converged reason: 4, iterations: 1
  [a=43 b=55 nt=2048] KSP converged reason: 4, iterations: 1
  [a=39 b=48 nt=2148] KSP converged reason: 4, iterations: 1
  [a=39 b=47 nt=2080] KSP converged reason: 4, iterations: 1
  [a=38 b=48 nt=1787] KSP converged reason: 4, iterations: 1
  [a=42 b=50 nt=2206] KSP converged reason: 4, iterations: 1
  [a=37 b=45 nt=2112] KSP converged reason: 4, iterations: 1
  [a=40 b=49 nt=2285] KSP converged reason: 4, iterations: 1
  [a=40 b=46 nt=2057] KSP converged reason: 4, iterations: 1
  [a=35 b=43 nt=2061] KSP converged reason: 4, iterations: 1
  [a=39 b=47 nt=2034] KSP converged reason: 4, iterations: 1
  [a=34 b=42 nt=2077] KSP converged reason: 4, iterations: 1
  [a=36 b=42 nt=1943] KSP converged reason: 4, iterations: 1
  [a=37 b=45 nt=2008] KSP converged reason: 4, iterations: 1
  [a=38 b=44 nt=2102] KSP converged reason: 4, iterations: 1
  [a=37 b=43 nt=1980] KSP converged reason: 4, iterations: 1
  [a=33 b=38 nt=1719] KSP converged reason: 4, iterations: 1
  [a=34 b=42 nt=1726] KSP converged reason: 4, iterations: 1
  [a=35 b=41 nt=1774] KSP converged reason: 4, iterations: 1
  [a=32 b=40 nt=1747] KSP converged reason: 4, iterations: 1
  [a=37 b=48 nt=2010] KSP converged reason: 4, iterations: 1
  [a=34 b=42 nt=1562] KSP converged reason: 4, iterations: 1
  [a=36 b=47 nt=2005] KSP converged reason: 4, iterations: 1
  [a=34 b=41 nt=1813] KSP converged reason: 4, iterations: 1
  [a=35 b=43 nt=1697] KSP converged reason: 4, iterations: 1
  [a=35 b=43 nt=1769] KSP converged reason: 4, iterations: 1
  [a=33 b=43 nt=1770] KSP converged reason: 4, iterations: 1
  [a=37 b=44 nt=1918] KSP converged reason: 4, iterations: 1
  [a=32 b=40 nt=1602] KSP converged reason: 4, iterations: 1
  [a=31 b=39 nt=1515] KSP converged reason: 4, iterations: 1
  [a=34 b=41 nt=1652] KSP converged reason: 4, iterations: 1
  [a=32 b=38 nt=1631] KSP converged reason: 4, iterations: 1
  [a=33 b=40 nt=1780] KSP converged reason: 4, iterations: 1
  [a=32 b=38 nt=1637] KSP converged reason: 4, iterations: 1
  [a=32 b=39 nt=1705] KSP converged reason: 4, iterations: 1
  [a=25 b=35 nt=1345] KSP converged reason: 4, iterations: 1
  [a=30 b=38 nt=1649] KSP converged reason: 4, iterations: 1
  [a=28 b=36 nt=1606] KSP converged reason: 4, iterations: 1
  [a=31 b=39 nt=1461] KSP converged reason: 4, iterations: 1
  [a=28 b=37 nt=1486] KSP converged reason: 4, iterations: 1
  [a=28 b=35 nt=1396] KSP converged reason: 4, iterations: 1
  [a=31 b=38 nt=1549] KSP converged reason: 4, iterations: 1
  [a=31 b=41 nt=1592] KSP converged reason: 4, iterations: 1
  [a=32 b=40 nt=1706] KSP converged reason: 4, iterations: 1
  [a=32 b=41 nt=1729] KSP converged reason: 4, iterations: 1
  [a=33 b=42 nt=1703] KSP converged reason: 4, iterations: 1
  [a=30 b=38 nt=1607] KSP converged reason: 4, iterations: 1
  [a=30 b=38 nt=1696] KSP converged reason: 4, iterations: 1
  [a=35 b=43 nt=844] KSP converged reason: 4, iterations: 1
  [a=22 b=46 nt=1262] KSP converged reason: 4, iterations: 1
  [a=31 b=36 nt=1751] KSP converged reason: 4, iterations: 1
  [a=32 b=51 nt=1690] KSP converged reason: 4, iterations: 1
  [a=34 b=48 nt=1527] KSP converged reason: 4, iterations: 1
  [a=32 b=38 nt=1150] KSP converged reason: 4, iterations: 1
  [a=42 b=55 nt=1885] KSP converged reason: 4, iterations: 1
  [a=35 b=49 nt=1724] KSP converged reason: 4, iterations: 1
  [a=39 b=57 nt=1946] KSP converged reason: 4, iterations: 1
  [a=42 b=61 nt=2030] KSP converged reason: 4, iterations: 1
  [a=44 b=53 nt=1962] KSP converged reason: 4, iterations: 1
  [a=41 b=51 nt=2183] KSP converged reason: 4, iterations: 1
  [a=40 b=46 nt=2091] KSP converged reason: 4, iterations: 1
  [a=42 b=50 nt=1921] KSP converged reason: 4, iterations: 1
  [a=42 b=50 nt=1985] KSP converged reason: 4, iterations: 1
  [a=38 b=47 nt=1890] KSP converged reason: 4, iterations: 1
  [a=42 b=61 nt=2131] KSP converged reason: 4, iterations: 1
  [a=46 b=57 nt=2163] KSP converged reason: 4, iterations: 1
  [a=41 b=54 nt=2215] KSP converged reason: 4, iterations: 1
  [a=38 b=46 nt=2111] KSP converged reason: 4, iterations: 1
  [a=41 b=53 nt=2071] KSP converged reason: 4, iterations: 1
  [a=40 b=45 nt=2048] KSP converged reason: 4, iterations: 1
  [a=38 b=46 nt=2058] KSP converged reason: 4, iterations: 1
  [a=37 b=47 nt=2093] KSP converged reason: 4, iterations: 1
  [a=41 b=51 nt=2089] KSP converged reason: 4, iterations: 1
  [a=39 b=49 nt=2163] KSP converged reason: 4, iterations: 1
  [a=40 b=50 nt=2078] KSP converged reason: 4, iterations: 1
  [a=35 b=47 nt=1911] KSP converged reason: 4, iterations: 1
  [a=41 b=53 nt=2266] KSP converged reason: 4, iterations: 1
  [a=36 b=44 nt=1989] KSP converged reason: 4, iterations: 1
  [a=35 b=43 nt=1873] KSP converged reason: 4, iterations: 1
  [a=38 b=47 nt=2118] KSP converged reason: 4, iterations: 1
  [a=33 b=41 nt=1724] KSP converged reason: 4, iterations: 1
  [a=34 b=42 nt=1721] KSP converged reason: 4, iterations: 1
  [a=34 b=41 nt=1834] KSP converged reason: 4, iterations: 1
  [a=31 b=39 nt=1420] KSP converged reason: 4, iterations: 1
  [a=33 b=41 nt=1512] KSP converged reason: 4, iterations: 1
  [a=36 b=49 nt=1712] KSP converged reason: 4, iterations: 1
  [a=37 b=42 nt=1711] KSP converged reason: 4, iterations: 1
  [a=35 b=46 nt=1863] KSP converged reason: 4, iterations: 1
  [a=33 b=42 nt=1574] KSP converged reason: 4, iterations: 1
  [a=39 b=46 nt=1792] KSP converged reason: 4, iterations: 1
  [a=36 b=45 nt=1695] KSP converged reason: 4, iterations: 1
  [a=32 b=41 nt=1599] KSP converged reason: 4, iterations: 1
  [a=38 b=44 nt=1916] KSP converged reason: 4, iterations: 1
  [a=32 b=39 nt=1701] KSP converged reason: 4, iterations: 1
  [a=31 b=38 nt=1577] KSP converged reason: 4, iterations: 1
  [a=31 b=37 nt=1597] KSP converged reason: 4, iterations: 1
  [a=33 b=41 nt=1841] KSP converged reason: 4, iterations: 1
  [a=29 b=37 nt=1564] KSP converged reason: 4, iterations: 1
  [a=32 b=38 nt=1687] KSP converged reason: 4, iterations: 1
  [a=28 b=37 nt=1615] KSP converged reason: 4, iterations: 1
  [a=31 b=38 nt=1685] KSP converged reason: 4, iterations: 1
  [a=29 b=37 nt=1458] KSP converged reason: 4, iterations: 1
  [a=27 b=36 nt=1482] KSP converged reason: 4, iterations: 1
  [a=29 b=37 nt=1554] KSP converged reason: 4, iterations: 1
  [a=32 b=40 nt=1559] KSP converged reason: 4, iterations: 1
  [a=30 b=39 nt=1578] KSP converged reason: 4, iterations: 1
  [a=30 b=41 nt=1580] KSP converged reason: 4, iterations: 1
  [a=30 b=40 nt=1568] KSP converged reason: 4, iterations: 1
  [a=30 b=38 nt=1615] KSP converged reason: 4, iterations: 1
  [a=33 b=42 nt=1769] KSP converged reason: 4, iterations: 1
  [a=32 b=40 nt=1692] KSP converged reason: 4, iterations: 1
  [a=32 b=41 nt=1750] KSP converged reason: 4, iterations: 1

  [ 461] viol   f=   0.896  a=30.8 b=39.8 gap=7.8 (face=3.5mm) n=[342, 527, 673]  tape=0.399km B=9.50T unif=0.865% hoop=147MPa
  [ 462] viol   f=  33.042  a=30.8 b=39.1 gap=7.8 (face=3.6mm) n=[353, 451, 693]  tape=0.393km B=8.82T unif=1.386% hoop=156MPa
  [ 463] OK     f=   0.391  a=30.0 b=39.0 gap=7.5 (face=3.0mm) n=[331, 585, 662]  tape=0.391km B=10.32T unif=0.548% hoop=139MPa
  [ 464] INFEAS f=1115.458  a=30.0 b=40.2 gap=7.5 (face=3.0mm) n=[409, 687, 748]  no evaluation (geometry pre-check)
  [ 465] viol   f=   2.936  a=27.9 b=34.6 gap=9.0 (face=6.1mm) n=[344, 434, 618]  tape=0.323km B=8.86T unif=0.310% hoop=112MPa
  [ 466] viol   f=   2.637  a=28.8 b=36.2 gap=8.0 (face=4.0mm) n=[324, 463, 610]  tape=0.332km B=8.93T unif=0.672% hoop=134MPa
  [ 467] INFEAS f=1345.366  a=28.0 b=37.7 gap=8.6 (face=5.2mm) n=[408, 506, 713]  no evaluation (geometry pre-check)
  [ 468] viol   f=  10.130  a=30.7 b=37.8 gap=7.7 (face=3.4mm) n=[366, 508, 675]  tape=0.389km B=9.61T unif=1.217% hoop=137MPa
  [ 469] OK     f=   0.486  a=34.2 b=43.4 gap=7.9 (face=3.9mm) n=[350, 640, 748]  tape=0.486km B=10.29T unif=0.696% hoop=163MPa
  [ 470] OK     f=   0.476  a=32.5 b=41.7 gap=8.1 (face=4.2mm) n=[367, 653, 752]  tape=0.476km B=10.93T unif=0.846% hoop=143MPa
  [ 471] viol   f=   1.214  a=28.9 b=37.6 gap=8.5 (face=5.0mm) n=[318, 522, 651]  tape=0.363km B=9.35T unif=0.535% hoop=131MPa
  [ 472] viol   f=  38.895  a=30.3 b=40.9 gap=7.5 (face=3.0mm) n=[305, 609, 666]  tape=0.402km B=10.42T unif=1.439% hoop=140MPa
  [ 473] OK     f=   0.440  a=30.8 b=40.1 gap=7.5 (face=3.0mm) n=[424, 577, 707]  tape=0.440km B=10.66T unif=0.458% hoop=172MPa
  [ 474] viol   f=   4.563  a=30.8 b=40.5 gap=7.5 (face=3.0mm) n=[366, 566, 660]  tape=0.408km B=10.13T unif=1.144% hoop=155MPa
  [ 475] viol   f=  88.234  a=31.1 b=40.8 gap=7.6 (face=3.2mm) n=[313, 564, 644]  tape=0.391km B=9.68T unif=1.662% hoop=142MPa
  [ 476] viol   f= 166.158  a=30.1 b=40.0 gap=7.6 (face=3.2mm) n=[261, 614, 693]  tape=0.396km B=10.24T unif=1.910% hoop=127MPa
  [ 477] viol   f=  54.492  a=31.5 b=41.2 gap=7.6 (face=3.1mm) n=[370, 595, 707]  tape=0.441km B=10.36T unif=1.520% hoop=150MPa
  [ 478] viol   f=  20.059  a=30.7 b=38.1 gap=7.6 (face=3.2mm) n=[407, 598, 722]  tape=0.432km B=11.12T unif=1.313% hoop=148MPa
  [ 479] OK     f=   0.470  a=32.9 b=41.6 gap=7.8 (face=3.5mm) n=[338, 678, 749]  tape=0.470km B=11.14T unif=0.997% hoop=153MPa
  [ 480] INFEAS f=1046.909  a=29.2 b=38.2 gap=7.8 (face=3.5mm) n=[386, 566, 715]  no evaluation (geometry pre-check)
  [ 481] OK     f=   0.519  a=34.3 b=43.5 gap=7.7 (face=3.4mm) n=[451, 606, 772]  tape=0.519km B=10.59T unif=0.535% hoop=181MPa
  [ 482] OK     f=   0.400  a=29.5 b=38.5 gap=7.7 (face=3.3mm) n=[382, 555, 678]  tape=0.400km B=10.33T unif=0.633% hoop=155MPa
  [ 483] viol   f=   1.111  a=31.1 b=41.0 gap=7.6 (face=3.2mm) n=[417, 598, 709]  tape=0.450km B=10.80T unif=1.057% hoop=164MPa
  [ 484] OK     f=   0.449  a=31.8 b=39.8 gap=7.5 (face=3.0mm) n=[409, 563, 734]  tape=0.449km B=10.54T unif=0.725% hoop=145MPa
  [ 485] viol   f=  12.026  a=34.0 b=43.5 gap=7.7 (face=3.4mm) n=[394, 613, 735]  tape=0.488km B=10.32T unif=1.240% hoop=173MPa
  [ 486] viol   f=   3.436  a=31.6 b=41.4 gap=7.5 (face=3.0mm) n=[407, 612, 710]  tape=0.454km B=10.85T unif=1.122% hoop=167MPa
  [ 487] OK     f=   0.426  a=30.8 b=38.5 gap=7.6 (face=3.3mm) n=[381, 605, 713]  tape=0.426km B=11.00T unif=0.840% hoop=134MPa
  [ 488] viol   f=  19.100  a=29.7 b=37.5 gap=7.7 (face=3.3mm) n=[398, 542, 681]  tape=0.397km B=10.51T unif=1.306% hoop=134MPa
  [ 489] OK     f=   0.488  a=33.4 b=42.2 gap=7.8 (face=3.6mm) n=[395, 616, 758]  tape=0.488km B=10.59T unif=0.825% hoop=158MPa
  [ 490] OK     f=   0.387  a=28.8 b=37.5 gap=7.9 (face=3.7mm) n=[373, 552, 672]  tape=0.387km B=10.38T unif=0.573% hoop=126MPa
  [ 491] OK     f=   0.462  a=32.9 b=41.6 gap=7.5 (face=3.0mm) n=[352, 611, 740]  tape=0.462km B=10.25T unif=0.346% hoop=156MPa
  [ 492] viol   f=  43.455  a=30.3 b=38.6 gap=7.6 (face=3.2mm) n=[336, 545, 651]  tape=0.381km B=9.85T unif=1.464% hoop=145MPa
  [ 493] INFEAS f=1001.200  a=29.6 b=38.4 gap=7.8 (face=3.6mm) n=[432, 557, 711]  no evaluation (geometry pre-check)
  [ 494] viol   f=   6.613  a=30.3 b=38.5 gap=7.5 (face=3.0mm) n=[366, 580, 716]  tape=0.420km B=10.58T unif=1.176% hoop=147MPa
  [ 495] viol   f=  73.207  a=31.8 b=39.7 gap=7.5 (face=3.0mm) n=[434, 596, 725]  tape=0.454km B=11.07T unif=1.603% hoop=147MPa
  [ 496] OK     f=   0.418  a=30.5 b=39.2 gap=7.7 (face=3.3mm) n=[334, 594, 713]  tape=0.418km B=10.54T unif=0.951% hoop=135MPa
  [ 497] viol   f=   0.458  a=31.6 b=40.1 gap=7.6 (face=3.2mm) n=[387, 575, 730]  tape=0.446km B=10.52T unif=1.008% hoop=142MPa
  [ 498] OK     f=   0.485  a=33.4 b=42.0 gap=7.6 (face=3.2mm) n=[382, 606, 764]  tape=0.485km B=10.49T unif=0.466% hoop=154MPa
  [ 499] viol   f=  64.718  a=30.5 b=38.2 gap=7.7 (face=3.5mm) n=[383, 544, 680]  tape=0.401km B=10.28T unif=1.567% hoop=146MPa
  [ 500] OK     f=   0.427  a=30.9 b=39.1 gap=7.6 (face=3.1mm) n=[355, 587, 721]  tape=0.427km B=10.54T unif=0.611% hoop=143MPa
  [ 501] viol   f=  62.621  a=29.8 b=37.6 gap=7.6 (face=3.1mm) n=[329, 619, 668]  tape=0.386km B=11.06T unif=1.558% hoop=139MPa
  [ 502] viol   f=  44.202  a=30.1 b=37.9 gap=7.9 (face=3.7mm) n=[432, 559, 705]  tape=0.421km B=10.84T unif=1.468% hoop=138MPa
  [ 503] viol   f=  15.744  a=29.0 b=36.3 gap=7.9 (face=3.8mm) n=[421, 520, 678]  tape=0.387km B=10.51T unif=1.277% hoop=134MPa
  [ 504] viol   f=  75.556  a=32.1 b=40.7 gap=7.5 (face=3.1mm) n=[388, 619, 743]  tape=0.463km B=10.90T unif=1.613% hoop=148MPa

==========================================================================================
CMA-ES finished: 504 evaluations in 6.0 min
==========================================================================================

Best feasible design found:
  a_mm             28.691287905600625
  b_mm             37.36212273002664
  gap_mm           8.001890553220743
  face_gap_mm      4.003781106441486
  n_turns          [420, 491, 635]
  n_total          1546
  tape_km          0.3702576774591134
  B_target_T       10.060595884377738
  uniformity_pct   0.9133038478111519
  hoop_MPa         149.37172206049328
  delam_MPa        17.0196524019582
  I_quench_A       406.74977026662776
  I_op_A           223.7347471213574
  binding          quench/SF
  clip_frac        0.20809248554913296

Full evaluation history -> optimize/cmaes_history.csv
Best design            -> optimize/cmaes_results.csv
Appended 504 rows to cumulative master log -> optimize/cmaes_all_evaluations.csv

Figures -> /home/gerrityjack/fenicsx/Racetrack-Coil-Optimization/visualization/cmaes_convergence.png, cmaes_constraints.png, cmaes_variables.png, cmaes_overview.png
Cumulative parameter-space map -> visualization/cmaes_param_map.png (30704 evaluations, 87 runs)
