Starting CMA-ES: 11 variables, budget 400 evaluations, target B >= 10.0 T, uniformity <= 1.0%, hoop <= 400 MPa, coil-coil face gap >= 3 mm

Parallel mode: 6 worker processes per generation.
  [   1] INFEAS f=32326.640  a=15.0 b=8.7 gap=18.3 (face=4.5mm) n=[565, 729, 430, 147, 139, 167, 114, 94]  no evaluation (geometry pre-check)
  [   2] INFEAS f=34501.016  a=5.3 b=8.8 gap=23.2 (face=14.5mm) n=[161, 315, 463, 257, 123, 525, 93, 380]  no evaluation (geometry pre-check)
  [   3] INFEAS f=60849.919  a=3.6 b=24.9 gap=18.1 (face=4.1mm) n=[189, 292, 282, 286, 121, 252, 562, 635]  no evaluation (geometry pre-check)
  [   4] INFEAS f=4586.996  a=17.2 b=21.7 gap=17.5 (face=3.0mm) n=[419, 271, 96, 280, 530, 186, 334, 168]  no evaluation (geometry pre-check)
  [   5] INFEAS f=10279.623  a=19.0 b=25.7 gap=18.3 (face=4.7mm) n=[142, 670, 562, 551, 51, 288, 375, 463]  no evaluation (geometry pre-check)
  [   6] INFEAS f=4048.836  a=7.0 b=24.4 gap=24.2 (face=16.3mm) n=[230, 184, 88, 236, 159, 246, 148, 64]  no evaluation (geometry pre-check)
  [   7] INFEAS f=7485.882  a=19.0 b=15.6 gap=18.3 (face=4.5mm) n=[580, 238, 68, 259, 304, 228, 438, 353]  no evaluation (geometry pre-check)
  [   8] INFEAS f=59168.888  a=-0.4 b=-1.4 gap=19.0 (face=5.9mm) n=[463, 293, 148, 58, 109, 178, 506, 153]  no evaluation (geometry pre-check)
  [   9] INFEAS f=6598.156  a=13.6 b=20.1 gap=27.0 (face=22.1mm) n=[394, 76, 473, 383, 471, 259, 258, 75]  no evaluation (geometry pre-check)
  [  10] INFEAS f=25806.104  a=19.1 b=19.1 gap=18.4 (face=4.9mm) n=[648, 178, 181, 153, 706, 820, 294, 398]  no evaluation (geometry pre-check)
  [  11] INFEAS f=32504.204  a=1.9 b=16.7 gap=19.3 (face=6.7mm) n=[420, 238, 252, 152, 131, 239, 174, 126]  no evaluation (geometry pre-check)
  [  12] INFEAS f=69526.706  a=-1.0 b=30.1 gap=25.4 (face=18.8mm) n=[94, 59, 547, 291, 174, 207, 117, 239]  no evaluation (geometry pre-check)
  [  13] INFEAS f=7443.488  a=11.7 b=29.9 gap=24.4 (face=16.7mm) n=[222, 262, 52, 72, 435, 207, 165, 65]  no evaluation (geometry pre-check)
  [  14] INFEAS f=1029.646  a=19.0 b=28.8 gap=19.8 (face=7.7mm) n=[80, 288, 325, 425, 139, 440, 319, 101]  no evaluation (geometry pre-check)
  [  15] INFEAS f=5478.891  a=21.6 b=16.0 gap=19.3 (face=6.6mm) n=[57, 336, 404, 492, 219, 250, 153, 92]  no evaluation (geometry pre-check)
  [  16] INFEAS f=23980.486  a=8.5 b=18.6 gap=20.5 (face=9.0mm) n=[277, 275, 348, 531, 183, 134, 140, 200]  no evaluation (geometry pre-check)
  [  17] INFEAS f=65489.926  a=2.8 b=32.9 gap=18.5 (face=5.1mm) n=[636, 71, 397, 245, 379, 364, 166, 321]  no evaluation (geometry pre-check)
  [  18] INFEAS f=36058.595  a=8.1 b=30.3 gap=19.4 (face=6.8mm) n=[172, 65, 66, 287, 213, 375, 610, 129]  no evaluation (geometry pre-check)
  [  19] INFEAS f=15325.984  a=12.0 b=14.2 gap=21.4 (face=10.9mm) n=[539, 299, 250, 191, 500, 160, 388, 428]  no evaluation (geometry pre-check)
  [  20] INFEAS f=8911.875  a=13.4 b=15.9 gap=18.6 (face=5.1mm) n=[157, 164, 441, 452, 79, 247, 498, 159]  no evaluation (geometry pre-check)
  [  21] INFEAS f=33261.591  a=8.0 b=18.7 gap=19.3 (face=6.6mm) n=[309, 588, 188, 104, 185, 83, 140, 93]  no evaluation (geometry pre-check)
  [  22] INFEAS f=7311.007  a=8.4 b=46.6 gap=24.8 (face=17.5mm) n=[345, 314, 220, 245, 250, 121, 58, 342]  no evaluation (geometry pre-check)
  [  23] INFEAS f=11480.337  a=19.8 b=28.9 gap=18.0 (face=3.9mm) n=[480, 534, 344, 707, 297, 599, 60, 56]  no evaluation (geometry pre-check)
  [  24] viol   f=  13.873  a=16.9 b=30.7 gap=20.0 (face=8.0mm) n=[210, 111, 313, 172, 172, 131, 196, 147]  tape=0.273km B=8.40T unif=1.206% hoop=88MPa
  [  25] viol   f=1022.040  a=30.4 b=36.5 gap=26.0 (face=20.1mm) n=[118, 411, 321, 279, 122, 312, 298, 135]  tape=0.486km B=8.56T unif=3.255% hoop=155MPa
  [  26] INFEAS f=59320.489  a=2.2 b=15.7 gap=21.9 (face=11.7mm) n=[177, 407, 292, 518, 298, 389, 589, 264]  no evaluation (geometry pre-check)
  [  27] INFEAS f=3374.633  a=18.4 b=18.3 gap=19.3 (face=6.6mm) n=[183, 113, 301, 292, 145, 503, 93, 246]  no evaluation (geometry pre-check)
  [  28] INFEAS f=37096.270  a=16.3 b=33.1 gap=20.3 (face=8.7mm) n=[375, 50, 149, 834, 179, 87, 451, 485]  no evaluation (geometry pre-check)
  [  29] INFEAS f=15116.719  a=13.1 b=14.5 gap=19.6 (face=7.2mm) n=[61, 187, 564, 210, 110, 98, 91, 53]  no evaluation (geometry pre-check)
  [  30] INFEAS f=4104.833  a=24.1 b=20.3 gap=20.5 (face=9.0mm) n=[168, 107, 311, 201, 328, 259, 164, 268]  no evaluation (geometry pre-check)
  [  31] INFEAS f=3192.960  a=20.5 b=18.1 gap=17.6 (face=3.3mm) n=[184, 400, 281, 81, 217, 469, 148, 162]  no evaluation (geometry pre-check)
  [  32] INFEAS f=12948.926  a=9.9 b=11.0 gap=22.4 (face=12.8mm) n=[434, 379, 281, 55, 366, 454, 154, 53]  no evaluation (geometry pre-check)
  [  33] INFEAS f=18109.080  a=7.6 b=30.1 gap=21.2 (face=10.4mm) n=[85, 306, 215, 346, 454, 272, 372, 238]  no evaluation (geometry pre-check)
  [  34] viol   f=  86.518  a=27.5 b=40.9 gap=19.7 (face=7.4mm) n=[372, 65, 204, 77, 237, 256, 369, 306]  tape=0.465km B=9.07T unif=1.649% hoop=144MPa
  [  35] INFEAS f=1277.612  a=24.5 b=26.9 gap=17.6 (face=3.2mm) n=[119, 61, 451, 56, 121, 204, 260, 107]  no evaluation (geometry pre-check)
  [  36] INFEAS f=15642.879  a=5.5 b=19.0 gap=17.5 (face=3.1mm) n=[147, 122, 223, 373, 84, 250, 216, 232]  no evaluation (geometry pre-check)
  [  37] INFEAS f=6760.468  a=16.9 b=9.9 gap=24.4 (face=16.7mm) n=[252, 181, 260, 205, 310, 57, 180, 50]  no evaluation (geometry pre-check)
  [  38] INFEAS f=2679.729  a=28.6 b=27.2 gap=17.7 (face=3.3mm) n=[113, 190, 449, 262, 452, 454, 399, 145]  no evaluation (geometry pre-check)
  [  39] viol   f=1552.459  a=22.2 b=27.8 gap=23.0 (face=14.1mm) n=[243, 197, 371, 124, 70, 503, 419, 422]  tape=0.455km B=9.35T unif=3.785% hoop=117MPa
  [  40] INFEAS f=6155.502  a=13.4 b=40.9 gap=17.7 (face=3.4mm) n=[78, 204, 337, 306, 285, 307, 225, 459]  no evaluation (geometry pre-check)
  [  41] INFEAS f=3834.345  a=21.9 b=18.6 gap=20.2 (face=8.4mm) n=[380, 478, 250, 298, 527, 50, 291, 127]  no evaluation (geometry pre-check)
  [  42] INFEAS f=2671.107  a=18.7 b=17.2 gap=22.1 (face=12.2mm) n=[212, 111, 295, 57, 186, 294, 309, 89]  no evaluation (geometry pre-check)
  [  43] INFEAS f=6452.002  a=21.3 b=14.6 gap=20.9 (face=9.8mm) n=[110, 131, 479, 211, 95, 262, 306, 155]  no evaluation (geometry pre-check)
  [  44] INFEAS f=3817.918  a=20.3 b=32.9 gap=21.9 (face=11.8mm) n=[67, 177, 84, 158, 360, 595, 342, 277]  no evaluation (geometry pre-check)
  [  45] INFEAS f=2706.639  a=22.8 b=29.0 gap=18.7 (face=5.5mm) n=[325, 99, 336, 520, 150, 632, 140, 291]  no evaluation (geometry pre-check)
  [  46] INFEAS f=1552.502  a=21.7 b=29.7 gap=20.7 (face=9.4mm) n=[424, 236, 375, 158, 171, 557, 196, 301]  no evaluation (geometry pre-check)
  [  47] INFEAS f=2071.674  a=33.0 b=32.8 gap=18.5 (face=5.1mm) n=[312, 457, 120, 100, 134, 332, 543, 134]  no evaluation (geometry pre-check)
  [  48] OK     f=   0.488  a=28.9 b=35.1 gap=18.4 (face=4.8mm) n=[417, 189, 420, 208, 87, 170, 278, 337]  tape=0.488km B=11.40T unif=0.642% hoop=155MPa
  [  49] INFEAS f=1100.131  a=23.1 b=41.6 gap=18.8 (face=5.7mm) n=[102, 213, 127, 561, 283, 160, 528, 245]  no evaluation (geometry pre-check)
  [  50] INFEAS f=2763.822  a=16.5 b=40.1 gap=20.8 (face=9.6mm) n=[119, 195, 134, 370, 405, 142, 466, 171]  no evaluation (geometry pre-check)
  [  51] INFEAS f=1376.081  a=35.3 b=37.3 gap=23.5 (face=15.0mm) n=[404, 134, 532, 306, 176, 136, 351, 128]  no evaluation (geometry pre-check)
  [  52] OK     f=   0.761  a=36.2 b=45.4 gap=19.5 (face=6.9mm) n=[50, 233, 540, 381, 535, 514, 294, 81]  tape=0.761km B=12.07T unif=0.349% hoop=215MPa
  [  53] INFEAS f=1762.775  a=20.9 b=32.4 gap=23.1 (face=14.3mm) n=[547, 205, 345, 387, 456, 234, 353, 367]  no evaluation (geometry pre-check)
  [  54] INFEAS f=3152.961  a=21.1 b=43.9 gap=17.5 (face=3.0mm) n=[108, 81, 240, 147, 387, 491, 209, 601]  no evaluation (geometry pre-check)
  [  55] viol   f=   0.675  a=28.7 b=46.2 gap=19.1 (face=6.2mm) n=[263, 237, 402, 449, 218, 70, 418, 360]  tape=0.661km B=11.44T unif=1.008% hoop=188MPa
  [  56] INFEAS f=22843.460  a=21.8 b=35.3 gap=18.7 (face=5.4mm) n=[876, 156, 233, 473, 874, 92, 110, 308]  no evaluation (geometry pre-check)
  [  57] INFEAS f=1721.283  a=20.3 b=42.1 gap=19.1 (face=6.3mm) n=[160, 175, 437, 246, 297, 216, 400, 528]  no evaluation (geometry pre-check)
  [  58] OK     f=   0.561  a=26.3 b=35.3 gap=18.4 (face=4.9mm) n=[203, 263, 242, 283, 364, 454, 309, 289]  tape=0.561km B=11.58T unif=0.136% hoop=186MPa
  [  59] INFEAS f=6598.151  a=24.1 b=17.6 gap=18.8 (face=5.6mm) n=[606, 395, 401, 292, 366, 514, 63, 281]  no evaluation (geometry pre-check)
  [  60] viol   f=  13.561  a=27.7 b=60.1 gap=17.5 (face=3.1mm) n=[174, 369, 541, 212, 172, 405, 54, 120]  tape=0.714km B=9.88T unif=1.253% hoop=173MPa
  [  61] viol   f=  14.556  a=31.9 b=44.6 gap=25.3 (face=18.5mm) n=[219, 64, 546, 189, 63, 103, 276, 627]  tape=0.628km B=7.38T unif=1.032% hoop=132MPa
  [  62] viol   f= 116.717  a=22.1 b=46.5 gap=18.7 (face=5.5mm) n=[397, 107, 409, 467, 388, 88, 314, 215]  tape=0.624km B=13.08T unif=1.762% hoop=132MPa
  [  63] viol   f=   5.907  a=21.1 b=41.1 gap=18.9 (face=5.7mm) n=[119, 145, 265, 421, 185, 134, 170, 300]  tape=0.435km B=8.35T unif=0.725% hoop=119MPa
  [  64] INFEAS f=3327.648  a=29.7 b=46.3 gap=24.2 (face=16.4mm) n=[407, 203, 834, 113, 93, 281, 354, 201]  no evaluation (geometry pre-check)
  [  65] OK     f=   0.637  a=29.6 b=41.0 gap=18.9 (face=5.8mm) n=[123, 216, 140, 459, 581, 216, 341, 177]  tape=0.637km B=10.09T unif=0.613% hoop=162MPa
  [  66] INFEAS f=16211.411  a=23.0 b=40.9 gap=20.7 (face=9.3mm) n=[325, 845, 158, 422, 683, 189, 127, 484]  no evaluation (geometry pre-check)
  [  67] INFEAS f=10876.290  a=27.3 b=46.6 gap=28.7 (face=25.4mm) n=[240, 446, 430, 460, 900, 245, 501, 156]  no evaluation (geometry pre-check)
  [  68] INFEAS f=6264.427  a=40.1 b=33.6 gap=17.5 (face=3.1mm) n=[175, 77, 480, 442, 87, 116, 818, 118]  no evaluation (geometry pre-check)
  [  69] OK     f=   0.442  a=27.4 b=33.9 gap=17.6 (face=3.1mm) n=[229, 270, 360, 351, 52, 360, 224, 222]  tape=0.442km B=11.46T unif=0.375% hoop=161MPa
  [  70] viol   f=   1.566  a=31.6 b=43.8 gap=22.9 (face=13.8mm) n=[248, 82, 564, 325, 246, 337, 218, 142]  tape=0.649km B=9.32T unif=0.419% hoop=187MPa
  [  71] viol   f= 526.989  a=32.8 b=38.4 gap=18.6 (face=5.1mm) n=[321, 194, 233, 129, 283, 183, 83, 271]  tape=0.420km B=8.80T unif=2.618% hoop=171MPa
  [  72] viol   f=   5.509  a=24.1 b=32.9 gap=17.5 (face=3.1mm) n=[140, 193, 225, 265, 137, 418, 179, 96]  tape=0.374km B=8.40T unif=0.226% hoop=143MPa
  [  73] INFEAS f=5302.280  a=26.6 b=21.2 gap=17.5 (face=3.1mm) n=[242, 386, 226, 313, 80, 406, 286, 71]  no evaluation (geometry pre-check)
  [  74] INFEAS f=1000.036  a=24.3 b=32.7 gap=17.5 (face=3.1mm) n=[68, 569, 374, 404, 123, 440, 282, 256]  no evaluation (geometry pre-check)
  [  75] INFEAS f=6552.556  a=17.3 b=40.9 gap=17.6 (face=3.2mm) n=[407, 380, 72, 571, 503, 435, 126, 96]  no evaluation (geometry pre-check)
  [  76] viol   f=  19.135  a=33.4 b=43.8 gap=22.1 (face=12.2mm) n=[144, 165, 126, 513, 193, 149, 234, 164]  tape=0.518km B=6.95T unif=0.530% hoop=169MPa
  [  77] viol   f= 454.788  a=35.8 b=43.9 gap=17.5 (face=3.0mm) n=[75, 112, 432, 398, 179, 100, 188, 133]  tape=0.473km B=8.17T unif=2.496% hoop=150MPa
  [  78] INFEAS f=4988.231  a=21.2 b=52.4 gap=19.7 (face=7.4mm) n=[289, 261, 465, 646, 164, 351, 322, 167]  no evaluation (geometry pre-check)
  [  79] viol   f= 809.802  a=32.8 b=39.2 gap=18.2 (face=4.3mm) n=[96, 673, 413, 241, 265, 190, 206, 223]  tape=0.691km B=11.62T unif=3.011% hoop=235MPa
  [  80] INFEAS f=7963.195  a=20.7 b=49.0 gap=18.5 (face=5.0mm) n=[71, 448, 684, 498, 72, 464, 292, 338]  no evaluation (geometry pre-check)
  [  81] INFEAS f=1001.713  a=22.8 b=34.5 gap=18.1 (face=4.1mm) n=[467, 223, 118, 530, 233, 141, 262, 290]  no evaluation (geometry pre-check)
  [  82] INFEAS f=13386.373  a=17.8 b=41.9 gap=18.8 (face=5.6mm) n=[106, 119, 676, 424, 144, 162, 499, 238]  no evaluation (geometry pre-check)
  [  83] viol   f=  16.607  a=19.1 b=53.9 gap=17.7 (face=3.4mm) n=[170, 265, 142, 251, 291, 57, 163, 172]  tape=0.418km B=8.21T unif=1.221% hoop=94MPa
  [  84] viol   f=   2.079  a=33.9 b=49.5 gap=18.9 (face=5.8mm) n=[132, 74, 227, 667, 299, 415, 207, 187]  tape=0.753km B=9.19T unif=0.711% hoop=197MPa
  [  85] viol   f=   0.717  a=28.6 b=46.8 gap=19.5 (face=6.9mm) n=[68, 76, 424, 539, 139, 179, 392, 541]  tape=0.665km B=9.84T unif=0.526% hoop=142MPa
  [  86] INFEAS f=5687.249  a=41.1 b=35.2 gap=18.6 (face=5.2mm) n=[443, 275, 416, 259, 54, 178, 412, 189]  no evaluation (geometry pre-check)
  [  87] INFEAS f=12753.052  a=17.9 b=33.9 gap=24.1 (face=16.2mm) n=[411, 182, 223, 671, 189, 378, 337, 85]  no evaluation (geometry pre-check)
  [  88] INFEAS f=1937.122  a=30.9 b=31.0 gap=17.5 (face=3.0mm) n=[51, 137, 633, 441, 402, 204, 365, 187]  no evaluation (geometry pre-check)
  [  89] INFEAS f=1813.256  a=18.8 b=55.7 gap=18.7 (face=5.3mm) n=[494, 75, 135, 301, 192, 313, 82, 439]  no evaluation (geometry pre-check)
  [  90] INFEAS f=1203.398  a=30.3 b=33.5 gap=17.8 (face=3.6mm) n=[163, 190, 749, 406, 303, 259, 290, 185]  no evaluation (geometry pre-check)
  [  91] viol   f=1909.406  a=22.9 b=29.5 gap=18.8 (face=5.7mm) n=[154, 303, 360, 357, 281, 347, 120, 222]  tape=0.398km B=12.17T unif=4.090% hoop=125MPa
  [  92] viol   f=  65.908  a=33.1 b=42.1 gap=19.2 (face=6.4mm) n=[134, 170, 248, 619, 153, 236, 406, 85]  tape=0.625km B=8.76T unif=1.558% hoop=178MPa
  [  93] INFEAS f=1702.819  a=33.4 b=34.4 gap=22.9 (face=13.8mm) n=[363, 248, 319, 831, 107, 74, 86, 52]  no evaluation (geometry pre-check)
  [  94] viol   f=  36.551  a=26.9 b=55.7 gap=20.7 (face=9.3mm) n=[200, 452, 595, 424, 65, 68, 236, 335]  tape=0.783km B=10.87T unif=1.423% hoop=163MPa
  [  95] OK     f=   0.750  a=33.8 b=43.2 gap=17.7 (face=3.3mm) n=[142, 356, 522, 277, 259, 586, 304, 102]  tape=0.750km B=11.86T unif=0.754% hoop=237MPa
  [  96] viol   f=   7.180  a=28.1 b=47.1 gap=20.6 (face=9.3mm) n=[202, 170, 376, 50, 205, 157, 384, 364]  tape=0.523km B=8.18T unif=0.609% hoop=140MPa
  [  97] INFEAS f=18343.889  a=24.3 b=47.9 gap=18.3 (face=4.5mm) n=[372, 198, 581, 900, 116, 265, 182, 546]  no evaluation (geometry pre-check)
  [  98] viol   f=   1.801  a=33.6 b=56.0 gap=17.8 (face=3.5mm) n=[112, 96, 388, 673, 51, 251, 187, 538]  tape=0.815km B=9.30T unif=1.000% hoop=183MPa
  [  99] INFEAS f=48632.850  a=12.3 b=41.4 gap=29.9 (face=27.9mm) n=[131, 444, 638, 304, 351, 158, 178, 801]  no evaluation (geometry pre-check)
  [ 100] OK     f=   1.222  a=40.2 b=55.7 gap=18.4 (face=4.8mm) n=[194, 479, 54, 888, 350, 686, 381, 114]  tape=1.222km B=12.18T unif=0.543% hoop=272MPa
  [ 101] INFEAS f=5187.590  a=28.8 b=73.2 gap=19.6 (face=7.3mm) n=[115, 398, 408, 853, 85, 356, 216, 141]  no evaluation (geometry pre-check)
  [ 102] viol   f=   2.954  a=33.1 b=54.1 gap=23.1 (face=14.1mm) n=[442, 85, 558, 276, 164, 263, 226, 371]  tape=0.804km B=9.91T unif=1.103% hoop=196MPa
  [ 103] viol   f=  43.359  a=37.4 b=61.7 gap=17.7 (face=3.4mm) n=[187, 68, 615, 397, 176, 439, 202, 136]  tape=0.857km B=9.37T unif=1.457% hoop=215MPa
  [ 104] viol   f= 111.392  a=34.5 b=57.6 gap=18.2 (face=4.4mm) n=[92, 378, 84, 813, 123, 466, 533, 179]  tape=1.014km B=10.42T unif=1.743% hoop=209MPa
  [ 105] INFEAS f=6262.696  a=38.7 b=32.2 gap=18.0 (face=3.9mm) n=[519, 621, 420, 646, 206, 206, 414, 340]  no evaluation (geometry pre-check)
  [ 106] INFEAS f=1056.348  a=19.7 b=41.3 gap=17.7 (face=3.3mm) n=[419, 293, 340, 464, 258, 271, 113, 408]  no evaluation (geometry pre-check)
  [ 107] INFEAS f=13979.387  a=21.9 b=48.6 gap=18.8 (face=5.6mm) n=[305, 51, 730, 791, 185, 623, 136, 385]  no evaluation (geometry pre-check)
  [ 108] OK     f=   1.105  a=39.7 b=49.6 gap=17.5 (face=3.1mm) n=[490, 257, 881, 550, 102, 180, 395, 129]  tape=1.105km B=12.96T unif=0.534% hoop=299MPa
  [ 109] OK     f=   0.745  a=26.4 b=49.8 gap=18.5 (face=5.0mm) n=[113, 205, 156, 342, 422, 549, 414, 273]  tape=0.745km B=10.39T unif=0.628% hoop=174MPa
  [ 110] INFEAS f=1068.608  a=38.0 b=41.7 gap=17.5 (face=3.0mm) n=[232, 469, 256, 680, 148, 448, 203, 185]  no evaluation (geometry pre-check)
  [ 111] viol   f=   1.518  a=35.5 b=61.6 gap=17.9 (face=3.7mm) n=[422, 644, 224, 665, 360, 734, 641, 112]  tape=1.390km B=16.03T unif=1.025% hoop=309MPa
  [ 112] INFEAS f=4944.685  a=28.2 b=56.2 gap=21.3 (face=10.7mm) n=[50, 327, 103, 439, 185, 831, 343, 102]  no evaluation (geometry pre-check)
  [ 113] viol   f= 289.007  a=31.1 b=54.5 gap=17.5 (face=3.0mm) n=[602, 84, 352, 566, 223, 107, 89, 204]  tape=0.742km B=11.61T unif=2.201% hoop=184MPa
  [ 114] INFEAS f=10807.200  a=27.2 b=48.5 gap=18.9 (face=5.9mm) n=[319, 896, 313, 799, 438, 335, 353, 113]  no evaluation (geometry pre-check)
  [ 115] viol   f= 112.257  a=40.5 b=57.0 gap=19.1 (face=6.3mm) n=[523, 132, 408, 443, 343, 302, 277, 561]  tape=1.058km B=12.39T unif=1.746% hoop=292MPa
  [ 116] OK     f=   0.689  a=33.3 b=46.8 gap=18.9 (face=5.8mm) n=[150, 222, 352, 325, 502, 486, 150, 133]  tape=0.689km B=10.37T unif=0.465% hoop=212MPa
  [ 117] viol   f=  78.312  a=34.5 b=55.5 gap=18.5 (face=5.0mm) n=[260, 260, 479, 483, 214, 413, 79, 71]  tape=0.742km B=10.71T unif=1.623% hoop=220MPa
  [ 118] OK     f=   1.070  a=32.6 b=49.1 gap=17.6 (face=3.2mm) n=[50, 162, 646, 506, 686, 451, 735, 217]  tape=1.070km B=15.16T unif=0.830% hoop=238MPa
  [ 119] viol   f= 134.075  a=31.7 b=45.4 gap=19.2 (face=6.4mm) n=[672, 106, 115, 301, 231, 441, 422, 85]  tape=0.743km B=11.52T unif=1.816% hoop=193MPa
  [ 120] OK     f=   1.032  a=40.0 b=47.0 gap=17.6 (face=3.1mm) n=[275, 184, 397, 170, 289, 520, 534, 706]  tape=1.032km B=11.76T unif=0.071% hoop=273MPa
  [ 121] viol   f=   1.479  a=38.1 b=56.2 gap=17.8 (face=3.5mm) n=[339, 292, 296, 758, 193, 426, 104, 93]  tape=0.967km B=10.22T unif=1.051% hoop=340MPa
  [ 122] INFEAS f=1056.297  a=41.8 b=45.6 gap=17.5 (face=3.1mm) n=[97, 500, 258, 281, 146, 487, 537, 290]  no evaluation (geometry pre-check)
  [ 123] INFEAS f=2254.631  a=31.0 b=30.4 gap=17.5 (face=3.0mm) n=[288, 536, 258, 140, 424, 495, 393, 423]  no evaluation (geometry pre-check)
  [ 124] INFEAS f=1555.478  a=22.8 b=37.4 gap=20.2 (face=8.3mm) n=[109, 263, 588, 145, 491, 573, 215, 186]  no evaluation (geometry pre-check)
  [ 125] viol   f= 362.463  a=36.7 b=45.3 gap=21.5 (face=11.1mm) n=[58, 60, 105, 198, 99, 686, 483, 326]  tape=0.653km B=7.01T unif=2.311% hoop=155MPa
  [ 126] INFEAS f=3513.295  a=46.2 b=43.2 gap=17.5 (face=3.0mm) n=[97, 252, 397, 536, 615, 244, 768, 420]  no evaluation (geometry pre-check)
  [ 127] viol   f=  15.813  a=31.6 b=44.1 gap=19.5 (face=6.9mm) n=[126, 124, 84, 327, 280, 303, 126, 193]  tape=0.422km B=7.23T unif=0.467% hoop=145MPa
  [ 128] INFEAS f=1003.327  a=45.6 b=50.3 gap=17.6 (face=3.1mm) n=[139, 117, 608, 95, 87, 835, 104, 523]  no evaluation (geometry pre-check)
  [ 129] viol   f=  13.881  a=36.1 b=50.6 gap=17.9 (face=3.9mm) n=[214, 345, 615, 500, 408, 228, 258, 570]  tape=1.017km B=13.93T unif=1.254% hoop=270MPa
  [ 130] INFEAS f=1032.354  a=48.5 b=52.6 gap=17.5 (face=3.0mm) n=[248, 216, 581, 536, 451, 711, 501, 387]  no evaluation (geometry pre-check)
  [ 131] viol   f=  35.022  a=36.1 b=60.2 gap=17.5 (face=3.0mm) n=[295, 122, 363, 285, 584, 111, 222, 77]  tape=0.778km B=8.64T unif=1.391% hoop=228MPa
  [ 132] viol   f=  29.897  a=38.9 b=60.8 gap=18.3 (face=4.5mm) n=[174, 144, 895, 289, 92, 273, 227, 189]  tape=0.979km B=8.98T unif=1.366% hoop=262MPa
  [ 133] viol   f= 810.601  a=39.7 b=55.0 gap=18.5 (face=5.0mm) n=[656, 493, 432, 133, 108, 263, 124, 442]  tape=0.958km B=12.19T unif=3.012% hoop=259MPa
  [ 134] viol   f= 452.880  a=25.5 b=42.0 gap=18.8 (face=5.5mm) n=[235, 480, 448, 298, 100, 174, 103, 217]  tape=0.539km B=11.82T unif=2.504% hoop=152MPa
  [ 135] viol   f=  46.066  a=33.8 b=64.3 gap=18.0 (face=4.0mm) n=[66, 262, 577, 115, 125, 176, 156, 369]  tape=0.720km B=7.61T unif=1.412% hoop=175MPa
  [ 136] viol   f=  34.026  a=23.2 b=44.2 gap=18.7 (face=5.5mm) n=[152, 108, 132, 111, 230, 141, 352, 50]  tape=0.337km B=5.90T unif=0.721% hoop=115MPa
  [ 137] INFEAS f=3140.439  a=27.7 b=43.3 gap=22.2 (face=12.4mm) n=[459, 363, 775, 285, 214, 101, 334, 115]  no evaluation (geometry pre-check)
  [ 138] viol   f=   5.608  a=27.2 b=52.5 gap=20.8 (face=9.6mm) n=[261, 362, 327, 510, 172, 167, 119, 287]  tape=0.695km B=10.12T unif=1.157% hoop=177MPa
  [ 139] viol   f=   1.305  a=39.6 b=52.8 gap=17.8 (face=3.6mm) n=[172, 152, 541, 235, 288, 210, 457, 508]  tape=0.865km B=10.55T unif=1.047% hoop=251MPa
  [ 140] viol   f=  24.076  a=38.0 b=44.6 gap=17.5 (face=3.0mm) n=[244, 143, 441, 513, 85, 109, 96, 389]  tape=0.611km B=9.49T unif=1.339% hoop=191MPa
  [ 141] viol   f=  12.065  a=33.6 b=59.2 gap=17.7 (face=3.4mm) n=[315, 98, 351, 376, 283, 56, 53, 595]  tape=0.774km B=8.52T unif=1.186% hoop=218MPa
  [ 142] viol   f=  12.537  a=29.9 b=47.3 gap=17.6 (face=3.2mm) n=[164, 154, 493, 312, 345, 235, 256, 457]  tape=0.705km B=11.21T unif=1.243% hoop=198MPa
  [ 143] viol   f= 475.434  a=42.7 b=50.2 gap=17.5 (face=3.0mm) n=[129, 407, 532, 235, 327, 252, 257, 230]  tape=0.812km B=10.63T unif=2.540% hoop=286MPa
  [ 144] viol   f=   1.656  a=35.5 b=59.2 gap=17.6 (face=3.2mm) n=[79, 216, 583, 179, 307, 280, 77, 620]  tape=0.854km B=9.37T unif=0.962% hoop=223MPa
  [ 145] viol   f=   0.964  a=39.5 b=49.5 gap=19.7 (face=7.3mm) n=[177, 113, 447, 776, 191, 152, 223, 445]  tape=0.917km B=9.85T unif=0.614% hoop=221MPa
  [ 146] viol   f=   4.437  a=42.7 b=57.8 gap=21.8 (face=11.6mm) n=[125, 109, 368, 544, 88, 491, 239, 358]  tape=0.850km B=8.66T unif=0.633% hoop=212MPa
  [ 147] viol   f= 103.131  a=38.1 b=60.2 gap=17.5 (face=3.0mm) n=[285, 495, 376, 92, 301, 127, 325, 458]  tape=0.881km B=10.62T unif=1.715% hoop=251MPa
  [ 148] viol   f=  72.093  a=30.2 b=42.3 gap=17.9 (face=3.7mm) n=[214, 97, 368, 283, 294, 166, 107, 276]  tape=0.475km B=9.21T unif=1.593% hoop=165MPa
  [ 149] viol   f=   2.728  a=29.6 b=43.8 gap=19.8 (face=7.5mm) n=[83, 312, 377, 463, 71, 124, 199, 239]  tape=0.521km B=9.00T unif=1.031% hoop=152MPa
  [ 150] viol   f=  24.355  a=34.9 b=64.2 gap=17.5 (face=3.1mm) n=[239, 89, 219, 254, 64, 231, 443, 142]  tape=0.635km B=6.69T unif=1.096% hoop=198MPa
  [ 151] INFEAS f=1125.000  a=29.2 b=46.6 gap=19.6 (face=7.2mm) n=[249, 365, 387, 726, 173, 90, 321, 551]  no evaluation (geometry pre-check)
  [ 152] INFEAS f=1322.571  a=27.7 b=29.9 gap=17.8 (face=3.6mm) n=[299, 232, 602, 123, 418, 207, 249, 460]  no evaluation (geometry pre-check)
  [ 153] viol   f=   4.817  a=36.6 b=64.1 gap=17.8 (face=3.5mm) n=[64, 113, 501, 220, 208, 226, 413, 744]  tape=1.016km B=8.62T unif=0.725% hoop=259MPa
  [ 154] OK     f=   1.357  a=39.0 b=56.6 gap=22.5 (face=13.1mm) n=[297, 75, 452, 229, 490, 335, 762, 882]  tape=1.357km B=11.15T unif=0.230% hoop=270MPa
  [ 155] INFEAS f=1062.459  a=44.6 b=48.3 gap=17.6 (face=3.1mm) n=[132, 69, 635, 649, 176, 320, 446, 123]  no evaluation (geometry pre-check)
  [ 156] viol   f=3385.811  a=33.3 b=41.5 gap=25.9 (face=19.8mm) n=[139, 55, 697, 653, 350, 150, 50, 397]  tape=0.720km B=9.57T unif=5.114% hoop=161MPa
  [ 157] viol   f=   1.169  a=46.7 b=58.3 gap=19.8 (face=7.6mm) n=[91, 60, 519, 851, 64, 505, 245, 355]  tape=1.112km B=9.83T unif=0.326% hoop=259MPa
  [ 158] OK     f=   1.307  a=33.1 b=67.3 gap=22.0 (face=12.0mm) n=[253, 262, 598, 204, 654, 467, 420, 536]  tape=1.307km B=12.63T unif=0.898% hoop=267MPa
  [ 159] OK     f=   1.230  a=44.0 b=52.6 gap=19.1 (face=6.3mm) n=[186, 170, 384, 101, 672, 299, 447, 895]  tape=1.230km B=10.61T unif=0.117% hoop=267MPa
  [ 160] INFEAS f=1161.597  a=35.4 b=52.5 gap=17.5 (face=3.0mm) n=[200, 52, 263, 424, 304, 188, 472, 895]  no evaluation (geometry pre-check)
  [ 161] viol   f=  38.222  a=35.0 b=52.4 gap=17.6 (face=3.1mm) n=[287, 129, 704, 647, 376, 525, 410, 625]  tape=1.217km B=16.51T unif=1.430% hoop=269MPa
  [ 162] OK     f=   1.223  a=38.0 b=67.5 gap=19.3 (face=6.6mm) n=[180, 136, 815, 419, 537, 73, 67, 759]  tape=1.223km B=11.31T unif=0.410% hoop=244MPa
  [ 163] OK     f=   1.220  a=40.2 b=57.0 gap=17.5 (face=3.1mm) n=[179, 107, 570, 738, 252, 140, 525, 786]  tape=1.220km B=12.65T unif=0.705% hoop=251MPa
  [ 164] OK     f=   1.011  a=35.4 b=50.9 gap=25.7 (face=19.4mm) n=[561, 91, 455, 592, 206, 183, 97, 772]  tape=1.011km B=10.67T unif=0.808% hoop=207MPa
  [ 165] OK     f=   1.008  a=35.8 b=44.5 gap=22.6 (face=13.2mm) n=[72, 277, 520, 432, 494, 70, 555, 768]  tape=1.008km B=10.99T unif=0.490% hoop=220MPa
  [ 166] OK     f=   1.486  a=51.1 b=56.6 gap=20.0 (face=7.9mm) n=[206, 329, 609, 765, 299, 436, 98, 884]  tape=1.486km B=12.64T unif=0.494% hoop=342MPa
  [ 167] INFEAS f=20072.374  a=21.2 b=45.5 gap=18.0 (face=3.9mm) n=[361, 96, 294, 834, 78, 155, 353, 453]  no evaluation (geometry pre-check)
  [ 168] INFEAS f=1473.479  a=33.7 b=48.6 gap=20.8 (face=9.7mm) n=[873, 433, 654, 656, 102, 77, 244, 666]  no evaluation (geometry pre-check)
  [ 169] OK     f=   1.171  a=42.6 b=52.2 gap=19.2 (face=6.5mm) n=[194, 84, 686, 899, 578, 58, 187, 429]  tape=1.171km B=12.49T unif=0.352% hoop=260MPa
  [ 170] OK     f=   1.481  a=43.4 b=61.2 gap=25.4 (face=18.9mm) n=[354, 364, 573, 598, 420, 205, 332, 791]  tape=1.481km B=11.78T unif=0.602% hoop=373MPa
  [ 171] OK     f=   1.325  a=46.7 b=52.6 gap=19.5 (face=7.0mm) n=[153, 238, 757, 879, 326, 302, 174, 608]  tape=1.325km B=13.51T unif=0.357% hoop=316MPa
  [ 172] OK     f=   1.535  a=53.0 b=60.7 gap=28.3 (face=24.7mm) n=[60, 87, 892, 696, 263, 276, 549, 887]  tape=1.535km B=10.78T unif=0.968% hoop=277MPa
  [ 173] OK     f=   0.808  a=34.8 b=46.7 gap=19.2 (face=6.4mm) n=[165, 61, 265, 635, 259, 298, 646, 243]  tape=0.808km B=10.47T unif=0.711% hoop=216MPa
  [ 174] OK     f=   1.387  a=38.1 b=53.8 gap=21.9 (face=11.9mm) n=[572, 111, 424, 561, 875, 430, 237, 478]  tape=1.387km B=13.61T unif=0.626% hoop=304MPa
  [ 175] OK     f=   1.070  a=33.6 b=51.4 gap=29.6 (face=27.3mm) n=[482, 353, 639, 655, 246, 161, 207, 648]  tape=1.070km B=11.37T unif=0.979% hoop=194MPa
  [ 176] INFEAS f=1710.428  a=32.4 b=54.4 gap=21.8 (face=11.6mm) n=[458, 51, 662, 852, 302, 480, 201, 492]  no evaluation (geometry pre-check)
  [ 177] INFEAS f=24105.699  a=18.1 b=37.1 gap=17.6 (face=3.3mm) n=[308, 105, 69, 682, 735, 131, 472, 787]  no evaluation (geometry pre-check)
  [ 178] OK     f=   0.883  a=30.0 b=57.4 gap=17.5 (face=3.1mm) n=[148, 266, 239, 660, 77, 99, 482, 592]  tape=0.883km B=10.32T unif=0.986% hoop=216MPa
  [ 179] OK     f=   0.987  a=42.7 b=56.0 gap=18.8 (face=5.6mm) n=[77, 355, 444, 675, 131, 203, 210, 533]  tape=0.987km B=10.32T unif=0.964% hoop=266MPa
  [ 180] INFEAS f=13131.737  a=25.6 b=33.7 gap=19.9 (face=7.9mm) n=[436, 56, 262, 880, 349, 58, 217, 828]  no evaluation (geometry pre-check)
  [ 181] OK     f=   0.812  a=26.2 b=46.3 gap=23.7 (face=15.4mm) n=[233, 362, 553, 581, 234, 109, 459, 354]  tape=0.812km B=11.89T unif=0.614% hoop=173MPa
  [ 182] viol   f=  20.359  a=37.5 b=54.3 gap=18.2 (face=4.3mm) n=[181, 52, 777, 224, 443, 223, 273, 578]  tape=1.020km B=11.10T unif=1.311% hoop=225MPa
  [ 183] viol   f= 530.178  a=33.9 b=43.5 gap=25.2 (face=18.4mm) n=[313, 118, 645, 712, 221, 361, 538, 437]  tape=1.002km B=12.37T unif=2.627% hoop=201MPa
  [ 184] INFEAS f=1472.569  a=28.9 b=46.4 gap=25.0 (face=18.1mm) n=[121, 301, 649, 745, 555, 178, 205, 612]  no evaluation (geometry pre-check)
  [ 185] OK     f=   1.478  a=42.3 b=55.6 gap=17.7 (face=3.5mm) n=[490, 203, 363, 574, 408, 531, 236, 896]  tape=1.478km B=13.14T unif=0.839% hoop=374MPa
  [ 186] INFEAS f=6000.042  a=41.4 b=35.2 gap=18.9 (face=5.8mm) n=[375, 138, 440, 746, 96, 328, 317, 894]  no evaluation (geometry pre-check)
  [ 187] INFEAS f=1962.914  a=40.3 b=40.4 gap=20.0 (face=8.1mm) n=[152, 320, 195, 335, 373, 268, 63, 156]  no evaluation (geometry pre-check)
  [ 188] INFEAS f=2601.765  a=27.7 b=50.5 gap=17.6 (face=3.2mm) n=[439, 209, 313, 760, 121, 212, 130, 179]  no evaluation (geometry pre-check)
  [ 189] INFEAS f=9851.298  a=27.8 b=49.0 gap=19.3 (face=6.6mm) n=[267, 90, 473, 609, 233, 134, 371, 900]  no evaluation (geometry pre-check)
  [ 190] INFEAS f=7723.504  a=27.5 b=52.7 gap=18.7 (face=5.4mm) n=[485, 406, 525, 508, 352, 850, 277, 862]  no evaluation (geometry pre-check)
  [ 191] OK     f=   1.002  a=36.8 b=44.0 gap=20.3 (face=8.5mm) n=[316, 112, 667, 656, 280, 127, 114, 842]  tape=1.002km B=12.10T unif=0.356% hoop=201MPa
  [ 192] OK     f=   0.801  a=34.8 b=46.5 gap=20.4 (face=8.8mm) n=[90, 256, 541, 664, 154, 166, 67, 678]  tape=0.801km B=10.65T unif=0.449% hoop=180MPa
  [ 193] viol   f=  21.909  a=26.8 b=53.3 gap=19.2 (face=6.4mm) n=[273, 50, 516, 358, 179, 403, 174, 479]  tape=0.745km B=10.88T unif=1.325% hoop=162MPa
  [ 194] OK     f=   1.193  a=39.1 b=55.3 gap=21.4 (face=10.9mm) n=[266, 188, 648, 749, 405, 228, 69, 776]  tape=1.193km B=12.54T unif=0.496% hoop=245MPa
  [ 195] OK     f=   0.829  a=33.3 b=48.3 gap=22.1 (face=12.1mm) n=[380, 353, 441, 453, 179, 357, 290, 454]  tape=0.829km B=12.97T unif=0.929% hoop=221MPa
  [ 196] viol   f=  88.272  a=38.0 b=48.1 gap=17.7 (face=3.5mm) n=[437, 146, 869, 372, 140, 148, 142, 845]  tape=1.057km B=12.42T unif=1.660% hoop=214MPa
  [ 197] viol   f=  67.259  a=26.6 b=54.5 gap=20.0 (face=8.0mm) n=[124, 224, 576, 496, 160, 243, 176, 486]  tape=0.796km B=10.96T unif=1.576% hoop=164MPa
  [ 198] INFEAS f=3584.518  a=27.2 b=57.7 gap=18.7 (face=5.3mm) n=[300, 350, 531, 574, 109, 282, 103, 774]  no evaluation (geometry pre-check)
  [ 199] viol   f= 308.466  a=36.2 b=44.4 gap=27.0 (face=22.1mm) n=[229, 271, 578, 624, 150, 366, 238, 656]  tape=0.939km B=10.64T unif=2.240% hoop=199MPa
  [ 200] OK     f=   1.276  a=37.5 b=55.9 gap=24.6 (face=17.2mm) n=[238, 461, 374, 639, 84, 110, 546, 886]  tape=1.276km B=10.35T unif=0.201% hoop=248MPa
  [ 201] viol   f=1489.551  a=31.3 b=41.2 gap=27.3 (face=22.6mm) n=[60, 406, 626, 701, 181, 81, 147, 629]  tape=0.781km B=9.82T unif=3.728% hoop=152MPa
  [ 202] viol   f=  12.027  a=29.1 b=55.5 gap=27.2 (face=22.4mm) n=[137, 254, 439, 342, 62, 270, 265, 456]  tape=0.705km B=7.62T unif=0.338% hoop=154MPa
  [ 203] viol   f=   1.134  a=35.0 b=51.9 gap=18.2 (face=4.5mm) n=[168, 229, 663, 750, 131, 615, 188, 437]  tape=1.075km B=13.94T unif=1.017% hoop=223MPa
  [ 204] OK     f=   1.494  a=41.3 b=59.6 gap=25.2 (face=18.4mm) n=[276, 312, 869, 741, 320, 323, 195, 741]  tape=1.494km B=13.12T unif=0.324% hoop=364MPa
  [ 205] INFEAS f=1232.206  a=23.3 b=40.3 gap=17.6 (face=3.1mm) n=[345, 382, 580, 197, 231, 430, 296, 400]  no evaluation (geometry pre-check)
  [ 206] OK     f=   1.118  a=44.7 b=54.5 gap=18.7 (face=5.5mm) n=[301, 320, 518, 524, 74, 197, 84, 828]  tape=1.118km B=10.20T unif=0.879% hoop=336MPa
  [ 207] OK     f=   1.225  a=41.4 b=52.5 gap=17.5 (face=3.0mm) n=[168, 81, 776, 847, 240, 263, 227, 864]  tape=1.225km B=14.17T unif=0.631% hoop=274MPa
  [ 208] OK     f=   1.030  a=36.1 b=48.3 gap=18.4 (face=4.7mm) n=[260, 113, 712, 538, 354, 273, 363, 468]  tape=1.030km B=13.39T unif=0.790% hoop=257MPa
  [ 209] viol   f=  14.182  a=32.0 b=54.8 gap=25.0 (face=17.9mm) n=[66, 373, 324, 367, 77, 135, 164, 629]  tape=0.745km B=7.41T unif=0.539% hoop=182MPa
  [ 210] OK     f=   1.067  a=41.8 b=53.1 gap=21.2 (face=10.4mm) n=[220, 72, 557, 881, 64, 368, 104, 515]  tape=1.067km B=10.24T unif=0.472% hoop=227MPa
  [ 211] INFEAS f=1015.178  a=30.8 b=51.7 gap=22.6 (face=13.1mm) n=[284, 257, 750, 464, 140, 336, 254, 566]  no evaluation (geometry pre-check)
  [ 212] OK     f=   0.988  a=39.0 b=56.8 gap=18.6 (face=5.3mm) n=[84, 234, 713, 310, 158, 345, 216, 541]  tape=0.988km B=10.25T unif=0.959% hoop=243MPa
  [ 213] OK     f=   0.843  a=34.9 b=44.2 gap=17.6 (face=3.2mm) n=[137, 173, 652, 672, 88, 396, 149, 605]  tape=0.843km B=13.57T unif=0.547% hoop=193MPa
  [ 214] OK     f=   1.086  a=36.5 b=50.4 gap=18.3 (face=4.6mm) n=[505, 108, 621, 692, 237, 81, 133, 821]  tape=1.086km B=13.08T unif=0.893% hoop=256MPa
  [ 215] OK     f=   1.447  a=40.0 b=60.9 gap=20.5 (face=9.0mm) n=[156, 135, 732, 898, 430, 179, 371, 723]  tape=1.447km B=13.40T unif=0.897% hoop=273MPa
  [ 216] viol   f=   5.468  a=43.3 b=62.1 gap=24.7 (face=17.5mm) n=[199, 172, 683, 238, 204, 415, 159, 508]  tape=1.053km B=8.51T unif=0.664% hoop=226MPa
  [ 217] OK     f=   1.227  a=35.4 b=52.9 gap=18.2 (face=4.4mm) n=[209, 169, 737, 783, 277, 421, 297, 695]  tape=1.227km B=15.34T unif=0.828% hoop=261MPa
  [ 218] viol   f=  49.825  a=38.4 b=51.6 gap=17.9 (face=3.9mm) n=[286, 230, 502, 362, 273, 96, 187, 457]  tape=0.787km B=10.49T unif=1.495% hoop=253MPa
  [ 219] viol   f=  31.999  a=35.5 b=56.3 gap=18.3 (face=4.5mm) n=[550, 359, 637, 551, 75, 190, 133, 790]  tape=1.187km B=13.51T unif=1.393% hoop=291MPa
  [ 220] viol   f=  61.369  a=36.8 b=57.3 gap=18.1 (face=4.3mm) n=[216, 246, 781, 792, 88, 402, 162, 478]  tape=1.165km B=13.99T unif=1.549% hoop=245MPa
  [ 221] viol   f=  11.605  a=33.7 b=49.6 gap=18.3 (face=4.5mm) n=[50, 114, 609, 406, 51, 202, 238, 460]  tape=0.689km B=9.40T unif=1.226% hoop=168MPa
  [ 222] viol   f=   2.331  a=38.6 b=48.6 gap=20.8 (face=9.6mm) n=[445, 126, 867, 632, 190, 203, 211, 607]  tape=1.159km B=12.86T unif=1.077% hoop=220MPa
  [ 223] INFEAS f=1641.671  a=50.4 b=51.4 gap=19.5 (face=7.1mm) n=[106, 145, 720, 683, 169, 428, 208, 757]  no evaluation (geometry pre-check)
  [ 224] OK     f=   0.832  a=31.5 b=44.4 gap=17.8 (face=3.5mm) n=[334, 154, 665, 539, 395, 145, 68, 501]  tape=0.832km B=13.51T unif=0.491% hoop=219MPa
  [ 225] viol   f=  18.834  a=36.7 b=51.7 gap=18.1 (face=4.2mm) n=[93, 202, 690, 387, 50, 79, 127, 339]  tape=0.700km B=8.59T unif=1.266% hoop=181MPa
  [ 226] OK     f=   1.082  a=41.3 b=53.0 gap=17.6 (face=3.2mm) n=[290, 50, 719, 883, 55, 133, 168, 661]  tape=1.082km B=12.26T unif=0.660% hoop=218MPa
  [ 227] viol   f= 474.706  a=40.8 b=48.2 gap=18.0 (face=4.1mm) n=[417, 99, 433, 900, 149, 255, 74, 793]  tape=1.105km B=11.89T unif=2.539% hoop=228MPa
  [ 228] OK     f=   1.331  a=45.4 b=53.9 gap=20.0 (face=8.0mm) n=[386, 176, 609, 786, 310, 160, 120, 897]  tape=1.331km B=12.36T unif=0.257% hoop=297MPa
  [ 229] OK     f=   1.320  a=49.1 b=58.5 gap=21.9 (face=11.7mm) n=[436, 190, 811, 637, 186, 173, 62, 831]  tape=1.320km B=11.95T unif=0.319% hoop=290MPa
  [ 230] viol   f=   3.128  a=32.3 b=54.2 gap=23.9 (face=15.9mm) n=[159, 199, 711, 314, 218, 115, 105, 600]  tape=0.850km B=8.93T unif=0.506% hoop=190MPa
  [ 231] OK     f=   1.081  a=45.9 b=52.1 gap=19.8 (face=7.5mm) n=[142, 172, 843, 597, 222, 74, 92, 839]  tape=1.081km B=11.48T unif=0.780% hoop=229MPa
  [ 232] OK     f=   1.344  a=37.5 b=51.6 gap=20.2 (face=8.3mm) n=[391, 256, 767, 444, 495, 237, 205, 889]  tape=1.344km B=13.68T unif=0.452% hoop=305MPa
  [ 233] INFEAS f=3187.792  a=41.5 b=39.1 gap=17.5 (face=3.0mm) n=[198, 101, 846, 648, 59, 108, 167, 773]  no evaluation (geometry pre-check)
  [ 234] INFEAS f=1023.767  a=33.1 b=57.4 gap=21.3 (face=10.6mm) n=[465, 150, 610, 553, 383, 231, 71, 814]  no evaluation (geometry pre-check)
  [ 235] OK     f=   1.238  a=37.4 b=48.4 gap=18.4 (face=4.8mm) n=[244, 122, 850, 766, 429, 312, 98, 896]  tape=1.238km B=14.86T unif=0.895% hoop=222MPa
  [ 236] OK     f=   1.268  a=44.6 b=59.8 gap=18.1 (face=4.1mm) n=[319, 242, 845, 599, 108, 97, 240, 659]  tape=1.268km B=12.04T unif=0.849% hoop=283MPa
  [ 237] viol   f=  58.255  a=33.7 b=52.9 gap=17.5 (face=3.0mm) n=[214, 57, 622, 505, 189, 50, 233, 481]  tape=0.784km B=10.63T unif=1.536% hoop=180MPa
  [ 238] INFEAS f=1195.825  a=42.0 b=44.8 gap=18.8 (face=5.6mm) n=[92, 175, 787, 687, 220, 512, 229, 863]  no evaluation (geometry pre-check)
  [ 239] viol   f= 450.624  a=32.6 b=38.0 gap=18.6 (face=5.2mm) n=[366, 170, 713, 521, 302, 307, 207, 490]  tape=0.881km B=14.37T unif=2.500% hoop=285MPa
  [ 240] viol   f=   3.157  a=44.2 b=53.8 gap=17.5 (face=3.0mm) n=[305, 279, 842, 900, 101, 452, 359, 401]  tape=1.405km B=15.31T unif=1.094% hoop=325MPa
  [ 241] OK     f=   0.979  a=38.1 b=50.8 gap=17.5 (face=3.0mm) n=[367, 58, 785, 832, 111, 103, 53, 584]  tape=0.979km B=13.26T unif=0.658% hoop=216MPa
  [ 242] OK     f=   1.594  a=50.4 b=55.7 gap=18.8 (face=5.6mm) n=[523, 55, 679, 896, 364, 366, 372, 690]  tape=1.594km B=13.61T unif=0.507% hoop=400MPa
  [ 243] OK     f=   1.083  a=38.4 b=54.6 gap=18.2 (face=4.3mm) n=[168, 233, 771, 473, 78, 230, 224, 799]  tape=1.083km B=11.73T unif=0.634% hoop=239MPa
  [ 244] OK     f=   1.491  a=43.5 b=53.4 gap=17.6 (face=3.3mm) n=[393, 251, 783, 897, 265, 287, 310, 779]  tape=1.491km B=15.98T unif=0.752% hoop=331MPa
  [ 245] INFEAS f=1146.797  a=34.4 b=59.4 gap=17.5 (face=3.0mm) n=[323, 128, 868, 547, 244, 83, 310, 705]  no evaluation (geometry pre-check)
  [ 246] OK     f=   1.360  a=38.4 b=60.3 gap=17.7 (face=3.4mm) n=[436, 228, 667, 807, 76, 411, 200, 766]  tape=1.360km B=14.36T unif=0.925% hoop=303MPa
  [ 247] OK     f=   1.255  a=39.2 b=54.6 gap=18.1 (face=4.1mm) n=[405, 59, 535, 647, 144, 235, 394, 877]  tape=1.255km B=12.01T unif=0.795% hoop=280MPa
  [ 248] viol   f=  28.950  a=39.0 b=59.2 gap=17.5 (face=3.1mm) n=[616, 89, 620, 696, 101, 365, 116, 808]  tape=1.273km B=13.87T unif=1.372% hoop=275MPa
  [ 249] OK     f=   1.307  a=48.8 b=56.0 gap=17.6 (face=3.2mm) n=[57, 134, 669, 899, 421, 189, 171, 738]  tape=1.307km B=12.10T unif=0.304% hoop=277MPa
  [ 250] OK     f=   1.221  a=40.4 b=49.7 gap=17.6 (face=3.2mm) n=[464, 149, 900, 571, 239, 233, 53, 862]  tape=1.221km B=13.90T unif=0.891% hoop=310MPa
  [ 251] OK     f=   1.131  a=37.8 b=52.2 gap=17.6 (face=3.2mm) n=[454, 67, 833, 591, 115, 295, 107, 802]  tape=1.131km B=13.56T unif=0.741% hoop=258MPa
  [ 252] viol   f=  12.469  a=38.6 b=53.5 gap=18.9 (face=5.8mm) n=[127, 199, 629, 690, 411, 217, 476, 319]  tape=1.080km B=13.07T unif=1.239% hoop=256MPa
  [ 253] OK     f=   1.202  a=42.4 b=51.5 gap=17.6 (face=3.3mm) n=[465, 78, 763, 809, 320, 275, 64, 640]  tape=1.202km B=14.94T unif=0.952% hoop=287MPa
  [ 254] OK     f=   1.127  a=44.6 b=51.4 gap=18.3 (face=4.6mm) n=[338, 73, 807, 640, 84, 52, 288, 858]  tape=1.127km B=12.41T unif=0.170% hoop=246MPa
  [ 255] OK     f=   1.480  a=38.7 b=56.3 gap=17.5 (face=3.0mm) n=[550, 106, 871, 578, 376, 359, 299, 830]  tape=1.480km B=15.89T unif=0.394% hoop=358MPa
  [ 256] OK     f=   1.082  a=38.7 b=50.6 gap=18.2 (face=4.4mm) n=[479, 164, 866, 373, 72, 284, 70, 702]  tape=1.082km B=12.28T unif=0.668% hoop=262MPa
  [ 257] OK     f=   1.044  a=32.7 b=44.1 gap=18.2 (face=4.5mm) n=[376, 395, 581, 738, 291, 204, 203, 649]  tape=1.044km B=15.28T unif=0.168% hoop=295MPa
  [ 258] viol   f=   0.907  a=38.9 b=57.9 gap=17.5 (face=3.0mm) n=[188, 57, 671, 532, 238, 102, 115, 544]  tape=0.901km B=10.40T unif=1.006% hoop=203MPa
  [ 259] viol   f=   8.435  a=34.3 b=55.0 gap=17.6 (face=3.2mm) n=[402, 233, 668, 588, 56, 280, 75, 706]  tape=1.022km B=13.01T unif=1.193% hoop=245MPa
  [ 260] OK     f=   1.422  a=37.4 b=53.1 gap=18.2 (face=4.5mm) n=[481, 77, 840, 673, 242, 353, 403, 899]  tape=1.422km B=15.78T unif=0.497% hoop=304MPa
  [ 261] OK     f=   1.056  a=38.7 b=51.3 gap=19.1 (face=6.2mm) n=[287, 143, 774, 395, 323, 96, 184, 796]  tape=1.056km B=11.68T unif=0.272% hoop=265MPa
  [ 262] INFEAS f=1066.438  a=35.8 b=52.4 gap=17.5 (face=3.0mm) n=[235, 119, 797, 728, 113, 84, 142, 894]  no evaluation (geometry pre-check)
  [ 263] viol   f=   9.537  a=38.7 b=49.2 gap=17.6 (face=3.1mm) n=[292, 106, 802, 747, 215, 107, 80, 876]  tape=1.083km B=13.53T unif=1.206% hoop=198MPa
  [ 264] viol   f=   1.780  a=38.9 b=57.3 gap=20.0 (face=8.0mm) n=[373, 59, 752, 743, 105, 270, 121, 895]  tape=1.246km B=12.49T unif=1.052% hoop=230MPa
  [ 265] viol   f=   5.390  a=40.2 b=56.5 gap=18.2 (face=4.4mm) n=[416, 113, 746, 708, 289, 124, 139, 798]  tape=1.215km B=13.62T unif=1.144% hoop=268MPa
  [ 266] OK     f=   1.346  a=39.7 b=53.3 gap=17.8 (face=3.6mm) n=[418, 226, 649, 498, 181, 418, 214, 899]  tape=1.346km B=12.90T unif=0.911% hoop=314MPa
  [ 267] OK     f=   1.073  a=41.5 b=49.9 gap=17.5 (face=3.1mm) n=[229, 290, 548, 895, 195, 98, 86, 503]  tape=1.073km B=11.67T unif=0.298% hoop=251MPa
  [ 268] viol   f=   7.265  a=39.6 b=52.8 gap=17.5 (face=3.0mm) n=[472, 192, 645, 652, 124, 263, 225, 719]  tape=1.138km B=13.93T unif=1.175% hoop=299MPa
  [ 269] OK     f=   0.932  a=38.1 b=51.1 gap=20.9 (face=9.7mm) n=[149, 334, 362, 668, 423, 159, 123, 455]  tape=0.932km B=10.59T unif=0.206% hoop=281MPa
  [ 270] OK     f=   1.051  a=37.1 b=58.7 gap=18.2 (face=4.4mm) n=[158, 208, 393, 829, 409, 67, 79, 519]  tape=1.051km B=10.12T unif=0.969% hoop=247MPa
  [ 271] viol   f= 131.903  a=37.9 b=50.9 gap=17.7 (face=3.4mm) n=[100, 60, 615, 597, 97, 191, 50, 503]  tape=0.715km B=10.30T unif=1.810% hoop=164MPa
  [ 272] OK     f=   0.813  a=36.7 b=50.1 gap=17.5 (face=3.0mm) n=[103, 123, 717, 464, 130, 168, 149, 495]  tape=0.813km B=10.20T unif=0.873% hoop=190MPa
  [ 273] viol   f=  28.252  a=41.1 b=49.2 gap=17.7 (face=3.5mm) n=[188, 278, 900, 775, 336, 121, 114, 794]  tape=1.222km B=15.07T unif=1.368% hoop=266MPa
  [ 274] OK     f=   1.122  a=40.2 b=51.4 gap=17.9 (face=3.9mm) n=[539, 128, 761, 531, 116, 201, 244, 731]  tape=1.122km B=13.62T unif=0.903% hoop=274MPa
  [ 275] viol   f=  16.215  a=33.2 b=48.9 gap=18.1 (face=4.3mm) n=[243, 218, 639, 648, 189, 50, 174, 677]  tape=0.879km B=12.74T unif=1.277% hoop=223MPa
  [ 276] INFEAS f=1089.754  a=25.8 b=43.5 gap=17.7 (face=3.3mm) n=[232, 119, 632, 311, 309, 203, 53, 610]  no evaluation (geometry pre-check)
  [ 277] viol   f=  15.360  a=39.2 b=52.7 gap=18.0 (face=4.0mm) n=[302, 184, 673, 728, 285, 152, 108, 403]  tape=1.010km B=12.55T unif=1.268% hoop=253MPa
  [ 278] viol   f=  14.732  a=32.7 b=56.7 gap=17.6 (face=3.1mm) n=[80, 109, 543, 562, 498, 395, 165, 470]  tape=0.923km B=12.80T unif=1.263% hoop=204MPa
  [ 279] OK     f=   1.251  a=41.0 b=55.3 gap=17.9 (face=3.8mm) n=[302, 228, 620, 780, 427, 178, 134, 758]  tape=1.251km B=13.71T unif=0.809% hoop=284MPa
  [ 280] viol   f=  22.391  a=41.8 b=65.3 gap=17.6 (face=3.2mm) n=[235, 398, 766, 819, 407, 339, 210, 514]  tape=1.542km B=14.82T unif=1.323% hoop=347MPa
  [ 281] OK     f=   0.920  a=36.7 b=51.4 gap=20.5 (face=9.1mm) n=[231, 255, 598, 632, 194, 83, 258, 528]  tape=0.920km B=11.78T unif=0.966% hoop=231MPa
  [ 282] OK     f=   0.879  a=36.6 b=46.8 gap=18.4 (face=4.8mm) n=[110, 222, 378, 670, 260, 158, 375, 500]  tape=0.879km B=10.94T unif=0.349% hoop=239MPa
  [ 283] OK     f=   0.924  a=39.0 b=52.0 gap=17.7 (face=3.4mm) n=[289, 282, 621, 479, 94, 180, 156, 631]  tape=0.924km B=11.59T unif=0.984% hoop=305MPa
  [ 284] OK     f=   0.902  a=36.0 b=49.7 gap=21.4 (face=10.7mm) n=[185, 204, 428, 634, 304, 171, 147, 662]  tape=0.902km B=10.47T unif=0.307% hoop=241MPa
  [ 285] viol   f=  23.281  a=34.2 b=54.2 gap=17.5 (face=3.0mm) n=[235, 333, 338, 598, 51, 116, 209, 432]  tape=0.799km B=10.00T unif=1.335% hoop=260MPa
  [ 286] viol   f=   2.044  a=39.3 b=50.2 gap=19.1 (face=6.1mm) n=[53, 299, 342, 480, 258, 157, 109, 472]  tape=0.696km B=9.18T unif=0.998% hoop=224MPa
  [ 287] viol   f=   9.689  a=37.8 b=51.5 gap=18.2 (face=4.5mm) n=[209, 336, 558, 680, 113, 185, 263, 440]  tape=0.968km B=12.01T unif=1.209% hoop=255MPa
  [ 288] viol   f=   2.652  a=31.2 b=45.0 gap=21.4 (face=10.8mm) n=[158, 161, 558, 367, 98, 151, 132, 638]  tape=0.684km B=9.01T unif=0.236% hoop=204MPa
  [ 289] viol   f=  53.682  a=37.8 b=49.0 gap=19.4 (face=6.8mm) n=[207, 301, 455, 540, 79, 147, 159, 220]  tape=0.690km B=9.54T unif=1.513% hoop=210MPa
  [ 290] OK     f=   0.920  a=35.2 b=50.4 gap=19.0 (face=6.0mm) n=[73, 80, 510, 647, 547, 153, 184, 686]  tape=0.920km B=11.84T unif=0.329% hoop=199MPa
  [ 291] OK     f=   0.892  a=35.9 b=46.0 gap=20.4 (face=8.8mm) n=[340, 314, 269, 529, 227, 149, 401, 616]  tape=0.892km B=11.28T unif=0.322% hoop=268MPa
  [ 292] OK     f=   0.919  a=38.8 b=48.8 gap=17.8 (face=3.7mm) n=[59, 346, 448, 575, 377, 154, 136, 671]  tape=0.919km B=11.41T unif=0.882% hoop=259MPa
  [ 293] OK     f=   1.173  a=43.9 b=53.8 gap=18.1 (face=4.1mm) n=[328, 254, 813, 632, 196, 106, 184, 558]  tape=1.173km B=12.58T unif=0.912% hoop=289MPa
  [ 294] OK     f=   1.122  a=34.7 b=48.7 gap=19.2 (face=6.4mm) n=[249, 81, 587, 642, 226, 353, 289, 841]  tape=1.122km B=12.47T unif=0.658% hoop=242MPa
  [ 295] OK     f=   1.056  a=36.3 b=46.4 gap=21.1 (face=10.2mm) n=[61, 324, 554, 552, 594, 187, 378, 715]  tape=1.056km B=12.60T unif=0.330% hoop=226MPa
  [ 296] viol   f=   1.788  a=39.2 b=49.4 gap=20.7 (face=9.4mm) n=[84, 186, 408, 739, 59, 88, 410, 467]  tape=0.855km B=9.32T unif=0.740% hoop=199MPa
  [ 297] viol   f=  12.803  a=38.1 b=51.7 gap=18.5 (face=4.9mm) n=[272, 93, 601, 538, 302, 176, 427, 539]  tape=0.970km B=12.74T unif=1.243% hoop=241MPa
  [ 298] OK     f=   1.019  a=37.7 b=48.8 gap=22.7 (face=13.4mm) n=[202, 384, 327, 546, 338, 58, 332, 750]  tape=1.019km B=10.25T unif=0.230% hoop=260MPa
  [ 299] OK     f=   0.972  a=39.4 b=45.0 gap=18.3 (face=4.6mm) n=[108, 212, 476, 359, 315, 334, 304, 745]  tape=0.972km B=10.89T unif=0.814% hoop=306MPa
  [ 300] OK     f=   0.778  a=35.2 b=44.2 gap=17.5 (face=3.0mm) n=[181, 129, 442, 555, 342, 156, 96, 646]  tape=0.778km B=10.94T unif=0.670% hoop=209MPa
  [ 301] OK     f=   0.755  a=29.0 b=46.9 gap=20.0 (face=7.9mm) n=[190, 290, 205, 576, 284, 73, 434, 507]  tape=0.755km B=10.56T unif=0.360% hoop=187MPa
  [ 302] OK     f=   0.814  a=34.1 b=43.9 gap=18.1 (face=4.2mm) n=[218, 113, 276, 467, 497, 292, 450, 548]  tape=0.814km B=12.26T unif=0.384% hoop=220MPa
  [ 303] OK     f=   0.959  a=32.5 b=51.0 gap=19.1 (face=6.2mm) n=[173, 201, 392, 784, 255, 256, 225, 377]  tape=0.959km B=10.61T unif=0.486% hoop=285MPa
  [ 304] OK     f=   0.936  a=35.1 b=47.0 gap=23.1 (face=14.2mm) n=[215, 205, 434, 636, 301, 91, 374, 685]  tape=0.936km B=10.62T unif=0.783% hoop=219MPa
  [ 305] viol   f=   1.570  a=41.2 b=57.7 gap=17.9 (face=3.9mm) n=[254, 245, 344, 688, 94, 54, 269, 469]  tape=0.937km B=9.44T unif=0.755% hoop=304MPa
  [ 306] viol   f=   1.218  a=40.9 b=51.6 gap=19.4 (face=6.7mm) n=[119, 299, 385, 811, 202, 246, 341, 807]  tape=1.156km B=11.80T unif=1.018% hoop=280MPa
  [ 307] OK     f=   0.908  a=37.0 b=43.6 gap=18.4 (face=4.9mm) n=[273, 332, 270, 524, 617, 134, 138, 676]  tape=0.908km B=12.31T unif=0.165% hoop=268MPa
  [ 308] viol   f=  20.996  a=27.9 b=42.4 gap=20.5 (face=9.0mm) n=[191, 208, 274, 562, 648, 139, 452, 233]  tape=0.770km B=11.43T unif=1.318% hoop=184MPa
  [ 309] viol   f=   3.579  a=28.8 b=44.7 gap=17.8 (face=3.7mm) n=[52, 173, 124, 655, 289, 81, 198, 494]  tape=0.624km B=8.78T unif=0.954% hoop=156MPa
  [ 310] viol   f=  70.499  a=35.3 b=43.7 gap=17.7 (face=3.3mm) n=[314, 192, 393, 462, 361, 119, 138, 281]  tape=0.647km B=11.18T unif=1.591% hoop=219MPa
  [ 311] OK     f=   0.799  a=33.9 b=41.5 gap=17.8 (face=3.6mm) n=[231, 268, 401, 500, 397, 238, 374, 520]  tape=0.799km B=13.42T unif=0.183% hoop=247MPa
  [ 312] OK     f=   0.709  a=32.1 b=46.3 gap=18.0 (face=4.0mm) n=[120, 219, 193, 555, 386, 118, 311, 439]  tape=0.709km B=10.28T unif=0.476% hoop=199MPa
  [ 313] OK     f=   0.919  a=33.5 b=48.3 gap=17.9 (face=3.7mm) n=[262, 54, 446, 351, 397, 117, 378, 734]  tape=0.919km B=10.55T unif=0.714% hoop=249MPa
  [ 314] viol   f=  51.420  a=33.7 b=45.5 gap=17.5 (face=3.0mm) n=[198, 133, 433, 454, 243, 223, 245, 400]  tape=0.669km B=11.15T unif=1.504% hoop=215MPa
  [ 315] OK     f=   1.135  a=36.0 b=49.7 gap=20.6 (face=9.2mm) n=[216, 173, 267, 556, 502, 340, 388, 792]  tape=1.135km B=11.51T unif=0.283% hoop=262MPa
  [ 316] OK     f=   1.025  a=33.6 b=48.7 gap=19.0 (face=6.0mm) n=[85, 282, 409, 736, 530, 193, 319, 553]  tape=1.025km B=12.82T unif=0.499% hoop=242MPa
  [ 317] viol   f=  33.735  a=31.5 b=43.3 gap=19.5 (face=7.0mm) n=[235, 227, 149, 592, 94, 158, 234, 483]  tape=0.646km B=8.98T unif=1.394% hoop=211MPa
  [ 318] OK     f=   0.902  a=38.4 b=51.1 gap=17.5 (face=3.1mm) n=[70, 161, 396, 640, 344, 172, 396, 439]  tape=0.902km B=10.84T unif=0.574% hoop=244MPa
  [ 319] OK     f=   0.931  a=31.4 b=45.9 gap=22.6 (face=13.3mm) n=[326, 360, 268, 567, 288, 219, 150, 728]  tape=0.931km B=10.78T unif=0.076% hoop=246MPa
  [ 320] OK     f=   0.690  a=30.7 b=44.8 gap=20.8 (face=9.6mm) n=[260, 172, 307, 474, 460, 74, 338, 441]  tape=0.690km B=11.06T unif=0.397% hoop=183MPa
  [ 321] OK     f=   0.927  a=31.1 b=43.4 gap=18.3 (face=4.7mm) n=[181, 191, 526, 485, 489, 270, 493, 636]  tape=0.927km B=14.24T unif=0.382% hoop=222MPa
  [ 322] OK     f=   0.666  a=30.7 b=40.8 gap=17.8 (face=3.5mm) n=[343, 240, 101, 299, 428, 100, 310, 565]  tape=0.666km B=10.31T unif=0.554% hoop=199MPa
  [ 323] OK     f=   0.810  a=32.7 b=49.9 gap=18.3 (face=4.5mm) n=[103, 205, 275, 568, 440, 102, 391, 526]  tape=0.810km B=11.18T unif=0.614% hoop=202MPa
  [ 324] viol   f=  54.641  a=35.8 b=52.8 gap=17.5 (face=3.1mm) n=[143, 336, 488, 526, 381, 152, 133, 587]  tape=0.906km B=12.01T unif=1.518% hoop=241MPa
  [ 325] OK     f=   0.736  a=35.1 b=45.4 gap=17.5 (face=3.1mm) n=[146, 140, 260, 559, 312, 96, 408, 541]  tape=0.736km B=10.54T unif=0.237% hoop=205MPa
  [ 326] OK     f=   0.599  a=27.5 b=44.1 gap=17.5 (face=3.0mm) n=[114, 90, 398, 349, 436, 58, 347, 477]  tape=0.599km B=10.43T unif=0.411% hoop=154MPa
  [ 327] OK     f=   0.830  a=35.6 b=46.6 gap=17.7 (face=3.3mm) n=[148, 157, 419, 623, 383, 92, 303, 517]  tape=0.830km B=11.41T unif=0.218% hoop=222MPa
  [ 328] OK     f=   1.038  a=39.8 b=56.1 gap=18.4 (face=4.8mm) n=[183, 220, 299, 730, 361, 133, 239, 551]  tape=1.038km B=10.37T unif=0.682% hoop=263MPa
  [ 329] OK     f=   0.907  a=31.8 b=47.9 gap=18.0 (face=4.1mm) n=[151, 334, 206, 766, 281, 106, 361, 479]  tape=0.907km B=10.89T unif=0.504% hoop=216MPa
  [ 330] INFEAS f=1106.786  a=39.4 b=42.8 gap=18.4 (face=4.8mm) n=[239, 85, 446, 457, 239, 310, 560, 722]  no evaluation (geometry pre-check)
  [ 331] viol   f=  10.964  a=27.2 b=38.7 gap=18.1 (face=4.2mm) n=[136, 98, 312, 433, 477, 196, 183, 481]  tape=0.566km B=10.78T unif=1.228% hoop=155MPa
  [ 332] OK     f=   0.717  a=33.1 b=43.3 gap=17.6 (face=3.2mm) n=[256, 90, 318, 445, 218, 150, 463, 553]  tape=0.717km B=10.57T unif=0.161% hoop=206MPa
  [ 333] OK     f=   0.713  a=26.1 b=43.0 gap=17.5 (face=3.0mm) n=[93, 289, 309, 299, 587, 161, 350, 474]  tape=0.713km B=11.19T unif=0.292% hoop=212MPa
  [ 334] viol   f=   4.126  a=32.2 b=44.1 gap=17.8 (face=3.6mm) n=[181, 64, 208, 329, 427, 56, 285, 517]  tape=0.598km B=8.67T unif=0.107% hoop=173MPa
  [ 335] viol   f=   1.314  a=27.9 b=46.6 gap=18.6 (face=5.2mm) n=[200, 51, 173, 432, 470, 100, 262, 482]  tape=0.603km B=9.40T unif=0.404% hoop=137MPa
  [ 336] viol   f=  68.280  a=28.8 b=36.0 gap=18.0 (face=4.1mm) n=[89, 200, 290, 366, 453, 97, 660, 485]  tape=0.693km B=10.82T unif=1.581% hoop=173MPa
  [ 337] viol   f=  55.919  a=28.1 b=39.7 gap=17.6 (face=3.3mm) n=[152, 160, 173, 491, 620, 196, 511, 261]  tape=0.694km B=11.34T unif=1.525% hoop=178MPa
  [ 338] OK     f=   0.819  a=32.7 b=50.1 gap=17.6 (face=3.1mm) n=[57, 127, 327, 673, 326, 148, 379, 405]  tape=0.819km B=10.20T unif=0.544% hoop=212MPa
  [ 339] viol   f=   4.910  a=29.8 b=42.8 gap=17.5 (face=3.0mm) n=[105, 117, 299, 453, 183, 134, 122, 445]  tape=0.506km B=8.52T unif=0.386% hoop=149MPa
  [ 340] viol   f=   0.630  a=28.6 b=37.3 gap=17.8 (face=3.5mm) n=[189, 134, 428, 225, 294, 200, 136, 523]  tape=0.553km B=9.80T unif=0.651% hoop=170MPa
  [ 341] OK     f=   1.018  a=39.3 b=50.9 gap=18.2 (face=4.5mm) n=[228, 184, 248, 400, 563, 207, 606, 631]  tape=1.018km B=11.86T unif=0.119% hoop=261MPa
  [ 342] viol   f=  11.930  a=30.9 b=37.9 gap=18.0 (face=3.9mm) n=[98, 117, 268, 458, 209, 90, 282, 400]  tape=0.494km B=8.81T unif=1.208% hoop=156MPa
  [ 343] viol   f=   0.790  a=28.9 b=43.0 gap=17.5 (face=3.1mm) n=[72, 106, 364, 439, 331, 238, 53, 497]  tape=0.567km B=9.67T unif=0.590% hoop=163MPa
  [ 344] OK     f=   0.612  a=28.4 b=43.8 gap=17.5 (face=3.1mm) n=[132, 113, 544, 268, 521, 103, 259, 235]  tape=0.612km B=10.83T unif=0.731% hoop=162MPa
  [ 345] viol   f=  74.990  a=26.8 b=42.3 gap=17.6 (face=3.2mm) n=[68, 53, 236, 209, 527, 184, 502, 391]  tape=0.576km B=9.26T unif=1.606% hoop=158MPa
  [ 346] viol   f=   0.989  a=34.3 b=47.7 gap=17.6 (face=3.2mm) n=[95, 123, 369, 207, 404, 204, 371, 467]  tape=0.669km B=9.60T unif=0.721% hoop=188MPa
  [ 347] OK     f=   0.658  a=28.3 b=39.9 gap=18.0 (face=3.9mm) n=[109, 219, 395, 308, 545, 105, 409, 423]  tape=0.658km B=11.36T unif=0.642% hoop=181MPa
  [ 348] OK     f=   0.553  a=28.1 b=37.6 gap=17.9 (face=3.8mm) n=[206, 154, 343, 345, 376, 340, 403, 200]  tape=0.553km B=11.84T unif=0.408% hoop=174MPa
  [ 349] OK     f=   0.773  a=32.3 b=42.9 gap=17.9 (face=3.7mm) n=[72, 394, 449, 598, 130, 266, 392, 370]  tape=0.773km B=12.44T unif=0.623% hoop=213MPa
  [ 350] OK     f=   0.788  a=31.9 b=47.2 gap=17.6 (face=3.2mm) n=[137, 222, 432, 677, 258, 254, 92, 339]  tape=0.788km B=10.71T unif=0.480% hoop=252MPa
  [ 351] viol   f=7222.767  a=24.6 b=30.5 gap=17.5 (face=3.1mm) n=[63, 91, 434, 329, 53, 376, 244, 303]  tape=0.388km B=9.83T unif=7.009% hoop=114MPa
  [ 352] OK     f=   0.643  a=24.8 b=42.7 gap=17.9 (face=3.8mm) n=[163, 283, 331, 126, 468, 300, 445, 435]  tape=0.643km B=11.58T unif=0.330% hoop=161MPa
  [ 353] viol   f=  56.322  a=25.1 b=42.6 gap=17.5 (face=3.0mm) n=[235, 305, 378, 276, 279, 164, 335, 112]  tape=0.520km B=11.38T unif=1.528% hoop=160MPa
  [ 354] viol   f= 558.359  a=28.9 b=34.5 gap=17.9 (face=3.8mm) n=[112, 77, 531, 340, 202, 175, 230, 193]  tape=0.476km B=9.61T unif=2.670% hoop=155MPa
  [ 355] INFEAS f=7655.993  a=22.9 b=39.1 gap=19.0 (face=6.1mm) n=[225, 81, 413, 119, 736, 263, 574, 199]  no evaluation (geometry pre-check)
  [ 356] OK     f=   0.854  a=36.3 b=46.3 gap=17.5 (face=3.1mm) n=[124, 121, 603, 444, 330, 234, 350, 561]  tape=0.854km B=12.25T unif=0.466% hoop=238MPa
  [ 357] OK     f=   0.719  a=28.1 b=46.1 gap=18.9 (face=5.8mm) n=[56, 216, 320, 507, 279, 443, 525, 229]  tape=0.719km B=11.31T unif=0.460% hoop=178MPa
  [ 358] INFEAS f=1000.883  a=27.3 b=32.1 gap=17.5 (face=3.0mm) n=[341, 277, 209, 111, 562, 126, 478, 326]  no evaluation (geometry pre-check)
  [ 359] OK     f=   0.547  a=29.0 b=40.3 gap=19.3 (face=6.5mm) n=[281, 75, 389, 228, 359, 239, 413, 196]  tape=0.547km B=10.61T unif=0.994% hoop=163MPa
  [ 360] INFEAS f=1303.150  a=24.9 b=38.9 gap=17.6 (face=3.1mm) n=[254, 55, 278, 80, 629, 180, 527, 275]  no evaluation (geometry pre-check)
  [ 361] viol   f=  28.972  a=29.8 b=36.8 gap=17.5 (face=3.0mm) n=[251, 186, 551, 246, 377, 124, 267, 246]  tape=0.599km B=11.32T unif=1.377% hoop=185MPa
  [ 362] viol   f=2529.455  a=26.8 b=32.8 gap=18.1 (face=4.1mm) n=[113, 281, 548, 154, 417, 154, 78, 116]  tape=0.449km B=10.06T unif=4.556% hoop=141MPa
  [ 363] viol   f=   5.235  a=33.2 b=45.6 gap=17.8 (face=3.7mm) n=[52, 268, 463, 456, 324, 384, 84, 524]  tape=0.732km B=11.80T unif=1.150% hoop=205MPa
  [ 364] OK     f=   0.539  a=25.7 b=45.0 gap=17.5 (face=3.0mm) n=[79, 99, 351, 313, 341, 379, 281, 266]  tape=0.539km B=10.42T unif=0.972% hoop=148MPa
  [ 365] viol   f=  14.004  a=22.4 b=38.0 gap=17.6 (face=3.2mm) n=[50, 130, 174, 189, 179, 482, 315, 167]  tape=0.422km B=7.39T unif=0.623% hoop=144MPa
  [ 366] viol   f=   1.196  a=25.6 b=39.3 gap=17.5 (face=3.0mm) n=[106, 589, 337, 447, 130, 450, 242, 87]  tape=0.621km B=13.29T unif=1.054% hoop=169MPa
  [ 367] viol   f=   6.187  a=23.9 b=42.6 gap=18.0 (face=3.9mm) n=[186, 140, 204, 338, 114, 244, 371, 107]  tape=0.431km B=8.30T unif=0.718% hoop=129MPa
  [ 368] INFEAS f=1033.855  a=31.9 b=36.0 gap=17.7 (face=3.4mm) n=[125, 111, 274, 384, 546, 129, 576, 141]  no evaluation (geometry pre-check)
  [ 369] viol   f=  12.178  a=29.6 b=53.9 gap=17.5 (face=3.1mm) n=[50, 146, 606, 355, 485, 122, 360, 127]  tape=0.744km B=10.67T unif=1.239% hoop=178MPa
  [ 370] OK     f=   0.722  a=33.2 b=45.1 gap=18.2 (face=4.5mm) n=[99, 50, 608, 240, 273, 446, 195, 466]  tape=0.722km B=10.62T unif=0.329% hoop=203MPa
  [ 371] OK     f=   0.829  a=38.2 b=44.9 gap=17.5 (face=3.0mm) n=[87, 188, 653, 445, 422, 359, 91, 341]  tape=0.829km B=11.90T unif=0.567% hoop=259MPa
  [ 372] OK     f=   0.831  a=31.5 b=48.2 gap=17.5 (face=3.1mm) n=[129, 101, 460, 571, 307, 402, 338, 439]  tape=0.831km B=12.36T unif=0.783% hoop=213MPa
  [ 373] viol   f= 251.665  a=32.7 b=40.1 gap=17.6 (face=3.2mm) n=[242, 175, 657, 261, 277, 54, 309, 321]  tape=0.691km B=10.65T unif=2.120% hoop=232MPa
  [ 374] viol   f=   0.981  a=28.5 b=46.2 gap=19.1 (face=6.1mm) n=[198, 138, 541, 620, 137, 249, 209, 66]  tape=0.651km B=10.46T unif=1.041% hoop=161MPa
  [ 375] viol   f=   5.937  a=23.1 b=43.2 gap=18.2 (face=4.3mm) n=[140, 137, 169, 106, 319, 502, 220, 422]  tape=0.538km B=8.36T unif=0.562% hoop=153MPa
  [ 376] viol   f=   5.916  a=28.2 b=42.8 gap=17.6 (face=3.3mm) n=[74, 132, 100, 553, 462, 108, 596, 84]  tape=0.575km B=9.50T unif=1.155% hoop=127MPa
  [ 377] viol   f=   1.911  a=35.3 b=51.3 gap=17.7 (face=3.3mm) n=[67, 123, 652, 374, 283, 380, 460, 59]  tape=0.812km B=10.70T unif=1.074% hoop=227MPa
  [ 378] viol   f=   3.247  a=36.4 b=50.7 gap=18.6 (face=5.2mm) n=[82, 94, 487, 364, 401, 338, 62, 594]  tape=0.791km B=9.97T unif=1.111% hoop=224MPa
  [ 379] OK     f=   0.501  a=25.8 b=40.7 gap=17.6 (face=3.3mm) n=[112, 194, 311, 309, 318, 306, 331, 287]  tape=0.501km B=10.99T unif=0.510% hoop=148MPa
  [ 380] viol   f=  36.881  a=26.1 b=51.6 gap=17.7 (face=3.4mm) n=[166, 310, 459, 207, 203, 383, 178, 238]  tape=0.648km B=10.43T unif=1.426% hoop=183MPa
  [ 381] OK     f=   0.586  a=28.6 b=39.9 gap=18.0 (face=4.0mm) n=[76, 86, 457, 223, 478, 322, 109, 529]  tape=0.586km B=10.46T unif=0.247% hoop=154MPa
  [ 382] OK     f=   0.684  a=31.1 b=47.3 gap=17.5 (face=3.0mm) n=[74, 88, 458, 267, 455, 493, 172, 390]  tape=0.684km B=11.12T unif=0.922% hoop=175MPa
  [ 383] OK     f=   0.746  a=31.9 b=41.1 gap=18.4 (face=4.7mm) n=[93, 226, 372, 151, 361, 460, 594, 386]  tape=0.746km B=11.01T unif=0.465% hoop=199MPa
  [ 384] OK     f=   1.014  a=35.4 b=51.3 gap=17.6 (face=3.1mm) n=[449, 153, 683, 98, 370, 719, 126, 434]  tape=1.014km B=13.01T unif=0.237% hoop=243MPa
  [ 385] OK     f=   0.962  a=35.3 b=44.8 gap=17.6 (face=3.2mm) n=[154, 270, 571, 331, 427, 416, 420, 620]  tape=0.962km B=13.99T unif=0.627% hoop=281MPa
  [ 386] OK     f=   0.923  a=33.4 b=46.9 gap=17.8 (face=3.7mm) n=[243, 139, 395, 194, 609, 514, 438, 533]  tape=0.923km B=12.95T unif=0.427% hoop=222MPa  [a=17 b=31 nt=1452] KSP converged reason: 4, iterations: 1
  [a=26 b=35 nt=2407] KSP converged reason: 4, iterations: 1
  [a=36 b=44 nt=1617] KSP converged reason: 4, iterations: 1
  [a=34 b=43 nt=2548] KSP converged reason: 4, iterations: 1
  [a=33 b=54 nt=2385] KSP converged reason: 4, iterations: 1
  [a=34 b=56 nt=2259] KSP converged reason: 4, iterations: 1
  [a=37 b=45 nt=2015] KSP converged reason: 4, iterations: 1
  [a=34 b=64 nt=1846] KSP converged reason: 4, iterations: 1
  [a=34 b=59 nt=2127] KSP converged reason: 4, iterations: 1
  [a=38 b=60 nt=2459] KSP converged reason: 4, iterations: 1
  [a=47 b=58 nt=2690] KSP converged reason: 4, iterations: 1
  [a=35 b=51 nt=2957] KSP converged reason: 4, iterations: 1
  [a=43 b=61 nt=3637] KSP converged reason: 4, iterations: 1
  [a=34 b=43 nt=3345] KSP converged reason: 4, iterations: 1
  [a=39 b=55 nt=3329] KSP converged reason: 4, iterations: 1
  [a=31 b=41 nt=2831] KSP converged reason: 4, iterations: 1
  [a=45 b=54 nt=2846] KSP converged reason: 4, iterations: 1
  [a=39 b=57 nt=2601] KSP converged reason: 4, iterations: 1
  [a=38 b=52 nt=2393] KSP converged reason: 4, iterations: 1
  [a=41 b=53 nt=2959] KSP converged reason: 4, iterations: 1
  [a=37 b=52 nt=3684] KSP converged reason: 4, iterations: 1
  [a=49 b=56 nt=3278] KSP converged reason: 4, iterations: 1
  [a=38 b=52 nt=3264] KSP converged reason: 4, iterations: 1
  [a=33 b=44 nt=3437] KSP converged reason: 4, iterations: 1
  [a=40 b=57 nt=3333] KSP converged reason: 4, iterations: 1
  [a=33 b=49 nt=2838] KSP converged reason: 4, iterations: 1
  [a=37 b=51 nt=2779] KSP converged reason: 4, iterations: 1
  [a=34 b=54 nt=2312] KSP converged reason: 4, iterations: 1
  [a=36 b=46 nt=2845] KSP converged reason: 4, iterations: 1
  [a=36 b=46 nt=3365] KSP converged reason: 4, iterations: 1
  [a=32 b=51 nt=2663] KSP converged reason: 4, iterations: 1
  [a=37 b=44 nt=2964] KSP converged reason: 4, iterations: 1
  [a=34 b=48 nt=2739] KSP converged reason: 4, iterations: 1
  [a=31 b=43 nt=2172] KSP converged reason: 4, iterations: 1
  [a=31 b=41 nt=2386] KSP converged reason: 4, iterations: 1
  [a=27 b=44 nt=2269] KSP converged reason: 4, iterations: 1
  [a=32 b=44 nt=2067] KSP converged reason: 4, iterations: 1
  [a=33 b=50 nt=2442] KSP converged reason: 4, iterations: 1
  [a=27 b=42 nt=2170] KSP converged reason: 4, iterations: 1
  [a=32 b=47 nt=2411] KSP converged reason: 4, iterations: 1
  [a=29 b=40 nt=2180] KSP converged reason: 4, iterations: 1
  [a=24 b=43 nt=1704] KSP converged reason: 4, iterations: 1
  [a=23 b=43 nt=2015] KSP converged reason: 4, iterations: 1
  [a=31 b=47 nt=2397] KSP converged reason: 4, iterations: 1
  [a=31 b=45 nt=2537] KSP converged reason: 4, iterations: 1
  [a=31 b=43 nt=2782] KSP converged reason: 4, iterations: 1
  [a=29 b=41 nt=2255] KSP converged reason: 4, iterations: 1
  [a=22 b=28 nt=2349] KSP converged reason: 4, iterations: 1
  [a=29 b=46 nt=2417] KSP converged reason: 4, iterations: 1
  [a=32 b=45 nt=2087] KSP converged reason: 4, iterations: 1
  [a=32 b=44 nt=2162] KSP converged reason: 4, iterations: 1
  [a=33 b=39 nt=2307] KSP converged reason: 4, iterations: 1
  [a=23 b=30 nt=2144] KSP converged reason: 4, iterations: 1
  [a=40 b=50 nt=2984] KSP converged reason: 4, iterations: 1
  [a=31 b=55 nt=2227] KSP converged reason: 4, iterations: 1
  [a=32 b=45 nt=2373] KSP converged reason: 4, iterations: 1
  [a=39 b=61 nt=2283] KSP converged reason: 4, iterations: 1
  [a=25 b=42 nt=2055] KSP converged reason: 4, iterations: 1
  [a=38 b=45 nt=2020] KSP converged reason: 4, iterations: 1
  [a=43 b=58 nt=2322] KSP converged reason: 4, iterations: 1
  [a=35 b=52 nt=3703] KSP converged reason: 4, iterations: 1
  [a=43 b=52 nt=3115] KSP converged reason: 4, iterations: 1
  [a=34 b=51 nt=3391] KSP converged reason: 4, iterations: 1
  [a=37 b=54 nt=2751] KSP converged reason: 4, iterations: 1
  [a=38 b=48 nt=3099] KSP converged reason: 4, iterations: 1
  [a=27 b=54 nt=2485] KSP converged reason: 4, iterations: 1
  [a=41 b=60 nt=3777] KSP converged reason: 4, iterations: 1
  [a=42 b=53 nt=2781] KSP converged reason: 4, iterations: 1
  [a=35 b=53 nt=3588] KSP converged reason: 4, iterations: 1
  [a=37 b=52 nt=1967] KSP converged reason: 4, iterations: 1
  [a=45 b=54 nt=3444] KSP converged reason: 4, iterations: 1
  [a=44 b=54 nt=3639] KSP converged reason: 4, iterations: 1
  [a=38 b=60 nt=3591] KSP converged reason: 4, iterations: 1
  [a=45 b=51 nt=3140] KSP converged reason: 4, iterations: 1
  [a=39 b=49 nt=3225] KSP converged reason: 4, iterations: 1
  [a=41 b=50 nt=2844] KSP converged reason: 4, iterations: 1
  [a=38 b=51 nt=2213] KSP converged reason: 4, iterations: 1
  [a=39 b=53 nt=2835] KSP converged reason: 4, iterations: 1
  [a=36 b=50 nt=2735] KSP converged reason: 4, iterations: 1
  [a=38 b=49 nt=2108] KSP converged reason: 4, iterations: 1
  [a=39 b=49 nt=2441] KSP converged reason: 4, iterations: 1
  [a=39 b=45 nt=2853] KSP converged reason: 4, iterations: 1
  [a=41 b=58 nt=2417] KSP converged reason: 4, iterations: 1
  [a=35 b=44 nt=2260] KSP converged reason: 4, iterations: 1
  [a=38 b=51 nt=2618] KSP converged reason: 4, iterations: 1
  [a=36 b=53 nt=2746] KSP converged reason: 4, iterations: 1
  [a=32 b=48 nt=2684] KSP converged reason: 4, iterations: 1
  [a=28 b=47 nt=2170] KSP converged reason: 4, iterations: 1
  [a=31 b=38 nt=1922] KSP converged reason: 4, iterations: 1
  [a=28 b=38 nt=2367] KSP converged reason: 4, iterations: 1
  [a=28 b=46 nt=2575] KSP converged reason: 4, iterations: 1
  [a=22 b=38 nt=1686] KSP converged reason: 4, iterations: 1
  [a=38 b=45 nt=2586] KSP converged reason: 4, iterations: 1
  [a=26 b=41 nt=2168] KSP converged reason: 4, iterations: 1
  [a=33 b=47 nt=3065] KSP converged reason: 4, iterations: 1
  [a=33 b=43 nt=2310] KSP converged reason: 4, iterations: 1
  [a=30 b=36 nt=1996] KSP converged reason: 4, iterations: 1
  [a=36 b=45 nt=2628] KSP converged reason: 4, iterations: 1
  [a=21 b=41 nt=1739] KSP converged reason: 4, iterations: 1
  [a=27 b=34 nt=2068] KSP converged reason: 4, iterations: 1
  [a=33 b=42 nt=2051] KSP converged reason: 4, iterations: 1
  [a=40 b=56 nt=3146] KSP converged reason: 4, iterations: 1
  [a=41 b=57 nt=2989] KSP converged reason: 4, iterations: 1
  [a=40 b=55 nt=2651] KSP converged reason: 4, iterations: 1
  [a=43 b=50 nt=2369] KSP converged reason: 4, iterations: 1
  [a=30 b=42 nt=1805] KSP converged reason: 4, iterations: 1
  [a=33 b=41 nt=2491] KSP converged reason: 4, iterations: 1
  [a=40 b=57 nt=3297] KSP converged reason: 4, iterations: 1
  [a=53 b=61 nt=3710] KSP converged reason: 4, iterations: 1
  [a=42 b=56 nt=3701] KSP converged reason: 4, iterations: 1
  [a=33 b=48 nt=2907] KSP converged reason: 4, iterations: 1
  [a=35 b=52 nt=3181] KSP converged reason: 4, iterations: 1
  [a=32 b=55 nt=2135] KSP converged reason: 4, iterations: 1
  [a=35 b=44 nt=2872] KSP converged reason: 4, iterations: 1
  [a=35 b=56 nt=3285] KSP converged reason: 4, iterations: 1
  [a=31 b=44 nt=2801] KSP converged reason: 4, iterations: 1
  [a=45 b=60 nt=3109] KSP converged reason: 4, iterations: 1
  [a=44 b=53 nt=3965] KSP converged reason: 4, iterations: 1
  [a=39 b=56 nt=3969] KSP converged reason: 4, iterations: 1
  [a=40 b=53 nt=3503] KSP converged reason: 4, iterations: 1
  [a=40 b=51 nt=3251] KSP converged reason: 4, iterations: 1
  [a=42 b=65 nt=3688] KSP converged reason: 4, iterations: 1
  [a=38 b=52 nt=2784] KSP converged reason: 4, iterations: 1
  [a=38 b=49 nt=2937] KSP converged reason: 4, iterations: 1
  [a=41 b=52 nt=3210] KSP converged reason: 4, iterations: 1
  [a=32 b=46 nt=2341] KSP converged reason: 4, iterations: 1
  [a=34 b=49 nt=3107] KSP converged reason: 4, iterations: 1
  [a=33 b=50 nt=2610] KSP converged reason: 4, iterations: 1
  [a=40 b=56 nt=2716] KSP converged reason: 4, iterations: 1
  [a=29 b=36 nt=2640] KSP converged reason: 4, iterations: 1
  [a=28 b=40 nt=2564] KSP converged reason: 4, iterations: 1
  [a=29 b=43 nt=2100] KSP converged reason: 4, iterations: 1
  [a=25 b=30 nt=1893] KSP converged reason: 4, iterations: 1
  [a=36 b=46 nt=2767] KSP converged reason: 4, iterations: 1
  [a=26 b=45 nt=2109] KSP converged reason: 4, iterations: 1
  [a=28 b=43 nt=2109] KSP converged reason: 4, iterations: 1
  [a=29 b=40 nt=2280] KSP converged reason: 4, iterations: 1
  [a=25 b=44 nt=2144] KSP converged reason: 4, iterations: 1
  [a=32 b=43 nt=2075] KSP converged reason: 4, iterations: 1
  [a=25 b=48 nt=2407] KSP converged reason: 4, iterations: 1
  [a=28 b=60 nt=2047] KSP converged reason: 4, iterations: 1
  [a=33 b=44 nt=1688] KSP converged reason: 4, iterations: 1
  [a=29 b=47 nt=2358] KSP converged reason: 4, iterations: 1
  [a=28 b=47 nt=1908] KSP converged reason: 4, iterations: 1
  [a=26 b=50 nt=2474] KSP converged reason: 4, iterations: 1
  [a=33 b=49 nt=3453] KSP converged reason: 4, iterations: 1
  [a=38 b=56 nt=2501] KSP converged reason: 4, iterations: 1
  [a=36 b=60 nt=2059] KSP converged reason: 4, iterations: 1
  [a=23 b=44 nt=1276] KSP converged reason: 4, iterations: 1
  [a=30 b=47 nt=2416] KSP converged reason: 4, iterations: 1
  [a=30 b=44 nt=1868] KSP converged reason: 4, iterations: 1
  [a=37 b=64 nt=2489] KSP converged reason: 4, iterations: 1
  [a=33 b=67 nt=3394] KSP converged reason: 4, iterations: 1
  [a=47 b=53 nt=3437] KSP converged reason: 4, iterations: 1
  [a=43 b=56 nt=2628] KSP converged reason: 4, iterations: 1
  [a=27 b=53 nt=2432] KSP converged reason: 4, iterations: 1
  [a=29 b=55 nt=2225] KSP converged reason: 4, iterations: 1
  [a=36 b=50 nt=3198] KSP converged reason: 4, iterations: 1
  [a=37 b=57 nt=3165] KSP converged reason: 4, iterations: 1
  [a=41 b=48 nt=3120] KSP converged reason: 4, iterations: 1
  [a=49 b=59 nt=3326] KSP converged reason: 4, iterations: 1
  [a=33 b=38 nt=3076] KSP converged reason: 4, iterations: 1
  [a=38 b=51 nt=2893] KSP converged reason: 4, iterations: 1
  [a=39 b=55 nt=3296] KSP converged reason: 4, iterations: 1
  [a=40 b=50 nt=3471] KSP converged reason: 4, iterations: 1
  [a=39 b=51 nt=3010] KSP converged reason: 4, iterations: 1
  [a=39 b=51 nt=2998] KSP converged reason: 4, iterations: 1
  [a=40 b=53 nt=3292] KSP converged reason: 4, iterations: 1
  [a=37 b=47 nt=2673] KSP converged reason: 4, iterations: 1
  [a=39 b=52 nt=2732] KSP converged reason: 4, iterations: 1
  [a=35 b=50 nt=2880] KSP converged reason: 4, iterations: 1
  [a=38 b=52 nt=2948] KSP converged reason: 4, iterations: 1
  [a=34 b=44 nt=2861] KSP converged reason: 4, iterations: 1
  [a=29 b=45 nt=2066] KSP converged reason: 4, iterations: 1
  [a=36 b=50 nt=3234] KSP converged reason: 4, iterations: 1
  [a=31 b=43 nt=3271] KSP converged reason: 4, iterations: 1
  [a=27 b=39 nt=2316] KSP converged reason: 4, iterations: 1
  [a=30 b=43 nt=1858] KSP converged reason: 4, iterations: 1
  [a=34 b=48 nt=2240] KSP converged reason: 4, iterations: 1
  [a=25 b=43 nt=2084] KSP converged reason: 4, iterations: 1
  [a=26 b=39 nt=2388] KSP converged reason: 4, iterations: 1
  [a=31 b=48 nt=2747] KSP converged reason: 4, iterations: 1
  [a=26 b=52 nt=2144] KSP converged reason: 4, iterations: 1
  [a=35 b=45 nt=3209] KSP converged reason: 4, iterations: 1
  [a=29 b=44 nt=2556] KSP converged reason: 4, iterations: 1
  [a=28 b=47 nt=1890] KSP converged reason: 4, iterations: 1
  [a=28 b=41 nt=2729] KSP converged reason: 4, iterations: 1
  [a=28 b=41 nt=1886] KSP converged reason: 4, iterations: 1
  [a=30 b=41 nt=2253] KSP converged reason: 4, iterations: 1
  [a=24 b=33 nt=1653] KSP converged reason: 4, iterations: 1
  [a=34 b=50 nt=2208] KSP converged reason: 4, iterations: 1
  [a=34 b=56 nt=2296] KSP converged reason: 4, iterations: 1
  [a=37 b=62 nt=2220] KSP converged reason: 4, iterations: 1
  [a=33 b=47 nt=2320] KSP converged reason: 4, iterations: 1
  [a=40 b=47 nt=3075] KSP converged reason: 4, iterations: 1
  [a=32 b=44 nt=1563] KSP converged reason: 4, iterations: 1
  [a=40 b=53 nt=2563] KSP converged reason: 4, iterations: 1
  [a=39 b=50 nt=2524] KSP converged reason: 4, iterations: 1
  [a=35 b=64 nt=1681] KSP converged reason: 4, iterations: 1
  [a=44 b=53 nt=3154] KSP converged reason: 4, iterations: 1
  [a=36 b=45 nt=3188] KSP converged reason: 4, iterations: 1
  [a=35 b=47 nt=2572] KSP converged reason: 4, iterations: 1
  [a=38 b=54 nt=3688] KSP converged reason: 4, iterations: 1
  [a=26 b=46 nt=2885] KSP converged reason: 4, iterations: 1
  [a=35 b=47 nt=2616] KSP converged reason: 4, iterations: 1
  [a=37 b=56 nt=3338] KSP converged reason: 4, iterations: 1
  [a=36 b=48 nt=3081] KSP converged reason: 4, iterations: 1
  [a=40 b=61 nt=3624] KSP converged reason: 4, iterations: 1
  [a=39 b=49 nt=3281] KSP converged reason: 4, iterations: 1
  [a=32 b=54 nt=2421] KSP converged reason: 4, iterations: 1
  [a=37 b=48 nt=3717] KSP converged reason: 4, iterations: 1
  [a=38 b=55 nt=2976] KSP converged reason: 4, iterations: 1
  [a=39 b=54 nt=3068] KSP converged reason: 4, iterations: 1
  [a=39 b=58 nt=2447] KSP converged reason: 4, iterations: 1
  [a=37 b=53 nt=3968] KSP converged reason: 4, iterations: 1
  [a=38 b=51 nt=2673] KSP converged reason: 4, iterations: 1
  [a=41 b=49 nt=3506] KSP converged reason: 4, iterations: 1
  [a=41 b=55 nt=3427] KSP converged reason: 4, iterations: 1
  [a=39 b=50 nt=2170] KSP converged reason: 4, iterations: 1
  [a=39 b=49 nt=2766] KSP converged reason: 4, iterations: 1
  [a=35 b=49 nt=3268] KSP converged reason: 4, iterations: 1
  [a=29 b=47 nt=2559] KSP converged reason: 4, iterations: 1
  [a=28 b=42 nt=2707] KSP converged reason: 4, iterations: 1
  [a=34 b=46 nt=2329] KSP converged reason: 4, iterations: 1
  [a=31 b=46 nt=2906] KSP converged reason: 4, iterations: 1
  [a=35 b=45 nt=2462] KSP converged reason: 4, iterations: 1
  [a=36 b=47 nt=2642] KSP converged reason: 4, iterations: 1
  [a=26 b=43 nt=2562] KSP converged reason: 4, iterations: 1
  [a=29 b=37 nt=2129] KSP converged reason: 4, iterations: 1
  [a=28 b=44 nt=2175] KSP converged reason: 4, iterations: 1
  [a=32 b=43 nt=2671] KSP converged reason: 4, iterations: 1
  [a=29 b=35 nt=1860] KSP converged reason: 4, iterations: 1
  [a=27 b=33 nt=1861] KSP converged reason: 4, iterations: 1
  [a=30 b=54 nt=2251] KSP converged reason: 4, iterations: 1
  [a=33 b=40 nt=2296] KSP converged reason: 4, iterations: 1
  [a=36 b=51 nt=2422] KSP converged reason: 4, iterations: 1
  [a=35 b=51 nt=3032] KSP converged reason: 4, iterations: 1
  [a=25 b=41 nt=2114] KSP converged reason: 4, iterations: 1
  [a=27 b=45 nt=2266] KSP converged reason: 4, iterations: 1
  [a=25 b=41 nt=2445] KSP converged reason: 4, iterations: 1
  [a=23 b=41 nt=2380] KSP converged reason: 4, iterations: 1
  [a=29 b=35 nt=2106] KSP converged reason: 4, iterations: 1
  [a=22 b=47 nt=2385] KSP converged reason: 4, iterations: 1
  [a=33 b=38 nt=1697] KSP converged reason: 4, iterations: 1
  [a=19 b=54 nt=1511] KSP converged reason: 4, iterations: 1
  [a=27 b=56 nt=2375] KSP converged reason: 4, iterations: 1
  [a=34 b=58 nt=2668] KSP converged reason: 4, iterations: 1
  [a=36 b=62 nt=3802] KSP converged reason: 4, iterations: 1
  [a=36 b=51 nt=3138] KSP converged reason: 4, iterations: 1
  [a=27 b=52 nt=2205] KSP converged reason: 4, iterations: 1
  [a=36 b=59 nt=2341] KSP converged reason: 4, iterations: 1
  [a=39 b=57 nt=3522] KSP converged reason: 4, iterations: 1
  [a=38 b=68 nt=2986] KSP converged reason: 4, iterations: 1
  [a=51 b=57 nt=3626] KSP converged reason: 4, iterations: 1
  [a=30 b=57 nt=2563] KSP converged reason: 4, iterations: 1
  [a=37 b=44 nt=3114] KSP converged reason: 4, iterations: 1
  [a=36 b=44 nt=3112] KSP converged reason: 4, iterations: 1
  [a=41 b=53 nt=3466] KSP converged reason: 4, iterations: 1
  [a=43 b=62 nt=2578] KSP converged reason: 4, iterations: 1
  [a=34 b=50 nt=2130] KSP converged reason: 4, iterations: 1
  [a=46 b=52 nt=2981] KSP converged reason: 4, iterations: 1
  [a=34 b=53 nt=2351] KSP converged reason: 4, iterations: 1
  [a=50 b=56 nt=3945] KSP converged reason: 4, iterations: 1
  [a=39 b=59 nt=3411] KSP converged reason: 4, iterations: 1
  [a=42 b=52 nt=3414] KSP converged reason: 4, iterations: 1
  [a=34 b=55 nt=3008] KSP converged reason: 4, iterations: 1
  [a=39 b=57 nt=3318] KSP converged reason: 4, iterations: 1
  [a=37 b=59 nt=2662] KSP converged reason: 4, iterations: 1
  [a=37 b=50 nt=2349] KSP converged reason: 4, iterations: 1
  [a=33 b=57 nt=2822] KSP converged reason: 4, iterations: 1
  [a=31 b=45 nt=2263] KSP converged reason: 4, iterations: 1
  [a=44 b=54 nt=3071] KSP converged reason: 4, iterations: 1
  [a=35 b=44 nt=2547] KSP converged reason: 4, iterations: 1
  [a=35 b=47 nt=2941] KSP converged reason: 4, iterations: 1
  [a=34 b=42 nt=2929] KSP converged reason: 4, iterations: 1
  [a=31 b=45 nt=2526] KSP converged reason: 4, iterations: 1
  [a=33 b=43 nt=2493] KSP converged reason: 4, iterations: 1
  [a=39 b=51 nt=3067] KSP converged reason: 4, iterations: 1
  [a=28 b=40 nt=2513] KSP converged reason: 4, iterations: 1
  [a=25 b=43 nt=2551] KSP converged reason: 4, iterations: 1
  [a=30 b=37 nt=2248] KSP converged reason: 4, iterations: 1
  [a=33 b=46 nt=2555] KSP converged reason: 4, iterations: 1
  [a=33 b=45 nt=2377] KSP converged reason: 4, iterations: 1
  [a=29 b=46 nt=2158] KSP converged reason: 4, iterations: 1
  [a=35 b=51 nt=2398] KSP converged reason: 4, iterations: 1
  [a=32 b=41 nt=2643] KSP converged reason: 4, iterations: 1
  [a=28 b=44 nt=1968] KSP converged reason: 4, iterations: 1
  [a=29 b=44 nt=2351] KSP converged reason: 4, iterations: 1
  [a=32 b=40 nt=2808] KSP converged reason: 4, iterations: 1
  [a=23 b=43 nt=1873] KSP converged reason: 4, iterations: 1

  [ 387] viol   f=   1.372  a=25.4 b=43.8 gap=17.7 (face=3.3mm) n=[158, 87, 247, 141, 490, 312, 252, 457]  tape=0.577km B=9.37T unif=0.386% hoop=145MPa
  [ 388] viol   f=   5.099  a=28.0 b=44.2 gap=17.7 (face=3.3mm) n=[76, 128, 258, 299, 395, 207, 100, 505]  tape=0.557km B=8.49T unif=0.493% hoop=168MPa
  [ 389] INFEAS f=1251.623  a=24.0 b=32.9 gap=17.8 (face=3.5mm) n=[368, 137, 95, 280, 217, 599, 373, 335]  no evaluation (geometry pre-check)
  [ 390] OK     f=   0.748  a=31.3 b=45.2 gap=18.2 (face=4.3mm) n=[147, 148, 379, 509, 363, 180, 239, 572]  tape=0.748km B=10.92T unif=0.370% hoop=198MPa
  [ 391] OK     f=   0.544  a=25.1 b=41.5 gap=17.5 (face=3.0mm) n=[124, 61, 435, 259, 478, 195, 252, 310]  tape=0.544km B=10.52T unif=0.820% hoop=147MPa
  [ 392] viol   f=   4.860  a=28.5 b=44.4 gap=17.5 (face=3.0mm) n=[141, 68, 363, 79, 554, 266, 537, 548]  tape=0.688km B=10.78T unif=1.144% hoop=154MPa
  [ 393] OK     f=   0.664  a=28.9 b=43.6 gap=17.6 (face=3.3mm) n=[59, 246, 355, 366, 344, 281, 166, 534]  tape=0.664km B=10.51T unif=0.905% hoop=199MPa
  [ 394] viol   f=   0.635  a=26.8 b=44.6 gap=17.8 (face=3.6mm) n=[121, 115, 321, 182, 436, 375, 217, 499]  tape=0.623km B=9.92T unif=0.483% hoop=155MPa
  [ 395] viol   f=   0.872  a=31.7 b=42.8 gap=17.5 (face=3.1mm) n=[122, 130, 599, 194, 214, 254, 388, 174]  tape=0.629km B=9.65T unif=0.577% hoop=197MPa
  [ 396] OK     f=   0.753  a=31.4 b=42.8 gap=18.2 (face=4.5mm) n=[96, 155, 525, 448, 324, 488, 333, 413]  tape=0.753km B=13.11T unif=0.411% hoop=201MPa
  [ 397] INFEAS f=1222.522  a=21.2 b=43.7 gap=19.6 (face=7.2mm) n=[151, 153, 152, 66, 523, 477, 506, 313]  no evaluation (geometry pre-check)
  [ 398] viol   f=   4.205  a=27.7 b=47.3 gap=17.5 (face=3.0mm) n=[96, 107, 384, 201, 312, 266, 121, 403]  tape=0.526km B=8.93T unif=1.083% hoop=152MPa
  [ 399] OK     f=   0.669  a=24.7 b=48.2 gap=17.5 (face=3.0mm) n=[257, 161, 294, 234, 375, 457, 202, 427]  tape=0.669km B=11.03T unif=0.640% hoop=171MPa
  [ 400] INFEAS f=4892.539  a=28.5 b=41.1 gap=18.6 (face=5.3mm) n=[293, 181, 362, 82, 135, 321, 76, 839]  no evaluation (geometry pre-check)
  [ 401] viol   f=   1.454  a=25.1 b=41.1 gap=17.9 (face=3.8mm) n=[189, 54, 565, 181, 414, 241, 230, 571]  tape=0.636km B=11.30T unif=1.064% hoop=170MPa
  [ 402] OK     f=   0.588  a=28.6 b=41.5 gap=17.5 (face=3.0mm) n=[176, 78, 285, 148, 467, 384, 309, 408]  tape=0.588km B=10.30T unif=0.528% hoop=159MPa
  [ 403] viol   f=   4.570  a=33.1 b=43.2 gap=18.6 (face=5.2mm) n=[205, 323, 472, 393, 340, 89, 240, 248]  tape=0.650km B=11.46T unif=1.140% hoop=208MPa
  [ 404] OK     f=   0.777  a=31.6 b=40.3 gap=17.8 (face=3.6mm) n=[167, 305, 467, 160, 592, 281, 378, 458]  tape=0.777km B=12.61T unif=0.148% hoop=209MPa
  [ 405] OK     f=   0.599  a=23.1 b=40.7 gap=17.7 (face=3.5mm) n=[242, 149, 353, 152, 493, 318, 401, 272]  tape=0.599km B=11.30T unif=0.443% hoop=150MPa
  [ 406] viol   f=   1.388  a=23.0 b=43.0 gap=17.5 (face=3.0mm) n=[106, 286, 340, 68, 333, 128, 243, 369]  tape=0.457km B=9.32T unif=0.918% hoop=117MPa
  [ 407] OK     f=   0.744  a=28.0 b=40.6 gap=17.7 (face=3.4mm) n=[77, 182, 437, 196, 554, 476, 152, 655]  tape=0.744km B=11.67T unif=0.630% hoop=169MPa

==========================================================================================
CMA-ES finished: 407 evaluations in 9.4 min
==========================================================================================

Best feasible design found:
  a_mm             27.430832163931708
  b_mm             33.90091635334692
  gap_mm           17.570719632491457
  face_gap_mm      3.1414392649829135
  n_turns          [229, 270, 360, 351, 52, 360, 224, 222]
  n_total          2068
  tape_km          0.4416547954893034
  B_target_T       11.46343003196922
  uniformity_pct   0.37463835464831613
  hoop_MPa         160.86486448086717
  delam_MPa        7.345690722171921
  I_quench_A       406.56740826984463
  I_op_A           223.63443799221378
  binding          quench/SF
  clip_frac        0.17132711939636042

Full evaluation history -> optimize/cmaes_history.csv
Best design            -> optimize/cmaes_results.csv
Appended 407 rows to cumulative master log -> optimize/cmaes_all_evaluations.csv

Figures -> /home/gerrityjack/fenicsx/Racetrack-Coil-Optimization/visualization/cmaes_convergence.png, cmaes_constraints.png, cmaes_variables.png, cmaes_overview.png
Cumulative parameter-space map -> visualization/cmaes_param_map.png (32535 evaluations, 91 runs)
