Starting CMA-ES: 10 variables, budget 300 evaluations, target B >= 10.0 T, uniformity <= 1.0%, hoop <= 400 MPa, coil-coil face gap >= 3 mm

Parallel mode: 6 worker processes per generation.
  [   1] INFEAS f=72366.878  a=8.7 b=116.0 gap=20.7 (face=13.4mm) n=[200, 365, 587, 829, 173, 206, 278]  no evaluation (geometry pre-check)
  [   2] viol   f=  16.680  a=72.6 b=100.2 gap=21.6 (face=15.1mm) n=[176, 147, 717, 615, 187, 108, 684]  tape=1.593km B=7.25T unif=0.946% hoop=352MPa
  [   3] viol   f=   6.006  a=49.5 b=79.8 gap=23.3 (face=18.6mm) n=[353, 112, 685, 96, 502, 184, 686]  tape=1.231km B=8.45T unif=0.687% hoop=236MPa
  [   4] INFEAS f=1026.648  a=27.9 b=121.3 gap=25.7 (face=23.4mm) n=[223, 198, 676, 523, 615, 73, 151]  no evaluation (geometry pre-check)
  [   5] viol   f=  17.110  a=85.2 b=109.9 gap=17.1 (face=6.2mm) n=[233, 290, 592, 895, 174, 161, 848]  tape=2.211km B=7.27T unif=0.925% hoop=400MPa
  [   6] viol   f=  65.685  a=78.2 b=99.5 gap=18.6 (face=9.2mm) n=[107, 103, 829, 67, 72, 177, 331]  tape=1.099km B=4.49T unif=1.140% hoop=231MPa
  [   7] viol   f=   3.351  a=36.9 b=156.5 gap=26.7 (face=25.5mm) n=[166, 521, 629, 607, 429, 269, 878]  tape=2.716km B=9.44T unif=0.198% hoop=267MPa
  [   8] viol   f=   2.072  a=61.1 b=88.4 gap=26.5 (face=24.9mm) n=[281, 314, 896, 533, 286, 380, 900]  tape=1.990km B=9.80T unif=0.570% hoop=372MPa
  [   9] OK     f=   1.799  a=59.0 b=85.2 gap=22.1 (face=16.1mm) n=[181, 141, 847, 850, 344, 239, 877]  tape=1.799km B=10.79T unif=0.836% hoop=309MPa
  [  10] INFEAS f=15767.890  a=22.2 b=101.2 gap=24.8 (face=21.7mm) n=[54, 253, 819, 609, 615, 104, 800]  no evaluation (geometry pre-check)
  [  11] OK     f=   1.661  a=51.1 b=87.9 gap=21.5 (face=14.9mm) n=[128, 425, 767, 790, 201, 315, 597]  tape=1.661km B=10.60T unif=0.844% hoop=305MPa
  [  12] viol   f=   9.516  a=50.6 b=61.6 gap=15.5 (face=3.0mm) n=[78, 169, 736, 823, 196, 123, 838]  tape=1.184km B=11.65T unif=1.204% hoop=250MPa
  [  13] viol   f=   8.360  a=68.2 b=120.7 gap=28.6 (face=29.2mm) n=[299, 81, 711, 898, 162, 429, 861]  tape=2.369km B=8.27T unif=0.442% hoop=349MPa
  [  14] viol   f=   1.902  a=54.1 b=98.8 gap=20.1 (face=12.3mm) n=[143, 336, 811, 530, 425, 373, 669]  tape=1.899km B=9.96T unif=0.740% hoop=390MPa
  [  15] viol   f=  10.321  a=56.9 b=106.0 gap=28.8 (face=29.5mm) n=[352, 201, 649, 655, 399, 59, 682]  tape=1.755km B=7.93T unif=0.503% hoop=280MPa
  [  16] INFEAS f=2190.399  a=33.3 b=82.8 gap=19.0 (face=10.1mm) n=[298, 510, 537, 782, 220, 561, 895]  no evaluation (geometry pre-check)
  [  17] viol   f=  37.940  a=93.4 b=116.9 gap=17.7 (face=7.3mm) n=[275, 252, 638, 609, 367, 233, 832]  tape=2.388km B=5.78T unif=0.821% hoop=400MPa
  [  18] viol   f=  15.524  a=71.6 b=97.2 gap=19.4 (face=10.8mm) n=[62, 122, 585, 793, 60, 172, 893]  tape=1.620km B=7.36T unif=0.869% hoop=332MPa
  [  19] OK     f=   1.938  a=41.2 b=107.3 gap=23.3 (face=18.7mm) n=[493, 408, 690, 774, 136, 255, 662]  tape=1.938km B=11.07T unif=0.418% hoop=282MPa
  [  20] viol   f=  16.694  a=53.5 b=108.7 gap=29.3 (face=30.7mm) n=[183, 89, 733, 613, 239, 79, 872]  tape=1.722km B=7.26T unif=0.411% hoop=250MPa
  [  21] viol   f=   2.588  a=57.4 b=92.1 gap=29.2 (face=30.4mm) n=[110, 779, 649, 615, 345, 188, 885]  tape=1.972km B=9.44T unif=0.560% hoop=335MPa
  [  22] viol   f=   4.270  a=60.3 b=117.0 gap=20.4 (face=12.9mm) n=[191, 78, 731, 899, 291, 98, 897]  tape=2.066km B=8.95T unif=0.511% hoop=306MPa
  [  23] viol   f=  30.627  a=39.9 b=119.5 gap=28.9 (face=29.8mm) n=[56, 221, 520, 328, 459, 114, 537]  tape=1.333km B=6.17T unif=0.431% hoop=181MPa
  [  24] INFEAS f=1096.526  a=32.0 b=99.8 gap=25.8 (face=23.5mm) n=[383, 206, 799, 546, 337, 141, 576]  no evaluation (geometry pre-check)
  [  25] OK     f=   2.125  a=52.5 b=88.8 gap=27.2 (face=26.4mm) n=[320, 421, 746, 892, 433, 424, 744]  tape=2.125km B=10.99T unif=0.594% hoop=400MPa
  [  26] INFEAS f=12426.379  a=88.6 b=76.7 gap=22.5 (face=16.9mm) n=[482, 398, 204, 778, 166, 564, 542]  no evaluation (geometry pre-check)
  [  27] INFEAS f=1299.323  a=55.7 b=57.9 gap=21.5 (face=15.0mm) n=[99, 475, 728, 667, 191, 136, 697]  no evaluation (geometry pre-check)
  [  28] OK     f=   2.479  a=46.2 b=100.3 gap=22.2 (face=16.4mm) n=[467, 348, 894, 896, 509, 601, 777]  tape=2.479km B=13.87T unif=0.604% hoop=358MPa
  [  29] viol   f=   6.798  a=70.6 b=82.5 gap=19.5 (face=11.1mm) n=[139, 379, 804, 622, 492, 110, 855]  tape=1.841km B=9.65T unif=1.153% hoop=400MPa
  [  30] viol   f=   1.848  a=56.5 b=83.1 gap=26.1 (face=24.2mm) n=[239, 458, 848, 559, 215, 408, 796]  tape=1.823km B=9.89T unif=0.592% hoop=334MPa
  [  31] viol   f=  13.457  a=78.5 b=91.1 gap=38.0 (face=48.0mm) n=[439, 499, 592, 768, 249, 234, 850]  tape=2.177km B=7.63T unif=0.250% hoop=400MPa
  [  32] OK     f=   1.746  a=41.6 b=73.3 gap=20.1 (face=12.2mm) n=[494, 334, 784, 834, 423, 369, 808]  tape=1.746km B=14.55T unif=0.935% hoop=326MPa
  [  33] viol   f=  29.500  a=77.3 b=87.6 gap=20.7 (face=13.4mm) n=[207, 164, 744, 761, 105, 57, 671]  tape=1.521km B=7.90T unif=1.309% hoop=399MPa
  [  34] OK     f=   1.466  a=50.1 b=61.6 gap=26.1 (face=24.1mm) n=[159, 245, 726, 898, 97, 774, 701]  tape=1.466km B=11.44T unif=0.673% hoop=265MPa
  [  35] viol   f=   9.592  a=51.2 b=112.1 gap=28.3 (face=28.5mm) n=[214, 325, 669, 562, 437, 68, 860]  tape=1.972km B=8.05T unif=0.395% hoop=305MPa
  [  36] OK     f=   2.386  a=58.1 b=94.4 gap=35.3 (face=42.6mm) n=[401, 706, 854, 877, 523, 151, 871]  tape=2.386km B=10.85T unif=0.355% hoop=337MPa
  [  37] viol   f=  55.254  a=76.8 b=82.6 gap=17.7 (face=7.4mm) n=[616, 695, 859, 756, 288, 276, 899]  tape=2.411km B=10.38T unif=1.514% hoop=400MPa
  [  38] OK     f=   2.329  a=46.8 b=106.6 gap=33.0 (face=38.1mm) n=[283, 703, 816, 653, 674, 311, 610]  tape=2.329km B=10.52T unif=0.462% hoop=287MPa
  [  39] viol   f=   3.898  a=51.8 b=70.0 gap=20.6 (face=13.2mm) n=[280, 605, 867, 899, 259, 409, 621]  tape=1.785km B=13.97T unif=1.103% hoop=367MPa
  [  40] OK     f=   1.567  a=38.6 b=86.2 gap=16.7 (face=5.3mm) n=[52, 598, 784, 892, 117, 250, 520]  tape=1.567km B=12.55T unif=0.797% hoop=270MPa
  [  41] INFEAS f=6528.349  a=23.5 b=83.3 gap=26.9 (face=25.7mm) n=[414, 682, 437, 618, 599, 383, 736]  no evaluation (geometry pre-check)
  [  42] viol   f=   1.842  a=56.0 b=84.8 gap=21.1 (face=14.3mm) n=[384, 319, 785, 800, 337, 274, 542]  tape=1.787km B=10.85T unif=1.017% hoop=361MPa
  [  43] INFEAS f=2436.988  a=65.5 b=64.5 gap=20.5 (face=13.0mm) n=[441, 740, 813, 684, 228, 321, 651]  no evaluation (geometry pre-check)
  [  44] viol   f=  22.360  a=53.2 b=68.5 gap=18.3 (face=8.6mm) n=[270, 388, 810, 795, 499, 96, 787]  tape=1.575km B=13.45T unif=1.322% hoop=360MPa
  [  45] viol   f=   2.041  a=61.6 b=71.2 gap=29.2 (face=30.3mm) n=[183, 394, 882, 614, 245, 287, 738]  tape=1.639km B=9.55T unif=0.247% hoop=332MPa
  [  46] OK     f=   1.876  a=46.8 b=89.3 gap=22.9 (face=17.9mm) n=[396, 147, 771, 819, 294, 300, 897]  tape=1.876km B=11.31T unif=0.653% hoop=348MPa
  [  47] INFEAS f=7396.977  a=25.7 b=31.8 gap=31.3 (face=34.6mm) n=[50, 674, 654, 628, 349, 510, 808]  no evaluation (geometry pre-check)
  [  48] INFEAS f=1574.313  a=83.2 b=84.5 gap=21.5 (face=15.1mm) n=[164, 309, 773, 710, 114, 196, 878]  no evaluation (geometry pre-check)
  [  49] OK     f=   1.803  a=56.5 b=67.3 gap=21.6 (face=15.2mm) n=[454, 313, 897, 886, 165, 761, 578]  tape=1.803km B=14.11T unif=0.809% hoop=364MPa
  [  50] INFEAS f=15000.203  a=25.5 b=52.4 gap=19.3 (face=10.6mm) n=[361, 250, 652, 900, 57, 104, 689]  no evaluation (geometry pre-check)
  [  51] viol   f=   1.587  a=61.1 b=70.8 gap=24.8 (face=21.5mm) n=[173, 449, 737, 548, 274, 365, 553]  tape=1.474km B=9.76T unif=0.946% hoop=367MPa
  [  52] INFEAS f=1576.237  a=34.4 b=101.9 gap=20.8 (face=13.6mm) n=[391, 354, 899, 727, 220, 466, 741]  no evaluation (geometry pre-check)
  [  53] viol   f=  30.584  a=54.5 b=84.8 gap=15.9 (face=3.9mm) n=[263, 87, 743, 687, 550, 261, 307]  tape=1.482km B=10.06T unif=1.381% hoop=329MPa
  [  54] viol   f=   6.721  a=75.5 b=85.9 gap=22.5 (face=17.1mm) n=[497, 386, 849, 646, 267, 426, 709]  tape=2.167km B=9.29T unif=1.133% hoop=400MPa
  [  55] viol   f=   9.170  a=43.5 b=63.6 gap=19.7 (face=11.3mm) n=[416, 94, 407, 445, 235, 535, 493]  tape=0.993km B=10.15T unif=1.202% hoop=264MPa
  [  56] OK     f=   1.417  a=37.0 b=66.2 gap=24.3 (face=20.5mm) n=[400, 321, 837, 633, 251, 297, 750]  tape=1.417km B=11.84T unif=0.648% hoop=255MPa
  [  57] viol   f=   2.784  a=38.9 b=71.9 gap=35.7 (face=43.5mm) n=[542, 90, 738, 900, 225, 333, 792]  tape=1.554km B=9.22T unif=0.347% hoop=206MPa
  [  58] OK     f=   1.427  a=33.3 b=75.6 gap=17.0 (face=6.1mm) n=[587, 245, 657, 552, 322, 317, 723]  tape=1.427km B=13.99T unif=0.776% hoop=296MPa
  [  59] INFEAS f=1971.975  a=64.1 b=64.2 gap=18.2 (face=8.4mm) n=[313, 321, 790, 741, 269, 114, 876]  no evaluation (geometry pre-check)
  [  60] INFEAS f=1000.173  a=31.8 b=104.2 gap=20.8 (face=13.7mm) n=[177, 449, 717, 677, 124, 462, 769]  no evaluation (geometry pre-check)
  [  61] INFEAS f=13820.127  a=67.3 b=54.4 gap=19.6 (face=11.3mm) n=[235, 236, 702, 899, 145, 526, 809]  no evaluation (geometry pre-check)
  [  62] viol   f=   5.771  a=49.2 b=110.3 gap=18.5 (face=8.9mm) n=[150, 392, 211, 808, 495, 422, 354]  tape=1.771km B=8.59T unif=0.489% hoop=338MPa
  [  63] INFEAS f=2194.733  a=33.2 b=61.6 gap=15.8 (face=3.7mm) n=[299, 370, 571, 892, 322, 185, 596]  no evaluation (geometry pre-check)
  [  64] OK     f=   2.047  a=60.0 b=86.5 gap=26.8 (face=25.6mm) n=[394, 403, 899, 794, 274, 226, 824]  tape=2.047km B=10.07T unif=0.665% hoop=400MPa
  [  65] OK     f=   1.598  a=43.1 b=83.2 gap=24.6 (face=21.3mm) n=[288, 268, 896, 896, 50, 320, 574]  tape=1.598km B=10.83T unif=0.927% hoop=279MPa
  [  66] INFEAS f=3666.340  a=27.9 b=75.4 gap=16.7 (face=5.5mm) n=[548, 473, 794, 641, 350, 292, 574]  no evaluation (geometry pre-check)
  [  67] INFEAS f=4086.761  a=72.0 b=68.2 gap=25.1 (face=22.2mm) n=[485, 427, 845, 780, 140, 376, 829]  no evaluation (geometry pre-check)
  [  68] INFEAS f=4665.645  a=28.5 b=60.5 gap=18.4 (face=8.8mm) n=[268, 153, 832, 615, 170, 343, 597]  no evaluation (geometry pre-check)
  [  69] INFEAS f=1000.348  a=36.0 b=49.1 gap=32.1 (face=36.1mm) n=[262, 135, 882, 830, 342, 346, 603]  no evaluation (geometry pre-check)
  [  70] INFEAS f=19515.478  a=67.9 b=51.3 gap=29.5 (face=31.0mm) n=[274, 121, 896, 604, 471, 319, 828]  no evaluation (geometry pre-check)
  [  71] OK     f=   2.122  a=47.5 b=100.2 gap=22.0 (face=16.0mm) n=[463, 507, 626, 599, 415, 245, 856]  tape=2.122km B=11.20T unif=0.596% hoop=400MPa
  [  72] viol   f=   1.935  a=58.2 b=100.1 gap=19.1 (face=10.2mm) n=[344, 232, 807, 900, 228, 90, 659]  tape=1.928km B=9.94T unif=0.844% hoop=337MPa
  [  73] viol   f=   2.025  a=58.8 b=101.7 gap=21.2 (face=14.4mm) n=[269, 286, 703, 845, 428, 97, 748]  tape=2.001km B=9.89T unif=0.739% hoop=379MPa
  [  74] viol   f=   4.190  a=40.1 b=102.2 gap=32.4 (face=36.8mm) n=[659, 139, 537, 788, 63, 329, 654]  tape=1.726km B=8.89T unif=0.513% hoop=218MPa
  [  75] viol   f=   1.324  a=32.8 b=74.0 gap=24.1 (face=20.1mm) n=[356, 129, 739, 479, 354, 91, 640]  tape=1.175km B=9.73T unif=0.787% hoop=207MPa
  [  76] viol   f=   1.892  a=50.8 b=75.5 gap=35.8 (face=43.6mm) n=[250, 653, 795, 803, 246, 224, 726]  tape=1.677km B=9.67T unif=0.248% hoop=248MPa
  [  77] OK     f=   1.902  a=38.2 b=100.1 gap=19.6 (face=11.3mm) n=[387, 238, 685, 899, 377, 120, 763]  tape=1.902km B=11.60T unif=0.719% hoop=277MPa
  [  78] OK     f=   1.885  a=40.6 b=112.5 gap=22.6 (face=17.2mm) n=[311, 63, 812, 892, 149, 367, 535]  tape=1.885km B=10.07T unif=0.463% hoop=246MPa
  [  79] INFEAS f=1082.938  a=71.3 b=74.9 gap=21.1 (face=14.1mm) n=[181, 162, 765, 892, 278, 249, 542]  no evaluation (geometry pre-check)
  [  80] INFEAS f=8976.937  a=27.8 b=80.3 gap=27.2 (face=26.4mm) n=[589, 165, 887, 649, 56, 428, 525]  no evaluation (geometry pre-check)
  [  81] INFEAS f=22843.529  a=22.1 b=111.9 gap=22.6 (face=17.2mm) n=[378, 165, 884, 802, 59, 139, 570]  no evaluation (geometry pre-check)
  [  82] viol   f=  13.375  a=53.6 b=91.9 gap=34.7 (face=41.4mm) n=[370, 367, 770, 565, 84, 235, 600]  tape=1.630km B=7.58T unif=0.446% hoop=364MPa
  [  83] INFEAS f=2902.979  a=26.3 b=83.6 gap=31.6 (face=35.2mm) n=[442, 145, 731, 600, 275, 222, 487]  no evaluation (geometry pre-check)
  [  84] OK     f=   1.860  a=51.5 b=83.3 gap=18.4 (face=8.9mm) n=[491, 316, 834, 889, 57, 332, 844]  tape=1.860km B=12.93T unif=0.974% hoop=358MPa
  [  85] viol   f=   2.405  a=36.1 b=90.5 gap=29.3 (face=30.5mm) n=[168, 378, 860, 600, 155, 426, 757]  tape=1.680km B=9.40T unif=0.519% hoop=223MPa
  [  86] INFEAS f=6302.636  a=26.5 b=79.6 gap=27.9 (face=27.9mm) n=[302, 307, 606, 627, 224, 346, 812]  no evaluation (geometry pre-check)
  [  87] OK     f=   1.641  a=38.2 b=78.0 gap=27.1 (face=26.2mm) n=[323, 315, 888, 898, 404, 292, 426]  tape=1.641km B=11.13T unif=0.814% hoop=335MPa
  [  88] viol   f=  11.209  a=34.7 b=88.4 gap=20.1 (face=12.3mm) n=[76, 58, 757, 645, 111, 51, 506]  tape=1.048km B=8.38T unif=1.156% hoop=150MPa
  [  89] viol   f=   8.366  a=48.2 b=99.5 gap=29.6 (face=31.2mm) n=[463, 280, 899, 567, 143, 50, 581]  tape=1.727km B=8.18T unif=0.569% hoop=265MPa
  [  90] OK     f=   1.434  a=45.6 b=61.1 gap=32.1 (face=36.2mm) n=[530, 255, 850, 621, 434, 130, 739]  tape=1.434km B=10.36T unif=0.651% hoop=258MPa
  [  91] INFEAS f=2327.758  a=33.2 b=52.9 gap=29.3 (face=30.5mm) n=[385, 302, 897, 570, 425, 245, 499]  no evaluation (geometry pre-check)
  [  92] INFEAS f=2239.193  a=33.3 b=75.8 gap=23.6 (face=19.3mm) n=[51, 227, 898, 790, 369, 140, 476]  no evaluation (geometry pre-check)
  [  93] INFEAS f=1031.346  a=36.2 b=67.2 gap=28.8 (face=29.6mm) n=[784, 163, 899, 808, 489, 147, 613]  no evaluation (geometry pre-check)
  [  94] viol   f= 155.608  a=44.6 b=54.7 gap=32.3 (face=36.6mm) n=[505, 283, 828, 801, 302, 210, 614]  tape=1.315km B=10.62T unif=1.878% hoop=230MPa
  [  95] OK     f=   1.447  a=50.2 b=77.6 gap=25.0 (face=22.1mm) n=[331, 290, 754, 675, 280, 57, 731]  tape=1.447km B=10.04T unif=0.720% hoop=291MPa
  [  96] OK     f=   1.723  a=52.8 b=81.0 gap=26.1 (face=24.1mm) n=[610, 329, 549, 770, 328, 253, 659]  tape=1.723km B=10.45T unif=0.803% hoop=312MPa
  [  97] OK     f=   2.224  a=50.4 b=90.7 gap=23.4 (face=18.7mm) n=[333, 361, 886, 900, 570, 417, 739]  tape=2.224km B=13.25T unif=0.735% hoop=388MPa
  [  98] INFEAS f=10315.181  a=25.8 b=71.7 gap=27.3 (face=26.7mm) n=[492, 231, 853, 563, 462, 138, 401]  no evaluation (geometry pre-check)
  [  99] OK     f=   1.942  a=59.2 b=74.1 gap=27.4 (face=26.8mm) n=[597, 267, 854, 897, 389, 226, 842]  tape=1.942km B=11.95T unif=0.468% hoop=333MPa
  [ 100] OK     f=   1.279  a=41.1 b=60.8 gap=23.3 (face=18.6mm) n=[181, 429, 889, 896, 357, 120, 356]  tape=1.279km B=11.81T unif=0.580% hoop=251MPa
  [ 101] OK     f=   1.259  a=38.0 b=57.1 gap=27.1 (face=26.3mm) n=[467, 388, 818, 679, 315, 207, 467]  tape=1.259km B=11.55T unif=0.259% hoop=250MPa
  [ 102] viol   f=   3.880  a=42.5 b=80.7 gap=20.1 (face=12.2mm) n=[326, 278, 888, 552, 289, 79, 356]  tape=1.389km B=9.51T unif=1.100% hoop=298MPa
  [ 103] viol   f=  24.249  a=47.0 b=59.2 gap=20.2 (face=12.4mm) n=[118, 71, 676, 665, 457, 157, 311]  tape=0.942km B=9.81T unif=1.341% hoop=229MPa
  [ 104] INFEAS f=1063.408  a=35.8 b=69.1 gap=21.4 (face=14.8mm) n=[381, 335, 573, 894, 83, 386, 437]  no evaluation (geometry pre-check)
  [ 105] viol   f=   5.550  a=65.4 b=76.7 gap=30.7 (face=33.3mm) n=[142, 409, 766, 817, 435, 55, 496]  tape=1.581km B=8.59T unif=0.470% hoop=314MPa
  [ 106] OK     f=   1.608  a=46.3 b=75.8 gap=27.9 (face=27.8mm) n=[194, 397, 891, 835, 185, 176, 890]  tape=1.608km B=10.84T unif=0.432% hoop=262MPa
  [ 107] viol   f=  17.737  a=59.4 b=67.3 gap=31.6 (face=35.3mm) n=[257, 96, 531, 780, 251, 113, 531]  tape=1.195km B=7.12T unif=0.155% hoop=255MPa
  [ 108] OK     f=   1.253  a=37.7 b=61.7 gap=20.5 (face=13.1mm) n=[252, 352, 786, 718, 341, 182, 647]  tape=1.253km B=12.66T unif=0.891% hoop=252MPa
  [ 109] OK     f=   2.311  a=69.9 b=87.7 gap=26.5 (face=24.9mm) n=[439, 292, 899, 900, 584, 276, 744]  tape=2.311km B=11.04T unif=0.797% hoop=400MPa
  [ 110] OK     f=   1.634  a=44.7 b=72.0 gap=26.8 (face=25.6mm) n=[363, 494, 893, 820, 480, 151, 410]  tape=1.634km B=11.85T unif=0.634% hoop=312MPa
  [ 111] OK     f=   1.444  a=38.5 b=65.7 gap=26.7 (face=25.3mm) n=[397, 492, 777, 877, 450, 148, 344]  tape=1.444km B=11.92T unif=0.544% hoop=287MPa
  [ 112] viol   f=   1.659  a=35.7 b=67.3 gap=31.0 (face=34.0mm) n=[228, 334, 677, 810, 548, 167, 631]  tape=1.366km B=9.62T unif=0.258% hoop=207MPa
  [ 113] INFEAS f=4811.406  a=30.8 b=59.4 gap=20.8 (face=13.7mm) n=[322, 449, 898, 823, 174, 125, 662]  no evaluation (geometry pre-check)
  [ 114] OK     f=   1.468  a=46.4 b=76.2 gap=25.9 (face=23.8mm) n=[164, 285, 854, 821, 354, 95, 597]  tape=1.468km B=10.35T unif=0.761% hoop=254MPa
  [ 115] INFEAS f=1278.317  a=34.0 b=62.0 gap=27.7 (face=27.3mm) n=[275, 404, 868, 853, 476, 79, 376]  no evaluation (geometry pre-check)
  [ 116] OK     f=   1.304  a=41.2 b=57.6 gap=22.0 (face=16.1mm) n=[384, 250, 829, 891, 278, 67, 812]  tape=1.304km B=12.96T unif=0.427% hoop=246MPa
  [ 117] OK     f=   1.607  a=50.2 b=64.3 gap=23.5 (face=19.0mm) n=[518, 524, 716, 602, 458, 134, 841]  tape=1.607km B=12.15T unif=0.806% hoop=400MPa
  [ 118] INFEAS f=1028.862  a=36.1 b=57.6 gap=27.7 (face=27.4mm) n=[446, 453, 897, 894, 397, 152, 534]  no evaluation (geometry pre-check)
  [ 119] OK     f=   1.576  a=38.9 b=72.8 gap=22.4 (face=16.7mm) n=[352, 279, 862, 734, 110, 425, 894]  tape=1.576km B=12.43T unif=0.849% hoop=260MPa
  [ 120] OK     f=   1.368  a=50.7 b=63.5 gap=20.9 (face=13.8mm) n=[433, 444, 449, 816, 311, 152, 515]  tape=1.368km B=10.29T unif=0.929% hoop=400MPa
  [ 121] OK     f=   1.289  a=49.2 b=60.5 gap=21.8 (face=15.5mm) n=[283, 493, 696, 659, 224, 93, 782]  tape=1.289km B=11.66T unif=0.732% hoop=305MPa
  [ 122] OK     f=   1.480  a=44.5 b=80.3 gap=25.7 (face=23.4mm) n=[251, 55, 803, 681, 529, 79, 821]  tape=1.480km B=10.13T unif=0.615% hoop=243MPa
  [ 123] OK     f=   1.199  a=47.0 b=57.2 gap=24.2 (face=20.3mm) n=[354, 267, 431, 707, 522, 60, 772]  tape=1.199km B=10.49T unif=0.105% hoop=280MPa
  [ 124] OK     f=   1.541  a=49.9 b=62.5 gap=27.1 (face=26.3mm) n=[637, 280, 772, 863, 382, 71, 795]  tape=1.541km B=12.12T unif=0.116% hoop=272MPa
  [ 125] INFEAS f=3200.843  a=39.9 b=37.5 gap=26.7 (face=25.5mm) n=[525, 238, 331, 857, 314, 214, 896]  no evaluation (geometry pre-check)
  [ 126] OK     f=   1.334  a=37.3 b=64.7 gap=19.5 (face=11.1mm) n=[364, 435, 539, 888, 253, 228, 429]  tape=1.334km B=11.52T unif=0.835% hoop=313MPa
  [ 127] INFEAS f=1742.367  a=34.2 b=61.8 gap=24.5 (face=21.0mm) n=[231, 464, 700, 900, 431, 286, 609]  no evaluation (geometry pre-check)
  [ 128] viol   f=  20.846  a=39.7 b=53.0 gap=23.0 (face=18.0mm) n=[313, 77, 771, 896, 315, 69, 799]  tape=1.136km B=11.65T unif=1.314% hoop=202MPa
  [ 129] OK     f=   1.481  a=59.0 b=66.8 gap=25.2 (face=22.4mm) n=[233, 332, 898, 824, 321, 52, 541]  tape=1.481km B=10.14T unif=0.523% hoop=290MPa
  [ 130] OK     f=   1.286  a=43.1 b=75.1 gap=21.2 (face=14.5mm) n=[166, 86, 804, 639, 311, 122, 787]  tape=1.286km B=10.18T unif=0.816% hoop=221MPa
  [ 131] INFEAS f=1042.556  a=35.5 b=58.6 gap=21.8 (face=15.6mm) n=[408, 384, 606, 884, 224, 71, 730]  no evaluation (geometry pre-check)
  [ 132] OK     f=   1.692  a=46.5 b=73.2 gap=21.5 (face=15.0mm) n=[526, 61, 856, 797, 587, 268, 757]  tape=1.692km B=13.69T unif=0.885% hoop=308MPa
  [ 133] OK     f=   1.303  a=44.7 b=62.7 gap=20.2 (face=12.4mm) n=[128, 299, 637, 792, 479, 163, 796]  tape=1.303km B=11.92T unif=0.401% hoop=270MPa
  [ 134] INFEAS f=1695.188  a=53.1 b=53.9 gap=25.9 (face=23.8mm) n=[291, 334, 687, 852, 645, 169, 633]  no evaluation (geometry pre-check)
  [ 135] INFEAS f=1136.882  a=71.8 b=74.9 gap=28.5 (face=29.0mm) n=[267, 349, 767, 873, 148, 92, 825]  no evaluation (geometry pre-check)
  [ 136] viol   f=   9.832  a=44.9 b=71.8 gap=16.6 (face=5.3mm) n=[274, 155, 862, 897, 455, 161, 849]  tape=1.583km B=14.11T unif=1.203% hoop=301MPa
  [ 137] INFEAS f=5383.247  a=54.6 b=49.1 gap=30.5 (face=33.1mm) n=[350, 503, 880, 838, 590, 61, 772]  no evaluation (geometry pre-check)
  [ 138] OK     f=   1.273  a=39.2 b=55.6 gap=22.2 (face=16.4mm) n=[501, 220, 671, 895, 314, 131, 638]  tape=1.273km B=12.20T unif=0.424% hoop=245MPa
  [ 139] OK     f=   1.565  a=42.3 b=78.2 gap=23.0 (face=18.1mm) n=[447, 61, 724, 875, 406, 220, 600]  tape=1.565km B=11.25T unif=0.819% hoop=273MPa
  [ 140] INFEAS f=3169.639  a=52.5 b=50.1 gap=25.3 (face=22.5mm) n=[193, 398, 722, 723, 171, 122, 802]  no evaluation (geometry pre-check)
  [ 141] OK     f=   1.369  a=37.9 b=60.5 gap=27.8 (face=27.6mm) n=[370, 160, 788, 887, 448, 175, 765]  tape=1.369km B=11.12T unif=0.610% hoop=228MPa
  [ 142] viol   f=   0.929  a=44.4 b=51.4 gap=22.2 (face=16.5mm) n=[316, 82, 541, 701, 377, 68, 511]  tape=0.920km B=9.93T unif=0.102% hoop=231MPa
  [ 143] OK     f=   1.546  a=49.7 b=70.5 gap=20.3 (face=12.6mm) n=[312, 144, 702, 842, 479, 255, 709]  tape=1.546km B=11.92T unif=0.886% hoop=312MPa
  [ 144] OK     f=   1.258  a=36.6 b=63.1 gap=20.8 (face=13.5mm) n=[261, 218, 617, 866, 297, 203, 652]  tape=1.258km B=11.15T unif=0.888% hoop=249MPa
  [ 145] OK     f=   1.002  a=42.2 b=50.5 gap=23.5 (face=19.0mm) n=[521, 149, 652, 719, 253, 128, 522]  tape=1.002km B=11.68T unif=0.156% hoop=222MPa
  [ 146] OK     f=   0.963  a=33.8 b=41.5 gap=22.3 (face=16.6mm) n=[475, 247, 418, 686, 457, 141, 795]  tape=0.963km B=12.16T unif=0.687% hoop=201MPa
  [ 147] OK     f=   1.286  a=39.1 b=56.8 gap=20.1 (face=12.1mm) n=[323, 156, 758, 874, 550, 130, 694]  tape=1.286km B=13.59T unif=0.488% hoop=252MPa
  [ 148] OK     f=   1.520  a=45.7 b=75.8 gap=18.4 (face=8.7mm) n=[243, 328, 714, 843, 276, 140, 771]  tape=1.520km B=11.84T unif=0.955% hoop=303MPa
  [ 149] OK     f=   1.540  a=55.6 b=65.2 gap=20.8 (face=13.6mm) n=[385, 250, 799, 889, 315, 64, 849]  tape=1.540km B=12.38T unif=0.645% hoop=318MPa
  [ 150] viol   f=1127.063  a=38.3 b=47.5 gap=20.3 (face=12.5mm) n=[415, 62, 887, 876, 453, 102, 518]  tape=1.090km B=13.85T unif=3.373% hoop=223MPa
  [ 151] INFEAS f=11445.009  a=42.4 b=31.3 gap=22.1 (face=16.1mm) n=[338, 103, 585, 693, 350, 368, 646]  no evaluation (geometry pre-check)
  [ 152] viol   f=   2.572  a=56.1 b=77.0 gap=23.9 (face=19.9mm) n=[312, 230, 687, 736, 188, 167, 573]  tape=1.397km B=9.23T unif=0.982% hoop=275MPa
  [ 153] INFEAS f=16337.058  a=55.7 b=41.1 gap=23.4 (face=18.7mm) n=[286, 94, 302, 725, 550, 309, 706]  no evaluation (geometry pre-check)
  [ 154] INFEAS f=2362.647  a=41.0 b=40.2 gap=23.6 (face=19.2mm) n=[281, 103, 766, 894, 272, 195, 440]  no evaluation (geometry pre-check)
  [ 155] INFEAS f=1600.423  a=33.3 b=48.2 gap=22.5 (face=17.0mm) n=[370, 116, 609, 870, 588, 175, 481]  no evaluation (geometry pre-check)
  [ 156] OK     f=   1.067  a=47.4 b=56.3 gap=20.9 (face=13.8mm) n=[208, 56, 728, 835, 231, 213, 438]  tape=1.067km B=10.30T unif=0.456% hoop=262MPa
  [ 157] INFEAS f=8840.817  a=27.7 b=65.4 gap=22.1 (face=16.1mm) n=[465, 156, 636, 884, 344, 77, 630]  no evaluation (geometry pre-check)
  [ 158] INFEAS f=7703.964  a=49.0 b=41.1 gap=19.5 (face=11.0mm) n=[340, 112, 571, 689, 425, 158, 635]  no evaluation (geometry pre-check)
  [ 159] viol   f=   1.842  a=46.6 b=53.4 gap=24.2 (face=20.5mm) n=[358, 50, 500, 881, 323, 123, 542]  tape=1.096km B=9.39T unif=0.830% hoop=256MPa
  [ 160] INFEAS f=1021.409  a=54.9 b=59.1 gap=24.6 (face=21.1mm) n=[520, 166, 666, 892, 354, 163, 501]  no evaluation (geometry pre-check)
  [ 161] viol   f=   5.263  a=50.2 b=63.0 gap=21.7 (face=15.5mm) n=[208, 65, 570, 782, 129, 237, 465]  tape=1.053km B=8.55T unif=0.686% hoop=236MPa
  [ 162] viol   f=   2.139  a=57.3 b=75.0 gap=30.0 (face=31.9mm) n=[340, 100, 687, 800, 299, 419, 757]  tape=1.618km B=9.49T unif=0.172% hoop=290MPa
  [ 163] viol   f=   6.691  a=49.5 b=63.7 gap=19.4 (face=10.8mm) n=[337, 50, 424, 741, 54, 88, 619]  tape=0.962km B=8.31T unif=0.704% hoop=242MPa
  [ 164] viol   f=  21.340  a=43.4 b=68.1 gap=25.5 (face=23.0mm) n=[186, 111, 408, 447, 232, 277, 288]  tape=0.782km B=6.79T unif=0.715% hoop=219MPa
  [ 165] viol   f=   1.264  a=53.4 b=59.5 gap=21.2 (face=14.4mm) n=[244, 225, 526, 837, 250, 290, 541]  tape=1.263km B=9.98T unif=0.384% hoop=341MPa
  [ 166] OK     f=   1.255  a=43.1 b=59.1 gap=22.0 (face=16.1mm) n=[341, 218, 691, 847, 251, 229, 564]  tape=1.255km B=11.14T unif=0.548% hoop=267MPa
  [ 167] viol   f=   1.251  a=39.1 b=57.2 gap=24.6 (face=21.1mm) n=[387, 444, 297, 897, 276, 102, 505]  tape=1.166km B=9.79T unif=0.222% hoop=283MPa
  [ 168] viol   f=   2.215  a=51.0 b=73.4 gap=23.1 (face=18.2mm) n=[353, 85, 568, 878, 462, 161, 420]  tape=1.419km B=9.37T unif=0.737% hoop=303MPa
  [ 169] INFEAS f=1026.252  a=39.5 b=43.7 gap=21.4 (face=14.9mm) n=[263, 248, 724, 887, 243, 80, 431]  no evaluation (geometry pre-check)
  [ 170] INFEAS f=3853.700  a=51.1 b=47.7 gap=23.6 (face=19.2mm) n=[569, 191, 598, 745, 277, 437, 335]  no evaluation (geometry pre-check)
  [ 171] INFEAS f=2553.234  a=30.9 b=62.8 gap=19.9 (face=11.9mm) n=[363, 53, 540, 845, 195, 199, 659]  no evaluation (geometry pre-check)
  [ 172] OK     f=   1.316  a=46.9 b=58.4 gap=25.7 (face=23.3mm) n=[476, 161, 417, 900, 250, 290, 664]  tape=1.316km B=10.07T unif=0.359% hoop=276MPa
  [ 173] OK     f=   1.468  a=42.0 b=68.1 gap=23.3 (face=18.6mm) n=[679, 84, 671, 834, 351, 242, 682]  tape=1.468km B=12.79T unif=0.868% hoop=256MPa
  [ 174] viol   f=   2.644  a=51.8 b=61.8 gap=24.0 (face=20.0mm) n=[403, 222, 586, 873, 210, 203, 326]  tape=1.257km B=9.17T unif=0.417% hoop=273MPa
  [ 175] viol   f=   1.435  a=40.4 b=68.6 gap=19.6 (face=11.3mm) n=[243, 73, 741, 858, 473, 314, 687]  tape=1.423km B=12.58T unif=1.008% hoop=268MPa
  [ 176] INFEAS f=51645.161  a=14.5 b=41.6 gap=25.8 (face=23.7mm) n=[579, 143, 366, 700, 134, 109, 876]  no evaluation (geometry pre-check)
  [ 177] viol   f=   8.291  a=41.2 b=62.3 gap=17.1 (face=6.1mm) n=[200, 94, 458, 641, 122, 58, 521]  tape=0.809km B=8.41T unif=1.110% hoop=198MPa
  [ 178] INFEAS f=1208.070  a=51.6 b=54.3 gap=22.0 (face=16.1mm) n=[580, 265, 547, 900, 567, 381, 575]  no evaluation (geometry pre-check)
  [ 179] viol   f=   1.308  a=46.0 b=58.5 gap=21.1 (face=14.2mm) n=[276, 172, 516, 681, 269, 303, 352]  tape=1.019km B=9.62T unif=1.002% hoop=275MPa
  [ 180] INFEAS f=22021.667  a=22.6 b=39.7 gap=26.9 (face=25.9mm) n=[398, 293, 355, 890, 330, 92, 689]  no evaluation (geometry pre-check)
  [ 181] OK     f=   1.417  a=39.1 b=73.4 gap=22.4 (face=16.8mm) n=[143, 306, 587, 879, 218, 394, 584]  tape=1.417km B=10.36T unif=0.848% hoop=262MPa
  [ 182] viol   f=   6.174  a=44.7 b=75.9 gap=25.5 (face=23.0mm) n=[362, 292, 433, 749, 388, 205, 286]  tape=1.288km B=8.44T unif=0.712% hoop=276MPa
  [ 183] INFEAS f=1083.068  a=43.5 b=47.1 gap=25.5 (face=23.0mm) n=[347, 107, 321, 602, 194, 123, 353]  no evaluation (geometry pre-check)
  [ 184] INFEAS f=1238.222  a=46.4 b=49.0 gap=20.1 (face=12.1mm) n=[477, 154, 849, 874, 154, 596, 580]  no evaluation (geometry pre-check)
  [ 185] viol   f=  43.170  a=57.0 b=65.8 gap=21.1 (face=14.3mm) n=[417, 202, 547, 611, 415, 225, 532]  tape=1.257km B=10.51T unif=1.458% hoop=349MPa
  [ 186] viol   f=   1.341  a=45.6 b=64.2 gap=18.5 (face=8.9mm) n=[495, 150, 644, 898, 308, 108, 480]  tape=1.335km B=11.44T unif=1.005% hoop=307MPa
  [ 187] OK     f=   1.211  a=44.4 b=52.2 gap=19.4 (face=10.8mm) n=[377, 120, 566, 896, 245, 465, 445]  tape=1.211km B=11.71T unif=0.319% hoop=304MPa
  [ 188] OK     f=   1.207  a=46.5 b=59.1 gap=20.6 (face=13.2mm) n=[461, 82, 597, 828, 229, 208, 587]  tape=1.207km B=10.99T unif=0.625% hoop=274MPa
  [ 189] INFEAS f=2841.884  a=57.9 b=56.1 gap=19.3 (face=10.6mm) n=[246, 124, 591, 795, 335, 625, 51]  no evaluation (geometry pre-check)
  [ 190] OK     f=   1.400  a=39.0 b=63.0 gap=21.8 (face=15.6mm) n=[387, 297, 771, 788, 383, 291, 741]  tape=1.400km B=13.26T unif=0.868% hoop=264MPa
  [ 191] OK     f=   1.139  a=39.2 b=48.7 gap=19.0 (face=10.1mm) n=[484, 283, 742, 784, 174, 455, 489]  tape=1.139km B=14.73T unif=0.357% hoop=267MPa
  [ 192] OK     f=   1.162  a=44.5 b=50.9 gap=23.1 (face=18.2mm) n=[361, 185, 529, 878, 376, 166, 550]  tape=1.162km B=10.66T unif=0.711% hoop=273MPa
  [ 193] INFEAS f=1709.197  a=49.2 b=50.0 gap=23.7 (face=19.3mm) n=[368, 115, 377, 837, 202, 168, 545]  no evaluation (geometry pre-check)
  [ 194] OK     f=   1.418  a=44.6 b=58.9 gap=20.0 (face=12.1mm) n=[414, 290, 666, 874, 311, 314, 634]  tape=1.418km B=12.84T unif=0.633% hoop=362MPa
  [ 195] OK     f=   0.995  a=46.2 b=52.9 gap=20.9 (face=13.8mm) n=[427, 83, 450, 724, 232, 333, 387]  tape=0.995km B=10.10T unif=0.603% hoop=269MPa
  [ 196] INFEAS f=1391.036  a=50.9 b=52.8 gap=20.5 (face=13.1mm) n=[304, 155, 686, 884, 174, 280, 456]  no evaluation (geometry pre-check)
  [ 197] INFEAS f=1690.251  a=49.3 b=50.1 gap=24.4 (face=20.9mm) n=[702, 131, 420, 888, 364, 160, 584]  no evaluation (geometry pre-check)
  [ 198] INFEAS f=1334.658  a=34.7 b=61.9 gap=19.3 (face=10.7mm) n=[309, 146, 721, 892, 275, 69, 425]  no evaluation (geometry pre-check)
  [ 199] OK     f=   1.202  a=37.0 b=68.2 gap=21.5 (face=15.1mm) n=[426, 126, 649, 821, 222, 116, 517]  tape=1.202km B=10.63T unif=0.938% hoop=221MPa
  [ 200] viol   f=  17.144  a=53.4 b=68.1 gap=19.3 (face=10.7mm) n=[638, 78, 624, 847, 278, 446, 656]  tape=1.593km B=12.63T unif=1.279% hoop=371MPa
  [ 201] OK     f=   1.403  a=47.1 b=62.6 gap=22.3 (face=16.6mm) n=[536, 354, 591, 833, 217, 360, 403]  tape=1.403km B=11.52T unif=0.896% hoop=319MPa
  [ 202] INFEAS f=5265.101  a=49.1 b=43.8 gap=26.5 (face=25.0mm) n=[354, 211, 580, 700, 304, 156, 388]  no evaluation (geometry pre-check)
  [ 203] INFEAS f=1281.196  a=35.2 b=50.0 gap=20.6 (face=13.2mm) n=[579, 255, 436, 900, 281, 144, 394]  no evaluation (geometry pre-check)
  [ 204] INFEAS f=1790.186  a=41.2 b=41.7 gap=19.8 (face=11.6mm) n=[495, 192, 574, 750, 296, 380, 555]  no evaluation (geometry pre-check)
  [ 205] OK     f=   1.125  a=45.2 b=55.5 gap=23.6 (face=19.2mm) n=[542, 207, 548, 878, 246, 59, 338]  tape=1.125km B=10.16T unif=0.280% hoop=259MPa
  [ 206] viol   f=   3.463  a=38.8 b=48.7 gap=22.8 (face=17.7mm) n=[374, 73, 629, 838, 285, 222, 666]  tape=1.056km B=11.44T unif=1.110% hoop=217MPa
  [ 207] viol   f=   1.061  a=47.4 b=59.3 gap=20.0 (face=12.0mm) n=[376, 90, 393, 603, 492, 273, 548]  tape=1.050km B=10.58T unif=1.007% hoop=285MPa
  [ 208] OK     f=   1.021  a=38.9 b=50.6 gap=18.9 (face=9.9mm) n=[474, 244, 384, 860, 319, 137, 311]  tape=1.021km B=10.75T unif=0.148% hoop=260MPa
  [ 209] INFEAS f=1922.865  a=44.3 b=44.5 gap=18.8 (face=9.6mm) n=[480, 99, 486, 869, 331, 349, 401]  no evaluation (geometry pre-check)
  [ 210] OK     f=   1.372  a=47.4 b=57.9 gap=22.2 (face=16.4mm) n=[396, 158, 780, 900, 232, 271, 689]  tape=1.372km B=12.36T unif=0.164% hoop=271MPa
  [ 211] viol   f=   2.016  a=41.7 b=63.6 gap=19.1 (face=10.2mm) n=[473, 163, 735, 891, 256, 200, 438]  tape=1.322km B=12.03T unif=1.059% hoop=280MPa
  [ 212] OK     f=   0.971  a=43.6 b=49.6 gap=22.4 (face=16.8mm) n=[544, 322, 284, 726, 351, 101, 395]  tape=0.971km B=10.39T unif=0.595% hoop=256MPa
  [ 213] INFEAS f=1441.670  a=51.5 b=53.2 gap=18.2 (face=8.4mm) n=[529, 384, 467, 900, 511, 169, 522]  no evaluation (geometry pre-check)
  [ 214] viol   f= 127.061  a=47.4 b=59.7 gap=18.5 (face=9.1mm) n=[593, 147, 303, 610, 357, 339, 495]  tape=1.083km B=11.46T unif=1.794% hoop=323MPa
  [ 215] viol   f=  49.836  a=49.8 b=66.4 gap=20.1 (face=12.3mm) n=[578, 58, 542, 707, 404, 397, 420]  tape=1.312km B=11.54T unif=1.493% hoop=380MPa
  [ 216] viol   f=   6.215  a=48.6 b=65.1 gap=19.7 (face=11.3mm) n=[554, 341, 668, 856, 291, 204, 482]  tape=1.485km B=12.37T unif=1.154% hoop=352MPa
  [ 217] INFEAS f=1127.621  a=34.9 b=38.2 gap=18.3 (face=8.6mm) n=[388, 239, 429, 858, 355, 180, 433]  no evaluation (geometry pre-check)
  [ 218] viol   f=   4.699  a=50.9 b=70.6 gap=21.8 (face=15.6mm) n=[245, 83, 706, 762, 281, 288, 409]  tape=1.256km B=9.65T unif=1.127% hoop=339MPa
  [ 219] INFEAS f=1291.503  a=33.7 b=40.6 gap=24.3 (face=20.6mm) n=[445, 256, 253, 863, 289, 115, 314]  no evaluation (geometry pre-check)
  [ 220] INFEAS f=1113.249  a=48.6 b=51.9 gap=19.8 (face=11.7mm) n=[616, 236, 560, 665, 253, 243, 366]  no evaluation (geometry pre-check)
  [ 221] OK     f=   1.420  a=49.6 b=65.8 gap=23.5 (face=19.0mm) n=[432, 252, 600, 880, 392, 96, 512]  tape=1.420km B=10.47T unif=0.615% hoop=311MPa
  [ 222] viol   f=   1.366  a=42.7 b=56.8 gap=26.1 (face=24.2mm) n=[450, 349, 534, 877, 183, 252, 370]  tape=1.223km B=9.73T unif=0.078% hoop=256MPa
  [ 223] OK     f=   1.075  a=41.0 b=48.8 gap=22.0 (face=15.9mm) n=[359, 194, 633, 873, 265, 197, 424]  tape=1.075km B=10.88T unif=0.910% hoop=207MPa
  [ 224] OK     f=   1.070  a=36.5 b=54.0 gap=20.1 (face=12.2mm) n=[419, 300, 745, 871, 135, 132, 322]  tape=1.070km B=11.77T unif=0.634% hoop=238MPa
  [ 225] viol   f=   6.181  a=41.4 b=49.6 gap=20.0 (face=12.1mm) n=[518, 368, 346, 697, 368, 259, 336]  tape=1.010km B=12.09T unif=1.161% hoop=322MPa
  [ 226] OK     f=   1.256  a=44.8 b=58.3 gap=23.3 (face=18.6mm) n=[409, 147, 665, 835, 411, 101, 638]  tape=1.256km B=11.34T unif=0.275% hoop=260MPa
  [ 227] viol   f=   9.054  a=54.5 b=69.6 gap=21.7 (face=15.3mm) n=[348, 395, 520, 662, 456, 297, 540]  tape=1.427km B=11.07T unif=1.195% hoop=391MPa
  [ 228] viol   f=   2.164  a=41.2 b=51.8 gap=26.4 (face=24.8mm) n=[304, 268, 504, 721, 212, 104, 575]  tape=0.955km B=9.22T unif=0.739% hoop=227MPa
  [ 229] viol   f=   1.492  a=41.3 b=57.5 gap=21.0 (face=14.0mm) n=[507, 558, 545, 824, 294, 81, 450]  tape=1.256km B=12.77T unif=1.034% hoop=327MPa
  [ 230] OK     f=   1.287  a=46.2 b=58.9 gap=22.4 (face=16.7mm) n=[419, 467, 382, 900, 439, 87, 344]  tape=1.287km B=10.59T unif=0.374% hoop=370MPa
  [ 231] OK     f=   1.209  a=45.8 b=56.3 gap=24.3 (face=20.7mm) n=[431, 279, 693, 886, 146, 194, 370]  tape=1.209km B=10.15T unif=0.095% hoop=236MPa
  [ 232] INFEAS f=1681.180  a=49.6 b=50.5 gap=17.5 (face=7.1mm) n=[480, 140, 593, 893, 226, 229, 232]  no evaluation (geometry pre-check)
  [ 233] viol   f=  32.925  a=40.1 b=47.5 gap=22.1 (face=16.1mm) n=[393, 202, 378, 899, 211, 173, 298]  tape=0.951km B=9.22T unif=1.392% hoop=228MPa
  [ 234] viol   f= 539.674  a=35.2 b=43.3 gap=22.0 (face=16.0mm) n=[404, 316, 735, 789, 156, 136, 545]  tape=0.938km B=12.56T unif=2.641% hoop=214MPa
  [ 235] OK     f=   1.159  a=42.3 b=52.2 gap=21.0 (face=13.9mm) n=[522, 445, 553, 879, 233, 68, 357]  tape=1.159km B=11.85T unif=0.369% hoop=303MPa
  [ 236] INFEAS f=1000.462  a=36.3 b=49.8 gap=19.3 (face=10.6mm) n=[448, 312, 747, 889, 89, 144, 356]  no evaluation (geometry pre-check)
  [ 237] OK     f=   1.265  a=46.1 b=56.0 gap=18.4 (face=8.8mm) n=[242, 357, 816, 899, 163, 284, 425]  tape=1.265km B=12.75T unif=0.745% hoop=294MPa
  [ 238] INFEAS f=1019.051  a=42.7 b=47.0 gap=21.6 (face=15.2mm) n=[459, 499, 535, 837, 351, 154, 249]  no evaluation (geometry pre-check)
  [ 239] OK     f=   1.110  a=43.3 b=55.5 gap=23.9 (face=19.8mm) n=[365, 51, 792, 833, 166, 220, 559]  tape=1.110km B=11.05T unif=0.610% hoop=213MPa
  [ 240] OK     f=   1.017  a=45.3 b=52.0 gap=21.2 (face=14.4mm) n=[321, 198, 573, 796, 68, 270, 477]  tape=1.017km B=10.21T unif=0.075% hoop=242MPa
  [ 241] OK     f=   1.171  a=42.3 b=49.8 gap=21.7 (face=15.5mm) n=[376, 325, 628, 824, 223, 267, 630]  tape=1.171km B=12.33T unif=0.388% hoop=273MPa
  [ 242] OK     f=   1.060  a=41.2 b=52.4 gap=20.6 (face=13.2mm) n=[425, 164, 609, 887, 110, 156, 455]  tape=1.060km B=10.67T unif=0.166% hoop=237MPa
  [ 243] viol   f=   1.423  a=44.4 b=66.2 gap=21.9 (face=15.9mm) n=[246, 84, 708, 793, 112, 328, 363]  tape=1.115km B=9.61T unif=0.925% hoop=241MPa
  [ 244] OK     f=   1.338  a=41.9 b=64.4 gap=23.7 (face=19.4mm) n=[362, 215, 825, 876, 89, 397, 475]  tape=1.338km B=11.43T unif=0.660% hoop=248MPa
  [ 245] OK     f=   1.074  a=44.5 b=50.6 gap=23.4 (face=18.7mm) n=[385, 51, 583, 829, 202, 269, 626]  tape=1.074km B=10.58T unif=0.884% hoop=237MPa
  [ 246] INFEAS f=1003.980  a=43.1 b=47.8 gap=22.1 (face=16.2mm) n=[475, 55, 575, 860, 298, 62, 317]  no evaluation (geometry pre-check)
  [ 247] INFEAS f=1143.003  a=33.5 b=63.1 gap=18.4 (face=8.8mm) n=[214, 113, 593, 843, 347, 269, 585]  no evaluation (geometry pre-check)
  [ 248] OK     f=   1.292  a=48.8 b=54.8 gap=20.2 (face=12.3mm) n=[529, 252, 763, 783, 232, 422, 416]  tape=1.292km B=13.58T unif=0.662% hoop=362MPa
  [ 249] OK     f=   1.314  a=43.6 b=61.2 gap=22.9 (face=17.7mm) n=[432, 273, 749, 843, 116, 408, 418]  tape=1.314km B=11.85T unif=0.752% hoop=325MPa
  [ 250] INFEAS f=3582.029  a=42.8 b=39.8 gap=26.2 (face=24.4mm) n=[252, 64, 543, 890, 254, 211, 491]  no evaluation (geometry pre-check)
  [ 251] OK     f=   1.184  a=37.8 b=56.6 gap=21.0 (face=14.0mm) n=[374, 415, 698, 884, 128, 180, 404]  tape=1.184km B=11.88T unif=0.589% hoop=282MPa
  [ 252] OK     f=   1.293  a=42.1 b=64.9 gap=20.0 (face=12.0mm) n=[265, 285, 733, 899, 104, 305, 429]  tape=1.293km B=11.12T unif=1.000% hoop=285MPa
  [ 253] OK     f=   1.093  a=41.8 b=53.8 gap=19.9 (face=11.7mm) n=[386, 139, 716, 858, 291, 177, 316]  tape=1.093km B=11.44T unif=0.632% hoop=241MPa
  [ 254] OK     f=   1.177  a=40.2 b=59.0 gap=23.9 (face=19.7mm) n=[542, 101, 859, 833, 67, 208, 524]  tape=1.177km B=11.84T unif=0.479% hoop=221MPa
  [ 255] INFEAS f=1581.418  a=45.8 b=47.0 gap=23.0 (face=18.1mm) n=[516, 217, 434, 813, 193, 402, 387]  no evaluation (geometry pre-check)
  [ 256] OK     f=   1.157  a=42.7 b=52.4 gap=23.2 (face=18.4mm) n=[386, 237, 506, 898, 203, 151, 637]  tape=1.157km B=10.51T unif=0.772% hoop=255MPa
  [ 257] OK     f=   1.236  a=50.9 b=58.0 gap=21.0 (face=13.9mm) n=[436, 180, 736, 864, 55, 190, 591]  tape=1.236km B=11.31T unif=0.528% hoop=274MPa
  [ 258] OK     f=   1.155  a=40.6 b=55.3 gap=21.6 (face=15.2mm) n=[385, 158, 662, 899, 101, 285, 493]  tape=1.155km B=11.00T unif=0.189% hoop=233MPa
  [ 259] OK     f=   1.117  a=36.4 b=50.5 gap=21.3 (face=14.6mm) n=[432, 255, 734, 833, 161, 252, 602]  tape=1.117km B=13.11T unif=0.391% hoop=228MPa
  [ 260] OK     f=   1.195  a=41.6 b=56.8 gap=20.1 (face=12.1mm) n=[304, 318, 793, 862, 103, 238, 504]  tape=1.195km B=12.36T unif=0.617% hoop=304MPa
  [ 261] INFEAS f=1059.170  a=51.2 b=55.0 gap=21.3 (face=14.7mm) n=[433, 118, 694, 892, 260, 199, 505]  no evaluation (geometry pre-check)
  [ 262] viol   f=  18.799  a=38.2 b=47.3 gap=22.9 (face=17.9mm) n=[409, 254, 720, 869, 219, 106, 569]  tape=1.068km B=11.73T unif=1.298% hoop=216MPa
  [ 263] OK     f=   1.073  a=41.7 b=53.2 gap=21.2 (face=14.4mm) n=[270, 111, 599, 886, 147, 285, 497]  tape=1.073km B=10.24T unif=0.403% hoop=223MPa
  [ 264] OK     f=   1.307  a=43.0 b=64.6 gap=21.9 (face=15.8mm) n=[438, 121, 772, 847, 174, 258, 557]  tape=1.307km B=11.67T unif=0.880% hoop=259MPa
  [ 265] viol   f=   8.643  a=39.1 b=48.5 gap=20.1 (face=12.1mm) n=[620, 212, 607, 700, 292, 223, 482]  tape=1.016km B=13.99T unif=1.195% hoop=237MPa
  [ 266] OK     f=   1.047  a=39.9 b=53.6 gap=20.6 (face=13.2mm) n=[256, 176, 815, 704, 205, 182, 528]  tape=1.047km B=11.32T unif=0.338% hoop=207MPa
  [ 267] OK     f=   1.316  a=42.5 b=59.1 gap=20.3 (face=12.7mm) n=[551, 198, 726, 845, 247, 257, 530]  tape=1.316km B=13.00T unif=0.905% hoop=283MPa
  [ 268] OK     f=   1.120  a=41.5 b=54.2 gap=19.9 (face=11.8mm) n=[363, 148, 647, 896, 191, 193, 447]  tape=1.120km B=10.97T unif=0.251% hoop=279MPa
  [ 269] OK     f=   1.171  a=45.7 b=55.8 gap=20.6 (face=13.2mm) n=[541, 256, 711, 773, 160, 227, 426]  tape=1.171km B=12.39T unif=0.887% hoop=283MPa
  [ 270] OK     f=   1.114  a=42.5 b=58.2 gap=21.6 (face=15.3mm) n=[377, 177, 563, 837, 351, 176, 265]  tape=1.114km B=10.04T unif=0.657% hoop=254MPa
  [ 271] OK     f=   1.268  a=40.2 b=72.4 gap=21.7 (face=15.4mm) n=[194, 166, 833, 737, 120, 240, 626]  tape=1.268km B=10.55T unif=0.960% hoop=212MPa
  [ 272] OK     f=   1.000  a=39.7 b=59.7 gap=21.8 (face=15.6mm) n=[240, 104, 695, 707, 253, 146, 561]  tape=1.000km B=10.51T unif=0.888% hoop=201MPa
  [ 273] OK     f=   1.057  a=42.9 b=54.6 gap=22.0 (face=16.0mm) n=[222, 141, 848, 823, 91, 302, 413]  tape=1.057km B=11.06T unif=0.993% hoop=212MPa
  [ 274] OK     f=   1.117  a=45.1 b=62.1 gap=21.5 (face=14.9mm) n=[161, 72, 794, 731, 273, 311, 404]  tape=1.117km B=10.35T unif=0.759% hoop=255MPa
  [ 275] OK     f=   0.983  a=42.3 b=47.5 gap=19.4 (face=10.7mm) n=[332, 148, 574, 841, 224, 233, 356]  tape=0.983km B=10.78T unif=0.630% hoop=271MPa
  [ 276] OK     f=   1.279  a=47.5 b=58.7 gap=21.2 (face=14.5mm) n=[302, 187, 702, 870, 216, 431, 377]  tape=1.279km B=11.22T unif=0.632% hoop=289MPa
  [ 277] viol   f=   1.919  a=45.8 b=61.8 gap=26.0 (face=24.1mm) n=[283, 155, 743, 758, 240, 97, 438]  tape=1.088km B=9.36T unif=0.228% hoop=212MPa
  [ 278] OK     f=   1.245  a=41.7 b=52.7 gap=20.5 (face=13.0mm) n=[330, 164, 728, 899, 321, 298, 571]  tape=1.245km B=12.66T unif=0.164% hoop=266MPa
  [ 279] viol   f=  21.999  a=41.9 b=64.5 gap=19.8 (face=11.5mm) n=[302, 208, 840, 699, 126, 244, 326]  tape=1.158km B=10.56T unif=1.323% hoop=236MPa
  [ 280] OK     f=   1.232  a=42.6 b=59.4 gap=24.0 (face=20.0mm) n=[244, 160, 851, 774, 290, 296, 483]  tape=1.232km B=11.00T unif=0.271% hoop=307MPa
  [ 281] viol   f=   1.377  a=39.5 b=70.6 gap=23.4 (face=18.8mm) n=[246, 210, 884, 711, 323, 80, 488]  tape=1.299km B=9.91T unif=1.018% hoop=228MPa
  [ 282] OK     f=   0.817  a=41.7 b=49.8 gap=18.6 (face=9.2mm) n=[152, 57, 801, 677, 157, 233, 225]  tape=0.817km B=10.03T unif=0.441% hoop=266MPa
  [ 283] OK     f=   1.185  a=39.3 b=50.8 gap=19.2 (face=10.3mm) n=[342, 166, 613, 897, 359, 283, 547]  tape=1.185km B=12.42T unif=0.284% hoop=262MPa  [a=61 b=88 nt=3590] KSP converged reason: 4, iterations: 1
  [a=54 b=99 nt=3287] KSP converged reason: 4, iterations: 1
  [a=41 b=107 nt=3418] KSP converged reason: 4, iterations: 1
  [a=71 b=82 nt=3401] KSP converged reason: 4, iterations: 1
  [a=56 b=83 nt=3523] KSP converged reason: 4, iterations: 1
  [a=58 b=94 nt=4383] KSP converged reason: 4, iterations: 1
  [a=56 b=85 nt=3441] KSP converged reason: 4, iterations: 1
  [a=54 b=85 nt=2898] KSP converged reason: 4, iterations: 1
  [a=47 b=100 nt=3711] KSP converged reason: 4, iterations: 1
  [a=38 b=78 nt=3546] KSP converged reason: 4, iterations: 1
  [a=59 b=74 nt=4072] KSP converged reason: 4, iterations: 1
  [a=65 b=77 nt=3120] KSP converged reason: 4, iterations: 1
  [a=39 b=66 nt=3485] KSP converged reason: 4, iterations: 1
  [a=44 b=80 nt=3219] KSP converged reason: 4, iterations: 1
  [a=45 b=63 nt=3294] KSP converged reason: 4, iterations: 1
  [a=50 b=71 nt=3443] KSP converged reason: 4, iterations: 1
  [a=57 b=75 nt=3402] KSP converged reason: 4, iterations: 1
  [a=40 b=69 nt=3389] KSP converged reason: 4, iterations: 1
  [a=44 b=52 nt=3114] KSP converged reason: 4, iterations: 1
  [a=39 b=49 nt=3411] KSP converged reason: 4, iterations: 1
  [a=45 b=55 nt=2818] KSP converged reason: 4, iterations: 1
  [a=44 b=50 nt=2723] KSP converged reason: 4, iterations: 1
  [a=50 b=66 nt=3164] KSP converged reason: 4, iterations: 1
  [a=42 b=52 nt=3057] KSP converged reason: 4, iterations: 1
  [a=42 b=64 nt=3239] KSP converged reason: 4, iterations: 1
  [a=40 b=59 nt=3134] KSP converged reason: 4, iterations: 1
  [a=42 b=53 nt=2795] KSP converged reason: 4, iterations: 1
  [a=42 b=58 nt=2746] KSP converged reason: 4, iterations: 1
  [a=42 b=48 nt=2708] KSP converged reason: 4, iterations: 1
  [a=46 b=62 nt=2714] KSP converged reason: 4, iterations: 1
  [a=39 b=51 nt=3207] KSP converged reason: 4, iterations: 1
  [a=44 b=58 nt=2427] KSP converged reason: 4, iterations: 1
  [a=39 b=47 nt=2707] KSP converged reason: 4, iterations: 1
  [a=37 b=156 nt=3499] KSP converged reason: 4, iterations: 1
  [a=57 b=106 nt=2997] KSP converged reason: 4, iterations: 1
  [a=60 b=117 nt=3185] KSP converged reason: 4, iterations: 1
  [a=78 b=91 nt=3631] KSP converged reason: 4, iterations: 1
  [a=39 b=86 nt=3213] KSP converged reason: 4, iterations: 1
  [a=47 b=89 nt=3624] KSP converged reason: 4, iterations: 1
  [a=43 b=64 nt=2625] KSP converged reason: 4, iterations: 1
  [a=58 b=100 nt=3260] KSP converged reason: 4, iterations: 1
  [a=41 b=113 nt=3129] KSP converged reason: 4, iterations: 1
  [a=48 b=99 nt=2983] KSP converged reason: 4, iterations: 1
  [a=50 b=78 nt=3118] KSP converged reason: 4, iterations: 1
  [a=47 b=59 nt=2455] KSP converged reason: 4, iterations: 1
  [a=38 b=62 nt=3278] KSP converged reason: 4, iterations: 1
  [a=46 b=76 nt=3170] KSP converged reason: 4, iterations: 1
  [a=49 b=61 nt=3230] KSP converged reason: 4, iterations: 1
  [a=46 b=73 nt=3852] KSP converged reason: 4, iterations: 1
  [a=34 b=41 nt=3219] KSP converged reason: 4, iterations: 1
  [a=39 b=57 nt=3485] KSP converged reason: 4, iterations: 1
  [a=47 b=56 nt=2709] KSP converged reason: 4, iterations: 1
  [a=43 b=68 nt=1949] KSP converged reason: 4, iterations: 1
  [a=42 b=68 nt=3543] KSP converged reason: 4, iterations: 1
  [a=46 b=64 nt=3083] KSP converged reason: 4, iterations: 1
  [a=37 b=68 nt=2877] KSP converged reason: 4, iterations: 1
  [a=39 b=51 nt=2729] KSP converged reason: 4, iterations: 1
  [a=42 b=64 nt=3156] KSP converged reason: 4, iterations: 1
  [a=41 b=49 nt=2945] KSP converged reason: 4, iterations: 1
  [a=55 b=70 nt=3218] KSP converged reason: 4, iterations: 1
  [a=43 b=55 nt=2986] KSP converged reason: 4, iterations: 1
  [a=44 b=66 nt=2634] KSP converged reason: 4, iterations: 1
  [a=38 b=57 nt=3083] KSP converged reason: 4, iterations: 1
  [a=38 b=47 nt=3146] KSP converged reason: 4, iterations: 1
  [a=42 b=54 nt=2885] KSP converged reason: 4, iterations: 1
  [a=45 b=62 nt=2746] KSP converged reason: 4, iterations: 1
  [a=40 b=71 nt=2942] KSP converged reason: 4, iterations: 1
  [a=34 b=48 nt=2341] KSP converged reason: 4, iterations: 1
  [a=35 b=49 nt=2192] KSP converged reason: 4, iterations: 1
  [a=43 b=57 nt=2873] KSP converged reason: 4, iterations: 1
  [a=78 b=99 nt=1686] KSP converged reason: 4, iterations: 1
  [a=59 b=85 nt=3479] KSP converged reason: 4, iterations: 1
  [a=93 b=117 nt=3206] KSP converged reason: 4, iterations: 1
  [a=57 b=92 nt=3571] KSP converged reason: 4, iterations: 1
  [a=42 b=73 nt=4046] KSP converged reason: 4, iterations: 1
  [a=62 b=71 nt=3343] KSP converged reason: 4, iterations: 1
  [a=39 b=72 nt=3620] KSP converged reason: 4, iterations: 1
  [a=49 b=110 nt=2832] KSP converged reason: 4, iterations: 1
  [a=33 b=74 nt=2788] KSP converged reason: 4, iterations: 1
  [a=38 b=100 nt=3469] KSP converged reason: 4, iterations: 1
  [a=36 b=90 nt=3344] KSP converged reason: 4, iterations: 1
  [a=50 b=91 nt=4206] KSP converged reason: 4, iterations: 1
  [a=59 b=67 nt=2559] KSP converged reason: 4, iterations: 1
  [a=70 b=88 nt=4134] KSP converged reason: 4, iterations: 1
  [a=41 b=58 nt=3511] KSP converged reason: 4, iterations: 1
  [a=51 b=64 nt=3120] KSP converged reason: 4, iterations: 1
  [a=40 b=53 nt=3240] KSP converged reason: 4, iterations: 1
  [a=43 b=75 nt=2915] KSP converged reason: 4, iterations: 1
  [a=45 b=72 nt=3653] KSP converged reason: 4, iterations: 1
  [a=42 b=50 nt=2944] KSP converged reason: 4, iterations: 1
  [a=38 b=47 nt=3313] KSP converged reason: 4, iterations: 1
  [a=50 b=64 nt=2313] KSP converged reason: 4, iterations: 1
  [a=51 b=73 nt=2927] KSP converged reason: 4, iterations: 1
  [a=46 b=59 nt=2569] KSP converged reason: 4, iterations: 1
  [a=57 b=66 nt=2949] KSP converged reason: 4, iterations: 1
  [a=46 b=53 nt=2636] KSP converged reason: 4, iterations: 1
  [a=47 b=63 nt=3294] KSP converged reason: 4, iterations: 1
  [a=47 b=60 nt=2844] KSP converged reason: 4, iterations: 1
  [a=37 b=54 nt=2924] KSP converged reason: 4, iterations: 1
  [a=41 b=57 nt=3259] KSP converged reason: 4, iterations: 1
  [a=46 b=56 nt=3186] KSP converged reason: 4, iterations: 1
  [a=44 b=51 nt=2945] KSP converged reason: 4, iterations: 1
  [a=42 b=65 nt=3020] KSP converged reason: 4, iterations: 1
  [a=42 b=57 nt=3122] KSP converged reason: 4, iterations: 1
  [a=40 b=54 nt=2866] KSP converged reason: 4, iterations: 1
  [a=46 b=56 nt=3094] KSP converged reason: 4, iterations: 1
  [a=48 b=59 nt=3085] KSP converged reason: 4, iterations: 1
  [a=42 b=64 nt=2745] KSP converged reason: 4, iterations: 1
  [a=44 b=57 nt=2789] KSP converged reason: 4, iterations: 1
  [a=42 b=56 nt=2786] KSP converged reason: 4, iterations: 1
  [a=40 b=49 nt=2322] KSP converged reason: 4, iterations: 1
  [a=41 b=67 nt=2960] KSP converged reason: 4, iterations: 1
  [a=73 b=100 nt=2634] KSP converged reason: 4, iterations: 1
  [a=51 b=62 nt=2963] KSP converged reason: 4, iterations: 1
  [a=72 b=97 nt=2687] KSP converged reason: 4, iterations: 1
  [a=52 b=89 nt=3980] KSP converged reason: 4, iterations: 1
  [a=77 b=88 nt=2709] KSP converged reason: 4, iterations: 1
  [a=77 b=83 nt=4389] KSP converged reason: 4, iterations: 1
  [a=61 b=71 nt=3099] KSP converged reason: 4, iterations: 1
  [a=33 b=76 nt=3403] KSP converged reason: 4, iterations: 1
  [a=59 b=102 nt=3376] KSP converged reason: 4, iterations: 1
  [a=35 b=88 nt=2204] KSP converged reason: 4, iterations: 1
  [a=46 b=61 nt=3559] KSP converged reason: 4, iterations: 1
  [a=41 b=61 nt=3228] KSP converged reason: 4, iterations: 1
  [a=38 b=57 nt=3341] KSP converged reason: 4, iterations: 1
  [a=36 b=67 nt=3395] KSP converged reason: 4, iterations: 1
  [a=47 b=57 nt=3113] KSP converged reason: 4, iterations: 1
  [a=38 b=61 nt=3593] KSP converged reason: 4, iterations: 1
  [a=56 b=77 nt=2893] KSP converged reason: 4, iterations: 1
  [a=43 b=59 nt=3141] KSP converged reason: 4, iterations: 1
  [a=47 b=58 nt=3158] KSP converged reason: 4, iterations: 1
  [a=46 b=59 nt=2992] KSP converged reason: 4, iterations: 1
  [a=39 b=63 nt=3658] KSP converged reason: 4, iterations: 1
  [a=53 b=68 nt=3567] KSP converged reason: 4, iterations: 1
  [a=39 b=49 nt=3087] KSP converged reason: 4, iterations: 1
  [a=49 b=65 nt=3396] KSP converged reason: 4, iterations: 1
  [a=41 b=50 nt=2892] KSP converged reason: 4, iterations: 1
  [a=46 b=56 nt=2999] KSP converged reason: 4, iterations: 1
  [a=41 b=52 nt=2806] KSP converged reason: 4, iterations: 1
  [a=44 b=61 nt=3239] KSP converged reason: 4, iterations: 1
  [a=43 b=52 nt=3018] KSP converged reason: 4, iterations: 1
  [a=36 b=51 nt=3269] KSP converged reason: 4, iterations: 1
  [a=39 b=49 nt=3136] KSP converged reason: 4, iterations: 1
  [a=40 b=72 nt=2916] KSP converged reason: 4, iterations: 1
  [a=42 b=50 nt=2302] KSP converged reason: 4, iterations: 1
  [a=36 b=51 nt=2622] KSP converged reason: 4, iterations: 1
  [a=40 b=59 nt=2595] KSP converged reason: 4, iterations: 1
  [a=38 b=48 nt=2557] KSP converged reason: 4, iterations: 1
  [a=34 b=58 nt=2573] KSP converged reason: 4, iterations: 1
  [a=85 b=110 nt=3193] KSP converged reason: 4, iterations: 1
  [a=68 b=121 nt=3441] KSP converged reason: 4, iterations: 1
  [a=40 b=120 nt=2235] KSP converged reason: 4, iterations: 1
  [a=50 b=62 nt=3600] KSP converged reason: 4, iterations: 1
  [a=47 b=107 nt=4050] KSP converged reason: 4, iterations: 1
  [a=56 b=67 nt=4054] KSP converged reason: 4, iterations: 1
  [a=37 b=66 nt=3489] KSP converged reason: 4, iterations: 1
  [a=60 b=87 nt=3814] KSP converged reason: 4, iterations: 1
  [a=51 b=75 nt=3697] KSP converged reason: 4, iterations: 1
  [a=52 b=83 nt=3763] KSP converged reason: 4, iterations: 1
  [a=53 b=81 nt=3498] KSP converged reason: 4, iterations: 1
  [a=46 b=76 nt=3568] KSP converged reason: 4, iterations: 1
  [a=50 b=64 nt=3793] KSP converged reason: 4, iterations: 1
  [a=50 b=62 nt=3800] KSP converged reason: 4, iterations: 1
  [a=42 b=78 nt=3333] KSP converged reason: 4, iterations: 1
  [a=37 b=63 nt=3114] KSP converged reason: 4, iterations: 1
  [a=56 b=65 nt=3551] KSP converged reason: 4, iterations: 1
  [a=47 b=53 nt=2777] KSP converged reason: 4, iterations: 1
  [a=53 b=59 nt=2913] KSP converged reason: 4, iterations: 1
  [a=52 b=62 nt=2823] KSP converged reason: 4, iterations: 1
  [a=45 b=76 nt=2715] KSP converged reason: 4, iterations: 1
  [a=44 b=51 nt=3045] KSP converged reason: 4, iterations: 1
  [a=47 b=58 nt=3426] KSP converged reason: 4, iterations: 1
  [a=50 b=66 nt=3106] KSP converged reason: 4, iterations: 1
  [a=45 b=58 nt=3206] KSP converged reason: 4, iterations: 1
  [a=46 b=59 nt=3038] KSP converged reason: 4, iterations: 1
  [a=35 b=43 nt=3081] KSP converged reason: 4, iterations: 1
  [a=42 b=50 nt=3273] KSP converged reason: 4, iterations: 1
  [a=42 b=54 nt=2883] KSP converged reason: 4, iterations: 1
  [a=41 b=55 nt=2983] KSP converged reason: 4, iterations: 1
  [a=43 b=65 nt=3167] KSP converged reason: 4, iterations: 1
  [a=40 b=60 nt=2706] KSP converged reason: 4, iterations: 1
  [a=43 b=59 nt=3098] KSP converged reason: 4, iterations: 1
  [a=44 b=51 nt=2974] KSP converged reason: 4, iterations: 1
  [a=38 b=51 nt=2646] KSP converged reason: 4, iterations: 1
  [a=41 b=49 nt=2817] KSP converged reason: 4, iterations: 1
  [a=41 b=52 nt=3199] KSP converged reason: 4, iterations: 1
  [a=49 b=80 nt=2618] KSP converged reason: 4, iterations: 1
  [a=51 b=88 nt=3223] KSP converged reason: 4, iterations: 1
  [a=54 b=109 nt=2808] KSP converged reason: 4, iterations: 1
  [a=46 b=100 nt=4492] KSP converged reason: 4, iterations: 1
  [a=51 b=112 nt=3135] KSP converged reason: 4, iterations: 1
  [a=52 b=70 nt=3940] KSP converged reason: 4, iterations: 1
  [a=53 b=69 nt=3645] KSP converged reason: 4, iterations: 1
  [a=75 b=86 nt=3780] KSP converged reason: 4, iterations: 1
  [a=43 b=83 nt=3292] KSP converged reason: 4, iterations: 1
  [a=40 b=102 nt=3169] KSP converged reason: 4, iterations: 1
  [a=54 b=92 nt=2991] KSP converged reason: 4, iterations: 1
  [a=45 b=55 nt=3543] KSP converged reason: 4, iterations: 1
  [a=42 b=81 nt=2768] KSP converged reason: 4, iterations: 1
  [a=45 b=72 nt=3611] KSP converged reason: 4, iterations: 1
  [a=39 b=73 nt=3656] KSP converged reason: 4, iterations: 1
  [a=37 b=65 nt=3136] KSP converged reason: 4, iterations: 1
  [a=59 b=67 nt=3201] KSP converged reason: 4, iterations: 1
  [a=39 b=56 nt=3370] KSP converged reason: 4, iterations: 1
  [a=44 b=51 nt=2596] KSP converged reason: 4, iterations: 1
  [a=46 b=76 nt=3315] KSP converged reason: 4, iterations: 1
  [a=50 b=63 nt=2456] KSP converged reason: 4, iterations: 1
  [a=39 b=57 nt=2908] KSP converged reason: 4, iterations: 1
  [a=41 b=62 nt=2094] KSP converged reason: 4, iterations: 1
  [a=39 b=73 nt=3111] KSP converged reason: 4, iterations: 1
  [a=45 b=59 nt=3503] KSP converged reason: 4, iterations: 1
  [a=47 b=59 nt=2775] KSP converged reason: 4, iterations: 1
  [a=51 b=71 nt=2774] KSP converged reason: 4, iterations: 1
  [a=43 b=57 nt=3015] KSP converged reason: 4, iterations: 1
  [a=41 b=52 nt=2688] KSP converged reason: 4, iterations: 1
  [a=40 b=47 nt=2554] KSP converged reason: 4, iterations: 1
  [a=45 b=52 nt=2703] KSP converged reason: 4, iterations: 1
  [a=49 b=55 nt=3397] KSP converged reason: 4, iterations: 1
  [a=51 b=58 nt=3052] KSP converged reason: 4, iterations: 1
  [a=43 b=59 nt=3354] KSP converged reason: 4, iterations: 1
  [a=43 b=55 nt=2840] KSP converged reason: 4, iterations: 1
  [a=42 b=53 nt=3311] KSP converged reason: 4, iterations: 1
  [a=36 b=50 nt=2564] KSP converged reason: 4, iterations: 1
  [a=41 b=57 nt=2686] KSP converged reason: 4, iterations: 1
  [a=40 b=54 nt=2541] KSP converged reason: 4, iterations: 1
  [a=39 b=50 nt=2414] KSP converged reason: 4, iterations: 1
  [a=38 b=54 nt=2673] KSP converged reason: 4, iterations: 1

  [ 284] viol   f=   0.912  a=36.4 b=49.9 gap=21.2 (face=14.4mm) n=[415, 64, 515, 822, 117, 198, 433]  tape=0.902km B=9.93T unif=0.218% hoop=201MPa
  [ 285] viol   f=   1.182  a=44.0 b=57.5 gap=21.7 (face=15.4mm) n=[248, 131, 609, 889, 300, 221, 391]  tape=1.145km B=9.86T unif=0.265% hoop=243MPa
  [ 286] OK     f=   1.119  a=43.7 b=51.2 gap=21.7 (face=15.4mm) n=[345, 66, 685, 899, 163, 328, 488]  tape=1.119km B=11.06T unif=0.558% hoop=232MPa
  [ 287] OK     f=   0.893  a=35.8 b=51.4 gap=20.6 (face=13.3mm) n=[116, 72, 763, 822, 150, 259, 440]  tape=0.893km B=10.75T unif=0.843% hoop=172MPa
  [ 288] OK     f=   1.067  a=40.9 b=57.5 gap=18.1 (face=8.2mm) n=[278, 106, 597, 862, 344, 103, 396]  tape=1.067km B=10.47T unif=0.730% hoop=244MPa
  [ 289] INFEAS f=1650.943  a=47.1 b=48.1 gap=20.5 (face=13.0mm) n=[278, 169, 650, 858, 99, 270, 460]  no evaluation (geometry pre-check)
  [ 290] viol   f=   1.045  a=41.7 b=55.5 gap=19.0 (face=10.0mm) n=[235, 231, 767, 762, 233, 160, 398]  tape=1.030km B=11.73T unif=1.009% hoop=293MPa
  [ 291] viol   f= 561.220  a=34.1 b=47.7 gap=18.8 (face=9.6mm) n=[117, 68, 817, 805, 107, 147, 280]  tape=0.739km B=10.61T unif=2.674% hoop=147MPa
  [ 292] OK     f=   0.955  a=37.8 b=51.3 gap=17.9 (face=7.9mm) n=[182, 99, 866, 690, 190, 227, 392]  tape=0.955km B=11.29T unif=0.676% hoop=198MPa
  [ 293] INFEAS f=1354.850  a=31.3 b=42.1 gap=18.6 (face=9.3mm) n=[69, 77, 803, 789, 179, 163, 492]  no evaluation (geometry pre-check)
  [ 294] viol   f=   0.991  a=39.8 b=58.8 gap=21.5 (face=15.0mm) n=[308, 53, 623, 742, 257, 207, 405]  tape=0.991km B=9.99T unif=0.877% hoop=213MPa
  [ 295] OK     f=   0.929  a=39.8 b=54.5 gap=19.7 (face=11.4mm) n=[187, 69, 716, 785, 240, 331, 213]  tape=0.929km B=10.48T unif=0.836% hoop=208MPa
  [ 296] viol   f=   2.308  a=40.4 b=49.2 gap=20.6 (face=13.2mm) n=[177, 105, 618, 847, 172, 176, 227]  tape=0.840km B=9.14T unif=0.754% hoop=207MPa
  [ 297] viol   f=   0.996  a=43.5 b=57.9 gap=19.8 (face=11.6mm) n=[247, 99, 827, 725, 95, 105, 329]  tape=0.944km B=9.84T unif=0.892% hoop=194MPa
  [ 298] INFEAS f=1462.125  a=34.7 b=56.1 gap=18.8 (face=9.6mm) n=[218, 188, 850, 899, 318, 182, 392]  no evaluation (geometry pre-check)
  [ 299] INFEAS f=1334.188  a=32.8 b=49.9 gap=18.8 (face=9.5mm) n=[171, 283, 841, 690, 213, 130, 304]  no evaluation (geometry pre-check)
  [ 300] viol   f=   2.895  a=34.8 b=48.6 gap=19.2 (face=10.4mm) n=[127, 250, 531, 815, 191, 55, 223]  tape=0.759km B=8.97T unif=0.486% hoop=177MPa
  [ 301] viol   f=   9.712  a=40.8 b=66.5 gap=20.9 (face=13.7mm) n=[367, 56, 894, 730, 260, 148, 505]  tape=1.259km B=11.01T unif=1.206% hoop=233MPa
  [ 302] OK     f=   0.913  a=38.7 b=46.6 gap=20.2 (face=12.4mm) n=[238, 84, 695, 810, 188, 351, 341]  tape=0.913km B=11.24T unif=0.831% hoop=261MPa
  [ 303] OK     f=   0.817  a=39.1 b=50.0 gap=18.4 (face=8.9mm) n=[179, 157, 722, 742, 297, 58, 259]  tape=0.817km B=10.89T unif=0.439% hoop=215MPa
  [ 304] viol   f=  30.644  a=40.7 b=48.9 gap=20.7 (face=13.4mm) n=[102, 70, 700, 894, 111, 466, 474]  tape=0.992km B=11.00T unif=1.385% hoop=256MPa
  [ 305] INFEAS f=3509.784  a=31.7 b=63.5 gap=20.2 (face=12.5mm) n=[299, 55, 474, 891, 301, 138, 157]  no evaluation (geometry pre-check)
  [ 306] OK     f=   1.107  a=42.9 b=57.4 gap=18.4 (face=8.7mm) n=[124, 70, 716, 844, 238, 324, 557]  tape=1.107km B=11.39T unif=0.870% hoop=227MPa
  [ 307] viol   f=  34.500  a=37.7 b=48.0 gap=22.1 (face=16.2mm) n=[146, 231, 709, 795, 212, 148, 316]  tape=0.866km B=10.30T unif=1.410% hoop=182MPa
  [ 308] OK     f=   1.167  a=41.0 b=52.2 gap=19.8 (face=11.6mm) n=[411, 85, 762, 895, 246, 203, 597]  tape=1.167km B=12.73T unif=0.191% hoop=237MPa
  [ 309] viol   f=   1.243  a=33.5 b=58.4 gap=22.2 (face=16.5mm) n=[208, 237, 646, 761, 89, 179, 453]  tape=0.943km B=9.61T unif=0.717% hoop=199MPa
  [ 310] OK     f=   0.921  a=37.9 b=53.7 gap=20.4 (face=12.8mm) n=[220, 56, 705, 712, 175, 381, 424]  tape=0.921km B=11.14T unif=0.644% hoop=204MPa

==========================================================================================
CMA-ES finished: 310 evaluations in 8.6 min
==========================================================================================

Best feasible design found:
  a_mm             41.669646487337964
  b_mm             49.84234554200526
  gap_mm           18.605290529850713
  face_gap_mm      9.210581059701424
  n_turns          [152, 57, 801, 677, 157, 233, 225]
  n_total          2302
  tape_km          0.8165169341275622
  B_target_T       10.02528402340979
  uniformity_pct   0.4414515568939502
  hoop_MPa         266.0835148977922
  delam_MPa        13.138689113970733
  I_quench_A       406.1138167577832
  I_op_A           223.3849377105518
  binding          quench/SF
  clip_frac        0.06364617044228695

Full evaluation history -> optimize/cmaes_history.csv
Best design            -> optimize/cmaes_results.csv
Appended 310 rows to cumulative master log -> optimize/cmaes_all_evaluations.csv

Figures -> /home/gerrityjack/fenicsx/Racetrack-Coil-Optimization/visualization/cmaes_convergence.png, cmaes_constraints.png, cmaes_variables.png, cmaes_overview.png
Cumulative parameter-space map -> visualization/cmaes_param_map.png (8820 evaluations, 28 runs)
