Starting CMA-ES: 10 variables, budget 300 evaluations, target B >= 10.0 T, uniformity <= 1.0%, hoop <= 400 MPa, coil-coil face gap >= 3 mm

Parallel mode: 6 worker processes per generation.
  [   1] viol   f=  76.993  a=78.4 b=137.5 gap=44.2 (face=60.5mm) n=[116, 688, 86, 257, 215, 493, 77]  tape=1.520km B=3.86T unif=0.295% hoop=280MPa
  [   2] viol   f=  26.196  a=71.8 b=142.2 gap=20.9 (face=13.9mm) n=[213, 418, 770, 212, 106, 193, 781]  tape=2.111km B=6.53T unif=0.428% hoop=378MPa
  [   3] viol   f=  32.546  a=69.9 b=130.7 gap=31.9 (face=35.8mm) n=[303, 412, 197, 592, 182, 355, 841]  tape=2.180km B=6.10T unif=0.346% hoop=361MPa
  [   4] viol   f=  24.229  a=98.5 b=135.6 gap=24.9 (face=21.9mm) n=[559, 803, 85, 164, 625, 854, 827]  tape=3.134km B=6.75T unif=0.578% hoop=400MPa
  [   5] viol   f=  14.163  a=73.5 b=106.3 gap=32.9 (face=37.8mm) n=[142, 398, 900, 571, 519, 592, 620]  tape=2.466km B=7.58T unif=0.512% hoop=400MPa
  [   6] viol   f=  26.494  a=88.6 b=128.8 gap=30.6 (face=33.1mm) n=[535, 628, 176, 189, 562, 637, 758]  tape=2.641km B=6.55T unif=0.502% hoop=400MPa
  [   7] viol   f=  49.799  a=75.1 b=135.7 gap=40.2 (face=52.3mm) n=[60, 577, 170, 241, 326, 658, 539]  tape=1.939km B=5.11T unif=0.268% hoop=312MPa
  [   8] viol   f=  12.135  a=57.2 b=150.3 gap=33.7 (face=39.4mm) n=[515, 642, 492, 102, 254, 781, 683]  tape=2.690km B=7.83T unif=0.214% hoop=325MPa
  [   9] viol   f=  18.399  a=70.9 b=130.1 gap=34.1 (face=40.1mm) n=[181, 870, 679, 301, 373, 280, 546]  tape=2.428km B=7.17T unif=0.410% hoop=397MPa
  [  10] viol   f=  57.390  a=101.9 b=144.1 gap=33.9 (face=39.7mm) n=[645, 199, 195, 339, 156, 467, 853]  tape=2.510km B=4.76T unif=0.410% hoop=400MPa
  [  11] viol   f=   6.206  a=59.4 b=95.4 gap=31.4 (face=34.9mm) n=[324, 687, 364, 393, 240, 635, 776]  tape=1.940km B=8.54T unif=0.466% hoop=372MPa
  [  12] viol   f=  55.037  a=99.4 b=126.0 gap=30.3 (face=32.7mm) n=[330, 329, 388, 540, 558, 347, 794]  tape=2.611km B=4.88T unif=0.529% hoop=400MPa
  [  13] viol   f=  36.641  a=89.2 b=165.2 gap=29.2 (face=30.5mm) n=[289, 777, 551, 249, 450, 674, 441]  tape=3.146km B=5.91T unif=0.337% hoop=400MPa
  [  14] INFEAS f=4775.193  a=30.5 b=138.6 gap=26.5 (face=24.9mm) n=[366, 647, 730, 209, 243, 153, 890]  no evaluation (geometry pre-check)
  [  15] viol   f=  10.737  a=67.0 b=151.1 gap=39.1 (face=50.2mm) n=[204, 794, 900, 308, 155, 858, 704]  tape=3.136km B=8.05T unif=0.251% hoop=331MPa
  [  16] viol   f=  33.942  a=77.5 b=109.3 gap=26.5 (face=25.1mm) n=[144, 505, 543, 374, 105, 317, 355]  tape=1.515km B=5.97T unif=0.805% hoop=393MPa
  [  17] viol   f=  30.134  a=82.7 b=128.0 gap=23.3 (face=18.6mm) n=[211, 296, 555, 119, 480, 730, 570]  tape=2.221km B=6.26T unif=0.573% hoop=400MPa
  [  18] viol   f=   4.304  a=58.8 b=127.5 gap=31.6 (face=35.2mm) n=[444, 723, 626, 69, 360, 831, 677]  tape=2.569km B=9.07T unif=0.320% hoop=352MPa
  [  19] viol   f=  40.748  a=53.5 b=110.5 gap=43.4 (face=58.8mm) n=[238, 501, 291, 140, 113, 857, 715]  tape=1.793km B=5.59T unif=0.203% hoop=229MPa
  [  20] viol   f=   6.089  a=56.6 b=137.2 gap=35.6 (face=43.3mm) n=[743, 553, 882, 177, 110, 659, 648]  tape=2.745km B=8.71T unif=0.289% hoop=333MPa
  [  21] viol   f=   9.823  a=74.8 b=116.7 gap=29.4 (face=30.9mm) n=[255, 810, 389, 187, 164, 878, 893]  tape=2.443km B=8.08T unif=0.473% hoop=340MPa
  [  22] viol   f=  31.069  a=77.4 b=128.6 gap=31.1 (face=34.3mm) n=[438, 134, 713, 390, 224, 570, 311]  tape=2.072km B=6.19T unif=0.488% hoop=379MPa
  [  23] viol   f=  18.701  a=71.5 b=140.2 gap=42.9 (face=57.7mm) n=[321, 539, 866, 50, 437, 705, 845]  tape=2.892km B=7.19T unif=0.241% hoop=349MPa
  [  24] viol   f=  15.402  a=54.0 b=133.9 gap=39.5 (face=51.0mm) n=[135, 584, 714, 219, 379, 896, 714]  tape=2.608km B=7.47T unif=0.271% hoop=279MPa
  [  25] viol   f=  15.161  a=83.2 b=128.2 gap=38.5 (face=49.0mm) n=[148, 898, 798, 171, 372, 588, 791]  tape=2.830km B=7.52T unif=0.375% hoop=394MPa
  [  26] viol   f=  29.239  a=49.3 b=151.4 gap=35.5 (face=43.0mm) n=[84, 524, 269, 287, 356, 665, 839]  tape=2.367km B=6.33T unif=0.228% hoop=299MPa
  [  27] viol   f=  12.270  a=87.1 b=105.3 gap=22.4 (face=16.8mm) n=[252, 623, 838, 85, 443, 548, 893]  tape=2.479km B=7.79T unif=0.861% hoop=400MPa
  [  28] viol   f=   8.166  a=61.2 b=106.3 gap=39.8 (face=51.7mm) n=[548, 311, 645, 286, 550, 869, 681]  tape=2.425km B=8.31T unif=0.268% hoop=351MPa
  [  29] viol   f=   3.722  a=52.1 b=150.7 gap=27.3 (face=26.7mm) n=[187, 548, 788, 168, 557, 648, 884]  tape=2.928km B=9.37T unif=0.201% hoop=326MPa
  [  30] viol   f=  31.185  a=38.0 b=142.6 gap=44.6 (face=61.3mm) n=[164, 622, 721, 108, 301, 715, 554]  tape=2.197km B=6.19T unif=0.400% hoop=184MPa
  [  31] viol   f=  22.444  a=78.2 b=119.0 gap=26.5 (face=25.0mm) n=[98, 878, 275, 133, 189, 524, 845]  tape=2.087km B=6.81T unif=0.590% hoop=317MPa
  [  32] viol   f=  16.060  a=70.6 b=137.0 gap=33.9 (face=39.8mm) n=[97, 614, 575, 71, 463, 879, 879]  tape=2.694km B=7.41T unif=0.279% hoop=398MPa
  [  33] INFEAS f=1003.722  a=36.5 b=95.0 gap=39.0 (face=49.9mm) n=[445, 514, 748, 213, 523, 549, 898]  no evaluation (geometry pre-check)
  [  34] viol   f=   3.379  a=57.3 b=103.3 gap=33.1 (face=38.1mm) n=[209, 391, 790, 492, 722, 667, 487]  tape=2.210km B=9.24T unif=0.426% hoop=341MPa
  [  35] viol   f=  17.429  a=79.0 b=123.8 gap=33.7 (face=39.4mm) n=[547, 557, 705, 118, 555, 746, 803]  tape=2.867km B=7.30T unif=0.430% hoop=400MPa
  [  36] viol   f=   6.521  a=49.7 b=155.9 gap=22.5 (face=16.9mm) n=[165, 154, 681, 368, 517, 471, 717]  tape=2.395km B=8.56T unif=0.229% hoop=316MPa
  [  37] viol   f=   9.249  a=46.9 b=131.7 gap=30.1 (face=32.2mm) n=[160, 446, 663, 269, 401, 559, 850]  tape=2.338km B=8.14T unif=0.263% hoop=292MPa
  [  38] viol   f=  23.431  a=74.5 b=100.2 gap=43.0 (face=57.9mm) n=[164, 232, 628, 292, 463, 781, 864]  tape=2.150km B=6.74T unif=0.060% hoop=338MPa
  [  39] OK     f=   2.537  a=45.5 b=116.6 gap=27.0 (face=26.1mm) n=[414, 543, 878, 276, 516, 517, 900]  tape=2.537km B=10.70T unif=0.405% hoop=400MPa
  [  40] OK     f=   2.597  a=62.1 b=109.3 gap=30.6 (face=33.3mm) n=[229, 244, 891, 483, 615, 832, 894]  tape=2.597km B=10.08T unif=0.433% hoop=378MPa
  [  41] viol   f=   4.830  a=46.3 b=125.3 gap=26.9 (face=25.7mm) n=[329, 589, 894, 64, 366, 491, 510]  tape=2.205km B=8.85T unif=0.388% hoop=300MPa
  [  42] viol   f=   9.874  a=77.2 b=132.1 gap=39.8 (face=51.6mm) n=[219, 139, 873, 413, 866, 764, 883]  tape=3.060km B=8.15T unif=0.270% hoop=389MPa
  [  43] viol   f=  19.274  a=43.3 b=119.0 gap=37.0 (face=46.0mm) n=[138, 119, 899, 79, 586, 752, 457]  tape=1.921km B=7.05T unif=0.391% hoop=229MPa
  [  44] viol   f=  13.825  a=77.0 b=93.5 gap=36.5 (face=45.1mm) n=[297, 378, 737, 313, 570, 396, 655]  tape=2.000km B=7.57T unif=0.389% hoop=396MPa
  [  45] viol   f=   7.897  a=55.2 b=120.3 gap=36.2 (face=44.5mm) n=[631, 52, 602, 600, 261, 763, 718]  tape=2.315km B=8.33T unif=0.322% hoop=353MPa
  [  46] INFEAS f=15261.450  a=23.3 b=105.7 gap=29.5 (face=30.9mm) n=[792, 87, 788, 170, 843, 346, 823]  no evaluation (geometry pre-check)
  [  47] viol   f=   4.325  a=55.4 b=135.8 gap=21.1 (face=14.2mm) n=[304, 428, 897, 281, 339, 575, 593]  tape=2.549km B=9.06T unif=0.320% hoop=400MPa
  [  48] viol   f=   3.573  a=63.7 b=123.6 gap=31.4 (face=34.9mm) n=[801, 441, 658, 230, 593, 479, 674]  tape=2.657km B=9.32T unif=0.453% hoop=395MPa
  [  49] viol   f=   4.123  a=58.6 b=146.0 gap=35.2 (face=42.4mm) n=[417, 564, 718, 391, 694, 658, 835]  tape=3.259km B=9.34T unif=0.229% hoop=385MPa
  [  50] INFEAS f=37708.644  a=18.4 b=118.2 gap=23.0 (face=18.0mm) n=[210, 552, 555, 483, 283, 895, 696]  no evaluation (geometry pre-check)
  [  51] viol   f=   9.141  a=73.8 b=125.8 gap=29.8 (face=31.5mm) n=[190, 541, 777, 326, 657, 518, 748]  tape=2.670km B=8.20T unif=0.461% hoop=400MPa
  [  52] viol   f=   3.444  a=51.7 b=151.9 gap=24.0 (face=20.1mm) n=[433, 446, 717, 263, 450, 893, 845]  tape=3.156km B=9.62T unif=0.235% hoop=400MPa
  [  53] viol   f=   3.059  a=59.5 b=143.5 gap=31.8 (face=35.5mm) n=[746, 577, 804, 135, 756, 369, 724]  tape=3.041km B=9.91T unif=0.256% hoop=348MPa
  [  54] viol   f=   9.008  a=66.3 b=150.6 gap=29.8 (face=31.5mm) n=[741, 263, 655, 160, 640, 373, 712]  tape=2.788km B=8.24T unif=0.306% hoop=358MPa
  [  55] viol   f=  20.035  a=90.5 b=116.0 gap=31.6 (face=35.2mm) n=[745, 176, 708, 58, 164, 709, 871]  tape=2.445km B=7.03T unif=0.583% hoop=400MPa
  [  56] OK     f=   2.091  a=61.2 b=101.7 gap=21.2 (face=14.5mm) n=[249, 685, 789, 367, 158, 406, 844]  tape=2.091km B=10.08T unif=0.787% hoop=380MPa
  [  57] viol   f=  29.873  a=78.3 b=144.4 gap=37.6 (face=47.1mm) n=[290, 143, 731, 81, 744, 351, 831]  tape=2.545km B=6.30T unif=0.275% hoop=347MPa
  [  58] OK     f=   3.138  a=63.6 b=130.1 gap=28.1 (face=28.1mm) n=[867, 379, 899, 73, 760, 651, 886]  tape=3.138km B=11.24T unif=0.387% hoop=379MPa
  [  59] viol   f=   3.679  a=56.9 b=153.7 gap=27.8 (face=27.7mm) n=[540, 503, 723, 141, 549, 694, 851]  tape=3.170km B=9.50T unif=0.213% hoop=400MPa
  [  60] viol   f=   6.477  a=72.8 b=137.9 gap=40.6 (face=53.3mm) n=[699, 747, 626, 104, 871, 723, 858]  tape=3.456km B=8.77T unif=0.263% hoop=400MPa
  [  61] viol   f=  20.618  a=77.5 b=113.3 gap=16.6 (face=5.2mm) n=[472, 464, 635, 83, 570, 580, 765]  tape=2.399km B=6.98T unif=0.828% hoop=400MPa
  [  62] viol   f=   4.221  a=45.7 b=103.2 gap=35.9 (face=43.9mm) n=[658, 219, 698, 271, 520, 505, 704]  tape=1.956km B=8.94T unif=0.412% hoop=274MPa
  [  63] viol   f=   2.610  a=51.9 b=120.3 gap=29.9 (face=31.8mm) n=[327, 583, 872, 433, 622, 323, 747]  tape=2.570km B=9.86T unif=0.413% hoop=354MPa
  [  64] viol   f=   4.320  a=57.9 b=124.1 gap=18.2 (face=8.4mm) n=[363, 521, 618, 322, 382, 575, 833]  tape=2.496km B=9.05T unif=0.485% hoop=400MPa
  [  65] OK     f=   3.086  a=39.1 b=153.5 gap=28.5 (face=29.1mm) n=[261, 767, 859, 247, 522, 595, 878]  tape=3.086km B=10.96T unif=0.374% hoop=258MPa
  [  66] viol   f=   9.888  a=52.3 b=110.5 gap=32.0 (face=36.1mm) n=[311, 644, 511, 360, 107, 488, 768]  tape=1.957km B=8.01T unif=0.376% hoop=313MPa
  [  67] viol   f=   8.149  a=68.3 b=145.3 gap=31.1 (face=34.2mm) n=[302, 726, 870, 106, 265, 720, 698]  tape=2.893km B=8.38T unif=0.311% hoop=390MPa
  [  68] OK     f=   3.169  a=59.3 b=127.4 gap=25.9 (face=23.8mm) n=[493, 739, 838, 628, 467, 507, 899]  tape=3.169km B=10.95T unif=0.412% hoop=400MPa
  [  69] viol   f=   3.256  a=48.3 b=123.3 gap=27.1 (face=26.1mm) n=[352, 626, 778, 62, 170, 520, 795]  tape=2.127km B=9.25T unif=0.306% hoop=271MPa
  [  70] viol   f=   9.383  a=61.2 b=147.4 gap=20.4 (face=12.8mm) n=[402, 494, 839, 144, 129, 304, 897]  tape=2.537km B=8.15T unif=0.325% hoop=400MPa
  [  71] viol   f=   7.174  a=54.1 b=141.4 gap=35.0 (face=42.0mm) n=[380, 608, 892, 171, 562, 566, 629]  tape=2.866km B=8.53T unif=0.288% hoop=385MPa
  [  72] viol   f=  16.049  a=66.6 b=147.2 gap=34.5 (face=40.9mm) n=[636, 369, 871, 194, 227, 328, 876]  tape=2.783km B=7.42T unif=0.252% hoop=324MPa
  [  73] viol   f=   3.525  a=53.6 b=143.5 gap=36.6 (face=45.2mm) n=[95, 758, 844, 415, 706, 780, 687]  tape=3.119km B=9.55T unif=0.256% hoop=305MPa
  [  74] INFEAS f=4142.971  a=29.9 b=131.2 gap=31.7 (face=35.3mm) n=[500, 860, 852, 404, 363, 417, 837]  no evaluation (geometry pre-check)
  [  75] viol   f=   6.753  a=40.6 b=128.8 gap=34.2 (face=40.3mm) n=[294, 868, 632, 305, 417, 365, 517]  tape=2.312km B=8.51T unif=0.375% hoop=296MPa
  [  76] OK     f=   3.225  a=43.0 b=140.3 gap=34.8 (face=41.7mm) n=[605, 753, 818, 310, 814, 461, 875]  tape=3.225km B=11.09T unif=0.368% hoop=280MPa
  [  77] OK     f=   2.813  a=54.1 b=125.7 gap=24.2 (face=20.5mm) n=[619, 753, 831, 115, 663, 335, 892]  tape=2.813km B=11.96T unif=0.382% hoop=399MPa
  [  78] viol   f=  10.199  a=60.8 b=124.5 gap=30.5 (face=32.9mm) n=[191, 669, 689, 150, 580, 270, 718]  tape=2.184km B=8.00T unif=0.379% hoop=309MPa
  [  79] viol   f=   2.793  a=51.2 b=145.5 gap=23.0 (face=17.9mm) n=[473, 597, 895, 301, 623, 239, 334]  tape=2.672km B=9.75T unif=0.182% hoop=376MPa
  [  80] OK     f=   2.640  a=45.2 b=130.7 gap=29.2 (face=30.5mm) n=[735, 719, 869, 87, 533, 354, 623]  tape=2.640km B=11.03T unif=0.323% hoop=283MPa
  [  81] OK     f=   2.277  a=45.5 b=128.0 gap=19.0 (face=9.9mm) n=[678, 468, 738, 92, 425, 195, 831]  tape=2.277km B=11.03T unif=0.352% hoop=336MPa
  [  82] INFEAS f=5990.137  a=29.1 b=125.6 gap=31.3 (face=34.7mm) n=[743, 610, 876, 62, 628, 244, 818]  no evaluation (geometry pre-check)
  [  83] OK     f=   3.443  a=60.8 b=145.3 gap=21.2 (face=14.3mm) n=[582, 759, 898, 80, 882, 492, 900]  tape=3.443km B=11.48T unif=0.311% hoop=400MPa
  [  84] viol   f=   5.630  a=52.9 b=133.1 gap=27.6 (face=27.3mm) n=[636, 487, 813, 158, 219, 78, 827]  tape=2.242km B=8.70T unif=0.292% hoop=300MPa
  [  85] viol   f=   2.717  a=42.3 b=148.6 gap=26.9 (face=25.7mm) n=[637, 598, 664, 57, 491, 67, 821]  tape=2.448km B=9.63T unif=0.163% hoop=269MPa
  [  86] OK     f=   2.991  a=53.2 b=135.5 gap=27.9 (face=27.8mm) n=[524, 808, 791, 174, 621, 685, 714]  tape=2.991km B=11.78T unif=0.277% hoop=358MPa
  [  87] OK     f=   2.619  a=56.6 b=126.4 gap=25.2 (face=22.3mm) n=[751, 584, 882, 166, 291, 277, 892]  tape=2.619km B=10.19T unif=0.380% hoop=345MPa
  [  88] OK     f=   2.937  a=46.0 b=137.5 gap=32.4 (face=36.8mm) n=[613, 738, 846, 668, 221, 557, 552]  tape=2.937km B=10.98T unif=0.302% hoop=327MPa
  [  89] viol   f=   3.232  a=62.6 b=152.1 gap=23.0 (face=17.9mm) n=[484, 715, 859, 180, 556, 281, 862]  tape=3.133km B=9.78T unif=0.298% hoop=400MPa
  [  90] OK     f=   2.724  a=50.5 b=142.0 gap=25.7 (face=23.3mm) n=[787, 712, 713, 331, 393, 186, 654]  tape=2.724km B=11.33T unif=0.321% hoop=349MPa
  [  91] OK     f=   2.792  a=49.2 b=159.3 gap=20.2 (face=12.4mm) n=[640, 760, 382, 134, 633, 84, 866]  tape=2.792km B=10.35T unif=0.229% hoop=348MPa
  [  92] OK     f=   2.701  a=37.5 b=151.1 gap=20.3 (face=12.6mm) n=[670, 671, 344, 198, 521, 421, 816]  tape=2.701km B=12.19T unif=0.144% hoop=300MPa
  [  93] OK     f=   2.208  a=53.2 b=114.2 gap=25.3 (face=22.6mm) n=[899, 840, 488, 202, 296, 111, 651]  tape=2.208km B=10.71T unif=0.507% hoop=327MPa
  [  94] OK     f=   2.419  a=43.1 b=120.2 gap=24.6 (face=21.3mm) n=[498, 597, 788, 145, 606, 265, 900]  tape=2.419km B=10.76T unif=0.282% hoop=302MPa
  [  95] OK     f=   3.061  a=51.8 b=136.8 gap=23.7 (face=19.3mm) n=[805, 478, 891, 328, 817, 277, 718]  tape=3.061km B=12.48T unif=0.296% hoop=378MPa
  [  96] OK     f=   2.115  a=60.1 b=99.8 gap=27.7 (face=27.4mm) n=[899, 650, 860, 99, 141, 258, 746]  tape=2.115km B=10.64T unif=0.760% hoop=347MPa
  [  97] OK     f=   3.080  a=61.5 b=141.2 gap=25.4 (face=22.8mm) n=[701, 773, 817, 59, 594, 317, 883]  tape=3.080km B=10.55T unif=0.369% hoop=400MPa
  [  98] viol   f=   5.311  a=46.4 b=136.5 gap=23.7 (face=19.5mm) n=[240, 507, 591, 198, 609, 331, 884]  tape=2.428km B=8.80T unif=0.234% hoop=318MPa
  [  99] viol   f=   4.648  a=58.6 b=129.8 gap=22.0 (face=16.0mm) n=[686, 467, 830, 82, 330, 119, 642]  tape=2.226km B=8.90T unif=0.468% hoop=375MPa
  [ 100] INFEAS f=1009.828  a=33.0 b=108.5 gap=21.1 (face=14.2mm) n=[692, 140, 569, 230, 328, 90, 807]  no evaluation (geometry pre-check)
  [ 101] INFEAS f=29890.486  a=19.1 b=114.1 gap=37.5 (face=47.1mm) n=[859, 755, 735, 256, 381, 425, 761]  no evaluation (geometry pre-check)
  [ 102] OK     f=   2.334  a=58.4 b=106.1 gap=19.3 (face=10.6mm) n=[762, 408, 812, 314, 556, 338, 675]  tape=2.334km B=11.36T unif=0.812% hoop=400MPa
  [ 103] OK     f=   2.433  a=52.9 b=120.0 gap=28.0 (face=28.0mm) n=[886, 751, 895, 275, 89, 98, 879]  tape=2.433km B=11.07T unif=0.323% hoop=288MPa
  [ 104] viol   f=  29.132  a=71.8 b=139.1 gap=19.1 (face=10.2mm) n=[611, 635, 604, 145, 98, 109, 896]  tape=2.418km B=6.35T unif=0.474% hoop=400MPa
  [ 105] viol   f=   2.992  a=59.7 b=126.0 gap=25.9 (face=23.8mm) n=[864, 532, 394, 579, 201, 128, 893]  tape=2.496km B=9.50T unif=0.441% hoop=400MPa
  [ 106] viol   f=3123.842  a=34.1 b=143.3 gap=16.7 (face=5.4mm) n=[817, 535, 460, 99, 257, 258, 828]  tape=2.283km B=12.45T unif=4.951% hoop=294MPa
  [ 107] viol   f=  10.938  a=54.1 b=96.2 gap=33.2 (face=38.4mm) n=[413, 900, 637, 246, 245, 70, 392]  tape=1.699km B=7.85T unif=0.575% hoop=358MPa
  [ 108] viol   f=   2.343  a=66.2 b=97.3 gap=27.2 (face=26.5mm) n=[788, 580, 894, 318, 154, 127, 750]  tape=2.133km B=9.68T unif=0.841% hoop=358MPa
  [ 109] viol   f=   9.642  a=55.8 b=134.7 gap=34.5 (face=41.0mm) n=[572, 734, 691, 320, 163, 50, 740]  tape=2.273km B=8.08T unif=0.291% hoop=278MPa
  [ 110] viol   f=  41.275  a=37.6 b=125.9 gap=26.5 (face=25.0mm) n=[897, 643, 892, 191, 152, 130, 894]  tape=2.361km B=12.29T unif=1.441% hoop=237MPa
  [ 111] viol   f= 100.202  a=55.8 b=63.9 gap=18.9 (face=9.7mm) n=[480, 858, 790, 549, 102, 183, 883]  tape=1.633km B=14.44T unif=1.702% hoop=396MPa
  [ 112] viol   f=   3.439  a=65.5 b=126.1 gap=31.3 (face=34.6mm) n=[870, 461, 895, 264, 371, 258, 804]  tape=2.759km B=9.42T unif=0.427% hoop=366MPa
  [ 113] viol   f=   2.624  a=43.1 b=131.1 gap=33.9 (face=39.9mm) n=[625, 788, 869, 136, 407, 166, 899]  tape=2.591km B=9.87T unif=0.384% hoop=255MPa
  [ 114] viol   f=   4.998  a=74.7 b=107.5 gap=33.8 (face=39.6mm) n=[899, 602, 818, 195, 324, 68, 827]  tape=2.403km B=8.86T unif=0.595% hoop=378MPa
  [ 115] viol   f=   7.288  a=66.0 b=107.8 gap=21.2 (face=14.3mm) n=[613, 303, 671, 168, 379, 232, 900]  tape=2.134km B=8.39T unif=0.695% hoop=400MPa
  [ 116] viol   f=  10.520  a=78.3 b=98.9 gap=35.2 (face=42.3mm) n=[509, 686, 771, 264, 239, 167, 753]  tape=2.081km B=7.95T unif=0.559% hoop=385MPa
  [ 117] OK     f=   2.353  a=48.7 b=125.2 gap=25.1 (face=22.3mm) n=[599, 675, 890, 83, 93, 441, 778]  tape=2.353km B=10.40T unif=0.343% hoop=321MPa
  [ 118] INFEAS f=1510.576  a=33.1 b=120.1 gap=17.7 (face=7.4mm) n=[803, 538, 516, 385, 582, 50, 859]  no evaluation (geometry pre-check)
  [ 119] viol   f=  13.687  a=87.8 b=118.1 gap=26.9 (face=25.8mm) n=[738, 562, 799, 296, 577, 139, 791]  tape=2.756km B=7.66T unif=0.732% hoop=400MPa
  [ 120] viol   f=   5.540  a=71.6 b=86.6 gap=23.7 (face=19.3mm) n=[565, 412, 857, 154, 153, 53, 832]  tape=1.690km B=8.61T unif=0.965% hoop=377MPa
  [ 121] viol   f=   6.147  a=60.0 b=145.0 gap=25.6 (face=23.3mm) n=[706, 628, 704, 63, 99, 232, 772]  tape=2.396km B=8.63T unif=0.328% hoop=347MPa
  [ 122] viol   f=   2.744  a=54.2 b=135.8 gap=28.7 (face=29.5mm) n=[541, 629, 774, 147, 575, 383, 815]  tape=2.743km B=9.97T unif=0.270% hoop=361MPa
  [ 123] OK     f=   2.587  a=59.2 b=125.0 gap=26.9 (face=25.8mm) n=[796, 750, 845, 171, 90, 341, 875]  tape=2.587km B=10.36T unif=0.437% hoop=341MPa
  [ 124] OK     f=   2.316  a=37.9 b=105.1 gap=22.6 (face=17.3mm) n=[652, 536, 883, 252, 862, 313, 686]  tape=2.316km B=13.92T unif=0.426% hoop=311MPa
  [ 125] viol   f=   5.584  a=46.7 b=115.4 gap=33.7 (face=39.5mm) n=[463, 790, 854, 106, 168, 126, 786]  tape=2.006km B=8.66T unif=0.439% hoop=234MPa
  [ 126] OK     f=   2.675  a=51.4 b=126.7 gap=29.6 (face=31.3mm) n=[800, 618, 704, 267, 401, 522, 712]  tape=2.675km B=10.80T unif=0.326% hoop=328MPa
  [ 127] viol   f=   7.720  a=59.4 b=126.1 gap=26.4 (face=24.7mm) n=[527, 517, 898, 347, 157, 145, 899]  tape=2.424km B=8.37T unif=0.387% hoop=400MPa
  [ 128] viol   f=   2.346  a=53.6 b=110.1 gap=23.2 (face=18.4mm) n=[336, 579, 769, 356, 413, 70, 848]  tape=2.085km B=9.64T unif=0.514% hoop=359MPa
  [ 129] viol   f=   3.753  a=58.4 b=147.2 gap=25.8 (face=23.6mm) n=[653, 895, 577, 151, 241, 265, 857]  tape=2.820km B=9.32T unif=0.279% hoop=400MPa
  [ 130] viol   f=   2.308  a=43.2 b=121.4 gap=29.1 (face=30.2mm) n=[763, 513, 696, 159, 364, 208, 891]  tape=2.307km B=9.98T unif=0.241% hoop=274MPa
  [ 131] OK     f=   2.286  a=56.8 b=108.7 gap=23.3 (face=18.6mm) n=[785, 431, 810, 93, 452, 300, 870]  tape=2.286km B=10.77T unif=0.628% hoop=360MPa
  [ 132] OK     f=   2.393  a=50.0 b=123.0 gap=27.0 (face=26.0mm) n=[898, 747, 790, 98, 295, 62, 842]  tape=2.393km B=11.31T unif=0.382% hoop=290MPa
  [ 133] OK     f=   2.188  a=38.9 b=119.3 gap=22.4 (face=16.8mm) n=[315, 423, 561, 404, 895, 230, 580]  tape=2.188km B=10.13T unif=0.300% hoop=325MPa
  [ 134] OK     f=   2.480  a=37.5 b=132.5 gap=23.2 (face=18.5mm) n=[550, 292, 819, 234, 899, 97, 874]  tape=2.480km B=11.40T unif=0.474% hoop=255MPa
  [ 135] viol   f=   2.589  a=56.8 b=120.4 gap=24.4 (face=20.8mm) n=[591, 539, 666, 221, 313, 297, 668]  tape=2.116km B=9.51T unif=0.509% hoop=370MPa
  [ 136] OK     f=   2.613  a=45.1 b=105.6 gap=23.7 (face=19.3mm) n=[873, 730, 751, 401, 793, 324, 791]  tape=2.613km B=15.26T unif=0.587% hoop=341MPa
  [ 137] viol   f=   6.280  a=37.5 b=124.6 gap=21.8 (face=15.6mm) n=[825, 676, 614, 176, 98, 372, 790]  tape=2.218km B=12.85T unif=1.143% hoop=257MPa
  [ 138] viol   f=   2.016  a=31.7 b=126.5 gap=27.5 (face=27.1mm) n=[522, 435, 662, 209, 584, 124, 702]  tape=1.986km B=9.88T unif=0.354% hoop=201MPa
  [ 139] OK     f=   2.860  a=55.1 b=126.4 gap=35.1 (face=42.2mm) n=[505, 865, 843, 644, 416, 203, 779]  tape=2.860km B=10.23T unif=0.352% hoop=338MPa
  [ 140] OK     f=   2.641  a=51.1 b=126.3 gap=20.6 (face=13.2mm) n=[524, 702, 708, 409, 248, 720, 754]  tape=2.641km B=12.57T unif=0.404% hoop=399MPa
  [ 141] viol   f=   3.555  a=56.6 b=78.8 gap=21.3 (face=14.7mm) n=[375, 324, 430, 248, 712, 64, 900]  tape=1.577km B=9.01T unif=0.640% hoop=388MPa
  [ 142] OK     f=   2.132  a=43.4 b=107.6 gap=23.6 (face=19.3mm) n=[698, 291, 647, 332, 795, 277, 681]  tape=2.132km B=11.73T unif=0.419% hoop=291MPa
  [ 143] OK     f=   2.675  a=42.0 b=131.5 gap=32.7 (face=37.3mm) n=[267, 575, 711, 569, 611, 572, 767]  tape=2.675km B=10.19T unif=0.355% hoop=286MPa
  [ 144] viol   f=   2.043  a=39.0 b=108.1 gap=28.2 (face=28.3mm) n=[683, 189, 900, 288, 735, 109, 418]  tape=1.937km B=9.77T unif=0.419% hoop=224MPa
  [ 145] INFEAS f=13103.305  a=26.3 b=120.4 gap=26.9 (face=25.8mm) n=[886, 701, 774, 83, 899, 161, 785]  no evaluation (geometry pre-check)
  [ 146] OK     f=   2.412  a=45.0 b=125.4 gap=27.8 (face=27.6mm) n=[709, 377, 306, 270, 797, 652, 596]  tape=2.412km B=10.18T unif=0.369% hoop=292MPa
  [ 147] viol   f=   3.323  a=50.3 b=124.4 gap=35.2 (face=42.4mm) n=[708, 507, 835, 196, 784, 165, 600]  tape=2.483km B=9.35T unif=0.329% hoop=288MPa
  [ 148] viol   f=  12.225  a=49.2 b=127.4 gap=32.9 (face=37.8mm) n=[737, 274, 479, 218, 370, 262, 778]  tape=2.109km B=7.75T unif=0.334% hoop=272MPa
  [ 149] viol   f=   2.529  a=39.0 b=133.7 gap=24.0 (face=20.0mm) n=[471, 355, 514, 363, 878, 178, 898]  tape=2.500km B=9.88T unif=0.343% hoop=305MPa
  [ 150] viol   f=  14.183  a=37.7 b=131.8 gap=28.5 (face=29.1mm) n=[387, 607, 369, 84, 334, 131, 698]  tape=1.729km B=7.50T unif=0.244% hoop=218MPa
  [ 151] INFEAS f=12631.467  a=23.8 b=125.1 gap=28.5 (face=29.1mm) n=[373, 384, 828, 711, 728, 78, 386]  no evaluation (geometry pre-check)
  [ 152] INFEAS f=50468.430  a=8.0 b=126.5 gap=26.4 (face=24.8mm) n=[599, 109, 695, 476, 313, 69, 494]  no evaluation (geometry pre-check)
  [ 153] OK     f=   2.513  a=51.1 b=109.0 gap=30.7 (face=33.4mm) n=[635, 444, 697, 666, 845, 318, 578]  tape=2.513km B=10.99T unif=0.409% hoop=336MPa
  [ 154] INFEAS f=1012.996  a=34.4 b=120.5 gap=24.1 (face=20.2mm) n=[846, 240, 814, 371, 742, 214, 734]  no evaluation (geometry pre-check)
  [ 155] viol   f=   6.316  a=52.3 b=150.9 gap=35.1 (face=42.2mm) n=[751, 543, 385, 279, 726, 253, 775]  tape=2.826km B=8.68T unif=0.235% hoop=314MPa
  [ 156] INFEAS f=1130.058  a=34.8 b=113.3 gap=33.2 (face=38.4mm) n=[803, 269, 870, 70, 877, 103, 329]  no evaluation (geometry pre-check)
  [ 157] viol   f=   5.771  a=70.1 b=117.1 gap=18.8 (face=9.5mm) n=[834, 209, 718, 299, 519, 74, 641]  tape=2.239km B=8.67T unif=0.787% hoop=400MPa
  [ 158] viol   f=  10.633  a=43.7 b=133.1 gap=32.1 (face=36.2mm) n=[735, 399, 339, 134, 740, 61, 557]  tape=1.992km B=7.92T unif=0.439% hoop=246MPa
  [ 159] OK     f=   1.882  a=48.8 b=88.9 gap=21.2 (face=14.3mm) n=[685, 99, 834, 198, 900, 147, 898]  tape=1.882km B=12.33T unif=0.669% hoop=292MPa
  [ 160] viol   f=  31.765  a=56.7 b=133.3 gap=37.2 (face=46.5mm) n=[585, 358, 372, 101, 605, 379, 239]  tape=1.845km B=6.13T unif=0.278% hoop=320MPa
  [ 161] OK     f=   2.360  a=56.5 b=107.6 gap=19.8 (face=11.7mm) n=[683, 165, 769, 411, 890, 215, 749]  tape=2.360km B=11.61T unif=0.665% hoop=399MPa
  [ 162] viol   f=   6.814  a=70.9 b=92.5 gap=25.5 (face=23.0mm) n=[474, 50, 825, 118, 890, 132, 590]  tape=1.794km B=8.42T unif=0.800% hoop=331MPa
  [ 163] viol   f=  10.245  a=70.7 b=114.6 gap=32.2 (face=36.5mm) n=[714, 87, 636, 214, 832, 117, 751]  tape=2.207km B=8.00T unif=0.486% hoop=352MPa
  [ 164] OK     f=   1.805  a=39.8 b=90.8 gap=17.1 (face=6.2mm) n=[588, 118, 837, 372, 816, 186, 741]  tape=1.805km B=13.57T unif=0.578% hoop=291MPa
  [ 165] INFEAS f=2792.839  a=23.1 b=106.1 gap=30.1 (face=32.3mm) n=[642, 140, 553, 364, 588, 105, 553]  no evaluation (geometry pre-check)
  [ 166] viol   f=  52.777  a=55.3 b=71.3 gap=20.0 (face=12.0mm) n=[893, 317, 530, 531, 799, 343, 639]  tape=1.901km B=12.12T unif=1.504% hoop=400MPa
  [ 167] viol   f=   2.741  a=64.6 b=94.0 gap=19.8 (face=11.7mm) n=[743, 146, 886, 350, 898, 92, 646]  tape=2.125km B=11.36T unif=1.056% hoop=400MPa
  [ 168] INFEAS f=1002.870  a=32.2 b=117.0 gap=31.1 (face=34.2mm) n=[611, 152, 784, 563, 560, 68, 445]  no evaluation (geometry pre-check)
  [ 169] viol   f=   2.851  a=47.7 b=94.8 gap=29.8 (face=31.6mm) n=[666, 247, 560, 276, 866, 126, 736]  tape=1.888km B=9.31T unif=0.463% hoop=264MPa
  [ 170] viol   f=   7.722  a=76.8 b=135.9 gap=20.6 (face=13.2mm) n=[866, 302, 603, 206, 790, 80, 898]  tape=2.852km B=8.44T unif=0.535% hoop=400MPa
  [ 171] viol   f=   1.485  a=49.4 b=73.8 gap=22.1 (face=16.2mm) n=[341, 346, 450, 155, 775, 389, 650]  tape=1.449km B=9.87T unif=0.652% hoop=400MPa
  [ 172] viol   f=   3.425  a=57.4 b=101.0 gap=23.3 (face=18.6mm) n=[638, 469, 675, 270, 365, 81, 435]  tape=1.686km B=9.07T unif=0.866% hoop=352MPa
  [ 173] viol   f=  11.664  a=69.4 b=98.2 gap=17.9 (face=7.8mm) n=[833, 84, 756, 85, 614, 148, 680]  tape=1.888km B=9.56T unif=1.217% hoop=396MPa
  [ 174] OK     f=   2.636  a=39.8 b=103.4 gap=22.8 (face=17.7mm) n=[756, 403, 896, 785, 858, 361, 868]  tape=2.636km B=16.19T unif=0.619% hoop=311MPa
  [ 175] viol   f=   3.255  a=41.1 b=128.6 gap=24.0 (face=20.1mm) n=[161, 145, 767, 181, 731, 379, 896]  tape=2.165km B=9.26T unif=0.380% hoop=242MPa
  [ 176] viol   f=  26.205  a=59.8 b=76.7 gap=19.2 (face=10.4mm) n=[625, 356, 892, 290, 719, 422, 532]  tape=1.947km B=11.94T unif=1.348% hoop=400MPa
  [ 177] OK     f=   2.006  a=49.4 b=98.4 gap=21.6 (face=15.1mm) n=[850, 144, 893, 257, 897, 134, 499]  tape=2.006km B=12.41T unif=0.695% hoop=288MPa
  [ 178] OK     f=   1.751  a=44.7 b=88.1 gap=22.3 (face=16.7mm) n=[251, 130, 829, 137, 899, 392, 883]  tape=1.751km B=11.03T unif=0.750% hoop=249MPa
  [ 179] OK     f=   2.088  a=43.9 b=97.8 gap=19.5 (face=10.9mm) n=[698, 151, 89, 857, 654, 572, 895]  tape=2.088km B=12.89T unif=0.637% hoop=302MPa
  [ 180] INFEAS f=1036.625  a=36.0 b=93.2 gap=25.3 (face=22.6mm) n=[828, 333, 759, 592, 895, 209, 600]  no evaluation (geometry pre-check)
  [ 181] viol   f=   1.518  a=40.3 b=82.8 gap=20.9 (face=13.8mm) n=[108, 68, 867, 334, 595, 470, 521]  tape=1.453km B=9.82T unif=1.001% hoop=251MPa
  [ 182] INFEAS f=2316.884  a=51.6 b=50.9 gap=20.9 (face=13.8mm) n=[514, 160, 874, 51, 884, 54, 646]  no evaluation (geometry pre-check)
  [ 183] OK     f=   1.912  a=52.8 b=105.0 gap=24.3 (face=20.5mm) n=[646, 101, 728, 313, 668, 254, 621]  tape=1.912km B=10.14T unif=0.613% hoop=296MPa
  [ 184] viol   f=   4.558  a=61.6 b=85.8 gap=29.2 (face=30.4mm) n=[684, 222, 442, 114, 827, 237, 765]  tape=1.750km B=8.82T unif=0.555% hoop=295MPa
  [ 185] viol   f=  32.948  a=39.5 b=65.2 gap=17.0 (face=6.0mm) n=[796, 118, 743, 566, 809, 518, 607]  tape=1.588km B=17.94T unif=1.396% hoop=316MPa
  [ 186] INFEAS f=3280.179  a=64.9 b=62.4 gap=29.5 (face=31.0mm) n=[428, 297, 864, 301, 780, 232, 838]  no evaluation (geometry pre-check)
  [ 187] INFEAS f=14552.774  a=24.6 b=99.5 gap=19.0 (face=10.1mm) n=[372, 107, 870, 294, 655, 383, 681]  no evaluation (geometry pre-check)
  [ 188] INFEAS f=1079.225  a=55.9 b=59.5 gap=30.7 (face=33.4mm) n=[402, 288, 711, 321, 691, 356, 538]  no evaluation (geometry pre-check)
  [ 189] OK     f=   1.544  a=55.0 b=60.5 gap=24.4 (face=20.8mm) n=[698, 156, 734, 406, 751, 333, 786]  tape=1.544km B=13.41T unif=0.578% hoop=330MPa
  [ 190] INFEAS f=44135.006  a=14.6 b=58.4 gap=25.4 (face=22.8mm) n=[655, 475, 341, 254, 830, 175, 835]  no evaluation (geometry pre-check)
  [ 191] OK     f=   1.538  a=49.9 b=73.3 gap=27.3 (face=26.6mm) n=[742, 90, 813, 142, 889, 268, 420]  tape=1.538km B=10.80T unif=0.612% hoop=254MPa
  [ 192] OK     f=   1.809  a=48.5 b=83.3 gap=24.6 (face=21.2mm) n=[116, 446, 587, 328, 821, 404, 891]  tape=1.809km B=10.09T unif=0.490% hoop=305MPa
  [ 193] viol   f=  49.406  a=69.4 b=78.1 gap=18.7 (face=9.4mm) n=[170, 164, 854, 253, 388, 264, 476]  tape=1.421km B=7.74T unif=1.434% hoop=374MPa
  [ 194] viol   f=   2.987  a=40.4 b=73.8 gap=18.4 (face=8.8mm) n=[349, 360, 811, 91, 731, 239, 828]  tape=1.469km B=12.60T unif=1.087% hoop=330MPa
  [ 195] OK     f=   1.957  a=48.9 b=107.8 gap=24.4 (face=20.7mm) n=[507, 111, 899, 109, 862, 91, 777]  tape=1.957km B=10.09T unif=0.545% hoop=262MPa
  [ 196] OK     f=   1.636  a=45.2 b=89.6 gap=20.4 (face=12.7mm) n=[473, 141, 819, 481, 861, 110, 279]  tape=1.636km B=10.81T unif=0.801% hoop=294MPa
  [ 197] OK     f=   2.069  a=49.4 b=97.3 gap=19.8 (face=11.6mm) n=[229, 269, 676, 158, 898, 705, 813]  tape=2.069km B=11.48T unif=0.659% hoop=317MPa
  [ 198] INFEAS f=3045.217  a=65.9 b=63.7 gap=29.3 (face=30.6mm) n=[733, 344, 895, 51, 635, 217, 846]  no evaluation (geometry pre-check)
  [ 199] viol   f=   9.204  a=34.9 b=50.3 gap=18.7 (face=9.5mm) n=[546, 478, 583, 161, 416, 514, 641]  tape=1.032km B=14.96T unif=1.202% hoop=256MPa
  [ 200] viol   f=  12.003  a=40.3 b=103.8 gap=24.2 (face=20.4mm) n=[331, 225, 772, 52, 460, 93, 520]  tape=1.396km B=7.70T unif=0.683% hoop=213MPa
  [ 201] viol   f=   1.637  a=38.3 b=82.2 gap=27.1 (face=26.1mm) n=[390, 154, 700, 135, 894, 671, 419]  tape=1.611km B=9.89T unif=0.613% hoop=226MPa
  [ 202] INFEAS f=1002.489  a=58.9 b=63.7 gap=21.8 (face=15.6mm) n=[323, 53, 592, 70, 897, 359, 256]  no evaluation (geometry pre-check)
  [ 203] OK     f=   1.703  a=48.4 b=81.7 gap=17.4 (face=6.7mm) n=[531, 330, 780, 343, 893, 151, 352]  tape=1.703km B=11.72T unif=0.991% hoop=374MPa
  [ 204] viol   f=   4.280  a=56.3 b=81.6 gap=28.6 (face=29.1mm) n=[530, 64, 388, 240, 607, 583, 850]  tape=1.683km B=8.86T unif=0.433% hoop=338MPa
  [ 205] viol   f=   6.722  a=49.9 b=93.9 gap=29.0 (face=30.0mm) n=[564, 65, 706, 131, 479, 476, 445]  tape=1.529km B=8.39T unif=0.567% hoop=364MPa
  [ 206] OK     f=   1.377  a=45.8 b=66.7 gap=20.8 (face=13.6mm) n=[556, 289, 735, 364, 896, 131, 167]  tape=1.377km B=11.22T unif=0.815% hoop=293MPa
  [ 207] OK     f=   2.541  a=59.2 b=115.3 gap=26.5 (face=25.0mm) n=[528, 127, 892, 237, 738, 594, 834]  tape=2.541km B=10.32T unif=0.422% hoop=363MPa
  [ 208] viol   f=   2.766  a=50.5 b=84.7 gap=26.1 (face=24.1mm) n=[409, 287, 722, 208, 872, 187, 566]  tape=1.689km B=9.27T unif=0.642% hoop=280MPa
  [ 209] OK     f=   1.320  a=50.8 b=55.8 gap=21.3 (face=14.6mm) n=[610, 433, 866, 245, 900, 178, 113]  tape=1.320km B=12.55T unif=0.106% hoop=324MPa
  [ 210] INFEAS f=2462.767  a=79.9 b=78.9 gap=25.0 (face=22.0mm) n=[467, 132, 886, 152, 680, 326, 355]  no evaluation (geometry pre-check)
  [ 211] OK     f=   1.174  a=38.1 b=63.6 gap=20.0 (face=11.9mm) n=[411, 351, 840, 162, 885, 231, 53]  tape=1.174km B=11.37T unif=0.817% hoop=267MPa
  [ 212] viol   f=   3.836  a=41.4 b=59.5 gap=22.7 (face=17.4mm) n=[111, 337, 679, 92, 898, 303, 118]  tape=1.025km B=8.81T unif=0.239% hoop=206MPa
  [ 213] INFEAS f=2214.253  a=54.0 b=53.4 gap=16.1 (face=4.1mm) n=[830, 105, 729, 61, 888, 136, 334]  no evaluation (geometry pre-check)
  [ 214] INFEAS f=1097.364  a=33.8 b=115.8 gap=20.7 (face=13.4mm) n=[847, 167, 724, 163, 793, 347, 490]  no evaluation (geometry pre-check)
  [ 215] INFEAS f=1165.266  a=38.0 b=41.0 gap=25.4 (face=22.9mm) n=[559, 263, 733, 423, 737, 192, 118]  no evaluation (geometry pre-check)
  [ 216] INFEAS f=2203.669  a=32.9 b=84.1 gap=21.9 (face=15.7mm) n=[455, 106, 884, 408, 756, 121, 356]  no evaluation (geometry pre-check)
  [ 217] viol   f=  69.908  a=58.2 b=79.1 gap=19.7 (face=11.4mm) n=[855, 214, 900, 363, 752, 231, 230]  tape=1.781km B=11.74T unif=1.584% hoop=400MPa
  [ 218] viol   f=   1.616  a=36.3 b=78.1 gap=23.6 (face=19.3mm) n=[266, 164, 814, 66, 580, 317, 649]  tape=1.294km B=9.60T unif=0.806% hoop=204MPa
  [ 219] viol   f=  17.244  a=58.2 b=73.1 gap=28.4 (face=28.8mm) n=[539, 151, 510, 50, 712, 120, 252]  tape=1.110km B=7.16T unif=0.772% hoop=255MPa
  [ 220] OK     f=   1.549  a=46.6 b=64.7 gap=27.2 (face=26.5mm) n=[895, 81, 871, 900, 840, 109, 284]  tape=1.549km B=14.38T unif=0.394% hoop=247MPa
  [ 221] OK     f=   1.623  a=48.5 b=78.0 gap=21.2 (face=14.4mm) n=[474, 91, 774, 524, 844, 234, 464]  tape=1.623km B=11.52T unif=0.862% hoop=320MPa
  [ 222] viol   f=  12.459  a=55.3 b=119.6 gap=22.7 (face=17.4mm) n=[352, 275, 806, 99, 664, 125, 400]  tape=1.814km B=7.69T unif=0.481% hoop=306MPa
  [ 223] OK     f=   1.926  a=41.2 b=96.2 gap=21.0 (face=14.0mm) n=[596, 113, 889, 435, 718, 457, 338]  tape=1.926km B=11.93T unif=0.637% hoop=313MPa
  [ 224] OK     f=   1.912  a=50.1 b=83.0 gap=24.8 (face=21.7mm) n=[896, 401, 711, 679, 889, 202, 125]  tape=1.912km B=13.05T unif=0.911% hoop=324MPa
  [ 225] viol   f=   2.789  a=47.3 b=54.5 gap=17.7 (face=7.5mm) n=[701, 150, 796, 540, 865, 186, 147]  tape=1.265km B=14.25T unif=1.087% hoop=302MPa
  [ 226] OK     f=   1.303  a=44.1 b=65.4 gap=23.3 (face=18.5mm) n=[553, 335, 862, 249, 893, 75, 152]  tape=1.303km B=10.92T unif=0.555% hoop=249MPa
  [ 227] viol   f= 132.982  a=55.0 b=67.6 gap=18.7 (face=9.5mm) n=[851, 94, 731, 498, 892, 310, 274]  tape=1.628km B=13.64T unif=1.810% hoop=358MPa
  [ 228] viol   f=  84.453  a=41.2 b=54.3 gap=30.8 (face=33.5mm) n=[415, 80, 773, 204, 846, 337, 630]  tape=1.196km B=9.66T unif=1.644% hoop=197MPa
  [ 229] INFEAS f=8942.473  a=25.0 b=61.7 gap=27.4 (face=26.8mm) n=[581, 248, 537, 811, 667, 59, 188]  no evaluation (geometry pre-check)
  [ 230] INFEAS f=14691.394  a=54.6 b=41.1 gap=22.2 (face=16.4mm) n=[899, 55, 779, 266, 871, 486, 213]  no evaluation (geometry pre-check)
  [ 231] viol   f=   1.787  a=39.8 b=76.1 gap=26.9 (face=25.7mm) n=[387, 84, 897, 727, 500, 202, 117]  tape=1.346km B=9.53T unif=0.855% hoop=224MPa
  [ 232] OK     f=   1.670  a=44.1 b=88.2 gap=26.6 (face=25.2mm) n=[683, 173, 749, 137, 688, 433, 553]  tape=1.670km B=10.86T unif=0.641% hoop=244MPa
  [ 233] OK     f=   2.143  a=50.2 b=97.0 gap=19.5 (face=11.0mm) n=[880, 81, 653, 582, 652, 301, 729]  tape=2.143km B=12.98T unif=0.816% hoop=379MPa
  [ 234] viol   f=   2.098  a=51.4 b=88.2 gap=22.4 (face=16.8mm) n=[645, 213, 440, 408, 597, 141, 395]  tape=1.446km B=9.49T unif=1.025% hoop=347MPa
  [ 235] OK     f=   1.648  a=53.9 b=80.0 gap=25.8 (face=23.6mm) n=[611, 385, 778, 235, 801, 67, 509]  tape=1.648km B=10.30T unif=0.784% hoop=294MPa
  [ 236] viol   f=   3.867  a=42.7 b=84.5 gap=21.2 (face=14.3mm) n=[321, 150, 824, 186, 780, 72, 191]  tape=1.238km B=8.85T unif=0.744% hoop=214MPa
  [ 237] viol   f=   4.491  a=51.5 b=77.0 gap=24.3 (face=20.6mm) n=[554, 206, 853, 248, 572, 74, 164]  tape=1.321km B=8.74T unif=0.904% hoop=270MPa
  [ 238] viol   f=   1.604  a=54.8 b=71.8 gap=30.4 (face=32.9mm) n=[616, 166, 857, 563, 726, 150, 207]  tape=1.535km B=9.81T unif=0.395% hoop=286MPa
  [ 239] OK     f=   2.012  a=49.1 b=101.5 gap=26.9 (face=25.8mm) n=[693, 106, 872, 816, 572, 145, 356]  tape=2.012km B=10.95T unif=0.673% hoop=291MPa
  [ 240] INFEAS f=6007.373  a=29.7 b=47.2 gap=20.8 (face=13.6mm) n=[156, 515, 891, 289, 625, 165, 340]  no evaluation (geometry pre-check)
  [ 241] OK     f=   1.834  a=45.9 b=90.1 gap=31.2 (face=34.5mm) n=[684, 83, 892, 684, 899, 278, 104]  tape=1.834km B=10.52T unif=0.611% hoop=249MPa
  [ 242] viol   f=  37.934  a=37.3 b=81.6 gap=23.0 (face=18.0mm) n=[767, 204, 452, 718, 740, 254, 160]  tape=1.483km B=12.53T unif=1.427% hoop=240MPa
  [ 243] OK     f=   1.590  a=47.6 b=92.6 gap=22.5 (face=16.9mm) n=[629, 152, 458, 627, 605, 64, 653]  tape=1.590km B=10.84T unif=0.719% hoop=291MPa
  [ 244] INFEAS f=1111.333  a=34.4 b=76.7 gap=29.1 (face=30.1mm) n=[533, 247, 863, 96, 834, 51, 260]  no evaluation (geometry pre-check)
  [ 245] OK     f=   1.681  a=37.2 b=88.2 gap=20.5 (face=13.0mm) n=[781, 156, 763, 76, 898, 125, 721]  tape=1.681km B=13.02T unif=0.374% hoop=229MPa
  [ 246] INFEAS f=3138.109  a=29.5 b=70.4 gap=24.0 (face=19.9mm) n=[790, 238, 781, 562, 824, 120, 135]  no evaluation (geometry pre-check)
  [ 247] viol   f=   8.545  a=44.4 b=92.7 gap=33.7 (face=39.5mm) n=[587, 169, 715, 334, 805, 184, 243]  tape=1.600km B=8.14T unif=0.502% hoop=225MPa
  [ 248] OK     f=   1.695  a=46.7 b=76.0 gap=24.3 (face=20.7mm) n=[488, 310, 882, 273, 774, 435, 388]  tape=1.695km B=11.12T unif=0.845% hoop=306MPa
  [ 249] viol   f=   4.342  a=37.5 b=81.0 gap=24.8 (face=21.6mm) n=[295, 330, 899, 184, 881, 75, 267]  tape=1.376km B=9.49T unif=1.111% hoop=260MPa
  [ 250] OK     f=   1.509  a=55.0 b=64.2 gap=29.2 (face=30.4mm) n=[793, 81, 861, 384, 780, 110, 558]  tape=1.509km B=11.47T unif=0.164% hoop=276MPa
  [ 251] viol   f=   4.370  a=46.2 b=84.5 gap=27.9 (face=27.7mm) n=[605, 105, 887, 77, 612, 129, 465]  tape=1.460km B=8.79T unif=0.628% hoop=232MPa
  [ 252] OK     f=   2.024  a=45.3 b=86.3 gap=25.0 (face=22.1mm) n=[859, 381, 726, 439, 810, 388, 452]  tape=2.024km B=13.12T unif=0.801% hoop=314MPa
  [ 253] OK     f=   1.767  a=42.2 b=77.7 gap=27.2 (face=26.3mm) n=[549, 291, 840, 203, 827, 272, 900]  tape=1.767km B=11.68T unif=0.622% hoop=254MPa
  [ 254] INFEAS f=7523.041  a=61.1 b=53.3 gap=21.9 (face=15.7mm) n=[555, 430, 705, 128, 899, 196, 865]  no evaluation (geometry pre-check)
  [ 255] OK     f=   1.249  a=33.0 b=68.0 gap=24.9 (face=21.8mm) n=[561, 179, 668, 382, 580, 296, 628]  tape=1.249km B=11.97T unif=0.742% hoop=212MPa
  [ 256] OK     f=   1.688  a=43.0 b=78.8 gap=23.9 (face=19.9mm) n=[726, 252, 676, 162, 897, 343, 492]  tape=1.688km B=11.76T unif=0.752% hoop=272MPa
  [ 257] INFEAS f=10230.816  a=27.6 b=88.4 gap=22.5 (face=17.0mm) n=[734, 82, 898, 540, 807, 188, 573]  no evaluation (geometry pre-check)
  [ 258] OK     f=   1.702  a=42.8 b=87.5 gap=27.1 (face=26.1mm) n=[796, 307, 725, 381, 420, 77, 795]  tape=1.702km B=11.03T unif=0.710% hoop=275MPa
  [ 259] OK     f=   2.224  a=54.9 b=92.7 gap=23.1 (face=18.2mm) n=[895, 344, 734, 422, 833, 97, 829]  tape=2.224km B=12.89T unif=0.837% hoop=352MPa
  [ 260] INFEAS f=1079.150  a=61.8 b=65.4 gap=25.7 (face=23.5mm) n=[869, 297, 722, 520, 458, 217, 353]  no evaluation (geometry pre-check)
  [ 261] OK     f=   1.559  a=47.4 b=79.0 gap=21.8 (face=15.6mm) n=[807, 70, 801, 265, 793, 66, 679]  tape=1.559km B=12.73T unif=0.974% hoop=254MPa
  [ 262] INFEAS f=5788.609  a=25.6 b=61.4 gap=23.2 (face=18.4mm) n=[439, 52, 715, 127, 778, 462, 701]  no evaluation (geometry pre-check)
  [ 263] viol   f=   1.771  a=39.1 b=87.1 gap=25.0 (face=21.9mm) n=[759, 90, 875, 120, 871, 142, 743]  tape=1.682km B=12.16T unif=1.021% hoop=211MPa
  [ 264] viol   f=   7.648  a=40.9 b=67.6 gap=20.6 (face=13.3mm) n=[567, 217, 558, 430, 658, 284, 574]  tape=1.304km B=12.71T unif=1.178% hoop=281MPa
  [ 265] INFEAS f=2404.378  a=32.7 b=77.1 gap=26.8 (face=25.5mm) n=[562, 204, 637, 262, 645, 171, 886]  no evaluation (geometry pre-check)
  [ 266] INFEAS f=1206.717  a=34.5 b=67.9 gap=23.1 (face=18.1mm) n=[456, 112, 595, 115, 668, 77, 877]  no evaluation (geometry pre-check)
  [ 267] viol   f=  11.101  a=37.6 b=58.1 gap=21.5 (face=14.9mm) n=[895, 288, 697, 368, 801, 159, 434]  tape=1.370km B=15.12T unif=1.221% hoop=259MPa
  [ 268] INFEAS f=1018.144  a=30.6 b=62.9 gap=26.8 (face=25.6mm) n=[705, 300, 511, 229, 748, 301, 736]  no evaluation (geometry pre-check)
  [ 269] OK     f=   1.559  a=39.9 b=82.0 gap=22.9 (face=17.8mm) n=[638, 108, 671, 306, 626, 150, 829]  tape=1.559km B=11.22T unif=0.708% hoop=241MPa
  [ 270] OK     f=   1.315  a=44.8 b=50.9 gap=21.5 (face=15.0mm) n=[506, 491, 900, 101, 769, 361, 419]  tape=1.315km B=13.68T unif=0.883% hoop=349MPa
  [ 271] OK     f=   1.342  a=47.5 b=64.5 gap=20.5 (face=12.9mm) n=[369, 369, 853, 257, 793, 195, 282]  tape=1.342km B=11.39T unif=0.671% hoop=310MPa
  [ 272] viol   f=  37.027  a=51.3 b=57.5 gap=22.4 (face=16.7mm) n=[672, 208, 624, 553, 746, 439, 289]  tape=1.371km B=13.49T unif=1.422% hoop=340MPa
  [ 273] OK     f=   1.203  a=42.3 b=62.0 gap=19.5 (face=10.9mm) n=[539, 279, 704, 165, 783, 268, 269]  tape=1.203km B=11.68T unif=0.999% hoop=288MPa
  [ 274] OK     f=   1.935  a=56.1 b=79.4 gap=31.2 (face=34.3mm) n=[686, 220, 897, 294, 664, 306, 810]  tape=1.935km B=10.46T unif=0.363% hoop=299MPa
  [ 275] OK     f=   1.292  a=39.8 b=69.9 gap=24.9 (face=21.9mm) n=[372, 167, 770, 206, 697, 334, 497]  tape=1.292km B=10.14T unif=0.717% hoop=224MPa
  [ 276] OK     f=   1.573  a=48.9 b=75.6 gap=20.1 (face=12.3mm) n=[364, 185, 870, 287, 860, 153, 662]  tape=1.573km B=11.68T unif=0.951% hoop=288MPa
  [ 277] INFEAS f=12516.052  a=24.9 b=84.0 gap=21.3 (face=14.5mm) n=[504, 152, 801, 116, 856, 99, 597]  no evaluation (geometry pre-check)
  [ 278] OK     f=   1.188  a=45.8 b=51.9 gap=21.0 (face=14.0mm) n=[519, 229, 784, 143, 652, 366, 567]  tape=1.188km B=12.62T unif=0.124% hoop=279MPa  [a=78 b=138 nt=1932] KSP converged reason: 4, iterations: 1
  [a=75 b=136 nt=2571] KSP converged reason: 4, iterations: 1
  [a=89 b=165 nt=3431] KSP converged reason: 4, iterations: 1
  [a=71 b=140 nt=3763] KSP converged reason: 4, iterations: 1
  [a=71 b=137 nt=3578] KSP converged reason: 4, iterations: 1
  [a=77 b=132 nt=4157] KSP converged reason: 4, iterations: 1
  [a=66 b=151 nt=3544] KSP converged reason: 4, iterations: 1
  [a=46 b=103 nt=3575] KSP converged reason: 4, iterations: 1
  [a=61 b=147 nt=3209] KSP converged reason: 4, iterations: 1
  [a=54 b=144 nt=4285] KSP converged reason: 4, iterations: 1
  [a=42 b=149 nt=3335] KSP converged reason: 4, iterations: 1
  [a=51 b=142 nt=3776] KSP converged reason: 4, iterations: 1
  [a=52 b=137 nt=4314] KSP converged reason: 4, iterations: 1
  [a=53 b=120 nt=3873] KSP converged reason: 4, iterations: 1
  [a=65 b=126 nt=3923] KSP converged reason: 4, iterations: 1
  [a=59 b=125 nt=3868] KSP converged reason: 4, iterations: 1
  [a=58 b=147 nt=3639] KSP converged reason: 4, iterations: 1
  [a=45 b=106 nt=4663] KSP converged reason: 4, iterations: 1
  [a=43 b=108 nt=3721] KSP converged reason: 4, iterations: 1
  [a=38 b=132 nt=2610] KSP converged reason: 4, iterations: 1
  [a=57 b=133 nt=2639] KSP converged reason: 4, iterations: 1
  [a=40 b=91 nt=3658] KSP converged reason: 4, iterations: 1
  [a=57 b=101 nt=2933] KSP converged reason: 4, iterations: 1
  [a=40 b=83 nt=2963] KSP converged reason: 4, iterations: 1
  [a=49 b=83 nt=3593] KSP converged reason: 4, iterations: 1
  [a=59 b=115 nt=3950] KSP converged reason: 4, iterations: 1
  [a=58 b=73 nt=2334] KSP converged reason: 4, iterations: 1
  [a=41 b=96 nt=3546] KSP converged reason: 4, iterations: 1
  [a=50 b=97 nt=3878] KSP converged reason: 4, iterations: 1
  [a=48 b=93 nt=3188] KSP converged reason: 4, iterations: 1
  [a=43 b=79 nt=3548] KSP converged reason: 4, iterations: 1
  [a=39 b=87 nt=3600] KSP converged reason: 4, iterations: 1
  [a=56 b=79 nt=3877] KSP converged reason: 4, iterations: 1
  [a=40 b=55 nt=3700] KSP converged reason: 4, iterations: 1
  [a=32 b=63 nt=3701] KSP converged reason: 4, iterations: 1
  [a=39 b=63 nt=3654] KSP converged reason: 4, iterations: 1
  [a=70 b=131 nt=2882] KSP converged reason: 4, iterations: 1
  [a=57 b=150 nt=3469] KSP converged reason: 4, iterations: 1
  [a=83 b=128 nt=2961] KSP converged reason: 4, iterations: 1
  [a=57 b=137 nt=3772] KSP converged reason: 4, iterations: 1
  [a=49 b=151 nt=3024] KSP converged reason: 4, iterations: 1
  [a=61 b=106 nt=3890] KSP converged reason: 4, iterations: 1
  [a=57 b=103 nt=3758] KSP converged reason: 4, iterations: 1
  [a=46 b=125 nt=3243] KSP converged reason: 4, iterations: 1
  [a=59 b=146 nt=4277] KSP converged reason: 4, iterations: 1
  [a=61 b=102 nt=3498] KSP converged reason: 4, iterations: 1
  [a=78 b=144 nt=3171] KSP converged reason: 4, iterations: 1
  [a=52 b=120 nt=3907] KSP converged reason: 4, iterations: 1
  [a=48 b=123 nt=3303] KSP converged reason: 4, iterations: 1
  [a=43 b=140 nt=4636] KSP converged reason: 4, iterations: 1
  [a=61 b=145 nt=4593] KSP converged reason: 4, iterations: 1
  [a=53 b=114 nt=3487] KSP converged reason: 4, iterations: 1
  [a=46 b=137 nt=3360] KSP converged reason: 4, iterations: 1
  [a=60 b=126 nt=3591] KSP converged reason: 4, iterations: 1
  [a=38 b=126 nt=3799] KSP converged reason: 4, iterations: 1
  [a=66 b=108 nt=3266] KSP converged reason: 4, iterations: 1
  [a=49 b=125 nt=3559] KSP converged reason: 4, iterations: 1
  [a=47 b=115 nt=3293] KSP converged reason: 4, iterations: 1
  [a=59 b=126 nt=3490] KSP converged reason: 4, iterations: 1
  [a=39 b=119 nt=3408] KSP converged reason: 4, iterations: 1
  [a=37 b=125 nt=3551] KSP converged reason: 4, iterations: 1
  [a=42 b=132 nt=4072] KSP converged reason: 4, iterations: 1
  [a=51 b=109 nt=4183] KSP converged reason: 4, iterations: 1
  [a=65 b=94 nt=3761] KSP converged reason: 4, iterations: 1
  [a=49 b=74 nt=3106] KSP converged reason: 4, iterations: 1
  [a=49 b=98 nt=3674] KSP converged reason: 4, iterations: 1
  [a=55 b=60 nt=3864] KSP converged reason: 4, iterations: 1
  [a=40 b=74 nt=3409] KSP converged reason: 4, iterations: 1
  [a=38 b=82 nt=3363] KSP converged reason: 4, iterations: 1
  [a=38 b=64 nt=2933] KSP converged reason: 4, iterations: 1
  [a=55 b=120 nt=2721] KSP converged reason: 4, iterations: 1
  [a=44 b=88 nt=3416] KSP converged reason: 4, iterations: 1
  [a=37 b=82 nt=3295] KSP converged reason: 4, iterations: 1
  [a=46 b=85 nt=2880] KSP converged reason: 4, iterations: 1
  [a=55 b=93 nt=4154] KSP converged reason: 4, iterations: 1
  [a=38 b=58 nt=3642] KSP converged reason: 4, iterations: 1
  [a=51 b=58 nt=3531] KSP converged reason: 4, iterations: 1
  [a=41 b=65 nt=3493] KSP converged reason: 4, iterations: 1
  [a=54 b=64 nt=3390] KSP converged reason: 4, iterations: 1
  [a=49 b=85 nt=3262] KSP converged reason: 4, iterations: 1
  [a=46 b=57 nt=3949] KSP converged reason: 4, iterations: 1
  [a=74 b=106 nt=3742] KSP converged reason: 4, iterations: 1
  [a=102 b=144 nt=2854] KSP converged reason: 4, iterations: 1
  [a=77 b=109 nt=2343] KSP converged reason: 4, iterations: 1
  [a=77 b=129 nt=2780] KSP converged reason: 4, iterations: 1
  [a=87 b=105 nt=3682] KSP converged reason: 4, iterations: 1
  [a=47 b=132 nt=3348] KSP converged reason: 4, iterations: 1
  [a=46 b=117 nt=4044] KSP converged reason: 4, iterations: 1
  [a=55 b=120 nt=3627] KSP converged reason: 4, iterations: 1
  [a=59 b=144 nt=4111] KSP converged reason: 4, iterations: 1
  [a=77 b=113 nt=3569] KSP converged reason: 4, iterations: 1
  [a=54 b=141 nt=3808] KSP converged reason: 4, iterations: 1
  [a=45 b=131 nt=3920] KSP converged reason: 4, iterations: 1
  [a=57 b=126 nt=3843] KSP converged reason: 4, iterations: 1
  [a=49 b=159 nt=3499] KSP converged reason: 4, iterations: 1
  [a=58 b=106 nt=3865] KSP converged reason: 4, iterations: 1
  [a=43 b=131 nt=3890] KSP converged reason: 4, iterations: 1
  [a=54 b=136 nt=3864] KSP converged reason: 4, iterations: 1
  [a=57 b=109 nt=3741] KSP converged reason: 4, iterations: 1
  [a=55 b=126 nt=4255] KSP converged reason: 4, iterations: 1
  [a=50 b=124 nt=3795] KSP converged reason: 4, iterations: 1
  [a=49 b=89 nt=3761] KSP converged reason: 4, iterations: 1
  [a=56 b=108 nt=3882] KSP converged reason: 4, iterations: 1
  [a=40 b=103 nt=4927] KSP converged reason: 4, iterations: 1
  [a=53 b=105 nt=3331] KSP converged reason: 4, iterations: 1
  [a=49 b=108 nt=3356] KSP converged reason: 4, iterations: 1
  [a=48 b=82 nt=3380] KSP converged reason: 4, iterations: 1
  [a=51 b=56 nt=3345] KSP converged reason: 4, iterations: 1
  [a=47 b=65 nt=3980] KSP converged reason: 4, iterations: 1
  [a=44 b=65 nt=3119] KSP converged reason: 4, iterations: 1
  [a=41 b=54 nt=3285] KSP converged reason: 4, iterations: 1
  [a=54 b=80 nt=3386] KSP converged reason: 4, iterations: 1
  [a=49 b=101 nt=3560] KSP converged reason: 4, iterations: 1
  [a=44 b=93 nt=3037] KSP converged reason: 4, iterations: 1
  [a=38 b=81 nt=2931] KSP converged reason: 4, iterations: 1
  [a=33 b=68 nt=3294] KSP converged reason: 4, iterations: 1
  [a=45 b=51 nt=3547] KSP converged reason: 4, iterations: 1
  [a=47 b=65 nt=3118] KSP converged reason: 4, iterations: 1
  [a=44 b=81 nt=3533] KSP converged reason: 4, iterations: 1
  [a=38 b=57 nt=3281] KSP converged reason: 4, iterations: 1
  [a=46 b=67 nt=3812] KSP converged reason: 4, iterations: 1
  [a=35 b=74 nt=3112] KSP converged reason: 4, iterations: 1
  [a=98 b=136 nt=3917] KSP converged reason: 4, iterations: 1
  [a=99 b=126 nt=3286] KSP converged reason: 4, iterations: 1
  [a=54 b=110 nt=2855] KSP converged reason: 4, iterations: 1
  [a=54 b=134 nt=3641] KSP converged reason: 4, iterations: 1
  [a=38 b=143 nt=3185] KSP converged reason: 4, iterations: 1
  [a=79 b=124 nt=4031] KSP converged reason: 4, iterations: 1
  [a=43 b=119 nt=3030] KSP converged reason: 4, iterations: 1
  [a=64 b=124 nt=3876] KSP converged reason: 4, iterations: 1
  [a=90 b=116 nt=3431] KSP converged reason: 4, iterations: 1
  [a=64 b=130 nt=4515] KSP converged reason: 4, iterations: 1
  [a=58 b=124 nt=3614] KSP converged reason: 4, iterations: 1
  [a=59 b=127 nt=4571] KSP converged reason: 4, iterations: 1
  [a=54 b=126 nt=4208] KSP converged reason: 4, iterations: 1
  [a=45 b=128 nt=3427] KSP converged reason: 4, iterations: 1
  [a=63 b=152 nt=3937] KSP converged reason: 4, iterations: 1
  [a=60 b=100 nt=3653] KSP converged reason: 4, iterations: 1
  [a=62 b=141 nt=4144] KSP converged reason: 4, iterations: 1
  [a=34 b=143 nt=3254] KSP converged reason: 4, iterations: 1
  [a=56 b=64 nt=3845] KSP converged reason: 4, iterations: 1
  [a=88 b=118 nt=3902] KSP converged reason: 4, iterations: 1
  [a=51 b=127 nt=4024] KSP converged reason: 4, iterations: 1
  [a=50 b=123 nt=3732] KSP converged reason: 4, iterations: 1
  [a=32 b=126 nt=3238] KSP converged reason: 4, iterations: 1
  [a=39 b=108 nt=3322] KSP converged reason: 4, iterations: 1
  [a=39 b=134 nt=3657] KSP converged reason: 4, iterations: 1
  [a=44 b=133 nt=2965] KSP converged reason: 4, iterations: 1
  [a=71 b=93 nt=3079] KSP converged reason: 4, iterations: 1
  [a=48 b=95 nt=3477] KSP converged reason: 4, iterations: 1
  [a=41 b=129 nt=3260] KSP converged reason: 4, iterations: 1
  [a=44 b=98 nt=3916] KSP converged reason: 4, iterations: 1
  [a=50 b=73 nt=3364] KSP converged reason: 4, iterations: 1
  [a=35 b=50 nt=3339] KSP converged reason: 4, iterations: 1
  [a=50 b=94 nt=2866] KSP converged reason: 4, iterations: 1
  [a=36 b=78 nt=2856] KSP converged reason: 4, iterations: 1
  [a=50 b=83 nt=3903] KSP converged reason: 4, iterations: 1
  [a=51 b=88 nt=2839] KSP converged reason: 4, iterations: 1
  [a=46 b=90 nt=3624] KSP converged reason: 4, iterations: 1
  [a=42 b=78 nt=3882] KSP converged reason: 4, iterations: 1
  [a=41 b=68 nt=3288] KSP converged reason: 4, iterations: 1
  [a=49 b=76 nt=3381] KSP converged reason: 4, iterations: 1
  [a=42 b=66 nt=2756] KSP converged reason: 4, iterations: 1
  [a=46 b=62 nt=3049] KSP converged reason: 4, iterations: 1
  [a=44 b=59 nt=3228] KSP converged reason: 4, iterations: 1
  [a=39 b=75 nt=3876] KSP converged reason: 4, iterations: 1
  [a=89 b=129 nt=3485] KSP converged reason: 4, iterations: 1
  [a=59 b=95 nt=3419] KSP converged reason: 4, iterations: 1
  [a=59 b=128 nt=3730] KSP converged reason: 4, iterations: 1
  [a=83 b=128 nt=3766] KSP converged reason: 4, iterations: 1
  [a=78 b=119 nt=2942] KSP converged reason: 4, iterations: 1
  [a=74 b=100 nt=3424] KSP converged reason: 4, iterations: 1
  [a=77 b=93 nt=3346] KSP converged reason: 4, iterations: 1
  [a=52 b=152 nt=4047] KSP converged reason: 4, iterations: 1
  [a=57 b=154 nt=4001] KSP converged reason: 4, iterations: 1
  [a=39 b=153 nt=4129] KSP converged reason: 4, iterations: 1
  [a=67 b=147 nt=3501] KSP converged reason: 4, iterations: 1
  [a=51 b=146 nt=3462] KSP converged reason: 4, iterations: 1
  [a=53 b=133 nt=3218] KSP converged reason: 4, iterations: 1
  [a=46 b=138 nt=4195] KSP converged reason: 4, iterations: 1
  [a=43 b=120 nt=3799] KSP converged reason: 4, iterations: 1
  [a=59 b=130 nt=3156] KSP converged reason: 4, iterations: 1
  [a=54 b=96 nt=2903] KSP converged reason: 4, iterations: 1
  [a=66 b=97 nt=3611] KSP converged reason: 4, iterations: 1
  [a=75 b=107 nt=3733] KSP converged reason: 4, iterations: 1
  [a=72 b=87 nt=3026] KSP converged reason: 4, iterations: 1
  [a=38 b=105 nt=4184] KSP converged reason: 4, iterations: 1
  [a=43 b=121 nt=3594] KSP converged reason: 4, iterations: 1
  [a=57 b=120 nt=3295] KSP converged reason: 4, iterations: 1
  [a=57 b=79 nt=3053] KSP converged reason: 4, iterations: 1
  [a=49 b=127 nt=3118] KSP converged reason: 4, iterations: 1
  [a=70 b=117 nt=3294] KSP converged reason: 4, iterations: 1
  [a=71 b=115 nt=3351] KSP converged reason: 4, iterations: 1
  [a=69 b=98 nt=3200] KSP converged reason: 4, iterations: 1
  [a=45 b=88 nt=3521] KSP converged reason: 4, iterations: 1
  [a=40 b=65 nt=4157] KSP converged reason: 4, iterations: 1
  [a=45 b=90 nt=3164] KSP converged reason: 4, iterations: 1
  [a=40 b=104 nt=2453] KSP converged reason: 4, iterations: 1
  [a=56 b=82 nt=3262] KSP converged reason: 4, iterations: 1
  [a=41 b=59 nt=2538] KSP converged reason: 4, iterations: 1
  [a=48 b=78 nt=3405] KSP converged reason: 4, iterations: 1
  [a=40 b=76 nt=2914] KSP converged reason: 4, iterations: 1
  [a=55 b=72 nt=3285] KSP converged reason: 4, iterations: 1
  [a=47 b=76 nt=3550] KSP converged reason: 4, iterations: 1
  [a=55 b=64 nt=3567] KSP converged reason: 4, iterations: 1
  [a=43 b=87 nt=3501] KSP converged reason: 4, iterations: 1
  [a=47 b=79 nt=3481] KSP converged reason: 4, iterations: 1
  [a=40 b=70 nt=3043] KSP converged reason: 4, iterations: 1
  [a=42 b=92 nt=4101] KSP converged reason: 4, iterations: 1
  [a=43 b=58 nt=3748] KSP converged reason: 4, iterations: 1
  [a=47 b=79 nt=3494] KSP converged reason: 4, iterations: 1
  [a=38 b=95 nt=3851] KSP converged reason: 4, iterations: 1
  [a=72 b=142 nt=2693] KSP converged reason: 4, iterations: 1
  [a=71 b=130 nt=3230] KSP converged reason: 4, iterations: 1
  [a=67 b=151 nt=3923] KSP converged reason: 4, iterations: 1
  [a=75 b=117 nt=3576] KSP converged reason: 4, iterations: 1
  [a=52 b=151 nt=3780] KSP converged reason: 4, iterations: 1
  [a=50 b=156 nt=3073] KSP converged reason: 4, iterations: 1
  [a=62 b=109 nt=4188] KSP converged reason: 4, iterations: 1
  [a=55 b=136 nt=3417] KSP converged reason: 4, iterations: 1
  [a=74 b=126 nt=3757] KSP converged reason: 4, iterations: 1
  [a=73 b=138 nt=4628] KSP converged reason: 4, iterations: 1
  [a=52 b=110 nt=3189] KSP converged reason: 4, iterations: 1
  [a=68 b=145 nt=3687] KSP converged reason: 4, iterations: 1
  [a=41 b=129 nt=3398] KSP converged reason: 4, iterations: 1
  [a=61 b=125 nt=3267] KSP converged reason: 4, iterations: 1
  [a=53 b=135 nt=4317] KSP converged reason: 4, iterations: 1
  [a=37 b=151 nt=3641] KSP converged reason: 4, iterations: 1
  [a=72 b=139 nt=3098] KSP converged reason: 4, iterations: 1
  [a=56 b=135 nt=3270] KSP converged reason: 4, iterations: 1
  [a=78 b=99 nt=3389] KSP converged reason: 4, iterations: 1
  [a=60 b=145 nt=3204] KSP converged reason: 4, iterations: 1
  [a=54 b=110 nt=3371] KSP converged reason: 4, iterations: 1
  [a=38 b=132 nt=3765] KSP converged reason: 4, iterations: 1
  [a=51 b=126 nt=4065] KSP converged reason: 4, iterations: 1
  [a=45 b=125 nt=3707] KSP converged reason: 4, iterations: 1
  [a=52 b=151 nt=3712] KSP converged reason: 4, iterations: 1
  [a=55 b=71 nt=4052] KSP converged reason: 4, iterations: 1
  [a=77 b=136 nt=3745] KSP converged reason: 4, iterations: 1
  [a=60 b=77 nt=3836] KSP converged reason: 4, iterations: 1
  [a=62 b=86 nt=3291] KSP converged reason: 4, iterations: 1
  [a=69 b=78 nt=2569] KSP converged reason: 4, iterations: 1
  [a=49 b=97 nt=3748] KSP converged reason: 4, iterations: 1
  [a=46 b=67 nt=3138] KSP converged reason: 4, iterations: 1
  [a=50 b=85 nt=3251] KSP converged reason: 4, iterations: 1
  [a=58 b=79 nt=3545] KSP converged reason: 4, iterations: 1
  [a=47 b=54 nt=3385] KSP converged reason: 4, iterations: 1
  [a=55 b=68 nt=3650] KSP converged reason: 4, iterations: 1
  [a=43 b=84 nt=2524] KSP converged reason: 4, iterations: 1
  [a=52 b=77 nt=2671] KSP converged reason: 4, iterations: 1
  [a=37 b=88 nt=3520] KSP converged reason: 4, iterations: 1
  [a=45 b=86 nt=4055] KSP converged reason: 4, iterations: 1
  [a=40 b=82 nt=3328] KSP converged reason: 4, iterations: 1
  [a=42 b=62 nt=3007] KSP converged reason: 4, iterations: 1
  [a=46 b=52 nt=3260] KSP converged reason: 4, iterations: 1
  [a=45 b=58 nt=2313] KSP converged reason: 4, iterations: 1
  [a=51 b=88 nt=3785] KSP converged reason: 4, iterations: 1
  [a=46 b=86 nt=3950] KSP converged reason: 4, iterations: 1

  [ 279] OK     f=   1.678  a=44.4 b=80.5 gap=21.6 (face=15.3mm) n=[552, 517, 836, 105, 739, 235, 549]  tape=1.678km B=12.29T unif=0.860% hoop=338MPa
  [ 280] OK     f=   2.092  a=42.1 b=92.4 gap=22.0 (face=16.0mm) n=[841, 344, 796, 551, 456, 346, 767]  tape=2.092km B=14.12T unif=0.617% hoop=318MPa
  [ 281] viol   f=   1.460  a=41.9 b=65.5 gap=21.7 (face=15.4mm) n=[121, 73, 856, 197, 562, 426, 521]  tape=1.174km B=9.62T unif=0.967% hoop=244MPa
  [ 282] OK     f=   1.469  a=41.2 b=65.0 gap=19.8 (face=11.7mm) n=[371, 216, 752, 195, 900, 543, 516]  tape=1.469km B=12.60T unif=0.733% hoop=280MPa
  [ 283] OK     f=   1.334  a=40.5 b=55.1 gap=23.5 (face=19.0mm) n=[510, 313, 814, 301, 813, 333, 616]  tape=1.334km B=13.24T unif=0.588% hoop=260MPa
  [ 284] viol   f=  28.785  a=44.7 b=58.1 gap=17.8 (face=7.6mm) n=[305, 134, 421, 293, 464, 160, 536]  tape=0.853km B=9.20T unif=1.365% hoop=255MPa
  [ 285] OK     f=   1.216  a=37.9 b=57.1 gap=23.1 (face=18.1mm) n=[397, 220, 778, 260, 607, 442, 577]  tape=1.216km B=11.91T unif=0.484% hoop=234MPa
  [ 286] OK     f=   1.353  a=42.6 b=57.9 gap=23.1 (face=18.2mm) n=[781, 145, 624, 220, 759, 498, 721]  tape=1.353km B=14.30T unif=0.893% hoop=254MPa
  [ 287] INFEAS f=6339.413  a=49.8 b=43.2 gap=19.3 (face=10.7mm) n=[139, 454, 750, 178, 853, 72, 207]  no evaluation (geometry pre-check)
  [ 288] viol   f=   3.676  a=46.3 b=62.4 gap=17.5 (face=7.0mm) n=[468, 76, 491, 382, 776, 453, 403]  tape=1.269km B=11.35T unif=1.110% hoop=343MPa
  [ 289] INFEAS f=6349.655  a=47.5 b=40.9 gap=28.4 (face=28.8mm) n=[648, 69, 876, 88, 511, 96, 692]  no evaluation (geometry pre-check)
  [ 290] OK     f=   1.499  a=54.0 b=64.3 gap=19.2 (face=10.4mm) n=[529, 104, 892, 308, 743, 223, 591]  tape=1.499km B=12.11T unif=0.795% hoop=341MPa
  [ 291] OK     f=   1.312  a=31.7 b=62.6 gap=22.0 (face=15.9mm) n=[610, 89, 629, 390, 742, 618, 623]  tape=1.312km B=14.56T unif=0.807% hoop=226MPa
  [ 292] OK     f=   1.595  a=45.6 b=67.5 gap=25.1 (face=22.3mm) n=[575, 252, 870, 255, 811, 229, 820]  tape=1.595km B=12.35T unif=0.371% hoop=268MPa
  [ 293] INFEAS f=2514.147  a=42.3 b=41.1 gap=24.9 (face=21.8mm) n=[706, 232, 753, 166, 767, 466, 549]  no evaluation (geometry pre-check)
  [ 294] viol   f=   3.634  a=46.9 b=78.5 gap=33.7 (face=39.4mm) n=[461, 247, 881, 149, 765, 99, 892]  tape=1.625km B=9.00T unif=0.161% hoop=218MPa
  [ 295] OK     f=   2.005  a=50.9 b=88.3 gap=22.7 (face=17.4mm) n=[512, 86, 671, 563, 890, 482, 581]  tape=2.005km B=11.48T unif=0.737% hoop=383MPa
  [ 296] viol   f=  12.244  a=44.3 b=59.5 gap=20.9 (face=13.8mm) n=[509, 273, 552, 335, 605, 474, 480]  tape=1.184km B=12.54T unif=1.235% hoop=286MPa
  [ 297] INFEAS f=1068.483  a=50.5 b=54.2 gap=24.3 (face=20.6mm) n=[640, 128, 721, 568, 787, 456, 620]  no evaluation (geometry pre-check)
  [ 298] INFEAS f=5571.232  a=27.8 b=59.5 gap=24.4 (face=20.8mm) n=[249, 281, 713, 117, 833, 601, 713]  no evaluation (geometry pre-check)
  [ 299] viol   f=   1.683  a=49.4 b=85.3 gap=26.9 (face=25.9mm) n=[551, 194, 560, 303, 596, 425, 633]  tape=1.571km B=9.76T unif=0.625% hoop=270MPa
  [ 300] INFEAS f=1006.119  a=33.9 b=55.8 gap=17.1 (face=6.3mm) n=[359, 513, 830, 227, 623, 568, 351]  no evaluation (geometry pre-check)
  [ 301] INFEAS f=1186.755  a=41.9 b=44.7 gap=21.5 (face=15.0mm) n=[496, 350, 712, 289, 673, 468, 592]  no evaluation (geometry pre-check)
  [ 302] OK     f=   2.011  a=37.5 b=94.8 gap=22.8 (face=17.6mm) n=[452, 272, 818, 447, 871, 405, 586]  tape=2.011km B=12.61T unif=0.672% hoop=305MPa
  [ 303] OK     f=   1.379  a=38.8 b=63.2 gap=20.7 (face=13.5mm) n=[442, 70, 536, 606, 747, 489, 764]  tape=1.379km B=13.41T unif=0.647% hoop=281MPa
  [ 304] INFEAS f=2098.967  a=31.8 b=73.1 gap=26.6 (face=25.2mm) n=[584, 291, 355, 470, 278, 584, 852]  no evaluation (geometry pre-check)
  [ 305] INFEAS f=1072.395  a=35.9 b=44.9 gap=25.0 (face=22.0mm) n=[516, 255, 875, 180, 898, 287, 455]  no evaluation (geometry pre-check)
  [ 306] OK     f=   1.262  a=35.4 b=73.9 gap=18.9 (face=9.8mm) n=[617, 139, 527, 183, 608, 656, 382]  tape=1.262km B=12.65T unif=0.761% hoop=218MPa
  [ 307] OK     f=   1.534  a=46.4 b=57.4 gap=19.6 (face=11.1mm) n=[602, 157, 666, 292, 885, 657, 690]  tape=1.534km B=14.52T unif=0.480% hoop=331MPa
  [ 308] INFEAS f=1183.694  a=34.3 b=83.6 gap=25.8 (face=23.5mm) n=[408, 151, 740, 232, 644, 431, 869]  no evaluation (geometry pre-check)
  [ 309] OK     f=   1.970  a=46.2 b=85.8 gap=28.4 (face=28.8mm) n=[419, 150, 884, 423, 817, 495, 762]  tape=1.970km B=11.29T unif=0.589% hoop=298MPa
  [ 310] OK     f=   1.666  a=39.2 b=74.9 gap=20.6 (face=13.3mm) n=[729, 248, 588, 293, 796, 685, 537]  tape=1.666km B=14.47T unif=0.958% hoop=280MPa

==========================================================================================
CMA-ES finished: 310 evaluations in 9.5 min
==========================================================================================

Best feasible design found:
  a_mm             38.051130247417106
  b_mm             63.624142131266424
  gap_mm           19.963838043024964
  face_gap_mm      11.927676086049926
  n_turns          [411, 351, 840, 162, 885, 231, 53]
  n_total          2933
  tape_km          1.1738054584033324
  B_target_T       11.367079855982233
  uniformity_pct   0.8166499754795936
  hoop_MPa         266.5040785318852
  delam_MPa        20.26831021008128
  I_quench_A       406.58152155320033
  I_op_A           223.64220107436762
  binding          quench/SF
  clip_frac        0.1835245046923879

Full evaluation history -> optimize/cmaes_history.csv
Best design            -> optimize/cmaes_results.csv
Appended 310 rows to cumulative master log -> optimize/cmaes_all_evaluations.csv

Figures -> /home/gerrityjack/fenicsx/Racetrack-Coil-Optimization/visualization/cmaes_convergence.png, cmaes_constraints.png, cmaes_variables.png, cmaes_overview.png
Cumulative parameter-space map -> visualization/cmaes_param_map.png (26180 evaluations, 84 runs)
