Starting CMA-ES: 10 variables, budget 300 evaluations, target B >= 10.0 T, uniformity <= 1.0%, hoop <= 400 MPa, coil-coil face gap >= 3 mm

Parallel mode: 6 worker processes per generation.
  [   1] viol   f=  55.835  a=39.7 b=130.8 gap=42.6 (face=57.2mm) n=[462, 303, 680, 262, 160, 140, 100]  tape=1.420km B=4.78T unif=0.323% hoop=185MPa
  [   2] viol   f=  66.523  a=50.8 b=161.9 gap=42.6 (face=57.1mm) n=[159, 72, 372, 199, 426, 617, 363]  tape=1.794km B=4.31T unif=0.200% hoop=226MPa
  [   3] INFEAS f=3000.196  a=25.7 b=168.1 gap=36.1 (face=44.1mm) n=[499, 50, 381, 146, 719, 90, 322]  no evaluation (geometry pre-check)
  [   4] viol   f=  28.958  a=39.4 b=147.5 gap=39.5 (face=50.9mm) n=[728, 274, 105, 281, 181, 829, 506]  tape=2.148km B=6.34T unif=0.325% hoop=195MPa
  [   5] INFEAS f=45134.630  a=16.6 b=157.5 gap=41.2 (face=54.4mm) n=[894, 189, 334, 50, 650, 192, 93]  no evaluation (geometry pre-check)
  [   6] viol   f=  26.722  a=57.9 b=138.8 gap=35.7 (face=43.4mm) n=[415, 148, 770, 51, 657, 644, 104]  tape=2.035km B=6.49T unif=0.255% hoop=281MPa
  [   7] viol   f=  43.986  a=49.1 b=192.7 gap=40.3 (face=52.5mm) n=[582, 103, 325, 301, 596, 169, 368]  tape=2.250km B=5.43T unif=0.172% hoop=271MPa
  [   8] viol   f=  53.843  a=37.6 b=164.6 gap=33.9 (face=39.8mm) n=[254, 238, 238, 183, 702, 193, 309]  tape=1.729km B=4.90T unif=0.228% hoop=232MPa
  [   9] viol   f=  62.247  a=58.3 b=144.8 gap=40.5 (face=53.0mm) n=[191, 202, 365, 583, 225, 351, 261]  tape=1.663km B=4.50T unif=0.236% hoop=258MPa
  [  10] viol   f=  92.511  a=77.1 b=164.2 gap=29.4 (face=30.7mm) n=[166, 97, 856, 155, 226, 221, 194]  tape=1.762km B=3.26T unif=0.286% hoop=400MPa
  [  11] viol   f=  52.115  a=52.6 b=174.9 gap=40.1 (face=52.3mm) n=[163, 307, 535, 176, 738, 296, 258]  tape=2.189km B=5.00T unif=0.170% hoop=257MPa
  [  12] viol   f=  91.882  a=85.8 b=149.4 gap=37.3 (face=46.5mm) n=[319, 154, 133, 119, 107, 812, 106]  tape=1.526km B=3.28T unif=0.282% hoop=317MPa
  [  13] viol   f=  20.615  a=43.3 b=172.7 gap=21.9 (face=15.7mm) n=[442, 206, 843, 408, 216, 214, 134]  tape=2.146km B=6.96T unif=0.099% hoop=400MPa
  [  14] viol   f=  30.829  a=32.4 b=148.5 gap=37.6 (face=47.3mm) n=[332, 420, 227, 122, 517, 713, 531]  tape=2.060km B=6.21T unif=0.332% hoop=177MPa
  [  15] viol   f=  24.928  a=79.2 b=183.7 gap=39.2 (face=50.4mm) n=[795, 99, 477, 568, 851, 279, 679]  tape=3.604km B=6.73T unif=0.187% hoop=400MPa
  [  16] viol   f=  33.412  a=53.8 b=136.6 gap=42.8 (face=57.5mm) n=[628, 327, 444, 207, 423, 551, 207]  tape=1.979km B=6.04T unif=0.268% hoop=273MPa
  [  17] viol   f=  27.979  a=56.1 b=162.5 gap=38.1 (face=48.2mm) n=[473, 77, 438, 363, 659, 608, 416]  tape=2.471km B=6.43T unif=0.200% hoop=309MPa
  [  18] viol   f=  31.870  a=46.3 b=132.1 gap=36.2 (face=44.4mm) n=[406, 186, 894, 466, 315, 105, 258]  tape=1.894km B=6.13T unif=0.337% hoop=252MPa
  [  19] viol   f=  27.928  a=63.8 b=113.9 gap=39.3 (face=50.5mm) n=[516, 247, 385, 345, 225, 604, 617]  tape=1.867km B=6.39T unif=0.298% hoop=342MPa
  [  20] viol   f=  48.789  a=47.9 b=145.1 gap=44.8 (face=61.6mm) n=[671, 123, 661, 179, 144, 274, 304]  tape=1.733km B=5.15T unif=0.330% hoop=235MPa
  [  21] viol   f=  33.210  a=59.4 b=158.9 gap=35.3 (face=42.6mm) n=[441, 367, 709, 516, 361, 130, 173]  tape=2.230km B=6.06T unif=0.209% hoop=313MPa
  [  22] viol   f=  33.536  a=36.1 b=151.1 gap=26.1 (face=24.1mm) n=[377, 79, 532, 64, 453, 274, 61]  tape=1.325km B=5.99T unif=0.273% hoop=146MPa
  [  23] viol   f=  31.374  a=70.4 b=165.7 gap=21.4 (face=14.8mm) n=[105, 142, 889, 387, 632, 60, 431]  tape=2.366km B=6.19T unif=0.299% hoop=349MPa
  [  24] viol   f=  39.407  a=38.7 b=161.8 gap=41.3 (face=54.5mm) n=[480, 253, 508, 229, 760, 339, 79]  tape=2.114km B=5.68T unif=0.261% hoop=200MPa
  [  25] viol   f=   5.799  a=42.4 b=161.8 gap=21.5 (face=15.0mm) n=[385, 158, 731, 187, 766, 184, 417]  tape=2.253km B=8.67T unif=0.274% hoop=254MPa
  [  26] viol   f=  39.483  a=66.9 b=174.4 gap=40.9 (face=53.7mm) n=[837, 69, 344, 210, 548, 618, 239]  tape=2.622km B=5.71T unif=0.154% hoop=306MPa
  [  27] viol   f=  14.735  a=45.4 b=139.0 gap=24.6 (face=21.3mm) n=[602, 142, 744, 212, 300, 260, 170]  tape=1.754km B=7.45T unif=0.214% hoop=274MPa
  [  28] viol   f=  11.196  a=41.6 b=149.3 gap=18.4 (face=8.7mm) n=[400, 310, 525, 183, 690, 89, 187]  tape=1.783km B=7.83T unif=0.163% hoop=285MPa
  [  29] viol   f=  18.554  a=49.1 b=171.6 gap=32.7 (face=37.3mm) n=[466, 138, 899, 303, 582, 320, 369]  tape=2.705km B=7.18T unif=0.229% hoop=295MPa
  [  30] viol   f=  44.322  a=62.1 b=158.2 gap=31.5 (face=35.1mm) n=[323, 171, 405, 549, 286, 241, 404]  tape=1.938km B=5.40T unif=0.233% hoop=304MPa
  [  31] viol   f=  12.455  a=47.0 b=143.6 gap=19.9 (face=11.9mm) n=[229, 309, 656, 109, 870, 106, 391]  tape=2.012km B=7.71T unif=0.271% hoop=282MPa
  [  32] viol   f=  15.221  a=45.0 b=170.4 gap=19.3 (face=10.7mm) n=[235, 200, 634, 154, 753, 239, 257]  tape=2.092km B=7.44T unif=0.119% hoop=288MPa
  [  33] viol   f=  12.668  a=36.7 b=179.8 gap=21.2 (face=14.4mm) n=[518, 180, 733, 135, 313, 155, 256]  tape=1.988km B=7.69T unif=0.211% hoop=213MPa
  [  34] viol   f=  20.710  a=65.9 b=147.4 gap=25.3 (face=22.7mm) n=[850, 521, 333, 128, 363, 59, 569]  tape=2.282km B=6.96T unif=0.392% hoop=359MPa
  [  35] viol   f=  11.494  a=40.9 b=148.9 gap=23.6 (face=19.3mm) n=[94, 52, 648, 267, 583, 539, 426]  tape=1.887km B=7.81T unif=0.287% hoop=210MPa
  [  36] OK     f=   2.697  a=38.8 b=180.0 gap=18.6 (face=9.3mm) n=[406, 245, 736, 378, 532, 789, 57]  tape=2.697km B=10.36T unif=0.223% hoop=294MPa
  [  37] viol   f=   3.134  a=42.4 b=146.5 gap=21.6 (face=15.1mm) n=[733, 60, 615, 132, 900, 261, 286]  tape=2.226km B=9.33T unif=0.157% hoop=266MPa
  [  38] viol   f=   7.610  a=37.7 b=162.5 gap=30.7 (face=33.5mm) n=[376, 282, 428, 659, 742, 445, 365]  tape=2.598km B=8.42T unif=0.217% hoop=251MPa
  [  39] viol   f=  22.021  a=42.1 b=165.1 gap=25.0 (face=22.1mm) n=[304, 263, 575, 110, 655, 164, 249]  tape=1.872km B=6.83T unif=0.145% hoop=247MPa
  [  40] INFEAS f=17365.262  a=21.1 b=133.4 gap=21.9 (face=15.7mm) n=[494, 108, 687, 414, 806, 125, 79]  no evaluation (geometry pre-check)
  [  41] INFEAS f=5149.420  a=26.6 b=165.4 gap=26.4 (face=24.8mm) n=[230, 70, 741, 152, 791, 135, 592]  no evaluation (geometry pre-check)
  [  42] viol   f=  18.806  a=69.7 b=176.6 gap=23.5 (face=19.0mm) n=[651, 232, 525, 236, 734, 204, 513]  tape=2.824km B=7.17T unif=0.255% hoop=400MPa
  [  43] viol   f=  11.616  a=70.8 b=174.2 gap=24.7 (face=21.4mm) n=[636, 253, 844, 107, 564, 885, 327]  tape=3.292km B=7.96T unif=0.243% hoop=400MPa
  [  44] INFEAS f=1902.556  a=31.3 b=185.3 gap=19.8 (face=11.7mm) n=[111, 758, 434, 309, 832, 647, 83]  no evaluation (geometry pre-check)
  [  45] viol   f=   4.967  a=52.7 b=164.4 gap=28.2 (face=28.4mm) n=[588, 528, 278, 719, 863, 597, 82]  tape=3.038km B=9.02T unif=0.137% hoop=336MPa
  [  46] OK     f=   2.915  a=48.2 b=159.5 gap=16.3 (face=4.5mm) n=[704, 302, 808, 238, 603, 484, 508]  tape=2.915km B=11.72T unif=0.288% hoop=386MPa
  [  47] viol   f=   7.730  a=34.9 b=154.4 gap=16.3 (face=4.5mm) n=[624, 284, 805, 414, 343, 792, 481]  tape=2.785km B=13.67T unif=1.157% hoop=324MPa
  [  48] viol   f=  45.848  a=46.6 b=159.4 gap=32.2 (face=36.4mm) n=[176, 186, 467, 416, 638, 229, 69]  tape=1.734km B=5.30T unif=0.175% hoop=215MPa
  [  49] INFEAS f=75029.295  a=8.0 b=140.4 gap=17.1 (face=6.1mm) n=[187, 275, 403, 463, 822, 686, 330]  no evaluation (geometry pre-check)
  [  50] INFEAS f=65917.693  a=9.4 b=139.4 gap=20.7 (face=13.4mm) n=[815, 156, 686, 459, 496, 527, 103]  no evaluation (geometry pre-check)
  [  51] OK     f=   3.482  a=36.5 b=171.2 gap=22.0 (face=16.1mm) n=[593, 707, 553, 68, 850, 679, 876]  tape=3.482km B=13.53T unif=0.223% hoop=300MPa
  [  52] viol   f=   4.073  a=48.6 b=121.1 gap=28.5 (face=29.0mm) n=[612, 302, 728, 268, 726, 208, 381]  tape=2.052km B=8.99T unif=0.341% hoop=267MPa
  [  53] INFEAS f=3601.843  a=31.7 b=129.6 gap=15.9 (face=3.8mm) n=[632, 247, 856, 131, 895, 507, 56]  no evaluation (geometry pre-check)
  [  54] viol   f=  19.889  a=72.6 b=161.9 gap=17.5 (face=7.0mm) n=[654, 316, 586, 219, 881, 666, 72]  tape=2.960km B=7.09T unif=0.346% hoop=400MPa
  [  55] INFEAS f=1113.654  a=33.8 b=164.7 gap=22.1 (face=16.3mm) n=[675, 500, 711, 407, 621, 847, 71]  no evaluation (geometry pre-check)
  [  56] OK     f=   3.249  a=44.8 b=155.1 gap=16.3 (face=4.6mm) n=[857, 272, 898, 413, 867, 900, 116]  tape=3.249km B=15.22T unif=0.189% hoop=361MPa
  [  57] INFEAS f=136105.229  a=1.9 b=152.9 gap=18.9 (face=9.9mm) n=[713, 833, 899, 400, 712, 685, 319]  no evaluation (geometry pre-check)
  [  58] OK     f=   4.162  a=47.6 b=194.6 gap=16.5 (face=4.9mm) n=[557, 526, 889, 433, 514, 887, 638]  tape=4.162km B=12.14T unif=0.047% hoop=400MPa
  [  59] viol   f=   5.754  a=72.5 b=155.5 gap=31.8 (face=35.6mm) n=[792, 453, 899, 353, 309, 840, 676]  tape=3.607km B=8.96T unif=0.288% hoop=400MPa
  [  60] OK     f=   2.559  a=49.0 b=140.2 gap=16.1 (face=4.2mm) n=[674, 113, 629, 388, 526, 890, 252]  tape=2.559km B=10.58T unif=0.317% hoop=384MPa
  [  61] OK     f=   2.772  a=55.7 b=133.8 gap=22.1 (face=16.1mm) n=[852, 557, 739, 190, 374, 660, 509]  tape=2.772km B=10.84T unif=0.432% hoop=384MPa
  [  62] viol   f=  52.126  a=106.2 b=156.1 gap=18.5 (face=9.0mm) n=[380, 183, 879, 530, 712, 511, 183]  tape=3.149km B=5.05T unif=0.506% hoop=400MPa
  [  63] OK     f=   2.829  a=45.1 b=144.0 gap=24.6 (face=21.3mm) n=[511, 600, 893, 164, 747, 835, 153]  tape=2.829km B=11.53T unif=0.147% hoop=336MPa
  [  64] INFEAS f=1639.281  a=34.4 b=103.2 gap=18.0 (face=8.1mm) n=[448, 900, 526, 244, 81, 499, 158]  no evaluation (geometry pre-check)
  [  65] OK     f=   2.665  a=50.1 b=134.0 gap=15.5 (face=3.1mm) n=[522, 344, 810, 594, 663, 553, 309]  tape=2.665km B=11.36T unif=0.381% hoop=400MPa
  [  66] viol   f=  49.875  a=98.1 b=171.7 gap=16.0 (face=3.9mm) n=[532, 78, 634, 437, 715, 896, 240]  tape=3.432km B=5.18T unif=0.380% hoop=400MPa
  [  67] INFEAS f=38682.510  a=16.1 b=178.4 gap=17.7 (face=7.4mm) n=[428, 153, 841, 487, 492, 771, 243]  no evaluation (geometry pre-check)
  [  68] viol   f=   6.361  a=53.4 b=152.2 gap=15.7 (face=3.4mm) n=[453, 93, 749, 384, 669, 668, 60]  tape=2.362km B=8.59T unif=0.337% hoop=400MPa
  [  69] INFEAS f=9521.366  a=28.0 b=176.8 gap=19.3 (face=10.6mm) n=[899, 191, 784, 900, 802, 493, 375]  no evaluation (geometry pre-check)
  [  70] viol   f=   5.138  a=61.2 b=180.5 gap=31.1 (face=34.2mm) n=[616, 518, 835, 304, 804, 862, 74]  tape=3.606km B=9.12T unif=0.139% hoop=368MPa
  [  71] viol   f=  40.496  a=97.7 b=169.5 gap=16.1 (face=4.2mm) n=[719, 496, 900, 739, 638, 634, 371]  tape=4.283km B=5.74T unif=0.408% hoop=400MPa
  [  72] viol   f=3127.790  a=30.9 b=148.1 gap=15.5 (face=3.0mm) n=[688, 343, 455, 223, 175, 435, 185]  tape=1.806km B=11.17T unif=4.953% hoop=247MPa
  [  73] INFEAS f=1606.461  a=33.4 b=172.5 gap=16.7 (face=5.4mm) n=[529, 518, 806, 532, 874, 873, 65]  no evaluation (geometry pre-check)
  [  74] OK     f=   2.779  a=46.3 b=132.5 gap=15.6 (face=3.1mm) n=[899, 226, 855, 216, 723, 845, 348]  tape=2.779km B=14.79T unif=0.387% hoop=366MPa
  [  75] INFEAS f=15132.748  a=25.1 b=150.9 gap=15.9 (face=3.9mm) n=[750, 163, 891, 169, 152, 676, 88]  no evaluation (geometry pre-check)
  [  76] INFEAS f=1271.890  a=35.1 b=206.3 gap=16.6 (face=5.2mm) n=[596, 504, 709, 788, 406, 899, 724]  no evaluation (geometry pre-check)
  [  77] INFEAS f=2702.617  a=32.8 b=121.7 gap=20.0 (face=12.0mm) n=[598, 591, 716, 472, 900, 643, 421]  no evaluation (geometry pre-check)
  [  78] viol   f=  62.500  a=70.7 b=84.2 gap=18.3 (face=8.6mm) n=[544, 675, 700, 617, 522, 771, 56]  tape=2.054km B=10.07T unif=1.550% hoop=400MPa
  [  79] viol   f=  56.364  a=107.2 b=150.1 gap=16.3 (face=4.6mm) n=[464, 502, 587, 156, 624, 893, 499]  tape=3.397km B=4.85T unif=0.542% hoop=400MPa
  [  80] viol   f=   8.049  a=76.9 b=136.7 gap=15.5 (face=3.0mm) n=[765, 825, 681, 299, 634, 773, 288]  tape=3.227km B=8.45T unif=0.616% hoop=400MPa
  [  81] viol   f=  34.904  a=93.7 b=102.8 gap=15.6 (face=3.1mm) n=[872, 361, 800, 385, 786, 790, 256]  tape=2.827km B=7.92T unif=1.342% hoop=400MPa
  [  82] viol   f=  27.991  a=91.5 b=168.2 gap=17.5 (face=7.0mm) n=[850, 458, 859, 584, 323, 703, 166]  tape=3.654km B=6.51T unif=0.403% hoop=400MPa
  [  83] OK     f=   3.685  a=55.5 b=149.4 gap=17.6 (face=7.1mm) n=[790, 624, 756, 878, 655, 858, 312]  tape=3.685km B=12.84T unif=0.319% hoop=400MPa
  [  84] OK     f=   3.225  a=64.4 b=139.7 gap=15.6 (face=3.1mm) n=[722, 515, 745, 719, 836, 482, 306]  tape=3.225km B=10.03T unif=0.489% hoop=400MPa
  [  85] OK     f=   2.065  a=49.9 b=97.6 gap=16.8 (face=5.6mm) n=[861, 307, 518, 115, 892, 860, 228]  tape=2.065km B=13.04T unif=0.809% hoop=358MPa
  [  86] OK     f=   2.648  a=45.8 b=112.9 gap=15.6 (face=3.2mm) n=[900, 433, 829, 212, 714, 900, 458]  tape=2.648km B=15.94T unif=0.465% hoop=400MPa
  [  87] viol   f=  14.942  a=75.2 b=131.0 gap=16.1 (face=4.2mm) n=[564, 191, 864, 478, 260, 896, 139]  tape=2.553km B=7.51T unif=0.618% hoop=400MPa
  [  88] viol   f=  20.754  a=79.9 b=124.8 gap=15.5 (face=3.0mm) n=[462, 82, 818, 290, 271, 738, 531]  tape=2.349km B=6.97T unif=0.725% hoop=400MPa
  [  89] OK     f=   3.374  a=48.7 b=163.4 gap=15.8 (face=3.6mm) n=[739, 533, 761, 670, 580, 843, 87]  tape=3.374km B=13.05T unif=0.266% hoop=400MPa
  [  90] INFEAS f=1226.133  a=35.3 b=137.3 gap=15.7 (face=3.3mm) n=[759, 449, 900, 228, 892, 693, 356]  no evaluation (geometry pre-check)
  [  91] OK     f=   2.773  a=59.5 b=127.6 gap=15.5 (face=3.1mm) n=[893, 413, 807, 196, 859, 573, 264]  tape=2.773km B=11.27T unif=0.599% hoop=400MPa
  [  92] viol   f=  24.193  a=88.9 b=125.9 gap=17.0 (face=6.0mm) n=[523, 352, 852, 246, 535, 865, 192]  tape=2.715km B=6.72T unif=0.756% hoop=400MPa
  [  93] INFEAS f=101075.576  a=6.6 b=153.1 gap=15.7 (face=3.3mm) n=[895, 420, 617, 441, 897, 838, 92]  no evaluation (geometry pre-check)
  [  94] OK     f=   2.430  a=63.2 b=119.0 gap=15.6 (face=3.1mm) n=[451, 869, 446, 97, 880, 839, 111]  tape=2.430km B=10.27T unif=0.693% hoop=400MPa
  [  95] INFEAS f=11837.125  a=26.2 b=98.9 gap=15.8 (face=3.6mm) n=[787, 390, 841, 104, 722, 883, 714]  no evaluation (geometry pre-check)
  [  96] viol   f=  12.264  a=85.9 b=107.6 gap=15.5 (face=3.1mm) n=[764, 583, 845, 479, 653, 792, 360]  tape=2.978km B=8.45T unif=1.150% hoop=400MPa
  [  97] viol   f=   5.366  a=83.3 b=115.0 gap=16.0 (face=4.0mm) n=[883, 389, 765, 561, 871, 777, 254]  tape=3.094km B=8.93T unif=0.980% hoop=400MPa
  [  98] viol   f=   2.815  a=64.5 b=100.9 gap=18.0 (face=8.1mm) n=[888, 266, 804, 393, 897, 744, 143]  tape=2.436km B=11.95T unif=1.044% hoop=400MPa
  [  99] viol   f=  39.627  a=97.4 b=167.3 gap=15.5 (face=3.0mm) n=[839, 193, 652, 436, 852, 510, 252]  tape=3.512km B=5.75T unif=0.427% hoop=400MPa
  [ 100] OK     f=   1.682  a=53.4 b=98.4 gap=15.6 (face=3.2mm) n=[533, 241, 790, 52, 715, 515, 144]  tape=1.682km B=10.04T unif=0.939% hoop=363MPa
  [ 101] viol   f=  11.488  a=67.9 b=106.7 gap=15.5 (face=3.0mm) n=[897, 313, 391, 197, 517, 456, 325]  tape=2.061km B=7.84T unif=1.017% hoop=400MPa
  [ 102] INFEAS f=138282.956  a=124.5 b=71.0 gap=15.5 (face=3.0mm) n=[860, 355, 843, 234, 777, 866, 427]  no evaluation (geometry pre-check)
  [ 103] INFEAS f=4191.736  a=69.0 b=65.1 gap=15.7 (face=3.4mm) n=[264, 383, 528, 417, 755, 761, 591]  no evaluation (geometry pre-check)
  [ 104] viol   f=  34.618  a=63.5 b=111.5 gap=15.9 (face=3.7mm) n=[499, 354, 174, 133, 582, 145, 109]  tape=1.266km B=5.92T unif=0.857% hoop=351MPa
  [ 105] viol   f= 105.292  a=42.1 b=69.8 gap=15.5 (face=3.1mm) n=[582, 550, 697, 775, 230, 181, 353]  tape=1.422km B=14.30T unif=1.721% hoop=348MPa
  [ 106] viol   f=  23.590  a=60.9 b=154.0 gap=15.7 (face=3.5mm) n=[395, 454, 656, 139, 520, 174, 118]  tape=1.969km B=6.71T unif=0.392% hoop=400MPa
  [ 107] INFEAS f=1045.729  a=36.1 b=73.3 gap=16.2 (face=4.3mm) n=[674, 475, 865, 77, 758, 900, 158]  no evaluation (geometry pre-check)
  [ 108] viol   f=  34.685  a=94.0 b=132.2 gap=15.6 (face=3.1mm) n=[262, 155, 794, 680, 357, 629, 434]  tape=2.634km B=6.00T unif=0.718% hoop=400MPa
  [ 109] INFEAS f=35589.696  a=18.0 b=138.5 gap=16.4 (face=4.8mm) n=[512, 330, 871, 174, 608, 387, 320]  no evaluation (geometry pre-check)
  [ 110] OK     f=   2.819  a=41.8 b=143.8 gap=17.6 (face=7.2mm) n=[293, 312, 757, 875, 892, 424, 348]  tape=2.819km B=13.13T unif=0.315% hoop=368MPa
  [ 111] viol   f=   8.949  a=71.4 b=94.6 gap=18.0 (face=8.1mm) n=[509, 701, 568, 157, 613, 399, 766]  tape=2.158km B=9.14T unif=1.163% hoop=400MPa
  [ 112] viol   f=   4.986  a=51.2 b=129.6 gap=17.0 (face=6.0mm) n=[329, 377, 57, 641, 680, 283, 472]  tape=1.921km B=8.76T unif=0.406% hoop=352MPa
  [ 113] viol   f=   5.936  a=56.7 b=144.4 gap=18.6 (face=9.1mm) n=[122, 506, 616, 772, 700, 166, 51]  tape=2.192km B=8.63T unif=0.350% hoop=371MPa
  [ 114] INFEAS f=19860.458  a=18.9 b=105.1 gap=17.0 (face=6.0mm) n=[344, 91, 772, 249, 648, 670, 291]  no evaluation (geometry pre-check)
  [ 115] OK     f=   2.772  a=45.7 b=130.3 gap=15.8 (face=3.7mm) n=[891, 503, 596, 669, 894, 280, 272]  tape=2.772km B=14.03T unif=0.403% hoop=400MPa
  [ 116] OK     f=   2.144  a=40.4 b=117.3 gap=17.1 (face=6.1mm) n=[854, 411, 696, 212, 625, 419, 226]  tape=2.144km B=13.18T unif=0.835% hoop=331MPa
  [ 117] INFEAS f=83094.066  a=8.5 b=154.8 gap=19.0 (face=10.0mm) n=[620, 168, 786, 738, 871, 551, 143]  no evaluation (geometry pre-check)
  [ 118] INFEAS f=10914.634  a=26.9 b=150.3 gap=16.5 (face=5.1mm) n=[889, 67, 878, 397, 558, 825, 108]  no evaluation (geometry pre-check)
  [ 119] viol   f=  46.764  a=67.2 b=113.1 gap=16.7 (face=5.5mm) n=[228, 82, 541, 84, 203, 364, 395]  tape=1.229km B=5.23T unif=0.774% hoop=326MPa
  [ 120] OK     f=   2.243  a=43.8 b=106.6 gap=15.8 (face=3.6mm) n=[589, 199, 493, 486, 814, 659, 675]  tape=2.243km B=12.55T unif=0.493% hoop=400MPa
  [ 121] INFEAS f=44149.925  a=54.1 b=26.2 gap=17.1 (face=6.1mm) n=[899, 239, 873, 394, 522, 650, 595]  no evaluation (geometry pre-check)
  [ 122] INFEAS f=153946.598  a=-0.3 b=122.6 gap=16.5 (face=5.0mm) n=[896, 98, 552, 420, 648, 607, 372]  no evaluation (geometry pre-check)
  [ 123] INFEAS f=7934.092  a=24.3 b=130.6 gap=17.1 (face=6.3mm) n=[778, 114, 364, 339, 741, 469, 264]  no evaluation (geometry pre-check)
  [ 124] INFEAS f=2529.484  a=32.9 b=146.8 gap=15.6 (face=3.3mm) n=[324, 53, 395, 548, 895, 285, 468]  no evaluation (geometry pre-check)
  [ 125] INFEAS f=57167.474  a=14.0 b=63.2 gap=17.3 (face=6.5mm) n=[894, 163, 667, 755, 833, 870, 354]  no evaluation (geometry pre-check)
  [ 126] viol   f=  27.240  a=41.0 b=79.9 gap=15.6 (face=3.3mm) n=[647, 461, 603, 402, 552, 482, 57]  tape=1.413km B=13.84T unif=1.359% hoop=333MPa
  [ 127] viol   f=  21.582  a=67.7 b=141.7 gap=18.7 (face=9.4mm) n=[717, 84, 514, 474, 520, 450, 165]  tape=2.247km B=6.89T unif=0.484% hoop=400MPa
  [ 128] viol   f=   7.243  a=63.5 b=156.2 gap=17.3 (face=6.6mm) n=[707, 704, 712, 108, 849, 441, 264]  tape=3.082km B=8.56T unif=0.363% hoop=400MPa
  [ 129] OK     f=   2.834  a=57.5 b=133.4 gap=18.2 (face=8.5mm) n=[796, 313, 282, 316, 891, 857, 513]  tape=2.834km B=11.17T unif=0.400% hoop=400MPa
  [ 130] INFEAS f=1560.213  a=33.9 b=77.3 gap=16.5 (face=5.1mm) n=[401, 590, 653, 222, 885, 725, 451]  no evaluation (geometry pre-check)
  [ 131] viol   f=  25.996  a=82.4 b=187.1 gap=15.5 (face=3.0mm) n=[893, 102, 831, 148, 703, 682, 289]  tape=3.580km B=6.65T unif=0.298% hoop=400MPa
  [ 132] OK     f=   3.896  a=59.1 b=175.7 gap=17.0 (face=6.0mm) n=[794, 563, 776, 318, 821, 886, 283]  tape=3.896km B=10.99T unif=0.256% hoop=400MPa
  [ 133] viol   f=  18.017  a=60.2 b=170.1 gap=16.0 (face=4.1mm) n=[438, 277, 275, 222, 881, 706, 462]  tape=2.900km B=7.25T unif=0.232% hoop=400MPa
  [ 134] viol   f=   4.040  a=67.1 b=124.3 gap=24.7 (face=21.4mm) n=[713, 380, 258, 228, 850, 865, 454]  tape=2.625km B=9.16T unif=0.493% hoop=379MPa
  [ 135] INFEAS f=11385.848  a=27.0 b=146.1 gap=15.9 (face=3.8mm) n=[899, 152, 231, 110, 427, 820, 518]  no evaluation (geometry pre-check)
  [ 136] viol   f=   5.895  a=53.7 b=106.9 gap=16.1 (face=4.3mm) n=[156, 434, 335, 380, 899, 420, 472]  tape=1.964km B=8.60T unif=0.615% hoop=400MPa
  [ 137] viol   f=  31.872  a=90.6 b=133.6 gap=16.3 (face=4.6mm) n=[899, 62, 401, 144, 609, 688, 363]  tape=2.554km B=6.17T unif=0.693% hoop=400MPa
  [ 138] viol   f=  19.123  a=65.3 b=167.2 gap=21.7 (face=15.4mm) n=[371, 179, 264, 89, 584, 837, 720]  tape=2.665km B=7.13T unif=0.241% hoop=352MPa
  [ 139] OK     f=   2.824  a=43.5 b=135.7 gap=15.5 (face=3.0mm) n=[805, 105, 796, 226, 649, 900, 651]  tape=2.824km B=14.39T unif=0.273% hoop=342MPa
  [ 140] OK     f=   2.185  a=38.2 b=124.0 gap=15.6 (face=3.2mm) n=[750, 669, 333, 311, 897, 368, 64]  tape=2.185km B=12.82T unif=0.280% hoop=347MPa
  [ 141] INFEAS f=57721.954  a=13.6 b=173.8 gap=18.6 (face=9.2mm) n=[848, 60, 850, 336, 886, 879, 330]  no evaluation (geometry pre-check)
  [ 142] viol   f=   8.627  a=66.7 b=144.1 gap=16.2 (face=4.4mm) n=[658, 122, 219, 161, 899, 772, 528]  tape=2.639km B=8.27T unif=0.416% hoop=400MPa
  [ 143] OK     f=   2.527  a=40.7 b=144.6 gap=18.9 (face=9.7mm) n=[888, 78, 338, 356, 898, 754, 204]  tape=2.527km B=12.01T unif=0.949% hoop=340MPa
  [ 144] OK     f=   2.738  a=51.6 b=133.7 gap=15.6 (face=3.2mm) n=[684, 386, 624, 245, 672, 799, 529]  tape=2.738km B=11.67T unif=0.409% hoop=400MPa
  [ 145] INFEAS f=1733.911  a=33.8 b=129.6 gap=15.5 (face=3.0mm) n=[890, 854, 735, 158, 878, 346, 312]  no evaluation (geometry pre-check)
  [ 146] viol   f=  10.419  a=66.2 b=137.0 gap=15.7 (face=3.5mm) n=[509, 264, 567, 315, 734, 528, 560]  tape=2.589km B=8.02T unif=0.488% hoop=400MPa
  [ 147] viol   f=   3.393  a=71.3 b=147.3 gap=16.4 (face=4.8mm) n=[861, 63, 884, 384, 892, 786, 272]  tape=3.241km B=9.72T unif=0.464% hoop=400MPa
  [ 148] viol   f=  11.826  a=64.4 b=153.1 gap=16.6 (face=5.1mm) n=[608, 171, 307, 587, 827, 514, 290]  tape=2.713km B=7.87T unif=0.358% hoop=400MPa
  [ 149] INFEAS f=1108.202  a=35.3 b=159.8 gap=17.0 (face=5.9mm) n=[888, 164, 877, 224, 604, 621, 432]  no evaluation (geometry pre-check)
  [ 150] viol   f=   3.518  a=65.1 b=153.9 gap=16.6 (face=5.1mm) n=[859, 477, 570, 241, 889, 872, 398]  tape=3.473km B=9.85T unif=0.365% hoop=400MPa
  [ 151] viol   f=   2.774  a=55.0 b=130.6 gap=19.1 (face=10.2mm) n=[687, 368, 248, 295, 881, 776, 64]  tape=2.335km B=9.53T unif=0.382% hoop=366MPa
  [ 152] OK     f=   2.710  a=43.4 b=147.0 gap=16.9 (face=5.7mm) n=[862, 234, 727, 277, 652, 749, 186]  tape=2.710km B=13.22T unif=0.289% hoop=330MPa
  [ 153] viol   f= 111.808  a=39.1 b=169.0 gap=16.9 (face=5.9mm) n=[875, 318, 539, 572, 832, 821, 455]  tape=3.565km B=15.83T unif=1.736% hoop=370MPa
  [ 154] OK     f=   2.666  a=44.9 b=138.8 gap=17.0 (face=5.9mm) n=[855, 194, 471, 386, 664, 805, 380]  tape=2.666km B=12.67T unif=0.244% hoop=388MPa
  [ 155] OK     f=   3.279  a=43.0 b=182.0 gap=16.4 (face=4.7mm) n=[836, 341, 482, 431, 692, 707, 238]  tape=3.279km B=12.86T unif=0.265% hoop=400MPa
  [ 156] INFEAS f=5078.742  a=30.1 b=131.6 gap=17.2 (face=6.4mm) n=[885, 221, 607, 626, 877, 636, 522]  no evaluation (geometry pre-check)
  [ 157] OK     f=   2.932  a=45.3 b=159.2 gap=19.8 (face=11.7mm) n=[818, 326, 486, 189, 789, 889, 211]  tape=2.932km B=11.53T unif=0.183% hoop=334MPa
  [ 158] viol   f=   4.706  a=62.2 b=131.5 gap=16.3 (face=4.6mm) n=[754, 178, 533, 379, 900, 518, 342]  tape=2.649km B=8.99T unif=0.511% hoop=400MPa
  [ 159] OK     f=   3.420  a=59.2 b=177.6 gap=15.7 (face=3.4mm) n=[881, 255, 598, 496, 860, 613, 120]  tape=3.420km B=10.01T unif=0.299% hoop=400MPa
  [ 160] OK     f=   3.187  a=47.7 b=145.6 gap=16.2 (face=4.5mm) n=[890, 252, 760, 359, 859, 825, 416]  tape=3.187km B=14.80T unif=0.281% hoop=392MPa
  [ 161] INFEAS f=7299.022  a=29.2 b=132.8 gap=21.4 (face=14.7mm) n=[757, 101, 571, 310, 900, 890, 233]  no evaluation (geometry pre-check)
  [ 162] INFEAS f=12366.264  a=26.4 b=143.3 gap=24.0 (face=20.0mm) n=[698, 266, 520, 201, 893, 872, 217]  no evaluation (geometry pre-check)
  [ 163] viol   f=   8.603  a=67.7 b=135.4 gap=16.7 (face=5.4mm) n=[656, 322, 565, 351, 799, 640, 305]  tape=2.719km B=8.28T unif=0.518% hoop=400MPa
  [ 164] INFEAS f=1274.996  a=34.3 b=158.9 gap=17.8 (face=7.7mm) n=[877, 79, 378, 106, 873, 645, 364]  no evaluation (geometry pre-check)
  [ 165] INFEAS f=1645.707  a=34.2 b=145.5 gap=16.0 (face=3.9mm) n=[835, 192, 543, 219, 897, 851, 199]  no evaluation (geometry pre-check)
  [ 166] OK     f=   2.295  a=45.1 b=113.6 gap=17.7 (face=7.5mm) n=[885, 242, 401, 510, 677, 545, 410]  tape=2.295km B=12.59T unif=0.468% hoop=384MPa
  [ 167] INFEAS f=6519.083  a=29.6 b=123.0 gap=19.1 (face=10.2mm) n=[898, 530, 282, 116, 853, 881, 346]  no evaluation (geometry pre-check)
  [ 168] INFEAS f=6432.339  a=29.8 b=151.9 gap=16.0 (face=4.0mm) n=[900, 341, 651, 73, 568, 699, 512]  no evaluation (geometry pre-check)
  [ 169] OK     f=   2.285  a=42.6 b=121.5 gap=15.6 (face=3.2mm) n=[642, 510, 388, 381, 775, 562, 342]  tape=2.285km B=12.15T unif=0.430% hoop=400MPa
  [ 170] OK     f=   2.944  a=49.1 b=153.0 gap=17.0 (face=6.0mm) n=[856, 149, 698, 422, 589, 790, 308]  tape=2.944km B=12.35T unif=0.334% hoop=382MPa
  [ 171] viol   f=1361.359  a=33.6 b=113.9 gap=16.2 (face=4.4mm) n=[815, 214, 500, 383, 733, 636, 365]  tape=2.127km B=14.84T unif=3.607% hoop=300MPa
  [ 172] viol   f=   2.035  a=48.0 b=124.6 gap=15.7 (face=3.5mm) n=[707, 169, 77, 250, 813, 587, 475]  tape=2.030km B=9.95T unif=0.415% hoop=298MPa
  [ 173] OK     f=   2.901  a=51.1 b=150.1 gap=16.1 (face=4.1mm) n=[876, 341, 766, 348, 667, 643, 130]  tape=2.901km B=12.05T unif=0.417% hoop=400MPa
  [ 174] OK     f=   2.624  a=56.5 b=116.0 gap=17.2 (face=6.4mm) n=[882, 339, 568, 203, 494, 862, 759]  tape=2.624km B=11.92T unif=0.617% hoop=400MPa
  [ 175] viol   f=   2.573  a=55.1 b=128.2 gap=16.3 (face=4.6mm) n=[753, 421, 540, 497, 863, 503, 122]  tape=2.573km B=9.99T unif=0.501% hoop=400MPa
  [ 176] INFEAS f=1812.924  a=29.4 b=107.3 gap=17.5 (face=7.0mm) n=[777, 241, 549, 385, 646, 503, 372]  no evaluation (geometry pre-check)
  [ 177] OK     f=   2.388  a=50.8 b=141.4 gap=15.7 (face=3.5mm) n=[622, 196, 417, 188, 754, 562, 536]  tape=2.388km B=10.02T unif=0.336% hoop=367MPa
  [ 178] viol   f=   6.220  a=68.8 b=127.8 gap=17.9 (face=7.9mm) n=[738, 414, 537, 305, 817, 693, 188]  tape=2.640km B=8.66T unif=0.604% hoop=400MPa
  [ 179] OK     f=   2.621  a=43.4 b=134.0 gap=17.8 (face=7.6mm) n=[663, 222, 664, 250, 639, 899, 421]  tape=2.621km B=11.81T unif=0.237% hoop=349MPa
  [ 180] OK     f=   2.241  a=39.9 b=132.8 gap=15.6 (face=3.1mm) n=[809, 112, 541, 263, 650, 575, 362]  tape=2.241km B=12.63T unif=0.428% hoop=306MPa
  [ 181] OK     f=   2.812  a=56.5 b=145.0 gap=15.5 (face=3.0mm) n=[890, 287, 464, 344, 882, 461, 323]  tape=2.812km B=10.12T unif=0.418% hoop=400MPa
  [ 182] viol   f=9279.332  a=36.0 b=128.2 gap=15.5 (face=3.0mm) n=[875, 162, 313, 184, 786, 584, 461]  tape=2.203km B=13.24T unif=7.811% hoop=282MPa
  [ 183] OK     f=   2.198  a=41.4 b=139.9 gap=15.5 (face=3.0mm) n=[791, 109, 322, 295, 739, 589, 273]  tape=2.198km B=11.49T unif=0.335% hoop=328MPa
  [ 184] viol   f=   2.738  a=50.0 b=141.7 gap=15.5 (face=3.1mm) n=[669, 130, 228, 369, 726, 426, 469]  tape=2.198km B=9.48T unif=0.374% hoop=337MPa
  [ 185] viol   f=   2.046  a=43.7 b=133.0 gap=15.7 (face=3.3mm) n=[610, 91, 133, 210, 794, 787, 408]  tape=2.046km B=9.99T unif=0.306% hoop=267MPa
  [ 186] OK     f=   3.228  a=53.0 b=143.6 gap=15.9 (face=3.7mm) n=[899, 431, 679, 403, 722, 703, 460]  tape=3.228km B=12.02T unif=0.444% hoop=400MPa
  [ 187] OK     f=   2.057  a=44.4 b=114.3 gap=16.2 (face=4.4mm) n=[869, 277, 502, 285, 588, 529, 212]  tape=2.057km B=11.70T unif=0.588% hoop=373MPa
  [ 188] OK     f=   2.295  a=39.3 b=129.6 gap=17.6 (face=7.1mm) n=[795, 203, 444, 50, 898, 759, 330]  tape=2.295km B=12.00T unif=0.094% hoop=284MPa
  [ 189] viol   f=   3.961  a=48.3 b=146.8 gap=17.6 (face=7.2mm) n=[763, 96, 387, 228, 708, 476, 116]  tape=2.072km B=9.03T unif=0.356% hoop=285MPa
  [ 190] OK     f=   2.176  a=45.7 b=125.4 gap=15.8 (face=3.7mm) n=[627, 472, 454, 73, 725, 664, 373]  tape=2.176km B=11.55T unif=0.409% hoop=400MPa
  [ 191] OK     f=   1.844  a=37.5 b=108.6 gap=15.6 (face=3.2mm) n=[528, 364, 139, 426, 573, 614, 682]  tape=1.844km B=12.10T unif=0.438% hoop=307MPa
  [ 192] INFEAS f=1093.018  a=35.8 b=136.0 gap=16.4 (face=4.7mm) n=[554, 238, 296, 106, 900, 706, 313]  no evaluation (geometry pre-check)
  [ 193] viol   f=   2.139  a=45.5 b=129.3 gap=16.3 (face=4.5mm) n=[723, 179, 296, 62, 811, 629, 186]  tape=1.936km B=9.68T unif=0.330% hoop=273MPa
  [ 194] viol   f=   6.470  a=49.7 b=131.1 gap=16.0 (face=4.1mm) n=[613, 353, 188, 169, 380, 484, 436]  tape=1.785km B=8.47T unif=0.487% hoop=327MPa
  [ 195] viol   f=   2.385  a=50.9 b=137.5 gap=17.0 (face=6.1mm) n=[708, 158, 216, 192, 632, 690, 488]  tape=2.162km B=9.67T unif=0.376% hoop=297MPa
  [ 196] viol   f=   2.382  a=49.5 b=128.7 gap=16.0 (face=4.0mm) n=[568, 154, 130, 224, 749, 881, 543]  tape=2.232km B=9.73T unif=0.329% hoop=340MPa
  [ 197] viol   f=   2.878  a=46.1 b=138.6 gap=17.4 (face=6.8mm) n=[648, 73, 433, 92, 776, 899, 127]  tape=2.174km B=9.41T unif=0.255% hoop=291MPa
  [ 198] OK     f=   2.610  a=56.2 b=141.3 gap=15.5 (face=3.0mm) n=[676, 184, 300, 166, 858, 862, 473]  tape=2.610km B=10.15T unif=0.320% hoop=378MPa
  [ 199] OK     f=   2.056  a=39.5 b=122.6 gap=16.4 (face=4.7mm) n=[672, 148, 511, 119, 814, 712, 297]  tape=2.056km B=11.54T unif=0.241% hoop=282MPa
  [ 200] viol   f=   2.090  a=48.2 b=128.3 gap=16.9 (face=5.7mm) n=[667, 120, 609, 50, 777, 468, 285]  tape=1.990km B=9.78T unif=0.420% hoop=303MPa
  [ 201] INFEAS f=1132.076  a=28.3 b=100.5 gap=15.5 (face=3.0mm) n=[548, 151, 105, 345, 703, 539, 316]  no evaluation (geometry pre-check)
  [ 202] viol   f=   2.527  a=57.7 b=109.2 gap=16.5 (face=5.1mm) n=[545, 221, 580, 228, 541, 787, 511]  tape=2.124km B=9.55T unif=0.704% hoop=400MPa
  [ 203] viol   f=   1.954  a=52.9 b=106.0 gap=15.6 (face=3.2mm) n=[595, 433, 379, 315, 481, 458, 329]  tape=1.733km B=9.67T unif=0.850% hoop=400MPa
  [ 204] INFEAS f=5327.685  a=27.5 b=90.7 gap=15.5 (face=3.0mm) n=[415, 310, 315, 275, 820, 590, 497]  no evaluation (geometry pre-check)
  [ 205] viol   f=   1.962  a=46.8 b=112.5 gap=15.5 (face=3.0mm) n=[559, 51, 467, 75, 640, 839, 436]  tape=1.880km B=9.80T unif=0.473% hoop=340MPa
  [ 206] INFEAS f=1012.121  a=33.3 b=125.7 gap=15.6 (face=3.3mm) n=[734, 440, 503, 290, 816, 630, 484]  no evaluation (geometry pre-check)
  [ 207] OK     f=   1.702  a=35.8 b=94.2 gap=15.5 (face=3.1mm) n=[646, 461, 57, 274, 746, 682, 586]  tape=1.702km B=13.49T unif=0.484% hoop=278MPa
  [ 208] OK     f=   1.874  a=38.1 b=110.0 gap=15.5 (face=3.0mm) n=[746, 388, 326, 480, 473, 380, 400]  tape=1.874km B=12.66T unif=0.411% hoop=362MPa
  [ 209] OK     f=   1.750  a=32.7 b=120.2 gap=15.9 (face=3.9mm) n=[560, 81, 321, 361, 717, 457, 381]  tape=1.750km B=10.85T unif=0.306% hoop=268MPa
  [ 210] OK     f=   2.099  a=46.6 b=107.9 gap=15.5 (face=3.0mm) n=[689, 237, 330, 231, 721, 900, 369]  tape=2.099km B=11.24T unif=0.539% hoop=363MPa
  [ 211] OK     f=   1.859  a=42.9 b=113.3 gap=15.6 (face=3.3mm) n=[681, 66, 96, 201, 843, 719, 500]  tape=1.859km B=10.58T unif=0.451% hoop=269MPa
  [ 212] viol   f=   9.124  a=49.0 b=84.6 gap=15.6 (face=3.3mm) n=[522, 418, 96, 398, 671, 408, 324]  tape=1.412km B=10.10T unif=1.196% hoop=367MPa
  [ 213] INFEAS f=1296.255  a=34.4 b=105.4 gap=16.8 (face=5.6mm) n=[699, 159, 163, 332, 881, 667, 547]  no evaluation (geometry pre-check)
  [ 214] OK     f=   1.668  a=27.8 b=101.7 gap=16.2 (face=4.5mm) n=[507, 630, 225, 443, 511, 525, 499]  tape=1.668km B=14.91T unif=0.493% hoop=229MPa
  [ 215] OK     f=   1.892  a=42.3 b=110.3 gap=15.5 (face=3.0mm) n=[720, 159, 336, 446, 632, 659, 319]  tape=1.892km B=12.15T unif=0.590% hoop=321MPa
  [ 216] INFEAS f=1254.719  a=26.7 b=97.1 gap=17.4 (face=6.8mm) n=[443, 265, 226, 376, 650, 484, 673]  no evaluation (geometry pre-check)
  [ 217] OK     f=   1.613  a=34.1 b=97.7 gap=18.4 (face=8.8mm) n=[519, 592, 418, 578, 451, 235, 490]  tape=1.613km B=13.82T unif=0.450% hoop=266MPa
  [ 218] viol   f=  13.638  a=31.6 b=92.8 gap=15.5 (face=3.0mm) n=[506, 656, 77, 493, 647, 302, 366]  tape=1.450km B=13.53T unif=1.247% hoop=246MPa
  [ 219] OK     f=   1.855  a=39.1 b=105.8 gap=16.0 (face=3.9mm) n=[616, 418, 248, 456, 737, 537, 288]  tape=1.855km B=12.25T unif=0.527% hoop=331MPa
  [ 220] OK     f=   1.512  a=29.1 b=94.0 gap=15.7 (face=3.4mm) n=[539, 411, 341, 260, 605, 522, 540]  tape=1.512km B=13.84T unif=0.634% hoop=246MPa
  [ 221] INFEAS f=1084.610  a=29.8 b=97.6 gap=16.7 (face=5.5mm) n=[738, 505, 379, 637, 482, 330, 490]  no evaluation (geometry pre-check)
  [ 222] OK     f=   1.534  a=34.2 b=83.9 gap=15.6 (face=3.2mm) n=[672, 316, 366, 364, 627, 646, 439]  tape=1.534km B=14.54T unif=0.910% hoop=333MPa
  [ 223] INFEAS f=6924.962  a=27.6 b=107.3 gap=15.6 (face=3.1mm) n=[479, 250, 52, 454, 851, 495, 518]  no evaluation (geometry pre-check)
  [ 224] INFEAS f=1243.188  a=22.0 b=95.5 gap=15.9 (face=3.7mm) n=[345, 547, 295, 465, 537, 259, 527]  no evaluation (geometry pre-check)
  [ 225] INFEAS f=2621.639  a=27.3 b=102.0 gap=17.8 (face=7.6mm) n=[750, 460, 523, 467, 714, 356, 535]  no evaluation (geometry pre-check)
  [ 226] INFEAS f=1571.833  a=25.8 b=94.4 gap=15.9 (face=3.7mm) n=[396, 626, 209, 472, 436, 346, 669]  no evaluation (geometry pre-check)
  [ 227] OK     f=   1.763  a=41.4 b=88.3 gap=15.6 (face=3.2mm) n=[821, 473, 200, 464, 589, 367, 547]  tape=1.763km B=13.60T unif=0.821% hoop=359MPa
  [ 228] INFEAS f=19076.526  a=13.8 b=111.9 gap=16.1 (face=4.3mm) n=[367, 369, 628, 357, 438, 463, 513]  no evaluation (geometry pre-check)
  [ 229] OK     f=   2.005  a=40.4 b=96.3 gap=15.6 (face=3.1mm) n=[677, 644, 67, 485, 611, 766, 729]  tape=2.005km B=15.24T unif=0.710% hoop=332MPa
  [ 230] INFEAS f=4149.461  a=21.5 b=109.2 gap=17.0 (face=6.0mm) n=[616, 399, 122, 635, 613, 357, 445]  no evaluation (geometry pre-check)
  [ 231] OK     f=   1.759  a=36.9 b=95.2 gap=15.5 (face=3.0mm) n=[727, 464, 129, 670, 449, 582, 474]  tape=1.759km B=14.61T unif=0.623% hoop=306MPa
  [ 232] OK     f=   1.836  a=44.0 b=93.2 gap=15.5 (face=3.0mm) n=[847, 319, 183, 310, 525, 607, 638]  tape=1.836km B=12.67T unif=0.894% hoop=353MPa
  [ 233] viol   f= 450.486  a=44.0 b=59.7 gap=15.6 (face=3.1mm) n=[668, 458, 334, 477, 546, 453, 519]  tape=1.299km B=15.02T unif=2.499% hoop=372MPa
  [ 234] INFEAS f=1004.683  a=27.0 b=66.9 gap=16.1 (face=4.2mm) n=[548, 646, 123, 620, 409, 242, 437]  no evaluation (geometry pre-check)
  [ 235] viol   f=  18.024  a=41.8 b=72.4 gap=16.2 (face=4.4mm) n=[667, 690, 184, 465, 851, 568, 443]  tape=1.696km B=15.17T unif=1.286% hoop=360MPa
  [ 236] viol   f=  31.693  a=34.7 b=74.6 gap=15.9 (face=3.9mm) n=[662, 630, 335, 529, 591, 384, 462]  tape=1.460km B=16.79T unif=1.389% hoop=295MPa
  [ 237] INFEAS f=2436.210  a=26.1 b=109.8 gap=16.0 (face=4.0mm) n=[711, 597, 476, 504, 640, 359, 590]  no evaluation (geometry pre-check)
  [ 238] viol   f=   3.754  a=44.9 b=80.8 gap=18.8 (face=9.6mm) n=[534, 650, 244, 462, 429, 209, 696]  tape=1.502km B=11.76T unif=1.106% hoop=330MPa
  [ 239] viol   f=   2.752  a=51.3 b=93.8 gap=15.6 (face=3.1mm) n=[830, 501, 122, 456, 580, 670, 589]  tape=2.038km B=12.65T unif=1.060% hoop=400MPa
  [ 240] viol   f=  13.892  a=34.6 b=94.5 gap=15.6 (face=3.1mm) n=[720, 432, 260, 448, 440, 530, 719]  tape=1.761km B=14.62T unif=1.246% hoop=309MPa
  [ 241] viol   f=   9.335  a=49.0 b=91.5 gap=15.9 (face=3.9mm) n=[895, 58, 157, 393, 575, 352, 255]  tape=1.495km B=9.60T unif=1.194% hoop=313MPa
  [ 242] viol   f=  20.622  a=39.9 b=71.6 gap=15.8 (face=3.6mm) n=[699, 609, 51, 296, 439, 610, 805]  tape=1.482km B=13.93T unif=1.309% hoop=306MPa
  [ 243] viol   f= 169.094  a=31.0 b=99.1 gap=15.5 (face=3.1mm) n=[651, 287, 226, 297, 536, 537, 574]  tape=1.563km B=13.22T unif=1.915% hoop=250MPa
  [ 244] OK     f=   1.864  a=50.8 b=96.4 gap=15.5 (face=3.1mm) n=[549, 316, 234, 647, 458, 599, 687]  tape=1.864km B=11.75T unif=0.844% hoop=397MPa
  [ 245] viol   f= 211.789  a=45.4 b=68.4 gap=16.1 (face=4.1mm) n=[816, 726, 140, 538, 318, 449, 725]  tape=1.566km B=15.37T unif=2.025% hoop=345MPa
  [ 246] OK     f=   1.823  a=43.5 b=100.3 gap=17.1 (face=6.3mm) n=[669, 316, 557, 624, 396, 535, 315]  tape=1.823km B=12.83T unif=0.735% hoop=334MPa
  [ 247] OK     f=   2.360  a=49.8 b=118.4 gap=15.7 (face=3.5mm) n=[777, 295, 473, 584, 420, 641, 520]  tape=2.360km B=11.88T unif=0.613% hoop=400MPa
  [ 248] OK     f=   1.769  a=52.7 b=102.4 gap=15.6 (face=3.1mm) n=[625, 378, 122, 645, 338, 404, 651]  tape=1.769km B=10.64T unif=0.841% hoop=368MPa
  [ 249] OK     f=   1.606  a=47.2 b=96.0 gap=15.6 (face=3.1mm) n=[710, 380, 182, 358, 481, 273, 567]  tape=1.606km B=10.48T unif=0.972% hoop=353MPa
  [ 250] OK     f=   1.570  a=38.0 b=77.6 gap=15.5 (face=3.0mm) n=[594, 304, 228, 407, 450, 688, 804]  tape=1.570km B=12.71T unif=0.916% hoop=319MPa
  [ 251] OK     f=   1.324  a=35.0 b=80.6 gap=15.7 (face=3.3mm) n=[550, 517, 71, 370, 528, 526, 588]  tape=1.324km B=13.54T unif=0.955% hoop=248MPa
  [ 252] OK     f=   1.766  a=41.3 b=94.9 gap=15.6 (face=3.3mm) n=[474, 575, 202, 397, 346, 583, 768]  tape=1.766km B=11.66T unif=0.691% hoop=355MPa
  [ 253] viol   f=   3.154  a=51.3 b=77.2 gap=15.8 (face=3.6mm) n=[670, 318, 244, 418, 427, 442, 899]  tape=1.717km B=9.85T unif=1.083% hoop=400MPa
  [ 254] INFEAS f=4093.864  a=31.4 b=78.1 gap=15.6 (face=3.2mm) n=[746, 576, 232, 713, 343, 590, 899]  no evaluation (geometry pre-check)
  [ 255] OK     f=   1.544  a=42.2 b=81.8 gap=15.5 (face=3.0mm) n=[531, 243, 85, 390, 446, 725, 812]  tape=1.544km B=11.15T unif=0.890% hoop=330MPa
  [ 256] viol   f=   3.989  a=46.6 b=79.6 gap=17.8 (face=7.7mm) n=[606, 306, 139, 493, 277, 558, 614]  tape=1.354km B=10.92T unif=1.115% hoop=288MPa
  [ 257] viol   f=  13.460  a=46.3 b=78.2 gap=15.9 (face=3.7mm) n=[433, 526, 206, 688, 160, 315, 612]  tape=1.358km B=10.95T unif=1.246% hoop=348MPa
  [ 258] viol   f=   1.801  a=37.4 b=73.8 gap=15.7 (face=3.3mm) n=[420, 422, 196, 533, 366, 440, 624]  tape=1.255km B=11.96T unif=1.052% hoop=320MPa
  [ 259] OK     f=   1.767  a=38.5 b=82.4 gap=21.8 (face=15.5mm) n=[421, 552, 347, 879, 374, 285, 843]  tape=1.767km B=11.96T unif=0.847% hoop=312MPa
  [ 260] OK     f=   2.175  a=48.4 b=98.0 gap=15.7 (face=3.4mm) n=[842, 258, 186, 666, 607, 765, 675]  tape=2.175km B=14.13T unif=0.843% hoop=369MPa
  [ 261] OK     f=   1.930  a=50.2 b=102.2 gap=15.6 (face=3.2mm) n=[579, 313, 90, 451, 555, 629, 771]  tape=1.930km B=10.86T unif=0.699% hoop=380MPa
  [ 262] INFEAS f=1643.034  a=26.1 b=82.5 gap=15.7 (face=3.5mm) n=[327, 335, 87, 217, 567, 681, 535]  no evaluation (geometry pre-check)
  [ 263] OK     f=   1.482  a=49.9 b=95.3 gap=15.6 (face=3.3mm) n=[501, 545, 66, 333, 364, 547, 547]  tape=1.482km B=10.39T unif=0.958% hoop=348MPa
  [ 264] OK     f=   1.390  a=38.9 b=58.4 gap=15.9 (face=3.9mm) n=[343, 560, 270, 437, 541, 677, 827]  tape=1.390km B=14.05T unif=0.852% hoop=324MPa
  [ 265] INFEAS f=7288.936  a=29.0 b=112.1 gap=17.8 (face=7.7mm) n=[767, 279, 50, 320, 366, 894, 528]  no evaluation (geometry pre-check)
  [ 266] INFEAS f=1156.703  a=31.1 b=90.0 gap=15.7 (face=3.5mm) n=[389, 605, 225, 407, 280, 405, 780]  no evaluation (geometry pre-check)
  [ 267] viol   f=   6.479  a=58.4 b=94.9 gap=15.7 (face=3.5mm) n=[422, 103, 141, 434, 374, 598, 719]  tape=1.572km B=8.43T unif=0.886% hoop=378MPa
  [ 268] OK     f=   1.486  a=39.2 b=85.5 gap=15.6 (face=3.3mm) n=[222, 599, 110, 109, 464, 647, 862]  tape=1.486km B=10.24T unif=0.660% hoop=253MPa
  [ 269] viol   f= 788.958  a=34.7 b=76.3 gap=15.6 (face=3.2mm) n=[801, 394, 83, 504, 461, 688, 743]  tape=1.564km B=15.62T unif=2.984% hoop=292MPa
  [ 270] INFEAS f=1103.898  a=33.9 b=90.0 gap=15.5 (face=3.0mm) n=[590, 695, 276, 677, 404, 473, 849]  no evaluation (geometry pre-check)
  [ 271] viol   f=  38.114  a=34.6 b=71.9 gap=16.0 (face=4.0mm) n=[169, 741, 324, 411, 172, 431, 797]  tape=1.286km B=12.00T unif=1.429% hoop=275MPa
  [ 272] viol   f=   3.005  a=50.4 b=83.2 gap=15.6 (face=3.2mm) n=[389, 569, 232, 552, 428, 687, 706]  tape=1.720km B=12.37T unif=1.080% hoop=400MPa
  [ 273] OK     f=   1.500  a=44.7 b=74.5 gap=15.5 (face=3.1mm) n=[366, 522, 167, 393, 321, 636, 824]  tape=1.500km B=11.13T unif=0.949% hoop=365MPa
  [ 274] viol   f=  52.932  a=61.6 b=78.1 gap=15.7 (face=3.4mm) n=[345, 819, 121, 452, 371, 532, 816]  tape=1.739km B=10.99T unif=1.506% hoop=400MPa
  [ 275] INFEAS f=1495.850  a=29.5 b=70.6 gap=15.9 (face=3.7mm) n=[762, 684, 107, 401, 608, 567, 550]  no evaluation (geometry pre-check)
  [ 276] viol   f=   2.990  a=37.3 b=69.4 gap=15.6 (face=3.2mm) n=[509, 569, 124, 442, 537, 841, 435]  tape=1.473km B=13.27T unif=1.087% hoop=347MPa
  [ 277] viol   f=   3.389  a=47.2 b=58.5 gap=16.7 (face=5.4mm) n=[228, 329, 115, 161, 332, 612, 769]  tape=1.030km B=8.91T unif=0.302% hoop=273MPa
  [ 278] viol   f= 126.982  a=56.4 b=64.6 gap=15.5 (face=3.0mm) n=[226, 832, 328, 170, 508, 607, 785]  tape=1.515km B=12.73T unif=1.792% hoop=366MPa
  [ 279] OK     f=   1.299  a=31.3 b=92.9 gap=15.8 (face=3.6mm) n=[479, 518, 356, 150, 498, 361, 449]  tape=1.299km B=12.88T unif=0.564% hoop=225MPa
  [ 280] viol   f=   4.663  a=57.8 b=92.0 gap=15.6 (face=3.2mm) n=[440, 195, 236, 332, 499, 520, 770]  tape=1.683km B=8.78T unif=0.916% hoop=400MPa
  [ 281] OK     f=   1.373  a=35.6 b=79.8 gap=16.4 (face=4.9mm) n=[418, 442, 444, 262, 427, 644, 470]  tape=1.373km B=12.29T unif=0.900% hoop=329MPa  [a=38 b=165 nt=2117] KSP converged reason: 4, iterations: 1
  [a=77 b=164 nt=1915] KSP converged reason: 4, iterations: 1
  [a=79 b=184 nt=3748] KSP converged reason: 4, iterations: 1
  [a=36 b=151 nt=1840] KSP converged reason: 4, iterations: 1
  [a=45 b=170 nt=2472] KSP converged reason: 4, iterations: 1
  [a=35 b=154 nt=3743] KSP converged reason: 4, iterations: 1
  [a=48 b=195 nt=4444] KSP converged reason: 4, iterations: 1
  [a=98 b=172 nt=3532] KSP converged reason: 4, iterations: 1
  [a=71 b=84 nt=3885] KSP converged reason: 4, iterations: 1
  [a=91 b=168 nt=3943] KSP converged reason: 4, iterations: 1
  [a=89 b=126 nt=3565] KSP converged reason: 4, iterations: 1
  [a=97 b=167 nt=3734] KSP converged reason: 4, iterations: 1
  [a=94 b=132 nt=3311] KSP converged reason: 4, iterations: 1
  [a=40 b=117 nt=3443] KSP converged reason: 4, iterations: 1
  [a=44 b=107 nt=3915] KSP converged reason: 4, iterations: 1
  [a=41 b=80 nt=3204] KSP converged reason: 4, iterations: 1
  [a=60 b=170 nt=3261] KSP converged reason: 4, iterations: 1
  [a=38 b=124 nt=3392] KSP converged reason: 4, iterations: 1
  [a=64 b=153 nt=3304] KSP converged reason: 4, iterations: 1
  [a=43 b=147 nt=3687] KSP converged reason: 4, iterations: 1
  [a=43 b=121 nt=3600] KSP converged reason: 4, iterations: 1
  [a=56 b=116 nt=4107] KSP converged reason: 4, iterations: 1
  [a=41 b=140 nt=3118] KSP converged reason: 4, iterations: 1
  [a=39 b=130 nt=3479] KSP converged reason: 4, iterations: 1
  [a=46 b=139 nt=3048] KSP converged reason: 4, iterations: 1
  [a=56 b=141 nt=3519] KSP converged reason: 4, iterations: 1
  [a=38 b=110 nt=3193] KSP converged reason: 4, iterations: 1
  [a=49 b=85 nt=2837] KSP converged reason: 4, iterations: 1
  [a=39 b=106 nt=3300] KSP converged reason: 4, iterations: 1
  [a=37 b=95 nt=3495] KSP converged reason: 4, iterations: 1
  [a=31 b=99 nt=3108] KSP converged reason: 4, iterations: 1
  [a=38 b=78 nt=3475] KSP converged reason: 4, iterations: 1
  [a=47 b=80 nt=2993] KSP converged reason: 4, iterations: 1
  [a=50 b=102 nt=3388] KSP converged reason: 4, iterations: 1
  [a=47 b=58 nt=2546] KSP converged reason: 4, iterations: 1
  [a=56 b=65 nt=3456] KSP converged reason: 4, iterations: 1
  [a=44 b=84 nt=3539] KSP converged reason: 4, iterations: 1
  [a=31 b=55 nt=2438] KSP converged reason: 4, iterations: 1
  [a=44 b=77 nt=3130] KSP converged reason: 4, iterations: 1
  [a=31 b=90 nt=2766] KSP converged reason: 4, iterations: 1
  [a=49 b=193 nt=2444] KSP converged reason: 4, iterations: 1
  [a=32 b=148 nt=2862] KSP converged reason: 4, iterations: 1
  [a=48 b=145 nt=2356] KSP converged reason: 4, iterations: 1
  [a=39 b=162 nt=2648] KSP converged reason: 4, iterations: 1
  [a=49 b=172 nt=3077] KSP converged reason: 4, iterations: 1
  [a=41 b=149 nt=2609] KSP converged reason: 4, iterations: 1
  [a=70 b=177 nt=3095] KSP converged reason: 4, iterations: 1
  [a=45 b=155 nt=4323] KSP converged reason: 4, iterations: 1
  [a=106 b=156 nt=3378] KSP converged reason: 4, iterations: 1
  [a=61 b=181 nt=4013] KSP converged reason: 4, iterations: 1
  [a=107 b=150 nt=3725] KSP converged reason: 4, iterations: 1
  [a=64 b=140 nt=4325] KSP converged reason: 4, iterations: 1
  [a=59 b=128 nt=4005] KSP converged reason: 4, iterations: 1
  [a=63 b=112 nt=1996] KSP converged reason: 4, iterations: 1
  [a=57 b=144 nt=2933] KSP converged reason: 4, iterations: 1
  [a=82 b=187 nt=3648] KSP converged reason: 4, iterations: 1
  [a=67 b=144 nt=3359] KSP converged reason: 4, iterations: 1
  [a=55 b=131 nt=3319] KSP converged reason: 4, iterations: 1
  [a=62 b=132 nt=3604] KSP converged reason: 4, iterations: 1
  [a=48 b=125 nt=3078] KSP converged reason: 4, iterations: 1
  [a=69 b=128 nt=3692] KSP converged reason: 4, iterations: 1
  [a=44 b=133 nt=3033] KSP converged reason: 4, iterations: 1
  [a=44 b=114 nt=3262] KSP converged reason: 4, iterations: 1
  [a=50 b=131 nt=2623] KSP converged reason: 4, iterations: 1
  [a=58 b=109 nt=3413] KSP converged reason: 4, iterations: 1
  [a=42 b=110 nt=3271] KSP converged reason: 4, iterations: 1
  [a=34 b=84 nt=3430] KSP converged reason: 4, iterations: 1
  [a=42 b=72 nt=3868] KSP converged reason: 4, iterations: 1
  [a=40 b=72 nt=3509] KSP converged reason: 4, iterations: 1
  [a=47 b=96 nt=2951] KSP converged reason: 4, iterations: 1
  [a=51 b=77 nt=3418] KSP converged reason: 4, iterations: 1
  [a=37 b=74 nt=3001] KSP converged reason: 4, iterations: 1
  [a=35 b=76 nt=3674] KSP converged reason: 4, iterations: 1
  [a=62 b=78 nt=3456] KSP converged reason: 4, iterations: 1
  [a=39 b=102 nt=2793] KSP converged reason: 4, iterations: 1
  [a=42 b=90 nt=2981] KSP converged reason: 4, iterations: 1
  [a=35 b=77 nt=3507] KSP converged reason: 4, iterations: 1
  [a=30 b=87 nt=2952] KSP converged reason: 4, iterations: 1
  [a=58 b=139 nt=2789] KSP converged reason: 4, iterations: 1
  [a=86 b=149 nt=1750] KSP converged reason: 4, iterations: 1
  [a=56 b=162 nt=3034] KSP converged reason: 4, iterations: 1
  [a=67 b=174 nt=2865] KSP converged reason: 4, iterations: 1
  [a=42 b=149 nt=2384] KSP converged reason: 4, iterations: 1
  [a=66 b=147 nt=2823] KSP converged reason: 4, iterations: 1
  [a=38 b=162 nt=3297] KSP converged reason: 4, iterations: 1
  [a=48 b=159 nt=3647] KSP converged reason: 4, iterations: 1
  [a=73 b=162 nt=3394] KSP converged reason: 4, iterations: 1
  [a=56 b=134 nt=3881] KSP converged reason: 4, iterations: 1
  [a=31 b=148 nt=2504] KSP converged reason: 4, iterations: 1
  [a=94 b=103 nt=4250] KSP converged reason: 4, iterations: 1
  [a=49 b=163 nt=4213] KSP converged reason: 4, iterations: 1
  [a=83 b=115 nt=4500] KSP converged reason: 4, iterations: 1
  [a=42 b=70 nt=3368] KSP converged reason: 4, iterations: 1
  [a=71 b=95 nt=3713] KSP converged reason: 4, iterations: 1
  [a=57 b=133 nt=3968] KSP converged reason: 4, iterations: 1
  [a=91 b=134 nt=3166] KSP converged reason: 4, iterations: 1
  [a=44 b=136 nt=4132] KSP converged reason: 4, iterations: 1
  [a=71 b=147 nt=4142] KSP converged reason: 4, iterations: 1
  [a=43 b=182 nt=3727] KSP converged reason: 4, iterations: 1
  [a=34 b=114 nt=3646] KSP converged reason: 4, iterations: 1
  [a=43 b=134 nt=3758] KSP converged reason: 4, iterations: 1
  [a=50 b=142 nt=3017] KSP converged reason: 4, iterations: 1
  [a=46 b=125 nt=3388] KSP converged reason: 4, iterations: 1
  [a=49 b=129 nt=3249] KSP converged reason: 4, iterations: 1
  [a=48 b=128 nt=2976] KSP converged reason: 4, iterations: 1
  [a=33 b=120 nt=2878] KSP converged reason: 4, iterations: 1
  [a=43 b=113 nt=3106] KSP converged reason: 4, iterations: 1
  [a=29 b=94 nt=3218] KSP converged reason: 4, iterations: 1
  [a=44 b=60 nt=3455] KSP converged reason: 4, iterations: 1
  [a=49 b=91 nt=2685] KSP converged reason: 4, iterations: 1
  [a=50 b=118 nt=3710] KSP converged reason: 4, iterations: 1
  [a=42 b=82 nt=3232] KSP converged reason: 4, iterations: 1
  [a=48 b=98 nt=3999] KSP converged reason: 4, iterations: 1
  [a=58 b=95 nt=2791] KSP converged reason: 4, iterations: 1
  [a=50 b=83 nt=3563] KSP converged reason: 4, iterations: 1
  [a=43 b=69 nt=3283] KSP converged reason: 4, iterations: 1
  [a=44 b=105 nt=3502] KSP converged reason: 4, iterations: 1
  [a=43 b=79 nt=3317] KSP converged reason: 4, iterations: 1
  [a=52 b=80 nt=3379] KSP converged reason: 4, iterations: 1
  [a=43 b=87 nt=2717] KSP converged reason: 4, iterations: 1
  [a=40 b=131 nt=2107] KSP converged reason: 4, iterations: 1
  [a=58 b=145 nt=2178] KSP converged reason: 4, iterations: 1
  [a=54 b=137 nt=2787] KSP converged reason: 4, iterations: 1
  [a=59 b=159 nt=2697] KSP converged reason: 4, iterations: 1
  [a=47 b=144 nt=2670] KSP converged reason: 4, iterations: 1
  [a=42 b=146 nt=2987] KSP converged reason: 4, iterations: 1
  [a=47 b=159 nt=2181] KSP converged reason: 4, iterations: 1
  [a=36 b=171 nt=4326] KSP converged reason: 4, iterations: 1
  [a=50 b=134 nt=3795] KSP converged reason: 4, iterations: 1
  [a=46 b=133 nt=4112] KSP converged reason: 4, iterations: 1
  [a=56 b=149 nt=4873] KSP converged reason: 4, iterations: 1
  [a=65 b=101 nt=4135] KSP converged reason: 4, iterations: 1
  [a=68 b=107 nt=3096] KSP converged reason: 4, iterations: 1
  [a=51 b=130 nt=2839] KSP converged reason: 4, iterations: 1
  [a=68 b=142 nt=2924] KSP converged reason: 4, iterations: 1
  [a=67 b=124 nt=3748] KSP converged reason: 4, iterations: 1
  [a=52 b=134 nt=3939] KSP converged reason: 4, iterations: 1
  [a=45 b=139 nt=3755] KSP converged reason: 4, iterations: 1
  [a=48 b=146 nt=4361] KSP converged reason: 4, iterations: 1
  [a=49 b=153 nt=3812] KSP converged reason: 4, iterations: 1
  [a=51 b=141 nt=3275] KSP converged reason: 4, iterations: 1
  [a=57 b=145 nt=3651] KSP converged reason: 4, iterations: 1
  [a=37 b=109 nt=3326] KSP converged reason: 4, iterations: 1
  [a=47 b=112 nt=3067] KSP converged reason: 4, iterations: 1
  [a=47 b=108 nt=3477] KSP converged reason: 4, iterations: 1
  [a=34 b=98 nt=3283] KSP converged reason: 4, iterations: 1
  [a=44 b=93 nt=3429] KSP converged reason: 4, iterations: 1
  [a=51 b=94 nt=3748] KSP converged reason: 4, iterations: 1
  [a=45 b=68 nt=3712] KSP converged reason: 4, iterations: 1
  [a=53 b=102 nt=3163] KSP converged reason: 4, iterations: 1
  [a=46 b=78 nt=2940] KSP converged reason: 4, iterations: 1
  [a=38 b=82 nt=3701] KSP converged reason: 4, iterations: 1
  [a=39 b=85 nt=3013] KSP converged reason: 4, iterations: 1
  [a=35 b=72 nt=3045] KSP converged reason: 4, iterations: 1
  [a=31 b=93 nt=2811] KSP converged reason: 4, iterations: 1
  [a=39 b=95 nt=3028] KSP converged reason: 4, iterations: 1
  [a=51 b=72 nt=3214] KSP converged reason: 4, iterations: 1
  [a=26 b=93 nt=3084] KSP converged reason: 4, iterations: 1
  [a=51 b=162 nt=2208] KSP converged reason: 4, iterations: 1
  [a=43 b=173 nt=2463] KSP converged reason: 4, iterations: 1
  [a=46 b=132 nt=2630] KSP converged reason: 4, iterations: 1
  [a=70 b=166 nt=2646] KSP converged reason: 4, iterations: 1
  [a=45 b=139 nt=2430] KSP converged reason: 4, iterations: 1
  [a=37 b=180 nt=2290] KSP converged reason: 4, iterations: 1
  [a=42 b=165 nt=2320] KSP converged reason: 4, iterations: 1
  [a=53 b=164 nt=3655] KSP converged reason: 4, iterations: 1
  [a=49 b=121 nt=3225] KSP converged reason: 4, iterations: 1
  [a=49 b=140 nt=3472] KSP converged reason: 4, iterations: 1
  [a=53 b=152 nt=3076] KSP converged reason: 4, iterations: 1
  [a=77 b=137 nt=4265] KSP converged reason: 4, iterations: 1
  [a=50 b=98 nt=3781] KSP converged reason: 4, iterations: 1
  [a=75 b=131 nt=3392] KSP converged reason: 4, iterations: 1
  [a=63 b=119 nt=3693] KSP converged reason: 4, iterations: 1
  [a=53 b=98 nt=2990] KSP converged reason: 4, iterations: 1
  [a=42 b=144 nt=3901] KSP converged reason: 4, iterations: 1
  [a=67 b=113 nt=1897] KSP converged reason: 4, iterations: 1
  [a=59 b=176 nt=4441] KSP converged reason: 4, iterations: 1
  [a=41 b=145 nt=3516] KSP converged reason: 4, iterations: 1
  [a=65 b=154 nt=4306] KSP converged reason: 4, iterations: 1
  [a=45 b=159 nt=3708] KSP converged reason: 4, iterations: 1
  [a=59 b=178 nt=3823] KSP converged reason: 4, iterations: 1
  [a=45 b=114 nt=3670] KSP converged reason: 4, iterations: 1
  [a=51 b=150 nt=3771] KSP converged reason: 4, iterations: 1
  [a=36 b=128 nt=3365] KSP converged reason: 4, iterations: 1
  [a=48 b=147 nt=2774] KSP converged reason: 4, iterations: 1
  [a=51 b=137 nt=3084] KSP converged reason: 4, iterations: 1
  [a=53 b=106 nt=2990] KSP converged reason: 4, iterations: 1
  [a=32 b=93 nt=3047] KSP converged reason: 4, iterations: 1
  [a=40 b=96 nt=3979] KSP converged reason: 4, iterations: 1
  [a=35 b=75 nt=3593] KSP converged reason: 4, iterations: 1
  [a=51 b=96 nt=3490] KSP converged reason: 4, iterations: 1
  [a=35 b=81 nt=3150] KSP converged reason: 4, iterations: 1
  [a=50 b=95 nt=2903] KSP converged reason: 4, iterations: 1
  [a=37 b=69 nt=3457] KSP converged reason: 4, iterations: 1
  [a=36 b=80 nt=3107] KSP converged reason: 4, iterations: 1
  [a=45 b=56 nt=3264] KSP converged reason: 4, iterations: 1
  [a=33 b=81 nt=2851] KSP converged reason: 4, iterations: 1
  [a=35 b=57 nt=2941] KSP converged reason: 4, iterations: 1
  [a=41 b=87 nt=3204] KSP converged reason: 4, iterations: 1
  [a=39 b=147 nt=2904] KSP converged reason: 4, iterations: 1
  [a=53 b=175 nt=2473] KSP converged reason: 4, iterations: 1
  [a=64 b=114 nt=2939] KSP converged reason: 4, iterations: 1
  [a=42 b=162 nt=2828] KSP converged reason: 4, iterations: 1
  [a=62 b=158 nt=2379] KSP converged reason: 4, iterations: 1
  [a=39 b=180 nt=3143] KSP converged reason: 4, iterations: 1
  [a=71 b=174 nt=3616] KSP converged reason: 4, iterations: 1
  [a=72 b=156 nt=4322] KSP converged reason: 4, iterations: 1
  [a=45 b=144 nt=3903] KSP converged reason: 4, iterations: 1
  [a=98 b=169 nt=4497] KSP converged reason: 4, iterations: 1
  [a=46 b=113 nt=4446] KSP converged reason: 4, iterations: 1
  [a=80 b=125 nt=3192] KSP converged reason: 4, iterations: 1
  [a=86 b=108 nt=4476] KSP converged reason: 4, iterations: 1
  [a=61 b=154 nt=2456] KSP converged reason: 4, iterations: 1
  [a=46 b=130 nt=4105] KSP converged reason: 4, iterations: 1
  [a=64 b=156 nt=3785] KSP converged reason: 4, iterations: 1
  [a=54 b=107 nt=3096] KSP converged reason: 4, iterations: 1
  [a=65 b=167 nt=3044] KSP converged reason: 4, iterations: 1
  [a=66 b=137 nt=3477] KSP converged reason: 4, iterations: 1
  [a=39 b=169 nt=4412] KSP converged reason: 4, iterations: 1
  [a=68 b=135 nt=3638] KSP converged reason: 4, iterations: 1
  [a=55 b=128 nt=3699] KSP converged reason: 4, iterations: 1
  [a=40 b=133 nt=3312] KSP converged reason: 4, iterations: 1
  [a=53 b=144 nt=4297] KSP converged reason: 4, iterations: 1
  [a=46 b=129 nt=2886] KSP converged reason: 4, iterations: 1
  [a=39 b=123 nt=3273] KSP converged reason: 4, iterations: 1
  [a=36 b=94 nt=3452] KSP converged reason: 4, iterations: 1
  [a=28 b=102 nt=3340] KSP converged reason: 4, iterations: 1
  [a=41 b=88 nt=3461] KSP converged reason: 4, iterations: 1
  [a=45 b=81 nt=3224] KSP converged reason: 4, iterations: 1
  [a=35 b=94 nt=3549] KSP converged reason: 4, iterations: 1
  [a=43 b=100 nt=3412] KSP converged reason: 4, iterations: 1
  [a=41 b=95 nt=3345] KSP converged reason: 4, iterations: 1
  [a=39 b=58 nt=3655] KSP converged reason: 4, iterations: 1
  [a=45 b=74 nt=3229] KSP converged reason: 4, iterations: 1
  [a=58 b=92 nt=2992] KSP converged reason: 4, iterations: 1
  [a=30 b=94 nt=3198] KSP converged reason: 4, iterations: 1
  [a=48 b=98 nt=2914] KSP converged reason: 4, iterations: 1
  [a=38 b=75 nt=2802] KSP converged reason: 4, iterations: 1
  [a=37 b=91 nt=2953] KSP converged reason: 4, iterations: 1

  [ 282] viol   f=   1.502  a=39.0 b=101.5 gap=15.7 (face=3.4mm) n=[434, 282, 234, 138, 654, 567, 484]  tape=1.501km B=9.98T unif=0.547% hoop=288MPa
  [ 283] OK     f=   1.452  a=42.5 b=68.5 gap=16.9 (face=5.8mm) n=[382, 624, 95, 460, 241, 582, 899]  tape=1.452km B=11.42T unif=0.914% hoop=323MPa
  [ 284] viol   f=   2.266  a=44.5 b=84.1 gap=17.1 (face=6.2mm) n=[492, 639, 317, 523, 613, 415, 540]  tape=1.644km B=13.49T unif=1.056% hoop=357MPa
  [ 285] OK     f=   1.500  a=29.7 b=94.0 gap=15.6 (face=3.2mm) n=[592, 281, 441, 146, 508, 627, 603]  tape=1.500km B=13.62T unif=0.713% hoop=234MPa
  [ 286] OK     f=   1.512  a=38.9 b=94.9 gap=15.6 (face=3.1mm) n=[477, 372, 131, 431, 436, 568, 613]  tape=1.512km B=11.32T unif=0.643% hoop=307MPa
  [ 287] OK     f=   1.937  a=44.5 b=104.6 gap=15.5 (face=3.0mm) n=[404, 657, 435, 500, 432, 594, 480]  tape=1.937km B=12.76T unif=0.680% hoop=386MPa
  [ 288] INFEAS f=10079.266  a=21.3 b=64.4 gap=16.2 (face=4.3mm) n=[336, 625, 277, 423, 329, 418, 729]  no evaluation (geometry pre-check)
  [ 289] viol   f= 369.478  a=45.3 b=55.8 gap=15.9 (face=3.8mm) n=[435, 724, 431, 349, 593, 354, 378]  tape=1.236km B=14.10T unif=2.357% hoop=383MPa
  [ 290] OK     f=   1.476  a=41.6 b=89.7 gap=15.5 (face=3.0mm) n=[717, 313, 85, 167, 583, 527, 589]  tape=1.476km B=11.49T unif=0.914% hoop=279MPa
  [ 291] INFEAS f=1057.700  a=29.8 b=66.4 gap=17.6 (face=7.1mm) n=[480, 416, 82, 427, 390, 597, 733]  no evaluation (geometry pre-check)
  [ 292] viol   f=   5.040  a=50.7 b=72.4 gap=18.0 (face=8.0mm) n=[371, 613, 319, 155, 455, 546, 755]  tape=1.470km B=11.02T unif=1.134% hoop=354MPa
  [ 293] viol   f=   2.717  a=30.8 b=54.6 gap=16.9 (face=5.8mm) n=[219, 300, 193, 236, 207, 550, 733]  tape=0.863km B=9.04T unif=0.468% hoop=237MPa
  [ 294] viol   f=   1.605  a=48.4 b=97.5 gap=15.5 (face=3.0mm) n=[396, 452, 331, 69, 651, 675, 340]  tape=1.576km B=9.88T unif=0.741% hoop=381MPa
  [ 295] OK     f=   1.242  a=33.4 b=81.4 gap=18.6 (face=9.2mm) n=[517, 488, 230, 372, 256, 400, 588]  tape=1.242km B=11.72T unif=0.833% hoop=238MPa
  [ 296] viol   f=   6.227  a=34.7 b=77.2 gap=15.5 (face=3.1mm) n=[504, 336, 352, 626, 497, 628, 564]  tape=1.445km B=14.55T unif=1.155% hoop=308MPa
  [ 297] INFEAS f=1092.899  a=27.1 b=74.4 gap=17.0 (face=6.0mm) n=[387, 352, 244, 237, 338, 435, 668]  no evaluation (geometry pre-check)
  [ 298] OK     f=   1.600  a=42.8 b=79.4 gap=16.3 (face=4.5mm) n=[313, 600, 300, 331, 528, 420, 825]  tape=1.600km B=11.41T unif=0.906% hoop=361MPa
  [ 299] OK     f=   1.513  a=44.3 b=76.8 gap=15.8 (face=3.7mm) n=[352, 338, 51, 444, 482, 571, 892]  tape=1.513km B=10.20T unif=0.820% hoop=400MPa
  [ 300] viol   f=  13.517  a=52.1 b=79.8 gap=15.6 (face=3.2mm) n=[633, 385, 76, 302, 681, 643, 659]  tape=1.561km B=12.15T unif=1.245% hoop=362MPa
  [ 301] viol   f=  15.845  a=25.9 b=93.5 gap=18.6 (face=9.1mm) n=[446, 597, 260, 533, 408, 246, 594]  tape=1.419km B=13.47T unif=1.269% hoop=194MPa
  [ 302] OK     f=   1.260  a=37.8 b=74.7 gap=15.7 (face=3.4mm) n=[379, 473, 392, 189, 182, 432, 755]  tape=1.260km B=10.24T unif=0.993% hoop=316MPa
  [ 303] OK     f=   1.075  a=35.4 b=57.0 gap=17.5 (face=6.9mm) n=[331, 448, 171, 398, 443, 435, 715]  tape=1.075km B=11.44T unif=0.975% hoop=278MPa
  [ 304] viol   f= 289.286  a=30.5 b=87.5 gap=16.3 (face=4.6mm) n=[644, 365, 143, 421, 373, 448, 558]  tape=1.357km B=12.86T unif=2.200% hoop=237MPa
  [ 305] OK     f=   1.292  a=30.6 b=89.8 gap=17.8 (face=7.7mm) n=[232, 643, 71, 290, 555, 307, 668]  tape=1.292km B=10.95T unif=0.693% hoop=202MPa
  [ 306] INFEAS f=1003.947  a=28.8 b=73.4 gap=17.7 (face=7.5mm) n=[290, 469, 424, 479, 315, 385, 694]  no evaluation (geometry pre-check)
  [ 307] INFEAS f=2979.573  a=29.3 b=71.7 gap=16.6 (face=5.3mm) n=[454, 815, 218, 495, 379, 470, 714]  no evaluation (geometry pre-check)
  [ 308] viol   f=   1.317  a=42.8 b=87.3 gap=17.1 (face=6.2mm) n=[597, 376, 129, 361, 399, 325, 530]  tape=1.317km B=10.24T unif=1.002% hoop=307MPa
  [ 309] OK     f=   1.665  a=40.5 b=86.6 gap=15.6 (face=3.2mm) n=[460, 449, 124, 484, 376, 411, 900]  tape=1.665km B=10.12T unif=0.740% hoop=400MPa
  [ 310] viol   f=   1.705  a=37.3 b=90.7 gap=16.4 (face=4.8mm) n=[258, 419, 105, 156, 474, 689, 852]  tape=1.515km B=9.69T unif=0.677% hoop=273MPa

==========================================================================================
CMA-ES finished: 310 evaluations in 9.4 min
==========================================================================================

Best feasible design found:
  a_mm             35.37639784539445
  b_mm             56.97247932417113
  gap_mm           17.453209977869438
  face_gap_mm      6.906419955738877
  n_turns          [331, 448, 171, 398, 443, 435, 715]
  n_total          2941
  tape_km          1.0746384881911866
  B_target_T       11.444147322243438
  uniformity_pct   0.9749970049612429
  hoop_MPa         278.20020206301064
  delam_MPa        13.864738091109006
  I_quench_A       406.1059560066926
  I_op_A           223.38061386506743
  binding          quench/SF
  clip_frac        0.30143945808636746

Full evaluation history -> optimize/cmaes_history.csv
Best design            -> optimize/cmaes_results.csv
Appended 310 rows to cumulative master log -> optimize/cmaes_all_evaluations.csv

Figures -> /home/gerrityjack/fenicsx/Racetrack-Coil-Optimization/visualization/cmaes_convergence.png, cmaes_constraints.png, cmaes_variables.png, cmaes_overview.png
Cumulative parameter-space map -> visualization/cmaes_param_map.png (21840 evaluations, 70 runs)
