Starting CMA-ES: 10 variables, budget 300 evaluations, target B >= 10.0 T, uniformity <= 1.0%, hoop <= 400 MPa, coil-coil face gap >= 3 mm

Parallel mode: 6 worker processes per generation.
  [   1] viol   f=  36.738  a=33.2 b=144.2 gap=32.8 (face=37.6mm) n=[288, 142, 552, 646, 245, 96, 193]  tape=1.521km B=5.80T unif=0.373% hoop=155MPa
  [   2] INFEAS f=7881.360  a=28.3 b=195.4 gap=29.9 (face=31.7mm) n=[178, 67, 328, 885, 162, 117, 133]  no evaluation (geometry pre-check)
  [   3] INFEAS f=5285.247  a=15.7 b=150.5 gap=20.7 (face=13.5mm) n=[265, 110, 353, 505, 472, 125, 50]  no evaluation (geometry pre-check)
  [   4] INFEAS f=4568.354  a=30.9 b=153.4 gap=30.6 (face=33.2mm) n=[106, 118, 708, 896, 310, 86, 274]  no evaluation (geometry pre-check)
  [   5] viol   f=  50.893  a=58.2 b=163.3 gap=26.7 (face=25.5mm) n=[206, 112, 472, 674, 140, 56, 358]  tape=1.699km B=5.04T unif=0.211% hoop=248MPa
  [   6] viol   f=  27.150  a=62.4 b=221.1 gap=26.0 (face=23.9mm) n=[426, 306, 138, 704, 91, 706, 523]  tape=3.083km B=6.53T unif=0.093% hoop=312MPa
  [   7] INFEAS f=37519.892  a=18.6 b=172.1 gap=17.5 (face=7.1mm) n=[475, 459, 615, 899, 108, 506, 720]  no evaluation (geometry pre-check)
  [   8] INFEAS f=4849.553  a=28.3 b=152.0 gap=34.1 (face=40.3mm) n=[533, 154, 338, 579, 591, 831, 363]  no evaluation (geometry pre-check)
  [   9] viol   f=  33.408  a=39.4 b=157.3 gap=34.9 (face=41.9mm) n=[242, 167, 610, 834, 108, 319, 324]  tape=2.062km B=6.04T unif=0.290% hoop=281MPa
  [  10] viol   f=  19.948  a=59.7 b=171.0 gap=24.1 (face=20.3mm) n=[382, 379, 355, 621, 329, 551, 428]  tape=2.615km B=7.06T unif=0.213% hoop=400MPa
  [  11] viol   f=  72.151  a=85.0 b=159.9 gap=28.5 (face=29.0mm) n=[156, 347, 305, 819, 57, 215, 118]  tape=1.842km B=4.07T unif=0.345% hoop=400MPa
  [  12] viol   f=  45.648  a=76.4 b=183.3 gap=20.4 (face=12.8mm) n=[145, 329, 473, 797, 129, 505, 67]  tape=2.381km B=5.35T unif=0.258% hoop=400MPa
  [  13] viol   f=  45.165  a=57.4 b=180.2 gap=30.1 (face=32.2mm) n=[121, 209, 336, 342, 583, 670, 68]  tape=2.097km B=5.36T unif=0.129% hoop=364MPa
  [  14] viol   f=  30.984  a=46.8 b=172.2 gap=34.0 (face=39.9mm) n=[426, 311, 176, 782, 57, 513, 483]  tape=2.358km B=6.22T unif=0.217% hoop=240MPa
  [  15] viol   f=  36.579  a=67.9 b=182.7 gap=18.0 (face=8.1mm) n=[569, 237, 407, 460, 314, 272, 194]  tape=2.274km B=5.86T unif=0.280% hoop=400MPa
  [  16] viol   f= 268.779  a=36.9 b=146.1 gap=16.0 (face=4.0mm) n=[423, 185, 873, 533, 316, 244, 106]  tape=2.007km B=9.55T unif=2.154% hoop=298MPa
  [  17] viol   f=  24.417  a=45.7 b=174.6 gap=26.9 (face=25.8mm) n=[72, 126, 549, 782, 101, 344, 579]  tape=2.191km B=6.67T unif=0.228% hoop=220MPa
  [  18] INFEAS f=1013.221  a=31.4 b=179.0 gap=34.2 (face=40.4mm) n=[272, 208, 767, 735, 309, 513, 439]  no evaluation (geometry pre-check)
  [  19] viol   f=  17.811  a=36.5 b=162.4 gap=22.4 (face=16.9mm) n=[117, 193, 238, 517, 390, 837, 299]  tape=2.099km B=7.20T unif=0.220% hoop=276MPa
  [  20] viol   f=  32.422  a=82.8 b=159.3 gap=24.8 (face=21.6mm) n=[170, 496, 375, 707, 764, 203, 424]  tape=2.753km B=6.15T unif=0.361% hoop=400MPa
  [  21] INFEAS f=5928.355  a=25.6 b=190.8 gap=24.6 (face=21.2mm) n=[212, 127, 242, 781, 233, 760, 385]  no evaluation (geometry pre-check)
  [  22] viol   f=  35.022  a=50.4 b=181.4 gap=35.8 (face=43.6mm) n=[129, 121, 465, 421, 637, 900, 286]  tape=2.709km B=5.98T unif=0.159% hoop=304MPa
  [  23] viol   f=  27.886  a=61.8 b=192.2 gap=24.8 (face=21.7mm) n=[104, 449, 73, 848, 57, 808, 364]  tape=2.593km B=6.44T unif=0.124% hoop=273MPa
  [  24] viol   f=  21.496  a=50.8 b=145.7 gap=28.9 (face=29.8mm) n=[513, 61, 202, 711, 195, 528, 445]  tape=1.987km B=6.88T unif=0.230% hoop=250MPa
  [  25] viol   f=  22.676  a=73.0 b=154.6 gap=38.6 (face=49.2mm) n=[272, 303, 594, 861, 270, 811, 454]  tape=3.004km B=6.86T unif=0.228% hoop=369MPa
  [  26] viol   f=   7.899  a=45.8 b=156.6 gap=21.2 (face=14.3mm) n=[382, 187, 157, 821, 363, 692, 320]  tape=2.326km B=8.33T unif=0.300% hoop=292MPa
  [  27] viol   f=  87.237  a=81.3 b=174.6 gap=25.6 (face=23.2mm) n=[160, 285, 81, 573, 315, 112, 123]  tape=1.546km B=3.45T unif=0.288% hoop=293MPa
  [  28] INFEAS f=20955.047  a=22.1 b=166.1 gap=27.7 (face=27.5mm) n=[210, 257, 606, 867, 97, 188, 422]  no evaluation (geometry pre-check)
  [  29] INFEAS f=5457.851  a=30.3 b=178.7 gap=26.7 (face=25.4mm) n=[490, 191, 124, 698, 290, 898, 263]  no evaluation (geometry pre-check)
  [  30] INFEAS f=16384.731  a=23.2 b=202.6 gap=21.5 (face=15.1mm) n=[88, 125, 616, 852, 219, 493, 323]  no evaluation (geometry pre-check)
  [  31] viol   f=   9.185  a=62.6 b=139.5 gap=24.4 (face=20.8mm) n=[152, 502, 170, 863, 291, 895, 426]  tape=2.509km B=8.17T unif=0.322% hoop=348MPa
  [  32] viol   f=  33.965  a=53.5 b=187.2 gap=21.6 (face=15.2mm) n=[197, 234, 326, 421, 105, 878, 338]  tape=2.394km B=6.03T unif=0.100% hoop=340MPa
  [  33] INFEAS f=32360.233  a=16.9 b=149.0 gap=26.5 (face=25.0mm) n=[182, 227, 298, 818, 520, 751, 281]  no evaluation (geometry pre-check)
  [  34] viol   f=  44.026  a=49.4 b=166.6 gap=30.6 (face=33.3mm) n=[259, 89, 252, 580, 88, 825, 229]  tape=1.974km B=5.41T unif=0.175% hoop=223MPa
  [  35] viol   f=  41.189  a=50.8 b=150.2 gap=32.6 (face=37.3mm) n=[144, 197, 52, 838, 273, 678, 180]  tape=1.846km B=5.56T unif=0.239% hoop=212MPa
  [  36] viol   f=  13.829  a=57.0 b=122.3 gap=24.7 (face=21.4mm) n=[122, 561, 128, 616, 376, 763, 261]  tape=1.902km B=7.56T unif=0.437% hoop=304MPa
  [  37] viol   f=  41.609  a=65.6 b=156.1 gap=21.3 (face=14.7mm) n=[270, 80, 425, 199, 227, 861, 355]  tape=2.074km B=5.55T unif=0.270% hoop=348MPa
  [  38] viol   f=  30.358  a=48.9 b=161.6 gap=33.0 (face=38.1mm) n=[298, 486, 162, 747, 111, 529, 294]  tape=2.150km B=6.24T unif=0.213% hoop=240MPa
  [  39] viol   f=  51.691  a=61.5 b=152.2 gap=29.9 (face=31.7mm) n=[149, 84, 78, 812, 156, 778, 64]  tape=1.682km B=5.00T unif=0.218% hoop=181MPa
  [  40] viol   f=  13.088  a=52.3 b=171.0 gap=21.0 (face=13.9mm) n=[293, 286, 62, 899, 530, 628, 193]  tape=2.536km B=7.70T unif=0.105% hoop=375MPa
  [  41] viol   f=  11.507  a=40.8 b=173.8 gap=23.9 (face=19.8mm) n=[50, 379, 209, 684, 339, 650, 447]  tape=2.291km B=7.85T unif=0.185% hoop=231MPa
  [  42] viol   f=   4.470  a=48.9 b=135.5 gap=24.1 (face=20.2mm) n=[204, 531, 324, 897, 113, 824, 379]  tape=2.344km B=8.97T unif=0.258% hoop=304MPa
  [  43] viol   f=   4.438  a=37.9 b=173.9 gap=23.4 (face=18.8mm) n=[447, 172, 508, 708, 139, 861, 293]  tape=2.648km B=9.05T unif=0.186% hoop=268MPa
  [  44] viol   f=  12.271  a=60.6 b=134.8 gap=25.2 (face=22.4mm) n=[430, 646, 350, 899, 264, 327, 181]  tape=2.343km B=7.77T unif=0.395% hoop=377MPa
  [  45] viol   f=  33.178  a=67.8 b=154.0 gap=32.2 (face=36.4mm) n=[110, 455, 269, 865, 83, 864, 151]  tape=2.299km B=6.07T unif=0.242% hoop=274MPa
  [  46] viol   f=   3.297  a=39.1 b=141.4 gap=19.9 (face=11.8mm) n=[272, 630, 184, 627, 168, 855, 216]  tape=2.127km B=9.24T unif=0.177% hoop=256MPa
  [  47] viol   f=  11.247  a=44.4 b=149.7 gap=17.3 (face=6.5mm) n=[344, 322, 119, 764, 325, 463, 209]  tape=1.962km B=7.85T unif=0.102% hoop=353MPa
  [  48] viol   f=  42.865  a=49.8 b=182.0 gap=36.0 (face=44.0mm) n=[219, 69, 172, 669, 307, 704, 374]  tape=2.237km B=5.49T unif=0.201% hoop=236MPa
  [  49] OK     f=   2.594  a=56.3 b=146.2 gap=18.3 (face=8.6mm) n=[736, 740, 118, 361, 496, 572, 428]  tape=2.594km B=10.36T unif=0.417% hoop=394MPa
  [  50] viol   f=  15.847  a=40.6 b=158.6 gap=40.4 (face=52.9mm) n=[210, 744, 109, 883, 753, 607, 286]  tape=2.793km B=7.45T unif=0.322% hoop=212MPa
  [  51] OK     f=   2.452  a=44.6 b=134.4 gap=19.9 (face=11.9mm) n=[323, 377, 305, 820, 225, 898, 527]  tape=2.452km B=10.21T unif=0.279% hoop=379MPa
  [  52] viol   f=   4.120  a=36.4 b=135.4 gap=22.9 (face=17.7mm) n=[576, 484, 88, 800, 97, 562, 71]  tape=1.814km B=8.93T unif=0.269% hoop=221MPa
  [  53] viol   f=   2.442  a=43.7 b=148.3 gap=19.0 (face=9.9mm) n=[325, 589, 137, 813, 368, 500, 469]  tape=2.422km B=9.90T unif=0.161% hoop=329MPa
  [  54] INFEAS f=201568.597  a=-5.0 b=140.7 gap=24.4 (face=20.7mm) n=[419, 648, 439, 893, 590, 900, 314]  no evaluation (geometry pre-check)
  [  55] viol   f=  33.772  a=59.1 b=176.0 gap=22.6 (face=17.1mm) n=[416, 414, 157, 868, 54, 314, 552]  tape=2.535km B=6.05T unif=0.175% hoop=400MPa
  [  56] INFEAS f=5174.794  a=28.4 b=143.4 gap=32.6 (face=37.3mm) n=[755, 807, 67, 842, 111, 394, 563]  no evaluation (geometry pre-check)
  [  57] viol   f=   4.447  a=57.6 b=158.4 gap=23.5 (face=19.1mm) n=[578, 592, 227, 899, 879, 418, 189]  tape=3.099km B=9.18T unif=0.199% hoop=400MPa
  [  58] viol   f=  61.835  a=77.0 b=163.6 gap=30.5 (face=33.0mm) n=[302, 224, 145, 274, 436, 891, 58]  tape=2.135km B=4.54T unif=0.250% hoop=358MPa
  [  59] viol   f=  16.836  a=45.1 b=127.7 gap=22.3 (face=16.7mm) n=[199, 805, 133, 422, 211, 381, 208]  tape=1.632km B=7.24T unif=0.429% hoop=260MPa
  [  60] INFEAS f=30666.534  a=17.3 b=123.4 gap=17.9 (face=7.9mm) n=[816, 190, 160, 761, 147, 507, 316]  no evaluation (geometry pre-check)
  [  61] OK     f=   3.060  a=47.8 b=146.7 gap=16.2 (face=4.4mm) n=[528, 743, 282, 899, 596, 872, 197]  tape=3.060km B=12.64T unif=0.194% hoop=400MPa
  [  62] INFEAS f=2269.455  a=25.3 b=88.3 gap=25.4 (face=22.9mm) n=[417, 508, 115, 685, 669, 156, 643]  no evaluation (geometry pre-check)
  [  63] INFEAS f=1419.578  a=32.1 b=142.0 gap=28.7 (face=29.5mm) n=[548, 146, 211, 811, 181, 828, 336]  no evaluation (geometry pre-check)
  [  64] viol   f=  14.906  a=57.1 b=175.0 gap=18.9 (face=9.7mm) n=[375, 440, 53, 823, 151, 554, 468]  tape=2.566km B=7.52T unif=0.193% hoop=387MPa
  [  65] INFEAS f=1035.323  a=29.1 b=146.8 gap=21.9 (face=15.8mm) n=[216, 90, 220, 710, 460, 540, 597]  no evaluation (geometry pre-check)
  [  66] OK     f=   1.962  a=32.5 b=121.3 gap=18.9 (face=9.9mm) n=[226, 524, 121, 563, 328, 672, 784]  tape=1.962km B=10.69T unif=0.315% hoop=244MPa
  [  67] OK     f=   2.939  a=53.3 b=151.8 gap=22.2 (face=16.4mm) n=[483, 804, 65, 822, 731, 429, 496]  tape=2.939km B=11.12T unif=0.241% hoop=367MPa
  [  68] OK     f=   1.989  a=36.9 b=127.0 gap=21.5 (face=15.1mm) n=[85, 716, 263, 775, 78, 660, 593]  tape=1.989km B=10.77T unif=0.336% hoop=214MPa
  [  69] INFEAS f=6866.380  a=28.5 b=158.9 gap=27.4 (face=26.7mm) n=[97, 229, 448, 873, 465, 664, 116]  no evaluation (geometry pre-check)
  [  70] INFEAS f=5899.925  a=29.7 b=145.8 gap=21.0 (face=14.1mm) n=[448, 453, 130, 890, 128, 890, 50]  no evaluation (geometry pre-check)
  [  71] OK     f=   2.108  a=43.7 b=96.4 gap=20.4 (face=12.9mm) n=[485, 581, 70, 505, 598, 752, 899]  tape=2.108km B=12.02T unif=0.551% hoop=358MPa
  [  72] INFEAS f=61341.267  a=10.6 b=81.9 gap=19.9 (face=11.9mm) n=[379, 380, 254, 561, 292, 824, 450]  no evaluation (geometry pre-check)
  [  73] INFEAS f=1000.445  a=29.1 b=90.3 gap=17.0 (face=5.9mm) n=[608, 699, 288, 249, 622, 254, 648]  no evaluation (geometry pre-check)
  [  74] INFEAS f=4575.185  a=31.0 b=110.1 gap=25.3 (face=22.5mm) n=[314, 538, 220, 605, 105, 542, 898]  no evaluation (geometry pre-check)
  [  75] viol   f=   6.408  a=56.3 b=153.9 gap=16.1 (face=4.3mm) n=[99, 671, 66, 194, 323, 893, 892]  tape=2.477km B=8.60T unif=0.173% hoop=311MPa
  [  76] OK     f=   2.424  a=46.1 b=118.4 gap=27.6 (face=27.2mm) n=[226, 878, 191, 550, 684, 560, 744]  tape=2.424km B=10.65T unif=0.507% hoop=316MPa
  [  77] INFEAS f=59165.808  a=12.0 b=127.7 gap=15.5 (face=3.0mm) n=[850, 607, 231, 698, 508, 377, 235]  no evaluation (geometry pre-check)
  [  78] INFEAS f=48591.809  a=15.9 b=133.5 gap=21.8 (face=15.6mm) n=[474, 670, 117, 377, 370, 779, 897]  no evaluation (geometry pre-check)
  [  79] OK     f=   2.471  a=44.0 b=123.7 gap=19.1 (face=10.2mm) n=[425, 657, 279, 892, 547, 481, 429]  tape=2.471km B=11.68T unif=0.292% hoop=371MPa
  [  80] INFEAS f=2307.772  a=32.7 b=134.5 gap=21.7 (face=15.4mm) n=[373, 358, 388, 580, 84, 294, 884]  no evaluation (geometry pre-check)
  [  81] OK     f=   2.753  a=41.6 b=120.8 gap=16.8 (face=5.6mm) n=[812, 796, 199, 480, 454, 893, 827]  tape=2.753km B=15.98T unif=0.320% hoop=394MPa
  [  82] viol   f=   2.691  a=70.6 b=104.9 gap=15.6 (face=3.2mm) n=[312, 771, 233, 802, 817, 543, 488]  tape=2.457km B=10.15T unif=1.034% hoop=400MPa
  [  83] INFEAS f=1329.689  a=34.2 b=103.6 gap=18.9 (face=9.9mm) n=[377, 869, 277, 713, 361, 878, 744]  no evaluation (geometry pre-check)
  [  84] OK     f=   2.965  a=60.9 b=115.7 gap=22.0 (face=16.1mm) n=[548, 893, 189, 630, 775, 790, 818]  tape=2.965km B=12.05T unif=0.547% hoop=400MPa
  [  85] INFEAS f=1055.587  a=35.4 b=113.1 gap=16.3 (face=4.5mm) n=[245, 882, 452, 232, 564, 550, 365]  no evaluation (geometry pre-check)
  [  86] viol   f=  11.048  a=61.2 b=133.5 gap=17.1 (face=6.3mm) n=[233, 717, 364, 483, 474, 483, 566]  tape=2.394km B=7.92T unif=0.491% hoop=400MPa
  [  87] INFEAS f=19133.146  a=23.8 b=96.8 gap=38.2 (face=48.5mm) n=[141, 457, 329, 848, 896, 893, 862]  no evaluation (geometry pre-check)
  [  88] OK     f=   2.346  a=46.0 b=124.1 gap=16.4 (face=4.8mm) n=[387, 859, 119, 50, 669, 869, 729]  tape=2.346km B=12.33T unif=0.185% hoop=314MPa
  [  89] INFEAS f=3872.412  a=26.0 b=107.4 gap=27.0 (face=25.9mm) n=[374, 504, 116, 599, 750, 364, 265]  no evaluation (geometry pre-check)
  [  90] viol   f=  16.215  a=74.1 b=124.1 gap=18.0 (face=7.9mm) n=[201, 257, 51, 682, 615, 569, 668]  tape=2.108km B=7.34T unif=0.651% hoop=400MPa
  [  91] OK     f=   2.531  a=64.0 b=118.9 gap=16.1 (face=4.2mm) n=[119, 900, 673, 66, 833, 513, 703]  tape=2.531km B=10.45T unif=0.698% hoop=400MPa
  [  92] viol   f=   1.998  a=60.6 b=95.5 gap=16.5 (face=5.0mm) n=[122, 382, 422, 676, 476, 771, 690]  tape=1.991km B=9.94T unif=0.925% hoop=400MPa
  [  93] viol   f=   2.272  a=50.4 b=130.6 gap=15.6 (face=3.2mm) n=[165, 593, 59, 182, 623, 855, 822]  tape=2.247km B=9.89T unif=0.331% hoop=323MPa
  [  94] viol   f=   3.105  a=68.7 b=96.6 gap=15.5 (face=3.0mm) n=[102, 566, 258, 270, 535, 890, 889]  tape=2.092km B=9.29T unif=0.859% hoop=400MPa
  [  95] viol   f=   8.637  a=65.5 b=158.1 gap=15.5 (face=3.1mm) n=[294, 897, 476, 172, 346, 891, 406]  tape=2.934km B=8.31T unif=0.351% hoop=400MPa
  [  96] OK     f=   2.081  a=46.0 b=115.8 gap=15.5 (face=3.0mm) n=[613, 780, 124, 130, 802, 436, 525]  tape=2.081km B=12.07T unif=0.489% hoop=353MPa
  [  97] viol   f=   4.748  a=71.9 b=134.5 gap=15.9 (face=3.8mm) n=[485, 825, 374, 743, 627, 550, 756]  tape=3.232km B=9.13T unif=0.570% hoop=400MPa
  [  98] INFEAS f=3072.580  a=32.0 b=75.5 gap=18.4 (face=8.9mm) n=[525, 757, 124, 233, 583, 889, 787]  no evaluation (geometry pre-check)
  [  99] OK     f=   1.816  a=51.2 b=99.5 gap=15.6 (face=3.2mm) n=[162, 771, 102, 111, 892, 630, 521]  tape=1.816km B=10.43T unif=0.755% hoop=304MPa
  [ 100] viol   f=  35.532  a=105.1 b=121.8 gap=20.5 (face=12.9mm) n=[714, 550, 583, 125, 490, 770, 655]  tape=2.959km B=5.96T unif=0.837% hoop=400MPa
  [ 101] INFEAS f=16944.809  a=24.1 b=143.8 gap=29.4 (face=30.8mm) n=[179, 883, 63, 683, 674, 247, 436]  no evaluation (geometry pre-check)
  [ 102] INFEAS f=1005.582  a=65.1 b=69.7 gap=17.6 (face=7.3mm) n=[219, 651, 356, 169, 740, 370, 596]  no evaluation (geometry pre-check)
  [ 103] viol   f=  11.972  a=73.7 b=132.5 gap=20.1 (face=12.1mm) n=[514, 672, 144, 217, 771, 525, 896]  tape=2.820km B=7.86T unif=0.509% hoop=400MPa
  [ 104] OK     f=   2.522  a=39.2 b=133.7 gap=15.8 (face=3.6mm) n=[277, 758, 302, 193, 898, 731, 538]  tape=2.522km B=12.47T unif=0.373% hoop=328MPa
  [ 105] INFEAS f=15179.012  a=20.7 b=99.4 gap=15.8 (face=3.5mm) n=[433, 771, 82, 238, 773, 289, 774]  no evaluation (geometry pre-check)
  [ 106] viol   f=  10.330  a=66.8 b=132.4 gap=31.8 (face=35.6mm) n=[488, 443, 538, 64, 617, 791, 702]  tape=2.639km B=8.04T unif=0.344% hoop=400MPa
  [ 107] OK     f=   2.178  a=40.5 b=118.4 gap=15.5 (face=3.1mm) n=[158, 743, 374, 701, 430, 673, 538]  tape=2.178km B=13.47T unif=0.269% hoop=321MPa
  [ 108] viol   f=  27.007  a=85.7 b=135.0 gap=15.6 (face=3.2mm) n=[172, 645, 489, 435, 822, 727, 262]  tape=2.795km B=6.52T unif=0.634% hoop=400MPa
  [ 109] OK     f=   1.995  a=38.7 b=122.3 gap=15.5 (face=3.0mm) n=[611, 159, 376, 375, 656, 340, 709]  tape=1.995km B=11.58T unif=0.316% hoop=365MPa
  [ 110] INFEAS f=5229.423  a=28.1 b=139.1 gap=17.6 (face=7.2mm) n=[488, 495, 91, 493, 805, 833, 625]  no evaluation (geometry pre-check)
  [ 111] viol   f=   4.314  a=53.3 b=101.9 gap=19.5 (face=10.9mm) n=[171, 288, 601, 100, 591, 481, 858]  tape=1.836km B=8.89T unif=0.625% hoop=334MPa
  [ 112] viol   f=  17.048  a=89.2 b=133.0 gap=20.3 (face=12.6mm) n=[154, 876, 134, 591, 776, 811, 737]  tape=3.145km B=7.36T unif=0.632% hoop=400MPa
  [ 113] viol   f=  31.006  a=93.5 b=120.0 gap=15.8 (face=3.7mm) n=[185, 437, 664, 409, 675, 144, 694]  tape=2.327km B=6.21T unif=0.883% hoop=400MPa
  [ 114] INFEAS f=12468.481  a=18.0 b=89.2 gap=15.6 (face=3.1mm) n=[306, 277, 336, 127, 671, 595, 498]  no evaluation (geometry pre-check)
  [ 115] viol   f=   6.301  a=59.2 b=128.9 gap=17.3 (face=6.7mm) n=[553, 514, 107, 327, 469, 796, 634]  tape=2.392km B=8.60T unif=0.467% hoop=400MPa
  [ 116] INFEAS f=121181.013  a=3.5 b=102.0 gap=17.4 (face=6.9mm) n=[177, 855, 132, 593, 458, 727, 890]  no evaluation (geometry pre-check)
  [ 117] INFEAS f=1430.889  a=24.9 b=165.8 gap=15.8 (face=3.5mm) n=[617, 101, 89, 205, 546, 564, 636]  no evaluation (geometry pre-check)
  [ 118] OK     f=   3.147  a=55.9 b=139.4 gap=17.4 (face=6.9mm) n=[385, 701, 797, 899, 630, 160, 736]  tape=3.147km B=11.87T unif=0.377% hoop=400MPa
  [ 119] INFEAS f=4960.010  a=30.0 b=140.1 gap=15.6 (face=3.2mm) n=[435, 880, 682, 687, 478, 414, 436]  no evaluation (geometry pre-check)
  [ 120] OK     f=   1.923  a=51.1 b=91.8 gap=17.6 (face=7.1mm) n=[228, 629, 55, 312, 900, 826, 647]  tape=1.923km B=11.51T unif=0.740% hoop=335MPa
  [ 121] OK     f=   2.476  a=40.4 b=121.1 gap=18.6 (face=9.2mm) n=[823, 791, 229, 347, 734, 447, 647]  tape=2.476km B=15.37T unif=0.660% hoop=318MPa
  [ 122] OK     f=   1.880  a=46.9 b=77.0 gap=21.2 (face=14.4mm) n=[588, 678, 248, 181, 898, 760, 677]  tape=1.880km B=13.38T unif=0.790% hoop=347MPa
  [ 123] OK     f=   2.142  a=48.5 b=104.8 gap=26.8 (face=25.7mm) n=[70, 897, 505, 250, 308, 887, 831]  tape=2.142km B=10.26T unif=0.571% hoop=272MPa
  [ 124] viol   f=  20.775  a=70.7 b=138.4 gap=18.3 (face=8.6mm) n=[212, 153, 70, 357, 629, 659, 716]  tape=2.108km B=6.94T unif=0.451% hoop=400MPa
  [ 125] viol   f=   4.207  a=41.6 b=100.5 gap=23.9 (face=19.8mm) n=[235, 109, 159, 230, 878, 813, 819]  tape=1.754km B=8.89T unif=0.645% hoop=208MPa
  [ 126] INFEAS f=33001.523  a=16.6 b=132.0 gap=15.5 (face=3.1mm) n=[333, 815, 161, 308, 601, 491, 758]  no evaluation (geometry pre-check)
  [ 127] INFEAS f=1013.060  a=49.7 b=54.1 gap=17.2 (face=6.4mm) n=[545, 187, 602, 268, 536, 834, 900]  no evaluation (geometry pre-check)
  [ 128] INFEAS f=2515.201  a=28.1 b=131.3 gap=16.8 (face=5.7mm) n=[459, 585, 391, 535, 767, 671, 763]  no evaluation (geometry pre-check)
  [ 129] viol   f=   2.528  a=41.8 b=147.6 gap=19.3 (face=10.7mm) n=[114, 65, 745, 145, 897, 370, 847]  tape=2.325km B=9.68T unif=0.346% hoop=234MPa
  [ 130] viol   f=   2.245  a=56.6 b=112.9 gap=16.0 (face=4.0mm) n=[241, 421, 243, 544, 593, 644, 777]  tape=2.184km B=9.83T unif=0.613% hoop=400MPa
  [ 131] OK     f=   1.997  a=42.2 b=87.7 gap=28.2 (face=28.4mm) n=[624, 671, 197, 439, 730, 850, 515]  tape=1.997km B=11.96T unif=0.574% hoop=292MPa
  [ 132] viol   f=  14.885  a=63.7 b=128.8 gap=25.8 (face=23.6mm) n=[358, 290, 227, 124, 602, 895, 715]  tape=2.338km B=7.50T unif=0.375% hoop=357MPa
  [ 133] OK     f=   2.512  a=40.8 b=104.5 gap=17.6 (face=7.3mm) n=[399, 809, 82, 805, 885, 878, 872]  tape=2.512km B=17.18T unif=0.557% hoop=333MPa
  [ 134] OK     f=   2.570  a=37.2 b=95.7 gap=24.0 (face=20.0mm) n=[546, 900, 735, 636, 780, 626, 891]  tape=2.570km B=17.15T unif=0.920% hoop=331MPa
  [ 135] INFEAS f=1214.026  a=34.0 b=92.3 gap=18.0 (face=8.1mm) n=[430, 863, 430, 693, 748, 693, 613]  no evaluation (geometry pre-check)
  [ 136] viol   f=   7.509  a=69.8 b=139.7 gap=18.0 (face=8.1mm) n=[375, 795, 380, 295, 900, 445, 720]  tape=3.040km B=8.51T unif=0.461% hoop=400MPa
  [ 137] viol   f=   2.491  a=40.7 b=142.3 gap=19.0 (face=10.0mm) n=[292, 260, 323, 677, 258, 858, 606]  tape=2.385km B=9.77T unif=0.213% hoop=333MPa
  [ 138] OK     f=   2.283  a=35.3 b=113.9 gap=21.7 (face=15.4mm) n=[287, 535, 337, 657, 603, 733, 798]  tape=2.283km B=12.53T unif=0.386% hoop=283MPa
  [ 139] OK     f=   2.249  a=37.4 b=108.9 gap=25.3 (face=22.5mm) n=[389, 759, 352, 333, 377, 896, 770]  tape=2.249km B=11.52T unif=0.455% hoop=335MPa
  [ 140] viol   f=   3.028  a=55.6 b=118.0 gap=29.3 (face=30.7mm) n=[454, 139, 268, 591, 676, 884, 875]  tape=2.513km B=9.49T unif=0.373% hoop=345MPa
  [ 141] INFEAS f=35495.097  a=18.8 b=82.0 gap=40.4 (face=52.8mm) n=[177, 892, 84, 357, 492, 880, 422]  no evaluation (geometry pre-check)
  [ 142] INFEAS f=7758.670  a=69.9 b=61.9 gap=34.9 (face=41.7mm) n=[808, 837, 672, 608, 407, 697, 765]  no evaluation (geometry pre-check)
  [ 143] viol   f=   9.238  a=79.1 b=121.7 gap=27.9 (face=27.8mm) n=[546, 413, 899, 571, 274, 602, 864]  tape=3.009km B=8.24T unif=0.553% hoop=400MPa
  [ 144] INFEAS f=3390.400  a=32.1 b=107.2 gap=29.9 (face=31.8mm) n=[495, 647, 155, 473, 413, 764, 899]  no evaluation (geometry pre-check)
  [ 145] INFEAS f=12676.216  a=26.0 b=103.0 gap=19.5 (face=11.0mm) n=[556, 539, 714, 150, 575, 886, 686]  no evaluation (geometry pre-check)
  [ 146] OK     f=   1.805  a=47.4 b=81.8 gap=23.3 (face=18.6mm) n=[370, 523, 265, 657, 353, 854, 600]  tape=1.805km B=11.00T unif=0.637% hoop=338MPa
  [ 147] INFEAS f=7522.782  a=28.2 b=117.1 gap=21.7 (face=15.4mm) n=[642, 352, 324, 444, 871, 876, 775]  no evaluation (geometry pre-check)
  [ 148] INFEAS f=6935.625  a=23.6 b=80.1 gap=21.1 (face=14.2mm) n=[289, 684, 78, 745, 419, 583, 575]  no evaluation (geometry pre-check)
  [ 149] INFEAS f=30979.135  a=20.2 b=95.0 gap=22.7 (face=17.4mm) n=[475, 438, 463, 486, 276, 705, 898]  no evaluation (geometry pre-check)
  [ 150] INFEAS f=32726.910  a=85.3 b=62.2 gap=35.1 (face=42.2mm) n=[256, 718, 125, 447, 554, 793, 874]  no evaluation (geometry pre-check)
  [ 151] OK     f=   2.544  a=40.5 b=106.8 gap=36.9 (face=45.8mm) n=[247, 536, 899, 826, 702, 700, 588]  tape=2.544km B=10.47T unif=0.472% hoop=272MPa
  [ 152] viol   f=   2.542  a=55.9 b=77.3 gap=22.3 (face=16.6mm) n=[303, 265, 630, 195, 413, 759, 459]  tape=1.496km B=9.28T unif=0.883% hoop=331MPa
  [ 153] OK     f=   2.477  a=57.8 b=99.7 gap=20.3 (face=12.5mm) n=[822, 724, 500, 540, 68, 867, 879]  tape=2.477km B=12.55T unif=0.815% hoop=400MPa
  [ 154] INFEAS f=12122.689  a=21.4 b=96.3 gap=21.1 (face=14.1mm) n=[133, 648, 336, 373, 74, 757, 674]  no evaluation (geometry pre-check)
  [ 155] OK     f=   1.575  a=42.0 b=66.4 gap=17.4 (face=6.7mm) n=[398, 535, 314, 402, 593, 878, 523]  tape=1.575km B=12.95T unif=0.955% hoop=379MPa
  [ 156] viol   f=   7.847  a=58.5 b=70.0 gap=38.2 (face=48.5mm) n=[78, 610, 164, 566, 629, 621, 787]  tape=1.568km B=8.23T unif=0.727% hoop=359MPa
  [ 157] INFEAS f=6195.296  a=54.1 b=47.7 gap=30.2 (face=32.4mm) n=[710, 182, 223, 789, 454, 899, 526]  no evaluation (geometry pre-check)
  [ 158] OK     f=   1.882  a=49.5 b=57.2 gap=20.7 (face=13.3mm) n=[730, 689, 485, 740, 889, 799, 627]  tape=1.882km B=18.33T unif=0.719% hoop=400MPa
  [ 159] viol   f=   2.750  a=71.2 b=96.3 gap=21.0 (face=14.1mm) n=[182, 786, 657, 602, 622, 897, 683]  tape=2.630km B=9.75T unif=0.950% hoop=400MPa
  [ 160] OK     f=   1.886  a=43.1 b=89.5 gap=26.0 (face=24.1mm) n=[778, 373, 336, 761, 195, 590, 795]  tape=1.886km B=11.94T unif=0.565% hoop=294MPa
  [ 161] INFEAS f=71010.732  a=11.4 b=108.6 gap=17.2 (face=6.4mm) n=[894, 682, 428, 538, 415, 578, 715]  no evaluation (geometry pre-check)
  [ 162] viol   f=   2.015  a=42.7 b=68.4 gap=17.8 (face=7.6mm) n=[661, 584, 162, 700, 627, 881, 705]  tape=1.802km B=16.10T unif=1.033% hoop=365MPa
  [ 163] INFEAS f=36770.620  a=30.7 b=6.6 gap=20.4 (face=12.8mm) n=[655, 545, 210, 713, 586, 851, 712]  no evaluation (geometry pre-check)
  [ 164] viol   f=  48.876  a=44.2 b=56.1 gap=29.2 (face=30.4mm) n=[512, 527, 387, 898, 764, 899, 682]  tape=1.717km B=13.79T unif=1.486% hoop=341MPa
  [ 165] OK     f=   2.407  a=41.1 b=113.6 gap=32.2 (face=36.5mm) n=[803, 601, 443, 578, 68, 652, 889]  tape=2.407km B=10.64T unif=0.355% hoop=278MPa
  [ 166] INFEAS f=12029.879  a=26.7 b=42.6 gap=23.3 (face=18.6mm) n=[221, 808, 615, 774, 469, 401, 899]  no evaluation (geometry pre-check)
  [ 167] OK     f=   2.054  a=45.3 b=80.2 gap=24.5 (face=20.9mm) n=[622, 595, 108, 897, 647, 839, 696]  tape=2.054km B=13.94T unif=0.672% hoop=340MPa
  [ 168] OK     f=   1.678  a=36.7 b=64.3 gap=21.1 (face=14.3mm) n=[468, 831, 530, 349, 405, 890, 860]  tape=1.678km B=15.76T unif=0.592% hoop=325MPa
  [ 169] viol   f= 110.333  a=64.2 b=72.2 gap=23.4 (face=18.8mm) n=[864, 854, 92, 740, 326, 811, 439]  tape=1.932km B=13.99T unif=1.736% hoop=400MPa
  [ 170] INFEAS f=18335.941  a=65.0 b=49.1 gap=16.7 (face=5.3mm) n=[889, 809, 540, 815, 697, 808, 476]  no evaluation (geometry pre-check)
  [ 171] OK     f=   1.885  a=43.9 b=90.8 gap=25.0 (face=22.0mm) n=[815, 362, 474, 416, 131, 736, 800]  tape=1.885km B=11.51T unif=0.624% hoop=297MPa
  [ 172] viol   f=   7.236  a=64.0 b=70.3 gap=19.8 (face=11.5mm) n=[192, 573, 75, 371, 580, 723, 542]  tape=1.435km B=9.95T unif=1.170% hoop=372MPa
  [ 173] INFEAS f=1185.679  a=30.9 b=35.0 gap=22.4 (face=16.7mm) n=[566, 776, 182, 549, 525, 584, 625]  no evaluation (geometry pre-check)
  [ 174] OK     f=   2.056  a=51.0 b=75.5 gap=21.3 (face=14.6mm) n=[535, 873, 109, 891, 577, 832, 737]  tape=2.056km B=15.83T unif=0.915% hoop=379MPa
  [ 175] INFEAS f=5896.307  a=44.7 b=38.6 gap=27.9 (face=27.7mm) n=[532, 899, 219, 596, 463, 459, 770]  no evaluation (geometry pre-check)
  [ 176] OK     f=   2.019  a=38.9 b=71.1 gap=26.6 (face=25.2mm) n=[677, 847, 413, 748, 524, 831, 896]  tape=2.019km B=15.87T unif=0.882% hoop=305MPa
  [ 177] INFEAS f=3171.471  a=56.2 b=53.8 gap=19.7 (face=11.4mm) n=[537, 524, 66, 100, 868, 722, 87]  no evaluation (geometry pre-check)
  [ 178] OK     f=   1.804  a=40.6 b=73.8 gap=22.6 (face=17.1mm) n=[526, 796, 254, 502, 689, 799, 758]  tape=1.804km B=15.09T unif=0.768% hoop=301MPa
  [ 179] INFEAS f=10281.865  a=27.6 b=79.9 gap=22.8 (face=17.7mm) n=[678, 900, 98, 616, 320, 785, 823]  no evaluation (geometry pre-check)
  [ 180] INFEAS f=16606.653  a=47.6 b=32.8 gap=15.6 (face=3.3mm) n=[299, 711, 719, 325, 644, 857, 512]  no evaluation (geometry pre-check)
  [ 181] OK     f=   2.113  a=40.4 b=91.5 gap=15.6 (face=3.2mm) n=[585, 853, 171, 418, 820, 755, 656]  tape=2.113km B=16.43T unif=0.687% hoop=373MPa
  [ 182] OK     f=   2.284  a=62.7 b=101.0 gap=22.8 (face=17.5mm) n=[785, 646, 141, 845, 65, 835, 661]  tape=2.284km B=11.62T unif=0.809% hoop=400MPa
  [ 183] INFEAS f=1102.429  a=48.8 b=52.2 gap=36.2 (face=44.4mm) n=[900, 761, 434, 616, 643, 805, 680]  no evaluation (geometry pre-check)
  [ 184] OK     f=   1.552  a=41.9 b=60.4 gap=24.6 (face=21.2mm) n=[698, 627, 205, 301, 566, 890, 642]  tape=1.552km B=12.94T unif=0.618% hoop=277MPa
  [ 185] OK     f=   2.328  a=39.0 b=98.0 gap=26.8 (face=25.6mm) n=[618, 765, 509, 522, 632, 783, 768]  tape=2.328km B=14.14T unif=0.623% hoop=311MPa
  [ 186] OK     f=   2.204  a=60.9 b=76.3 gap=21.3 (face=14.7mm) n=[492, 652, 417, 600, 589, 897, 780]  tape=2.204km B=11.51T unif=0.848% hoop=400MPa
  [ 187] OK     f=   2.204  a=57.2 b=91.8 gap=26.7 (face=25.5mm) n=[485, 610, 403, 828, 427, 789, 490]  tape=2.204km B=11.15T unif=0.597% hoop=400MPa
  [ 188] INFEAS f=1307.266  a=32.4 b=78.6 gap=27.3 (face=26.6mm) n=[621, 617, 271, 248, 98, 829, 807]  no evaluation (geometry pre-check)
  [ 189] INFEAS f=4872.157  a=28.7 b=83.3 gap=20.3 (face=12.5mm) n=[842, 775, 90, 419, 503, 750, 655]  no evaluation (geometry pre-check)
  [ 190] INFEAS f=2025.799  a=33.7 b=91.9 gap=24.4 (face=20.7mm) n=[900, 787, 738, 558, 549, 835, 760]  no evaluation (geometry pre-check)
  [ 191] viol   f=   3.637  a=54.8 b=95.9 gap=25.4 (face=22.8mm) n=[389, 456, 367, 410, 345, 881, 881]  tape=2.122km B=9.13T unif=0.463% hoop=400MPa
  [ 192] INFEAS f=1285.196  a=63.1 b=65.5 gap=15.7 (face=3.4mm) n=[813, 887, 315, 586, 870, 455, 734]  no evaluation (geometry pre-check)
  [ 193] INFEAS f=1858.037  a=45.3 b=45.6 gap=20.0 (face=11.9mm) n=[748, 774, 278, 631, 580, 679, 852]  no evaluation (geometry pre-check)
  [ 194] viol   f= 129.818  a=39.9 b=78.6 gap=19.5 (face=11.0mm) n=[900, 845, 310, 511, 239, 569, 840]  tape=1.903km B=16.99T unif=1.800% hoop=320MPa
  [ 195] INFEAS f=2921.202  a=32.1 b=77.9 gap=23.9 (face=19.8mm) n=[768, 611, 293, 577, 686, 886, 848]  no evaluation (geometry pre-check)
  [ 196] OK     f=   1.804  a=38.4 b=76.8 gap=21.4 (face=14.7mm) n=[346, 512, 226, 710, 571, 882, 785]  tape=1.804km B=13.36T unif=0.662% hoop=305MPa
  [ 197] OK     f=   2.397  a=52.5 b=105.4 gap=16.8 (face=5.5mm) n=[496, 564, 271, 678, 663, 769, 755]  tape=2.397km B=12.64T unif=0.678% hoop=400MPa
  [ 198] viol   f=   3.980  a=61.1 b=76.1 gap=19.8 (face=11.6mm) n=[666, 881, 405, 396, 557, 900, 868]  tape=2.260km B=13.51T unif=1.093% hoop=400MPa
  [ 199] OK     f=   2.066  a=42.0 b=83.2 gap=26.2 (face=24.3mm) n=[739, 725, 224, 761, 613, 784, 788]  tape=2.066km B=14.87T unif=0.705% hoop=275MPa
  [ 200] INFEAS f=8182.956  a=28.4 b=72.8 gap=19.0 (face=10.0mm) n=[758, 414, 93, 702, 783, 891, 892]  no evaluation (geometry pre-check)
  [ 201] INFEAS f=15943.146  a=24.9 b=106.0 gap=22.2 (face=16.4mm) n=[448, 557, 89, 865, 321, 893, 803]  no evaluation (geometry pre-check)
  [ 202] OK     f=   2.528  a=63.8 b=105.1 gap=22.2 (face=16.4mm) n=[482, 557, 147, 737, 521, 885, 776]  tape=2.528km B=10.16T unif=0.655% hoop=400MPa
  [ 203] INFEAS f=2618.725  a=32.9 b=82.6 gap=25.0 (face=22.1mm) n=[729, 548, 359, 900, 595, 843, 852]  no evaluation (geometry pre-check)
  [ 204] INFEAS f=3242.270  a=31.2 b=93.1 gap=26.1 (face=24.1mm) n=[375, 623, 95, 828, 564, 873, 821]  no evaluation (geometry pre-check)
  [ 205] OK     f=   2.638  a=56.0 b=109.5 gap=21.0 (face=13.9mm) n=[367, 467, 418, 797, 486, 890, 876]  tape=2.638km B=10.79T unif=0.509% hoop=400MPa
  [ 206] OK     f=   1.855  a=42.5 b=78.3 gap=18.7 (face=9.3mm) n=[631, 464, 130, 509, 610, 881, 793]  tape=1.855km B=13.66T unif=0.776% hoop=347MPa
  [ 207] OK     f=   2.161  a=43.0 b=99.0 gap=17.1 (face=6.3mm) n=[400, 350, 405, 580, 505, 703, 899]  tape=2.161km B=12.10T unif=0.566% hoop=399MPa
  [ 208] OK     f=   2.226  a=57.1 b=86.2 gap=19.5 (face=10.9mm) n=[542, 704, 143, 487, 737, 894, 754]  tape=2.226km B=12.36T unif=0.874% hoop=400MPa
  [ 209] OK     f=   1.862  a=42.5 b=86.6 gap=23.5 (face=19.0mm) n=[406, 424, 345, 599, 479, 785, 780]  tape=1.862km B=11.88T unif=0.595% hoop=380MPa
  [ 210] OK     f=   2.010  a=50.4 b=77.7 gap=25.4 (face=22.8mm) n=[392, 690, 540, 316, 620, 761, 881]  tape=2.010km B=12.73T unif=0.571% hoop=384MPa
  [ 211] OK     f=   1.973  a=53.2 b=91.6 gap=21.8 (face=15.5mm) n=[474, 331, 293, 428, 627, 800, 708]  tape=1.973km B=10.73T unif=0.667% hoop=379MPa
  [ 212] OK     f=   2.578  a=59.7 b=91.1 gap=22.1 (face=16.3mm) n=[577, 659, 442, 832, 566, 848, 876]  tape=2.578km B=12.66T unif=0.753% hoop=400MPa
  [ 213] OK     f=   2.184  a=41.7 b=92.6 gap=29.1 (face=30.2mm) n=[427, 720, 270, 817, 400, 890, 732]  tape=2.184km B=11.83T unif=0.585% hoop=277MPa
  [ 214] viol   f=   2.323  a=46.6 b=93.0 gap=25.3 (face=22.6mm) n=[476, 383, 107, 350, 689, 889, 500]  tape=1.858km B=9.52T unif=0.539% hoop=330MPa
  [ 215] OK     f=   2.106  a=43.5 b=78.8 gap=24.4 (face=20.7mm) n=[552, 704, 210, 623, 797, 889, 895]  tape=2.106km B=14.88T unif=0.561% hoop=340MPa
  [ 216] OK     f=   1.898  a=36.6 b=80.0 gap=26.0 (face=24.0mm) n=[616, 593, 421, 687, 438, 806, 733]  tape=1.898km B=13.78T unif=0.572% hoop=285MPa
  [ 217] OK     f=   1.938  a=39.4 b=82.0 gap=19.3 (face=10.5mm) n=[484, 494, 214, 498, 655, 857, 900]  tape=1.938km B=13.47T unif=0.698% hoop=399MPa
  [ 218] viol   f=   2.134  a=59.5 b=74.9 gap=18.4 (face=8.8mm) n=[426, 706, 312, 491, 719, 738, 899]  tape=2.097km B=12.69T unif=1.014% hoop=400MPa
  [ 219] OK     f=   1.983  a=46.6 b=81.7 gap=26.3 (face=24.6mm) n=[721, 411, 264, 564, 583, 833, 810]  tape=1.983km B=12.57T unif=0.579% hoop=338MPa
  [ 220] OK     f=   1.860  a=39.2 b=76.4 gap=21.0 (face=14.0mm) n=[896, 537, 272, 396, 415, 821, 864]  tape=1.860km B=14.94T unif=0.998% hoop=339MPa
  [ 221] INFEAS f=27306.757  a=21.1 b=69.1 gap=23.4 (face=18.8mm) n=[894, 719, 374, 593, 466, 632, 815]  no evaluation (geometry pre-check)
  [ 222] OK     f=   1.782  a=51.6 b=73.1 gap=25.3 (face=22.5mm) n=[616, 676, 77, 340, 614, 642, 882]  tape=1.782km B=11.90T unif=0.633% hoop=352MPa
  [ 223] OK     f=   2.264  a=40.9 b=99.8 gap=17.2 (face=6.5mm) n=[636, 466, 391, 646, 517, 832, 707]  tape=2.264km B=14.53T unif=0.551% hoop=400MPa
  [ 224] INFEAS f=17230.158  a=23.2 b=88.1 gap=25.6 (face=23.2mm) n=[842, 424, 353, 442, 304, 451, 861]  no evaluation (geometry pre-check)
  [ 225] OK     f=   2.083  a=42.2 b=88.8 gap=23.3 (face=18.6mm) n=[763, 565, 107, 483, 537, 883, 886]  tape=2.083km B=13.55T unif=0.533% hoop=321MPa
  [ 226] OK     f=   2.262  a=50.7 b=99.4 gap=23.0 (face=18.0mm) n=[741, 454, 189, 405, 635, 735, 865]  tape=2.262km B=11.95T unif=0.549% hoop=366MPa
  [ 227] INFEAS f=21431.710  a=21.3 b=65.5 gap=17.4 (face=6.9mm) n=[811, 702, 200, 284, 635, 849, 811]  no evaluation (geometry pre-check)
  [ 228] viol   f=  21.077  a=46.5 b=64.0 gap=18.6 (face=9.2mm) n=[818, 841, 173, 409, 782, 804, 814]  tape=1.778km B=18.80T unif=1.311% hoop=346MPa
  [ 229] OK     f=   1.614  a=37.3 b=68.1 gap=22.6 (face=17.1mm) n=[707, 580, 300, 415, 360, 839, 793]  tape=1.614km B=13.70T unif=0.749% hoop=286MPa
  [ 230] INFEAS f=6088.156  a=28.7 b=79.5 gap=21.6 (face=15.1mm) n=[866, 593, 221, 373, 461, 523, 863]  no evaluation (geometry pre-check)
  [ 231] OK     f=   2.060  a=51.0 b=89.0 gap=26.9 (face=25.9mm) n=[620, 479, 399, 348, 260, 896, 894]  tape=2.060km B=10.45T unif=0.455% hoop=355MPa
  [ 232] OK     f=   1.643  a=36.5 b=65.9 gap=25.2 (face=22.4mm) n=[778, 648, 209, 577, 560, 681, 826]  tape=1.643km B=15.18T unif=0.853% hoop=271MPa
  [ 233] INFEAS f=1255.238  a=34.5 b=77.2 gap=29.8 (face=31.5mm) n=[644, 582, 359, 717, 389, 881, 871]  no evaluation (geometry pre-check)
  [ 234] OK     f=   1.814  a=56.9 b=65.6 gap=24.7 (face=21.4mm) n=[653, 717, 155, 681, 487, 854, 607]  tape=1.814km B=13.63T unif=0.767% hoop=400MPa
  [ 235] viol   f=  52.019  a=37.3 b=52.7 gap=19.6 (face=11.2mm) n=[778, 690, 63, 527, 458, 739, 828]  tape=1.344km B=17.42T unif=1.503% hoop=276MPa
  [ 236] OK     f=   1.685  a=38.9 b=64.6 gap=28.7 (face=29.4mm) n=[893, 552, 167, 500, 544, 782, 865]  tape=1.685km B=13.49T unif=0.555% hoop=262MPa
  [ 237] OK     f=   1.694  a=44.5 b=67.3 gap=24.2 (face=20.4mm) n=[782, 547, 240, 391, 657, 807, 773]  tape=1.694km B=13.99T unif=0.548% hoop=291MPa
  [ 238] OK     f=   1.742  a=39.7 b=70.5 gap=20.5 (face=13.1mm) n=[599, 511, 311, 311, 620, 894, 816]  tape=1.742km B=13.56T unif=0.567% hoop=313MPa
  [ 239] OK     f=   1.959  a=46.4 b=83.9 gap=24.7 (face=21.4mm) n=[649, 500, 176, 629, 270, 898, 854]  tape=1.959km B=11.56T unif=0.552% hoop=303MPa
  [ 240] OK     f=   1.830  a=54.4 b=71.9 gap=24.9 (face=21.8mm) n=[863, 717, 51, 378, 374, 781, 894]  tape=1.830km B=12.89T unif=0.824% hoop=400MPa
  [ 241] OK     f=   1.734  a=39.4 b=67.7 gap=28.2 (face=28.3mm) n=[876, 446, 153, 550, 789, 662, 873]  tape=1.734km B=13.86T unif=0.696% hoop=268MPa
  [ 242] OK     f=   1.941  a=41.9 b=72.3 gap=26.3 (face=24.7mm) n=[713, 509, 345, 507, 706, 825, 892]  tape=1.941km B=14.01T unif=0.493% hoop=323MPa
  [ 243] INFEAS f=1095.878  a=30.9 b=75.0 gap=29.6 (face=31.3mm) n=[770, 327, 298, 445, 375, 734, 691]  no evaluation (geometry pre-check)
  [ 244] INFEAS f=3976.421  a=30.7 b=63.3 gap=24.7 (face=21.4mm) n=[878, 660, 225, 716, 547, 858, 830]  no evaluation (geometry pre-check)
  [ 245] OK     f=   1.788  a=46.4 b=65.0 gap=24.3 (face=20.6mm) n=[897, 738, 73, 556, 570, 698, 900]  tape=1.788km B=15.74T unif=0.908% hoop=375MPa
  [ 246] INFEAS f=2351.751  a=33.0 b=69.5 gap=22.0 (face=16.1mm) n=[894, 453, 276, 729, 500, 723, 886]  no evaluation (geometry pre-check)
  [ 247] OK     f=   1.400  a=38.8 b=54.0 gap=26.9 (face=25.8mm) n=[628, 635, 166, 769, 421, 745, 804]  tape=1.400km B=14.17T unif=0.647% hoop=243MPa
  [ 248] OK     f=   1.345  a=38.8 b=53.4 gap=27.8 (face=27.6mm) n=[701, 548, 238, 235, 600, 425, 900]  tape=1.345km B=11.54T unif=0.417% hoop=318MPa
  [ 249] viol   f=   2.222  a=43.8 b=86.9 gap=38.3 (face=48.6mm) n=[725, 514, 210, 783, 287, 894, 612]  tape=2.011km B=9.68T unif=0.298% hoop=245MPa
  [ 250] OK     f=   1.914  a=36.0 b=81.6 gap=23.7 (face=19.3mm) n=[688, 638, 233, 471, 635, 853, 688]  tape=1.914km B=14.15T unif=0.533% hoop=279MPa
  [ 251] OK     f=   1.194  a=41.1 b=53.2 gap=23.2 (face=18.3mm) n=[723, 674, 76, 217, 569, 446, 773]  tape=1.194km B=13.73T unif=0.925% hoop=237MPa
  [ 252] OK     f=   1.749  a=37.9 b=79.0 gap=28.5 (face=29.1mm) n=[623, 508, 200, 356, 457, 683, 900]  tape=1.749km B=10.46T unif=0.463% hoop=257MPa
  [ 253] OK     f=   1.289  a=39.2 b=52.9 gap=27.6 (face=27.2mm) n=[804, 705, 211, 340, 769, 177, 830]  tape=1.289km B=13.22T unif=0.939% hoop=208MPa
  [ 254] INFEAS f=1319.365  a=39.2 b=41.4 gap=35.1 (face=42.1mm) n=[723, 605, 51, 642, 470, 690, 842]  no evaluation (geometry pre-check)
  [ 255] OK     f=   1.333  a=40.0 b=57.6 gap=24.5 (face=21.0mm) n=[764, 334, 142, 728, 371, 658, 775]  tape=1.333km B=13.56T unif=0.581% hoop=232MPa
  [ 256] OK     f=   1.326  a=40.1 b=69.2 gap=24.6 (face=21.3mm) n=[730, 467, 50, 443, 150, 658, 769]  tape=1.326km B=11.36T unif=0.895% hoop=238MPa
  [ 257] OK     f=   1.348  a=34.6 b=56.8 gap=24.7 (face=21.4mm) n=[723, 326, 292, 546, 625, 547, 792]  tape=1.348km B=13.87T unif=0.747% hoop=237MPa
  [ 258] OK     f=   1.231  a=35.9 b=43.3 gap=23.2 (face=18.5mm) n=[708, 710, 133, 556, 530, 573, 859]  tape=1.231km B=15.92T unif=0.331% hoop=237MPa
  [ 259] INFEAS f=1033.947  a=39.5 b=43.6 gap=25.4 (face=22.7mm) n=[734, 442, 94, 518, 541, 708, 893]  no evaluation (geometry pre-check)
  [ 260] OK     f=   1.544  a=46.0 b=56.0 gap=24.8 (face=21.6mm) n=[878, 613, 184, 442, 773, 387, 870]  tape=1.544km B=14.68T unif=0.177% hoop=294MPa
  [ 261] viol   f= 503.180  a=42.2 b=49.4 gap=28.1 (face=28.1mm) n=[894, 706, 149, 354, 347, 681, 792]  tape=1.353km B=13.30T unif=2.584% hoop=323MPa
  [ 262] INFEAS f=4117.294  a=41.4 b=37.6 gap=19.1 (face=10.1mm) n=[888, 617, 79, 428, 657, 711, 839]  no evaluation (geometry pre-check)
  [ 263] INFEAS f=20053.080  a=48.0 b=31.2 gap=23.7 (face=19.4mm) n=[828, 649, 208, 539, 824, 553, 724]  no evaluation (geometry pre-check)
  [ 264] INFEAS f=8832.929  a=30.5 b=25.9 gap=21.3 (face=14.7mm) n=[392, 526, 102, 285, 698, 258, 896]  no evaluation (geometry pre-check)
  [ 265] INFEAS f=1007.572  a=46.1 b=50.7 gap=25.4 (face=22.8mm) n=[772, 594, 54, 274, 291, 531, 738]  no evaluation (geometry pre-check)
  [ 266] OK     f=   1.835  a=45.5 b=79.7 gap=18.6 (face=9.2mm) n=[741, 343, 206, 458, 586, 725, 842]  tape=1.835km B=13.41T unif=0.864% hoop=348MPa
  [ 267] INFEAS f=7717.995  a=23.8 b=60.4 gap=26.0 (face=23.9mm) n=[762, 625, 106, 531, 586, 431, 739]  no evaluation (geometry pre-check)
  [ 268] OK     f=   1.690  a=51.2 b=64.7 gap=25.5 (face=23.1mm) n=[830, 703, 72, 447, 728, 622, 720]  tape=1.690km B=14.19T unif=0.807% hoop=329MPa
  [ 269] INFEAS f=4591.309  a=31.1 b=38.2 gap=23.3 (face=18.7mm) n=[563, 585, 158, 164, 513, 557, 900]  no evaluation (geometry pre-check)
  [ 270] OK     f=   1.237  a=41.6 b=47.4 gap=23.9 (face=19.8mm) n=[811, 791, 179, 254, 548, 229, 892]  tape=1.237km B=14.46T unif=0.355% hoop=216MPa
  [ 271] viol   f=   4.589  a=42.1 b=66.4 gap=18.2 (face=8.3mm) n=[772, 876, 347, 96, 711, 308, 897]  tape=1.613km B=16.13T unif=1.122% hoop=309MPa
  [ 272] INFEAS f=1064.644  a=33.7 b=71.1 gap=19.8 (face=11.7mm) n=[667, 785, 210, 525, 629, 839, 831]  no evaluation (geometry pre-check)
  [ 273] INFEAS f=15365.534  a=54.0 b=40.1 gap=19.7 (face=11.3mm) n=[898, 891, 202, 307, 641, 455, 895]  no evaluation (geometry pre-check)
  [ 274] INFEAS f=5611.135  a=59.5 b=53.7 gap=25.3 (face=22.7mm) n=[875, 773, 114, 448, 566, 386, 802]  no evaluation (geometry pre-check)
  [ 275] viol   f=   5.547  a=60.1 b=86.7 gap=20.5 (face=12.9mm) n=[884, 444, 116, 552, 394, 668, 781]  tape=2.067km B=11.47T unif=1.132% hoop=400MPa
  [ 276] OK     f=   1.778  a=52.7 b=62.3 gap=25.0 (face=22.0mm) n=[880, 789, 220, 592, 358, 627, 874]  tape=1.778km B=14.91T unif=0.753% hoop=336MPa
  [ 277] viol   f=   4.198  a=59.8 b=78.9 gap=23.8 (face=19.6mm) n=[694, 695, 168, 445, 506, 349, 785]  tape=1.805km B=10.78T unif=1.109% hoop=400MPa
  [ 278] OK     f=   1.488  a=41.8 b=69.4 gap=27.4 (face=26.7mm) n=[588, 471, 200, 496, 460, 666, 731]  tape=1.488km B=11.29T unif=0.492% hoop=275MPa
  [ 279] OK     f=   1.676  a=38.9 b=71.8 gap=26.6 (face=25.1mm) n=[820, 627, 109, 443, 453, 618, 874]  tape=1.676km B=13.23T unif=0.756% hoop=321MPa
  [ 280] viol   f=  20.381  a=39.0 b=64.8 gap=22.0 (face=16.0mm) n=[870, 815, 314, 214, 422, 546, 711]  tape=1.552km B=15.87T unif=1.307% hoop=277MPa
  [ 281] OK     f=   1.962  a=47.3 b=80.3 gap=21.0 (face=14.0mm) n=[879, 583, 251, 382, 466, 744, 773]  tape=1.962km B=13.79T unif=0.923% hoop=353MPa
  [ 282] OK     f=   1.834  a=41.1 b=87.1 gap=23.8 (face=19.7mm) n=[822, 542, 106, 554, 448, 686, 572]  tape=1.834km B=12.83T unif=0.638% hoop=308MPa
  [ 283] OK     f=   1.615  a=45.5 b=59.8 gap=27.7 (face=27.3mm) n=[888, 636, 83, 444, 501, 742, 897]  tape=1.615km B=13.45T unif=0.188% hoop=286MPa  [a=62 b=221 nt=2894] KSP converged reason: 4, iterations: 1
  [a=68 b=183 nt=2453] KSP converged reason: 4, iterations: 1
  [a=62 b=192 nt=2703] KSP converged reason: 4, iterations: 1
  [a=51 b=150 nt=2362] KSP converged reason: 4, iterations: 1
  [a=61 b=152 nt=2121] KSP converged reason: 4, iterations: 1
  [a=61 b=135 nt=3097] KSP converged reason: 4, iterations: 1
  [a=50 b=182 nt=2514] KSP converged reason: 4, iterations: 1
  [a=58 b=158 nt=3782] KSP converged reason: 4, iterations: 1
  [a=37 b=127 nt=3170] KSP converged reason: 4, iterations: 1
  [a=46 b=118 nt=3833] KSP converged reason: 4, iterations: 1
  [a=74 b=124 nt=3043] KSP converged reason: 4, iterations: 1
  [a=61 b=95 nt=3539] KSP converged reason: 4, iterations: 1
  [a=39 b=134 nt=3697] KSP converged reason: 4, iterations: 1
  [a=53 b=102 nt=3090] KSP converged reason: 4, iterations: 1
  [a=47 b=77 nt=4030] KSP converged reason: 4, iterations: 1
  [a=41 b=104 nt=4730] KSP converged reason: 4, iterations: 1
  [a=47 b=82 nt=3622] KSP converged reason: 4, iterations: 1
  [a=42 b=66 nt=3643] KSP converged reason: 4, iterations: 1
  [a=71 b=96 nt=4429] KSP converged reason: 4, iterations: 1
  [a=64 b=72 nt=4126] KSP converged reason: 4, iterations: 1
  [a=64 b=70 nt=3056] KSP converged reason: 4, iterations: 1
  [a=63 b=101 nt=3978] KSP converged reason: 4, iterations: 1
  [a=40 b=79 nt=4214] KSP converged reason: 4, iterations: 1
  [a=42 b=78 nt=4018] KSP converged reason: 4, iterations: 1
  [a=53 b=92 nt=3661] KSP converged reason: 4, iterations: 1
  [a=60 b=75 nt=4291] KSP converged reason: 4, iterations: 1
  [a=37 b=68 nt=3994] KSP converged reason: 4, iterations: 1
  [a=51 b=89 nt=3896] KSP converged reason: 4, iterations: 1
  [a=46 b=84 nt=3976] KSP converged reason: 4, iterations: 1
  [a=39 b=53 nt=3647] KSP converged reason: 4, iterations: 1
  [a=36 b=82 nt=4206] KSP converged reason: 4, iterations: 1
  [a=35 b=57 nt=3851] KSP converged reason: 4, iterations: 1
  [a=42 b=49 nt=3923] KSP converged reason: 4, iterations: 1
  [a=42 b=69 nt=3612] KSP converged reason: 4, iterations: 1
  [a=45 b=60 nt=4191] KSP converged reason: 4, iterations: 1
  [a=45 b=80 nt=3644] KSP converged reason: 4, iterations: 1
  [a=48 b=59 nt=3501] KSP converged reason: 4, iterations: 1
  [a=42 b=76 nt=3774] KSP converged reason: 4, iterations: 1
  [a=41 b=65 nt=3721] KSP converged reason: 4, iterations: 1
  [a=85 b=160 nt=2017] KSP converged reason: 4, iterations: 1
  [a=46 b=175 nt=2553] KSP converged reason: 4, iterations: 1
  [a=73 b=155 nt=3565] KSP converged reason: 4, iterations: 1
  [a=66 b=156 nt=2417] KSP converged reason: 4, iterations: 1
  [a=49 b=162 nt=2627] KSP converged reason: 4, iterations: 1
  [a=68 b=154 nt=2797] KSP converged reason: 4, iterations: 1
  [a=41 b=159 nt=3592] KSP converged reason: 4, iterations: 1
  [a=59 b=176 nt=2775] KSP converged reason: 4, iterations: 1
  [a=57 b=175 nt=2864] KSP converged reason: 4, iterations: 1
  [a=56 b=154 nt=3138] KSP converged reason: 4, iterations: 1
  [a=46 b=124 nt=3682] KSP converged reason: 4, iterations: 1
  [a=64 b=119 nt=3807] KSP converged reason: 4, iterations: 1
  [a=67 b=132 nt=3643] KSP converged reason: 4, iterations: 1
  [a=51 b=92 nt=3597] KSP converged reason: 4, iterations: 1
  [a=40 b=121 nt=4018] KSP converged reason: 4, iterations: 1
  [a=41 b=142 nt=3274] KSP converged reason: 4, iterations: 1
  [a=56 b=118 nt=3887] KSP converged reason: 4, iterations: 1
  [a=40 b=107 nt=4498] KSP converged reason: 4, iterations: 1
  [a=37 b=64 nt=4333] KSP converged reason: 4, iterations: 1
  [a=44 b=91 nt=3734] KSP converged reason: 4, iterations: 1
  [a=61 b=76 nt=4427] KSP converged reason: 4, iterations: 1
  [a=38 b=77 nt=4032] KSP converged reason: 4, iterations: 1
  [a=43 b=99 nt=3842] KSP converged reason: 4, iterations: 1
  [a=60 b=91 nt=4800] KSP converged reason: 4, iterations: 1
  [a=52 b=73 nt=3847] KSP converged reason: 4, iterations: 1
  [a=37 b=66 nt=4279] KSP converged reason: 4, iterations: 1
  [a=39 b=68 nt=4349] KSP converged reason: 4, iterations: 1
  [a=40 b=58 nt=3772] KSP converged reason: 4, iterations: 1
  [a=42 b=47 nt=3704] KSP converged reason: 4, iterations: 1
  [a=53 b=62 nt=4340] KSP converged reason: 4, iterations: 1
  [a=42 b=59 nt=3611] KSP converged reason: 4, iterations: 1
  [a=46 b=67 nt=3836] KSP converged reason: 4, iterations: 1
  [a=42 b=73 nt=3922] KSP converged reason: 4, iterations: 1
  [a=46 b=60 nt=4088] KSP converged reason: 4, iterations: 1
  [a=58 b=163 nt=2018] KSP converged reason: 4, iterations: 1
  [a=47 b=172 nt=2748] KSP converged reason: 4, iterations: 1
  [a=51 b=146 nt=2655] KSP converged reason: 4, iterations: 1
  [a=49 b=167 nt=2322] KSP converged reason: 4, iterations: 1
  [a=52 b=171 nt=2891] KSP converged reason: 4, iterations: 1
  [a=39 b=141 nt=2952] KSP converged reason: 4, iterations: 1
  [a=44 b=150 nt=2546] KSP converged reason: 4, iterations: 1
  [a=44 b=148 nt=3201] KSP converged reason: 4, iterations: 1
  [a=44 b=96 nt=3890] KSP converged reason: 4, iterations: 1
  [a=61 b=134 nt=3320] KSP converged reason: 4, iterations: 1
  [a=69 b=97 nt=3510] KSP converged reason: 4, iterations: 1
  [a=51 b=100 nt=3189] KSP converged reason: 4, iterations: 1
  [a=40 b=118 nt=3617] KSP converged reason: 4, iterations: 1
  [a=59 b=129 nt=3400] KSP converged reason: 4, iterations: 1
  [a=49 b=105 nt=3748] KSP converged reason: 4, iterations: 1
  [a=64 b=129 nt=3211] KSP converged reason: 4, iterations: 1
  [a=35 b=114 nt=3950] KSP converged reason: 4, iterations: 1
  [a=56 b=77 nt=3024] KSP converged reason: 4, iterations: 1
  [a=43 b=90 nt=3828] KSP converged reason: 4, iterations: 1
  [a=41 b=114 nt=4034] KSP converged reason: 4, iterations: 1
  [a=41 b=74 nt=4324] KSP converged reason: 4, iterations: 1
  [a=57 b=92 nt=4032] KSP converged reason: 4, iterations: 1
  [a=42 b=83 nt=4634] KSP converged reason: 4, iterations: 1
  [a=57 b=86 nt=4261] KSP converged reason: 4, iterations: 1
  [a=42 b=93 nt=4256] KSP converged reason: 4, iterations: 1
  [a=39 b=76 nt=4201] KSP converged reason: 4, iterations: 1
  [a=42 b=89 nt=4224] KSP converged reason: 4, iterations: 1
  [a=37 b=53 nt=4083] KSP converged reason: 4, iterations: 1
  [a=40 b=71 nt=4062] KSP converged reason: 4, iterations: 1
  [a=39 b=54 nt=4168] KSP converged reason: 4, iterations: 1
  [a=41 b=53 nt=3478] KSP converged reason: 4, iterations: 1
  [a=36 b=43 nt=4069] KSP converged reason: 4, iterations: 1
  [a=51 b=65 nt=4122] KSP converged reason: 4, iterations: 1
  [a=60 b=79 nt=3642] KSP converged reason: 4, iterations: 1
  [a=41 b=87 nt=3730] KSP converged reason: 4, iterations: 1
  [a=38 b=71 nt=3981] KSP converged reason: 4, iterations: 1
  [a=54 b=76 nt=3567] KSP converged reason: 4, iterations: 1
  [a=60 b=171 nt=3045] KSP converged reason: 4, iterations: 1
  [a=37 b=146 nt=2680] KSP converged reason: 4, iterations: 1
  [a=36 b=162 nt=2591] KSP converged reason: 4, iterations: 1
  [a=81 b=175 nt=1649] KSP converged reason: 4, iterations: 1
  [a=57 b=122 nt=2827] KSP converged reason: 4, iterations: 1
  [a=49 b=136 nt=3272] KSP converged reason: 4, iterations: 1
  [a=56 b=146 nt=3451] KSP converged reason: 4, iterations: 1
  [a=77 b=164 nt=2330] KSP converged reason: 4, iterations: 1
  [a=45 b=128 nt=2359] KSP converged reason: 4, iterations: 1
  [a=53 b=152 nt=3830] KSP converged reason: 4, iterations: 1
  [a=42 b=121 nt=4461] KSP converged reason: 4, iterations: 1
  [a=65 b=158 nt=3482] KSP converged reason: 4, iterations: 1
  [a=74 b=132 nt=3739] KSP converged reason: 4, iterations: 1
  [a=93 b=120 nt=3208] KSP converged reason: 4, iterations: 1
  [a=71 b=138 nt=2796] KSP converged reason: 4, iterations: 1
  [a=37 b=96 nt=5114] KSP converged reason: 4, iterations: 1
  [a=59 b=70 nt=3455] KSP converged reason: 4, iterations: 1
  [a=45 b=80 nt=4404] KSP converged reason: 4, iterations: 1
  [a=40 b=91 nt=4258] KSP converged reason: 4, iterations: 1
  [a=61 b=76 nt=4673] KSP converged reason: 4, iterations: 1
  [a=56 b=109 nt=4301] KSP converged reason: 4, iterations: 1
  [a=44 b=79 nt=4670] KSP converged reason: 4, iterations: 1
  [a=41 b=100 nt=4195] KSP converged reason: 4, iterations: 1
  [a=57 b=66 nt=4154] KSP converged reason: 4, iterations: 1
  [a=46 b=65 nt=4432] KSP converged reason: 4, iterations: 1
  [a=40 b=69 nt=3267] KSP converged reason: 4, iterations: 1
  [a=60 b=87 nt=3839] KSP converged reason: 4, iterations: 1
  [a=38 b=58 nt=3930] KSP converged reason: 4, iterations: 1
  [a=49 b=55 nt=3864] KSP converged reason: 4, iterations: 1
  [a=49 b=67 nt=3911] KSP converged reason: 4, iterations: 1
  [a=41 b=62 nt=3616] KSP converged reason: 4, iterations: 1
  [a=45 b=55 nt=3851] KSP converged reason: 4, iterations: 1
  [a=39 b=157 nt=2604] KSP converged reason: 4, iterations: 1
  [a=76 b=183 nt=2445] KSP converged reason: 4, iterations: 1
  [a=83 b=159 nt=3139] KSP converged reason: 4, iterations: 1
  [a=46 b=157 nt=2922] KSP converged reason: 4, iterations: 1
  [a=63 b=139 nt=3299] KSP converged reason: 4, iterations: 1
  [a=38 b=174 nt=3128] KSP converged reason: 4, iterations: 1
  [a=45 b=134 nt=3475] KSP converged reason: 4, iterations: 1
  [a=32 b=121 nt=3218] KSP converged reason: 4, iterations: 1
  [a=71 b=105 nt=3966] KSP converged reason: 4, iterations: 1
  [a=50 b=131 nt=3299] KSP converged reason: 4, iterations: 1
  [a=72 b=134 nt=4360] KSP converged reason: 4, iterations: 1
  [a=39 b=122 nt=3226] KSP converged reason: 4, iterations: 1
  [a=89 b=133 nt=4079] KSP converged reason: 4, iterations: 1
  [a=42 b=101 nt=3243] KSP converged reason: 4, iterations: 1
  [a=57 b=113 nt=3463] KSP converged reason: 4, iterations: 1
  [a=70 b=140 nt=3910] KSP converged reason: 4, iterations: 1
  [a=79 b=122 nt=4169] KSP converged reason: 4, iterations: 1
  [a=49 b=57 nt=4959] KSP converged reason: 4, iterations: 1
  [a=43 b=68 nt=4320] KSP converged reason: 4, iterations: 1
  [a=51 b=76 nt=4554] KSP converged reason: 4, iterations: 1
  [a=42 b=60 nt=3929] KSP converged reason: 4, iterations: 1
  [a=55 b=96 nt=3729] KSP converged reason: 4, iterations: 1
  [a=64 b=105 nt=4105] KSP converged reason: 4, iterations: 1
  [a=47 b=93 nt=3394] KSP converged reason: 4, iterations: 1
  [a=39 b=82 nt=4102] KSP converged reason: 4, iterations: 1
  [a=47 b=64 nt=4641] KSP converged reason: 4, iterations: 1
  [a=45 b=67 nt=4197] KSP converged reason: 4, iterations: 1
  [a=42 b=72 nt=4497] KSP converged reason: 4, iterations: 1
  [a=39 b=53 nt=3836] KSP converged reason: 4, iterations: 1
  [a=46 b=56 nt=4147] KSP converged reason: 4, iterations: 1
  [a=42 b=66 nt=4007] KSP converged reason: 4, iterations: 1
  [a=47 b=80 nt=4078] KSP converged reason: 4, iterations: 1
  [a=40 b=46 nt=3744] KSP converged reason: 4, iterations: 1
  [a=43 b=64 nt=3560] KSP converged reason: 4, iterations: 1
  [a=40 b=57 nt=3497] KSP converged reason: 4, iterations: 1
  [a=44 b=54 nt=3486] KSP converged reason: 4, iterations: 1
  [a=33 b=144 nt=2162] KSP converged reason: 4, iterations: 1
  [a=57 b=180 nt=2329] KSP converged reason: 4, iterations: 1
  [a=50 b=181 nt=2959] KSP converged reason: 4, iterations: 1
  [a=54 b=187 nt=2499] KSP converged reason: 4, iterations: 1
  [a=41 b=174 nt=2758] KSP converged reason: 4, iterations: 1
  [a=36 b=135 nt=2678] KSP converged reason: 4, iterations: 1
  [a=48 b=147 nt=4117] KSP converged reason: 4, iterations: 1
  [a=44 b=124 nt=3710] KSP converged reason: 4, iterations: 1
  [a=61 b=116 nt=4643] KSP converged reason: 4, iterations: 1
  [a=46 b=116 nt=3410] KSP converged reason: 4, iterations: 1
  [a=105 b=122 nt=3887] KSP converged reason: 4, iterations: 1
  [a=86 b=135 nt=3552] KSP converged reason: 4, iterations: 1
  [a=56 b=139 nt=4308] KSP converged reason: 4, iterations: 1
  [a=42 b=148 nt=3183] KSP converged reason: 4, iterations: 1
  [a=42 b=88 nt=4026] KSP converged reason: 4, iterations: 1
  [a=37 b=109 nt=3876] KSP converged reason: 4, iterations: 1
  [a=58 b=100 nt=4400] KSP converged reason: 4, iterations: 1
  [a=44 b=56 nt=4669] KSP converged reason: 4, iterations: 1
  [a=39 b=71 nt=4936] KSP converged reason: 4, iterations: 1
  [a=39 b=98 nt=4597] KSP converged reason: 4, iterations: 1
  [a=53 b=105 nt=4196] KSP converged reason: 4, iterations: 1
  [a=43 b=87 nt=3818] KSP converged reason: 4, iterations: 1
  [a=50 b=78 nt=4200] KSP converged reason: 4, iterations: 1
  [a=37 b=80 nt=4294] KSP converged reason: 4, iterations: 1
  [a=47 b=82 nt=4186] KSP converged reason: 4, iterations: 1
  [a=51 b=99 nt=4024] KSP converged reason: 4, iterations: 1
  [a=39 b=65 nt=4303] KSP converged reason: 4, iterations: 1
  [a=54 b=72 nt=4058] KSP converged reason: 4, iterations: 1
  [a=44 b=87 nt=4025] KSP converged reason: 4, iterations: 1
  [a=38 b=79 nt=3727] KSP converged reason: 4, iterations: 1
  [a=46 b=80 nt=3901] KSP converged reason: 4, iterations: 1
  [a=39 b=72 nt=3944] KSP converged reason: 4, iterations: 1
  [a=39 b=65 nt=3892] KSP converged reason: 4, iterations: 1
  [a=47 b=78 nt=3755] KSP converged reason: 4, iterations: 1
  [a=44 b=67 nt=3632] KSP converged reason: 4, iterations: 1
  [a=49 b=78 nt=3532] KSP converged reason: 4, iterations: 1
  [a=36 b=72 nt=3733] KSP converged reason: 4, iterations: 1
  [a=38 b=59 nt=3827] KSP converged reason: 4, iterations: 1

  [ 284] OK     f=   1.392  a=38.2 b=58.3 gap=23.3 (face=18.7mm) n=[774, 740, 81, 549, 574, 408, 804]  tape=1.392km B=15.71T unif=0.964% hoop=266MPa
  [ 285] OK     f=   1.396  a=42.5 b=59.3 gap=33.2 (face=38.3mm) n=[837, 600, 105, 429, 403, 487, 750]  tape=1.396km B=10.72T unif=0.714% hoop=276MPa
  [ 286] INFEAS f=5977.552  a=55.5 b=49.4 gap=29.9 (face=31.9mm) n=[825, 577, 162, 384, 491, 375, 840]  no evaluation (geometry pre-check)
  [ 287] OK     f=   1.724  a=46.7 b=78.3 gap=30.4 (face=32.8mm) n=[777, 504, 129, 570, 431, 660, 684]  tape=1.724km B=11.22T unif=0.570% hoop=290MPa
  [ 288] viol   f=   8.116  a=45.6 b=67.2 gap=22.0 (face=16.1mm) n=[722, 744, 198, 264, 458, 634, 816]  tape=1.587km B=13.98T unif=1.181% hoop=301MPa
  [ 289] OK     f=   1.510  a=49.1 b=55.4 gap=26.3 (face=24.6mm) n=[719, 757, 228, 490, 419, 369, 882]  tape=1.510km B=13.10T unif=0.517% hoop=335MPa
  [ 290] OK     f=   1.673  a=45.4 b=80.0 gap=22.9 (face=17.8mm) n=[763, 589, 243, 510, 158, 619, 762]  tape=1.673km B=12.59T unif=0.972% hoop=296MPa
  [ 291] OK     f=   1.612  a=38.1 b=71.5 gap=25.1 (face=22.2mm) n=[778, 736, 156, 462, 652, 483, 714]  tape=1.612km B=14.56T unif=0.953% hoop=260MPa
  [ 292] viol   f=2418.814  a=39.9 b=45.8 gap=27.8 (face=27.5mm) n=[890, 749, 118, 347, 315, 427, 898]  tape=1.213km B=12.90T unif=4.477% hoop=239MPa
  [ 293] INFEAS f=1083.406  a=45.7 b=49.3 gap=27.7 (face=27.4mm) n=[885, 714, 147, 501, 593, 350, 891]  no evaluation (geometry pre-check)
  [ 294] OK     f=   1.706  a=41.6 b=72.9 gap=27.4 (face=26.9mm) n=[833, 599, 196, 607, 375, 629, 683]  tape=1.706km B=13.01T unif=0.748% hoop=280MPa
  [ 295] OK     f=   1.668  a=49.3 b=67.0 gap=26.1 (face=24.2mm) n=[818, 705, 304, 315, 582, 456, 731]  tape=1.668km B=12.91T unif=0.919% hoop=320MPa
  [ 296] OK     f=   1.343  a=47.5 b=58.7 gap=33.0 (face=38.0mm) n=[693, 513, 79, 418, 567, 477, 754]  tape=1.343km B=10.30T unif=0.427% hoop=266MPa
  [ 297] OK     f=   1.555  a=44.4 b=67.1 gap=30.5 (face=33.0mm) n=[706, 432, 182, 327, 662, 466, 857]  tape=1.555km B=10.55T unif=0.320% hoop=266MPa
  [ 298] OK     f=   1.493  a=43.1 b=63.9 gap=28.5 (face=28.9mm) n=[883, 681, 175, 489, 397, 321, 614]  tape=1.493km B=11.94T unif=0.757% hoop=277MPa
  [ 299] OK     f=   1.617  a=41.6 b=76.1 gap=26.3 (face=24.7mm) n=[695, 730, 187, 611, 332, 533, 686]  tape=1.617km B=13.11T unif=0.788% hoop=262MPa
  [ 300] OK     f=   1.668  a=49.5 b=77.6 gap=26.9 (face=25.8mm) n=[813, 581, 85, 485, 324, 521, 723]  tape=1.668km B=11.15T unif=0.812% hoop=312MPa
  [ 301] OK     f=   1.590  a=45.8 b=60.0 gap=29.8 (face=31.7mm) n=[876, 660, 59, 406, 489, 699, 899]  tape=1.590km B=12.65T unif=0.350% hoop=277MPa
  [ 302] OK     f=   1.390  a=41.0 b=61.8 gap=26.2 (face=24.4mm) n=[707, 614, 184, 193, 698, 412, 808]  tape=1.390km B=12.31T unif=0.535% hoop=237MPa
  [ 303] OK     f=   1.644  a=54.0 b=76.0 gap=25.4 (face=22.7mm) n=[653, 604, 59, 330, 746, 582, 593]  tape=1.644km B=11.45T unif=0.833% hoop=345MPa
  [ 304] OK     f=   1.283  a=39.7 b=56.6 gap=31.2 (face=34.5mm) n=[794, 610, 170, 440, 491, 299, 693]  tape=1.283km B=11.22T unif=0.514% hoop=236MPa
  [ 305] OK     f=   1.602  a=36.3 b=72.1 gap=31.5 (face=35.1mm) n=[699, 358, 261, 548, 385, 848, 634]  tape=1.602km B=10.73T unif=0.438% hoop=238MPa
  [ 306] OK     f=   1.405  a=41.3 b=65.0 gap=22.6 (face=17.2mm) n=[649, 722, 76, 325, 728, 532, 689]  tape=1.405km B=14.08T unif=0.835% hoop=259MPa
  [ 307] viol   f=   2.261  a=44.7 b=54.7 gap=29.8 (face=31.6mm) n=[813, 704, 121, 325, 573, 537, 778]  tape=1.385km B=12.49T unif=1.066% hoop=253MPa
  [ 308] OK     f=   1.226  a=44.0 b=53.7 gap=27.9 (face=27.9mm) n=[658, 472, 167, 469, 656, 345, 719]  tape=1.226km B=11.71T unif=0.106% hoop=252MPa
  [ 309] OK     f=   1.431  a=38.5 b=58.5 gap=31.9 (face=35.9mm) n=[864, 573, 63, 406, 621, 401, 899]  tape=1.431km B=11.33T unif=0.640% hoop=232MPa
  [ 310] INFEAS f=1565.108  a=50.0 b=51.2 gap=37.2 (face=46.3mm) n=[893, 628, 289, 413, 694, 610, 647]  no evaluation (geometry pre-check)

==========================================================================================
CMA-ES finished: 310 evaluations in 8.3 min
==========================================================================================

Best feasible design found:
  a_mm             41.13115688821088
  b_mm             53.22102718742725
  gap_mm           23.152814545992577
  face_gap_mm      18.305629091985157
  n_turns          [723, 674, 76, 217, 569, 446, 773]
  n_total          3478
  tape_km          1.1938918473265032
  B_target_T       13.72698507867106
  uniformity_pct   0.9245803174819794
  hoop_MPa         237.18614084075293
  delam_MPa        17.522040519898592
  I_quench_A       406.55927282040835
  I_op_A           223.62996304752934
  binding          quench/SF
  clip_frac        0.22555066079295155

Full evaluation history -> optimize/cmaes_history.csv
Best design            -> optimize/cmaes_results.csv
Appended 310 rows to cumulative master log -> optimize/cmaes_all_evaluations.csv

Figures -> /home/gerrityjack/fenicsx/Racetrack-Coil-Optimization/visualization/cmaes_convergence.png, cmaes_constraints.png, cmaes_variables.png, cmaes_overview.png
Cumulative parameter-space map -> visualization/cmaes_param_map.png (7270 evaluations, 23 runs)
