Starting CMA-ES: 10 variables, budget 300 evaluations, target B >= 10.0 T, uniformity <= 1.0%, hoop <= 400 MPa, coil-coil face gap >= 3 mm

Parallel mode: 6 worker processes per generation.
  [   1] viol   f=  29.958  a=68.2 b=127.6 gap=27.9 (face=27.7mm) n=[304, 405, 651, 56, 92, 388, 678]  tape=1.818km B=6.25T unif=0.456% hoop=337MPa
  [   2] viol   f=   4.544  a=64.9 b=129.2 gap=33.1 (face=38.2mm) n=[716, 876, 599, 178, 752, 456, 106]  tape=2.631km B=9.02T unif=0.399% hoop=390MPa
  [   3] viol   f=  21.974  a=70.1 b=132.1 gap=42.4 (face=56.8mm) n=[668, 199, 418, 258, 348, 836, 899]  tape=2.709km B=6.90T unif=0.242% hoop=341MPa
  [   4] viol   f=  19.369  a=74.8 b=165.9 gap=39.6 (face=51.2mm) n=[426, 210, 841, 358, 503, 883, 669]  tape=3.456km B=7.18T unif=0.197% hoop=400MPa
  [   5] viol   f=  32.057  a=49.6 b=126.7 gap=43.4 (face=58.7mm) n=[756, 229, 58, 83, 717, 515, 401]  tape=1.832km B=6.11T unif=0.324% hoop=229MPa
  [   6] viol   f=  24.165  a=78.9 b=132.7 gap=34.1 (face=40.1mm) n=[800, 686, 69, 234, 446, 564, 315]  tape=2.381km B=6.70T unif=0.475% hoop=382MPa
  [   7] viol   f=  37.081  a=85.9 b=151.4 gap=40.0 (face=52.1mm) n=[617, 373, 729, 502, 618, 203, 185]  tape=2.727km B=5.86T unif=0.327% hoop=400MPa
  [   8] viol   f=  11.820  a=77.6 b=128.8 gap=37.8 (face=47.6mm) n=[898, 849, 176, 169, 730, 609, 235]  tape=2.714km B=7.87T unif=0.431% hoop=383MPa
  [   9] viol   f=  19.898  a=82.4 b=136.6 gap=34.0 (face=39.9mm) n=[751, 565, 82, 264, 248, 828, 696]  tape=2.676km B=7.07T unif=0.409% hoop=399MPa
  [  10] viol   f=  22.330  a=75.5 b=150.6 gap=35.7 (face=43.4mm) n=[888, 402, 899, 109, 297, 522, 98]  tape=2.668km B=6.86T unif=0.333% hoop=338MPa
  [  11] viol   f=  23.626  a=60.0 b=152.8 gap=31.5 (face=35.0mm) n=[376, 421, 454, 377, 637, 868, 230]  tape=2.761km B=6.77T unif=0.214% hoop=400MPa
  [  12] viol   f=  21.362  a=96.4 b=128.6 gap=40.6 (face=53.2mm) n=[752, 900, 856, 336, 637, 422, 217]  tape=3.228km B=6.99T unif=0.476% hoop=400MPa
  [  13] viol   f=  20.753  a=75.9 b=138.5 gap=38.1 (face=48.3mm) n=[568, 780, 435, 265, 845, 434, 85]  tape=2.666km B=6.99T unif=0.346% hoop=381MPa
  [  14] viol   f=  34.020  a=92.9 b=163.2 gap=34.3 (face=40.6mm) n=[709, 613, 492, 106, 862, 715, 379]  tape=3.543km B=6.10T unif=0.328% hoop=400MPa
  [  15] viol   f=  27.991  a=78.6 b=128.8 gap=44.1 (face=60.3mm) n=[880, 457, 117, 337, 402, 644, 548]  tape=2.585km B=6.44T unif=0.321% hoop=400MPa
  [  16] viol   f=   4.082  a=61.4 b=161.3 gap=23.3 (face=18.6mm) n=[699, 852, 694, 342, 616, 489, 488]  tape=3.493km B=9.46T unif=0.290% hoop=400MPa
  [  17] viol   f=   3.703  a=66.4 b=154.9 gap=31.0 (face=34.0mm) n=[854, 797, 352, 292, 587, 898, 502]  tape=3.507km B=9.69T unif=0.278% hoop=393MPa
  [  18] viol   f=   5.546  a=64.4 b=108.4 gap=34.9 (face=41.7mm) n=[552, 898, 295, 229, 707, 795, 216]  tape=2.352km B=8.74T unif=0.428% hoop=328MPa
  [  19] viol   f=  16.840  a=61.2 b=114.3 gap=35.7 (face=43.4mm) n=[413, 741, 398, 113, 675, 357, 389]  tape=1.998km B=7.28T unif=0.379% hoop=326MPa
  [  20] viol   f=  21.227  a=68.3 b=175.4 gap=29.2 (face=30.5mm) n=[678, 778, 126, 76, 690, 94, 500]  tape=2.633km B=6.95T unif=0.233% hoop=334MPa
  [  21] OK     f=   2.977  a=46.2 b=151.0 gap=22.4 (face=16.7mm) n=[827, 764, 523, 230, 391, 706, 502]  tape=2.977km B=12.61T unif=0.278% hoop=351MPa
  [  22] viol   f=  38.102  a=91.1 b=137.1 gap=43.4 (face=58.8mm) n=[492, 731, 340, 149, 358, 632, 502]  tape=2.577km B=5.79T unif=0.335% hoop=400MPa
  [  23] OK     f=   2.997  a=73.2 b=109.4 gap=24.6 (face=21.2mm) n=[381, 873, 722, 290, 682, 899, 822]  tape=2.997km B=10.45T unif=0.704% hoop=400MPa
  [  24] viol   f=   9.926  a=77.4 b=131.0 gap=44.7 (face=61.5mm) n=[894, 616, 378, 212, 804, 567, 865]  tape=3.225km B=8.17T unif=0.256% hoop=400MPa
  [  25] INFEAS f=4245.728  a=30.4 b=142.5 gap=31.4 (face=34.8mm) n=[839, 875, 629, 445, 821, 811, 103]  no evaluation (geometry pre-check)
  [  26] OK     f=   3.174  a=56.9 b=155.4 gap=21.4 (face=14.7mm) n=[895, 412, 97, 374, 789, 893, 529]  tape=3.174km B=11.02T unif=0.247% hoop=396MPa
  [  27] OK     f=   3.864  a=68.9 b=145.1 gap=28.2 (face=28.3mm) n=[892, 859, 885, 166, 849, 891, 576]  tape=3.864km B=11.51T unif=0.367% hoop=400MPa
  [  28] viol   f=   7.892  a=87.5 b=112.4 gap=22.2 (face=16.4mm) n=[891, 710, 153, 528, 761, 556, 777]  tape=3.032km B=8.44T unif=0.896% hoop=400MPa
  [  29] viol   f=   6.279  a=71.5 b=154.2 gap=35.4 (face=42.7mm) n=[706, 893, 502, 292, 820, 846, 70]  tape=3.377km B=8.80T unif=0.270% hoop=395MPa
  [  30] viol   f=   6.502  a=73.4 b=118.8 gap=29.2 (face=30.4mm) n=[813, 899, 123, 206, 486, 769, 106]  tape=2.350km B=8.56T unif=0.636% hoop=373MPa
  [  31] OK     f=   3.298  a=43.8 b=151.2 gap=26.1 (face=24.3mm) n=[834, 861, 899, 59, 850, 494, 489]  tape=3.298km B=14.07T unif=0.378% hoop=361MPa
  [  32] viol   f=   6.620  a=68.0 b=141.5 gap=31.3 (face=34.6mm) n=[891, 735, 320, 225, 435, 844, 331]  tape=2.933km B=8.64T unif=0.365% hoop=358MPa
  [  33] viol   f=   3.794  a=58.5 b=145.9 gap=31.9 (face=35.8mm) n=[757, 650, 386, 50, 885, 541, 794]  tape=3.089km B=9.41T unif=0.232% hoop=337MPa
  [  34] OK     f=   2.935  a=52.2 b=137.5 gap=22.3 (face=16.5mm) n=[574, 728, 361, 287, 698, 847, 598]  tape=2.935km B=11.48T unif=0.305% hoop=400MPa
  [  35] OK     f=   2.723  a=73.8 b=95.3 gap=34.5 (face=41.1mm) n=[879, 744, 622, 421, 706, 456, 755]  tape=2.723km B=10.17T unif=0.606% hoop=400MPa
  [  36] OK     f=   3.267  a=42.5 b=167.7 gap=26.5 (face=24.9mm) n=[895, 816, 734, 357, 553, 491, 143]  tape=3.267km B=12.31T unif=0.246% hoop=298MPa
  [  37] OK     f=   3.677  a=67.8 b=146.8 gap=20.0 (face=12.0mm) n=[704, 761, 698, 452, 775, 728, 733]  tape=3.677km B=10.61T unif=0.412% hoop=400MPa
  [  38] viol   f=   2.749  a=35.3 b=146.7 gap=34.1 (face=40.2mm) n=[810, 817, 90, 538, 644, 425, 375]  tape=2.625km B=9.75T unif=0.490% hoop=229MPa
  [  39] viol   f=   3.315  a=67.9 b=133.8 gap=33.8 (face=39.5mm) n=[624, 889, 620, 189, 888, 898, 455]  tape=3.314km B=9.98T unif=0.342% hoop=400MPa
  [  40] viol   f=  11.377  a=53.3 b=130.6 gap=38.3 (face=48.6mm) n=[222, 845, 343, 355, 481, 815, 555]  tape=2.529km B=7.90T unif=0.329% hoop=383MPa
  [  41] INFEAS f=31666.277  a=20.1 b=119.9 gap=26.6 (face=25.3mm) n=[839, 838, 621, 584, 391, 889, 899]  no evaluation (geometry pre-check)
  [  42] viol   f=   2.952  a=51.8 b=116.5 gap=37.2 (face=46.4mm) n=[678, 516, 435, 810, 429, 891, 447]  tape=2.692km B=9.64T unif=0.340% hoop=366MPa
  [  43] viol   f=   7.691  a=59.7 b=139.8 gap=26.8 (face=25.6mm) n=[650, 617, 377, 446, 343, 895, 267]  tape=2.756km B=8.43T unif=0.335% hoop=400MPa
  [  44] OK     f=   3.212  a=67.8 b=120.9 gap=38.4 (face=48.7mm) n=[868, 820, 636, 722, 511, 837, 383]  tape=3.212km B=10.13T unif=0.364% hoop=400MPa
  [  45] OK     f=   3.076  a=50.5 b=144.8 gap=26.6 (face=25.2mm) n=[791, 518, 559, 90, 732, 576, 887]  tape=3.076km B=10.78T unif=0.208% hoop=361MPa
  [  46] viol   f=   3.611  a=78.1 b=115.8 gap=27.0 (face=26.0mm) n=[721, 750, 187, 823, 898, 871, 516]  tape=3.212km B=9.55T unif=0.631% hoop=400MPa
  [  47] viol   f=  11.359  a=82.1 b=116.6 gap=30.8 (face=33.5mm) n=[766, 572, 307, 172, 839, 878, 55]  tape=2.497km B=7.89T unif=0.592% hoop=400MPa
  [  48] OK     f=   3.844  a=56.6 b=140.6 gap=36.7 (face=45.4mm) n=[893, 764, 536, 526, 900, 864, 891]  tape=3.844km B=11.36T unif=0.286% hoop=400MPa
  [  49] viol   f=   5.104  a=72.3 b=108.0 gap=30.6 (face=33.2mm) n=[790, 553, 502, 331, 886, 659, 386]  tape=2.683km B=8.90T unif=0.624% hoop=400MPa
  [  50] viol   f=   9.534  a=36.0 b=132.6 gap=39.8 (face=51.7mm) n=[465, 784, 142, 323, 681, 693, 663]  tape=2.440km B=8.12T unif=0.445% hoop=206MPa
  [  51] OK     f=   2.842  a=41.7 b=127.8 gap=33.5 (face=39.0mm) n=[546, 828, 412, 683, 796, 741, 413]  tape=2.842km B=11.37T unif=0.475% hoop=285MPa
  [  52] viol   f=   9.547  a=58.4 b=117.4 gap=35.0 (face=42.0mm) n=[723, 461, 428, 415, 504, 819, 148]  tape=2.304km B=8.10T unif=0.353% hoop=400MPa
  [  53] viol   f=   3.436  a=74.0 b=113.3 gap=31.5 (face=35.1mm) n=[828, 896, 438, 491, 850, 599, 445]  tape=3.034km B=9.55T unif=0.603% hoop=400MPa
  [  54] INFEAS f=5971.545  a=29.9 b=149.2 gap=23.5 (face=19.0mm) n=[741, 803, 179, 726, 895, 579, 343]  no evaluation (geometry pre-check)
  [  55] OK     f=   3.434  a=64.9 b=138.2 gap=29.8 (face=31.5mm) n=[673, 871, 373, 502, 593, 823, 809]  tape=3.434km B=10.34T unif=0.342% hoop=400MPa
  [  56] INFEAS f=5630.555  a=27.1 b=131.8 gap=23.6 (face=19.2mm) n=[517, 484, 703, 815, 437, 673, 295]  no evaluation (geometry pre-check)
  [  57] OK     f=   3.660  a=58.4 b=148.4 gap=36.7 (face=45.5mm) n=[892, 899, 859, 370, 328, 594, 895]  tape=3.660km B=11.05T unif=0.274% hoop=346MPa
  [  58] viol   f=   8.822  a=73.7 b=141.0 gap=42.4 (face=56.9mm) n=[782, 693, 450, 839, 733, 580, 154]  tape=3.253km B=8.33T unif=0.265% hoop=400MPa
  [  59] viol   f=   6.122  a=65.4 b=119.6 gap=35.8 (face=43.5mm) n=[899, 797, 130, 161, 387, 749, 643]  tape=2.547km B=8.66T unif=0.402% hoop=311MPa
  [  60] OK     f=   2.615  a=62.6 b=101.5 gap=26.5 (face=25.0mm) n=[789, 545, 638, 569, 716, 752, 507]  tape=2.615km B=11.37T unif=0.758% hoop=400MPa
  [  61] OK     f=   2.632  a=59.5 b=121.6 gap=27.2 (face=26.3mm) n=[547, 897, 496, 144, 789, 635, 363]  tape=2.632km B=10.22T unif=0.439% hoop=400MPa
  [  62] OK     f=   3.075  a=42.6 b=124.8 gap=21.1 (face=14.3mm) n=[873, 803, 412, 900, 887, 886, 210]  tape=3.075km B=17.38T unif=0.587% hoop=359MPa
  [  63] viol   f=   3.405  a=76.8 b=116.4 gap=26.8 (face=25.5mm) n=[701, 872, 329, 510, 757, 717, 820]  tape=3.187km B=9.67T unif=0.629% hoop=400MPa
  [  64] OK     f=   3.042  a=67.5 b=103.8 gap=31.0 (face=34.0mm) n=[835, 767, 569, 575, 494, 897, 900]  tape=3.042km B=10.24T unif=0.537% hoop=400MPa
  [  65] OK     f=   2.549  a=55.8 b=118.3 gap=23.6 (face=19.2mm) n=[829, 765, 125, 278, 862, 639, 478]  tape=2.549km B=11.62T unif=0.502% hoop=352MPa
  [  66] OK     f=   2.934  a=68.0 b=106.1 gap=25.5 (face=23.1mm) n=[898, 581, 486, 812, 696, 748, 471]  tape=2.934km B=10.93T unif=0.756% hoop=400MPa
  [  67] INFEAS f=1007.610  a=36.4 b=104.5 gap=25.8 (face=23.6mm) n=[706, 684, 373, 424, 898, 883, 635]  no evaluation (geometry pre-check)
  [  68] OK     f=   3.009  a=41.1 b=139.2 gap=23.6 (face=19.1mm) n=[881, 628, 263, 374, 760, 884, 546]  tape=3.009km B=13.44T unif=0.341% hoop=300MPa
  [  69] OK     f=   2.995  a=51.0 b=132.5 gap=26.5 (face=25.1mm) n=[698, 518, 575, 788, 755, 371, 729]  tape=2.995km B=12.15T unif=0.297% hoop=368MPa
  [  70] viol   f=  17.787  a=74.1 b=145.1 gap=39.8 (face=51.7mm) n=[396, 813, 666, 610, 619, 668, 379]  tape=3.292km B=7.31T unif=0.283% hoop=400MPa
  [  71] OK     f=   2.578  a=37.0 b=131.3 gap=20.6 (face=13.1mm) n=[829, 896, 403, 181, 653, 198, 768]  tape=2.578km B=14.78T unif=0.466% hoop=293MPa
  [  72] OK     f=   2.388  a=59.4 b=110.5 gap=16.1 (face=4.2mm) n=[837, 862, 349, 106, 488, 726, 463]  tape=2.388km B=11.47T unif=0.860% hoop=400MPa
  [  73] viol   f=   4.055  a=70.4 b=154.0 gap=20.0 (face=12.0mm) n=[890, 739, 315, 455, 664, 880, 554]  tape=3.689km B=9.57T unif=0.381% hoop=400MPa
  [  74] viol   f=   2.584  a=67.4 b=107.6 gap=22.6 (face=17.1mm) n=[716, 888, 344, 63, 447, 743, 349]  tape=2.275km B=9.61T unif=0.853% hoop=400MPa
  [  75] viol   f=  21.796  a=102.2 b=117.5 gap=21.4 (face=14.7mm) n=[627, 755, 530, 155, 719, 768, 611]  tape=3.036km B=6.94T unif=0.894% hoop=400MPa
  [  76] OK     f=   2.787  a=45.0 b=133.8 gap=19.4 (face=10.8mm) n=[900, 893, 321, 126, 894, 715, 296]  tape=2.787km B=15.08T unif=0.296% hoop=323MPa
  [  77] viol   f=   3.335  a=67.3 b=117.6 gap=31.9 (face=35.9mm) n=[875, 891, 388, 615, 610, 765, 558]  tape=3.131km B=9.68T unif=0.499% hoop=400MPa
  [  78] OK     f=   2.592  a=60.4 b=107.0 gap=21.7 (face=15.4mm) n=[774, 736, 619, 261, 577, 747, 672]  tape=2.592km B=12.20T unif=0.792% hoop=400MPa
  [  79] OK     f=   2.877  a=55.9 b=122.6 gap=23.6 (face=19.2mm) n=[644, 899, 494, 206, 879, 632, 565]  tape=2.877km B=11.84T unif=0.403% hoop=400MPa
  [  80] OK     f=   3.342  a=59.3 b=117.1 gap=24.0 (face=20.0mm) n=[861, 893, 787, 814, 636, 710, 579]  tape=3.342km B=13.74T unif=0.575% hoop=400MPa
  [  81] INFEAS f=7006.762  a=29.1 b=120.7 gap=15.9 (face=3.9mm) n=[667, 893, 317, 283, 579, 329, 235]  no evaluation (geometry pre-check)
  [  82] viol   f=   7.052  a=66.5 b=127.1 gap=24.8 (face=21.7mm) n=[575, 817, 389, 201, 862, 259, 153]  tape=2.334km B=8.46T unif=0.518% hoop=399MPa
  [  83] viol   f=  23.635  a=79.7 b=140.8 gap=17.0 (face=6.0mm) n=[858, 512, 504, 80, 553, 788, 555]  tape=3.059km B=6.79T unif=0.547% hoop=400MPa
  [  84] viol   f=   8.363  a=39.5 b=106.6 gap=16.3 (face=4.5mm) n=[841, 896, 471, 357, 829, 461, 375]  tape=2.394km B=17.21T unif=1.173% hoop=384MPa
  [  85] OK     f=   2.653  a=64.7 b=130.7 gap=17.2 (face=6.4mm) n=[894, 884, 193, 204, 899, 333, 315]  tape=2.653km B=10.44T unif=0.598% hoop=400MPa
  [  86] OK     f=   3.052  a=69.4 b=119.3 gap=17.7 (face=7.3mm) n=[832, 900, 187, 288, 876, 858, 643]  tape=3.052km B=11.15T unif=0.738% hoop=400MPa
  [  87] OK     f=   3.289  a=50.9 b=157.5 gap=17.2 (face=6.4mm) n=[892, 840, 631, 297, 576, 565, 312]  tape=3.289km B=12.35T unif=0.404% hoop=400MPa
  [  88] viol   f=  35.058  a=68.2 b=91.5 gap=15.7 (face=3.4mm) n=[670, 870, 101, 295, 463, 467, 718]  tape=2.073km B=9.31T unif=1.400% hoop=400MPa
  [  89] OK     f=   2.432  a=41.1 b=121.4 gap=24.7 (face=21.4mm) n=[866, 578, 687, 137, 798, 501, 306]  tape=2.432km B=12.56T unif=0.318% hoop=289MPa
  [  90] viol   f=   2.878  a=73.7 b=115.8 gap=15.5 (face=3.0mm) n=[815, 743, 392, 105, 773, 784, 684]  tape=2.816km B=9.82T unif=0.879% hoop=400MPa
  [  91] OK     f=   2.472  a=43.3 b=122.5 gap=17.1 (face=6.2mm) n=[807, 591, 472, 204, 899, 592, 255]  tape=2.472km B=13.15T unif=0.418% hoop=385MPa
  [  92] OK     f=   2.569  a=46.0 b=105.7 gap=15.7 (face=3.5mm) n=[774, 827, 703, 584, 801, 331, 581]  tape=2.569km B=16.71T unif=0.645% hoop=400MPa
  [  93] INFEAS f=37322.937  a=18.6 b=170.6 gap=15.7 (face=3.4mm) n=[820, 624, 525, 92, 897, 585, 417]  no evaluation (geometry pre-check)
  [  94] OK     f=   2.971  a=55.4 b=138.6 gap=18.3 (face=8.5mm) n=[880, 865, 682, 448, 452, 590, 161]  tape=2.971km B=11.25T unif=0.462% hoop=400MPa
  [  95] viol   f= 108.857  a=73.5 b=83.4 gap=19.9 (face=11.8mm) n=[899, 804, 252, 252, 831, 720, 202]  tape=2.157km B=11.13T unif=1.730% hoop=400MPa
  [  96] viol   f=   3.159  a=69.6 b=110.5 gap=18.6 (face=9.2mm) n=[879, 608, 625, 241, 765, 633, 617]  tape=2.832km B=9.60T unif=0.872% hoop=400MPa
  [  97] INFEAS f=1417.964  a=28.2 b=134.6 gap=22.8 (face=17.5mm) n=[559, 723, 600, 141, 649, 195, 341]  no evaluation (geometry pre-check)
  [  98] OK     f=   2.331  a=63.8 b=116.0 gap=20.4 (face=12.8mm) n=[792, 813, 520, 151, 623, 642, 69]  tape=2.331km B=10.23T unif=0.779% hoop=400MPa
  [  99] OK     f=   3.405  a=53.2 b=167.0 gap=19.2 (face=10.3mm) n=[892, 817, 585, 455, 327, 529, 404]  tape=3.405km B=11.35T unif=0.309% hoop=400MPa
  [ 100] viol   f=   3.809  a=47.6 b=120.8 gap=22.2 (face=16.3mm) n=[579, 173, 443, 168, 818, 609, 302]  tape=2.020km B=9.05T unif=0.349% hoop=306MPa
  [ 101] viol   f=   2.193  a=35.4 b=108.1 gap=15.6 (face=3.1mm) n=[639, 433, 831, 407, 352, 799, 363]  tape=2.159km B=14.66T unif=1.013% hoop=339MPa
  [ 102] viol   f=  17.472  a=82.2 b=108.9 gap=19.9 (face=11.9mm) n=[854, 856, 487, 56, 294, 536, 234]  tape=2.234km B=7.51T unif=1.118% hoop=400MPa
  [ 103] OK     f=   2.504  a=50.8 b=100.5 gap=21.5 (face=14.9mm) n=[800, 637, 608, 670, 866, 734, 194]  tape=2.504km B=14.05T unif=0.750% hoop=400MPa
  [ 104] OK     f=   3.152  a=42.1 b=131.5 gap=19.3 (face=10.6mm) n=[517, 883, 762, 504, 873, 709, 517]  tape=3.152km B=16.53T unif=0.505% hoop=392MPa
  [ 105] viol   f=  17.019  a=75.1 b=123.5 gap=17.2 (face=6.4mm) n=[774, 589, 597, 163, 680, 504, 271]  tape=2.534km B=7.31T unif=0.755% hoop=400MPa
  [ 106] OK     f=   2.459  a=56.7 b=108.9 gap=21.5 (face=15.0mm) n=[880, 671, 503, 146, 609, 536, 609]  tape=2.459km B=11.12T unif=0.703% hoop=400MPa
  [ 107] OK     f=   2.547  a=52.3 b=116.4 gap=16.2 (face=4.4mm) n=[748, 661, 365, 581, 770, 722, 297]  tape=2.547km B=13.21T unif=0.629% hoop=400MPa
  [ 108] viol   f=   6.422  a=74.4 b=129.6 gap=19.0 (face=10.0mm) n=[898, 662, 571, 242, 896, 526, 355]  tape=3.066km B=8.70T unif=0.637% hoop=400MPa
  [ 109] viol   f=   3.178  a=51.1 b=163.7 gap=24.2 (face=20.4mm) n=[796, 866, 57, 316, 755, 158, 118]  tape=2.497km B=9.42T unif=0.213% hoop=269MPa
  [ 110] OK     f=   2.674  a=46.3 b=124.3 gap=15.5 (face=3.0mm) n=[592, 870, 306, 458, 457, 726, 653]  tape=2.674km B=12.44T unif=0.345% hoop=400MPa
  [ 111] OK     f=   2.841  a=50.9 b=126.4 gap=20.0 (face=12.0mm) n=[898, 632, 621, 195, 900, 721, 302]  tape=2.841km B=12.71T unif=0.384% hoop=400MPa
  [ 112] OK     f=   1.823  a=47.9 b=112.5 gap=18.8 (face=9.6mm) n=[723, 229, 593, 303, 492, 582, 95]  tape=1.823km B=10.27T unif=0.624% hoop=308MPa
  [ 113] OK     f=   2.201  a=51.3 b=98.5 gap=16.1 (face=4.3mm) n=[896, 583, 868, 93, 900, 480, 196]  tape=2.201km B=14.58T unif=0.971% hoop=400MPa
  [ 114] OK     f=   1.884  a=54.2 b=92.2 gap=20.9 (face=13.8mm) n=[463, 759, 452, 101, 479, 691, 579]  tape=1.884km B=11.20T unif=0.848% hoop=384MPa
  [ 115] OK     f=   1.967  a=49.6 b=90.7 gap=16.8 (face=5.7mm) n=[546, 509, 900, 137, 606, 874, 159]  tape=1.967km B=12.26T unif=0.931% hoop=400MPa
  [ 116] INFEAS f=9041.817  a=25.4 b=88.1 gap=16.2 (face=4.4mm) n=[825, 486, 561, 243, 354, 661, 394]  no evaluation (geometry pre-check)
  [ 117] INFEAS f=35730.912  a=18.1 b=103.3 gap=21.0 (face=14.1mm) n=[873, 573, 699, 281, 720, 615, 262]  no evaluation (geometry pre-check)
  [ 118] viol   f=   2.682  a=58.6 b=86.8 gap=17.6 (face=7.3mm) n=[677, 316, 564, 107, 809, 877, 268]  tape=1.926km B=11.25T unif=1.061% hoop=400MPa
  [ 119] viol   f=   1.772  a=46.9 b=87.9 gap=16.9 (face=5.9mm) n=[632, 837, 885, 329, 86, 573, 77]  tape=1.731km B=13.26T unif=1.014% hoop=355MPa
  [ 120] viol   f=2347.536  a=37.7 b=127.7 gap=15.7 (face=3.4mm) n=[897, 238, 852, 846, 594, 726, 84]  tape=2.672km B=17.49T unif=4.424% hoop=329MPa
  [ 121] viol   f=   7.131  a=72.6 b=98.1 gap=25.2 (face=22.4mm) n=[819, 405, 797, 163, 96, 617, 164]  tape=1.848km B=8.56T unif=1.076% hoop=356MPa
  [ 122] viol   f=   4.631  a=51.2 b=94.2 gap=15.7 (face=3.4mm) n=[707, 892, 715, 635, 62, 758, 132]  tape=2.085km B=13.78T unif=1.113% hoop=400MPa
  [ 123] INFEAS f=6524.751  a=46.3 b=39.6 gap=15.5 (face=3.0mm) n=[368, 606, 817, 102, 51, 432, 252]  no evaluation (geometry pre-check)
  [ 124] viol   f= 239.835  a=76.7 b=82.8 gap=16.5 (face=5.0mm) n=[819, 787, 899, 241, 115, 792, 178]  tape=2.085km B=10.23T unif=2.090% hoop=400MPa
  [ 125] INFEAS f=1042.040  a=35.7 b=107.9 gap=15.7 (face=3.5mm) n=[876, 818, 889, 769, 301, 855, 543]  no evaluation (geometry pre-check)
  [ 126] INFEAS f=9012.823  a=25.2 b=73.0 gap=17.1 (face=6.2mm) n=[819, 458, 604, 276, 670, 769, 136]  no evaluation (geometry pre-check)
  [ 127] viol   f=   2.504  a=63.1 b=107.0 gap=19.3 (face=10.6mm) n=[482, 891, 821, 101, 87, 654, 67]  tape=1.920km B=9.46T unif=0.962% hoop=367MPa
  [ 128] viol   f=   2.544  a=36.9 b=75.0 gap=16.8 (face=5.6mm) n=[730, 659, 502, 269, 89, 698, 131]  tape=1.287km B=14.14T unif=1.079% hoop=265MPa
  [ 129] viol   f=  16.366  a=57.2 b=82.2 gap=19.9 (face=11.9mm) n=[389, 405, 756, 241, 240, 491, 313]  tape=1.492km B=8.56T unif=1.231% hoop=400MPa
  [ 130] viol   f=   1.704  a=36.7 b=74.3 gap=20.3 (face=12.7mm) n=[714, 493, 781, 231, 221, 603, 176]  tape=1.381km B=13.23T unif=1.040% hoop=260MPa
  [ 131] OK     f=   1.582  a=43.4 b=75.1 gap=25.6 (face=23.1mm) n=[674, 661, 636, 292, 203, 722, 493]  tape=1.582km B=12.94T unif=0.853% hoop=275MPa
  [ 132] viol   f=   7.715  a=53.8 b=78.8 gap=16.5 (face=5.1mm) n=[511, 459, 361, 184, 371, 853, 147]  tape=1.485km B=9.19T unif=1.157% hoop=400MPa
  [ 133] INFEAS f=1112.815  a=60.4 b=63.7 gap=16.2 (face=4.5mm) n=[796, 863, 630, 183, 432, 763, 143]  no evaluation (geometry pre-check)
  [ 134] viol   f= 204.391  a=50.9 b=61.1 gap=17.2 (face=6.3mm) n=[403, 740, 736, 52, 60, 748, 418]  tape=1.225km B=13.11T unif=2.008% hoop=312MPa
  [ 135] viol   f=   1.722  a=55.2 b=102.9 gap=18.2 (face=8.4mm) n=[785, 57, 718, 241, 393, 743, 50]  tape=1.710km B=9.92T unif=0.896% hoop=306MPa
  [ 136] OK     f=   1.788  a=37.6 b=109.8 gap=24.9 (face=21.9mm) n=[765, 652, 542, 229, 229, 485, 195]  tape=1.788km B=11.04T unif=0.539% hoop=237MPa
  [ 137] OK     f=   1.466  a=39.7 b=90.3 gap=15.7 (face=3.5mm) n=[179, 273, 695, 316, 446, 711, 315]  tape=1.466km B=10.93T unif=0.828% hoop=289MPa
  [ 138] OK     f=   1.987  a=41.1 b=86.9 gap=21.0 (face=13.9mm) n=[874, 801, 900, 142, 581, 715, 146]  tape=1.987km B=16.43T unif=0.561% hoop=302MPa
  [ 139] viol   f=  10.911  a=68.5 b=90.4 gap=21.0 (face=13.9mm) n=[135, 528, 749, 54, 310, 900, 76]  tape=1.591km B=7.84T unif=0.965% hoop=341MPa
  [ 140] viol   f= 423.626  a=58.9 b=72.0 gap=16.5 (face=4.9mm) n=[828, 855, 877, 136, 210, 704, 508]  tape=1.883km B=15.00T unif=2.452% hoop=400MPa
  [ 141] INFEAS f=1740.327  a=24.8 b=71.5 gap=24.0 (face=20.0mm) n=[160, 50, 434, 483, 649, 607, 145]  no evaluation (geometry pre-check)
  [ 142] viol   f=   3.912  a=45.0 b=56.6 gap=19.9 (face=11.8mm) n=[611, 146, 817, 641, 287, 355, 119]  tape=1.153km B=12.09T unif=1.117% hoop=266MPa
  [ 143] OK     f=   1.784  a=46.1 b=86.9 gap=15.6 (face=3.2mm) n=[500, 559, 588, 900, 252, 589, 50]  tape=1.784km B=12.04T unif=0.992% hoop=400MPa
  [ 144] INFEAS f=2846.639  a=29.2 b=105.9 gap=20.8 (face=13.6mm) n=[512, 140, 808, 549, 456, 617, 556]  no evaluation (geometry pre-check)
  [ 145] OK     f=   1.441  a=41.9 b=63.9 gap=16.9 (face=5.9mm) n=[372, 384, 513, 427, 896, 777, 93]  tape=1.441km B=12.52T unif=0.915% hoop=400MPa
  [ 146] viol   f=   5.095  a=43.0 b=99.1 gap=31.2 (face=34.4mm) n=[291, 509, 729, 214, 185, 610, 837]  tape=1.857km B=8.73T unif=0.428% hoop=241MPa
  [ 147] viol   f=  16.346  a=51.7 b=96.5 gap=31.0 (face=34.1mm) n=[230, 518, 260, 535, 462, 450, 144]  tape=1.375km B=7.26T unif=0.524% hoop=274MPa
  [ 148] viol   f=  17.319  a=57.6 b=100.2 gap=22.1 (face=16.1mm) n=[667, 330, 533, 136, 144, 233, 279]  tape=1.363km B=7.18T unif=0.949% hoop=297MPa
  [ 149] INFEAS f=4517.422  a=17.5 b=100.8 gap=15.9 (face=3.8mm) n=[499, 536, 486, 430, 226, 399, 161]  no evaluation (geometry pre-check)
  [ 150] viol   f=  68.124  a=46.6 b=62.0 gap=17.4 (face=6.8mm) n=[811, 183, 793, 168, 169, 900, 73]  tape=1.238km B=12.72T unif=1.578% hoop=272MPa
  [ 151] viol   f=   1.556  a=52.1 b=82.0 gap=20.2 (face=12.3mm) n=[432, 788, 196, 127, 649, 837, 53]  tape=1.518km B=10.40T unif=1.014% hoop=307MPa
  [ 152] OK     f=   2.369  a=56.8 b=116.7 gap=19.0 (face=10.0mm) n=[594, 716, 510, 257, 535, 854, 162]  tape=2.369km B=10.02T unif=0.602% hoop=400MPa
  [ 153] INFEAS f=2272.804  a=32.7 b=109.3 gap=15.7 (face=3.3mm) n=[160, 879, 524, 882, 244, 809, 185]  no evaluation (geometry pre-check)
  [ 154] INFEAS f=38452.846  a=10.5 b=67.7 gap=15.6 (face=3.2mm) n=[178, 525, 473, 238, 689, 458, 230]  no evaluation (geometry pre-check)
  [ 155] OK     f=   1.335  a=47.2 b=66.7 gap=20.3 (face=12.5mm) n=[271, 231, 659, 116, 881, 900, 88]  tape=1.335km B=10.96T unif=0.468% hoop=284MPa
  [ 156] OK     f=   1.326  a=40.9 b=74.0 gap=19.9 (face=11.8mm) n=[324, 450, 450, 645, 651, 605, 63]  tape=1.326km B=12.26T unif=0.939% hoop=297MPa
  [ 157] INFEAS f=15457.130  a=20.7 b=104.8 gap=17.7 (face=7.4mm) n=[410, 213, 642, 307, 777, 501, 237]  no evaluation (geometry pre-check)
  [ 158] INFEAS f=5115.961  a=30.3 b=66.8 gap=21.3 (face=14.7mm) n=[333, 169, 888, 70, 548, 891, 341]  no evaluation (geometry pre-check)
  [ 159] INFEAS f=3885.655  a=29.3 b=53.4 gap=16.1 (face=4.2mm) n=[293, 736, 837, 477, 186, 594, 538]  no evaluation (geometry pre-check)
  [ 160] viol   f=  32.002  a=39.3 b=72.3 gap=17.0 (face=6.1mm) n=[750, 677, 626, 543, 306, 865, 277]  tape=1.738km B=16.49T unif=1.389% hoop=347MPa
  [ 161] viol   f= 182.613  a=52.2 b=71.3 gap=15.9 (face=3.8mm) n=[217, 587, 416, 81, 564, 343, 183]  tape=1.052km B=9.18T unif=1.949% hoop=307MPa
  [ 162] INFEAS f=1200.636  a=74.0 b=76.8 gap=15.6 (face=3.2mm) n=[297, 353, 404, 54, 891, 881, 121]  no evaluation (geometry pre-check)
  [ 163] OK     f=   1.763  a=44.8 b=102.0 gap=15.5 (face=3.0mm) n=[65, 457, 899, 539, 356, 512, 179]  tape=1.763km B=10.38T unif=0.654% hoop=349MPa
  [ 164] OK     f=   1.349  a=40.7 b=82.4 gap=16.2 (face=4.4mm) n=[646, 340, 179, 143, 734, 742, 143]  tape=1.349km B=11.23T unif=0.755% hoop=269MPa
  [ 165] INFEAS f=1946.628  a=33.8 b=82.7 gap=15.5 (face=3.0mm) n=[111, 512, 804, 468, 900, 884, 418]  no evaluation (geometry pre-check)
  [ 166] viol   f=  10.504  a=50.0 b=84.7 gap=15.5 (face=3.0mm) n=[244, 749, 713, 241, 754, 733, 532]  tape=1.894km B=14.83T unif=1.207% hoop=368MPa
  [ 167] viol   f=  24.763  a=45.1 b=60.9 gap=16.2 (face=4.5mm) n=[298, 718, 563, 730, 458, 895, 171]  tape=1.549km B=15.16T unif=1.341% hoop=372MPa
  [ 168] INFEAS f=53174.556  a=3.7 b=78.3 gap=17.1 (face=6.2mm) n=[158, 382, 597, 513, 485, 497, 259]  no evaluation (geometry pre-check)
  [ 169] viol   f=  17.656  a=53.6 b=61.3 gap=15.8 (face=3.6mm) n=[372, 841, 148, 639, 898, 838, 306]  tape=1.663km B=15.79T unif=1.283% hoop=380MPa
  [ 170] INFEAS f=14921.535  a=58.9 b=45.2 gap=15.6 (face=3.2mm) n=[579, 647, 820, 562, 794, 771, 344]  no evaluation (geometry pre-check)
  [ 171] OK     f=   1.783  a=44.0 b=104.9 gap=17.9 (face=7.8mm) n=[194, 666, 156, 636, 471, 763, 262]  tape=1.783km B=10.74T unif=0.499% hoop=286MPa
  [ 172] viol   f=  34.389  a=53.0 b=84.5 gap=16.2 (face=4.3mm) n=[653, 714, 591, 227, 536, 750, 230]  tape=1.825km B=12.90T unif=1.404% hoop=400MPa
  [ 173] INFEAS f=1625.047  a=34.3 b=58.6 gap=16.6 (face=5.1mm) n=[84, 898, 899, 873, 610, 716, 262]  no evaluation (geometry pre-check)
  [ 174] INFEAS f=1309.253  a=35.1 b=61.2 gap=16.4 (face=4.7mm) n=[657, 493, 374, 513, 873, 900, 272]  no evaluation (geometry pre-check)
  [ 175] OK     f=   2.458  a=40.1 b=129.0 gap=15.9 (face=3.8mm) n=[400, 688, 848, 262, 386, 897, 216]  tape=2.458km B=13.03T unif=0.291% hoop=355MPa
  [ 176] viol   f=   6.117  a=52.7 b=79.3 gap=17.0 (face=6.0mm) n=[798, 295, 489, 78, 899, 723, 708]  tape=1.932km B=13.77T unif=1.145% hoop=383MPa
  [ 177] INFEAS f=1046.199  a=36.1 b=78.6 gap=18.9 (face=9.8mm) n=[143, 686, 667, 143, 589, 899, 328]  no evaluation (geometry pre-check)
  [ 178] INFEAS f=12462.157  a=26.3 b=108.6 gap=17.0 (face=6.1mm) n=[891, 654, 851, 585, 666, 866, 258]  no evaluation (geometry pre-check)
  [ 179] viol   f=   2.746  a=68.5 b=120.2 gap=17.4 (face=6.9mm) n=[682, 868, 125, 559, 890, 787, 123]  tape=2.716km B=9.88T unif=0.719% hoop=400MPa
  [ 180] OK     f=   1.688  a=37.6 b=112.7 gap=16.8 (face=5.6mm) n=[525, 357, 536, 111, 449, 772, 94]  tape=1.688km B=10.06T unif=0.381% hoop=291MPa
  [ 181] INFEAS f=2516.388  a=29.6 b=121.0 gap=15.5 (face=3.0mm) n=[119, 567, 175, 173, 586, 807, 67]  no evaluation (geometry pre-check)
  [ 182] viol   f=   2.116  a=46.2 b=91.7 gap=16.0 (face=4.1mm) n=[154, 692, 310, 313, 409, 590, 137]  tape=1.365km B=9.39T unif=0.944% hoop=370MPa
  [ 183] OK     f=   2.442  a=58.0 b=109.0 gap=16.0 (face=4.0mm) n=[589, 793, 566, 392, 526, 750, 375]  tape=2.442km B=10.81T unif=0.812% hoop=400MPa
  [ 184] INFEAS f=1630.589  a=34.3 b=117.6 gap=25.0 (face=22.0mm) n=[141, 899, 509, 726, 535, 805, 661]  no evaluation (geometry pre-check)
  [ 185] OK     f=   2.501  a=38.2 b=140.6 gap=15.6 (face=3.1mm) n=[545, 765, 360, 297, 629, 741, 279]  tape=2.501km B=13.59T unif=0.412% hoop=348MPa
  [ 186] INFEAS f=3756.363  a=19.6 b=120.1 gap=17.1 (face=6.1mm) n=[340, 576, 407, 361, 532, 567, 531]  no evaluation (geometry pre-check)
  [ 187] viol   f=   1.500  a=34.1 b=69.6 gap=15.5 (face=3.0mm) n=[591, 639, 252, 182, 695, 817, 520]  tape=1.491km B=15.16T unif=1.007% hoop=292MPa
  [ 188] OK     f=   1.554  a=30.5 b=108.3 gap=18.0 (face=8.0mm) n=[292, 564, 89, 693, 328, 646, 242]  tape=1.554km B=11.10T unif=0.437% hoop=211MPa
  [ 189] viol   f=   3.645  a=62.0 b=136.7 gap=17.6 (face=7.3mm) n=[370, 844, 554, 220, 604, 875, 75]  tape=2.618km B=9.28T unif=0.454% hoop=400MPa
  [ 190] INFEAS f=1156.709  a=23.8 b=77.0 gap=16.4 (face=4.8mm) n=[355, 450, 268, 69, 151, 587, 288]  no evaluation (geometry pre-check)
  [ 191] INFEAS f=3786.540  a=23.5 b=111.1 gap=15.5 (face=3.0mm) n=[452, 679, 662, 325, 161, 629, 472]  no evaluation (geometry pre-check)
  [ 192] viol   f= 106.218  a=45.2 b=70.9 gap=15.6 (face=3.2mm) n=[318, 465, 505, 330, 524, 429, 281]  tape=1.168km B=11.73T unif=1.725% hoop=331MPa
  [ 193] OK     f=   2.041  a=43.0 b=105.3 gap=15.6 (face=3.1mm) n=[636, 667, 111, 670, 291, 815, 419]  tape=2.041km B=13.05T unif=0.612% hoop=354MPa
  [ 194] viol   f=   1.821  a=42.4 b=67.1 gap=17.7 (face=7.4mm) n=[126, 580, 474, 419, 885, 601, 243]  tape=1.449km B=12.12T unif=1.043% hoop=343MPa
  [ 195] INFEAS f=10648.300  a=27.4 b=74.7 gap=17.3 (face=6.6mm) n=[808, 900, 122, 626, 254, 880, 387]  no evaluation (geometry pre-check)
  [ 196] OK     f=   2.314  a=41.8 b=124.2 gap=16.2 (face=4.5mm) n=[301, 840, 116, 167, 793, 810, 665]  tape=2.314km B=13.12T unif=0.205% hoop=291MPa
  [ 197] OK     f=   1.753  a=39.2 b=87.2 gap=21.4 (face=14.8mm) n=[454, 758, 67, 730, 633, 899, 73]  tape=1.753km B=12.74T unif=0.655% hoop=270MPa
  [ 198] viol   f=  57.738  a=37.6 b=69.0 gap=15.9 (face=3.8mm) n=[531, 728, 568, 573, 265, 724, 55]  tape=1.352km B=15.40T unif=1.531% hoop=312MPa
  [ 199] INFEAS f=2215.546  a=25.5 b=85.3 gap=15.6 (face=3.3mm) n=[688, 527, 272, 489, 546, 534, 137]  no evaluation (geometry pre-check)
  [ 200] OK     f=   1.239  a=35.9 b=49.2 gap=19.2 (face=10.5mm) n=[447, 448, 241, 403, 423, 877, 739]  tape=1.239km B=12.59T unif=0.268% hoop=400MPa
  [ 201] INFEAS f=4126.762  a=29.5 b=78.6 gap=15.8 (face=3.6mm) n=[400, 667, 568, 723, 84, 847, 477]  no evaluation (geometry pre-check)
  [ 202] viol   f=   4.750  a=59.6 b=70.8 gap=19.4 (face=10.8mm) n=[290, 421, 168, 214, 637, 760, 213]  tape=1.296km B=8.69T unif=0.956% hoop=340MPa
  [ 203] viol   f=  19.070  a=48.1 b=61.4 gap=16.7 (face=5.3mm) n=[188, 831, 251, 857, 768, 875, 238]  tape=1.559km B=16.35T unif=1.296% hoop=310MPa
  [ 204] OK     f=   1.360  a=44.7 b=57.9 gap=26.4 (face=24.8mm) n=[138, 158, 413, 547, 737, 865, 648]  tape=1.360km B=10.57T unif=0.980% hoop=270MPa
  [ 205] INFEAS f=17614.198  a=18.2 b=84.0 gap=15.9 (face=3.7mm) n=[292, 509, 290, 612, 630, 731, 696]  no evaluation (geometry pre-check)
  [ 206] INFEAS f=1431.788  a=29.6 b=75.8 gap=19.0 (face=10.0mm) n=[457, 762, 125, 442, 344, 599, 64]  no evaluation (geometry pre-check)
  [ 207] INFEAS f=1085.449  a=36.9 b=40.4 gap=20.2 (face=12.3mm) n=[187, 579, 104, 514, 536, 640, 364]  no evaluation (geometry pre-check)
  [ 208] viol   f= 173.366  a=40.9 b=54.5 gap=17.4 (face=6.7mm) n=[392, 524, 501, 142, 499, 592, 71]  tape=0.920km B=12.28T unif=1.929% hoop=272MPa
  [ 209] INFEAS f=58388.220  a=13.9 b=44.0 gap=20.2 (face=12.3mm) n=[441, 636, 236, 898, 69, 565, 560]  no evaluation (geometry pre-check)
  [ 210] INFEAS f=14543.290  a=25.5 b=48.3 gap=18.4 (face=8.9mm) n=[133, 613, 299, 367, 653, 895, 416]  no evaluation (geometry pre-check)
  [ 211] INFEAS f=2673.354  a=58.4 b=57.0 gap=30.9 (face=33.9mm) n=[239, 97, 319, 348, 782, 838, 461]  no evaluation (geometry pre-check)
  [ 212] OK     f=   1.490  a=47.5 b=56.9 gap=20.2 (face=12.5mm) n=[56, 839, 346, 764, 505, 816, 734]  tape=1.490km B=15.54T unif=0.509% hoop=305MPa
  [ 213] viol   f=  11.975  a=55.9 b=81.3 gap=16.2 (face=4.4mm) n=[144, 527, 224, 130, 514, 721, 326]  tape=1.315km B=8.44T unif=1.170% hoop=317MPa
  [ 214] INFEAS f=1413.545  a=48.8 b=50.6 gap=18.4 (face=8.8mm) n=[250, 440, 120, 559, 256, 755, 708]  no evaluation (geometry pre-check)
  [ 215] OK     f=   1.014  a=41.8 b=53.4 gap=20.1 (face=12.2mm) n=[434, 336, 348, 569, 564, 419, 340]  tape=1.014km B=12.53T unif=0.908% hoop=313MPa
  [ 216] viol   f=   2.383  a=59.7 b=76.0 gap=17.4 (face=6.8mm) n=[209, 594, 348, 887, 394, 875, 524]  tape=1.898km B=12.16T unif=1.049% hoop=400MPa
  [ 217] INFEAS f=17895.369  a=69.2 b=53.7 gap=20.5 (face=13.0mm) n=[63, 263, 204, 518, 779, 591, 93]  no evaluation (geometry pre-check)
  [ 218] INFEAS f=3347.981  a=74.5 b=71.9 gap=22.4 (face=16.8mm) n=[71, 472, 891, 584, 662, 569, 708]  no evaluation (geometry pre-check)
  [ 219] INFEAS f=29878.100  a=44.3 b=22.4 gap=31.3 (face=34.6mm) n=[111, 161, 578, 144, 742, 559, 116]  no evaluation (geometry pre-check)
  [ 220] viol   f=  17.481  a=38.5 b=59.9 gap=15.5 (face=3.0mm) n=[105, 591, 216, 349, 260, 732, 253]  tape=0.971km B=10.09T unif=1.287% hoop=252MPa
  [ 221] INFEAS f=1326.127  a=33.4 b=59.2 gap=20.6 (face=13.2mm) n=[155, 781, 226, 856, 299, 419, 173]  no evaluation (geometry pre-check)
  [ 222] viol   f=  42.575  a=59.3 b=85.5 gap=15.7 (face=3.4mm) n=[164, 894, 365, 658, 254, 697, 361]  tape=1.846km B=11.05T unif=1.451% hoop=400MPa
  [ 223] INFEAS f=13379.962  a=48.2 b=35.6 gap=16.1 (face=4.1mm) n=[119, 446, 354, 689, 74, 72, 699]  no evaluation (geometry pre-check)
  [ 224] INFEAS f=44329.932  a=52.1 b=24.2 gap=17.3 (face=6.6mm) n=[66, 315, 58, 549, 899, 840, 809]  no evaluation (geometry pre-check)
  [ 225] viol   f=   2.078  a=40.2 b=66.6 gap=21.2 (face=14.4mm) n=[409, 899, 124, 62, 455, 138, 382]  tape=1.085km B=9.30T unif=0.519% hoop=231MPa
  [ 226] viol   f=  25.836  a=54.7 b=60.3 gap=15.9 (face=3.8mm) n=[370, 689, 565, 266, 888, 491, 609]  tape=1.665km B=13.69T unif=1.348% hoop=400MPa
  [ 227] viol   f=  46.467  a=66.9 b=79.9 gap=18.1 (face=8.1mm) n=[369, 851, 399, 895, 757, 778, 494]  tape=2.340km B=12.98T unif=1.470% hoop=400MPa
  [ 228] INFEAS f=1773.204  a=52.5 b=53.1 gap=19.4 (face=10.7mm) n=[134, 478, 767, 406, 897, 891, 252]  no evaluation (geometry pre-check)
  [ 229] INFEAS f=5791.586  a=18.1 b=13.8 gap=15.9 (face=3.9mm) n=[182, 494, 321, 296, 475, 245, 331]  no evaluation (geometry pre-check)
  [ 230] OK     f=   1.254  a=51.9 b=68.4 gap=21.1 (face=14.2mm) n=[309, 511, 79, 654, 385, 648, 349]  tape=1.254km B=10.30T unif=0.980% hoop=302MPa
  [ 231] INFEAS f=1015.942  a=63.5 b=67.8 gap=15.6 (face=3.1mm) n=[360, 703, 358, 635, 765, 527, 637]  no evaluation (geometry pre-check)
  [ 232] viol   f=   8.772  a=58.3 b=95.8 gap=16.0 (face=4.0mm) n=[441, 695, 160, 184, 448, 448, 333]  tape=1.548km B=8.61T unif=1.129% hoop=391MPa
  [ 233] viol   f=  29.695  a=43.0 b=76.1 gap=15.8 (face=3.6mm) n=[274, 592, 465, 84, 206, 447, 505]  tape=1.125km B=10.20T unif=1.378% hoop=271MPa
  [ 234] OK     f=   2.075  a=47.5 b=85.5 gap=23.3 (face=18.7mm) n=[783, 821, 511, 281, 821, 603, 453]  tape=2.075km B=14.93T unif=0.884% hoop=350MPa
  [ 235] viol   f=  63.861  a=55.3 b=70.9 gap=15.5 (face=3.1mm) n=[89, 766, 126, 333, 555, 576, 732]  tape=1.429km B=11.46T unif=1.559% hoop=372MPa
  [ 236] OK     f=   1.697  a=51.1 b=94.8 gap=15.7 (face=3.3mm) n=[116, 829, 156, 566, 513, 873, 62]  tape=1.697km B=10.66T unif=0.913% hoop=336MPa
  [ 237] INFEAS f=1062.789  a=51.8 b=55.6 gap=15.9 (face=3.8mm) n=[237, 795, 69, 824, 317, 548, 215]  no evaluation (geometry pre-check)
  [ 238] INFEAS f=3865.765  a=31.1 b=57.8 gap=16.9 (face=5.9mm) n=[112, 886, 193, 753, 125, 452, 73]  no evaluation (geometry pre-check)
  [ 239] INFEAS f=32286.435  a=17.7 b=20.2 gap=16.0 (face=4.0mm) n=[460, 553, 312, 608, 488, 838, 365]  no evaluation (geometry pre-check)
  [ 240] viol   f=  74.967  a=58.7 b=82.8 gap=15.8 (face=3.5mm) n=[691, 897, 440, 318, 672, 493, 580]  tape=2.154km B=12.06T unif=1.603% hoop=400MPa
  [ 241] viol   f=   1.845  a=44.6 b=78.4 gap=19.1 (face=10.3mm) n=[126, 396, 269, 538, 751, 407, 292]  tape=1.329km B=9.49T unif=0.896% hoop=290MPa
  [ 242] viol   f=  20.564  a=40.5 b=68.6 gap=15.5 (face=3.0mm) n=[453, 158, 234, 152, 409, 661, 77]  tape=0.904km B=8.28T unif=1.262% hoop=243MPa
  [ 243] viol   f=  24.214  a=59.7 b=112.9 gap=19.5 (face=10.9mm) n=[249, 523, 108, 83, 511, 707, 174]  tape=1.507km B=6.63T unif=0.631% hoop=300MPa
  [ 244] viol   f=  45.041  a=62.0 b=87.0 gap=15.6 (face=3.2mm) n=[223, 898, 157, 363, 805, 429, 351]  tape=1.799km B=10.32T unif=1.465% hoop=393MPa
  [ 245] viol   f=  15.571  a=61.5 b=87.7 gap=18.6 (face=9.2mm) n=[440, 690, 388, 91, 619, 323, 545]  tape=1.644km B=9.79T unif=1.263% hoop=400MPa
  [ 246] viol   f=  15.166  a=53.3 b=76.1 gap=18.6 (face=9.2mm) n=[433, 810, 242, 455, 763, 762, 171]  tape=1.702km B=12.89T unif=1.259% hoop=376MPa
  [ 247] viol   f=   2.373  a=44.8 b=100.6 gap=15.9 (face=3.9mm) n=[146, 845, 62, 311, 467, 677, 77]  tape=1.462km B=9.32T unif=0.502% hoop=258MPa
  [ 248] viol   f=   6.910  a=53.9 b=91.8 gap=15.7 (face=3.4mm) n=[442, 733, 421, 61, 432, 580, 364]  tape=1.641km B=10.24T unif=1.162% hoop=400MPa
  [ 249] viol   f=   2.128  a=50.4 b=118.5 gap=18.5 (face=9.0mm) n=[528, 839, 93, 259, 478, 641, 241]  tape=2.009km B=9.76T unif=0.506% hoop=351MPa
  [ 250] OK     f=   1.460  a=45.6 b=106.2 gap=17.3 (face=6.5mm) n=[448, 433, 456, 288, 431, 383, 254]  tape=1.460km B=10.05T unif=0.718% hoop=328MPa
  [ 251] viol   f=  10.366  a=49.4 b=73.5 gap=15.6 (face=3.2mm) n=[115, 358, 645, 373, 853, 624, 218]  tape=1.498km B=11.33T unif=1.211% hoop=354MPa
  [ 252] viol   f=  19.479  a=52.0 b=91.8 gap=19.5 (face=11.0mm) n=[261, 152, 100, 267, 709, 311, 524]  tape=1.271km B=6.98T unif=0.736% hoop=266MPa
  [ 253] viol   f=  23.527  a=47.9 b=83.5 gap=16.2 (face=4.3mm) n=[232, 575, 356, 131, 129, 559, 148]  tape=1.026km B=7.86T unif=1.258% hoop=261MPa
  [ 254] viol   f=  85.061  a=51.1 b=72.8 gap=15.5 (face=3.1mm) n=[320, 768, 149, 130, 598, 694, 269]  tape=1.337km B=10.93T unif=1.647% hoop=313MPa
  [ 255] viol   f=  11.189  a=46.8 b=91.9 gap=15.5 (face=3.1mm) n=[59, 616, 186, 263, 454, 235, 363]  tape=1.141km B=7.76T unif=0.992% hoop=261MPa
  [ 256] viol   f=  25.921  a=62.1 b=122.7 gap=21.9 (face=15.9mm) n=[445, 729, 66, 67, 351, 467, 252]  tape=1.642km B=6.52T unif=0.588% hoop=312MPa
  [ 257] OK     f=   1.792  a=37.3 b=128.6 gap=18.5 (face=9.1mm) n=[560, 531, 118, 462, 637, 463, 75]  tape=1.792km B=10.95T unif=0.348% hoop=247MPa
  [ 258] OK     f=   1.355  a=41.9 b=87.8 gap=16.0 (face=4.1mm) n=[232, 247, 299, 446, 531, 571, 528]  tape=1.355km B=10.47T unif=0.779% hoop=307MPa
  [ 259] viol   f=  15.653  a=60.8 b=104.7 gap=15.5 (face=3.1mm) n=[168, 360, 63, 130, 876, 674, 303]  tape=1.615km B=7.35T unif=0.776% hoop=313MPa
  [ 260] viol   f=   2.893  a=51.3 b=97.6 gap=20.2 (face=12.3mm) n=[362, 504, 188, 353, 673, 582, 258]  tape=1.614km B=9.20T unif=0.741% hoop=337MPa
  [ 261] viol   f=   1.438  a=30.0 b=104.1 gap=15.7 (face=3.3mm) n=[331, 295, 147, 271, 688, 635, 317]  tape=1.438km B=9.99T unif=0.803% hoop=247MPa
  [ 262] viol   f=   1.692  a=40.7 b=97.8 gap=15.9 (face=3.7mm) n=[438, 363, 147, 305, 848, 475, 434]  tape=1.689km B=9.96T unif=0.689% hoop=367MPa
  [ 263] viol   f=   6.152  a=43.0 b=91.6 gap=17.1 (face=6.2mm) n=[174, 275, 371, 364, 633, 493, 97]  tape=1.234km B=8.43T unif=0.740% hoop=336MPa
  [ 264] viol   f=  16.015  a=42.6 b=108.7 gap=17.0 (face=6.1mm) n=[89, 226, 616, 75, 775, 300, 60]  tape=1.262km B=7.28T unif=0.464% hoop=204MPa
  [ 265] viol   f= 763.377  a=35.5 b=146.7 gap=16.1 (face=4.3mm) n=[80, 840, 61, 469, 369, 786, 68]  tape=1.915km B=10.18T unif=2.951% hoop=231MPa
  [ 266] viol   f=   6.497  a=41.5 b=60.8 gap=15.6 (face=3.2mm) n=[228, 438, 308, 436, 574, 623, 472]  tape=1.146km B=12.56T unif=1.164% hoop=317MPa
  [ 267] INFEAS f=14548.709  a=25.3 b=48.3 gap=16.1 (face=4.1mm) n=[165, 329, 167, 63, 890, 404, 661]  no evaluation (geometry pre-check)
  [ 268] viol   f=   3.831  a=40.5 b=79.5 gap=15.8 (face=3.5mm) n=[332, 504, 164, 151, 461, 526, 239]  tape=1.044km B=9.53T unif=1.108% hoop=264MPa
  [ 269] viol   f=   5.894  a=46.3 b=87.9 gap=15.7 (face=3.5mm) n=[306, 132, 146, 226, 668, 537, 483]  tape=1.265km B=8.48T unif=0.903% hoop=262MPa
  [ 270] viol   f=  11.050  a=40.1 b=107.8 gap=15.7 (face=3.3mm) n=[79, 264, 91, 96, 846, 446, 588]  tape=1.421km B=7.81T unif=0.622% hoop=221MPa
  [ 271] viol   f=   9.064  a=37.0 b=67.6 gap=15.6 (face=3.1mm) n=[51, 247, 54, 330, 744, 404, 314]  tape=0.903km B=7.98T unif=0.908% hoop=215MPa
  [ 272] INFEAS f=1890.926  a=29.3 b=110.3 gap=16.0 (face=4.0mm) n=[317, 460, 312, 87, 777, 653, 587]  no evaluation (geometry pre-check)
  [ 273] INFEAS f=1237.294  a=35.3 b=99.1 gap=18.4 (face=8.8mm) n=[155, 407, 97, 693, 872, 899, 700]  no evaluation (geometry pre-check)
  [ 274] OK     f=   1.407  a=48.8 b=77.0 gap=17.8 (face=7.5mm) n=[98, 430, 179, 400, 745, 549, 599]  tape=1.407km B=10.16T unif=0.901% hoop=314MPa
  [ 275] viol   f= 231.366  a=36.2 b=54.8 gap=15.6 (face=3.2mm) n=[439, 543, 325, 430, 610, 231, 277]  tape=0.971km B=13.53T unif=2.073% hoop=290MPa
  [ 276] OK     f=   1.978  a=39.0 b=105.0 gap=16.0 (face=4.0mm) n=[467, 540, 317, 284, 805, 582, 477]  tape=1.978km B=12.11T unif=0.427% hoop=363MPa
  [ 277] INFEAS f=4813.625  a=26.5 b=98.5 gap=15.6 (face=3.2mm) n=[626, 275, 145, 251, 784, 610, 221]  no evaluation (geometry pre-check)
  [ 278] viol   f=   7.628  a=39.3 b=90.2 gap=19.0 (face=10.0mm) n=[211, 346, 334, 55, 857, 571, 197]  tape=1.353km B=8.23T unif=0.814% hoop=338MPa
  [ 279] INFEAS f=12295.169  a=14.0 b=78.1 gap=15.8 (face=3.7mm) n=[326, 228, 112, 218, 562, 401, 333]  no evaluation (geometry pre-check)
  [ 280] OK     f=   1.659  a=37.6 b=96.6 gap=17.7 (face=7.3mm) n=[540, 407, 250, 328, 709, 449, 492]  tape=1.659km B=11.48T unif=0.569% hoop=300MPa
  [ 281] OK     f=   1.438  a=46.6 b=74.5 gap=19.4 (face=10.9mm) n=[521, 420, 141, 352, 613, 483, 698]  tape=1.438km B=11.19T unif=0.956% hoop=336MPa  [a=75 b=166 nt=3890] KSP converged reason: 4, iterations: 1
  [a=96 b=129 nt=4120] KSP converged reason: 4, iterations: 1
  [a=68 b=175 nt=2942] KSP converged reason: 4, iterations: 1
  [a=69 b=145 nt=5118] KSP converged reason: 4, iterations: 1
  [a=59 b=146 nt=4063] KSP converged reason: 4, iterations: 1
  [a=53 b=131 nt=3616] KSP converged reason: 4, iterations: 1
  [a=60 b=140 nt=3595] KSP converged reason: 4, iterations: 1
  [a=57 b=141 nt=5374] KSP converged reason: 4, iterations: 1
  [a=74 b=141 nt=4231] KSP converged reason: 4, iterations: 1
  [a=43 b=125 nt=4971] KSP converged reason: 4, iterations: 1
  [a=37 b=131 nt=3928] KSP converged reason: 4, iterations: 1
  [a=60 b=107 nt=4386] KSP converged reason: 4, iterations: 1
  [a=51 b=157 nt=4113] KSP converged reason: 4, iterations: 1
  [a=46 b=106 nt=4601] KSP converged reason: 4, iterations: 1
  [a=51 b=101 nt=4509] KSP converged reason: 4, iterations: 1
  [a=51 b=126 nt=4269] KSP converged reason: 4, iterations: 1
  [a=77 b=83 nt=3831] KSP converged reason: 4, iterations: 1
  [a=55 b=103 nt=2987] KSP converged reason: 4, iterations: 1
  [a=46 b=87 nt=3438] KSP converged reason: 4, iterations: 1
  [a=41 b=74 nt=3188] KSP converged reason: 4, iterations: 1
  [a=41 b=82 nt=2927] KSP converged reason: 4, iterations: 1
  [a=44 b=105 nt=3148] KSP converged reason: 4, iterations: 1
  [a=58 b=109 nt=3991] KSP converged reason: 4, iterations: 1
  [a=39 b=87 nt=3614] KSP converged reason: 4, iterations: 1
  [a=60 b=71 nt=2703] KSP converged reason: 4, iterations: 1
  [a=56 b=81 nt=2586] KSP converged reason: 4, iterations: 1
  [a=55 b=60 nt=3878] KSP converged reason: 4, iterations: 1
  [a=51 b=95 nt=3115] KSP converged reason: 4, iterations: 1
  [a=60 b=113 nt=2355] KSP converged reason: 4, iterations: 1
  [a=50 b=119 nt=3079] KSP converged reason: 4, iterations: 1
  [a=47 b=92 nt=2176] KSP converged reason: 4, iterations: 1
  [a=42 b=88 nt=2854] KSP converged reason: 4, iterations: 1
  [a=42 b=61 nt=3079] KSP converged reason: 4, iterations: 1
  [a=37 b=68 nt=2144] KSP converged reason: 4, iterations: 1
  [a=47 b=74 nt=3228] KSP converged reason: 4, iterations: 1
  [a=34 b=54 nt=3078] KSP converged reason: 4, iterations: 1
  [a=43 b=87 nt=2667] KSP converged reason: 4, iterations: 1
  [a=42 b=86 nt=3704] KSP converged reason: 4, iterations: 1
  [a=68 b=128 nt=2574] KSP converged reason: 4, iterations: 1
  [a=78 b=129 nt=3666] KSP converged reason: 4, iterations: 1
  [a=76 b=138 nt=3412] KSP converged reason: 4, iterations: 1
  [a=61 b=114 nt=3086] KSP converged reason: 4, iterations: 1
  [a=77 b=131 nt=4336] KSP converged reason: 4, iterations: 1
  [a=44 b=151 nt=4486] KSP converged reason: 4, iterations: 1
  [a=52 b=116 nt=4206] KSP converged reason: 4, iterations: 1
  [a=36 b=133 nt=3751] KSP converged reason: 4, iterations: 1
  [a=65 b=138 nt=4644] KSP converged reason: 4, iterations: 1
  [a=77 b=116 nt=4706] KSP converged reason: 4, iterations: 1
  [a=59 b=110 nt=3831] KSP converged reason: 4, iterations: 1
  [a=56 b=123 nt=4319] KSP converged reason: 4, iterations: 1
  [a=39 b=107 nt=4230] KSP converged reason: 4, iterations: 1
  [a=74 b=116 nt=4296] KSP converged reason: 4, iterations: 1
  [a=70 b=110 nt=4368] KSP converged reason: 4, iterations: 1
  [a=82 b=109 nt=3317] KSP converged reason: 4, iterations: 1
  [a=52 b=116 nt=4144] KSP converged reason: 4, iterations: 1
  [a=54 b=92 nt=3524] KSP converged reason: 4, iterations: 1
  [a=63 b=107 nt=3103] KSP converged reason: 4, iterations: 1
  [a=51 b=61 nt=3157] KSP converged reason: 4, iterations: 1
  [a=59 b=72 nt=4118] KSP converged reason: 4, iterations: 1
  [a=52 b=96 nt=2599] KSP converged reason: 4, iterations: 1
  [a=52 b=71 nt=2391] KSP converged reason: 4, iterations: 1
  [a=40 b=129 nt=3697] KSP converged reason: 4, iterations: 1
  [a=38 b=141 nt=3616] KSP converged reason: 4, iterations: 1
  [a=42 b=124 nt=3692] KSP converged reason: 4, iterations: 1
  [a=40 b=67 nt=2469] KSP converged reason: 4, iterations: 1
  [a=58 b=96 nt=2709] KSP converged reason: 4, iterations: 1
  [a=45 b=78 nt=2779] KSP converged reason: 4, iterations: 1
  [a=54 b=92 nt=3033] KSP converged reason: 4, iterations: 1
  [a=51 b=73 nt=2928] KSP converged reason: 4, iterations: 1
  [a=61 b=105 nt=2574] KSP converged reason: 4, iterations: 1
  [a=43 b=92 nt=2407] KSP converged reason: 4, iterations: 1
  [a=39 b=90 nt=2571] KSP converged reason: 4, iterations: 1
  [a=43 b=98 nt=3042] KSP converged reason: 4, iterations: 1
  [a=41 b=89 nt=3349] KSP converged reason: 4, iterations: 1
  [a=46 b=54 nt=3293] KSP converged reason: 4, iterations: 1
  [a=46 b=83 nt=4096] KSP converged reason: 4, iterations: 1
  [a=70 b=132 nt=3626] KSP converged reason: 4, iterations: 1
  [a=75 b=151 nt=3215] KSP converged reason: 4, iterations: 1
  [a=93 b=163 nt=3876] KSP converged reason: 4, iterations: 1
  [a=46 b=151 nt=3943] KSP converged reason: 4, iterations: 1
  [a=73 b=119 nt=3402] KSP converged reason: 4, iterations: 1
  [a=52 b=137 nt=4093] KSP converged reason: 4, iterations: 1
  [a=68 b=134 nt=4563] KSP converged reason: 4, iterations: 1
  [a=50 b=145 nt=4153] KSP converged reason: 4, iterations: 1
  [a=42 b=128 nt=4419] KSP converged reason: 4, iterations: 1
  [a=63 b=102 nt=4516] KSP converged reason: 4, iterations: 1
  [a=68 b=106 nt=4692] KSP converged reason: 4, iterations: 1
  [a=74 b=145 nt=4151] KSP converged reason: 4, iterations: 1
  [a=45 b=134 nt=4145] KSP converged reason: 4, iterations: 1
  [a=59 b=117 nt=5280] KSP converged reason: 4, iterations: 1
  [a=69 b=119 nt=4584] KSP converged reason: 4, iterations: 1
  [a=64 b=116 nt=3610] KSP converged reason: 4, iterations: 1
  [a=35 b=108 nt=3824] KSP converged reason: 4, iterations: 1
  [a=74 b=130 nt=4150] KSP converged reason: 4, iterations: 1
  [a=50 b=91 nt=3731] KSP converged reason: 4, iterations: 1
  [a=73 b=98 nt=3061] KSP converged reason: 4, iterations: 1
  [a=54 b=79 nt=2886] KSP converged reason: 4, iterations: 1
  [a=41 b=87 nt=4159] KSP converged reason: 4, iterations: 1
  [a=42 b=64 nt=3462] KSP converged reason: 4, iterations: 1
  [a=57 b=117 nt=3628] KSP converged reason: 4, iterations: 1
  [a=50 b=85 nt=3966] KSP converged reason: 4, iterations: 1
  [a=68 b=120 nt=4034] KSP converged reason: 4, iterations: 1
  [a=62 b=137 nt=3542] KSP converged reason: 4, iterations: 1
  [a=38 b=69 nt=3444] KSP converged reason: 4, iterations: 1
  [a=48 b=61 nt=4008] KSP converged reason: 4, iterations: 1
  [a=60 b=76 nt=3831] KSP converged reason: 4, iterations: 1
  [a=52 b=68 nt=2935] KSP converged reason: 4, iterations: 1
  [a=55 b=71 nt=3177] KSP converged reason: 4, iterations: 1
  [a=62 b=87 nt=3226] KSP converged reason: 4, iterations: 1
  [a=46 b=106 nt=2693] KSP converged reason: 4, iterations: 1
  [a=62 b=123 nt=2377] KSP converged reason: 4, iterations: 1
  [a=41 b=98 nt=3010] KSP converged reason: 4, iterations: 1
  [a=40 b=108 nt=2410] KSP converged reason: 4, iterations: 1
  [a=39 b=105 nt=3472] KSP converged reason: 4, iterations: 1
  [a=38 b=93 nt=3243] KSP converged reason: 4, iterations: 1
  [a=32 b=127 nt=3224] KSP converged reason: 4, iterations: 1
  [a=42 b=86 nt=4415] KSP converged reason: 4, iterations: 1
  [a=79 b=133 nt=3114] KSP converged reason: 4, iterations: 1
  [a=82 b=137 nt=3434] KSP converged reason: 4, iterations: 1
  [a=61 b=161 nt=4180] KSP converged reason: 4, iterations: 1
  [a=91 b=137 nt=3204] KSP converged reason: 4, iterations: 1
  [a=88 b=112 nt=4376] KSP converged reason: 4, iterations: 1
  [a=74 b=95 nt=4583] KSP converged reason: 4, iterations: 1
  [a=68 b=121 nt=4777] KSP converged reason: 4, iterations: 1
  [a=74 b=113 nt=4547] KSP converged reason: 4, iterations: 1
  [a=59 b=122 nt=3871] KSP converged reason: 4, iterations: 1
  [a=41 b=139 nt=4336] KSP converged reason: 4, iterations: 1
  [a=67 b=108 nt=3550] KSP converged reason: 4, iterations: 1
  [a=67 b=118 nt=4702] KSP converged reason: 4, iterations: 1
  [a=65 b=131 nt=3722] KSP converged reason: 4, iterations: 1
  [a=41 b=121 nt=3873] KSP converged reason: 4, iterations: 1
  [a=73 b=83 nt=3960] KSP converged reason: 4, iterations: 1
  [a=53 b=167 nt=4009] KSP converged reason: 4, iterations: 1
  [a=57 b=109 nt=3954] KSP converged reason: 4, iterations: 1
  [a=51 b=164 nt=3066] KSP converged reason: 4, iterations: 1
  [a=51 b=98 nt=4016] KSP converged reason: 4, iterations: 1
  [a=51 b=94 nt=3901] KSP converged reason: 4, iterations: 1
  [a=40 b=90 nt=2935] KSP converged reason: 4, iterations: 1
  [a=69 b=90 nt=2752] KSP converged reason: 4, iterations: 1
  [a=43 b=99 nt=3375] KSP converged reason: 4, iterations: 1
  [a=47 b=67 nt=3146] KSP converged reason: 4, iterations: 1
  [a=45 b=61 nt=3833] KSP converged reason: 4, iterations: 1
  [a=38 b=113 nt=2844] KSP converged reason: 4, iterations: 1
  [a=46 b=92 nt=2605] KSP converged reason: 4, iterations: 1
  [a=43 b=105 nt=3609] KSP converged reason: 4, iterations: 1
  [a=45 b=58 nt=3506] KSP converged reason: 4, iterations: 1
  [a=39 b=60 nt=2506] KSP converged reason: 4, iterations: 1
  [a=59 b=86 nt=3393] KSP converged reason: 4, iterations: 1
  [a=43 b=76 nt=2573] KSP converged reason: 4, iterations: 1
  [a=41 b=69 nt=2144] KSP converged reason: 4, iterations: 1
  [a=45 b=101 nt=2585] KSP converged reason: 4, iterations: 1
  [a=48 b=84 nt=2130] KSP converged reason: 4, iterations: 1
  [a=30 b=104 nt=2684] KSP converged reason: 4, iterations: 1
  [a=46 b=88 nt=2498] KSP converged reason: 4, iterations: 1
  [a=36 b=55 nt=2855] KSP converged reason: 4, iterations: 1
  [a=57 b=85 nt=2609] KSP converged reason: 4, iterations: 1
  [a=44 b=83 nt=2666] KSP converged reason: 4, iterations: 1
  [a=33 b=111 nt=3484] KSP converged reason: 4, iterations: 1
  [a=45 b=82 nt=3063] KSP converged reason: 4, iterations: 1
  [a=44 b=62 nt=3450] KSP converged reason: 4, iterations: 1
  [a=65 b=129 nt=3683] KSP converged reason: 4, iterations: 1
  [a=60 b=153 nt=3363] KSP converged reason: 4, iterations: 1
  [a=66 b=155 nt=4282] KSP converged reason: 4, iterations: 1
  [a=57 b=155 nt=3989] KSP converged reason: 4, iterations: 1
  [a=72 b=154 nt=4129] KSP converged reason: 4, iterations: 1
  [a=42 b=168 nt=3989] KSP converged reason: 4, iterations: 1
  [a=35 b=147 nt=3699] KSP converged reason: 4, iterations: 1
  [a=82 b=117 nt=3589] KSP converged reason: 4, iterations: 1
  [a=72 b=108 nt=4107] KSP converged reason: 4, iterations: 1
  [a=58 b=148 nt=4837] KSP converged reason: 4, iterations: 1
  [a=68 b=104 nt=5037] KSP converged reason: 4, iterations: 1
  [a=70 b=154 nt=4497] KSP converged reason: 4, iterations: 1
  [a=80 b=141 nt=3850] KSP converged reason: 4, iterations: 1
  [a=43 b=122 nt=3820] KSP converged reason: 4, iterations: 1
  [a=48 b=121 nt=3092] KSP converged reason: 4, iterations: 1
  [a=75 b=124 nt=3578] KSP converged reason: 4, iterations: 1
  [a=46 b=124 nt=4062] KSP converged reason: 4, iterations: 1
  [a=59 b=87 nt=3618] KSP converged reason: 4, iterations: 1
  [a=47 b=88 nt=3419] KSP converged reason: 4, iterations: 1
  [a=57 b=82 nt=2835] KSP converged reason: 4, iterations: 1
  [a=37 b=74 nt=3219] KSP converged reason: 4, iterations: 1
  [a=38 b=110 nt=3097] KSP converged reason: 4, iterations: 1
  [a=45 b=57 nt=2976] KSP converged reason: 4, iterations: 1
  [a=47 b=62 nt=3097] KSP converged reason: 4, iterations: 1
  [a=39 b=72 nt=4044] KSP converged reason: 4, iterations: 1
  [a=54 b=61 nt=4042] KSP converged reason: 4, iterations: 1
  [a=53 b=79 nt=3990] KSP converged reason: 4, iterations: 1
  [a=31 b=108 nt=2854] KSP converged reason: 4, iterations: 1
  [a=45 b=71 nt=2852] KSP converged reason: 4, iterations: 1
  [a=41 b=55 nt=2721] KSP converged reason: 4, iterations: 1
  [a=42 b=53 nt=3010] KSP converged reason: 4, iterations: 1
  [a=67 b=80 nt=4543] KSP converged reason: 4, iterations: 1
  [a=59 b=83 nt=4091] KSP converged reason: 4, iterations: 1
  [a=61 b=88 nt=3096] KSP converged reason: 4, iterations: 1
  [a=52 b=92 nt=2324] KSP converged reason: 4, iterations: 1
  [a=37 b=129 nt=2846] KSP converged reason: 4, iterations: 1
  [a=35 b=147 nt=2673] KSP converged reason: 4, iterations: 1
  [a=49 b=77 nt=3000] KSP converged reason: 4, iterations: 1
  [a=46 b=99 nt=3762] KSP converged reason: 4, iterations: 1
  [a=43 b=85 nt=3615] KSP converged reason: 4, iterations: 1
  [a=38 b=57 nt=2813] KSP converged reason: 4, iterations: 1
  [a=53 b=75 nt=3508] KSP converged reason: 4, iterations: 1
  [a=50 b=127 nt=2759] KSP converged reason: 4, iterations: 1
  [a=86 b=151 nt=3227] KSP converged reason: 4, iterations: 1
  [a=79 b=129 nt=3385] KSP converged reason: 4, iterations: 1
  [a=64 b=108 nt=3692] KSP converged reason: 4, iterations: 1
  [a=73 b=109 nt=4669] KSP converged reason: 4, iterations: 1
  [a=68 b=142 nt=3781] KSP converged reason: 4, iterations: 1
  [a=68 b=147 nt=4851] KSP converged reason: 4, iterations: 1
  [a=78 b=116 nt=4766] KSP converged reason: 4, iterations: 1
  [a=58 b=117 nt=3498] KSP converged reason: 4, iterations: 1
  [a=65 b=120 nt=3766] KSP converged reason: 4, iterations: 1
  [a=56 b=118 nt=3976] KSP converged reason: 4, iterations: 1
  [a=51 b=132 nt=4434] KSP converged reason: 4, iterations: 1
  [a=102 b=118 nt=4165] KSP converged reason: 4, iterations: 1
  [a=67 b=127 nt=3256] KSP converged reason: 4, iterations: 1
  [a=68 b=91 nt=3584] KSP converged reason: 4, iterations: 1
  [a=55 b=139 nt=4078] KSP converged reason: 4, iterations: 1
  [a=42 b=132 nt=4765] KSP converged reason: 4, iterations: 1
  [a=48 b=113 nt=3017] KSP converged reason: 4, iterations: 1
  [a=38 b=128 nt=4237] KSP converged reason: 4, iterations: 1
  [a=37 b=75 nt=3078] KSP converged reason: 4, iterations: 1
  [a=43 b=75 nt=3681] KSP converged reason: 4, iterations: 1
  [a=58 b=100 nt=2322] KSP converged reason: 4, iterations: 1
  [a=52 b=82 nt=3082] KSP converged reason: 4, iterations: 1
  [a=45 b=102 nt=3007] KSP converged reason: 4, iterations: 1
  [a=53 b=84 nt=3701] KSP converged reason: 4, iterations: 1
  [a=34 b=70 nt=3696] KSP converged reason: 4, iterations: 1
  [a=42 b=67 nt=3328] KSP converged reason: 4, iterations: 1
  [a=36 b=49 nt=3578] KSP converged reason: 4, iterations: 1
  [a=47 b=57 nt=4060] KSP converged reason: 4, iterations: 1
  [a=48 b=85 nt=4273] KSP converged reason: 4, iterations: 1
  [a=53 b=76 nt=3636] KSP converged reason: 4, iterations: 1
  [a=49 b=74 nt=3186] KSP converged reason: 4, iterations: 1
  [a=51 b=98 nt=2920] KSP converged reason: 4, iterations: 1
  [a=43 b=109 nt=2141] KSP converged reason: 4, iterations: 1
  [a=41 b=80 nt=2377] KSP converged reason: 4, iterations: 1
  [a=38 b=97 nt=3175] KSP converged reason: 4, iterations: 1
  [a=61 b=74 nt=3036] KSP converged reason: 4, iterations: 1
  [a=43 b=96 nt=3696] KSP converged reason: 4, iterations: 1
  [a=43 b=93 nt=3818] KSP converged reason: 4, iterations: 1
  [a=57 b=64 nt=3347] KSP converged reason: 4, iterations: 1
  [a=40 b=86 nt=3499] KSP converged reason: 4, iterations: 1

  [ 282] OK     f=   1.699  a=43.4 b=98.2 gap=15.8 (face=3.7mm) n=[645, 263, 87, 94, 899, 592, 462]  tape=1.699km B=10.17T unif=0.595% hoop=284MPa
  [ 283] INFEAS f=21149.751  a=20.7 b=111.4 gap=16.4 (face=4.8mm) n=[608, 451, 237, 185, 832, 429, 657]  no evaluation (geometry pre-check)
  [ 284] viol   f=  10.170  a=57.3 b=84.8 gap=17.9 (face=7.8mm) n=[290, 373, 83, 103, 898, 621, 241]  tape=1.427km B=7.91T unif=0.881% hoop=334MPa
  [ 285] OK     f=   2.059  a=45.8 b=99.4 gap=16.1 (face=4.1mm) n=[330, 766, 222, 537, 787, 839, 281]  tape=2.059km B=13.13T unif=0.618% hoop=360MPa
  [ 286] viol   f=   2.124  a=61.0 b=74.2 gap=19.8 (face=11.7mm) n=[67, 513, 139, 365, 833, 521, 598]  tape=1.509km B=9.45T unif=0.877% hoop=353MPa
  [ 287] OK     f=   1.714  a=37.9 b=93.3 gap=18.7 (face=9.3mm) n=[199, 296, 171, 532, 882, 483, 680]  tape=1.714km B=10.41T unif=0.754% hoop=277MPa
  [ 288] INFEAS f=8381.102  a=21.2 b=53.0 gap=31.3 (face=34.7mm) n=[51, 268, 186, 257, 700, 605, 704]  no evaluation (geometry pre-check)
  [ 289] viol   f=   2.526  a=43.9 b=83.0 gap=16.1 (face=4.3mm) n=[243, 306, 140, 222, 740, 653, 362]  tape=1.305km B=9.22T unif=0.875% hoop=304MPa
  [ 290] OK     f=   1.944  a=43.4 b=96.0 gap=20.5 (face=13.0mm) n=[490, 488, 347, 223, 779, 776, 593]  tape=1.944km B=11.95T unif=0.631% hoop=400MPa
  [ 291] OK     f=   1.689  a=41.3 b=88.9 gap=19.1 (face=10.2mm) n=[188, 494, 178, 390, 746, 532, 821]  tape=1.689km B=10.90T unif=0.681% hoop=296MPa
  [ 292] OK     f=   2.011  a=32.0 b=127.0 gap=16.9 (face=5.9mm) n=[372, 596, 64, 323, 736, 599, 534]  tape=2.011km B=11.86T unif=0.244% hoop=252MPa
  [ 293] viol   f= 216.381  a=34.1 b=53.9 gap=33.3 (face=38.7mm) n=[408, 78, 96, 683, 590, 520, 703]  tape=0.998km B=8.26T unif=2.023% hoop=171MPa
  [ 294] INFEAS f=4062.908  a=31.4 b=88.0 gap=16.6 (face=5.2mm) n=[771, 469, 285, 492, 898, 525, 640]  no evaluation (geometry pre-check)
  [ 295] OK     f=   1.929  a=32.6 b=111.2 gap=17.9 (face=7.8mm) n=[502, 384, 64, 630, 540, 729, 635]  tape=1.929km B=12.77T unif=0.382% hoop=262MPa
  [ 296] INFEAS f=1041.787  a=50.1 b=54.0 gap=23.0 (face=18.0mm) n=[624, 550, 151, 721, 755, 653, 627]  no evaluation (geometry pre-check)
  [ 297] OK     f=   1.871  a=42.7 b=93.2 gap=16.7 (face=5.4mm) n=[331, 610, 142, 707, 699, 687, 642]  tape=1.871km B=14.22T unif=0.616% hoop=308MPa
  [ 298] OK     f=   1.734  a=42.5 b=84.8 gap=23.9 (face=19.9mm) n=[607, 350, 173, 433, 699, 774, 579]  tape=1.734km B=11.45T unif=0.614% hoop=279MPa
  [ 299] viol   f=   2.372  a=43.2 b=87.0 gap=16.8 (face=5.5mm) n=[502, 113, 370, 155, 726, 387, 414]  tape=1.347km B=9.28T unif=0.844% hoop=280MPa
  [ 300] OK     f=   1.270  a=45.6 b=54.5 gap=17.9 (face=7.9mm) n=[597, 272, 201, 117, 880, 617, 609]  tape=1.270km B=12.22T unif=0.201% hoop=292MPa
  [ 301] OK     f=   0.984  a=38.0 b=56.7 gap=24.2 (face=20.4mm) n=[689, 96, 156, 217, 660, 396, 599]  tape=0.984km B=10.67T unif=0.542% hoop=193MPa
  [ 302] OK     f=   2.152  a=41.9 b=86.0 gap=19.9 (face=11.8mm) n=[515, 653, 530, 398, 840, 875, 604]  tape=2.152km B=15.03T unif=0.685% hoop=392MPa
  [ 303] OK     f=   1.489  a=44.7 b=81.9 gap=15.8 (face=3.6mm) n=[585, 333, 150, 108, 804, 482, 601]  tape=1.489km B=10.79T unif=0.919% hoop=314MPa
  [ 304] viol   f=   6.704  a=57.0 b=63.6 gap=18.7 (face=9.4mm) n=[467, 599, 255, 179, 693, 409, 745]  tape=1.432km B=11.82T unif=1.162% hoop=386MPa
  [ 305] INFEAS f=1154.190  a=59.2 b=62.3 gap=16.1 (face=4.1mm) n=[558, 755, 311, 103, 864, 579, 703]  no evaluation (geometry pre-check)
  [ 306] OK     f=   1.971  a=46.4 b=83.1 gap=21.0 (face=14.0mm) n=[546, 612, 203, 180, 785, 874, 896]  tape=1.971km B=13.05T unif=0.641% hoop=349MPa
  [ 307] OK     f=   1.821  a=41.6 b=85.8 gap=15.8 (face=3.6mm) n=[605, 391, 54, 548, 892, 375, 839]  tape=1.821km B=12.88T unif=0.777% hoop=346MPa
  [ 308] viol   f=   2.610  a=53.0 b=74.6 gap=20.5 (face=13.1mm) n=[315, 410, 393, 317, 655, 521, 897]  tape=1.735km B=9.34T unif=0.623% hoop=400MPa
  [ 309] OK     f=   1.402  a=44.1 b=62.1 gap=20.9 (face=13.9mm) n=[183, 306, 296, 555, 832, 626, 652]  tape=1.402km B=11.82T unif=0.272% hoop=340MPa
  [ 310] OK     f=   1.686  a=40.5 b=86.0 gap=20.5 (face=13.0mm) n=[861, 321, 139, 103, 868, 659, 548]  tape=1.686km B=12.60T unif=0.666% hoop=254MPa

==========================================================================================
CMA-ES finished: 310 evaluations in 9.3 min
==========================================================================================

Best feasible design found:
  a_mm             37.97098427397709
  b_mm             56.71471142494096
  gap_mm           24.21426031282936
  face_gap_mm      20.42852062565872
  n_turns          [689, 96, 156, 217, 660, 396, 599]
  n_total          2813
  tape_km          0.9837145573381508
  B_target_T       10.672689345371733
  uniformity_pct   0.5419495282038522
  hoop_MPa         193.018998670905
  delam_MPa        15.234324241131242
  I_quench_A       406.9111785678844
  I_op_A           223.82353056539296
  binding          quench/SF
  clip_frac        0.13347763347763347

Full evaluation history -> optimize/cmaes_history.csv
Best design            -> optimize/cmaes_results.csv
Appended 310 rows to cumulative master log -> optimize/cmaes_all_evaluations.csv

Figures -> /home/gerrityjack/fenicsx/Racetrack-Coil-Optimization/visualization/cmaes_convergence.png, cmaes_constraints.png, cmaes_variables.png, cmaes_overview.png
Cumulative parameter-space map -> visualization/cmaes_param_map.png (7890 evaluations, 25 runs)
