Starting CMA-ES: 10 variables, budget 300 evaluations, target B >= 10.0 T, uniformity <= 1.0%, hoop <= 400 MPa, coil-coil face gap >= 3 mm

Parallel mode: 6 worker processes per generation.
  [   1] viol   f=  50.260  a=70.5 b=122.1 gap=42.8 (face=57.7mm) n=[374, 50, 532, 469, 276, 521, 207]  tape=1.638km B=5.07T unif=0.285% hoop=313MPa
  [   2] viol   f=  36.496  a=45.4 b=138.4 gap=42.6 (face=57.2mm) n=[267, 549, 622, 318, 255, 526, 168]  tape=1.885km B=5.84T unif=0.318% hoop=229MPa
  [   3] INFEAS f=17058.887  a=24.4 b=116.0 gap=45.0 (face=62.0mm) n=[381, 890, 721, 262, 571, 301, 77]  no evaluation (geometry pre-check)
  [   4] viol   f=  53.391  a=32.8 b=136.3 gap=44.9 (face=61.8mm) n=[334, 314, 525, 217, 476, 146, 457]  tape=1.604km B=4.91T unif=0.447% hoop=166MPa
  [   5] viol   f=  41.378  a=61.2 b=143.9 gap=43.4 (face=58.8mm) n=[595, 473, 197, 377, 115, 336, 675]  tape=2.104km B=5.57T unif=0.226% hoop=282MPa
  [   6] INFEAS f=4570.391  a=19.5 b=89.1 gap=34.6 (face=41.3mm) n=[177, 591, 147, 175, 280, 386, 583]  no evaluation (geometry pre-check)
  [   7] viol   f=  73.434  a=68.3 b=102.4 gap=44.5 (face=60.9mm) n=[393, 458, 105, 53, 382, 68, 304]  tape=1.041km B=3.98T unif=0.258% hoop=256MPa
  [   8] INFEAS f=29113.122  a=18.8 b=99.7 gap=37.9 (face=47.8mm) n=[275, 845, 493, 455, 133, 149, 412]  no evaluation (geometry pre-check)
  [   9] INFEAS f=13083.026  a=20.7 b=143.1 gap=44.5 (face=61.0mm) n=[312, 695, 349, 410, 107, 179, 749]  no evaluation (geometry pre-check)
  [  10] viol   f=  68.271  a=42.5 b=103.2 gap=39.9 (face=51.7mm) n=[89, 530, 369, 195, 210, 61, 175]  tape=0.906km B=4.20T unif=0.400% hoop=199MPa
  [  11] viol   f=  37.712  a=54.9 b=153.2 gap=41.4 (face=54.8mm) n=[676, 343, 533, 50, 211, 460, 394]  tape=2.094km B=5.78T unif=0.244% hoop=251MPa
  [  12] viol   f=  48.322  a=87.9 b=121.8 gap=41.3 (face=54.6mm) n=[71, 649, 751, 313, 206, 181, 465]  tape=1.955km B=5.19T unif=0.407% hoop=336MPa
  [  13] viol   f=  63.209  a=79.2 b=144.1 gap=44.9 (face=61.9mm) n=[194, 482, 161, 347, 127, 560, 574]  tape=1.929km B=4.46T unif=0.224% hoop=351MPa
  [  14] viol   f=  70.216  a=63.9 b=103.9 gap=37.3 (face=46.6mm) n=[124, 344, 516, 184, 278, 149, 91]  tape=1.024km B=4.12T unif=0.438% hoop=241MPa
  [  15] viol   f=  35.273  a=88.8 b=150.4 gap=33.5 (face=39.1mm) n=[414, 679, 492, 94, 697, 545, 387]  tape=2.776km B=5.97T unif=0.385% hoop=400MPa
  [  16] viol   f=  51.255  a=45.8 b=138.4 gap=43.6 (face=59.1mm) n=[347, 79, 686, 114, 281, 692, 206]  tape=1.690km B=5.02T unif=0.305% hoop=189MPa
  [  17] viol   f=  68.158  a=34.0 b=137.8 gap=45.0 (face=62.0mm) n=[140, 247, 376, 422, 351, 261, 385]  tape=1.415km B=4.22T unif=0.436% hoop=164MPa
  [  18] viol   f=  58.811  a=35.8 b=119.1 gap=45.0 (face=62.0mm) n=[394, 555, 398, 80, 68, 105, 534]  tape=1.251km B=4.64T unif=0.437% hoop=146MPa
  [  19] viol   f=  39.482  a=41.8 b=138.8 gap=41.1 (face=54.2mm) n=[252, 152, 885, 263, 271, 503, 420]  tape=2.019km B=5.67T unif=0.326% hoop=289MPa
  [  20] INFEAS f=23313.641  a=22.5 b=95.7 gap=41.3 (face=54.5mm) n=[468, 364, 329, 328, 651, 899, 253]  no evaluation (geometry pre-check)
  [  21] viol   f=   3.673  a=50.4 b=163.2 gap=34.3 (face=40.5mm) n=[443, 726, 846, 419, 681, 604, 388]  tape=3.361km B=9.61T unif=0.234% hoop=335MPa
  [  22] viol   f=  11.194  a=60.4 b=129.9 gap=44.2 (face=60.4mm) n=[357, 771, 762, 262, 246, 899, 775]  tape=2.871km B=7.96T unif=0.262% hoop=311MPa
  [  23] viol   f=  84.937  a=88.8 b=119.3 gap=39.9 (face=51.8mm) n=[54, 358, 192, 216, 381, 420, 76]  tape=1.194km B=3.53T unif=0.410% hoop=353MPa
  [  24] viol   f=  13.747  a=68.2 b=154.3 gap=31.4 (face=34.8mm) n=[491, 588, 689, 303, 649, 550, 63]  tape=2.673km B=7.65T unif=0.291% hoop=400MPa
  [  25] viol   f=  45.438  a=85.5 b=131.3 gap=36.1 (face=44.3mm) n=[900, 103, 717, 52, 244, 407, 424]  tape=2.244km B=5.35T unif=0.492% hoop=400MPa
  [  26] viol   f=   6.745  a=55.6 b=140.3 gap=33.1 (face=38.2mm) n=[768, 439, 899, 68, 511, 474, 402]  tape=2.676km B=8.57T unif=0.247% hoop=347MPa
  [  27] viol   f= 108.868  a=77.8 b=153.6 gap=31.1 (face=34.2mm) n=[133, 76, 392, 147, 129, 59, 271]  tape=0.999km B=2.66T unif=0.343% hoop=245MPa
  [  28] viol   f=  13.114  a=59.2 b=130.2 gap=35.6 (face=43.3mm) n=[719, 450, 584, 351, 311, 666, 148]  tape=2.254km B=7.67T unif=0.301% hoop=333MPa
  [  29] INFEAS f=1880.051  a=25.4 b=146.5 gap=33.5 (face=39.0mm) n=[496, 673, 619, 86, 326, 451, 192]  no evaluation (geometry pre-check)
  [  30] viol   f=  25.985  a=77.2 b=160.0 gap=33.9 (face=39.8mm) n=[542, 356, 677, 207, 313, 754, 463]  tape=2.867km B=6.60T unif=0.278% hoop=390MPa
  [  31] viol   f=  26.980  a=78.7 b=149.4 gap=35.0 (face=41.9mm) n=[460, 661, 320, 622, 549, 514, 372]  tape=2.829km B=6.53T unif=0.344% hoop=400MPa
  [  32] viol   f=  10.874  a=55.4 b=140.6 gap=27.0 (face=25.9mm) n=[455, 508, 539, 302, 366, 890, 346]  tape=2.615km B=7.97T unif=0.277% hoop=400MPa
  [  33] viol   f=   8.298  a=60.6 b=133.1 gap=29.7 (face=31.3mm) n=[505, 543, 894, 441, 336, 307, 637]  tape=2.720km B=8.33T unif=0.346% hoop=400MPa
  [  34] viol   f=   8.122  a=73.4 b=122.1 gap=24.6 (face=21.3mm) n=[422, 864, 326, 68, 223, 890, 591]  tape=2.404km B=8.31T unif=0.582% hoop=399MPa
  [  35] viol   f=  16.873  a=36.3 b=190.5 gap=36.5 (face=44.9mm) n=[382, 376, 544, 324, 193, 857, 876]  tape=3.209km B=7.39T unif=0.243% hoop=317MPa
  [  36] viol   f=   8.217  a=39.0 b=144.0 gap=30.8 (face=33.6mm) n=[369, 327, 895, 296, 59, 583, 880]  tape=2.456km B=8.30T unif=0.404% hoop=260MPa
  [  37] INFEAS f=2066.128  a=30.4 b=167.0 gap=29.8 (face=31.7mm) n=[385, 654, 814, 262, 674, 440, 59]  no evaluation (geometry pre-check)
  [  38] INFEAS f=6673.603  a=29.3 b=145.0 gap=20.2 (face=12.5mm) n=[660, 742, 854, 360, 874, 892, 726]  no evaluation (geometry pre-check)
  [  39] OK     f=   2.981  a=41.7 b=153.8 gap=26.1 (face=24.2mm) n=[883, 780, 898, 200, 425, 156, 609]  tape=2.981km B=12.56T unif=0.431% hoop=273MPa
  [  40] INFEAS f=3538.150  a=30.5 b=174.3 gap=31.3 (face=34.6mm) n=[512, 702, 571, 396, 735, 570, 862]  no evaluation (geometry pre-check)
  [  41] viol   f=   6.431  a=52.6 b=187.0 gap=38.8 (face=49.7mm) n=[872, 720, 588, 250, 489, 705, 383]  tape=3.696km B=8.83T unif=0.161% hoop=328MPa
  [  42] INFEAS f=20356.427  a=23.4 b=138.0 gap=25.3 (face=22.6mm) n=[635, 897, 897, 751, 497, 516, 438]  no evaluation (geometry pre-check)
  [  43] viol   f=  30.181  a=59.3 b=192.1 gap=39.5 (face=51.0mm) n=[268, 847, 659, 89, 755, 308, 70]  tape=2.857km B=6.30T unif=0.150% hoop=259MPa
  [  44] viol   f=   7.156  a=73.1 b=129.6 gap=31.5 (face=35.1mm) n=[566, 481, 900, 50, 227, 832, 827]  tape=2.828km B=8.53T unif=0.388% hoop=400MPa
  [  45] OK     f=   3.680  a=58.2 b=153.9 gap=30.7 (face=33.3mm) n=[878, 387, 749, 528, 655, 670, 791]  tape=3.680km B=10.81T unif=0.219% hoop=400MPa
  [  46] OK     f=   2.577  a=43.3 b=114.7 gap=33.9 (face=39.7mm) n=[429, 881, 900, 338, 337, 561, 810]  tape=2.577km B=10.62T unif=0.520% hoop=362MPa
  [  47] INFEAS f=13374.860  a=25.1 b=145.6 gap=39.6 (face=51.2mm) n=[632, 133, 552, 872, 132, 399, 356]  no evaluation (geometry pre-check)
  [  48] viol   f=  30.411  a=83.6 b=170.3 gap=20.7 (face=13.5mm) n=[597, 665, 818, 249, 526, 601, 172]  tape=3.346km B=6.32T unif=0.349% hoop=400MPa
  [  49] viol   f=   2.832  a=49.6 b=140.9 gap=30.6 (face=33.1mm) n=[567, 850, 752, 177, 111, 674, 418]  tape=2.575km B=9.64T unif=0.309% hoop=296MPa
  [  50] OK     f=   2.159  a=67.3 b=92.6 gap=33.4 (face=38.7mm) n=[835, 769, 499, 86, 191, 674, 833]  tape=2.159km B=10.07T unif=0.554% hoop=352MPa
  [  51] viol   f=   3.706  a=74.3 b=93.7 gap=30.7 (face=33.3mm) n=[521, 862, 485, 117, 442, 572, 859]  tape=2.290km B=9.16T unif=0.643% hoop=400MPa
  [  52] viol   f=  10.998  a=40.8 b=111.1 gap=35.0 (face=42.0mm) n=[421, 836, 383, 319, 291, 82, 892]  tape=1.936km B=7.87T unif=0.438% hoop=276MPa
  [  53] viol   f=  28.422  a=51.2 b=127.1 gap=43.8 (face=59.6mm) n=[608, 217, 751, 151, 781, 235, 282]  tape=2.037km B=6.37T unif=0.321% hoop=218MPa
  [  54] INFEAS f=53850.578  a=13.3 b=110.4 gap=44.1 (face=60.2mm) n=[678, 497, 705, 855, 164, 693, 822]  no evaluation (geometry pre-check)
  [  55] viol   f=  22.212  a=45.3 b=98.2 gap=42.9 (face=57.9mm) n=[893, 587, 382, 114, 130, 428, 379]  tape=1.671km B=6.80T unif=0.398% hoop=238MPa
  [  56] viol   f=   2.836  a=49.1 b=116.0 gap=28.5 (face=28.9mm) n=[567, 660, 774, 221, 247, 145, 818]  tape=2.131km B=9.41T unif=0.372% hoop=277MPa
  [  57] OK     f=   2.442  a=41.8 b=118.2 gap=30.3 (face=32.6mm) n=[648, 792, 713, 356, 329, 249, 868]  tape=2.442km B=11.11T unif=0.414% hoop=319MPa
  [  58] viol   f=   4.833  a=55.4 b=110.4 gap=36.8 (face=45.6mm) n=[415, 492, 762, 276, 649, 471, 760]  tape=2.320km B=8.88T unif=0.351% hoop=329MPa
  [  59] viol   f=  33.180  a=49.4 b=137.2 gap=40.0 (face=52.0mm) n=[525, 112, 266, 371, 163, 817, 646]  tape=2.098km B=6.06T unif=0.259% hoop=249MPa
  [  60] viol   f=  25.218  a=80.0 b=145.8 gap=35.9 (face=43.8mm) n=[761, 868, 262, 78, 163, 96, 900]  tape=2.528km B=6.63T unif=0.348% hoop=355MPa
  [  61] OK     f=   2.325  a=60.8 b=97.3 gap=20.6 (face=13.3mm) n=[553, 888, 614, 709, 232, 199, 853]  tape=2.325km B=11.40T unif=0.928% hoop=400MPa
  [  62] OK     f=   2.836  a=66.4 b=109.2 gap=21.7 (face=15.4mm) n=[634, 605, 826, 227, 565, 732, 893]  tape=2.836km B=10.09T unif=0.694% hoop=400MPa
  [  63] viol   f=  15.086  a=64.4 b=102.8 gap=44.8 (face=61.6mm) n=[410, 860, 346, 194, 572, 563, 898]  tape=2.366km B=7.48T unif=0.170% hoop=400MPa
  [  64] INFEAS f=8394.645  a=14.9 b=107.9 gap=39.5 (face=51.0mm) n=[535, 311, 533, 455, 135, 81, 283]  no evaluation (geometry pre-check)
  [  65] INFEAS f=75828.796  a=10.7 b=97.8 gap=31.7 (face=35.5mm) n=[898, 312, 527, 355, 846, 152, 588]  no evaluation (geometry pre-check)
  [  66] OK     f=   2.059  a=39.0 b=109.4 gap=32.0 (face=35.9mm) n=[586, 892, 839, 84, 119, 326, 765]  tape=2.059km B=10.32T unif=0.635% hoop=231MPa
  [  67] INFEAS f=2988.278  a=32.3 b=86.5 gap=26.0 (face=24.0mm) n=[213, 530, 841, 50, 549, 553, 893]  no evaluation (geometry pre-check)
  [  68] OK     f=   2.233  a=62.7 b=105.6 gap=17.2 (face=6.3mm) n=[690, 886, 389, 84, 512, 176, 899]  tape=2.233km B=10.27T unif=0.880% hoop=400MPa
  [  69] INFEAS f=1949.854  a=33.7 b=102.8 gap=30.8 (face=33.6mm) n=[735, 714, 791, 459, 255, 190, 896]  no evaluation (geometry pre-check)
  [  70] viol   f=  23.204  a=76.4 b=152.0 gap=42.8 (face=57.7mm) n=[554, 781, 875, 420, 415, 519, 701]  tape=3.559km B=6.87T unif=0.238% hoop=400MPa
  [  71] OK     f=   2.713  a=53.2 b=116.3 gap=18.3 (face=8.6mm) n=[798, 837, 771, 170, 316, 784, 763]  tape=2.713km B=14.58T unif=0.583% hoop=400MPa
  [  72] INFEAS f=33477.986  a=88.8 b=65.3 gap=18.3 (face=8.5mm) n=[788, 883, 377, 408, 579, 473, 893]  no evaluation (geometry pre-check)
  [  73] viol   f=  14.118  a=59.0 b=120.1 gap=38.7 (face=49.4mm) n=[785, 564, 288, 474, 266, 303, 620]  tape=2.219km B=7.56T unif=0.328% hoop=321MPa
  [  74] viol   f=   4.544  a=64.2 b=95.8 gap=30.9 (face=33.8mm) n=[578, 658, 620, 80, 54, 544, 731]  tape=1.823km B=8.83T unif=0.628% hoop=373MPa
  [  75] viol   f=  13.516  a=67.1 b=126.4 gap=33.5 (face=39.0mm) n=[570, 708, 662, 139, 143, 174, 800]  tape=2.243km B=7.63T unif=0.402% hoop=364MPa
  [  76] INFEAS f=64859.872  a=70.4 b=35.4 gap=24.5 (face=21.0mm) n=[898, 652, 828, 57, 68, 401, 746]  no evaluation (geometry pre-check)
  [  77] INFEAS f=1194.542  a=64.1 b=66.9 gap=32.1 (face=36.2mm) n=[704, 900, 751, 221, 343, 109, 803]  no evaluation (geometry pre-check)
  [  78] viol   f=   2.557  a=53.0 b=82.4 gap=23.3 (face=18.6mm) n=[883, 713, 892, 83, 423, 124, 840]  tape=1.910km B=13.62T unif=1.057% hoop=341MPa
  [  79] viol   f=   2.055  a=52.4 b=89.9 gap=29.8 (face=31.6mm) n=[620, 678, 438, 107, 495, 302, 827]  tape=1.850km B=9.68T unif=0.558% hoop=321MPa
  [  80] viol   f=   2.314  a=51.2 b=115.7 gap=31.4 (face=34.8mm) n=[775, 891, 398, 76, 477, 276, 771]  tape=2.314km B=9.99T unif=0.403% hoop=305MPa
  [  81] viol   f=  10.555  a=48.0 b=66.6 gap=44.0 (face=59.9mm) n=[778, 463, 726, 104, 339, 489, 857]  tape=1.594km B=8.48T unif=1.147% hoop=241MPa
  [  82] INFEAS f=14117.428  a=23.1 b=132.9 gap=40.6 (face=53.1mm) n=[826, 666, 595, 681, 422, 485, 606]  no evaluation (geometry pre-check)
  [  83] INFEAS f=4669.843  a=29.7 b=72.2 gap=39.3 (face=50.6mm) n=[326, 865, 512, 121, 129, 338, 438]  no evaluation (geometry pre-check)
  [  84] INFEAS f=1078.897  a=34.4 b=90.4 gap=31.6 (face=35.2mm) n=[859, 810, 496, 165, 484, 402, 842]  no evaluation (geometry pre-check)
  [  85] viol   f=   4.836  a=64.0 b=89.1 gap=21.5 (face=14.9mm) n=[449, 859, 615, 152, 440, 468, 660]  tape=2.053km B=9.93T unif=1.118% hoop=400MPa
  [  86] viol   f=   2.491  a=60.6 b=91.1 gap=34.1 (face=40.2mm) n=[673, 611, 471, 67, 663, 560, 897]  tape=2.200km B=9.62T unif=0.392% hoop=369MPa
  [  87] INFEAS f=13849.495  a=72.4 b=59.5 gap=28.4 (face=28.8mm) n=[732, 719, 431, 72, 786, 361, 594]  no evaluation (geometry pre-check)
  [  88] INFEAS f=24167.082  a=22.1 b=97.9 gap=25.2 (face=22.5mm) n=[530, 847, 894, 185, 178, 615, 704]  no evaluation (geometry pre-check)
  [  89] viol   f=   4.094  a=60.7 b=94.7 gap=24.8 (face=21.6mm) n=[271, 659, 275, 172, 261, 801, 877]  tape=1.908km B=8.95T unif=0.546% hoop=321MPa
  [  90] OK     f=   1.894  a=53.3 b=85.1 gap=28.2 (face=28.4mm) n=[728, 848, 302, 88, 384, 504, 870]  tape=1.894km B=11.10T unif=0.640% hoop=321MPa
  [  91] viol   f=   2.454  a=40.7 b=53.0 gap=33.0 (face=38.1mm) n=[745, 419, 176, 93, 373, 862, 400]  tape=1.131km B=9.19T unif=0.980% hoop=208MPa
  [  92] OK     f=   2.728  a=47.2 b=133.2 gap=23.7 (face=19.5mm) n=[383, 784, 338, 56, 813, 727, 896]  tape=2.728km B=11.43T unif=0.317% hoop=316MPa
  [  93] OK     f=   2.151  a=43.7 b=116.7 gap=28.7 (face=29.4mm) n=[741, 364, 786, 305, 322, 389, 573]  tape=2.151km B=10.07T unif=0.371% hoop=313MPa
  [  94] OK     f=   1.982  a=55.8 b=97.6 gap=22.8 (face=17.6mm) n=[414, 812, 338, 91, 552, 599, 680]  tape=1.982km B=10.39T unif=0.772% hoop=365MPa
  [  95] INFEAS f=5964.468  a=27.5 b=115.8 gap=16.3 (face=4.5mm) n=[816, 807, 196, 82, 594, 546, 831]  no evaluation (geometry pre-check)
  [  96] viol   f=   1.911  a=54.1 b=79.0 gap=30.6 (face=33.1mm) n=[72, 900, 229, 503, 473, 585, 830]  tape=1.781km B=9.74T unif=0.320% hoop=338MPa
  [  97] INFEAS f=15377.652  a=22.6 b=76.2 gap=32.5 (face=36.9mm) n=[298, 822, 143, 166, 404, 826, 637]  no evaluation (geometry pre-check)
  [  98] viol   f=  11.586  a=57.4 b=92.8 gap=34.8 (face=41.6mm) n=[296, 706, 297, 170, 364, 609, 871]  tape=1.881km B=7.80T unif=0.321% hoop=281MPa
  [  99] viol   f=   5.569  a=73.7 b=96.1 gap=25.9 (face=23.9mm) n=[575, 761, 371, 310, 188, 898, 465]  tape=2.208km B=8.70T unif=0.811% hoop=400MPa
  [ 100] OK     f=   1.746  a=55.2 b=76.8 gap=26.2 (face=24.4mm) n=[196, 290, 635, 234, 708, 730, 840]  tape=1.746km B=10.14T unif=0.363% hoop=297MPa
  [ 101] OK     f=   1.780  a=57.6 b=64.0 gap=31.5 (face=35.0mm) n=[457, 444, 525, 218, 604, 856, 900]  tape=1.780km B=10.20T unif=0.544% hoop=400MPa
  [ 102] viol   f=   1.752  a=55.4 b=67.5 gap=32.9 (face=37.9mm) n=[344, 812, 66, 190, 669, 584, 768]  tape=1.501km B=9.65T unif=0.366% hoop=280MPa
  [ 103] INFEAS f=1059.118  a=35.9 b=111.8 gap=28.1 (face=28.2mm) n=[123, 730, 186, 175, 898, 891, 634]  no evaluation (geometry pre-check)
  [ 104] viol   f=   7.305  a=55.8 b=89.9 gap=21.8 (face=15.6mm) n=[82, 315, 78, 245, 783, 624, 694]  tape=1.504km B=8.30T unif=0.645% hoop=270MPa
  [ 105] INFEAS f=4008.512  a=73.4 b=69.8 gap=23.9 (face=19.8mm) n=[155, 132, 370, 114, 628, 868, 874]  no evaluation (geometry pre-check)
  [ 106] viol   f=   5.562  a=72.5 b=82.1 gap=30.0 (face=32.1mm) n=[762, 573, 568, 87, 483, 699, 898]  tape=2.219km B=8.71T unif=0.675% hoop=400MPa
  [ 107] OK     f=   2.146  a=61.8 b=85.5 gap=31.9 (face=35.8mm) n=[190, 697, 506, 264, 892, 643, 847]  tape=2.146km B=10.24T unif=0.263% hoop=354MPa
  [ 108] OK     f=   2.106  a=54.9 b=100.6 gap=20.7 (face=13.4mm) n=[236, 375, 896, 436, 121, 800, 756]  tape=2.106km B=10.75T unif=0.670% hoop=364MPa
  [ 109] INFEAS f=17997.365  a=88.8 b=73.2 gap=22.4 (face=16.8mm) n=[51, 893, 287, 412, 800, 783, 837]  no evaluation (geometry pre-check)
  [ 110] viol   f=   2.808  a=62.7 b=113.3 gap=24.8 (face=21.6mm) n=[587, 448, 405, 367, 655, 753, 734]  tape=2.494km B=9.60T unif=0.548% hoop=400MPa
  [ 111] INFEAS f=11393.339  a=42.2 b=31.1 gap=37.4 (face=46.8mm) n=[224, 106, 832, 313, 773, 691, 894]  no evaluation (geometry pre-check)
  [ 112] viol   f=  12.054  a=84.2 b=113.9 gap=30.0 (face=32.1mm) n=[544, 718, 642, 140, 747, 600, 900]  tape=2.989km B=7.87T unif=0.582% hoop=400MPa
  [ 113] viol   f=  14.712  a=30.8 b=72.7 gap=37.0 (face=45.9mm) n=[378, 648, 574, 61, 173, 576, 514]  tape=1.143km B=7.40T unif=0.458% hoop=147MPa
  [ 114] OK     f=   1.739  a=51.3 b=107.7 gap=17.7 (face=7.4mm) n=[215, 586, 564, 125, 355, 602, 608]  tape=1.739km B=10.06T unif=0.667% hoop=322MPa
  [ 115] viol   f=   1.253  a=44.5 b=69.6 gap=26.3 (face=24.6mm) n=[450, 469, 392, 269, 508, 590, 361]  tape=1.250km B=9.96T unif=0.679% hoop=275MPa
  [ 116] INFEAS f=1004.275  a=58.1 b=62.8 gap=26.6 (face=25.2mm) n=[318, 594, 121, 264, 232, 746, 704]  no evaluation (geometry pre-check)
  [ 117] INFEAS f=16669.945  a=80.7 b=65.9 gap=38.6 (face=49.2mm) n=[300, 325, 142, 103, 879, 842, 879]  no evaluation (geometry pre-check)
  [ 118] viol   f=  21.093  a=69.2 b=87.1 gap=34.7 (face=41.5mm) n=[106, 707, 53, 300, 409, 477, 900]  tape=1.695km B=6.89T unif=0.280% hoop=346MPa
  [ 119] INFEAS f=46578.283  a=83.0 b=54.3 gap=20.0 (face=11.9mm) n=[204, 616, 387, 255, 768, 899, 771]  no evaluation (geometry pre-check)
  [ 120] INFEAS f=23323.503  a=19.6 b=86.6 gap=33.4 (face=38.8mm) n=[140, 653, 693, 135, 686, 278, 820]  no evaluation (geometry pre-check)
  [ 121] viol   f=   1.848  a=48.0 b=63.0 gap=23.9 (face=19.7mm) n=[652, 502, 469, 181, 393, 736, 471]  tape=1.385km B=11.99T unif=1.048% hoop=342MPa
  [ 122] viol   f=  11.773  a=62.3 b=86.8 gap=16.9 (face=5.8mm) n=[192, 372, 894, 260, 220, 834, 150]  tape=1.619km B=9.18T unif=1.210% hoop=355MPa
  [ 123] viol   f=   3.058  a=56.4 b=101.6 gap=25.5 (face=22.9mm) n=[234, 733, 87, 310, 508, 855, 631]  tape=1.983km B=9.27T unif=0.559% hoop=324MPa
  [ 124] viol   f=   2.761  a=41.8 b=97.9 gap=32.9 (face=37.9mm) n=[292, 576, 704, 333, 678, 518, 340]  tape=1.807km B=9.31T unif=0.507% hoop=248MPa
  [ 125] OK     f=   2.329  a=51.2 b=108.2 gap=30.2 (face=32.4mm) n=[759, 437, 864, 83, 697, 739, 350]  tape=2.329km B=10.86T unif=0.493% hoop=311MPa
  [ 126] viol   f=  23.183  a=56.2 b=83.6 gap=37.8 (face=47.6mm) n=[151, 404, 577, 79, 543, 656, 312]  tape=1.362km B=6.70T unif=0.102% hoop=259MPa
  [ 127] INFEAS f=73266.019  a=11.2 b=75.9 gap=28.0 (face=27.9mm) n=[413, 585, 887, 142, 455, 898, 212]  no evaluation (geometry pre-check)
  [ 128] viol   f=   4.243  a=35.1 b=73.7 gap=18.2 (face=8.4mm) n=[539, 507, 261, 301, 515, 98, 576]  tape=1.119km B=12.00T unif=1.125% hoop=235MPa
  [ 129] OK     f=   1.999  a=48.8 b=91.2 gap=18.2 (face=8.4mm) n=[187, 497, 900, 108, 578, 659, 883]  tape=1.999km B=12.52T unif=0.727% hoop=345MPa
  [ 130] OK     f=   2.018  a=56.0 b=77.2 gap=27.4 (face=26.9mm) n=[464, 553, 550, 256, 795, 896, 563]  tape=2.018km B=10.33T unif=0.383% hoop=400MPa
  [ 131] viol   f=   2.008  a=50.2 b=78.3 gap=23.9 (face=19.7mm) n=[494, 650, 703, 241, 263, 430, 541]  tape=1.556km B=10.87T unif=1.048% hoop=299MPa
  [ 132] OK     f=   2.223  a=42.6 b=113.8 gap=22.4 (face=16.9mm) n=[545, 298, 745, 69, 726, 817, 559]  tape=2.223km B=11.91T unif=0.429% hoop=285MPa
  [ 133] viol   f=  44.025  a=31.8 b=79.0 gap=21.3 (face=14.6mm) n=[686, 226, 618, 343, 715, 595, 727]  tape=1.621km B=15.39T unif=1.460% hoop=237MPa
  [ 134] OK     f=   2.474  a=47.4 b=91.8 gap=16.9 (face=5.8mm) n=[656, 584, 647, 464, 645, 900, 853]  tape=2.474km B=14.32T unif=0.777% hoop=400MPa
  [ 135] viol   f=   1.772  a=52.2 b=89.8 gap=22.2 (face=16.5mm) n=[320, 106, 889, 112, 473, 765, 569]  tape=1.741km B=9.88T unif=0.760% hoop=302MPa
  [ 136] INFEAS f=1573.998  a=57.6 b=58.8 gap=22.1 (face=16.2mm) n=[426, 409, 785, 365, 463, 671, 897]  no evaluation (geometry pre-check)
  [ 137] OK     f=   1.999  a=60.7 b=79.7 gap=24.5 (face=21.0mm) n=[177, 710, 683, 428, 366, 845, 787]  tape=1.999km B=11.85T unif=0.735% hoop=399MPa
  [ 138] INFEAS f=36647.995  a=51.9 b=27.0 gap=23.9 (face=19.7mm) n=[498, 88, 777, 84, 400, 866, 876]  no evaluation (geometry pre-check)
  [ 139] INFEAS f=2195.505  a=33.1 b=87.3 gap=28.3 (face=28.7mm) n=[194, 143, 835, 251, 415, 889, 709]  no evaluation (geometry pre-check)
  [ 140] viol   f=   4.317  a=63.2 b=83.0 gap=20.7 (face=13.4mm) n=[334, 393, 556, 255, 428, 809, 496]  tape=1.775km B=8.87T unif=0.934% hoop=400MPa
  [ 141] OK     f=   1.485  a=42.1 b=64.7 gap=23.1 (face=18.3mm) n=[305, 361, 900, 335, 322, 891, 431]  tape=1.485km B=12.02T unif=0.475% hoop=345MPa
  [ 142] INFEAS f=1452.880  a=68.1 b=69.8 gap=17.8 (face=7.6mm) n=[318, 248, 874, 50, 462, 789, 589]  no evaluation (geometry pre-check)
  [ 143] OK     f=   1.287  a=36.8 b=71.1 gap=23.4 (face=18.8mm) n=[97, 365, 736, 53, 492, 763, 704]  tape=1.287km B=10.78T unif=0.785% hoop=207MPa
  [ 144] INFEAS f=24855.485  a=22.1 b=97.6 gap=22.1 (face=16.2mm) n=[610, 190, 733, 151, 132, 899, 448]  no evaluation (geometry pre-check)
  [ 145] OK     f=   2.575  a=69.2 b=95.6 gap=18.6 (face=9.1mm) n=[355, 483, 776, 535, 503, 883, 851]  tape=2.575km B=10.04T unif=0.911% hoop=400MPa
  [ 146] OK     f=   1.897  a=60.1 b=95.6 gap=19.5 (face=11.1mm) n=[691, 326, 895, 88, 151, 898, 289]  tape=1.897km B=10.29T unif=0.942% hoop=360MPa
  [ 147] OK     f=   1.323  a=39.8 b=59.0 gap=27.2 (face=26.4mm) n=[256, 408, 808, 232, 750, 421, 626]  tape=1.323km B=11.10T unif=0.544% hoop=230MPa
  [ 148] INFEAS f=11143.910  a=26.9 b=71.2 gap=24.7 (face=21.4mm) n=[662, 193, 891, 169, 289, 766, 626]  no evaluation (geometry pre-check)
  [ 149] INFEAS f=2528.882  a=31.6 b=73.4 gap=30.2 (face=32.4mm) n=[408, 539, 862, 343, 714, 795, 381]  no evaluation (geometry pre-check)
  [ 150] OK     f=   2.493  a=55.4 b=105.2 gap=15.6 (face=3.1mm) n=[406, 499, 841, 51, 704, 877, 899]  tape=2.493km B=12.51T unif=0.666% hoop=400MPa
  [ 151] INFEAS f=27701.711  a=17.4 b=51.0 gap=17.5 (face=7.0mm) n=[434, 704, 319, 313, 278, 797, 582]  no evaluation (geometry pre-check)
  [ 152] OK     f=   1.464  a=38.2 b=90.0 gap=19.6 (face=11.1mm) n=[449, 224, 567, 162, 538, 635, 475]  tape=1.464km B=11.08T unif=0.608% hoop=244MPa
  [ 153] INFEAS f=1412.145  a=34.7 b=96.6 gap=28.5 (face=29.1mm) n=[227, 90, 840, 87, 368, 896, 580]  no evaluation (geometry pre-check)
  [ 154] viol   f=   4.422  a=70.3 b=95.6 gap=23.4 (face=18.7mm) n=[102, 229, 828, 418, 651, 757, 382]  tape=1.998km B=8.90T unif=0.868% hoop=368MPa
  [ 155] INFEAS f=68439.856  a=11.6 b=92.6 gap=24.9 (face=21.9mm) n=[126, 89, 651, 128, 871, 886, 852]  no evaluation (geometry pre-check)
  [ 156] OK     f=   1.317  a=35.6 b=62.8 gap=23.6 (face=19.1mm) n=[174, 125, 641, 258, 865, 745, 620]  tape=1.317km B=11.35T unif=0.332% hoop=207MPa
  [ 157] viol   f=   4.149  a=52.8 b=84.2 gap=22.9 (face=17.7mm) n=[114, 130, 879, 126, 344, 898, 353]  tape=1.462km B=8.84T unif=0.692% hoop=259MPa
  [ 158] viol   f=   2.192  a=69.1 b=80.0 gap=30.1 (face=32.2mm) n=[280, 526, 846, 445, 588, 685, 537]  tape=2.087km B=9.77T unif=0.533% hoop=400MPa
  [ 159] OK     f=   1.731  a=58.0 b=68.8 gap=27.2 (face=26.5mm) n=[101, 514, 784, 317, 703, 681, 813]  tape=1.731km B=11.47T unif=0.173% hoop=327MPa
  [ 160] INFEAS f=23770.627  a=19.7 b=64.3 gap=35.4 (face=42.8mm) n=[70, 803, 827, 66, 551, 508, 537]  no evaluation (geometry pre-check)
  [ 161] OK     f=   1.482  a=37.3 b=75.3 gap=23.3 (face=18.6mm) n=[345, 52, 618, 275, 810, 702, 636]  tape=1.482km B=11.28T unif=0.673% hoop=230MPa
  [ 162] viol   f=  41.580  a=43.6 b=62.3 gap=37.6 (face=47.2mm) n=[89, 401, 869, 146, 743, 474, 312]  tape=1.251km B=7.61T unif=1.380% hoop=202MPa
  [ 163] OK     f=   1.319  a=38.4 b=72.1 gap=16.7 (face=5.4mm) n=[63, 488, 682, 171, 850, 757, 114]  tape=1.319km B=12.08T unif=0.784% hoop=260MPa
  [ 164] viol   f=   1.682  a=47.7 b=77.6 gap=24.2 (face=20.5mm) n=[148, 197, 488, 241, 780, 775, 517]  tape=1.465km B=9.67T unif=0.509% hoop=259MPa
  [ 165] INFEAS f=42313.700  a=83.9 b=56.8 gap=28.9 (face=29.9mm) n=[187, 398, 755, 97, 483, 792, 710]  no evaluation (geometry pre-check)
  [ 166] viol   f=  20.438  a=40.6 b=87.0 gap=35.1 (face=42.1mm) n=[60, 284, 690, 283, 300, 888, 398]  tape=1.492km B=6.92T unif=0.349% hoop=261MPa
  [ 167] viol   f=   1.716  a=40.6 b=62.0 gap=28.7 (face=29.3mm) n=[61, 297, 841, 449, 582, 840, 832]  tape=1.457km B=11.20T unif=1.036% hoop=234MPa
  [ 168] OK     f=   1.763  a=55.9 b=70.7 gap=27.3 (face=26.5mm) n=[355, 305, 694, 119, 588, 900, 855]  tape=1.763km B=10.78T unif=0.047% hoop=319MPa
  [ 169] viol   f=   2.058  a=57.0 b=89.5 gap=24.9 (face=21.9mm) n=[534, 298, 801, 78, 482, 557, 525]  tape=1.783km B=9.63T unif=0.805% hoop=378MPa
  [ 170] viol   f=   6.497  a=40.0 b=65.8 gap=17.7 (face=7.5mm) n=[132, 56, 370, 206, 760, 582, 191]  tape=0.954km B=8.34T unif=0.934% hoop=209MPa
  [ 171] INFEAS f=3996.169  a=31.6 b=68.4 gap=19.3 (face=10.6mm) n=[531, 355, 413, 135, 447, 900, 221]  no evaluation (geometry pre-check)
  [ 172] INFEAS f=1656.316  a=34.1 b=71.1 gap=24.3 (face=20.6mm) n=[244, 308, 893, 363, 488, 755, 243]  no evaluation (geometry pre-check)
  [ 173] OK     f=   1.835  a=41.6 b=102.6 gap=18.0 (face=7.9mm) n=[212, 701, 791, 144, 820, 616, 99]  tape=1.835km B=12.58T unif=0.549% hoop=273MPa
  [ 174] OK     f=   1.818  a=44.6 b=91.5 gap=19.8 (face=11.6mm) n=[99, 551, 899, 258, 894, 756, 110]  tape=1.818km B=12.44T unif=0.565% hoop=291MPa
  [ 175] INFEAS f=2291.316  a=33.3 b=69.4 gap=19.4 (face=10.7mm) n=[362, 380, 900, 485, 883, 848, 66]  no evaluation (geometry pre-check)
  [ 176] INFEAS f=11930.001  a=23.1 b=56.0 gap=21.1 (face=14.3mm) n=[597, 632, 784, 349, 800, 516, 61]  no evaluation (geometry pre-check)
  [ 177] OK     f=   1.911  a=38.5 b=90.9 gap=17.1 (face=6.1mm) n=[166, 547, 359, 370, 674, 885, 742]  tape=1.911km B=12.54T unif=0.609% hoop=377MPa
  [ 178] viol   f=   9.878  a=48.8 b=120.6 gap=22.8 (face=17.6mm) n=[103, 229, 468, 140, 818, 460, 682]  tape=1.892km B=8.00T unif=0.356% hoop=279MPa
  [ 179] INFEAS f=47799.339  a=15.9 b=43.1 gap=21.3 (face=14.6mm) n=[103, 257, 716, 397, 860, 892, 224]  no evaluation (geometry pre-check)
  [ 180] viol   f=   1.685  a=47.5 b=91.9 gap=16.0 (face=4.0mm) n=[375, 148, 229, 586, 872, 562, 291]  tape=1.682km B=9.96T unif=0.730% hoop=329MPa
  [ 181] viol   f=   3.821  a=66.3 b=104.4 gap=18.6 (face=9.1mm) n=[313, 251, 310, 577, 721, 888, 579]  tape=2.305km B=9.13T unif=0.758% hoop=400MPa
  [ 182] OK     f=   1.955  a=57.8 b=82.8 gap=23.5 (face=19.0mm) n=[359, 479, 685, 153, 899, 876, 330]  tape=1.955km B=11.32T unif=0.624% hoop=387MPa
  [ 183] OK     f=   1.356  a=45.1 b=62.4 gap=18.8 (face=9.7mm) n=[124, 304, 603, 98, 796, 736, 825]  tape=1.356km B=12.57T unif=0.329% hoop=267MPa
  [ 184] INFEAS f=1003.254  a=36.1 b=126.6 gap=17.7 (face=7.4mm) n=[266, 101, 647, 557, 846, 888, 695]  no evaluation (geometry pre-check)
  [ 185] OK     f=   2.307  a=48.6 b=113.7 gap=26.9 (face=25.7mm) n=[245, 514, 788, 179, 862, 849, 348]  tape=2.307km B=10.34T unif=0.487% hoop=288MPa
  [ 186] viol   f=   3.580  a=61.2 b=128.5 gap=19.8 (face=11.6mm) n=[608, 414, 354, 545, 823, 739, 259]  tape=2.641km B=9.31T unif=0.475% hoop=400MPa
  [ 187] viol   f=   7.172  a=46.9 b=123.8 gap=15.8 (face=3.6mm) n=[173, 161, 405, 570, 365, 508, 348]  tape=1.615km B=8.33T unif=0.415% hoop=302MPa
  [ 188] OK     f=   2.174  a=47.2 b=113.6 gap=16.9 (face=5.9mm) n=[303, 645, 611, 309, 846, 655, 150]  tape=2.174km B=11.53T unif=0.492% hoop=367MPa
  [ 189] viol   f=  38.777  a=53.5 b=75.9 gap=17.0 (face=6.0mm) n=[153, 556, 268, 310, 711, 106, 314]  tape=1.172km B=8.35T unif=1.401% hoop=321MPa
  [ 190] viol   f=  31.115  a=44.0 b=70.2 gap=17.3 (face=6.6mm) n=[627, 298, 775, 682, 530, 641, 400]  tape=1.664km B=15.70T unif=1.384% hoop=353MPa
  [ 191] viol   f=   1.795  a=41.0 b=96.3 gap=22.0 (face=16.0mm) n=[53, 411, 702, 133, 883, 392, 578]  tape=1.706km B=9.79T unif=0.534% hoop=247MPa
  [ 192] OK     f=   1.787  a=42.6 b=81.9 gap=20.1 (face=12.2mm) n=[54, 620, 316, 403, 672, 810, 889]  tape=1.787km B=11.79T unif=0.663% hoop=277MPa
  [ 193] INFEAS f=14962.355  a=29.5 b=20.2 gap=26.3 (face=24.6mm) n=[139, 52, 762, 50, 746, 899, 614]  no evaluation (geometry pre-check)
  [ 194] INFEAS f=1575.161  a=54.8 b=56.0 gap=20.5 (face=12.9mm) n=[87, 673, 882, 556, 878, 895, 191]  no evaluation (geometry pre-check)
  [ 195] OK     f=   2.030  a=41.1 b=95.6 gap=15.6 (face=3.3mm) n=[321, 464, 554, 167, 892, 899, 518]  tape=2.030km B=13.05T unif=0.785% hoop=368MPa
  [ 196] INFEAS f=2045.241  a=77.3 b=77.2 gap=16.5 (face=5.1mm) n=[198, 379, 319, 309, 580, 744, 314]  no evaluation (geometry pre-check)
  [ 197] OK     f=   1.213  a=27.2 b=76.2 gap=18.1 (face=8.2mm) n=[448, 262, 492, 506, 608, 306, 399]  tape=1.213km B=13.38T unif=0.708% hoop=206MPa
  [ 198] viol   f=   2.099  a=59.5 b=97.0 gap=22.0 (face=16.0mm) n=[190, 350, 757, 114, 568, 638, 679]  tape=1.858km B=9.65T unif=0.749% hoop=355MPa
  [ 199] viol   f=  56.888  a=69.8 b=89.5 gap=16.5 (face=5.1mm) n=[298, 812, 871, 477, 809, 514, 278]  tape=2.289km B=10.97T unif=1.522% hoop=400MPa
  [ 200] viol   f=  11.293  a=60.3 b=104.8 gap=37.9 (face=47.8mm) n=[365, 520, 790, 275, 288, 452, 877]  tape=2.215km B=7.87T unif=0.304% hoop=355MPa
  [ 201] viol   f=   1.502  a=36.5 b=59.2 gap=16.8 (face=5.6mm) n=[62, 457, 427, 61, 410, 869, 321]  tape=1.033km B=9.52T unif=0.703% hoop=263MPa
  [ 202] OK     f=   1.725  a=46.3 b=82.6 gap=21.4 (face=14.7mm) n=[405, 152, 394, 344, 894, 765, 465]  tape=1.725km B=10.62T unif=0.720% hoop=359MPa
  [ 203] viol   f=   1.316  a=37.5 b=63.4 gap=15.8 (face=3.7mm) n=[346, 205, 422, 305, 874, 752, 159]  tape=1.249km B=11.61T unif=1.018% hoop=292MPa
  [ 204] OK     f=   1.026  a=41.6 b=47.9 gap=19.3 (face=10.6mm) n=[72, 70, 708, 383, 894, 625, 208]  tape=1.026km B=11.34T unif=0.691% hoop=225MPa
  [ 205] OK     f=   1.825  a=37.7 b=107.2 gap=21.2 (face=14.5mm) n=[101, 348, 637, 98, 741, 505, 821]  tape=1.825km B=10.22T unif=0.462% hoop=238MPa
  [ 206] INFEAS f=64241.170  a=5.1 b=71.9 gap=18.0 (face=8.1mm) n=[324, 472, 190, 458, 693, 643, 339]  no evaluation (geometry pre-check)
  [ 207] viol   f=   1.873  a=44.8 b=88.3 gap=20.4 (face=12.9mm) n=[61, 420, 552, 169, 717, 845, 305]  tape=1.577km B=9.62T unif=0.710% hoop=282MPa
  [ 208] viol   f=  32.905  a=42.9 b=66.4 gap=16.9 (face=5.8mm) n=[301, 80, 900, 88, 626, 505, 223]  tape=1.187km B=10.31T unif=1.398% hoop=252MPa
  [ 209] INFEAS f=1300.874  a=29.0 b=130.1 gap=17.4 (face=6.7mm) n=[514, 288, 644, 116, 646, 327, 738]  no evaluation (geometry pre-check)
  [ 210] viol   f=   2.041  a=46.9 b=117.9 gap=17.8 (face=7.6mm) n=[116, 189, 609, 50, 868, 863, 438]  tape=1.956km B=9.79T unif=0.462% hoop=267MPa
  [ 211] INFEAS f=23389.227  a=21.7 b=29.4 gap=15.8 (face=3.6mm) n=[360, 98, 555, 108, 877, 561, 235]  no evaluation (geometry pre-check)
  [ 212] viol   f=   4.152  a=49.8 b=79.1 gap=15.7 (face=3.3mm) n=[326, 370, 820, 253, 708, 854, 347]  tape=1.773km B=12.77T unif=1.109% hoop=400MPa
  [ 213] viol   f=   4.914  a=31.2 b=55.8 gap=15.5 (face=3.0mm) n=[270, 398, 282, 140, 579, 671, 114]  tape=0.845km B=10.44T unif=1.143% hoop=231MPa
  [ 214] viol   f=   3.567  a=48.1 b=92.7 gap=24.3 (face=20.5mm) n=[64, 363, 670, 119, 688, 882, 436]  tape=1.738km B=9.04T unif=0.575% hoop=256MPa
  [ 215] INFEAS f=41559.678  a=16.2 b=62.9 gap=15.5 (face=3.0mm) n=[52, 145, 668, 150, 778, 861, 313]  no evaluation (geometry pre-check)
  [ 216] INFEAS f=5041.422  a=31.6 b=31.4 gap=20.1 (face=12.1mm) n=[289, 317, 830, 326, 900, 768, 687]  no evaluation (geometry pre-check)
  [ 217] INFEAS f=1022.760  a=36.3 b=72.1 gap=21.4 (face=14.7mm) n=[420, 78, 312, 232, 900, 321, 284]  no evaluation (geometry pre-check)
  [ 218] INFEAS f=54580.193  a=56.3 b=24.7 gap=18.1 (face=8.2mm) n=[205, 244, 884, 166, 682, 884, 190]  no evaluation (geometry pre-check)
  [ 219] INFEAS f=15058.907  a=23.3 b=62.1 gap=18.3 (face=8.7mm) n=[80, 138, 840, 116, 737, 534, 224]  no evaluation (geometry pre-check)
  [ 220] viol   f=   1.907  a=37.3 b=79.5 gap=17.9 (face=7.7mm) n=[406, 182, 314, 382, 734, 462, 119]  tape=1.213km B=9.41T unif=0.892% hoop=283MPa
  [ 221] viol   f=  32.492  a=36.3 b=100.4 gap=15.9 (face=3.8mm) n=[269, 92, 266, 61, 665, 304, 56]  tape=0.935km B=6.03T unif=0.597% hoop=195MPa
  [ 222] INFEAS f=26919.993  a=18.3 b=73.7 gap=25.5 (face=23.1mm) n=[182, 226, 608, 217, 816, 609, 430]  no evaluation (geometry pre-check)
  [ 223] OK     f=   1.723  a=42.0 b=90.0 gap=16.1 (face=4.2mm) n=[119, 559, 615, 162, 875, 756, 283]  tape=1.723km B=11.84T unif=0.765% hoop=307MPa
  [ 224] viol   f=   7.490  a=40.4 b=87.4 gap=25.2 (face=22.4mm) n=[236, 79, 424, 385, 885, 748, 79]  tape=1.435km B=8.26T unif=0.631% hoop=265MPa
  [ 225] OK     f=   1.314  a=32.7 b=73.1 gap=20.9 (face=13.7mm) n=[240, 426, 775, 135, 668, 624, 283]  tape=1.314km B=11.87T unif=0.996% hoop=231MPa
  [ 226] viol   f=   3.346  a=44.1 b=92.9 gap=21.5 (face=15.0mm) n=[115, 343, 496, 198, 811, 856, 151]  tape=1.571km B=9.06T unif=0.668% hoop=266MPa
  [ 227] OK     f=   1.624  a=47.2 b=66.9 gap=20.0 (face=12.0mm) n=[538, 155, 299, 488, 900, 825, 525]  tape=1.624km B=12.71T unif=0.465% hoop=332MPa
  [ 228] INFEAS f=11339.228  a=24.7 b=86.2 gap=18.6 (face=9.2mm) n=[172, 59, 241, 69, 836, 755, 486]  no evaluation (geometry pre-check)
  [ 229] OK     f=   1.635  a=47.7 b=81.7 gap=17.1 (face=6.2mm) n=[272, 247, 382, 306, 899, 888, 277]  tape=1.635km B=10.67T unif=0.850% hoop=400MPa
  [ 230] OK     f=   1.294  a=47.8 b=59.9 gap=20.6 (face=13.3mm) n=[95, 390, 762, 115, 892, 771, 215]  tape=1.294km B=11.38T unif=0.312% hoop=245MPa
  [ 231] OK     f=   1.982  a=52.4 b=87.8 gap=17.5 (face=7.1mm) n=[417, 69, 828, 478, 852, 759, 463]  tape=1.982km B=13.01T unif=0.940% hoop=377MPa
  [ 232] INFEAS f=5569.877  a=25.2 b=39.4 gap=24.6 (face=21.1mm) n=[166, 282, 762, 243, 376, 553, 190]  no evaluation (geometry pre-check)
  [ 233] viol   f=   1.139  a=27.1 b=54.9 gap=17.7 (face=7.3mm) n=[357, 580, 421, 317, 446, 456, 505]  tape=0.958km B=14.81T unif=1.030% hoop=212MPa
  [ 234] OK     f=   1.603  a=49.3 b=64.9 gap=15.9 (face=3.9mm) n=[413, 329, 374, 483, 899, 682, 408]  tape=1.603km B=12.31T unif=0.849% hoop=400MPa
  [ 235] viol   f=   3.400  a=48.9 b=75.1 gap=17.2 (face=6.4mm) n=[491, 106, 851, 158, 609, 896, 375]  tape=1.627km B=12.26T unif=1.094% hoop=331MPa
  [ 236] viol   f=  10.826  a=35.7 b=81.4 gap=20.0 (face=12.1mm) n=[132, 147, 244, 151, 772, 816, 110]  tape=1.093km B=7.79T unif=1.007% hoop=197MPa
  [ 237] OK     f=   1.296  a=41.1 b=58.9 gap=22.7 (face=17.4mm) n=[238, 436, 659, 214, 893, 619, 190]  tape=1.296km B=11.00T unif=0.376% hoop=247MPa
  [ 238] viol   f=  93.577  a=42.7 b=54.6 gap=28.7 (face=29.4mm) n=[427, 115, 618, 108, 898, 888, 120]  tape=1.156km B=9.69T unif=1.679% hoop=202MPa
  [ 239] viol   f= 182.204  a=36.8 b=45.3 gap=30.3 (face=32.6mm) n=[247, 238, 265, 437, 592, 781, 209]  tape=0.919km B=7.96T unif=1.930% hoop=212MPa
  [ 240] OK     f=   2.059  a=45.6 b=107.5 gap=19.1 (face=10.2mm) n=[233, 269, 529, 307, 900, 814, 375]  tape=2.059km B=10.15T unif=0.547% hoop=325MPa
  [ 241] INFEAS f=11181.910  a=45.4 b=34.4 gap=15.8 (face=3.6mm) n=[130, 554, 113, 266, 670, 824, 264]  no evaluation (geometry pre-check)
  [ 242] viol   f=   1.598  a=32.9 b=59.8 gap=23.5 (face=19.0mm) n=[200, 721, 103, 165, 532, 727, 90]  tape=0.898km B=9.57T unif=1.041% hoop=152MPa
  [ 243] viol   f=   9.441  a=35.3 b=69.4 gap=32.7 (face=37.4mm) n=[188, 208, 657, 61, 655, 816, 460]  tape=1.247km B=7.98T unif=0.379% hoop=184MPa
  [ 244] INFEAS f=25824.956  a=17.2 b=91.1 gap=15.8 (face=3.6mm) n=[222, 672, 233, 249, 600, 778, 759]  no evaluation (geometry pre-check)
  [ 245] viol   f= 183.543  a=34.9 b=46.5 gap=19.1 (face=10.1mm) n=[379, 80, 744, 202, 750, 615, 331]  tape=0.948km B=13.38T unif=1.955% hoop=201MPa
  [ 246] OK     f=   1.559  a=40.9 b=75.1 gap=17.0 (face=6.1mm) n=[246, 448, 627, 61, 698, 893, 440]  tape=1.559km B=12.04T unif=0.912% hoop=306MPa
  [ 247] OK     f=   1.250  a=40.9 b=57.9 gap=25.4 (face=22.8mm) n=[162, 411, 580, 231, 583, 871, 311]  tape=1.250km B=10.01T unif=0.073% hoop=254MPa
  [ 248] INFEAS f=21185.102  a=19.0 b=54.4 gap=19.1 (face=10.2mm) n=[215, 595, 269, 316, 733, 786, 109]  no evaluation (geometry pre-check)
  [ 249] INFEAS f=1451.273  a=43.1 b=44.8 gap=15.5 (face=3.1mm) n=[244, 371, 362, 128, 368, 897, 639]  no evaluation (geometry pre-check)
  [ 250] viol   f=   4.535  a=64.2 b=84.9 gap=17.7 (face=7.3mm) n=[306, 75, 451, 211, 854, 767, 259]  tape=1.601km B=8.81T unif=1.020% hoop=360MPa
  [ 251] INFEAS f=11363.622  a=21.7 b=44.9 gap=18.2 (face=8.4mm) n=[175, 399, 488, 615, 509, 756, 212]  no evaluation (geometry pre-check)
  [ 252] viol   f=   2.274  a=50.3 b=77.3 gap=22.1 (face=16.3mm) n=[97, 553, 98, 75, 722, 840, 565]  tape=1.393km B=9.34T unif=0.661% hoop=251MPa
  [ 253] INFEAS f=13336.794  a=47.0 b=34.5 gap=17.8 (face=7.7mm) n=[96, 610, 337, 341, 722, 896, 325]  no evaluation (geometry pre-check)
  [ 254] viol   f=   1.902  a=31.4 b=42.9 gap=23.5 (face=18.9mm) n=[213, 376, 212, 291, 528, 335, 368]  tape=0.656km B=9.21T unif=0.513% hoop=178MPa
  [ 255] OK     f=   1.659  a=48.2 b=81.4 gap=19.5 (face=11.0mm) n=[218, 490, 302, 741, 849, 804, 58]  tape=1.659km B=11.79T unif=0.862% hoop=312MPa
  [ 256] INFEAS f=1002.963  a=28.6 b=47.6 gap=19.3 (face=10.7mm) n=[436, 688, 433, 52, 267, 381, 182]  no evaluation (geometry pre-check)
  [ 257] viol   f=   1.900  a=34.6 b=65.3 gap=22.2 (face=16.4mm) n=[114, 303, 819, 622, 328, 701, 81]  tape=1.166km B=10.95T unif=1.061% hoop=211MPa
  [ 258] INFEAS f=1184.756  a=35.4 b=74.5 gap=25.9 (face=23.9mm) n=[549, 501, 612, 866, 898, 503, 511]  no evaluation (geometry pre-check)
  [ 259] viol   f=  25.057  a=51.5 b=91.2 gap=16.0 (face=4.1mm) n=[109, 421, 117, 69, 321, 635, 372]  tape=1.091km B=6.54T unif=0.881% hoop=252MPa
  [ 260] viol   f=   7.310  a=40.9 b=88.1 gap=34.2 (face=40.3mm) n=[103, 638, 579, 159, 806, 619, 322]  tape=1.600km B=8.31T unif=0.411% hoop=211MPa
  [ 261] viol   f=  23.549  a=55.5 b=73.8 gap=17.4 (face=6.7mm) n=[255, 563, 212, 821, 765, 600, 101]  tape=1.556km B=11.68T unif=1.332% hoop=362MPa
  [ 262] viol   f=   5.866  a=59.7 b=73.9 gap=34.0 (face=40.0mm) n=[157, 57, 766, 375, 885, 849, 243]  tape=1.588km B=8.54T unif=0.485% hoop=257MPa
  [ 263] OK     f=   1.366  a=39.8 b=78.3 gap=20.3 (face=12.7mm) n=[61, 553, 625, 261, 615, 790, 121]  tape=1.366km B=10.48T unif=0.870% hoop=240MPa
  [ 264] INFEAS f=3349.297  a=32.2 b=71.6 gap=19.2 (face=10.4mm) n=[420, 364, 467, 92, 900, 445, 95]  no evaluation (geometry pre-check)
  [ 265] OK     f=   1.339  a=40.3 b=66.8 gap=21.2 (face=14.4mm) n=[182, 355, 589, 758, 723, 470, 236]  tape=1.339km B=12.32T unif=0.850% hoop=272MPa
  [ 266] INFEAS f=25545.313  a=19.6 b=69.2 gap=21.2 (face=14.5mm) n=[205, 112, 392, 840, 713, 520, 261]  no evaluation (geometry pre-check)
  [ 267] viol   f=  15.249  a=64.5 b=91.8 gap=16.7 (face=5.4mm) n=[109, 790, 61, 897, 673, 809, 60]  tape=1.866km B=10.85T unif=1.259% hoop=384MPa
  [ 268] viol   f=  25.443  a=70.4 b=122.1 gap=18.1 (face=8.2mm) n=[382, 289, 366, 402, 886, 526, 310]  tape=2.316km B=6.60T unif=0.610% hoop=400MPa
  [ 269] INFEAS f=5829.504  a=42.3 b=36.3 gap=19.4 (face=10.8mm) n=[120, 782, 276, 477, 318, 339, 387]  no evaluation (geometry pre-check)
  [ 270] OK     f=   1.694  a=39.3 b=88.2 gap=20.2 (face=12.5mm) n=[81, 741, 349, 900, 604, 522, 165]  tape=1.694km B=11.47T unif=0.806% hoop=255MPa
  [ 271] viol   f=   1.644  a=43.2 b=87.7 gap=24.8 (face=21.6mm) n=[75, 520, 99, 602, 887, 856, 245]  tape=1.637km B=9.94T unif=0.660% hoop=249MPa
  [ 272] OK     f=   1.399  a=47.4 b=61.3 gap=23.5 (face=18.9mm) n=[662, 80, 778, 478, 734, 742, 187]  tape=1.399km B=13.60T unif=0.521% hoop=286MPa
  [ 273] INFEAS f=1124.421  a=45.3 b=48.5 gap=18.2 (face=8.4mm) n=[580, 508, 484, 557, 778, 900, 418]  no evaluation (geometry pre-check)
  [ 274] OK     f=   1.503  a=44.7 b=91.0 gap=17.1 (face=6.1mm) n=[77, 608, 479, 373, 788, 364, 168]  tape=1.503km B=10.00T unif=0.838% hoop=328MPa
  [ 275] OK     f=   1.637  a=44.0 b=65.8 gap=35.3 (face=42.5mm) n=[512, 812, 444, 867, 450, 755, 149]  tape=1.637km B=11.04T unif=0.550% hoop=273MPa
  [ 276] OK     f=   1.540  a=38.4 b=93.3 gap=19.2 (face=10.4mm) n=[507, 446, 401, 182, 499, 808, 86]  tape=1.540km B=10.02T unif=0.598% hoop=331MPa
  [ 277] INFEAS f=7311.318  a=29.0 b=72.8 gap=29.5 (face=31.0mm) n=[71, 894, 841, 719, 588, 894, 376]  no evaluation (geometry pre-check)
  [ 278] viol   f=   4.260  a=44.0 b=104.0 gap=19.3 (face=10.6mm) n=[125, 295, 360, 885, 647, 318, 192]  tape=1.676km B=8.86T unif=0.655% hoop=311MPa
  [ 279] viol   f=   5.893  a=40.9 b=67.4 gap=35.0 (face=42.0mm) n=[67, 780, 396, 204, 758, 878, 180]  tape=1.344km B=8.49T unif=0.647% hoop=193MPa
  [ 280] INFEAS f=1309.200  a=51.0 b=53.2 gap=31.2 (face=34.5mm) n=[100, 636, 880, 801, 631, 552, 225]  no evaluation (geometry pre-check)
  [ 281] INFEAS f=27664.014  a=21.2 b=43.6 gap=18.1 (face=8.1mm) n=[606, 363, 891, 747, 369, 899, 396]  no evaluation (geometry pre-check)
  [ 282] viol   f=   2.376  a=37.8 b=63.2 gap=33.4 (face=38.8mm) n=[301, 81, 772, 628, 639, 552, 356]  tape=1.281km B=9.26T unif=0.890% hoop=206MPa
  [ 283] INFEAS f=1428.186  a=44.0 b=45.7 gap=24.1 (face=20.3mm) n=[360, 794, 513, 471, 682, 619, 126]  no evaluation (geometry pre-check)
  [ 284] INFEAS f=3989.691  a=20.7 b=66.9 gap=18.3 (face=8.5mm) n=[213, 211, 484, 187, 514, 611, 291]  no evaluation (geometry pre-check)  [a=68 b=102 nt=1763] KSP converged reason: 4, iterations: 1
  [a=64 b=104 nt=1686] KSP converged reason: 4, iterations: 1
  [a=42 b=139 nt=2746] KSP converged reason: 4, iterations: 1
  [a=68 b=154 nt=3333] KSP converged reason: 4, iterations: 1
  [a=79 b=149 nt=3498] KSP converged reason: 4, iterations: 1
  [a=58 b=154 nt=4658] KSP converged reason: 4, iterations: 1
  [a=42 b=118 nt=3955] KSP converged reason: 4, iterations: 1
  [a=66 b=109 nt=4482] KSP converged reason: 4, iterations: 1
  [a=53 b=82 nt=3958] KSP converged reason: 4, iterations: 1
  [a=48 b=67 nt=3756] KSP converged reason: 4, iterations: 1
  [a=56 b=98 nt=3486] KSP converged reason: 4, iterations: 1
  [a=55 b=68 nt=3433] KSP converged reason: 4, iterations: 1
  [a=31 b=73 nt=2924] KSP converged reason: 4, iterations: 1
  [a=56 b=102 nt=3358] KSP converged reason: 4, iterations: 1
  [a=49 b=91 nt=3812] KSP converged reason: 4, iterations: 1
  [a=52 b=90 nt=3234] KSP converged reason: 4, iterations: 1
  [a=63 b=83 nt=3271] KSP converged reason: 4, iterations: 1
  [a=60 b=96 nt=3338] KSP converged reason: 4, iterations: 1
  [a=70 b=96 nt=3367] KSP converged reason: 4, iterations: 1
  [a=48 b=78 nt=3146] KSP converged reason: 4, iterations: 1
  [a=47 b=92 nt=3063] KSP converged reason: 4, iterations: 1
  [a=58 b=83 nt=3781] KSP converged reason: 4, iterations: 1
  [a=54 b=76 nt=2418] KSP converged reason: 4, iterations: 1
  [a=27 b=76 nt=3021] KSP converged reason: 4, iterations: 1
  [a=38 b=63 nt=3063] KSP converged reason: 4, iterations: 1
  [a=48 b=93 nt=3222] KSP converged reason: 4, iterations: 1
  [a=33 b=73 nt=3151] KSP converged reason: 4, iterations: 1
  [a=41 b=59 nt=3249] KSP converged reason: 4, iterations: 1
  [a=37 b=45 nt=2769] KSP converged reason: 4, iterations: 1
  [a=35 b=46 nt=3101] KSP converged reason: 4, iterations: 1
  [a=50 b=77 nt=2950] KSP converged reason: 4, iterations: 1
  [a=40 b=78 nt=3026] KSP converged reason: 4, iterations: 1
  [a=39 b=88 nt=3362] KSP converged reason: 4, iterations: 1
  [a=44 b=104 nt=2822] KSP converged reason: 4, iterations: 1
  [a=41 b=67 nt=3263] KSP converged reason: 4, iterations: 1
  [a=47 b=99 nt=2913] KSP converged reason: 4, iterations: 1
  [a=46 b=85 nt=3653] KSP converged reason: 4, iterations: 1
  [a=42 b=89 nt=3363] KSP converged reason: 4, iterations: 1
  [a=71 b=122 nt=2429] KSP converged reason: 4, iterations: 1
  [a=46 b=138 nt=2405] KSP converged reason: 4, iterations: 1
  [a=36 b=119 nt=2134] KSP converged reason: 4, iterations: 1
  [a=86 b=131 nt=2847] KSP converged reason: 4, iterations: 1
  [a=78 b=154 nt=1207] KSP converged reason: 4, iterations: 1
  [a=39 b=144 nt=3409] KSP converged reason: 4, iterations: 1
  [a=53 b=187 nt=4007] KSP converged reason: 4, iterations: 1
  [a=51 b=127 nt=3025] KSP converged reason: 4, iterations: 1
  [a=80 b=146 nt=3128] KSP converged reason: 4, iterations: 1
  [a=76 b=152 nt=4265] KSP converged reason: 4, iterations: 1
  [a=52 b=90 nt=3467] KSP converged reason: 4, iterations: 1
  [a=51 b=116 nt=3664] KSP converged reason: 4, iterations: 1
  [a=53 b=85 nt=3724] KSP converged reason: 4, iterations: 1
  [a=44 b=117 nt=3480] KSP converged reason: 4, iterations: 1
  [a=62 b=85 nt=4039] KSP converged reason: 4, iterations: 1
  [a=69 b=87 nt=2952] KSP converged reason: 4, iterations: 1
  [a=62 b=87 nt=2922] KSP converged reason: 4, iterations: 1
  [a=35 b=74 nt=2797] KSP converged reason: 4, iterations: 1
  [a=47 b=92 nt=4749] KSP converged reason: 4, iterations: 1
  [a=55 b=105 nt=4277] KSP converged reason: 4, iterations: 1
  [a=58 b=69 nt=3913] KSP converged reason: 4, iterations: 1
  [a=41 b=87 nt=2903] KSP converged reason: 4, iterations: 1
  [a=56 b=71 nt=3816] KSP converged reason: 4, iterations: 1
  [a=49 b=121 nt=2900] KSP converged reason: 4, iterations: 1
  [a=45 b=62 nt=3486] KSP converged reason: 4, iterations: 1
  [a=47 b=114 nt=3519] KSP converged reason: 4, iterations: 1
  [a=70 b=89 nt=4059] KSP converged reason: 4, iterations: 1
  [a=38 b=107 nt=3251] KSP converged reason: 4, iterations: 1
  [a=31 b=56 nt=2454] KSP converged reason: 4, iterations: 1
  [a=40 b=87 nt=2836] KSP converged reason: 4, iterations: 1
  [a=48 b=60 nt=3240] KSP converged reason: 4, iterations: 1
  [a=49 b=75 nt=3486] KSP converged reason: 4, iterations: 1
  [a=35 b=69 nt=3045] KSP converged reason: 4, iterations: 1
  [a=48 b=81 nt=3462] KSP converged reason: 4, iterations: 1
  [a=70 b=122 nt=3161] KSP converged reason: 4, iterations: 1
  [a=38 b=93 nt=2929] KSP converged reason: 4, iterations: 1
  [a=38 b=63 nt=3329] KSP converged reason: 4, iterations: 1
  [a=65 b=85 nt=3566] KSP converged reason: 4, iterations: 1
  [a=43 b=57 nt=4006] KSP converged reason: 4, iterations: 1
  [a=43 b=103 nt=1629] KSP converged reason: 4, iterations: 1
  [a=55 b=153 nt=2667] KSP converged reason: 4, iterations: 1
  [a=50 b=163 nt=4107] KSP converged reason: 4, iterations: 1
  [a=55 b=141 nt=3406] KSP converged reason: 4, iterations: 1
  [a=43 b=115 nt=4256] KSP converged reason: 4, iterations: 1
  [a=74 b=94 nt=3858] KSP converged reason: 4, iterations: 1
  [a=64 b=103 nt=3843] KSP converged reason: 4, iterations: 1
  [a=59 b=120 nt=3300] KSP converged reason: 4, iterations: 1
  [a=61 b=95 nt=3316] KSP converged reason: 4, iterations: 1
  [a=47 b=133 nt=3997] KSP converged reason: 4, iterations: 1
  [a=56 b=90 nt=2821] KSP converged reason: 4, iterations: 1
  [a=63 b=113 nt=3949] KSP converged reason: 4, iterations: 1
  [a=48 b=63 nt=3404] KSP converged reason: 4, iterations: 1
  [a=56 b=77 nt=4077] KSP converged reason: 4, iterations: 1
  [a=61 b=80 nt=3996] KSP converged reason: 4, iterations: 1
  [a=69 b=96 nt=4386] KSP converged reason: 4, iterations: 1
  [a=36 b=63 nt=3428] KSP converged reason: 4, iterations: 1
  [a=44 b=62 nt=3034] KSP converged reason: 4, iterations: 1
  [a=57 b=89 nt=3275] KSP converged reason: 4, iterations: 1
  [a=66 b=104 nt=3639] KSP converged reason: 4, iterations: 1
  [a=44 b=70 nt=3953] KSP converged reason: 4, iterations: 1
  [a=60 b=97 nt=3296] KSP converged reason: 4, iterations: 1
  [a=46 b=83 nt=3419] KSP converged reason: 4, iterations: 1
  [a=37 b=80 nt=2599] KSP converged reason: 4, iterations: 1
  [a=47 b=67 nt=3730] KSP converged reason: 4, iterations: 1
  [a=49 b=65 nt=3588] KSP converged reason: 4, iterations: 1
  [a=46 b=107 nt=3427] KSP converged reason: 4, iterations: 1
  [a=41 b=75 nt=3413] KSP converged reason: 4, iterations: 1
  [a=41 b=88 nt=3226] KSP converged reason: 4, iterations: 1
  [a=65 b=92 nt=3399] KSP converged reason: 4, iterations: 1
  [a=44 b=66 nt=3989] KSP converged reason: 4, iterations: 1
  [a=53 b=73 nt=3810] KSP converged reason: 4, iterations: 1
  [a=50 b=99 nt=3270] KSP converged reason: 4, iterations: 1
  [a=52 b=98 nt=4078] KSP converged reason: 4, iterations: 1
  [a=33 b=136 nt=2469] KSP converged reason: 4, iterations: 1
  [a=89 b=150 nt=3308] KSP converged reason: 4, iterations: 1
  [a=89 b=119 nt=1697] KSP converged reason: 4, iterations: 1
  [a=61 b=133 nt=3663] KSP converged reason: 4, iterations: 1
  [a=59 b=192 nt=2996] KSP converged reason: 4, iterations: 1
  [a=50 b=141 nt=3549] KSP converged reason: 4, iterations: 1
  [a=49 b=116 nt=3432] KSP converged reason: 4, iterations: 1
  [a=61 b=97 nt=4048] KSP converged reason: 4, iterations: 1
  [a=67 b=126 nt=3196] KSP converged reason: 4, iterations: 1
  [a=64 b=89 nt=3643] KSP converged reason: 4, iterations: 1
  [a=57 b=93 nt=3313] KSP converged reason: 4, iterations: 1
  [a=55 b=77 nt=3633] KSP converged reason: 4, iterations: 1
  [a=72 b=82 nt=4070] KSP converged reason: 4, iterations: 1
  [a=44 b=70 nt=3039] KSP converged reason: 4, iterations: 1
  [a=42 b=98 nt=3441] KSP converged reason: 4, iterations: 1
  [a=43 b=114 nt=3759] KSP converged reason: 4, iterations: 1
  [a=37 b=71 nt=3210] KSP converged reason: 4, iterations: 1
  [a=38 b=90 nt=3050] KSP converged reason: 4, iterations: 1
  [a=38 b=72 nt=3125] KSP converged reason: 4, iterations: 1
  [a=40 b=66 nt=2297] KSP converged reason: 4, iterations: 1
  [a=39 b=91 nt=3743] KSP converged reason: 4, iterations: 1
  [a=47 b=124 nt=2530] KSP converged reason: 4, iterations: 1
  [a=41 b=96 nt=3815] KSP converged reason: 4, iterations: 1
  [a=42 b=48 nt=2960] KSP converged reason: 4, iterations: 1
  [a=43 b=66 nt=2723] KSP converged reason: 4, iterations: 1
  [a=36 b=100 nt=1713] KSP converged reason: 4, iterations: 1
  [a=48 b=82 nt=3271] KSP converged reason: 4, iterations: 1
  [a=36 b=81 nt=2372] KSP converged reason: 4, iterations: 1
  [a=43 b=55 nt=3174] KSP converged reason: 4, iterations: 1
  [a=41 b=58 nt=3149] KSP converged reason: 4, iterations: 1
  [a=35 b=65 nt=2968] KSP converged reason: 4, iterations: 1
  [a=56 b=74 nt=3317] KSP converged reason: 4, iterations: 1
  [a=45 b=91 nt=2857] KSP converged reason: 4, iterations: 1
  [a=42 b=65 nt=3902] KSP converged reason: 4, iterations: 1
  [a=42 b=82 nt=3602] KSP converged reason: 4, iterations: 1
  [a=49 b=104 nt=4183] KSP converged reason: 4, iterations: 1
  [a=45 b=138 nt=2705] KSP converged reason: 4, iterations: 1
  [a=88 b=122 nt=2636] KSP converged reason: 4, iterations: 1
  [a=34 b=138 nt=2182] KSP converged reason: 4, iterations: 1
  [a=56 b=140 nt=3561] KSP converged reason: 4, iterations: 1
  [a=59 b=130 nt=3229] KSP converged reason: 4, iterations: 1
  [a=73 b=122 nt=3384] KSP converged reason: 4, iterations: 1
  [a=42 b=154 nt=3951] KSP converged reason: 4, iterations: 1
  [a=84 b=170 nt=3628] KSP converged reason: 4, iterations: 1
  [a=41 b=111 nt=3224] KSP converged reason: 4, iterations: 1
  [a=49 b=137 nt=2900] KSP converged reason: 4, iterations: 1
  [a=39 b=109 nt=3611] KSP converged reason: 4, iterations: 1
  [a=64 b=96 nt=3265] KSP converged reason: 4, iterations: 1
  [a=61 b=91 nt=3942] KSP converged reason: 4, iterations: 1
  [a=54 b=79 nt=3592] KSP converged reason: 4, iterations: 1
  [a=58 b=64 nt=4004] KSP converged reason: 4, iterations: 1
  [a=51 b=108 nt=3055] KSP converged reason: 4, iterations: 1
  [a=51 b=108 nt=3929] KSP converged reason: 4, iterations: 1
  [a=32 b=79 nt=3910] KSP converged reason: 4, iterations: 1
  [a=40 b=59 nt=3501] KSP converged reason: 4, iterations: 1
  [a=69 b=80 nt=3907] KSP converged reason: 4, iterations: 1
  [a=41 b=62 nt=3902] KSP converged reason: 4, iterations: 1
  [a=45 b=91 nt=3567] KSP converged reason: 4, iterations: 1
  [a=61 b=129 nt=3742] KSP converged reason: 4, iterations: 1
  [a=43 b=82 nt=3764] KSP converged reason: 4, iterations: 1
  [a=37 b=59 nt=2607] KSP converged reason: 4, iterations: 1
  [a=47 b=118 nt=3133] KSP converged reason: 4, iterations: 1
  [a=42 b=90 nt=3369] KSP converged reason: 4, iterations: 1
  [a=27 b=55 nt=3082] KSP converged reason: 4, iterations: 1
  [a=33 b=60 nt=2538] KSP converged reason: 4, iterations: 1
  [a=31 b=43 nt=2323] KSP converged reason: 4, iterations: 1
  [a=40 b=67 nt=3313] KSP converged reason: 4, iterations: 1
  [a=47 b=61 nt=3661] KSP converged reason: 4, iterations: 1
  [a=37 b=51 nt=3866] KSP converged reason: 4, iterations: 1
  [a=44 b=75 nt=4637] KSP converged reason: 4, iterations: 1
  [a=37 b=92 nt=4272] KSP converged reason: 4, iterations: 1
  [a=61 b=144 nt=2768] KSP converged reason: 4, iterations: 1
  [a=79 b=144 nt=2445] KSP converged reason: 4, iterations: 1
  [a=60 b=130 nt=4072] KSP converged reason: 4, iterations: 1
  [a=77 b=160 nt=3312] KSP converged reason: 4, iterations: 1
  [a=36 b=190 nt=3552] KSP converged reason: 4, iterations: 1
  [a=73 b=130 nt=3883] KSP converged reason: 4, iterations: 1
  [a=67 b=93 nt=3887] KSP converged reason: 4, iterations: 1
  [a=45 b=98 nt=2913] KSP converged reason: 4, iterations: 1
  [a=55 b=110 nt=3825] KSP converged reason: 4, iterations: 1
  [a=63 b=106 nt=3636] KSP converged reason: 4, iterations: 1
  [a=53 b=116 nt=4439] KSP converged reason: 4, iterations: 1
  [a=41 b=53 nt=3068] KSP converged reason: 4, iterations: 1
  [a=74 b=96 nt=3568] KSP converged reason: 4, iterations: 1
  [a=55 b=101 nt=3620] KSP converged reason: 4, iterations: 1
  [a=84 b=114 nt=4291] KSP converged reason: 4, iterations: 1
  [a=56 b=84 nt=2722] KSP converged reason: 4, iterations: 1
  [a=50 b=78 nt=3322] KSP converged reason: 4, iterations: 1
  [a=42 b=65 nt=3545] KSP converged reason: 4, iterations: 1
  [a=53 b=84 nt=2844] KSP converged reason: 4, iterations: 1
  [a=37 b=75 nt=3438] KSP converged reason: 4, iterations: 1
  [a=42 b=103 nt=3383] KSP converged reason: 4, iterations: 1
  [a=49 b=114 nt=3785] KSP converged reason: 4, iterations: 1
  [a=41 b=96 nt=3152] KSP converged reason: 4, iterations: 1
  [a=60 b=105 nt=3567] KSP converged reason: 4, iterations: 1
  [a=45 b=88 nt=3069] KSP converged reason: 4, iterations: 1
  [a=50 b=79 nt=3678] KSP converged reason: 4, iterations: 1
  [a=44 b=93 nt=2970] KSP converged reason: 4, iterations: 1
  [a=52 b=88 nt=3866] KSP converged reason: 4, iterations: 1
  [a=64 b=85 nt=2923] KSP converged reason: 4, iterations: 1
  [a=51 b=91 nt=2044] KSP converged reason: 4, iterations: 1
  [a=60 b=74 nt=3332] KSP converged reason: 4, iterations: 1
  [a=43 b=88 nt=3284] KSP converged reason: 4, iterations: 1
  [a=45 b=70 nt=3695] KSP converged reason: 4, iterations: 1
  [a=50 b=91 nt=4094] KSP converged reason: 4, iterations: 1
  [a=42 b=81 nt=4272] KSP converged reason: 4, iterations: 1

  [ 285] INFEAS f=1229.455  a=34.5 b=71.3 gap=18.4 (face=8.9mm) n=[725, 594, 878, 50, 553, 588, 75]  no evaluation (geometry pre-check)
  [ 286] OK     f=   1.546  a=42.1 b=64.5 gap=25.0 (face=22.0mm) n=[415, 376, 858, 363, 848, 865, 177]  tape=1.546km B=12.96T unif=0.296% hoop=307MPa
  [ 287] viol   f=   2.154  a=46.6 b=98.8 gap=20.2 (face=12.4mm) n=[449, 178, 716, 148, 816, 456, 150]  tape=1.629km B=9.49T unif=0.590% hoop=288MPa
  [ 288] OK     f=   1.816  a=53.3 b=73.0 gap=27.9 (face=27.9mm) n=[540, 375, 886, 390, 656, 697, 266]  tape=1.816km B=11.27T unif=0.504% hoop=349MPa
  [ 289] INFEAS f=6531.014  a=29.6 b=88.8 gap=15.9 (face=3.8mm) n=[126, 239, 874, 267, 897, 832, 179]  no evaluation (geometry pre-check)
  [ 290] viol   f=  61.852  a=44.8 b=69.7 gap=16.9 (face=5.8mm) n=[697, 181, 767, 584, 684, 593, 189]  tape=1.533km B=15.17T unif=1.549% hoop=329MPa
  [ 291] INFEAS f=1355.384  a=56.9 b=59.0 gap=26.2 (face=24.3mm) n=[572, 510, 869, 294, 226, 717, 179]  no evaluation (geometry pre-check)
  [ 292] viol   f=   6.499  a=45.6 b=84.6 gap=38.4 (face=48.9mm) n=[161, 350, 885, 166, 772, 712, 607]  tape=1.806km B=8.47T unif=0.199% hoop=233MPa
  [ 293] viol   f= 645.795  a=36.8 b=51.0 gap=33.2 (face=38.4mm) n=[448, 151, 776, 713, 840, 714, 224]  tape=1.266km B=10.73T unif=2.795% hoop=203MPa
  [ 294] INFEAS f=2253.328  a=33.4 b=75.0 gap=21.9 (face=15.9mm) n=[424, 141, 685, 308, 900, 872, 169]  no evaluation (geometry pre-check)
  [ 295] OK     f=   2.153  a=50.4 b=91.1 gap=24.6 (face=21.2mm) n=[481, 438, 770, 248, 874, 874, 409]  tape=2.153km B=11.86T unif=0.578% hoop=370MPa
  [ 296] OK     f=   1.696  a=41.5 b=81.6 gap=22.9 (face=17.8mm) n=[360, 451, 769, 609, 647, 382, 384]  tape=1.696km B=12.47T unif=0.866% hoop=358MPa
  [ 297] OK     f=   1.863  a=49.8 b=99.1 gap=20.9 (face=13.8mm) n=[355, 91, 787, 370, 633, 900, 134]  tape=1.863km B=10.02T unif=0.582% hoop=308MPa
  [ 298] INFEAS f=3548.213  a=31.4 b=72.1 gap=22.7 (face=17.4mm) n=[374, 453, 827, 576, 742, 885, 275]  no evaluation (geometry pre-check)
  [ 299] viol   f=   3.862  a=65.3 b=85.2 gap=19.5 (face=11.0mm) n=[425, 205, 658, 449, 737, 808, 284]  tape=1.924km B=10.31T unif=1.098% hoop=400MPa
  [ 300] OK     f=   1.999  a=43.7 b=75.1 gap=23.6 (face=19.1mm) n=[718, 81, 884, 841, 594, 899, 620]  tape=1.999km B=15.90T unif=0.771% hoop=321MPa
  [ 301] INFEAS f=6974.890  a=27.9 b=88.3 gap=20.5 (face=13.0mm) n=[528, 97, 774, 649, 859, 537, 472]  no evaluation (geometry pre-check)
  [ 302] OK     f=   1.737  a=41.8 b=88.6 gap=21.7 (face=15.4mm) n=[293, 260, 837, 338, 604, 497, 534]  tape=1.737km B=11.06T unif=0.798% hoop=307MPa
  [ 303] INFEAS f=2208.162  a=31.1 b=61.4 gap=17.6 (face=7.2mm) n=[428, 88, 734, 513, 748, 836, 81]  no evaluation (geometry pre-check)
  [ 304] OK     f=   2.237  a=52.2 b=98.3 gap=23.1 (face=18.1mm) n=[718, 182, 750, 587, 763, 841, 237]  tape=2.237km B=12.76T unif=0.714% hoop=358MPa
  [ 305] INFEAS f=1146.518  a=35.5 b=95.1 gap=19.7 (face=11.5mm) n=[688, 144, 897, 164, 730, 896, 390]  no evaluation (geometry pre-check)
  [ 306] OK     f=   1.460  a=42.6 b=57.2 gap=20.9 (face=13.7mm) n=[82, 329, 891, 790, 723, 900, 291]  tape=1.460km B=14.73T unif=0.642% hoop=252MPa
  [ 307] INFEAS f=6024.140  a=29.5 b=63.7 gap=22.4 (face=16.8mm) n=[460, 74, 887, 720, 588, 865, 173]  no evaluation (geometry pre-check)
  [ 308] OK     f=   1.932  a=42.4 b=81.3 gap=29.4 (face=30.9mm) n=[585, 667, 680, 671, 733, 808, 128]  tape=1.932km B=12.91T unif=0.573% hoop=281MPa
  [ 309] OK     f=   2.414  a=49.3 b=104.2 gap=25.2 (face=22.4mm) n=[536, 218, 884, 683, 824, 675, 363]  tape=2.414km B=12.34T unif=0.510% hoop=340MPa
  [ 310] OK     f=   2.109  a=37.4 b=91.5 gap=30.6 (face=33.3mm) n=[770, 269, 899, 549, 896, 671, 218]  tape=2.109km B=12.19T unif=0.658% hoop=252MPa

==========================================================================================
CMA-ES finished: 310 evaluations in 8.0 min
==========================================================================================

Best feasible design found:
  a_mm             41.60510685178104
  b_mm             47.89611155830849
  gap_mm           19.280883103378116
  face_gap_mm      10.561766206756234
  n_turns          [72, 70, 708, 383, 894, 625, 208]
  n_total          2960
  tape_km          1.0261778424330825
  B_target_T       11.3428349284289
  uniformity_pct   0.6911291190542767
  hoop_MPa         225.05434653763055
  delam_MPa        9.920618577045703
  I_quench_A       400.0294829637613
  I_op_A           220.03821945201392
  binding          quench/SF
  clip_frac        0.14767932489451477

Full evaluation history -> optimize/cmaes_history.csv
Best design            -> optimize/cmaes_results.csv
Appended 310 rows to cumulative master log -> optimize/cmaes_all_evaluations.csv

Figures -> /home/gerrityjack/fenicsx/Racetrack-Coil-Optimization/visualization/cmaes_convergence.png, cmaes_constraints.png, cmaes_variables.png, cmaes_overview.png
Cumulative parameter-space map -> visualization/cmaes_param_map.png (21530 evaluations, 69 runs)
