Starting CMA-ES: 10 variables, budget 300 evaluations, target B >= 10.0 T, uniformity <= 1.0%, hoop <= 400 MPa, coil-coil face gap >= 3 mm

Parallel mode: 6 worker processes per generation.
  [   1] viol   f=  30.439  a=56.4 b=123.1 gap=30.6 (face=33.1mm) n=[162, 590, 564, 755, 104, 65, 65]  tape=1.540km B=6.20T unif=0.388% hoop=280MPa
  [   2] INFEAS f=1007.933  a=35.9 b=111.3 gap=20.2 (face=12.4mm) n=[884, 243, 883, 747, 341, 221, 781]  no evaluation (geometry pre-check)
  [   3] viol   f=   9.353  a=66.0 b=158.1 gap=28.5 (face=29.0mm) n=[786, 265, 457, 754, 299, 379, 586]  tape=2.934km B=8.21T unif=0.284% hoop=382MPa
  [   4] viol   f=   9.469  a=63.7 b=116.6 gap=33.2 (face=38.4mm) n=[429, 546, 806, 496, 69, 321, 855]  tape=2.341km B=8.11T unif=0.378% hoop=362MPa
  [   5] viol   f=  30.973  a=62.1 b=137.9 gap=30.7 (face=33.3mm) n=[528, 341, 266, 234, 165, 513, 674]  tape=2.020km B=6.20T unif=0.316% hoop=321MPa
  [   6] viol   f=  12.812  a=23.3 b=147.5 gap=27.1 (face=26.2mm) n=[496, 494, 394, 459, 141, 461, 388]  tape=1.861km B=9.54T unif=1.229% hoop=132MPa
  [   7] INFEAS f=2131.323  a=29.4 b=136.4 gap=29.9 (face=31.7mm) n=[172, 698, 330, 588, 788, 685, 167]  no evaluation (geometry pre-check)
  [   8] viol   f=   2.552  a=55.8 b=133.6 gap=16.9 (face=5.7mm) n=[897, 283, 700, 458, 214, 315, 444]  tape=2.438km B=9.76T unif=0.536% hoop=400MPa
  [   9] viol   f=   7.621  a=65.0 b=138.5 gap=25.7 (face=23.4mm) n=[785, 232, 842, 670, 146, 133, 403]  tape=2.415km B=8.39T unif=0.438% hoop=341MPa
  [  10] viol   f=   4.925  a=71.3 b=114.2 gap=30.2 (face=32.3mm) n=[894, 64, 708, 897, 397, 141, 359]  tape=2.306km B=8.86T unif=0.640% hoop=375MPa
  [  11] viol   f=  28.485  a=67.1 b=124.7 gap=28.2 (face=28.5mm) n=[396, 234, 895, 362, 227, 397, 414]  tape=2.165km B=6.37T unif=0.462% hoop=400MPa
  [  12] OK     f=   1.502  a=41.0 b=98.0 gap=16.8 (face=5.6mm) n=[770, 159, 754, 295, 221, 251, 330]  tape=1.502km B=11.16T unif=0.657% hoop=273MPa
  [  13] INFEAS f=1122.381  a=35.5 b=125.6 gap=22.7 (face=17.4mm) n=[500, 273, 894, 879, 161, 286, 404]  no evaluation (geometry pre-check)
  [  14] viol   f=   8.001  a=50.1 b=78.9 gap=26.7 (face=25.3mm) n=[782, 141, 443, 418, 221, 173, 353]  tape=1.271km B=8.23T unif=1.050% hoop=303MPa
  [  15] OK     f=   2.522  a=46.2 b=149.1 gap=21.0 (face=13.9mm) n=[790, 197, 741, 775, 394, 167, 336]  tape=2.522km B=11.36T unif=0.212% hoop=304MPa
  [  16] viol   f=  18.733  a=69.6 b=142.5 gap=20.4 (face=12.8mm) n=[545, 94, 848, 588, 532, 144, 253]  tape=2.380km B=7.14T unif=0.458% hoop=400MPa
  [  17] viol   f=  13.280  a=68.8 b=145.7 gap=30.7 (face=33.5mm) n=[852, 187, 800, 560, 390, 112, 415]  tape=2.636km B=7.69T unif=0.361% hoop=369MPa
  [  18] viol   f=   3.972  a=48.9 b=129.3 gap=18.3 (face=8.5mm) n=[657, 140, 493, 240, 177, 520, 579]  tape=1.871km B=8.98T unif=0.435% hoop=293MPa
  [  19] viol   f=   8.916  a=77.2 b=122.2 gap=20.9 (face=13.9mm) n=[735, 131, 896, 406, 257, 139, 882]  tape=2.456km B=8.20T unif=0.688% hoop=400MPa
  [  20] viol   f=  16.666  a=58.5 b=155.0 gap=24.1 (face=20.1mm) n=[900, 50, 303, 698, 117, 315, 350]  tape=2.256km B=7.32T unif=0.306% hoop=320MPa
  [  21] INFEAS f=65101.575  a=8.0 b=117.9 gap=15.6 (face=3.1mm) n=[775, 563, 679, 563, 318, 417, 457]  no evaluation (geometry pre-check)
  [  22] viol   f=   3.639  a=66.2 b=119.7 gap=20.1 (face=12.2mm) n=[692, 196, 790, 679, 237, 148, 617]  tape=2.255km B=9.17T unif=0.685% hoop=400MPa
  [  23] INFEAS f=2166.047  a=32.8 b=98.8 gap=16.8 (face=5.6mm) n=[880, 152, 775, 160, 448, 503, 462]  no evaluation (geometry pre-check)
  [  24] viol   f=   7.762  a=48.2 b=108.6 gap=20.0 (face=12.1mm) n=[545, 83, 627, 420, 182, 409, 177]  tape=1.430km B=8.22T unif=0.633% hoop=269MPa
  [  25] OK     f=   1.583  a=38.7 b=100.5 gap=19.0 (face=10.0mm) n=[698, 326, 305, 641, 154, 294, 539]  tape=1.583km B=11.19T unif=0.483% hoop=297MPa
  [  26] INFEAS f=1186.132  a=27.4 b=101.3 gap=24.6 (face=21.2mm) n=[611, 365, 686, 158, 217, 97, 532]  no evaluation (geometry pre-check)
  [  27] INFEAS f=1726.950  a=25.5 b=128.5 gap=17.1 (face=6.2mm) n=[304, 221, 668, 519, 104, 466, 401]  no evaluation (geometry pre-check)
  [  28] OK     f=   1.923  a=38.4 b=121.3 gap=18.0 (face=8.0mm) n=[567, 80, 899, 446, 475, 294, 196]  tape=1.923km B=10.14T unif=0.971% hoop=305MPa
  [  29] viol   f=  11.823  a=83.8 b=95.4 gap=27.1 (face=26.3mm) n=[900, 164, 700, 528, 309, 238, 586]  tape=2.194km B=7.94T unif=1.074% hoop=400MPa
  [  30] viol   f=   2.593  a=47.6 b=149.6 gap=24.3 (face=20.6mm) n=[892, 453, 683, 501, 119, 55, 519]  tape=2.482km B=9.76T unif=0.098% hoop=322MPa
  [  31] viol   f=  12.622  a=57.5 b=106.4 gap=18.5 (face=8.9mm) n=[845, 183, 61, 898, 135, 134, 90]  tape=1.426km B=7.63T unif=0.854% hoop=323MPa
  [  32] viol   f=   4.242  a=50.8 b=111.6 gap=25.9 (face=23.8mm) n=[825, 293, 550, 523, 98, 218, 467]  tape=1.870km B=8.91T unif=0.513% hoop=330MPa
  [  33] OK     f=   1.828  a=42.1 b=95.9 gap=24.1 (face=20.3mm) n=[590, 900, 831, 355, 157, 57, 529]  tape=1.828km B=11.62T unif=0.827% hoop=267MPa
  [  34] INFEAS f=24988.203  a=8.3 b=112.1 gap=19.8 (face=11.5mm) n=[533, 358, 409, 326, 319, 57, 418]  no evaluation (geometry pre-check)
  [  35] viol   f=  25.769  a=76.6 b=124.6 gap=28.8 (face=29.7mm) n=[464, 67, 806, 724, 156, 212, 336]  tape=2.015km B=6.55T unif=0.573% hoop=346MPa
  [  36] viol   f=   2.632  a=38.7 b=135.9 gap=32.4 (face=36.9mm) n=[892, 223, 695, 563, 124, 465, 661]  tape=2.505km B=9.75T unif=0.648% hoop=245MPa
  [  37] viol   f=  16.970  a=71.7 b=126.5 gap=22.5 (face=17.0mm) n=[797, 109, 538, 481, 355, 80, 699]  tape=2.201km B=7.28T unif=0.603% hoop=400MPa
  [  38] OK     f=   2.194  a=44.0 b=123.1 gap=18.9 (face=9.8mm) n=[896, 267, 531, 474, 170, 361, 579]  tape=2.194km B=11.08T unif=0.369% hoop=347MPa
  [  39] OK     f=   2.109  a=48.2 b=125.4 gap=19.7 (face=11.5mm) n=[889, 67, 526, 899, 59, 369, 370]  tape=2.109km B=10.47T unif=0.338% hoop=400MPa
  [  40] INFEAS f=15372.701  a=25.3 b=133.6 gap=16.3 (face=4.6mm) n=[898, 111, 721, 745, 705, 263, 131]  no evaluation (geometry pre-check)
  [  41] INFEAS f=16067.804  a=21.0 b=110.9 gap=19.0 (face=9.9mm) n=[372, 570, 710, 790, 409, 111, 356]  no evaluation (geometry pre-check)
  [  42] INFEAS f=3420.921  a=31.4 b=98.4 gap=17.8 (face=7.6mm) n=[504, 446, 341, 883, 215, 111, 378]  no evaluation (geometry pre-check)
  [  43] OK     f=   1.685  a=34.0 b=115.4 gap=18.7 (face=9.3mm) n=[742, 118, 608, 632, 106, 152, 554]  tape=1.685km B=12.05T unif=0.761% hoop=207MPa
  [  44] viol   f=   2.519  a=47.7 b=109.7 gap=30.5 (face=32.9mm) n=[890, 185, 778, 433, 129, 256, 655]  tape=2.017km B=9.50T unif=0.532% hoop=266MPa
  [  45] OK     f=   2.187  a=54.5 b=97.5 gap=25.3 (face=22.7mm) n=[726, 639, 795, 739, 68, 245, 825]  tape=2.187km B=12.45T unif=0.707% hoop=372MPa
  [  46] viol   f=   9.200  a=68.4 b=112.7 gap=29.8 (face=31.6mm) n=[852, 322, 499, 224, 499, 122, 895]  tape=2.275km B=8.14T unif=0.557% hoop=376MPa
  [  47] viol   f=  39.459  a=39.8 b=114.4 gap=20.2 (face=12.5mm) n=[889, 574, 301, 621, 158, 237, 687]  tape=2.122km B=12.20T unif=1.432% hoop=303MPa
  [  48] INFEAS f=1098.989  a=32.9 b=113.0 gap=21.5 (face=14.9mm) n=[447, 293, 670, 392, 243, 439, 822]  no evaluation (geometry pre-check)
  [  49] OK     f=   2.561  a=59.8 b=115.2 gap=30.2 (face=32.4mm) n=[899, 852, 444, 601, 58, 520, 576]  tape=2.561km B=10.38T unif=0.520% hoop=377MPa
  [  50] INFEAS f=3890.194  a=31.6 b=122.0 gap=24.3 (face=20.6mm) n=[699, 411, 535, 585, 93, 122, 900]  no evaluation (geometry pre-check)
  [  51] OK     f=   2.595  a=55.6 b=119.5 gap=19.4 (face=10.9mm) n=[866, 470, 727, 643, 300, 283, 647]  tape=2.595km B=11.47T unif=0.595% hoop=400MPa
  [  52] OK     f=   2.639  a=58.1 b=109.5 gap=26.1 (face=24.2mm) n=[889, 570, 891, 716, 50, 410, 861]  tape=2.639km B=12.40T unif=0.570% hoop=374MPa
  [  53] viol   f=  77.753  a=37.5 b=69.6 gap=21.9 (face=15.7mm) n=[855, 233, 449, 839, 268, 250, 877]  tape=1.541km B=14.03T unif=1.617% hoop=266MPa
  [  54] viol   f=   1.336  a=51.7 b=67.0 gap=26.4 (face=24.8mm) n=[695, 51, 856, 444, 52, 108, 720]  tape=1.261km B=9.81T unif=0.604% hoop=242MPa
  [  55] INFEAS f=9824.004  a=27.8 b=79.3 gap=29.0 (face=30.0mm) n=[899, 775, 806, 387, 144, 198, 588]  no evaluation (geometry pre-check)
  [  56] OK     f=   1.875  a=45.1 b=102.6 gap=22.2 (face=16.5mm) n=[859, 357, 680, 254, 271, 74, 839]  tape=1.875km B=11.04T unif=0.533% hoop=287MPa
  [  57] OK     f=   1.950  a=40.1 b=105.1 gap=22.6 (face=17.2mm) n=[855, 87, 896, 691, 130, 182, 684]  tape=1.950km B=12.69T unif=0.494% hoop=237MPa
  [  58] viol   f=   2.620  a=68.5 b=112.2 gap=29.9 (face=31.8mm) n=[883, 435, 818, 802, 306, 347, 388]  tape=2.613km B=9.94T unif=0.644% hoop=392MPa
  [  59] OK     f=   2.317  a=41.2 b=133.5 gap=23.5 (face=19.0mm) n=[772, 371, 648, 488, 187, 53, 877]  tape=2.317km B=10.28T unif=0.199% hoop=275MPa
  [  60] INFEAS f=41534.402  a=15.4 b=111.5 gap=28.2 (face=28.5mm) n=[835, 259, 839, 697, 178, 178, 519]  no evaluation (geometry pre-check)
  [  61] INFEAS f=1198.867  a=61.7 b=64.4 gap=31.5 (face=35.1mm) n=[759, 186, 606, 740, 244, 108, 857]  no evaluation (geometry pre-check)
  [  62] INFEAS f=5841.077  a=30.0 b=81.4 gap=32.0 (face=35.9mm) n=[678, 75, 895, 892, 168, 234, 825]  no evaluation (geometry pre-check)
  [  63] viol   f=  14.599  a=53.8 b=144.8 gap=17.9 (face=7.7mm) n=[613, 121, 573, 303, 74, 254, 496]  tape=1.795km B=7.47T unif=0.404% hoop=283MPa
  [  64] viol   f=   6.274  a=47.7 b=63.8 gap=30.0 (face=32.1mm) n=[495, 383, 702, 284, 79, 109, 847]  tape=1.233km B=8.41T unif=0.117% hoop=245MPa
  [  65] viol   f=  30.007  a=35.2 b=108.8 gap=25.4 (face=22.9mm) n=[833, 260, 371, 196, 142, 84, 698]  tape=1.497km B=8.55T unif=1.349% hoop=222MPa
  [  66] viol   f=   3.761  a=63.3 b=100.8 gap=24.4 (face=20.8mm) n=[888, 200, 839, 322, 112, 236, 537]  tape=1.903km B=9.04T unif=0.901% hoop=316MPa
  [  67] INFEAS f=1000.008  a=36.7 b=114.0 gap=21.9 (face=15.8mm) n=[568, 51, 899, 887, 250, 269, 893]  no evaluation (geometry pre-check)
  [  68] OK     f=   1.947  a=44.1 b=101.0 gap=25.7 (face=23.5mm) n=[879, 129, 860, 284, 244, 262, 897]  tape=1.947km B=11.14T unif=0.852% hoop=298MPa
  [  69] viol   f=   3.964  a=59.6 b=108.6 gap=28.6 (face=29.2mm) n=[831, 105, 896, 464, 118, 87, 728]  tape=1.989km B=9.01T unif=0.612% hoop=291MPa
  [  70] OK     f=   2.525  a=59.8 b=119.7 gap=18.2 (face=8.4mm) n=[826, 622, 661, 605, 238, 110, 810]  tape=2.525km B=10.61T unif=0.657% hoop=400MPa
  [  71] viol   f=   4.103  a=68.3 b=92.0 gap=25.1 (face=22.2mm) n=[872, 499, 578, 455, 179, 474, 622]  tape=2.167km B=9.14T unif=1.048% hoop=400MPa
  [  72] OK     f=   2.284  a=67.8 b=102.6 gap=21.2 (face=14.3mm) n=[890, 331, 900, 394, 268, 99, 886]  tape=2.284km B=10.92T unif=0.943% hoop=399MPa
  [  73] OK     f=   2.246  a=58.3 b=118.9 gap=20.0 (face=12.0mm) n=[790, 254, 813, 448, 267, 54, 839]  tape=2.246km B=10.28T unif=0.578% hoop=355MPa
  [  74] OK     f=   2.324  a=60.1 b=103.4 gap=21.4 (face=14.9mm) n=[875, 523, 691, 552, 147, 213, 887]  tape=2.324km B=11.07T unif=0.795% hoop=400MPa
  [  75] viol   f=   6.256  a=72.0 b=88.4 gap=24.4 (face=20.9mm) n=[777, 338, 876, 537, 184, 78, 734]  tape=1.999km B=9.85T unif=1.145% hoop=392MPa
  [  76] OK     f=   1.726  a=46.3 b=87.5 gap=24.0 (face=20.0mm) n=[834, 209, 891, 508, 92, 138, 781]  tape=1.726km B=11.72T unif=0.730% hoop=270MPa
  [  77] OK     f=   1.636  a=44.5 b=95.3 gap=19.7 (face=11.3mm) n=[847, 148, 873, 330, 296, 80, 458]  tape=1.636km B=11.24T unif=0.871% hoop=290MPa
  [  78] viol   f=   2.120  a=61.4 b=97.6 gap=21.0 (face=13.9mm) n=[900, 102, 848, 349, 377, 110, 638]  tape=1.945km B=10.05T unif=1.030% hoop=400MPa
  [  79] OK     f=   2.373  a=47.7 b=109.2 gap=30.1 (face=32.1mm) n=[873, 374, 878, 681, 280, 100, 894]  tape=2.373km B=11.39T unif=0.509% hoop=273MPa
  [  80] INFEAS f=5134.075  a=30.7 b=76.0 gap=21.7 (face=15.3mm) n=[848, 261, 900, 367, 248, 84, 881]  no evaluation (geometry pre-check)
  [  81] OK     f=   2.123  a=52.7 b=113.4 gap=20.3 (face=12.6mm) n=[726, 343, 895, 68, 244, 258, 871]  tape=2.123km B=10.37T unif=0.516% hoop=318MPa
  [  82] OK     f=   1.658  a=44.3 b=98.9 gap=20.6 (face=13.1mm) n=[844, 82, 868, 286, 96, 306, 536]  tape=1.658km B=10.90T unif=0.746% hoop=252MPa
  [  83] viol   f=   2.899  a=47.6 b=122.9 gap=30.7 (face=33.3mm) n=[765, 486, 501, 555, 256, 224, 674]  tape=2.242km B=9.43T unif=0.348% hoop=333MPa
  [  84] viol   f=   1.870  a=44.6 b=101.5 gap=21.0 (face=14.1mm) n=[580, 88, 879, 309, 128, 273, 797]  tape=1.726km B=9.73T unif=0.769% hoop=264MPa
  [  85] viol   f=   7.075  a=77.3 b=85.0 gap=20.6 (face=13.3mm) n=[502, 124, 798, 142, 670, 182, 818]  tape=1.806km B=9.18T unif=1.140% hoop=400MPa
  [  86] viol   f=   1.744  a=48.3 b=91.9 gap=27.5 (face=27.0mm) n=[699, 508, 693, 211, 124, 284, 591]  tape=1.594km B=9.73T unif=0.692% hoop=257MPa
  [  87] INFEAS f=1191.514  a=34.6 b=111.9 gap=23.2 (face=18.4mm) n=[879, 236, 655, 551, 173, 243, 655]  no evaluation (geometry pre-check)
  [  88] OK     f=   2.454  a=57.2 b=108.3 gap=21.5 (face=15.1mm) n=[810, 576, 900, 527, 191, 237, 754]  tape=2.454km B=11.56T unif=0.698% hoop=400MPa
  [  89] viol   f=   4.192  a=59.2 b=96.7 gap=17.2 (face=6.3mm) n=[814, 113, 856, 167, 311, 83, 744]  tape=1.741km B=10.06T unif=1.111% hoop=320MPa
  [  90] OK     f=   1.379  a=37.0 b=90.3 gap=21.4 (face=14.8mm) n=[591, 124, 688, 261, 213, 230, 718]  tape=1.379km B=10.10T unif=0.339% hoop=237MPa
  [  91] OK     f=   1.134  a=34.7 b=85.5 gap=19.0 (face=10.0mm) n=[600, 339, 565, 244, 50, 117, 610]  tape=1.134km B=10.53T unif=0.603% hoop=213MPa
  [  92] viol   f=   8.779  a=38.8 b=71.8 gap=31.6 (face=35.2mm) n=[894, 120, 557, 201, 114, 64, 561]  tape=1.120km B=8.04T unif=0.870% hoop=170MPa
  [  93] viol   f= 214.693  a=47.9 b=60.9 gap=19.3 (face=10.6mm) n=[799, 75, 676, 185, 417, 431, 509]  tape=1.261km B=12.34T unif=2.033% hoop=337MPa
  [  94] INFEAS f=14889.799  a=25.2 b=107.9 gap=20.9 (face=13.8mm) n=[889, 264, 513, 159, 287, 176, 888]  no evaluation (geometry pre-check)
  [  95] OK     f=   1.600  a=50.3 b=85.1 gap=21.0 (face=14.1mm) n=[681, 348, 877, 173, 136, 143, 788]  tape=1.600km B=10.43T unif=0.914% hoop=291MPa
  [  96] viol   f=   3.242  a=47.8 b=130.3 gap=21.6 (face=15.2mm) n=[782, 219, 884, 159, 169, 98, 582]  tape=1.992km B=9.21T unif=0.318% hoop=293MPa
  [  97] OK     f=   1.918  a=37.8 b=91.5 gap=19.0 (face=9.9mm) n=[709, 568, 673, 371, 60, 596, 858]  tape=1.918km B=14.04T unif=0.646% hoop=336MPa
  [  98] viol   f=   1.724  a=49.6 b=98.0 gap=20.0 (face=11.9mm) n=[783, 92, 427, 280, 211, 609, 627]  tape=1.690km B=9.87T unif=0.788% hoop=302MPa
  [  99] viol   f=   1.737  a=47.4 b=92.8 gap=18.9 (face=9.8mm) n=[589, 268, 771, 316, 118, 80, 896]  tape=1.641km B=9.78T unif=0.733% hoop=300MPa
  [ 100] INFEAS f=1819.571  a=33.6 b=81.2 gap=25.8 (face=23.6mm) n=[778, 104, 830, 258, 297, 102, 888]  no evaluation (geometry pre-check)
  [ 101] viol   f=  10.361  a=49.6 b=70.4 gap=23.6 (face=19.1mm) n=[884, 87, 735, 125, 343, 353, 497]  tape=1.392km B=10.80T unif=1.212% hoop=353MPa
  [ 102] INFEAS f=5719.458  a=23.5 b=80.0 gap=26.1 (face=24.1mm) n=[721, 425, 699, 156, 236, 293, 642]  no evaluation (geometry pre-check)
  [ 103] OK     f=   1.271  a=29.6 b=106.7 gap=19.3 (face=10.6mm) n=[477, 484, 623, 117, 176, 73, 433]  tape=1.271km B=10.18T unif=0.295% hoop=182MPa
  [ 104] viol   f=   4.330  a=56.7 b=85.0 gap=22.2 (face=16.4mm) n=[464, 697, 405, 86, 404, 277, 594]  tape=1.510km B=9.29T unif=1.095% hoop=351MPa
  [ 105] viol   f=   2.116  a=51.5 b=97.9 gap=28.7 (face=29.5mm) n=[888, 273, 726, 216, 316, 486, 519]  tape=1.979km B=9.74T unif=0.624% hoop=312MPa
  [ 106] viol   f=   1.695  a=44.5 b=81.5 gap=16.8 (face=5.5mm) n=[590, 216, 672, 109, 111, 245, 889]  tape=1.399km B=9.62T unif=0.936% hoop=283MPa
  [ 107] viol   f=  48.020  a=42.3 b=66.3 gap=18.8 (face=9.7mm) n=[803, 359, 748, 212, 209, 282, 683]  tape=1.352km B=13.48T unif=1.483% hoop=320MPa
  [ 108] viol   f=  11.420  a=51.1 b=101.7 gap=26.8 (face=25.6mm) n=[660, 177, 660, 276, 214, 68, 434]  tape=1.404km B=7.76T unif=0.630% hoop=248MPa
  [ 109] INFEAS f=1714.518  a=32.0 b=95.6 gap=18.4 (face=8.7mm) n=[816, 182, 593, 245, 100, 152, 840]  no evaluation (geometry pre-check)
  [ 110] viol   f=   5.647  a=40.7 b=113.8 gap=31.8 (face=35.6mm) n=[619, 396, 633, 370, 225, 161, 661]  tape=1.783km B=8.61T unif=0.348% hoop=227MPa
  [ 111] INFEAS f=12130.596  a=23.4 b=74.1 gap=23.8 (face=19.6mm) n=[790, 66, 812, 62, 156, 127, 430]  no evaluation (geometry pre-check)
  [ 112] viol   f=   5.780  a=41.1 b=106.9 gap=19.9 (face=11.8mm) n=[498, 210, 364, 279, 208, 426, 713]  tape=1.569km B=8.55T unif=0.456% hoop=291MPa
  [ 113] viol   f=   5.589  a=39.6 b=98.2 gap=17.0 (face=5.9mm) n=[442, 305, 568, 180, 166, 148, 866]  tape=1.498km B=8.57T unif=0.524% hoop=301MPa
  [ 114] viol   f=   1.512  a=44.7 b=94.1 gap=21.1 (face=14.2mm) n=[677, 566, 401, 70, 263, 98, 694]  tape=1.423km B=9.79T unif=0.788% hoop=256MPa
  [ 115] OK     f=   1.586  a=52.9 b=88.9 gap=22.6 (face=17.1mm) n=[667, 326, 731, 456, 137, 75, 721]  tape=1.586km B=10.23T unif=0.931% hoop=301MPa
  [ 116] viol   f=   9.089  a=37.5 b=100.4 gap=22.8 (face=17.6mm) n=[519, 129, 482, 268, 389, 147, 175]  tape=1.098km B=8.00T unif=0.520% hoop=192MPa
  [ 117] OK     f=   1.556  a=39.1 b=96.4 gap=19.6 (face=11.3mm) n=[770, 126, 882, 322, 73, 203, 532]  tape=1.556km B=10.93T unif=0.103% hoop=237MPa
  [ 118] INFEAS f=2208.140  a=20.0 b=100.9 gap=17.1 (face=6.3mm) n=[317, 169, 541, 123, 255, 433, 408]  no evaluation (geometry pre-check)
  [ 119] viol   f=   1.759  a=50.5 b=93.8 gap=25.8 (face=23.6mm) n=[628, 520, 611, 126, 213, 403, 490]  tape=1.556km B=9.68T unif=0.781% hoop=290MPa
  [ 120] viol   f=  20.284  a=53.8 b=113.2 gap=19.1 (face=10.2mm) n=[638, 175, 430, 227, 132, 89, 532]  tape=1.383km B=6.93T unif=0.675% hoop=272MPa
  [ 121] viol   f=   2.603  a=52.7 b=93.1 gap=26.4 (face=24.7mm) n=[620, 328, 813, 171, 199, 408, 695]  tape=1.772km B=9.36T unif=0.646% hoop=288MPa
  [ 122] INFEAS f=1315.790  a=30.9 b=93.2 gap=20.4 (face=12.8mm) n=[667, 52, 788, 133, 266, 50, 310]  no evaluation (geometry pre-check)
  [ 123] OK     f=   1.725  a=39.5 b=93.7 gap=24.3 (face=20.7mm) n=[820, 667, 446, 289, 288, 103, 734]  tape=1.725km B=11.81T unif=0.266% hoop=337MPa
  [ 124] OK     f=   1.488  a=43.5 b=87.4 gap=19.2 (face=10.3mm) n=[450, 627, 776, 122, 222, 101, 732]  tape=1.488km B=10.95T unif=0.789% hoop=283MPa
  [ 125] viol   f=   9.097  a=62.8 b=96.3 gap=20.5 (face=13.0mm) n=[742, 248, 524, 450, 215, 464, 187]  tape=1.664km B=8.44T unif=1.114% hoop=400MPa
  [ 126] OK     f=   1.352  a=36.5 b=84.4 gap=21.4 (face=14.8mm) n=[711, 517, 294, 153, 419, 171, 622]  tape=1.352km B=11.05T unif=0.746% hoop=236MPa
  [ 127] viol   f=  15.085  a=55.3 b=90.6 gap=24.0 (face=20.1mm) n=[805, 297, 227, 170, 84, 344, 493]  tape=1.363km B=7.38T unif=0.957% hoop=283MPa
  [ 128] OK     f=   1.193  a=31.6 b=93.0 gap=22.0 (face=16.0mm) n=[508, 290, 463, 365, 136, 286, 502]  tape=1.193km B=10.23T unif=0.529% hoop=194MPa
  [ 129] INFEAS f=1228.050  a=35.3 b=80.6 gap=20.6 (face=13.2mm) n=[820, 417, 899, 154, 124, 171, 614]  no evaluation (geometry pre-check)
  [ 130] OK     f=   1.819  a=43.5 b=96.6 gap=30.2 (face=32.3mm) n=[894, 625, 573, 189, 329, 57, 654]  tape=1.819km B=10.12T unif=0.493% hoop=266MPa
  [ 131] OK     f=   1.276  a=24.1 b=86.2 gap=20.1 (face=12.2mm) n=[464, 553, 299, 219, 477, 471, 552]  tape=1.276km B=12.96T unif=0.970% hoop=173MPa
  [ 132] viol   f=   1.754  a=39.3 b=79.4 gap=20.8 (face=13.6mm) n=[864, 372, 841, 337, 243, 293, 882]  tape=1.738km B=14.35T unif=1.009% hoop=297MPa
  [ 133] INFEAS f=2431.255  a=21.2 b=88.2 gap=24.3 (face=20.5mm) n=[580, 367, 215, 265, 77, 119, 577]  no evaluation (geometry pre-check)
  [ 134] OK     f=   1.422  a=35.4 b=76.1 gap=20.3 (face=12.6mm) n=[486, 254, 480, 404, 186, 471, 831]  tape=1.422km B=10.49T unif=0.679% hoop=291MPa
  [ 135] INFEAS f=1009.917  a=33.2 b=73.7 gap=23.2 (face=18.5mm) n=[657, 336, 424, 305, 425, 118, 812]  no evaluation (geometry pre-check)
  [ 136] viol   f=  20.492  a=50.1 b=106.1 gap=18.4 (face=8.8mm) n=[467, 240, 385, 173, 199, 122, 688]  tape=1.362km B=6.91T unif=0.628% hoop=294MPa
  [ 137] INFEAS f=2655.959  a=22.0 b=75.8 gap=19.5 (face=11.0mm) n=[511, 610, 444, 447, 408, 273, 489]  no evaluation (geometry pre-check)
  [ 138] viol   f=   5.710  a=34.1 b=98.9 gap=24.7 (face=21.3mm) n=[583, 257, 513, 155, 302, 62, 369]  tape=1.151km B=8.49T unif=0.324% hoop=182MPa
  [ 139] INFEAS f=7483.599  a=18.2 b=88.7 gap=27.7 (face=27.5mm) n=[533, 356, 609, 311, 93, 120, 575]  no evaluation (geometry pre-check)
  [ 140] OK     f=   1.457  a=35.1 b=95.5 gap=22.9 (face=17.9mm) n=[348, 726, 679, 175, 310, 79, 566]  tape=1.457km B=10.81T unif=0.643% hoop=220MPa
  [ 141] INFEAS f=21336.430  a=17.1 b=103.3 gap=22.8 (face=17.6mm) n=[245, 686, 302, 111, 516, 456, 738]  no evaluation (geometry pre-check)
  [ 142] INFEAS f=4370.567  a=30.5 b=72.3 gap=18.1 (face=8.1mm) n=[334, 601, 532, 156, 349, 774, 879]  no evaluation (geometry pre-check)
  [ 143] INFEAS f=1360.574  a=33.4 b=77.5 gap=26.3 (face=24.5mm) n=[54, 200, 373, 101, 334, 418, 858]  no evaluation (geometry pre-check)
  [ 144] INFEAS f=1963.369  a=28.6 b=77.5 gap=18.6 (face=9.2mm) n=[331, 440, 430, 206, 528, 483, 761]  no evaluation (geometry pre-check)
  [ 145] INFEAS f=11065.101  a=27.2 b=79.5 gap=19.3 (face=10.6mm) n=[442, 529, 468, 252, 519, 393, 900]  no evaluation (geometry pre-check)
  [ 146] OK     f=   1.464  a=43.3 b=78.8 gap=17.5 (face=7.0mm) n=[495, 345, 801, 173, 178, 344, 804]  tape=1.464km B=11.28T unif=0.781% hoop=316MPa
  [ 147] OK     f=   1.989  a=46.6 b=112.1 gap=17.9 (face=7.8mm) n=[578, 457, 752, 360, 189, 296, 668]  tape=1.989km B=11.06T unif=0.537% hoop=365MPa
  [ 148] INFEAS f=14134.972  a=21.0 b=83.3 gap=21.4 (face=14.8mm) n=[594, 392, 426, 195, 531, 222, 769]  no evaluation (geometry pre-check)
  [ 149] viol   f=   8.253  a=33.4 b=113.2 gap=23.4 (face=18.8mm) n=[174, 517, 517, 147, 110, 281, 538]  tape=1.270km B=8.13T unif=0.450% hoop=165MPa
  [ 150] viol   f=   7.495  a=37.5 b=70.1 gap=19.6 (face=11.2mm) n=[384, 802, 507, 148, 225, 477, 795]  tape=1.386km B=12.63T unif=1.175% hoop=273MPa
  [ 151] viol   f=   1.975  a=37.8 b=95.4 gap=16.0 (face=3.9mm) n=[205, 411, 735, 181, 60, 307, 873]  tape=1.480km B=9.50T unif=0.584% hoop=267MPa
  [ 152] viol   f=   2.449  a=48.3 b=106.7 gap=21.8 (face=15.5mm) n=[405, 632, 899, 58, 85, 209, 734]  tape=1.800km B=9.43T unif=0.498% hoop=297MPa
  [ 153] INFEAS f=2968.871  a=32.4 b=73.6 gap=18.4 (face=8.8mm) n=[479, 739, 611, 224, 228, 404, 897]  no evaluation (geometry pre-check)
  [ 154] INFEAS f=20078.988  a=23.6 b=87.1 gap=18.8 (face=9.7mm) n=[422, 550, 708, 131, 226, 207, 900]  no evaluation (geometry pre-check)
  [ 155] viol   f=   5.533  a=53.8 b=94.5 gap=18.1 (face=8.2mm) n=[642, 436, 435, 236, 174, 286, 520]  tape=1.490km B=8.73T unif=1.063% hoop=400MPa
  [ 156] viol   f=   3.616  a=59.2 b=97.2 gap=18.3 (face=8.6mm) n=[602, 134, 613, 392, 164, 352, 875]  tape=1.857km B=9.06T unif=0.833% hoop=397MPa
  [ 157] viol   f=  12.197  a=43.1 b=97.1 gap=28.2 (face=28.5mm) n=[423, 281, 569, 254, 145, 367, 705]  tape=1.486km B=7.69T unif=0.453% hoop=237MPa
  [ 158] OK     f=   1.468  a=44.5 b=80.3 gap=18.7 (face=9.4mm) n=[665, 135, 858, 53, 252, 357, 787]  tape=1.468km B=11.14T unif=0.983% hoop=258MPa
  [ 159] OK     f=   1.835  a=53.8 b=87.5 gap=18.0 (face=8.0mm) n=[314, 552, 887, 158, 207, 458, 891]  tape=1.835km B=11.14T unif=0.854% hoop=371MPa
  [ 160] viol   f=  13.743  a=33.8 b=76.4 gap=16.5 (face=5.0mm) n=[281, 774, 795, 306, 212, 702, 653]  tape=1.564km B=16.40T unif=1.247% hoop=277MPa
  [ 161] OK     f=   1.737  a=44.3 b=99.0 gap=18.1 (face=8.2mm) n=[207, 591, 686, 241, 275, 387, 774]  tape=1.737km B=10.59T unif=0.609% hoop=294MPa
  [ 162] viol   f= 143.329  a=57.6 b=62.7 gap=15.5 (face=3.0mm) n=[451, 552, 900, 135, 166, 330, 662]  tape=1.449km B=11.41T unif=1.842% hoop=400MPa
  [ 163] INFEAS f=3160.731  a=24.2 b=98.8 gap=26.9 (face=25.9mm) n=[626, 473, 483, 259, 231, 516, 683]  no evaluation (geometry pre-check)
  [ 164] INFEAS f=7289.316  a=28.6 b=98.3 gap=16.7 (face=5.3mm) n=[451, 110, 884, 214, 250, 348, 789]  no evaluation (geometry pre-check)
  [ 165] viol   f=   1.797  a=40.0 b=104.6 gap=18.1 (face=8.1mm) n=[613, 104, 645, 164, 319, 312, 881]  tape=1.754km B=9.85T unif=0.477% hoop=333MPa
  [ 166] viol   f=  69.429  a=42.5 b=71.9 gap=20.8 (face=13.6mm) n=[898, 620, 767, 261, 84, 491, 353]  tape=1.548km B=13.76T unif=1.583% hoop=304MPa
  [ 167] viol   f=  17.177  a=54.9 b=75.4 gap=18.2 (face=8.4mm) n=[706, 413, 824, 203, 529, 587, 834]  tape=1.915km B=13.83T unif=1.276% hoop=400MPa
  [ 168] viol   f=  12.257  a=55.7 b=99.7 gap=22.6 (face=17.3mm) n=[554, 153, 538, 78, 221, 386, 809]  tape=1.614km B=7.69T unif=0.655% hoop=311MPa
  [ 169] INFEAS f=1204.455  a=30.4 b=101.0 gap=16.7 (face=5.4mm) n=[508, 207, 389, 151, 232, 484, 766]  no evaluation (geometry pre-check)
  [ 170] viol   f=   3.658  a=52.5 b=108.4 gap=17.9 (face=7.8mm) n=[453, 287, 893, 90, 293, 339, 638]  tape=1.886km B=9.06T unif=0.556% hoop=356MPa
  [ 171] viol   f=   7.089  a=59.0 b=102.7 gap=16.0 (face=3.9mm) n=[397, 141, 679, 148, 459, 222, 727]  tape=1.647km B=8.35T unif=0.835% hoop=366MPa
  [ 172] INFEAS f=3806.148  a=31.5 b=82.3 gap=18.1 (face=8.2mm) n=[551, 108, 864, 216, 75, 399, 895]  no evaluation (geometry pre-check)
  [ 173] viol   f=   2.579  a=53.7 b=100.9 gap=17.2 (face=6.4mm) n=[395, 405, 661, 179, 461, 564, 826]  tape=2.044km B=9.48T unif=0.717% hoop=400MPa
  [ 174] OK     f=   1.346  a=47.1 b=69.9 gap=20.6 (face=13.3mm) n=[257, 225, 729, 211, 286, 575, 781]  tape=1.346km B=10.37T unif=0.723% hoop=287MPa
  [ 175] INFEAS f=1827.894  a=31.1 b=86.7 gap=17.3 (face=6.5mm) n=[767, 91, 762, 81, 536, 687, 823]  no evaluation (geometry pre-check)
  [ 176] OK     f=   2.607  a=42.9 b=119.5 gap=18.2 (face=8.5mm) n=[608, 523, 900, 479, 603, 158, 896]  tape=2.607km B=13.77T unif=0.367% hoop=400MPa
  [ 177] viol   f=  20.953  a=45.4 b=72.9 gap=17.1 (face=6.2mm) n=[496, 695, 754, 146, 157, 60, 844]  tape=1.388km B=12.00T unif=1.313% hoop=309MPa
  [ 178] viol   f=   5.143  a=44.9 b=129.9 gap=18.2 (face=8.5mm) n=[219, 314, 827, 284, 92, 271, 805]  tape=1.911km B=8.73T unif=0.466% hoop=290MPa
  [ 179] viol   f=   4.657  a=61.5 b=99.7 gap=15.7 (face=3.5mm) n=[451, 420, 887, 444, 221, 201, 880]  tape=2.098km B=8.87T unif=0.907% hoop=400MPa
  [ 180] viol   f=   3.788  a=66.7 b=89.3 gap=22.9 (face=17.8mm) n=[454, 504, 899, 431, 58, 249, 866]  tape=1.962km B=9.04T unif=0.866% hoop=400MPa
  [ 181] OK     f=   1.433  a=42.6 b=77.3 gap=21.9 (face=15.8mm) n=[162, 431, 900, 128, 140, 640, 622]  tape=1.433km B=10.08T unif=0.959% hoop=255MPa
  [ 182] viol   f=   7.586  a=53.9 b=97.1 gap=22.0 (face=16.0mm) n=[298, 487, 702, 309, 65, 138, 856]  tape=1.643km B=8.28T unif=0.678% hoop=317MPa
  [ 183] viol   f=   4.083  a=53.9 b=86.9 gap=22.4 (face=16.8mm) n=[385, 381, 677, 183, 392, 569, 896]  tape=1.888km B=8.95T unif=0.668% hoop=400MPa
  [ 184] OK     f=   2.086  a=60.3 b=104.9 gap=18.1 (face=8.1mm) n=[728, 278, 820, 373, 130, 511, 575]  tape=2.086km B=10.33T unif=0.892% hoop=399MPa
  [ 185] OK     f=   1.410  a=53.3 b=64.7 gap=20.8 (face=13.7mm) n=[549, 302, 867, 190, 179, 306, 811]  tape=1.410km B=11.00T unif=0.497% hoop=316MPa
  [ 186] viol   f=   1.756  a=54.5 b=83.7 gap=24.9 (face=21.7mm) n=[369, 465, 900, 183, 111, 449, 891]  tape=1.741km B=9.91T unif=0.665% hoop=341MPa
  [ 187] viol   f=   2.943  a=47.7 b=79.1 gap=16.1 (face=4.2mm) n=[415, 558, 862, 282, 54, 509, 757]  tape=1.656km B=12.33T unif=1.080% hoop=384MPa
  [ 188] viol   f=   1.668  a=63.9 b=69.7 gap=20.3 (face=12.5mm) n=[419, 301, 796, 277, 340, 311, 892]  tape=1.650km B=9.90T unif=0.834% hoop=400MPa
  [ 189] OK     f=   1.847  a=56.9 b=79.1 gap=22.8 (face=17.7mm) n=[339, 481, 900, 201, 334, 567, 789]  tape=1.847km B=11.03T unif=0.752% hoop=381MPa
  [ 190] viol   f=   1.908  a=47.3 b=72.5 gap=18.6 (face=9.3mm) n=[303, 634, 784, 97, 341, 355, 834]  tape=1.505km B=11.91T unif=1.045% hoop=347MPa
  [ 191] viol   f=   8.889  a=56.5 b=81.9 gap=21.4 (face=14.8mm) n=[299, 66, 794, 308, 143, 314, 686]  tape=1.348km B=8.06T unif=0.907% hoop=281MPa
  [ 192] viol   f=  30.130  a=55.1 b=64.7 gap=21.7 (face=15.3mm) n=[677, 351, 857, 58, 111, 303, 499]  tape=1.281km B=10.22T unif=1.380% hoop=289MPa
  [ 193] INFEAS f=6212.964  a=59.4 b=53.0 gap=19.6 (face=11.2mm) n=[483, 102, 661, 432, 111, 285, 765]  no evaluation (geometry pre-check)
  [ 194] viol   f=   5.596  a=47.9 b=88.5 gap=25.0 (face=21.9mm) n=[428, 211, 899, 70, 151, 296, 805]  tape=1.507km B=8.57T unif=0.616% hoop=245MPa
  [ 195] viol   f=   8.922  a=57.4 b=70.8 gap=27.6 (face=27.2mm) n=[281, 160, 834, 80, 161, 633, 553]  tape=1.288km B=8.05T unif=0.383% hoop=262MPa
  [ 196] OK     f=   1.936  a=53.1 b=92.7 gap=18.2 (face=8.4mm) n=[181, 695, 851, 176, 348, 522, 812]  tape=1.936km B=11.67T unif=0.881% hoop=346MPa
  [ 197] OK     f=   1.775  a=54.9 b=97.5 gap=19.2 (face=10.4mm) n=[366, 677, 677, 74, 86, 600, 757]  tape=1.775km B=10.33T unif=0.835% hoop=333MPa
  [ 198] viol   f=   2.441  a=47.1 b=80.7 gap=21.9 (face=15.8mm) n=[327, 105, 744, 87, 320, 524, 830]  tape=1.427km B=9.29T unif=0.658% hoop=257MPa
  [ 199] viol   f=   2.585  a=48.8 b=83.7 gap=27.0 (face=26.0mm) n=[534, 657, 651, 68, 57, 245, 897]  tape=1.570km B=9.29T unif=0.632% hoop=314MPa
  [ 200] OK     f=   1.226  a=31.0 b=68.7 gap=28.9 (face=29.8mm) n=[635, 449, 557, 160, 196, 457, 713]  tape=1.226km B=10.33T unif=0.737% hoop=184MPa
  [ 201] INFEAS f=7666.613  a=28.7 b=102.3 gap=22.2 (face=16.3mm) n=[254, 534, 893, 193, 82, 471, 696]  no evaluation (geometry pre-check)
  [ 202] INFEAS f=1003.805  a=26.7 b=80.8 gap=24.3 (face=20.7mm) n=[444, 246, 638, 224, 172, 421, 539]  no evaluation (geometry pre-check)
  [ 203] viol   f=   7.808  a=24.1 b=70.2 gap=27.9 (face=27.9mm) n=[328, 525, 352, 50, 170, 505, 534]  tape=0.883km B=8.15T unif=1.015% hoop=127MPa
  [ 204] OK     f=   1.667  a=44.8 b=84.6 gap=28.0 (face=28.0mm) n=[737, 516, 572, 323, 265, 345, 684]  tape=1.667km B=10.70T unif=0.749% hoop=278MPa
  [ 205] viol   f=   1.279  a=33.4 b=74.7 gap=17.2 (face=6.5mm) n=[494, 527, 419, 154, 372, 273, 613]  tape=1.173km B=12.14T unif=1.023% hoop=242MPa
  [ 206] OK     f=   2.227  a=46.0 b=99.7 gap=19.2 (face=10.5mm) n=[297, 468, 826, 461, 378, 673, 880]  tape=2.227km B=12.62T unif=0.518% hoop=399MPa
  [ 207] viol   f=   1.656  a=47.7 b=89.8 gap=27.3 (face=26.5mm) n=[279, 699, 738, 293, 217, 349, 667]  tape=1.655km B=9.98T unif=0.634% hoop=279MPa
  [ 208] viol   f=   3.106  a=43.6 b=79.8 gap=23.8 (face=19.6mm) n=[471, 346, 461, 52, 226, 544, 590]  tape=1.205km B=9.03T unif=0.747% hoop=255MPa
  [ 209] viol   f=   2.350  a=39.9 b=76.8 gap=26.8 (face=25.6mm) n=[583, 182, 814, 178, 111, 482, 605]  tape=1.349km B=9.29T unif=0.675% hoop=203MPa
  [ 210] INFEAS f=1002.088  a=35.9 b=79.4 gap=24.9 (face=21.8mm) n=[55, 465, 874, 162, 164, 571, 880]  no evaluation (geometry pre-check)
  [ 211] OK     f=   1.608  a=44.1 b=82.1 gap=18.6 (face=9.2mm) n=[392, 353, 878, 383, 184, 288, 739]  tape=1.608km B=10.76T unif=0.964% hoop=353MPa
  [ 212] OK     f=   1.556  a=53.3 b=80.4 gap=19.1 (face=10.2mm) n=[412, 464, 820, 264, 112, 223, 833]  tape=1.556km B=10.28T unif=0.938% hoop=379MPa
  [ 213] viol   f=  12.593  a=40.2 b=70.4 gap=21.9 (face=15.7mm) n=[206, 807, 395, 117, 483, 451, 330]  tape=1.240km B=10.15T unif=1.238% hoop=265MPa
  [ 214] OK     f=   1.760  a=48.0 b=94.3 gap=18.4 (face=8.7mm) n=[555, 656, 548, 453, 81, 200, 791]  tape=1.760km B=11.07T unif=0.854% hoop=371MPa
  [ 215] OK     f=   1.655  a=43.2 b=86.2 gap=17.6 (face=7.3mm) n=[345, 356, 777, 120, 208, 604, 876]  tape=1.655km B=11.01T unif=0.649% hoop=378MPa
  [ 216] viol   f=   1.895  a=38.3 b=99.6 gap=27.5 (face=26.9mm) n=[673, 485, 541, 106, 179, 380, 741]  tape=1.646km B=9.65T unif=0.444% hoop=225MPa
  [ 217] OK     f=   1.531  a=36.5 b=88.5 gap=21.0 (face=14.1mm) n=[401, 679, 450, 72, 330, 683, 677]  tape=1.531km B=11.88T unif=0.433% hoop=247MPa
  [ 218] OK     f=   1.688  a=42.0 b=88.0 gap=19.7 (face=11.4mm) n=[473, 787, 449, 340, 238, 325, 763]  tape=1.688km B=11.87T unif=0.684% hoop=334MPa
  [ 219] viol   f=  14.106  a=43.7 b=66.7 gap=18.0 (face=8.0mm) n=[444, 843, 528, 133, 93, 327, 900]  tape=1.390km B=12.18T unif=1.252% hoop=311MPa
  [ 220] viol   f=  29.030  a=51.9 b=81.5 gap=20.3 (face=12.5mm) n=[485, 537, 670, 166, 169, 59, 456]  tape=1.239km B=8.96T unif=1.358% hoop=311MPa
  [ 221] viol   f=   1.684  a=50.7 b=88.4 gap=20.9 (face=13.7mm) n=[524, 147, 898, 274, 121, 373, 837]  tape=1.683km B=9.98T unif=0.691% hoop=305MPa
  [ 222] OK     f=   1.464  a=41.3 b=79.6 gap=19.2 (face=10.3mm) n=[140, 599, 482, 295, 396, 683, 687]  tape=1.464km B=11.78T unif=0.744% hoop=282MPa
  [ 223] viol   f=  64.055  a=44.8 b=66.9 gap=18.5 (face=9.1mm) n=[711, 449, 694, 149, 410, 359, 701]  tape=1.395km B=13.97T unif=1.560% hoop=320MPa
  [ 224] OK     f=   1.375  a=40.6 b=80.0 gap=19.6 (face=11.3mm) n=[54, 590, 857, 82, 192, 511, 641]  tape=1.375km B=10.47T unif=0.990% hoop=237MPa
  [ 225] INFEAS f=2103.723  a=53.1 b=52.8 gap=17.3 (face=6.6mm) n=[372, 419, 623, 250, 314, 519, 672]  no evaluation (geometry pre-check)
  [ 226] OK     f=   1.516  a=40.0 b=89.7 gap=19.9 (face=11.8mm) n=[371, 431, 798, 295, 75, 346, 649]  tape=1.516km B=10.19T unif=0.919% hoop=304MPa
  [ 227] viol   f=   1.909  a=48.6 b=101.5 gap=25.2 (face=22.3mm) n=[403, 623, 628, 388, 223, 360, 750]  tape=1.908km B=9.98T unif=0.575% hoop=316MPa
  [ 228] OK     f=   1.743  a=45.8 b=102.5 gap=22.2 (face=16.4mm) n=[674, 327, 824, 154, 248, 121, 741]  tape=1.743km B=10.02T unif=0.514% hoop=266MPa
  [ 229] OK     f=   1.729  a=35.8 b=91.2 gap=19.1 (face=10.2mm) n=[555, 526, 688, 333, 233, 380, 772]  tape=1.729km B=12.80T unif=0.546% hoop=296MPa
  [ 230] viol   f=   1.981  a=48.4 b=96.1 gap=20.1 (face=12.1mm) n=[401, 428, 714, 281, 78, 378, 816]  tape=1.716km B=9.64T unif=0.653% hoop=389MPa
  [ 231] viol   f=  19.575  a=44.6 b=61.0 gap=19.4 (face=10.7mm) n=[84, 581, 591, 236, 351, 461, 684]  tape=1.149km B=11.31T unif=1.304% hoop=257MPa
  [ 232] viol   f=   2.093  a=38.4 b=100.3 gap=17.9 (face=7.9mm) n=[162, 836, 733, 196, 231, 465, 730]  tape=1.805km B=12.69T unif=1.038% hoop=260MPa
  [ 233] INFEAS f=1349.990  a=27.5 b=87.0 gap=18.7 (face=9.3mm) n=[72, 700, 684, 320, 72, 503, 602]  no evaluation (geometry pre-check)
  [ 234] OK     f=   1.576  a=35.6 b=89.7 gap=19.8 (face=11.6mm) n=[155, 488, 792, 272, 198, 606, 709]  tape=1.576km B=11.40T unif=0.968% hoop=244MPa
  [ 235] viol   f=   7.185  a=38.7 b=77.8 gap=23.8 (face=19.5mm) n=[184, 512, 448, 78, 354, 195, 586]  tape=1.030km B=8.25T unif=0.709% hoop=207MPa
  [ 236] viol   f=   2.294  a=47.0 b=87.4 gap=20.6 (face=13.2mm) n=[56, 414, 810, 245, 101, 551, 772]  tape=1.485km B=9.36T unif=0.610% hoop=247MPa
  [ 237] OK     f=   1.970  a=50.2 b=97.3 gap=21.3 (face=14.5mm) n=[294, 742, 571, 137, 623, 580, 736]  tape=1.970km B=11.87T unif=0.679% hoop=341MPa
  [ 238] viol   f=   3.067  a=38.8 b=84.1 gap=22.0 (face=15.9mm) n=[193, 535, 885, 51, 257, 468, 580]  tape=1.473km B=9.86T unif=1.088% hoop=242MPa
  [ 239] OK     f=   2.124  a=52.4 b=109.3 gap=18.7 (face=9.5mm) n=[430, 543, 899, 282, 192, 395, 618]  tape=2.124km B=10.02T unif=0.610% hoop=400MPa
  [ 240] viol   f=   1.832  a=35.5 b=76.0 gap=18.6 (face=9.2mm) n=[159, 469, 465, 176, 207, 440, 722]  tape=1.171km B=9.43T unif=0.791% hoop=244MPa
  [ 241] INFEAS f=1381.112  a=29.2 b=82.7 gap=26.2 (face=24.4mm) n=[158, 619, 384, 114, 331, 603, 747]  no evaluation (geometry pre-check)
  [ 242] OK     f=   1.640  a=37.1 b=93.0 gap=23.0 (face=17.9mm) n=[225, 825, 256, 61, 540, 584, 751]  tape=1.640km B=10.86T unif=0.891% hoop=227MPa
  [ 243] INFEAS f=1119.588  a=31.1 b=84.7 gap=22.1 (face=16.1mm) n=[179, 718, 547, 395, 335, 464, 777]  no evaluation (geometry pre-check)
  [ 244] OK     f=   1.559  a=39.4 b=98.5 gap=18.0 (face=8.0mm) n=[72, 741, 337, 144, 459, 545, 648]  tape=1.559km B=10.56T unif=0.586% hoop=253MPa
  [ 245] OK     f=   1.374  a=31.0 b=96.9 gap=17.5 (face=7.1mm) n=[107, 374, 643, 258, 248, 518, 630]  tape=1.374km B=10.72T unif=0.882% hoop=252MPa
  [ 246] OK     f=   1.885  a=47.0 b=98.5 gap=19.4 (face=10.7mm) n=[517, 608, 858, 72, 366, 256, 691]  tape=1.885km B=11.21T unif=0.619% hoop=360MPa
  [ 247] OK     f=   1.603  a=36.3 b=99.9 gap=21.2 (face=14.3mm) n=[69, 708, 686, 178, 308, 615, 556]  tape=1.603km B=11.53T unif=0.500% hoop=206MPa
  [ 248] OK     f=   1.557  a=46.1 b=88.5 gap=16.8 (face=5.7mm) n=[228, 459, 334, 362, 563, 628, 603]  tape=1.557km B=11.09T unif=0.827% hoop=358MPa
  [ 249] viol   f=   1.765  a=39.4 b=93.8 gap=25.7 (face=23.5mm) n=[53, 778, 663, 81, 253, 409, 788]  tape=1.520km B=9.65T unif=0.616% hoop=199MPa
  [ 250] OK     f=   1.576  a=35.1 b=94.6 gap=20.0 (face=12.0mm) n=[143, 654, 479, 240, 250, 591, 755]  tape=1.576km B=10.91T unif=0.444% hoop=258MPa
  [ 251] viol   f=   2.171  a=52.0 b=97.3 gap=17.7 (face=7.4mm) n=[118, 694, 655, 116, 75, 525, 575]  tape=1.486km B=9.41T unif=0.935% hoop=274MPa
  [ 252] OK     f=   1.519  a=35.3 b=94.4 gap=16.7 (face=5.4mm) n=[66, 573, 366, 248, 484, 610, 702]  tape=1.519km B=11.18T unif=0.538% hoop=253MPa
  [ 253] OK     f=   1.427  a=38.7 b=89.1 gap=17.0 (face=6.1mm) n=[74, 542, 472, 524, 296, 385, 660]  tape=1.427km B=11.05T unif=0.727% hoop=279MPa
  [ 254] OK     f=   1.852  a=50.8 b=89.8 gap=20.7 (face=13.3mm) n=[535, 634, 547, 272, 330, 384, 790]  tape=1.852km B=11.11T unif=0.882% hoop=387MPa
  [ 255] viol   f=   3.890  a=48.7 b=87.1 gap=27.0 (face=26.0mm) n=[239, 619, 431, 146, 322, 659, 675]  tape=1.526km B=8.91T unif=0.527% hoop=262MPa
  [ 256] viol   f=   3.418  a=56.9 b=109.0 gap=16.2 (face=4.4mm) n=[232, 501, 593, 151, 363, 524, 754]  tape=1.929km B=9.14T unif=0.692% hoop=400MPa
  [ 257] OK     f=   1.422  a=39.5 b=100.1 gap=15.9 (face=3.8mm) n=[60, 547, 94, 452, 569, 591, 474]  tape=1.422km B=10.65T unif=0.548% hoop=238MPa
  [ 258] viol   f=   4.370  a=50.6 b=117.5 gap=16.5 (face=5.0mm) n=[326, 503, 392, 53, 331, 622, 571]  tape=1.733km B=8.85T unif=0.521% hoop=361MPa
  [ 259] OK     f=   1.521  a=35.6 b=96.4 gap=19.0 (face=9.9mm) n=[241, 614, 208, 200, 400, 520, 739]  tape=1.521km B=10.06T unif=0.350% hoop=258MPa
  [ 260] viol   f=   2.057  a=38.2 b=115.4 gap=15.7 (face=3.5mm) n=[322, 400, 439, 258, 119, 620, 770]  tape=1.781km B=9.63T unif=0.326% hoop=334MPa
  [ 261] INFEAS f=1117.970  a=31.1 b=120.6 gap=15.7 (face=3.4mm) n=[227, 777, 247, 321, 424, 412, 529]  no evaluation (geometry pre-check)
  [ 262] OK     f=   1.458  a=41.7 b=91.2 gap=15.5 (face=3.1mm) n=[344, 651, 60, 396, 470, 424, 589]  tape=1.458km B=11.09T unif=0.816% hoop=300MPa
  [ 263] viol   f=   8.633  a=44.0 b=90.8 gap=16.0 (face=4.0mm) n=[467, 287, 288, 358, 349, 265, 793]  tape=1.512km B=8.11T unif=0.745% hoop=400MPa
  [ 264] OK     f=   1.741  a=33.3 b=104.9 gap=16.2 (face=4.4mm) n=[156, 669, 365, 515, 497, 453, 633]  tape=1.741km B=13.21T unif=0.972% hoop=263MPa
  [ 265] OK     f=   1.704  a=48.7 b=95.1 gap=16.9 (face=5.8mm) n=[347, 657, 207, 367, 594, 577, 490]  tape=1.704km B=11.20T unif=0.882% hoop=354MPa
  [ 266] OK     f=   1.428  a=31.7 b=96.6 gap=18.0 (face=8.0mm) n=[212, 572, 499, 157, 334, 558, 604]  tape=1.428km B=11.76T unif=0.393% hoop=208MPa
  [ 267] OK     f=   1.645  a=44.5 b=88.4 gap=15.8 (face=3.7mm) n=[215, 373, 299, 648, 441, 672, 700]  tape=1.645km B=11.78T unif=0.774% hoop=340MPa
  [ 268] OK     f=   1.642  a=35.0 b=83.7 gap=16.0 (face=4.0mm) n=[390, 424, 87, 516, 814, 590, 710]  tape=1.642km B=12.91T unif=0.997% hoop=311MPa
  [ 269] viol   f=   2.451  a=36.2 b=99.6 gap=16.3 (face=4.5mm) n=[51, 462, 481, 291, 50, 784, 598]  tape=1.454km B=9.29T unif=0.501% hoop=265MPa
  [ 270] INFEAS f=1769.361  a=34.1 b=91.7 gap=18.4 (face=8.7mm) n=[50, 900, 159, 255, 330, 719, 584]  no evaluation (geometry pre-check)
  [ 271] OK     f=   1.096  a=31.7 b=74.9 gap=15.9 (face=3.8mm) n=[62, 507, 275, 260, 415, 449, 655]  tape=1.096km B=10.38T unif=0.749% hoop=245MPa
  [ 272] OK     f=   1.379  a=37.8 b=83.3 gap=18.0 (face=8.0mm) n=[448, 575, 293, 271, 619, 271, 582]  tape=1.379km B=11.93T unif=0.812% hoop=289MPa
  [ 273] viol   f=   5.231  a=46.9 b=80.3 gap=22.7 (face=17.3mm) n=[339, 294, 450, 62, 318, 614, 897]  tape=1.504km B=8.64T unif=0.547% hoop=311MPa
  [ 274] OK     f=   1.536  a=48.3 b=78.0 gap=16.4 (face=4.9mm) n=[272, 584, 360, 322, 275, 703, 750]  tape=1.536km B=11.25T unif=0.978% hoop=385MPa
  [ 275] OK     f=   1.550  a=38.3 b=79.1 gap=17.2 (face=6.3mm) n=[397, 418, 163, 485, 779, 589, 549]  tape=1.550km B=12.14T unif=0.866% hoop=343MPa
  [ 276] OK     f=   1.776  a=46.3 b=96.5 gap=16.2 (face=4.4mm) n=[98, 423, 759, 210, 251, 582, 885]  tape=1.776km B=10.36T unif=0.659% hoop=320MPa
  [ 277] viol   f=   2.179  a=48.3 b=97.6 gap=15.5 (face=3.1mm) n=[377, 475, 455, 223, 244, 397, 652]  tape=1.549km B=9.44T unif=0.827% hoop=396MPa
  [ 278] viol   f=   2.226  a=39.7 b=82.0 gap=15.6 (face=3.2mm) n=[130, 541, 244, 217, 388, 320, 592]  tape=1.117km B=9.26T unif=0.940% hoop=258MPa
  [ 279] INFEAS f=9784.432  a=27.6 b=88.5 gap=15.7 (face=3.4mm) n=[188, 799, 174, 385, 599, 588, 894]  no evaluation (geometry pre-check)
  [ 280] OK     f=   1.754  a=40.5 b=84.4 gap=16.6 (face=5.2mm) n=[435, 633, 169, 470, 701, 779, 519]  tape=1.754km B=13.63T unif=0.807% hoop=338MPa
  [ 281] viol   f=  26.769  a=45.1 b=73.1 gap=16.3 (face=4.6mm) n=[85, 516, 241, 382, 365, 487, 504]  tape=1.074km B=10.03T unif=1.358% hoop=303MPa  [a=56 b=134 nt=3311] KSP converged reason: 4, iterations: 1
  [a=71 b=114 nt=3460] KSP converged reason: 4, iterations: 1
  [a=70 b=142 nt=3004] KSP converged reason: 4, iterations: 1
  [a=48 b=150 nt=3222] KSP converged reason: 4, iterations: 1
  [a=72 b=126 nt=3059] KSP converged reason: 4, iterations: 1
  [a=34 b=115 nt=2912] KSP converged reason: 4, iterations: 1
  [a=58 b=110 nt=4387] KSP converged reason: 4, iterations: 1
  [a=35 b=109 nt=2584] KSP converged reason: 4, iterations: 1
  [a=68 b=92 nt=3679] KSP converged reason: 4, iterations: 1
  [a=53 b=113 nt=3405] KSP converged reason: 4, iterations: 1
  [a=35 b=86 nt=2525] KSP converged reason: 4, iterations: 1
  [a=52 b=98 nt=3424] KSP converged reason: 4, iterations: 1
  [a=41 b=107 nt=2698] KSP converged reason: 4, iterations: 1
  [a=53 b=93 nt=3234] KSP converged reason: 4, iterations: 1
  [a=34 b=99 nt=2241] KSP converged reason: 4, iterations: 1
  [a=38 b=95 nt=2772] KSP converged reason: 4, iterations: 1
  [a=54 b=88 nt=3467] KSP converged reason: 4, iterations: 1
  [a=43 b=72 nt=3474] KSP converged reason: 4, iterations: 1
  [a=54 b=101 nt=3491] KSP converged reason: 4, iterations: 1
  [a=54 b=87 nt=3483] KSP converged reason: 4, iterations: 1
  [a=56 b=82 nt=2610] KSP converged reason: 4, iterations: 1
  [a=47 b=81 nt=2937] KSP converged reason: 4, iterations: 1
  [a=33 b=75 nt=2852] KSP converged reason: 4, iterations: 1
  [a=40 b=77 nt=2955] KSP converged reason: 4, iterations: 1
  [a=38 b=100 nt=3105] KSP converged reason: 4, iterations: 1
  [a=51 b=88 nt=3174] KSP converged reason: 4, iterations: 1
  [a=48 b=96 nt=3096] KSP converged reason: 4, iterations: 1
  [a=47 b=87 nt=2949] KSP converged reason: 4, iterations: 1
  [a=39 b=84 nt=2969] KSP converged reason: 4, iterations: 1
  [a=47 b=98 nt=3368] KSP converged reason: 4, iterations: 1
  [a=39 b=89 nt=2953] KSP converged reason: 4, iterations: 1
  [a=36 b=96 nt=2922] KSP converged reason: 4, iterations: 1
  [a=44 b=91 nt=2807] KSP converged reason: 4, iterations: 1
  [a=35 b=84 nt=3531] KSP converged reason: 4, iterations: 1
  [a=38 b=79 nt=3380] KSP converged reason: 4, iterations: 1
  [a=45 b=73 nt=2580] KSP converged reason: 4, iterations: 1
  [a=37 b=61 nt=3033] KSP converged reason: 4, iterations: 1
  [a=46 b=61 nt=2575] KSP converged reason: 4, iterations: 1
  [a=42 b=64 nt=3091] KSP converged reason: 4, iterations: 1
  [a=23 b=148 nt=2833] KSP converged reason: 4, iterations: 1
  [a=50 b=79 nt=2531] KSP converged reason: 4, iterations: 1
  [a=49 b=129 nt=2806] KSP converged reason: 4, iterations: 1
  [a=39 b=100 nt=2957] KSP converged reason: 4, iterations: 1
  [a=51 b=112 nt=2974] KSP converged reason: 4, iterations: 1
  [a=48 b=125 nt=3179] KSP converged reason: 4, iterations: 1
  [a=40 b=114 nt=3467] KSP converged reason: 4, iterations: 1
  [a=52 b=67 nt=2926] KSP converged reason: 4, iterations: 1
  [a=69 b=112 nt=3979] KSP converged reason: 4, iterations: 1
  [a=60 b=109 nt=3229] KSP converged reason: 4, iterations: 1
  [a=58 b=119 nt=3465] KSP converged reason: 4, iterations: 1
  [a=48 b=109 nt=4080] KSP converged reason: 4, iterations: 1
  [a=48 b=92 nt=3110] KSP converged reason: 4, iterations: 1
  [a=39 b=72 nt=2511] KSP converged reason: 4, iterations: 1
  [a=50 b=98 nt=3029] KSP converged reason: 4, iterations: 1
  [a=42 b=66 nt=3296] KSP converged reason: 4, iterations: 1
  [a=39 b=96 nt=2908] KSP converged reason: 4, iterations: 1
  [a=54 b=113 nt=2223] KSP converged reason: 4, iterations: 1
  [a=37 b=84 nt=2887] KSP converged reason: 4, iterations: 1
  [a=43 b=97 nt=3321] KSP converged reason: 4, iterations: 1
  [a=50 b=106 nt=2274] KSP converged reason: 4, iterations: 1
  [a=48 b=107 nt=3022] KSP converged reason: 4, iterations: 1
  [a=34 b=76 nt=3723] KSP converged reason: 4, iterations: 1
  [a=55 b=75 nt=4096] KSP converged reason: 4, iterations: 1
  [a=45 b=130 nt=2812] KSP converged reason: 4, iterations: 1
  [a=43 b=77 nt=3023] KSP converged reason: 4, iterations: 1
  [a=48 b=79 nt=3437] KSP converged reason: 4, iterations: 1
  [a=48 b=89 nt=2860] KSP converged reason: 4, iterations: 1
  [a=48 b=90 nt=3242] KSP converged reason: 4, iterations: 1
  [a=48 b=94 nt=3284] KSP converged reason: 4, iterations: 1
  [a=41 b=80 nt=3282] KSP converged reason: 4, iterations: 1
  [a=45 b=61 nt=2988] KSP converged reason: 4, iterations: 1
  [a=36 b=76 nt=2638] KSP converged reason: 4, iterations: 1
  [a=31 b=97 nt=2778] KSP converged reason: 4, iterations: 1
  [a=35 b=95 nt=3112] KSP converged reason: 4, iterations: 1
  [a=57 b=109 nt=3118] KSP converged reason: 4, iterations: 1
  [a=42 b=91 nt=2934] KSP converged reason: 4, iterations: 1
  [a=38 b=83 nt=3059] KSP converged reason: 4, iterations: 1
  [a=35 b=71 nt=2627] KSP converged reason: 4, iterations: 1
  [a=40 b=79 nt=2317] KSP converged reason: 4, iterations: 1
  [a=37 b=55 nt=2491] KSP converged reason: 4, iterations: 1
  [a=43 b=74 nt=3687] KSP converged reason: 4, iterations: 1
  [a=62 b=138 nt=2721] KSP converged reason: 4, iterations: 1
  [a=67 b=125 nt=2925] KSP converged reason: 4, iterations: 1
  [a=59 b=155 nt=2733] KSP converged reason: 4, iterations: 1
  [a=48 b=109 nt=2443] KSP converged reason: 4, iterations: 1
  [a=77 b=125 nt=2765] KSP converged reason: 4, iterations: 1
  [a=48 b=110 nt=3326] KSP converged reason: 4, iterations: 1
  [a=56 b=119 nt=3936] KSP converged reason: 4, iterations: 1
  [a=54 b=145 nt=2434] KSP converged reason: 4, iterations: 1
  [a=72 b=88 nt=3524] KSP converged reason: 4, iterations: 1
  [a=61 b=98 nt=3324] KSP converged reason: 4, iterations: 1
  [a=77 b=85 nt=3236] KSP converged reason: 4, iterations: 1
  [a=37 b=90 nt=2825] KSP converged reason: 4, iterations: 1
  [a=50 b=85 nt=3146] KSP converged reason: 4, iterations: 1
  [a=50 b=70 nt=3024] KSP converged reason: 4, iterations: 1
  [a=41 b=114 nt=3065] KSP converged reason: 4, iterations: 1
  [a=37 b=100 nt=2109] KSP converged reason: 4, iterations: 1
  [a=43 b=87 nt=3030] KSP converged reason: 4, iterations: 1
  [a=39 b=79 nt=3832] KSP converged reason: 4, iterations: 1
  [a=47 b=112 nt=3300] KSP converged reason: 4, iterations: 1
  [a=54 b=95 nt=2729] KSP converged reason: 4, iterations: 1
  [a=56 b=100 nt=2739] KSP converged reason: 4, iterations: 1
  [a=53 b=108 nt=2993] KSP converged reason: 4, iterations: 1
  [a=43 b=120 nt=4167] KSP converged reason: 4, iterations: 1
  [a=60 b=105 nt=3415] KSP converged reason: 4, iterations: 1
  [a=55 b=65 nt=2856] KSP converged reason: 4, iterations: 1
  [a=31 b=69 nt=3167] KSP converged reason: 4, iterations: 1
  [a=46 b=100 nt=3983] KSP converged reason: 4, iterations: 1
  [a=43 b=86 nt=3286] KSP converged reason: 4, iterations: 1
  [a=52 b=81 nt=2542] KSP converged reason: 4, iterations: 1
  [a=41 b=80 nt=2927] KSP converged reason: 4, iterations: 1
  [a=46 b=102 nt=3089] KSP converged reason: 4, iterations: 1
  [a=36 b=90 nt=3220] KSP converged reason: 4, iterations: 1
  [a=37 b=93 nt=3242] KSP converged reason: 4, iterations: 1
  [a=52 b=97 nt=2758] KSP converged reason: 4, iterations: 1
  [a=39 b=100 nt=2787] KSP converged reason: 4, iterations: 1
  [a=32 b=97 nt=2936] KSP converged reason: 4, iterations: 1
  [a=32 b=75 nt=2623] KSP converged reason: 4, iterations: 1
  [a=40 b=82 nt=2432] KSP converged reason: 4, iterations: 1
  [a=35 b=78 nt=3154] KSP converged reason: 4, iterations: 1
  [a=37 b=89 nt=3425] KSP converged reason: 4, iterations: 1
  [a=35 b=95 nt=3216] KSP converged reason: 4, iterations: 1
  [a=42 b=79 nt=3158] KSP converged reason: 4, iterations: 1
  [a=64 b=117 nt=3522] KSP converged reason: 4, iterations: 1
  [a=41 b=98 nt=2780] KSP converged reason: 4, iterations: 1
  [a=77 b=122 nt=3446] KSP converged reason: 4, iterations: 1
  [a=84 b=95 nt=3425] KSP converged reason: 4, iterations: 1
  [a=42 b=96 nt=3419] KSP converged reason: 4, iterations: 1
  [a=68 b=113 nt=3413] KSP converged reason: 4, iterations: 1
  [a=37 b=70 nt=3771] KSP converged reason: 4, iterations: 1
  [a=41 b=134 nt=3396] KSP converged reason: 4, iterations: 1
  [a=44 b=101 nt=3555] KSP converged reason: 4, iterations: 1
  [a=60 b=103 nt=3888] KSP converged reason: 4, iterations: 1
  [a=48 b=123 nt=3461] KSP converged reason: 4, iterations: 1
  [a=48 b=61 nt=3092] KSP converged reason: 4, iterations: 1
  [a=47 b=93 nt=3038] KSP converged reason: 4, iterations: 1
  [a=45 b=82 nt=2832] KSP converged reason: 4, iterations: 1
  [a=51 b=102 nt=2489] KSP converged reason: 4, iterations: 1
  [a=53 b=89 nt=3113] KSP converged reason: 4, iterations: 1
  [a=39 b=94 nt=3347] KSP converged reason: 4, iterations: 1
  [a=35 b=76 nt=3112] KSP converged reason: 4, iterations: 1
  [a=43 b=79 nt=3140] KSP converged reason: 4, iterations: 1
  [a=59 b=97 nt=3132] KSP converged reason: 4, iterations: 1
  [a=40 b=105 nt=3038] KSP converged reason: 4, iterations: 1
  [a=45 b=73 nt=3152] KSP converged reason: 4, iterations: 1
  [a=62 b=100 nt=3504] KSP converged reason: 4, iterations: 1
  [a=53 b=65 nt=3204] KSP converged reason: 4, iterations: 1
  [a=64 b=70 nt=3336] KSP converged reason: 4, iterations: 1
  [a=57 b=71 nt=2702] KSP converged reason: 4, iterations: 1
  [a=49 b=84 nt=3109] KSP converged reason: 4, iterations: 1
  [a=44 b=80 nt=2690] KSP converged reason: 4, iterations: 1
  [a=40 b=70 nt=2789] KSP converged reason: 4, iterations: 1
  [a=37 b=88 nt=3292] KSP converged reason: 4, iterations: 1
  [a=40 b=90 nt=2965] KSP converged reason: 4, iterations: 1
  [a=36 b=91 nt=3487] KSP converged reason: 4, iterations: 1
  [a=50 b=97 nt=3683] KSP converged reason: 4, iterations: 1
  [a=46 b=89 nt=3177] KSP converged reason: 4, iterations: 1
  [a=51 b=90 nt=3492] KSP converged reason: 4, iterations: 1
  [a=38 b=115 nt=2928] KSP converged reason: 4, iterations: 1
  [a=49 b=95 nt=3239] KSP converged reason: 4, iterations: 1
  [a=47 b=80 nt=2974] KSP converged reason: 4, iterations: 1
  [a=48 b=98 nt=2823] KSP converged reason: 4, iterations: 1
  [a=36 b=81 nt=2613] KSP converged reason: 4, iterations: 1
  [a=55 b=84 nt=3295] KSP converged reason: 4, iterations: 1
  [a=36 b=80 nt=2516] KSP converged reason: 4, iterations: 1
  [a=43 b=57 nt=3375] KSP converged reason: 4, iterations: 1
  [a=43 b=62 nt=2539] KSP converged reason: 4, iterations: 1
  [a=41 b=57 nt=2951] KSP converged reason: 4, iterations: 1
  [a=66 b=158 nt=3526] KSP converged reason: 4, iterations: 1
  [a=69 b=146 nt=3316] KSP converged reason: 4, iterations: 1
  [a=66 b=120 nt=3359] KSP converged reason: 4, iterations: 1
  [a=39 b=136 nt=3623] KSP converged reason: 4, iterations: 1
  [a=55 b=97 nt=4037] KSP converged reason: 4, iterations: 1
  [a=40 b=105 nt=3525] KSP converged reason: 4, iterations: 1
  [a=63 b=101 nt=3134] KSP converged reason: 4, iterations: 1
  [a=68 b=103 nt=3768] KSP converged reason: 4, iterations: 1
  [a=44 b=99 nt=3018] KSP converged reason: 4, iterations: 1
  [a=57 b=108 nt=3995] KSP converged reason: 4, iterations: 1
  [a=48 b=130 nt=2893] KSP converged reason: 4, iterations: 1
  [a=30 b=107 nt=2383] KSP converged reason: 4, iterations: 1
  [a=40 b=98 nt=2675] KSP converged reason: 4, iterations: 1
  [a=50 b=94 nt=2991] KSP converged reason: 4, iterations: 1
  [a=55 b=91 nt=2420] KSP converged reason: 4, iterations: 1
  [a=32 b=93 nt=2550] KSP converged reason: 4, iterations: 1
  [a=35 b=95 nt=2883] KSP converged reason: 4, iterations: 1
  [a=37 b=70 nt=3338] KSP converged reason: 4, iterations: 1
  [a=44 b=80 nt=3107] KSP converged reason: 4, iterations: 1
  [a=44 b=99 nt=3161] KSP converged reason: 4, iterations: 1
  [a=47 b=70 nt=3064] KSP converged reason: 4, iterations: 1
  [a=67 b=89 nt=3461] KSP converged reason: 4, iterations: 1
  [a=54 b=84 nt=3368] KSP converged reason: 4, iterations: 1
  [a=47 b=72 nt=3348] KSP converged reason: 4, iterations: 1
  [a=55 b=98 nt=3237] KSP converged reason: 4, iterations: 1
  [a=24 b=70 nt=2464] KSP converged reason: 4, iterations: 1
  [a=44 b=82 nt=3217] KSP converged reason: 4, iterations: 1
  [a=44 b=67 nt=3268] KSP converged reason: 4, iterations: 1
  [a=45 b=67 nt=3473] KSP converged reason: 4, iterations: 1
  [a=38 b=100 nt=3353] KSP converged reason: 4, iterations: 1
  [a=39 b=98 nt=2946] KSP converged reason: 4, iterations: 1
  [a=39 b=94 nt=3025] KSP converged reason: 4, iterations: 1
  [a=49 b=87 nt=3091] KSP converged reason: 4, iterations: 1
  [a=33 b=105 nt=3288] KSP converged reason: 4, iterations: 1
  [a=48 b=78 nt=3266] KSP converged reason: 4, iterations: 1
  [a=36 b=65 nt=3597] KSP converged reason: 4, iterations: 1
  [a=37 b=90 nt=3029] KSP converged reason: 4, iterations: 1
  [a=33 b=60 nt=2701] KSP converged reason: 4, iterations: 1
  [a=36 b=73 nt=2957] KSP converged reason: 4, iterations: 1
  [a=56 b=123 nt=2305] KSP converged reason: 4, iterations: 1
  [a=65 b=139 nt=3211] KSP converged reason: 4, iterations: 1
  [a=46 b=149 nt=3400] KSP converged reason: 4, iterations: 1
  [a=38 b=121 nt=2957] KSP converged reason: 4, iterations: 1
  [a=58 b=106 nt=2346] KSP converged reason: 4, iterations: 1
  [a=44 b=123 nt=3278] KSP converged reason: 4, iterations: 1
  [a=60 b=115 nt=3950] KSP converged reason: 4, iterations: 1
  [a=45 b=103 nt=3334] KSP converged reason: 4, iterations: 1
  [a=48 b=64 nt=2899] KSP converged reason: 4, iterations: 1
  [a=60 b=120 nt=3872] KSP converged reason: 4, iterations: 1
  [a=46 b=87 nt=3453] KSP converged reason: 4, iterations: 1
  [a=45 b=95 nt=3032] KSP converged reason: 4, iterations: 1
  [a=45 b=101 nt=3054] KSP converged reason: 4, iterations: 1
  [a=59 b=97 nt=3088] KSP converged reason: 4, iterations: 1
  [a=38 b=91 nt=3835] KSP converged reason: 4, iterations: 1
  [a=57 b=85 nt=2927] KSP converged reason: 4, iterations: 1
  [a=45 b=94 nt=2769] KSP converged reason: 4, iterations: 1
  [a=63 b=96 nt=2830] KSP converged reason: 4, iterations: 1
  [a=24 b=86 nt=3035] KSP converged reason: 4, iterations: 1
  [a=33 b=113 nt=2284] KSP converged reason: 4, iterations: 1
  [a=43 b=97 nt=2744] KSP converged reason: 4, iterations: 1
  [a=58 b=63 nt=3196] KSP converged reason: 4, iterations: 1
  [a=59 b=103 nt=2773] KSP converged reason: 4, iterations: 1
  [a=54 b=97 nt=2855] KSP converged reason: 4, iterations: 1
  [a=57 b=79 nt=3611] KSP converged reason: 4, iterations: 1
  [a=53 b=93 nt=3585] KSP converged reason: 4, iterations: 1
  [a=45 b=85 nt=3442] KSP converged reason: 4, iterations: 1
  [a=53 b=80 nt=3128] KSP converged reason: 4, iterations: 1
  [a=42 b=88 nt=3375] KSP converged reason: 4, iterations: 1
  [a=49 b=102 nt=3375] KSP converged reason: 4, iterations: 1
  [a=39 b=78 nt=2357] KSP converged reason: 4, iterations: 1
  [a=52 b=109 nt=3359] KSP converged reason: 4, iterations: 1
  [a=36 b=100 nt=3120] KSP converged reason: 4, iterations: 1
  [a=35 b=94 nt=3049] KSP converged reason: 4, iterations: 1
  [a=51 b=117 nt=2798] KSP converged reason: 4, iterations: 1
  [a=45 b=88 nt=3348] KSP converged reason: 4, iterations: 1
  [a=36 b=100 nt=2717] KSP converged reason: 4, iterations: 1
  [a=46 b=96 nt=3208] KSP converged reason: 4, iterations: 1
  [a=40 b=84 nt=3706] KSP converged reason: 4, iterations: 1
  [a=38 b=63 nt=2844] KSP converged reason: 4, iterations: 1
  [a=41 b=67 nt=3071] KSP converged reason: 4, iterations: 1
  [a=38 b=77 nt=3061] KSP converged reason: 4, iterations: 1
  [a=39 b=83 nt=3190] KSP converged reason: 4, iterations: 1
  [a=37 b=71 nt=2634] KSP converged reason: 4, iterations: 1
  [a=42 b=87 nt=2845] KSP converged reason: 4, iterations: 1

  [ 282] viol   f=   1.637  a=34.6 b=71.1 gap=15.9 (face=3.8mm) n=[85, 268, 375, 619, 200, 362, 718]  tape=1.095km B=9.98T unif=1.052% hoop=247MPa
  [ 283] viol   f=   2.191  a=36.4 b=65.2 gap=16.0 (face=3.9mm) n=[325, 500, 310, 509, 683, 601, 669]  tape=1.348km B=14.66T unif=1.065% hoop=305MPa
  [ 284] viol   f=   4.359  a=34.9 b=78.2 gap=16.2 (face=4.4mm) n=[265, 682, 433, 341, 483, 374, 576]  tape=1.381km B=13.01T unif=1.122% hoop=288MPa
  [ 285] viol   f=   1.757  a=36.1 b=80.9 gap=16.0 (face=4.0mm) n=[62, 527, 188, 378, 420, 302, 736]  tape=1.215km B=9.48T unif=0.805% hoop=266MPa
  [ 286] OK     f=   1.109  a=37.9 b=63.3 gap=18.1 (face=8.2mm) n=[218, 505, 324, 187, 544, 376, 690]  tape=1.109km B=10.73T unif=0.935% hoop=260MPa
  [ 287] viol   f=   3.246  a=39.9 b=79.0 gap=16.7 (face=5.5mm) n=[295, 538, 238, 144, 429, 95, 578]  tape=1.027km B=8.95T unif=0.983% hoop=236MPa
  [ 288] viol   f=   7.610  a=55.4 b=84.2 gap=17.7 (face=7.5mm) n=[363, 855, 102, 130, 607, 542, 696]  tape=1.710km B=10.83T unif=1.172% hoop=355MPa
  [ 289] viol   f=  74.336  a=41.0 b=66.5 gap=15.7 (face=3.4mm) n=[636, 496, 215, 99, 465, 457, 703]  tape=1.230km B=12.54T unif=1.605% hoop=306MPa
  [ 290] OK     f=   1.628  a=36.7 b=89.2 gap=15.6 (face=3.2mm) n=[319, 504, 281, 514, 456, 672, 679]  tape=1.628km B=12.89T unif=0.638% hoop=305MPa
  [ 291] OK     f=   1.444  a=36.8 b=90.2 gap=19.6 (face=11.3mm) n=[186, 431, 447, 266, 492, 617, 590]  tape=1.444km B=10.75T unif=0.647% hoop=266MPa
  [ 292] OK     f=   1.168  a=36.7 b=60.6 gap=15.5 (face=3.1mm) n=[178, 505, 119, 290, 737, 376, 828]  tape=1.168km B=11.46T unif=0.655% hoop=249MPa
  [ 293] OK     f=   0.835  a=37.4 b=55.0 gap=17.5 (face=7.0mm) n=[172, 357, 207, 332, 525, 472, 426]  tape=0.835km B=10.43T unif=0.913% hoop=228MPa
  [ 294] viol   f=   2.673  a=35.9 b=79.6 gap=16.2 (face=4.5mm) n=[74, 431, 402, 189, 222, 508, 690]  tape=1.141km B=9.12T unif=0.759% hoop=249MPa
  [ 295] INFEAS f=12862.177  a=22.4 b=65.5 gap=17.0 (face=6.1mm) n=[167, 387, 225, 572, 668, 720, 794]  no evaluation (geometry pre-check)
  [ 296] OK     f=   1.454  a=37.9 b=76.5 gap=15.7 (face=3.5mm) n=[136, 305, 521, 436, 432, 334, 897]  tape=1.454km B=10.37T unif=0.790% hoop=377MPa
  [ 297] OK     f=   1.579  a=35.4 b=95.2 gap=16.6 (face=5.1mm) n=[217, 624, 366, 531, 609, 475, 394]  tape=1.579km B=13.15T unif=0.442% hoop=267MPa
  [ 298] viol   f=   2.495  a=45.6 b=61.1 gap=16.8 (face=5.6mm) n=[316, 262, 661, 121, 222, 147, 846]  tape=1.079km B=9.16T unif=0.690% hoop=283MPa
  [ 299] OK     f=   1.608  a=38.7 b=83.4 gap=15.5 (face=3.1mm) n=[314, 567, 476, 294, 266, 376, 897]  tape=1.608km B=10.78T unif=0.765% hoop=353MPa
  [ 300] viol   f= 143.442  a=43.4 b=56.6 gap=17.3 (face=6.6mm) n=[561, 463, 398, 505, 442, 337, 669]  tape=1.230km B=14.06T unif=1.843% hoop=370MPa
  [ 301] OK     f=   1.677  a=43.3 b=74.1 gap=16.7 (face=5.4mm) n=[249, 531, 247, 396, 717, 876, 671]  tape=1.677km B=12.82T unif=0.824% hoop=341MPa
  [ 302] viol   f=  27.974  a=32.8 b=60.2 gap=15.5 (face=3.0mm) n=[200, 561, 189, 332, 579, 296, 544]  tape=0.934km B=12.12T unif=1.368% hoop=217MPa
  [ 303] OK     f=   1.370  a=42.5 b=79.2 gap=18.9 (face=9.8mm) n=[233, 594, 186, 448, 578, 563, 556]  tape=1.370km B=11.87T unif=0.903% hoop=274MPa
  [ 304] INFEAS f=2291.649  a=28.1 b=45.2 gap=17.8 (face=7.7mm) n=[312, 277, 202, 260, 761, 408, 299]  no evaluation (geometry pre-check)
  [ 305] viol   f=   1.227  a=36.8 b=71.2 gap=17.2 (face=6.3mm) n=[78, 437, 144, 417, 734, 300, 524]  tape=1.122km B=9.77T unif=0.928% hoop=243MPa
  [ 306] viol   f=   1.057  a=42.8 b=61.9 gap=15.9 (face=3.8mm) n=[196, 443, 83, 128, 558, 483, 648]  tape=0.977km B=9.80T unif=0.997% hoop=242MPa
  [ 307] OK     f=   1.188  a=41.6 b=64.3 gap=17.5 (face=7.1mm) n=[60, 400, 272, 486, 670, 619, 584]  tape=1.188km B=11.45T unif=0.825% hoop=254MPa
  [ 308] OK     f=   1.384  a=42.0 b=87.5 gap=16.8 (face=5.7mm) n=[249, 412, 505, 251, 417, 395, 616]  tape=1.384km B=10.23T unif=0.837% hoop=310MPa
  [ 309] OK     f=   1.081  a=40.5 b=57.4 gap=15.7 (face=3.3mm) n=[206, 412, 134, 547, 692, 376, 584]  tape=1.081km B=12.03T unif=0.980% hoop=273MPa
  [ 310] OK     f=   1.284  a=36.4 b=72.9 gap=16.7 (face=5.4mm) n=[191, 482, 122, 258, 798, 475, 631]  tape=1.284km B=10.74T unif=0.960% hoop=247MPa

==========================================================================================
CMA-ES finished: 310 evaluations in 10.1 min
==========================================================================================

Best feasible design found:
  a_mm             37.38125401882648
  b_mm             54.99335554477127
  gap_mm           17.478088116309646
  face_gap_mm      6.95617623261929
  n_turns          [172, 357, 207, 332, 525, 472, 426]
  n_total          2491
  tape_km          0.835432575515103
  B_target_T       10.433415593067297
  uniformity_pct   0.9132319257747762
  hoop_MPa         227.75039080537164
  delam_MPa        13.294642275213102
  I_quench_A       406.5454976839584
  I_op_A           223.62238596477357
  binding          quench/SF
  clip_frac        0.2215628090999011

Full evaluation history -> optimize/cmaes_history.csv
Best design            -> optimize/cmaes_results.csv
Appended 310 rows to cumulative master log -> optimize/cmaes_all_evaluations.csv

Figures -> /home/gerrityjack/fenicsx/Racetrack-Coil-Optimization/visualization/cmaes_convergence.png, cmaes_constraints.png, cmaes_variables.png, cmaes_overview.png
Cumulative parameter-space map -> visualization/cmaes_param_map.png (11300 evaluations, 36 runs)
