Starting CMA-ES: 10 variables, budget 300 evaluations, target B >= 10.0 T, uniformity <= 1.0%, hoop <= 400 MPa, coil-coil face gap >= 3 mm

Parallel mode: 6 worker processes per generation.
  [   1] INFEAS f=15840.255  a=24.6 b=47.1 gap=35.5 (face=42.9mm) n=[116, 231, 568, 423, 541, 884, 684]  no evaluation (geometry pre-check)
  [   2] INFEAS f=9874.753  a=69.3 b=59.4 gap=39.3 (face=50.6mm) n=[107, 328, 74, 498, 648, 898, 663]  no evaluation (geometry pre-check)
  [   3] INFEAS f=1164.498  a=51.6 b=54.6 gap=30.0 (face=32.0mm) n=[514, 207, 582, 874, 553, 894, 379]  no evaluation (geometry pre-check)
  [   4] viol   f=  18.136  a=41.7 b=58.2 gap=29.2 (face=30.4mm) n=[153, 117, 490, 809, 50, 277, 406]  tape=0.917km B=7.07T unif=0.869% hoop=184MPa
  [   5] OK     f=   1.481  a=37.5 b=65.2 gap=33.6 (face=39.1mm) n=[241, 578, 394, 660, 697, 726, 701]  tape=1.481km B=10.53T unif=0.870% hoop=222MPa
  [   6] INFEAS f=28775.464  a=20.8 b=21.9 gap=28.6 (face=29.3mm) n=[229, 461, 580, 621, 891, 787, 828]  no evaluation (geometry pre-check)
  [   7] viol   f=  24.572  a=59.2 b=67.9 gap=43.7 (face=59.4mm) n=[339, 108, 256, 680, 899, 647, 498]  tape=1.618km B=7.24T unif=1.196% hoop=285MPa
  [   8] INFEAS f=6259.193  a=53.3 b=46.8 gap=26.4 (face=24.7mm) n=[161, 278, 268, 606, 558, 790, 197]  no evaluation (geometry pre-check)
  [   9] INFEAS f=5661.566  a=53.5 b=47.7 gap=24.0 (face=19.9mm) n=[285, 137, 306, 685, 132, 281, 269]  no evaluation (geometry pre-check)
  [  10] viol   f=1027.717  a=32.1 b=39.1 gap=31.0 (face=34.0mm) n=[312, 97, 241, 194, 430, 523, 595]  tape=0.646km B=6.97T unif=3.246% hoop=147MPa
  [  11] viol   f=   4.359  a=47.1 b=87.1 gap=35.6 (face=43.3mm) n=[389, 249, 379, 692, 864, 616, 500]  tape=1.912km B=8.89T unif=0.260% hoop=289MPa
  [  12] INFEAS f=21208.229  a=22.2 b=93.4 gap=36.4 (face=44.7mm) n=[369, 141, 591, 871, 522, 714, 448]  no evaluation (geometry pre-check)
  [  13] INFEAS f=22722.911  a=78.8 b=60.5 gap=29.2 (face=30.4mm) n=[299, 638, 132, 820, 515, 724, 889]  no evaluation (geometry pre-check)
  [  14] INFEAS f=3935.227  a=41.2 b=37.6 gap=41.1 (face=54.2mm) n=[321, 351, 465, 614, 191, 485, 375]  no evaluation (geometry pre-check)
  [  15] INFEAS f=11452.288  a=23.5 b=57.0 gap=23.2 (face=18.4mm) n=[303, 804, 211, 766, 208, 790, 397]  no evaluation (geometry pre-check)
  [  16] INFEAS f=11482.333  a=51.6 b=40.4 gap=41.5 (face=55.0mm) n=[65, 152, 364, 494, 466, 893, 609]  no evaluation (geometry pre-check)
  [  17] INFEAS f=3020.032  a=51.7 b=49.6 gap=38.0 (face=48.0mm) n=[71, 509, 519, 368, 412, 275, 382]  no evaluation (geometry pre-check)
  [  18] INFEAS f=37477.677  a=17.0 b=47.7 gap=28.2 (face=28.4mm) n=[123, 231, 616, 856, 682, 656, 308]  no evaluation (geometry pre-check)
  [  19] INFEAS f=35287.779  a=17.8 b=77.4 gap=38.5 (face=48.9mm) n=[356, 96, 169, 722, 247, 863, 633]  no evaluation (geometry pre-check)
  [  20] INFEAS f=49177.389  a=15.0 b=56.5 gap=28.0 (face=28.1mm) n=[254, 867, 287, 840, 54, 729, 875]  no evaluation (geometry pre-check)
  [  21] INFEAS f=4641.739  a=33.9 b=30.1 gap=37.5 (face=47.1mm) n=[335, 333, 142, 884, 464, 476, 465]  no evaluation (geometry pre-check)
  [  22] INFEAS f=18263.046  a=45.6 b=29.8 gap=44.2 (face=60.5mm) n=[315, 96, 270, 613, 307, 551, 422]  no evaluation (geometry pre-check)
  [  23] viol   f=   5.050  a=41.9 b=85.6 gap=34.7 (face=41.5mm) n=[408, 533, 709, 332, 830, 314, 180]  tape=1.651km B=8.70T unif=0.461% hoop=250MPa
  [  24] viol   f=   5.421  a=65.1 b=82.7 gap=41.8 (face=55.6mm) n=[214, 679, 507, 785, 541, 634, 510]  tape=2.021km B=8.70T unif=0.200% hoop=386MPa
  [  25] viol   f=  30.467  a=74.0 b=90.9 gap=41.8 (face=55.6mm) n=[320, 141, 619, 277, 554, 576, 364]  tape=1.615km B=6.20T unif=0.085% hoop=367MPa
  [  26] INFEAS f=6764.327  a=28.5 b=74.8 gap=19.6 (face=11.1mm) n=[210, 73, 554, 872, 428, 663, 531]  no evaluation (geometry pre-check)
  [  27] INFEAS f=6177.971  a=67.3 b=61.0 gap=34.6 (face=41.2mm) n=[153, 524, 250, 716, 601, 673, 480]  no evaluation (geometry pre-check)
  [  28] INFEAS f=1540.485  a=53.1 b=54.4 gap=40.4 (face=52.8mm) n=[347, 682, 203, 769, 467, 881, 529]  no evaluation (geometry pre-check)
  [  29] viol   f=  37.388  a=55.2 b=67.9 gap=44.3 (face=60.7mm) n=[197, 884, 339, 488, 198, 654, 827]  tape=1.626km B=7.80T unif=1.361% hoop=267MPa
  [  30] INFEAS f=144604.775  a=68.5 b=13.6 gap=28.0 (face=28.0mm) n=[171, 445, 795, 141, 190, 751, 548]  no evaluation (geometry pre-check)
  [  31] INFEAS f=1356.689  a=24.5 b=80.9 gap=35.2 (face=42.3mm) n=[284, 620, 141, 399, 481, 480, 509]  no evaluation (geometry pre-check)
  [  32] OK     f=   1.220  a=44.9 b=66.1 gap=29.2 (face=30.3mm) n=[533, 711, 719, 406, 69, 237, 318]  tape=1.220km B=10.51T unif=0.674% hoop=246MPa
  [  33] viol   f=  10.171  a=64.5 b=89.9 gap=40.3 (face=52.5mm) n=[258, 402, 584, 752, 476, 382, 733]  tape=1.972km B=7.98T unif=0.079% hoop=355MPa
  [  34] viol   f=  13.589  a=51.4 b=93.6 gap=41.0 (face=54.0mm) n=[285, 782, 739, 602, 277, 92, 373]  tape=1.699km B=7.56T unif=0.312% hoop=238MPa
  [  35] viol   f=  11.989  a=43.0 b=69.4 gap=37.4 (face=46.9mm) n=[130, 409, 861, 373, 805, 240, 226]  tape=1.333km B=7.69T unif=0.655% hoop=244MPa
  [  36] viol   f=  28.386  a=43.9 b=100.7 gap=33.2 (face=38.3mm) n=[300, 125, 67, 672, 436, 487, 311]  tape=1.330km B=6.32T unif=0.388% hoop=229MPa
  [  37] INFEAS f=112539.334  a=4.7 b=65.5 gap=27.0 (face=26.0mm) n=[210, 562, 443, 889, 570, 470, 82]  no evaluation (geometry pre-check)
  [  38] viol   f=  17.226  a=54.8 b=98.9 gap=40.3 (face=52.7mm) n=[395, 694, 428, 50, 648, 385, 509]  tape=1.739km B=7.22T unif=0.312% hoop=273MPa
  [  39] viol   f=  34.601  a=44.3 b=77.0 gap=42.7 (face=57.4mm) n=[127, 454, 229, 146, 528, 715, 537]  tape=1.257km B=5.92T unif=0.534% hoop=205MPa
  [  40] INFEAS f=44197.723  a=60.5 b=32.6 gap=39.1 (face=50.2mm) n=[513, 234, 540, 815, 605, 326, 295]  no evaluation (geometry pre-check)
  [  41] INFEAS f=4369.316  a=30.9 b=69.1 gap=40.9 (face=53.8mm) n=[285, 827, 769, 891, 232, 314, 772]  no evaluation (geometry pre-check)
  [  42] INFEAS f=1016.911  a=31.2 b=102.3 gap=43.5 (face=59.0mm) n=[419, 659, 762, 55, 702, 278, 460]  no evaluation (geometry pre-check)
  [  43] INFEAS f=5277.885  a=48.7 b=43.3 gap=41.6 (face=55.2mm) n=[155, 889, 461, 353, 144, 54, 309]  no evaluation (geometry pre-check)
  [  44] viol   f= 617.413  a=44.5 b=49.9 gap=37.6 (face=47.2mm) n=[402, 116, 570, 737, 659, 158, 854]  tape=1.231km B=8.51T unif=2.749% hoop=221MPa
  [  45] viol   f=   5.818  a=63.3 b=83.8 gap=34.2 (face=40.4mm) n=[361, 449, 399, 874, 708, 449, 266]  tape=1.925km B=8.60T unif=0.309% hoop=400MPa
  [  46] viol   f=   1.793  a=50.8 b=67.7 gap=36.2 (face=44.4mm) n=[238, 622, 419, 784, 435, 589, 858]  tape=1.732km B=9.82T unif=0.606% hoop=304MPa
  [  47] INFEAS f=1447.333  a=34.5 b=68.1 gap=36.7 (face=45.3mm) n=[523, 825, 527, 407, 893, 394, 344]  no evaluation (geometry pre-check)
  [  48] INFEAS f=12345.720  a=60.6 b=48.7 gap=42.3 (face=56.7mm) n=[475, 367, 553, 370, 345, 121, 516]  no evaluation (geometry pre-check)
  [  49] INFEAS f=1614.196  a=84.0 b=85.1 gap=32.2 (face=36.4mm) n=[84, 553, 720, 881, 463, 171, 822]  no evaluation (geometry pre-check)
  [  50] INFEAS f=4584.490  a=30.9 b=92.3 gap=33.1 (face=38.2mm) n=[571, 274, 896, 594, 536, 411, 465]  no evaluation (geometry pre-check)
  [  51] viol   f=  16.225  a=50.1 b=88.4 gap=32.1 (face=36.3mm) n=[277, 77, 626, 488, 521, 310, 352]  tape=1.348km B=7.27T unif=0.491% hoop=258MPa
  [  52] viol   f=   3.526  a=46.7 b=84.5 gap=36.9 (face=45.8mm) n=[219, 844, 551, 430, 541, 369, 685]  tape=1.835km B=9.08T unif=0.279% hoop=289MPa
  [  53] viol   f=  13.500  a=78.2 b=102.0 gap=38.0 (face=48.0mm) n=[431, 535, 436, 739, 767, 322, 480]  tape=2.345km B=7.64T unif=0.407% hoop=400MPa
  [  54] INFEAS f=5856.386  a=80.2 b=74.2 gap=38.0 (face=47.9mm) n=[222, 790, 326, 630, 387, 244, 827]  no evaluation (geometry pre-check)
  [  55] INFEAS f=5996.873  a=77.0 b=70.9 gap=39.6 (face=51.1mm) n=[229, 586, 329, 726, 138, 86, 622]  no evaluation (geometry pre-check)
  [  56] INFEAS f=1148.991  a=25.2 b=91.1 gap=39.9 (face=51.8mm) n=[320, 537, 181, 622, 494, 585, 515]  no evaluation (geometry pre-check)
  [  57] viol   f=   4.213  a=66.9 b=89.4 gap=38.4 (face=48.7mm) n=[165, 717, 691, 895, 527, 89, 777]  tape=2.147km B=8.98T unif=0.168% hoop=383MPa
  [  58] OK     f=   1.291  a=40.6 b=71.9 gap=25.1 (face=22.2mm) n=[562, 662, 437, 636, 241, 242, 315]  tape=1.291km B=11.55T unif=0.914% hoop=259MPa
  [  59] viol   f=   2.605  a=56.5 b=85.1 gap=40.8 (face=53.5mm) n=[418, 814, 631, 897, 607, 92, 547]  tape=2.087km B=9.49T unif=0.098% hoop=335MPa
  [  60] INFEAS f=2194.543  a=50.6 b=50.1 gap=31.9 (face=35.8mm) n=[136, 897, 322, 891, 794, 761, 839]  no evaluation (geometry pre-check)
  [  61] viol   f=   9.338  a=74.0 b=105.2 gap=43.7 (face=59.5mm) n=[245, 555, 772, 853, 881, 114, 551]  tape=2.510km B=8.15T unif=0.165% hoop=378MPa
  [  62] viol   f=   4.196  a=61.6 b=73.4 gap=41.2 (face=54.3mm) n=[405, 812, 554, 119, 409, 714, 884]  tape=1.890km B=8.93T unif=0.547% hoop=325MPa
  [  63] OK     f=   2.072  a=55.8 b=85.9 gap=34.1 (face=40.2mm) n=[615, 819, 144, 898, 560, 379, 520]  tape=2.072km B=10.32T unif=0.450% hoop=331MPa
  [  64] viol   f=   9.263  a=34.6 b=68.5 gap=43.5 (face=59.1mm) n=[376, 788, 828, 393, 572, 413, 243]  tape=1.472km B=8.03T unif=0.898% hoop=215MPa
  [  65] INFEAS f=17950.852  a=56.5 b=41.0 gap=38.8 (face=49.6mm) n=[253, 485, 526, 814, 478, 445, 190]  no evaluation (geometry pre-check)
  [  66] viol   f=  19.281  a=38.3 b=75.4 gap=22.1 (face=16.3mm) n=[616, 896, 831, 581, 78, 402, 755]  tape=1.801km B=15.64T unif=1.296% hoop=287MPa
  [  67] INFEAS f=1551.970  a=34.4 b=64.1 gap=33.5 (face=38.9mm) n=[427, 897, 260, 708, 63, 226, 282]  no evaluation (geometry pre-check)
  [  68] viol   f=   7.139  a=66.2 b=95.0 gap=25.3 (face=22.6mm) n=[452, 426, 502, 893, 535, 378, 510]  tape=2.241km B=8.44T unif=0.779% hoop=400MPa
  [  69] INFEAS f=3558.399  a=31.8 b=89.0 gap=41.1 (face=54.2mm) n=[883, 845, 651, 724, 897, 185, 252]  no evaluation (geometry pre-check)
  [  70] viol   f=   3.191  a=47.4 b=113.7 gap=26.3 (face=24.5mm) n=[127, 476, 636, 750, 339, 282, 798]  tape=2.078km B=9.25T unif=0.385% hoop=277MPa
  [  71] INFEAS f=24001.446  a=63.4 b=44.4 gap=33.9 (face=39.7mm) n=[379, 726, 233, 724, 651, 277, 389]  no evaluation (geometry pre-check)
  [  72] INFEAS f=1612.394  a=65.2 b=66.2 gap=28.8 (face=29.6mm) n=[392, 850, 432, 552, 748, 301, 516]  no evaluation (geometry pre-check)
  [  73] viol   f=  14.188  a=50.5 b=116.0 gap=42.4 (face=56.7mm) n=[147, 651, 354, 828, 230, 788, 645]  tape=2.268km B=7.56T unif=0.290% hoop=251MPa
  [  74] OK     f=   2.681  a=57.0 b=107.6 gap=26.6 (face=25.2mm) n=[634, 694, 544, 817, 593, 529, 662]  tape=2.681km B=11.79T unif=0.565% hoop=400MPa
  [  75] viol   f=  14.056  a=91.8 b=103.8 gap=21.1 (face=14.2mm) n=[322, 779, 651, 883, 244, 380, 681]  tape=2.673km B=7.71T unif=1.068% hoop=400MPa
  [  76] OK     f=   2.740  a=64.6 b=108.9 gap=22.1 (face=16.2mm) n=[559, 780, 268, 874, 509, 577, 798]  tape=2.740km B=10.96T unif=0.708% hoop=400MPa
  [  77] OK     f=   2.405  a=78.5 b=83.6 gap=30.7 (face=33.4mm) n=[422, 836, 816, 892, 360, 328, 643]  tape=2.405km B=10.20T unif=0.711% hoop=400MPa
  [  78] viol   f=   3.282  a=62.5 b=104.7 gap=37.4 (face=46.8mm) n=[538, 892, 391, 512, 338, 771, 675]  tape=2.550km B=9.40T unif=0.360% hoop=397MPa
  [  79] viol   f=  15.988  a=80.9 b=92.6 gap=35.0 (face=41.9mm) n=[566, 550, 295, 598, 441, 726, 488]  tape=2.184km B=7.37T unif=0.540% hoop=400MPa
  [  80] INFEAS f=2227.117  a=33.3 b=56.6 gap=41.0 (face=54.0mm) n=[110, 404, 445, 794, 462, 897, 586]  no evaluation (geometry pre-check)
  [  81] viol   f=   8.119  a=69.2 b=111.2 gap=39.1 (face=50.2mm) n=[339, 846, 712, 701, 566, 145, 672]  tape=2.576km B=8.34T unif=0.357% hoop=400MPa
  [  82] viol   f=   3.826  a=75.2 b=115.6 gap=23.8 (face=19.6mm) n=[573, 900, 875, 740, 297, 522, 130]  tape=2.749km B=9.27T unif=0.798% hoop=400MPa
  [  83] viol   f=   4.482  a=71.8 b=111.5 gap=38.3 (face=48.6mm) n=[569, 860, 330, 798, 83, 899, 617]  tape=2.707km B=9.06T unif=0.350% hoop=371MPa
  [  84] INFEAS f=22619.688  a=22.7 b=102.5 gap=21.1 (face=14.2mm) n=[200, 896, 188, 785, 490, 277, 222]  no evaluation (geometry pre-check)
  [  85] OK     f=   2.525  a=68.6 b=86.3 gap=33.3 (face=38.6mm) n=[357, 899, 219, 896, 854, 781, 749]  tape=2.525km B=11.72T unif=0.268% hoop=400MPa
  [  86] viol   f=   9.923  a=67.8 b=92.1 gap=35.2 (face=42.3mm) n=[126, 588, 693, 899, 571, 570, 551]  tape=2.325km B=8.05T unif=0.343% hoop=400MPa
  [  87] viol   f=   2.102  a=55.4 b=75.3 gap=39.3 (face=50.6mm) n=[443, 531, 566, 785, 760, 160, 829]  tape=1.901km B=9.68T unif=0.484% hoop=354MPa
  [  88] OK     f=   2.025  a=50.6 b=85.5 gap=40.8 (face=53.6mm) n=[763, 697, 609, 754, 518, 279, 533]  tape=2.025km B=10.28T unif=0.205% hoop=309MPa
  [  89] viol   f=  15.700  a=86.4 b=127.7 gap=26.1 (face=24.2mm) n=[803, 779, 735, 749, 245, 304, 460]  tape=3.017km B=7.48T unif=0.699% hoop=400MPa
  [  90] viol   f=   9.763  a=78.9 b=131.0 gap=33.2 (face=38.5mm) n=[897, 786, 589, 757, 447, 199, 429]  tape=3.105km B=8.18T unif=0.506% hoop=400MPa
  [  91] viol   f=   2.307  a=54.2 b=91.2 gap=35.1 (face=42.3mm) n=[800, 262, 645, 158, 606, 563, 694]  tape=1.978km B=9.59T unif=0.467% hoop=313MPa
  [  92] viol   f=   5.635  a=60.1 b=82.2 gap=33.2 (face=38.3mm) n=[475, 364, 396, 791, 587, 154, 589]  tape=1.752km B=8.61T unif=0.337% hoop=376MPa
  [  93] viol   f=   7.087  a=71.4 b=126.6 gap=35.7 (face=43.3mm) n=[765, 564, 611, 492, 783, 165, 770]  tape=2.895km B=8.55T unif=0.391% hoop=400MPa
  [  94] viol   f=  16.397  a=83.5 b=105.6 gap=41.4 (face=54.8mm) n=[611, 705, 546, 738, 503, 155, 460]  tape=2.407km B=7.36T unif=0.414% hoop=400MPa
  [  95] viol   f=   3.178  a=62.7 b=90.4 gap=43.4 (face=58.7mm) n=[438, 812, 709, 548, 619, 301, 813]  tape=2.295km B=9.34T unif=0.075% hoop=376MPa
  [  96] viol   f=   4.062  a=55.9 b=92.5 gap=42.9 (face=57.8mm) n=[524, 426, 894, 760, 636, 319, 529]  tape=2.278km B=9.06T unif=0.142% hoop=341MPa
  [  97] OK     f=   2.427  a=64.7 b=80.3 gap=44.8 (face=61.6mm) n=[388, 792, 879, 886, 367, 620, 900]  tape=2.427km B=10.35T unif=0.716% hoop=358MPa
  [  98] OK     f=   2.253  a=52.6 b=80.4 gap=32.6 (face=37.1mm) n=[869, 715, 883, 828, 351, 520, 541]  tape=2.253km B=13.68T unif=0.518% hoop=370MPa
  [  99] viol   f=   9.680  a=64.7 b=93.6 gap=41.8 (face=55.6mm) n=[421, 400, 831, 882, 433, 51, 617]  tape=2.094km B=8.05T unif=0.157% hoop=377MPa
  [ 100] INFEAS f=1011.760  a=75.5 b=79.9 gap=38.5 (face=49.1mm) n=[892, 480, 783, 896, 729, 278, 259]  no evaluation (geometry pre-check)
  [ 101] OK     f=   2.520  a=50.8 b=86.1 gap=37.7 (face=47.3mm) n=[641, 789, 703, 894, 568, 653, 822]  tape=2.520km B=12.51T unif=0.229% hoop=354MPa
  [ 102] viol   f=   4.938  a=79.1 b=87.5 gap=35.2 (face=42.5mm) n=[618, 716, 791, 583, 95, 224, 831]  tape=2.187km B=8.83T unif=0.487% hoop=400MPa
  [ 103] viol   f=   2.035  a=52.6 b=74.0 gap=43.5 (face=59.1mm) n=[884, 570, 359, 686, 477, 463, 848]  tape=2.001km B=9.87T unif=0.596% hoop=357MPa
  [ 104] OK     f=   2.518  a=75.0 b=82.7 gap=25.0 (face=22.1mm) n=[341, 801, 869, 807, 340, 740, 848]  tape=2.518km B=11.76T unif=0.915% hoop=400MPa
  [ 105] viol   f=  10.360  a=87.5 b=108.7 gap=36.9 (face=45.7mm) n=[511, 676, 379, 791, 758, 520, 722]  tape=2.904km B=8.07T unif=0.468% hoop=400MPa
  [ 106] viol   f=   9.523  a=59.1 b=66.0 gap=42.5 (face=56.9mm) n=[846, 549, 795, 462, 486, 478, 677]  tape=1.912km B=9.68T unif=1.192% hoop=400MPa
  [ 107] viol   f=   3.247  a=36.0 b=94.2 gap=41.9 (face=55.9mm) n=[643, 389, 573, 876, 680, 324, 868]  tape=2.193km B=9.27T unif=0.354% hoop=243MPa
  [ 108] OK     f=   2.220  a=60.6 b=75.9 gap=35.7 (face=43.3mm) n=[338, 856, 849, 773, 688, 655, 506]  tape=2.220km B=12.23T unif=0.172% hoop=399MPa
  [ 109] OK     f=   1.883  a=42.9 b=75.3 gap=39.7 (face=51.4mm) n=[839, 668, 644, 849, 242, 355, 718]  tape=1.883km B=10.82T unif=0.434% hoop=252MPa
  [ 110] viol   f=   6.090  a=47.1 b=85.1 gap=40.7 (face=53.4mm) n=[455, 143, 723, 874, 688, 393, 487]  tape=1.900km B=8.55T unif=0.144% hoop=270MPa
  [ 111] viol   f=   3.730  a=37.7 b=95.5 gap=43.8 (face=59.6mm) n=[762, 591, 730, 652, 310, 343, 831]  tape=2.143km B=9.11T unif=0.398% hoop=240MPa
  [ 112] INFEAS f=5909.024  a=27.0 b=84.8 gap=44.9 (face=61.7mm) n=[663, 668, 810, 817, 635, 547, 140]  no evaluation (geometry pre-check)
  [ 113] viol   f=   6.487  a=52.9 b=98.3 gap=40.1 (face=52.2mm) n=[603, 491, 644, 192, 268, 809, 900]  tape=2.227km B=8.54T unif=0.217% hoop=299MPa
  [ 114] OK     f=   2.265  a=65.1 b=78.1 gap=42.1 (face=56.1mm) n=[462, 880, 732, 574, 808, 284, 772]  tape=2.265km B=10.36T unif=0.448% hoop=391MPa
  [ 115] INFEAS f=16148.987  a=59.5 b=45.0 gap=44.1 (face=60.3mm) n=[724, 509, 588, 628, 619, 273, 740]  no evaluation (geometry pre-check)
  [ 116] viol   f=   2.593  a=61.4 b=99.8 gap=28.8 (face=29.6mm) n=[413, 799, 793, 336, 237, 544, 274]  tape=2.005km B=9.46T unif=0.730% hoop=353MPa
  [ 117] viol   f=  42.866  a=40.8 b=67.5 gap=44.6 (face=61.1mm) n=[305, 139, 411, 522, 362, 75, 840]  tape=1.159km B=5.43T unif=0.774% hoop=213MPa
  [ 118] viol   f=   8.023  a=83.2 b=103.6 gap=25.5 (face=22.9mm) n=[440, 741, 560, 692, 552, 888, 554]  tape=2.909km B=8.40T unif=0.801% hoop=400MPa
  [ 119] viol   f=   2.999  a=77.1 b=96.0 gap=25.2 (face=22.4mm) n=[281, 732, 712, 819, 579, 857, 507]  tape=2.683km B=9.60T unif=0.886% hoop=400MPa
  [ 120] OK     f=   2.680  a=60.4 b=97.1 gap=44.9 (face=61.7mm) n=[856, 752, 877, 715, 397, 547, 608]  tape=2.680km B=10.47T unif=0.171% hoop=375MPa
  [ 121] viol   f=   9.345  a=80.8 b=103.8 gap=42.7 (face=57.4mm) n=[505, 677, 791, 487, 326, 858, 686]  tape=2.792km B=8.19T unif=0.224% hoop=400MPa
  [ 122] viol   f=   2.843  a=67.1 b=96.6 gap=25.0 (face=21.9mm) n=[158, 587, 758, 757, 498, 208, 295]  tape=1.896km B=9.31T unif=0.912% hoop=398MPa
  [ 123] INFEAS f=6909.709  a=83.2 b=76.0 gap=41.1 (face=54.1mm) n=[258, 889, 882, 724, 882, 358, 555]  no evaluation (geometry pre-check)
  [ 124] INFEAS f=1365.902  a=88.2 b=90.2 gap=39.9 (face=51.9mm) n=[751, 573, 866, 655, 472, 847, 536]  no evaluation (geometry pre-check)
  [ 125] viol   f=   9.068  a=67.6 b=88.1 gap=23.6 (face=19.2mm) n=[833, 868, 694, 381, 877, 256, 750]  tape=2.506km B=12.72T unif=1.181% hoop=400MPa
  [ 126] INFEAS f=4415.688  a=77.9 b=73.6 gap=31.7 (face=35.4mm) n=[338, 887, 523, 571, 64, 426, 509]  no evaluation (geometry pre-check)
  [ 127] viol   f=  13.582  a=62.8 b=86.7 gap=44.6 (face=61.1mm) n=[330, 498, 602, 549, 576, 420, 476]  tape=1.768km B=7.57T unif=0.244% hoop=366MPa
  [ 128] viol   f=  16.270  a=94.1 b=108.2 gap=30.0 (face=32.0mm) n=[570, 445, 846, 899, 261, 555, 286]  tape=2.728km B=7.40T unif=0.780% hoop=400MPa
  [ 129] INFEAS f=4590.159  a=31.0 b=86.9 gap=43.2 (face=58.4mm) n=[837, 822, 657, 632, 897, 83, 582]  no evaluation (geometry pre-check)
  [ 130] viol   f=   8.733  a=71.3 b=84.8 gap=37.7 (face=47.3mm) n=[452, 797, 446, 416, 141, 895, 604]  tape=2.110km B=8.18T unif=0.245% hoop=400MPa
  [ 131] viol   f=  27.662  a=89.4 b=100.5 gap=16.5 (face=5.0mm) n=[432, 422, 854, 770, 857, 359, 442]  tape=2.696km B=7.68T unif=1.266% hoop=400MPa
  [ 132] INFEAS f=8685.351  a=63.7 b=54.8 gap=27.2 (face=26.3mm) n=[784, 880, 891, 514, 314, 697, 666]  no evaluation (geometry pre-check)
  [ 133] INFEAS f=1730.021  a=85.5 b=86.2 gap=20.5 (face=12.9mm) n=[464, 765, 677, 306, 640, 301, 858]  no evaluation (geometry pre-check)
  [ 134] viol   f=   2.012  a=58.3 b=79.4 gap=28.6 (face=29.3mm) n=[117, 558, 772, 447, 460, 595, 900]  tape=1.963km B=9.84T unif=0.373% hoop=400MPa
  [ 135] INFEAS f=2167.423  a=61.2 b=60.7 gap=27.1 (face=26.2mm) n=[900, 899, 867, 459, 146, 71, 368]  no evaluation (geometry pre-check)
  [ 136] viol   f=   3.548  a=75.1 b=99.4 gap=28.5 (face=28.9mm) n=[293, 761, 512, 783, 831, 205, 372]  tape=2.305km B=9.21T unif=0.768% hoop=400MPa
  [ 137] OK     f=   1.926  a=60.3 b=72.5 gap=35.6 (face=43.2mm) n=[331, 714, 589, 714, 452, 514, 801]  tape=1.926km B=10.57T unif=0.133% hoop=373MPa
  [ 138] INFEAS f=3900.400  a=77.0 b=73.5 gap=38.4 (face=48.7mm) n=[526, 877, 894, 636, 888, 401, 900]  no evaluation (geometry pre-check)
  [ 139] OK     f=   2.729  a=58.1 b=112.7 gap=38.4 (face=48.9mm) n=[419, 790, 731, 823, 832, 442, 386]  tape=2.729km B=10.26T unif=0.364% hoop=345MPa
  [ 140] viol   f=   4.352  a=63.7 b=79.5 gap=23.7 (face=19.4mm) n=[437, 772, 630, 535, 60, 218, 797]  tape=1.739km B=10.63T unif=1.114% hoop=400MPa
  [ 141] viol   f=   4.479  a=79.0 b=98.3 gap=26.2 (face=24.3mm) n=[228, 756, 845, 650, 401, 205, 724]  tape=2.357km B=8.97T unif=0.933% hoop=400MPa
  [ 142] INFEAS f=24546.244  a=19.8 b=81.8 gap=39.2 (face=50.4mm) n=[491, 551, 837, 567, 329, 287, 554]  no evaluation (geometry pre-check)
  [ 143] OK     f=   2.575  a=47.2 b=100.6 gap=37.2 (face=46.3mm) n=[362, 898, 439, 881, 591, 749, 752]  tape=2.575km B=11.13T unif=0.433% hoop=318MPa
  [ 144] viol   f=   6.585  a=64.5 b=88.6 gap=34.8 (face=41.6mm) n=[655, 681, 440, 297, 328, 203, 741]  tape=1.821km B=8.46T unif=0.516% hoop=356MPa
  [ 145] INFEAS f=2985.324  a=32.3 b=76.0 gap=38.6 (face=49.1mm) n=[235, 506, 554, 799, 678, 895, 653]  no evaluation (geometry pre-check)
  [ 146] viol   f=   6.176  a=42.9 b=92.3 gap=38.9 (face=49.7mm) n=[123, 765, 736, 707, 141, 392, 716]  tape=1.769km B=8.52T unif=0.380% hoop=207MPa
  [ 147] viol   f=   5.688  a=68.4 b=87.3 gap=42.1 (face=56.2mm) n=[73, 810, 837, 726, 662, 287, 414]  tape=2.068km B=8.65T unif=0.094% hoop=349MPa
  [ 148] INFEAS f=1005.956  a=68.2 b=72.8 gap=36.8 (face=45.7mm) n=[139, 302, 672, 699, 167, 589, 652]  no evaluation (geometry pre-check)
  [ 149] viol   f=   3.663  a=70.5 b=95.8 gap=35.8 (face=43.6mm) n=[478, 651, 837, 562, 334, 630, 667]  tape=2.465km B=9.23T unif=0.421% hoop=400MPa
  [ 150] viol   f=   3.640  a=72.0 b=110.8 gap=26.7 (face=25.5mm) n=[638, 843, 341, 900, 186, 383, 568]  tape=2.563km B=9.27T unif=0.713% hoop=400MPa
  [ 151] OK     f=   2.565  a=40.9 b=94.5 gap=24.3 (face=20.5mm) n=[493, 897, 900, 830, 547, 617, 801]  tape=2.565km B=16.98T unif=0.981% hoop=341MPa
  [ 152] OK     f=   2.522  a=61.8 b=92.5 gap=30.5 (face=33.0mm) n=[405, 898, 701, 863, 392, 829, 466]  tape=2.522km B=12.11T unif=0.563% hoop=400MPa
  [ 153] viol   f=  11.440  a=82.0 b=134.0 gap=22.3 (face=16.6mm) n=[468, 656, 398, 895, 403, 687, 821]  tape=3.354km B=7.99T unif=0.538% hoop=400MPa
  [ 154] OK     f=   2.109  a=59.5 b=100.4 gap=24.8 (face=21.7mm) n=[219, 664, 522, 753, 176, 686, 691]  tape=2.109km B=10.26T unif=0.654% hoop=363MPa
  [ 155] OK     f=   2.496  a=50.8 b=108.2 gap=25.1 (face=22.2mm) n=[161, 770, 552, 860, 638, 540, 692]  tape=2.496km B=12.05T unif=0.465% hoop=359MPa
  [ 156] OK     f=   2.071  a=42.6 b=88.0 gap=36.2 (face=44.3mm) n=[492, 883, 818, 734, 297, 340, 580]  tape=2.071km B=10.83T unif=0.519% hoop=258MPa
  [ 157] viol   f=  20.335  a=70.3 b=99.1 gap=35.0 (face=42.0mm) n=[167, 897, 312, 127, 320, 502, 606]  tape=1.859km B=6.96T unif=0.485% hoop=341MPa
  [ 158] viol   f=   4.360  a=79.8 b=107.7 gap=29.1 (face=30.2mm) n=[478, 768, 579, 822, 273, 696, 896]  tape=2.966km B=9.17T unif=0.631% hoop=400MPa
  [ 159] OK     f=   1.714  a=48.7 b=81.2 gap=24.0 (face=20.0mm) n=[363, 495, 535, 745, 353, 377, 691]  tape=1.714km B=11.23T unif=0.727% hoop=360MPa
  [ 160] viol   f=   5.291  a=78.3 b=94.5 gap=35.0 (face=42.0mm) n=[414, 760, 458, 704, 405, 567, 844]  tape=2.513km B=8.82T unif=0.469% hoop=400MPa
  [ 161] OK     f=   1.929  a=40.1 b=80.5 gap=39.0 (face=50.1mm) n=[86, 816, 619, 733, 763, 567, 823]  tape=1.929km B=10.12T unif=0.481% hoop=243MPa
  [ 162] OK     f=   1.986  a=44.3 b=89.7 gap=26.1 (face=24.3mm) n=[69, 657, 878, 578, 653, 456, 569]  tape=1.986km B=11.48T unif=0.631% hoop=311MPa
  [ 163] OK     f=   2.272  a=42.2 b=86.9 gap=25.0 (face=22.1mm) n=[530, 759, 570, 893, 393, 762, 741]  tape=2.272km B=14.71T unif=0.633% hoop=353MPa
  [ 164] OK     f=   2.159  a=37.4 b=95.3 gap=35.4 (face=42.8mm) n=[719, 588, 480, 647, 84, 897, 800]  tape=2.159km B=10.49T unif=0.466% hoop=249MPa
  [ 165] OK     f=   1.930  a=47.9 b=85.8 gap=21.5 (face=15.1mm) n=[266, 778, 777, 888, 441, 249, 405]  tape=1.930km B=13.15T unif=0.905% hoop=340MPa
  [ 166] OK     f=   2.009  a=58.9 b=79.3 gap=26.7 (face=25.4mm) n=[578, 325, 563, 827, 532, 521, 637]  tape=2.009km B=10.81T unif=0.716% hoop=400MPa
  [ 167] OK     f=   2.036  a=56.5 b=81.7 gap=32.0 (face=36.1mm) n=[213, 887, 771, 866, 325, 465, 517]  tape=2.036km B=11.23T unif=0.443% hoop=333MPa
  [ 168] OK     f=   2.317  a=58.1 b=101.7 gap=22.4 (face=16.8mm) n=[263, 852, 271, 825, 506, 453, 807]  tape=2.317km B=11.54T unif=0.716% hoop=390MPa
  [ 169] OK     f=   1.708  a=44.3 b=88.0 gap=27.3 (face=26.5mm) n=[591, 258, 706, 803, 88, 313, 682]  tape=1.708km B=10.72T unif=0.624% hoop=254MPa
  [ 170] viol   f= 560.110  a=45.3 b=53.7 gap=31.4 (face=34.9mm) n=[469, 893, 897, 771, 102, 161, 506]  tape=1.374km B=12.03T unif=2.671% hoop=235MPa
  [ 171] viol   f=  13.303  a=66.8 b=92.6 gap=18.1 (face=8.2mm) n=[294, 440, 637, 462, 383, 401, 519]  tape=1.763km B=8.45T unif=1.183% hoop=400MPa
  [ 172] OK     f=   1.763  a=51.5 b=73.2 gap=31.7 (face=35.4mm) n=[521, 684, 678, 880, 329, 260, 378]  tape=1.763km B=10.72T unif=0.419% hoop=321MPa
  [ 173] OK     f=   1.926  a=38.0 b=101.7 gap=24.7 (face=21.4mm) n=[223, 788, 553, 696, 150, 512, 677]  tape=1.926km B=11.70T unif=0.568% hoop=253MPa
  [ 174] viol   f=   9.705  a=69.6 b=94.5 gap=36.5 (face=44.9mm) n=[147, 125, 710, 650, 330, 816, 855]  tape=2.101km B=8.05T unif=0.142% hoop=350MPa
  [ 175] viol   f=   3.961  a=46.8 b=73.7 gap=39.0 (face=49.9mm) n=[191, 598, 800, 786, 64, 506, 720]  tape=1.590km B=8.91T unif=0.684% hoop=230MPa
  [ 176] INFEAS f=6740.306  a=28.4 b=107.0 gap=29.4 (face=30.7mm) n=[402, 585, 868, 564, 353, 89, 503]  no evaluation (geometry pre-check)
  [ 177] INFEAS f=45752.708  a=16.0 b=77.4 gap=33.8 (face=39.7mm) n=[483, 434, 881, 747, 291, 573, 379]  no evaluation (geometry pre-check)
  [ 178] OK     f=   1.767  a=37.9 b=93.5 gap=27.5 (face=27.1mm) n=[211, 733, 591, 861, 279, 241, 467]  tape=1.767km B=10.37T unif=0.695% hoop=240MPa
  [ 179] viol   f=   2.068  a=39.1 b=105.3 gap=29.9 (face=31.9mm) n=[338, 126, 836, 633, 599, 405, 635]  tape=2.019km B=9.84T unif=0.534% hoop=258MPa
  [ 180] viol   f=   2.205  a=45.6 b=90.3 gap=32.4 (face=36.7mm) n=[220, 144, 820, 868, 487, 498, 580]  tape=1.877km B=9.60T unif=0.480% hoop=326MPa
  [ 181] viol   f=   2.259  a=46.1 b=100.2 gap=34.3 (face=40.6mm) n=[566, 446, 898, 569, 285, 419, 777]  tape=2.251km B=9.94T unif=0.473% hoop=307MPa
  [ 182] viol   f=   3.255  a=57.6 b=78.4 gap=35.6 (face=43.3mm) n=[376, 685, 835, 884, 195, 116, 315]  tape=1.698km B=9.12T unif=0.176% hoop=276MPa
  [ 183] viol   f=   2.141  a=37.3 b=89.8 gap=31.3 (face=34.6mm) n=[125, 485, 727, 644, 463, 391, 562]  tape=1.649km B=9.50T unif=0.614% hoop=228MPa
  [ 184] OK     f=   2.189  a=46.5 b=97.0 gap=20.9 (face=13.8mm) n=[515, 707, 880, 801, 340, 200, 569]  tape=2.189km B=13.66T unif=0.619% hoop=369MPa
  [ 185] OK     f=   1.954  a=56.5 b=91.1 gap=20.4 (face=12.7mm) n=[58, 555, 816, 838, 304, 343, 751]  tape=1.954km B=11.71T unif=0.949% hoop=364MPa
  [ 186] viol   f=   5.767  a=46.9 b=120.6 gap=33.2 (face=38.5mm) n=[151, 763, 472, 900, 575, 146, 465]  tape=2.263km B=8.68T unif=0.387% hoop=281MPa
  [ 187] viol   f=   2.242  a=49.9 b=90.9 gap=34.3 (face=40.5mm) n=[285, 536, 814, 861, 118, 346, 805]  tape=1.960km B=9.62T unif=0.395% hoop=269MPa
  [ 188] INFEAS f=2426.451  a=29.9 b=77.6 gap=19.2 (face=10.4mm) n=[476, 700, 812, 668, 182, 275, 243]  no evaluation (geometry pre-check)
  [ 189] OK     f=   2.008  a=52.2 b=73.9 gap=37.0 (face=45.9mm) n=[570, 229, 898, 691, 632, 630, 626]  tape=2.008km B=10.77T unif=0.275% hoop=400MPa
  [ 190] OK     f=   1.813  a=51.1 b=59.0 gap=27.4 (face=26.9mm) n=[430, 897, 680, 785, 745, 718, 309]  tape=1.813km B=15.17T unif=0.447% hoop=348MPa
  [ 191] OK     f=   1.724  a=53.2 b=63.0 gap=29.6 (face=31.2mm) n=[175, 726, 376, 888, 790, 488, 622]  tape=1.724km B=11.93T unif=0.450% hoop=309MPa
  [ 192] viol   f=   2.085  a=42.2 b=108.1 gap=31.2 (face=34.4mm) n=[201, 673, 577, 681, 404, 469, 502]  tape=1.963km B=9.75T unif=0.482% hoop=254MPa
  [ 193] OK     f=   2.079  a=60.5 b=80.9 gap=27.4 (face=26.8mm) n=[753, 208, 714, 628, 684, 587, 735]  tape=2.079km B=12.69T unif=0.807% hoop=399MPa
  [ 194] OK     f=   1.616  a=50.4 b=58.6 gap=25.5 (face=22.9mm) n=[117, 793, 430, 843, 774, 707, 551]  tape=1.616km B=14.09T unif=0.370% hoop=302MPa
  [ 195] INFEAS f=1002.588  a=63.4 b=68.2 gap=29.7 (face=31.4mm) n=[96, 899, 809, 884, 789, 269, 441]  no evaluation (geometry pre-check)
  [ 196] INFEAS f=3794.549  a=31.4 b=86.3 gap=37.6 (face=47.3mm) n=[457, 478, 770, 891, 536, 456, 267]  no evaluation (geometry pre-check)
  [ 197] OK     f=   1.731  a=40.8 b=80.2 gap=24.7 (face=21.5mm) n=[280, 546, 743, 900, 546, 447, 152]  tape=1.731km B=12.03T unif=0.757% hoop=303MPa
  [ 198] OK     f=   1.313  a=36.8 b=54.4 gap=22.7 (face=17.5mm) n=[115, 850, 586, 536, 576, 709, 326]  tape=1.313km B=14.20T unif=0.339% hoop=255MPa
  [ 199] OK     f=   2.229  a=42.1 b=73.0 gap=28.1 (face=28.2mm) n=[619, 900, 733, 858, 743, 801, 675]  tape=2.229km B=16.89T unif=0.613% hoop=330MPa
  [ 200] INFEAS f=3478.168  a=30.6 b=70.3 gap=23.9 (face=19.7mm) n=[189, 606, 563, 861, 494, 480, 574]  no evaluation (geometry pre-check)
  [ 201] INFEAS f=1606.219  a=43.0 b=44.1 gap=28.1 (face=28.2mm) n=[162, 732, 379, 735, 863, 737, 363]  no evaluation (geometry pre-check)
  [ 202] INFEAS f=4008.121  a=47.8 b=44.2 gap=18.8 (face=9.6mm) n=[173, 832, 727, 886, 581, 900, 420]  no evaluation (geometry pre-check)
  [ 203] INFEAS f=3291.236  a=54.8 b=52.2 gap=28.8 (face=29.5mm) n=[83, 671, 776, 814, 690, 691, 511]  no evaluation (geometry pre-check)
  [ 204] INFEAS f=26881.625  a=51.0 b=30.5 gap=16.7 (face=5.5mm) n=[253, 885, 639, 356, 857, 441, 690]  no evaluation (geometry pre-check)
  [ 205] OK     f=   2.233  a=46.6 b=99.5 gap=24.8 (face=21.7mm) n=[320, 727, 898, 815, 535, 289, 400]  tape=2.233km B=12.60T unif=0.687% hoop=338MPa
  [ 206] viol   f=   2.515  a=70.3 b=86.5 gap=32.8 (face=37.5mm) n=[325, 630, 762, 634, 593, 661, 431]  tape=2.189km B=9.60T unif=0.531% hoop=400MPa
  [ 207] OK     f=   1.699  a=39.8 b=68.3 gap=23.5 (face=18.9mm) n=[134, 359, 896, 677, 737, 810, 520]  tape=1.699km B=13.87T unif=0.598% hoop=271MPa
  [ 208] INFEAS f=1611.085  a=36.0 b=37.1 gap=18.9 (face=9.9mm) n=[66, 178, 859, 753, 376, 430, 509]  no evaluation (geometry pre-check)
  [ 209] OK     f=   1.886  a=43.9 b=73.7 gap=21.8 (face=15.6mm) n=[227, 649, 509, 898, 677, 700, 516]  tape=1.886km B=14.16T unif=0.809% hoop=342MPa
  [ 210] INFEAS f=1297.043  a=34.8 b=56.2 gap=23.6 (face=19.3mm) n=[451, 568, 542, 892, 833, 683, 58]  no evaluation (geometry pre-check)
  [ 211] OK     f=   1.800  a=39.8 b=72.6 gap=26.7 (face=25.5mm) n=[56, 570, 887, 787, 650, 835, 507]  tape=1.800km B=13.34T unif=0.545% hoop=263MPa
  [ 212] OK     f=   2.303  a=49.2 b=81.3 gap=22.8 (face=17.6mm) n=[253, 742, 839, 870, 875, 721, 675]  tape=2.303km B=16.75T unif=0.741% hoop=374MPa
  [ 213] INFEAS f=4372.667  a=70.1 b=65.9 gap=34.6 (face=41.2mm) n=[166, 450, 630, 810, 888, 520, 886]  no evaluation (geometry pre-check)
  [ 214] OK     f=   2.158  a=37.6 b=93.3 gap=30.5 (face=33.0mm) n=[437, 386, 896, 742, 529, 552, 609]  tape=2.158km B=11.40T unif=0.504% hoop=283MPa
  [ 215] viol   f=   3.521  a=62.8 b=93.1 gap=18.1 (face=8.1mm) n=[73, 818, 562, 827, 613, 896, 243]  tape=2.245km B=11.70T unif=1.080% hoop=400MPa
  [ 216] viol   f=1643.430  a=39.9 b=52.0 gap=34.1 (face=40.1mm) n=[149, 744, 858, 894, 874, 833, 735]  tape=1.625km B=13.17T unif=3.865% hoop=242MPa
  [ 217] INFEAS f=5603.780  a=30.1 b=71.0 gap=19.1 (face=10.2mm) n=[123, 345, 894, 883, 586, 704, 541]  no evaluation (geometry pre-check)
  [ 218] INFEAS f=2669.429  a=31.9 b=80.1 gap=31.2 (face=34.4mm) n=[99, 365, 578, 772, 787, 875, 608]  no evaluation (geometry pre-check)
  [ 219] viol   f=   1.894  a=46.9 b=91.8 gap=27.8 (face=27.6mm) n=[291, 303, 548, 500, 797, 728, 415]  tape=1.884km B=9.93T unif=0.473% hoop=318MPa
  [ 220] OK     f=   1.597  a=42.7 b=61.2 gap=28.4 (face=28.7mm) n=[365, 626, 627, 631, 561, 773, 660]  tape=1.597km B=13.38T unif=0.150% hoop=290MPa
  [ 221] viol   f=  29.968  a=36.3 b=73.0 gap=24.8 (face=21.6mm) n=[791, 124, 671, 498, 219, 653, 623]  tape=1.489km B=12.96T unif=1.377% hoop=228MPa
  [ 222] viol   f=   1.861  a=44.7 b=83.6 gap=25.7 (face=23.4mm) n=[309, 321, 539, 872, 178, 329, 694]  tape=1.640km B=9.67T unif=0.609% hoop=339MPa
  [ 223] INFEAS f=2289.382  a=33.1 b=62.2 gap=37.3 (face=46.5mm) n=[514, 892, 860, 893, 821, 761, 378]  no evaluation (geometry pre-check)
  [ 224] OK     f=   2.162  a=50.7 b=94.7 gap=30.3 (face=32.6mm) n=[183, 287, 791, 804, 576, 702, 802]  tape=2.162km B=10.94T unif=0.468% hoop=301MPa
  [ 225] OK     f=   2.090  a=49.5 b=83.9 gap=20.7 (face=13.4mm) n=[165, 607, 893, 826, 681, 273, 841]  tape=2.090km B=14.46T unif=0.920% hoop=357MPa
  [ 226] INFEAS f=5130.784  a=28.5 b=70.7 gap=26.4 (face=24.8mm) n=[338, 383, 819, 831, 630, 843, 377]  no evaluation (geometry pre-check)
  [ 227] INFEAS f=1019.274  a=36.2 b=53.0 gap=28.5 (face=28.9mm) n=[283, 472, 897, 822, 695, 771, 402]  no evaluation (geometry pre-check)
  [ 228] OK     f=   2.172  a=59.9 b=93.1 gap=24.3 (face=20.6mm) n=[384, 632, 294, 900, 604, 880, 171]  tape=2.172km B=11.09T unif=0.702% hoop=392MPa
  [ 229] INFEAS f=1212.562  a=28.5 b=73.8 gap=29.3 (face=30.7mm) n=[203, 347, 539, 391, 691, 717, 470]  no evaluation (geometry pre-check)
  [ 230] viol   f= 228.366  a=43.2 b=55.2 gap=35.7 (face=43.4mm) n=[432, 632, 628, 544, 448, 438, 571]  tape=1.260km B=10.44T unif=2.066% hoop=274MPa
  [ 231] OK     f=   1.963  a=43.7 b=86.5 gap=29.4 (face=30.8mm) n=[275, 266, 765, 656, 489, 525, 900]  tape=1.963km B=10.40T unif=0.456% hoop=301MPa
  [ 232] OK     f=   1.823  a=46.0 b=86.4 gap=25.0 (face=22.1mm) n=[204, 285, 638, 836, 684, 309, 677]  tape=1.823km B=10.95T unif=0.672% hoop=277MPa
  [ 233] OK     f=   2.025  a=45.9 b=70.6 gap=24.7 (face=21.5mm) n=[308, 723, 887, 677, 560, 750, 874]  tape=2.025km B=15.79T unif=0.552% hoop=350MPa
  [ 234] INFEAS f=16037.829  a=24.1 b=79.5 gap=19.2 (face=10.3mm) n=[235, 319, 742, 873, 263, 227, 779]  no evaluation (geometry pre-check)
  [ 235] OK     f=   1.609  a=45.9 b=74.6 gap=17.4 (face=6.9mm) n=[50, 533, 393, 900, 190, 643, 802]  tape=1.609km B=12.01T unif=0.713% hoop=316MPa
  [ 236] OK     f=   1.842  a=49.8 b=78.6 gap=26.2 (face=24.3mm) n=[313, 899, 649, 661, 198, 305, 772]  tape=1.842km B=11.92T unif=0.722% hoop=342MPa
  [ 237] OK     f=   1.796  a=39.2 b=88.2 gap=17.0 (face=6.0mm) n=[176, 261, 772, 900, 717, 179, 614]  tape=1.796km B=13.55T unif=0.773% hoop=274MPa
  [ 238] OK     f=   1.722  a=47.8 b=72.3 gap=27.0 (face=25.9mm) n=[142, 405, 876, 323, 612, 578, 888]  tape=1.722km B=11.13T unif=0.361% hoop=290MPa
  [ 239] viol   f=   2.749  a=54.0 b=80.6 gap=33.1 (face=38.2mm) n=[415, 378, 717, 791, 290, 586, 241]  tape=1.703km B=9.28T unif=0.403% hoop=325MPa
  [ 240] viol   f=   1.584  a=50.9 b=87.1 gap=23.3 (face=18.5mm) n=[167, 285, 626, 693, 386, 311, 688]  tape=1.581km B=9.96T unif=0.724% hoop=308MPa
  [ 241] viol   f= 153.383  a=36.4 b=53.8 gap=32.2 (face=36.4mm) n=[163, 802, 326, 729, 446, 71, 548]  tape=1.076km B=9.47T unif=1.871% hoop=198MPa
  [ 242] OK     f=   2.185  a=50.1 b=81.4 gap=23.2 (face=18.4mm) n=[278, 765, 828, 873, 519, 588, 714]  tape=2.185km B=14.96T unif=0.835% hoop=369MPa
  [ 243] viol   f=   8.290  a=43.9 b=83.0 gap=22.5 (face=17.0mm) n=[228, 67, 482, 870, 354, 85, 487]  tape=1.306km B=8.13T unif=0.857% hoop=253MPa
  [ 244] OK     f=   2.138  a=57.4 b=85.6 gap=21.6 (face=15.2mm) n=[354, 597, 637, 884, 553, 227, 811]  tape=2.138km B=11.77T unif=0.870% hoop=400MPa
  [ 245] viol   f=   6.913  a=41.1 b=66.0 gap=24.3 (face=20.5mm) n=[104, 292, 431, 525, 459, 78, 897]  tape=1.213km B=8.31T unif=0.347% hoop=266MPa
  [ 246] OK     f=   1.735  a=38.8 b=86.4 gap=22.0 (face=16.0mm) n=[183, 319, 645, 784, 132, 714, 853]  tape=1.735km B=11.79T unif=0.646% hoop=257MPa
  [ 247] viol   f=   3.245  a=46.0 b=78.1 gap=19.7 (face=11.5mm) n=[96, 524, 342, 685, 149, 107, 780]  tape=1.257km B=9.00T unif=0.770% hoop=255MPa
  [ 248] viol   f=  25.090  a=65.9 b=76.5 gap=18.0 (face=7.9mm) n=[509, 445, 711, 770, 508, 799, 748]  tape=2.185km B=12.52T unif=1.338% hoop=400MPa
  [ 249] OK     f=   2.084  a=53.5 b=84.5 gap=19.3 (face=10.6mm) n=[618, 376, 757, 889, 219, 372, 887]  tape=2.084km B=13.47T unif=0.970% hoop=400MPa
  [ 250] viol   f= 119.497  a=35.4 b=58.0 gap=39.7 (face=51.4mm) n=[338, 284, 534, 748, 553, 476, 667]  tape=1.286km B=8.35T unif=1.751% hoop=209MPa
  [ 251] OK     f=   1.875  a=40.1 b=89.1 gap=31.5 (face=35.1mm) n=[161, 529, 559, 814, 440, 589, 680]  tape=1.875km B=10.22T unif=0.516% hoop=271MPa
  [ 252] OK     f=   1.736  a=37.8 b=80.4 gap=22.9 (face=17.9mm) n=[230, 610, 506, 892, 221, 422, 857]  tape=1.736km B=12.12T unif=0.691% hoop=289MPa
  [ 253] OK     f=   2.296  a=44.6 b=96.8 gap=24.7 (face=21.4mm) n=[288, 479, 796, 794, 220, 898, 880]  tape=2.296km B=12.98T unif=0.639% hoop=317MPa
  [ 254] OK     f=   1.568  a=34.8 b=92.1 gap=19.2 (face=10.5mm) n=[610, 451, 541, 612, 80, 361, 656]  tape=1.568km B=13.30T unif=0.507% hoop=260MPa
  [ 255] OK     f=   2.365  a=50.3 b=91.5 gap=20.3 (face=12.7mm) n=[452, 644, 778, 772, 467, 532, 866]  tape=2.365km B=14.07T unif=0.776% hoop=400MPa
  [ 256] OK     f=   2.158  a=66.3 b=72.5 gap=30.9 (face=33.7mm) n=[275, 592, 769, 570, 567, 767, 883]  tape=2.158km B=10.35T unif=0.167% hoop=400MPa
  [ 257] viol   f=   1.424  a=40.4 b=94.6 gap=20.9 (face=13.9mm) n=[686, 307, 373, 497, 176, 84, 603]  tape=1.405km B=9.90T unif=0.569% hoop=268MPa
  [ 258] INFEAS f=3634.604  a=31.4 b=95.8 gap=21.0 (face=14.0mm) n=[389, 286, 888, 620, 634, 468, 577]  no evaluation (geometry pre-check)
  [ 259] viol   f=   2.569  a=54.3 b=83.9 gap=20.0 (face=11.9mm) n=[304, 584, 850, 825, 192, 409, 717]  tape=1.959km B=12.94T unif=1.055% hoop=383MPa
  [ 260] OK     f=   2.443  a=51.1 b=106.7 gap=24.7 (face=21.4mm) n=[435, 407, 762, 618, 514, 404, 895]  tape=2.443km B=10.98T unif=0.516% hoop=400MPa
  [ 261] viol   f=  17.464  a=40.6 b=96.7 gap=20.2 (face=12.4mm) n=[320, 81, 218, 685, 64, 139, 898]  tape=1.319km B=7.16T unif=0.534% hoop=215MPa
  [ 262] viol   f=   1.856  a=32.1 b=88.4 gap=23.2 (face=18.4mm) n=[413, 533, 200, 722, 99, 149, 590]  tape=1.286km B=9.47T unif=0.691% hoop=198MPa
  [ 263] OK     f=   1.357  a=47.0 b=66.8 gap=24.7 (face=21.4mm) n=[762, 84, 745, 461, 81, 535, 678]  tape=1.357km B=12.09T unif=0.984% hoop=263MPa
  [ 264] OK     f=   2.016  a=39.0 b=76.4 gap=28.1 (face=28.2mm) n=[623, 577, 815, 878, 382, 626, 696]  tape=2.016km B=14.25T unif=0.697% hoop=289MPa
  [ 265] OK     f=   1.709  a=48.2 b=95.5 gap=16.3 (face=4.6mm) n=[666, 257, 840, 611, 255, 147, 304]  tape=1.709km B=10.99T unif=0.926% hoop=347MPa
  [ 266] viol   f=   6.909  a=47.9 b=84.8 gap=18.8 (face=9.7mm) n=[482, 146, 159, 644, 284, 83, 689]  tape=1.224km B=8.31T unif=0.852% hoop=254MPa
  [ 267] INFEAS f=20947.597  a=22.8 b=90.3 gap=23.0 (face=17.9mm) n=[514, 93, 550, 787, 190, 261, 884]  no evaluation (geometry pre-check)
  [ 268] OK     f=   1.677  a=38.3 b=76.6 gap=22.7 (face=17.3mm) n=[427, 354, 613, 827, 311, 268, 888]  tape=1.677km B=11.64T unif=0.814% hoop=279MPa
  [ 269] viol   f=   2.143  a=49.5 b=80.6 gap=20.9 (face=13.9mm) n=[900, 172, 570, 350, 402, 243, 785]  tape=1.716km B=11.59T unif=1.046% hoop=352MPa
  [ 270] OK     f=   1.164  a=35.0 b=73.5 gap=16.6 (face=5.2mm) n=[437, 223, 468, 673, 290, 146, 517]  tape=1.164km B=11.15T unif=0.952% hoop=257MPa
  [ 271] INFEAS f=1307.835  a=49.8 b=52.1 gap=18.9 (face=9.8mm) n=[402, 189, 362, 389, 59, 381, 802]  no evaluation (geometry pre-check)
  [ 272] OK     f=   1.583  a=45.6 b=62.9 gap=24.9 (face=21.8mm) n=[183, 722, 803, 876, 442, 460, 390]  tape=1.583km B=13.58T unif=0.431% hoop=357MPa
  [ 273] INFEAS f=1542.859  a=40.3 b=41.6 gap=22.4 (face=16.9mm) n=[533, 400, 621, 559, 340, 172, 575]  no evaluation (geometry pre-check)
  [ 274] INFEAS f=2595.985  a=32.5 b=75.7 gap=15.8 (face=3.7mm) n=[887, 491, 600, 342, 99, 102, 421]  no evaluation (geometry pre-check)
  [ 275] OK     f=   1.607  a=42.3 b=73.8 gap=17.1 (face=6.3mm) n=[839, 190, 73, 851, 344, 791, 698]  tape=1.607km B=14.86T unif=0.935% hoop=270MPa
  [ 276] viol   f=   6.107  a=43.0 b=83.2 gap=21.9 (face=15.7mm) n=[343, 292, 103, 453, 285, 478, 615]  tape=1.218km B=8.44T unif=0.683% hoop=265MPa
  [ 277] viol   f=  10.266  a=50.8 b=78.6 gap=23.1 (face=18.2mm) n=[429, 93, 632, 325, 154, 138, 675]  tape=1.160km B=7.87T unif=0.839% hoop=248MPa
  [ 278] viol   f=  18.323  a=23.8 b=75.8 gap=16.6 (face=5.3mm) n=[179, 195, 205, 227, 191, 471, 219]  tape=0.680km B=7.03T unif=0.530% hoop=172MPa
  [ 279] INFEAS f=28702.603  a=15.0 b=56.5 gap=30.1 (face=32.2mm) n=[383, 414, 503, 426, 50, 693, 742]  no evaluation (geometry pre-check)
  [ 280] OK     f=   1.436  a=41.5 b=80.3 gap=20.5 (face=13.0mm) n=[174, 483, 414, 740, 307, 186, 771]  tape=1.436km B=10.39T unif=0.770% hoop=290MPa
  [ 281] OK     f=   1.832  a=56.5 b=80.9 gap=22.4 (face=16.7mm) n=[507, 120, 674, 876, 138, 526, 819]  tape=1.832km B=11.38T unif=0.799% hoop=358MPa
  [ 282] OK     f=   1.974  a=43.9 b=91.6 gap=19.2 (face=10.4mm) n=[60, 514, 700, 887, 344, 622, 662]  tape=1.974km B=12.32T unif=0.733% hoop=309MPa  [a=37 b=65 nt=3997] KSP converged reason: 4, iterations: 1
  [a=42 b=86 nt=3306] KSP converged reason: 4, iterations: 1
  [a=64 b=90 nt=3587] KSP converged reason: 4, iterations: 1
  [a=50 b=88 nt=2651] KSP converged reason: 4, iterations: 1
  [a=56 b=86 nt=3935] KSP converged reason: 4, iterations: 1
  [a=78 b=84 nt=4297] KSP converged reason: 4, iterations: 1
  [a=75 b=116 nt=4037] KSP converged reason: 4, iterations: 1
  [a=54 b=91 nt=3728] KSP converged reason: 4, iterations: 1
  [a=53 b=80 nt=4707] KSP converged reason: 4, iterations: 1
  [a=59 b=66 nt=4293] KSP converged reason: 4, iterations: 1
  [a=36 b=94 nt=4353] KSP converged reason: 4, iterations: 1
  [a=53 b=98 nt=3907] KSP converged reason: 4, iterations: 1
  [a=81 b=104 nt=4330] KSP converged reason: 4, iterations: 1
  [a=58 b=113 nt=4423] KSP converged reason: 4, iterations: 1
  [a=43 b=92 nt=3580] KSP converged reason: 4, iterations: 1
  [a=41 b=95 nt=5085] KSP converged reason: 4, iterations: 1
  [a=40 b=80 nt=4407] KSP converged reason: 4, iterations: 1
  [a=67 b=93 nt=3136] KSP converged reason: 4, iterations: 1
  [a=47 b=97 nt=4012] KSP converged reason: 4, iterations: 1
  [a=42 b=108 nt=3507] KSP converged reason: 4, iterations: 1
  [a=47 b=100 nt=3984] KSP converged reason: 4, iterations: 1
  [a=63 b=93 nt=4032] KSP converged reason: 4, iterations: 1
  [a=43 b=55 nt=3693] KSP converged reason: 4, iterations: 1
  [a=46 b=75 nt=3511] KSP converged reason: 4, iterations: 1
  [a=48 b=72 nt=3824] KSP converged reason: 4, iterations: 1
  [a=57 b=86 nt=4063] KSP converged reason: 4, iterations: 1
  [a=40 b=89 nt=3772] KSP converged reason: 4, iterations: 1
  [a=54 b=84 nt=3881] KSP converged reason: 4, iterations: 1
  [a=48 b=96 nt=3080] KSP converged reason: 4, iterations: 1
  [a=42 b=80 nt=3075] KSP converged reason: 4, iterations: 1
  [a=39 b=75 nt=3016] KSP converged reason: 4, iterations: 1
  [a=65 b=101 nt=3025] KSP converged reason: 4, iterations: 1
  [a=33 b=71 nt=3902] KSP converged reason: 4, iterations: 1
  [a=47 b=87 nt=3689] KSP converged reason: 4, iterations: 1
  [a=55 b=68 nt=3587] KSP converged reason: 4, iterations: 1
  [a=55 b=99 nt=3109] KSP converged reason: 4, iterations: 1
  [a=47 b=84 nt=3639] KSP converged reason: 4, iterations: 1
  [a=62 b=73 nt=3897] KSP converged reason: 4, iterations: 1
  [a=51 b=116 nt=3643] KSP converged reason: 4, iterations: 1
  [a=81 b=93 nt=3664] KSP converged reason: 4, iterations: 1
  [a=55 b=75 nt=4074] KSP converged reason: 4, iterations: 1
  [a=86 b=128 nt=4075] KSP converged reason: 4, iterations: 1
  [a=56 b=93 nt=4088] KSP converged reason: 4, iterations: 1
  [a=65 b=94 nt=3635] KSP converged reason: 4, iterations: 1
  [a=75 b=83 nt=4746] KSP converged reason: 4, iterations: 1
  [a=47 b=85 nt=3763] KSP converged reason: 4, iterations: 1
  [a=41 b=67 nt=2654] KSP converged reason: 4, iterations: 1
  [a=77 b=96 nt=4487] KSP converged reason: 4, iterations: 1
  [a=68 b=88 nt=4659] KSP converged reason: 4, iterations: 1
  [a=60 b=72 nt=4115] KSP converged reason: 4, iterations: 1
  [a=71 b=96 nt=4159] KSP converged reason: 4, iterations: 1
  [a=60 b=100 nt=3711] KSP converged reason: 4, iterations: 1
  [a=80 b=108 nt=4512] KSP converged reason: 4, iterations: 1
  [a=59 b=79 nt=3983] KSP converged reason: 4, iterations: 1
  [a=44 b=88 nt=3441] KSP converged reason: 4, iterations: 1
  [a=70 b=95 nt=3633] KSP converged reason: 4, iterations: 1
  [a=58 b=78 nt=3406] KSP converged reason: 4, iterations: 1
  [a=50 b=91 nt=3765] KSP converged reason: 4, iterations: 1
  [a=50 b=59 nt=4215] KSP converged reason: 4, iterations: 1
  [a=44 b=74 nt=4176] KSP converged reason: 4, iterations: 1
  [a=38 b=93 nt=4151] KSP converged reason: 4, iterations: 1
  [a=45 b=84 nt=3242] KSP converged reason: 4, iterations: 1
  [a=44 b=86 nt=3876] KSP converged reason: 4, iterations: 1
  [a=50 b=81 nt=4565] KSP converged reason: 4, iterations: 1
  [a=38 b=80 nt=3738] KSP converged reason: 4, iterations: 1
  [a=40 b=95 nt=2726] KSP converged reason: 4, iterations: 1
  [a=39 b=76 nt=4597] KSP converged reason: 4, iterations: 1
  [a=51 b=79 nt=2446] KSP converged reason: 4, iterations: 1
  [a=44 b=92 nt=3789] KSP converged reason: 4, iterations: 1
  [a=37 b=85 nt=3800] KSP converged reason: 4, iterations: 1
  [a=38 b=85 nt=3600] KSP converged reason: 4, iterations: 1
  [a=32 b=39 nt=2392] KSP converged reason: 4, iterations: 1
  [a=51 b=94 nt=3150] KSP converged reason: 4, iterations: 1
  [a=63 b=84 nt=3506] KSP converged reason: 4, iterations: 1
  [a=67 b=89 nt=3861] KSP converged reason: 4, iterations: 1
  [a=66 b=95 nt=3696] KSP converged reason: 4, iterations: 1
  [a=63 b=105 nt=4117] KSP converged reason: 4, iterations: 1
  [a=72 b=111 nt=4156] KSP converged reason: 4, iterations: 1
  [a=60 b=82 nt=3356] KSP converged reason: 4, iterations: 1
  [a=65 b=80 nt=4832] KSP converged reason: 4, iterations: 1
  [a=88 b=109 nt=4357] KSP converged reason: 4, iterations: 1
  [a=65 b=78 nt=4512] KSP converged reason: 4, iterations: 1
  [a=63 b=87 nt=3451] KSP converged reason: 4, iterations: 1
  [a=64 b=80 nt=3449] KSP converged reason: 4, iterations: 1
  [a=79 b=98 nt=3809] KSP converged reason: 4, iterations: 1
  [a=62 b=92 nt=4554] KSP converged reason: 4, iterations: 1
  [a=49 b=81 nt=3559] KSP converged reason: 4, iterations: 1
  [a=37 b=95 nt=4215] KSP converged reason: 4, iterations: 1
  [a=45 b=54 nt=3799] KSP converged reason: 4, iterations: 1
  [a=38 b=102 nt=3599] KSP converged reason: 4, iterations: 1
  [a=37 b=90 nt=3397] KSP converged reason: 4, iterations: 1
  [a=52 b=74 nt=4276] KSP converged reason: 4, iterations: 1
  [a=41 b=80 nt=3614] KSP converged reason: 4, iterations: 1
  [a=49 b=81 nt=4975] KSP converged reason: 4, iterations: 1
  [a=50 b=84 nt=4286] KSP converged reason: 4, iterations: 1
  [a=50 b=79 nt=3797] KSP converged reason: 4, iterations: 1
  [a=36 b=54 nt=3085] KSP converged reason: 4, iterations: 1
  [a=54 b=84 nt=4118] KSP converged reason: 4, iterations: 1
  [a=35 b=92 nt=3311] KSP converged reason: 4, iterations: 1
  [a=51 b=107 nt=4035] KSP converged reason: 4, iterations: 1
  [a=48 b=85 nt=2487] KSP converged reason: 4, iterations: 1
  [a=50 b=81 nt=3422] KSP converged reason: 4, iterations: 1
  [a=42 b=74 nt=3786] KSP converged reason: 4, iterations: 1
  [a=42 b=94 nt=3024] KSP converged reason: 4, iterations: 1
  [a=35 b=81 nt=2273] KSP converged reason: 4, iterations: 1
  [a=50 b=78 nt=2889] KSP converged reason: 4, iterations: 1
  [a=42 b=83 nt=3601] KSP converged reason: 4, iterations: 1
  [a=45 b=66 nt=2993] KSP converged reason: 4, iterations: 1
  [a=45 b=50 nt=3496] KSP converged reason: 4, iterations: 1
  [a=41 b=72 nt=3095] KSP converged reason: 4, iterations: 1
  [a=74 b=105 nt=3971] KSP converged reason: 4, iterations: 1
  [a=92 b=104 nt=3940] KSP converged reason: 4, iterations: 1
  [a=69 b=111 nt=3981] KSP converged reason: 4, iterations: 1
  [a=79 b=131 nt=4104] KSP converged reason: 4, iterations: 1
  [a=63 b=90 nt=4240] KSP converged reason: 4, iterations: 1
  [a=51 b=86 nt=5070] KSP converged reason: 4, iterations: 1
  [a=38 b=95 nt=4219] KSP converged reason: 4, iterations: 1
  [a=67 b=97 nt=3261] KSP converged reason: 4, iterations: 1
  [a=58 b=79 nt=3849] KSP converged reason: 4, iterations: 1
  [a=47 b=101 nt=4672] KSP converged reason: 4, iterations: 1
  [a=51 b=108 nt=4213] KSP converged reason: 4, iterations: 1
  [a=78 b=95 nt=4152] KSP converged reason: 4, iterations: 1
  [a=48 b=86 nt=3804] KSP converged reason: 4, iterations: 1
  [a=56 b=82 nt=4044] KSP converged reason: 4, iterations: 1
  [a=47 b=74 nt=3665] KSP converged reason: 4, iterations: 1
  [a=46 b=90 nt=3617] KSP converged reason: 4, iterations: 1
  [a=56 b=91 nt=3665] KSP converged reason: 4, iterations: 1
  [a=53 b=63 nt=4065] KSP converged reason: 4, iterations: 1
  [a=40 b=73 nt=4292] KSP converged reason: 4, iterations: 1
  [a=36 b=73 nt=3579] KSP converged reason: 4, iterations: 1
  [a=46 b=86 nt=3633] KSP converged reason: 4, iterations: 1
  [a=51 b=87 nt=3156] KSP converged reason: 4, iterations: 1
  [a=39 b=86 nt=3630] KSP converged reason: 4, iterations: 1
  [a=35 b=58 nt=3600] KSP converged reason: 4, iterations: 1
  [a=50 b=91 nt=4511] KSP converged reason: 4, iterations: 1
  [a=47 b=67 nt=3346] KSP converged reason: 4, iterations: 1
  [a=46 b=63 nt=3876] KSP converged reason: 4, iterations: 1
  [a=43 b=72 nt=3331] KSP converged reason: 4, iterations: 1
  [a=46 b=79 nt=3448] KSP converged reason: 4, iterations: 1
  [a=44 b=73 nt=3080] KSP converged reason: 4, iterations: 1
  [a=59 b=68 nt=3427] KSP converged reason: 4, iterations: 1
  [a=74 b=91 nt=2851] KSP converged reason: 4, iterations: 1
  [a=43 b=69 nt=3044] KSP converged reason: 4, iterations: 1
  [a=44 b=77 nt=2736] KSP converged reason: 4, iterations: 1
  [a=51 b=68 nt=3945] KSP converged reason: 4, iterations: 1
  [a=56 b=85 nt=4006] KSP converged reason: 4, iterations: 1
  [a=35 b=69 nt=3613] KSP converged reason: 4, iterations: 1
  [a=47 b=114 nt=3408] KSP converged reason: 4, iterations: 1
  [a=65 b=109 nt=4365] KSP converged reason: 4, iterations: 1
  [a=68 b=92 nt=3998] KSP converged reason: 4, iterations: 1
  [a=51 b=86 nt=4153] KSP converged reason: 4, iterations: 1
  [a=84 b=106 nt=3718] KSP converged reason: 4, iterations: 1
  [a=79 b=87 nt=3858] KSP converged reason: 4, iterations: 1
  [a=61 b=76 nt=4665] KSP converged reason: 4, iterations: 1
  [a=61 b=100 nt=3396] KSP converged reason: 4, iterations: 1
  [a=60 b=97 nt=4752] KSP converged reason: 4, iterations: 1
  [a=71 b=85 nt=3751] KSP converged reason: 4, iterations: 1
  [a=89 b=101 nt=4136] KSP converged reason: 4, iterations: 1
  [a=68 b=87 nt=3809] KSP converged reason: 4, iterations: 1
  [a=82 b=134 nt=4328] KSP converged reason: 4, iterations: 1
  [a=44 b=90 nt=3860] KSP converged reason: 4, iterations: 1
  [a=58 b=102 nt=3977] KSP converged reason: 4, iterations: 1
  [a=38 b=93 nt=3383] KSP converged reason: 4, iterations: 1
  [a=39 b=105 nt=3572] KSP converged reason: 4, iterations: 1
  [a=47 b=121 nt=3472] KSP converged reason: 4, iterations: 1
  [a=51 b=59 nt=4564] KSP converged reason: 4, iterations: 1
  [a=37 b=54 nt=3698] KSP converged reason: 4, iterations: 1
  [a=42 b=73 nt=5329] KSP converged reason: 4, iterations: 1
  [a=70 b=86 nt=4036] KSP converged reason: 4, iterations: 1
  [a=40 b=52 nt=5087] KSP converged reason: 4, iterations: 1
  [a=51 b=95 nt=4145] KSP converged reason: 4, iterations: 1
  [a=39 b=88 nt=3619] KSP converged reason: 4, iterations: 1
  [a=54 b=81 nt=3418] KSP converged reason: 4, iterations: 1
  [a=41 b=66 nt=2786] KSP converged reason: 4, iterations: 1
  [a=46 b=78 nt=2683] KSP converged reason: 4, iterations: 1
  [a=45 b=97 nt=4355] KSP converged reason: 4, iterations: 1
  [a=32 b=88 nt=2706] KSP converged reason: 4, iterations: 1
  [a=35 b=74 nt=2754] KSP converged reason: 4, iterations: 1
  [a=43 b=83 nt=2569] KSP converged reason: 4, iterations: 1
  [a=44 b=69 nt=3667] KSP converged reason: 4, iterations: 1
  [a=40 b=66 nt=3650] KSP converged reason: 4, iterations: 1
  [a=33 b=74 nt=2897] KSP converged reason: 4, iterations: 1
  [a=45 b=87 nt=3969] KSP converged reason: 4, iterations: 1
  [a=42 b=58 nt=2302] KSP converged reason: 4, iterations: 1
  [a=65 b=83 nt=3870] KSP converged reason: 4, iterations: 1
  [a=44 b=101 nt=2398] KSP converged reason: 4, iterations: 1
  [a=78 b=102 nt=3710] KSP converged reason: 4, iterations: 1
  [a=38 b=75 nt=4159] KSP converged reason: 4, iterations: 1
  [a=57 b=108 nt=4473] KSP converged reason: 4, iterations: 1
  [a=69 b=86 nt=4755] KSP converged reason: 4, iterations: 1
  [a=71 b=127 nt=4150] KSP converged reason: 4, iterations: 1
  [a=53 b=74 nt=4287] KSP converged reason: 4, iterations: 1
  [a=43 b=75 nt=4315] KSP converged reason: 4, iterations: 1
  [a=83 b=104 nt=4427] KSP converged reason: 4, iterations: 1
  [a=94 b=108 nt=3862] KSP converged reason: 4, iterations: 1
  [a=75 b=99 nt=3757] KSP converged reason: 4, iterations: 1
  [a=64 b=89 nt=3345] KSP converged reason: 4, iterations: 1
  [a=72 b=111 nt=3859] KSP converged reason: 4, iterations: 1
  [a=43 b=88 nt=4144] KSP converged reason: 4, iterations: 1
  [a=70 b=99 nt=2931] KSP converged reason: 4, iterations: 1
  [a=42 b=87 nt=4648] KSP converged reason: 4, iterations: 1
  [a=51 b=73 nt=3730] KSP converged reason: 4, iterations: 1
  [a=46 b=100 nt=3960] KSP converged reason: 4, iterations: 1
  [a=61 b=81 nt=4309] KSP converged reason: 4, iterations: 1
  [a=40 b=68 nt=4133] KSP converged reason: 4, iterations: 1
  [a=47 b=92 nt=3582] KSP converged reason: 4, iterations: 1
  [a=43 b=61 nt=4243] KSP converged reason: 4, iterations: 1
  [a=60 b=93 nt=3865] KSP converged reason: 4, iterations: 1
  [a=46 b=71 nt=4779] KSP converged reason: 4, iterations: 1
  [a=44 b=83 nt=2573] KSP converged reason: 4, iterations: 1
  [a=66 b=76 nt=4490] KSP converged reason: 4, iterations: 1
  [a=66 b=72 nt=4423] KSP converged reason: 4, iterations: 1
  [a=41 b=97 nt=2405] KSP converged reason: 4, iterations: 1
  [a=38 b=77 nt=3688] KSP converged reason: 4, iterations: 1
  [a=24 b=76 nt=1687] KSP converged reason: 4, iterations: 1
  [a=56 b=81 nt=3660] KSP converged reason: 4, iterations: 1
  [a=48 b=102 nt=3504] KSP converged reason: 4, iterations: 1
  [a=43 b=54 nt=4705] KSP converged reason: 4, iterations: 1

  [ 283] viol   f=   1.891  a=39.1 b=75.0 gap=24.1 (face=20.2mm) n=[174, 421, 336, 890, 372, 147, 676]  tape=1.399km B=9.50T unif=0.730% hoop=275MPa
  [ 284] viol   f=  33.387  a=44.1 b=68.9 gap=19.8 (face=11.7mm) n=[898, 366, 866, 499, 51, 104, 883]  tape=1.512km B=14.53T unif=1.399% hoop=293MPa
  [ 285] OK     f=   1.581  a=42.3 b=94.0 gap=18.2 (face=8.5mm) n=[269, 507, 644, 786, 157, 80, 581]  tape=1.581km B=10.78T unif=0.687% hoop=289MPa
  [ 286] viol   f=   1.461  a=43.1 b=72.3 gap=30.6 (face=33.3mm) n=[396, 613, 597, 771, 158, 237, 559]  tape=1.453km B=9.94T unif=0.421% hoop=244MPa
  [ 287] INFEAS f=4548.919  a=29.2 b=82.2 gap=17.3 (face=6.7mm) n=[339, 207, 850, 841, 296, 624, 836]  no evaluation (geometry pre-check)
  [ 288] viol   f=   8.790  a=65.2 b=100.7 gap=16.9 (face=5.8mm) n=[433, 217, 501, 898, 197, 168, 611]  tape=1.900km B=8.14T unif=0.929% hoop=400MPa
  [ 289] viol   f=  16.664  a=35.5 b=80.8 gap=22.5 (face=17.0mm) n=[490, 74, 211, 324, 98, 306, 770]  tape=1.074km B=7.21T unif=0.567% hoop=204MPa
  [ 290] OK     f=   1.505  a=39.9 b=65.5 gap=30.0 (face=31.9mm) n=[864, 407, 426, 805, 260, 318, 570]  tape=1.505km B=11.79T unif=0.627% hoop=307MPa
  [ 291] INFEAS f=1347.199  a=33.5 b=55.4 gap=27.2 (face=26.4mm) n=[586, 540, 539, 637, 121, 178, 860]  no evaluation (geometry pre-check)
  [ 292] INFEAS f=8557.104  a=28.1 b=56.8 gap=34.2 (face=40.4mm) n=[865, 378, 564, 730, 105, 271, 889]  no evaluation (geometry pre-check)
  [ 293] OK     f=   1.795  a=37.3 b=84.7 gap=29.4 (face=30.8mm) n=[136, 869, 546, 786, 378, 321, 764]  tape=1.795km B=11.24T unif=0.621% hoop=252MPa
  [ 294] viol   f=   4.737  a=48.3 b=102.2 gap=30.8 (face=33.7mm) n=[602, 199, 268, 874, 135, 533, 893]  tape=2.005km B=8.83T unif=0.443% hoop=240MPa
  [ 295] OK     f=   1.649  a=46.0 b=78.6 gap=27.6 (face=27.2mm) n=[296, 275, 712, 748, 331, 215, 871]  tape=1.649km B=10.03T unif=0.501% hoop=297MPa
  [ 296] INFEAS f=16175.576  a=25.0 b=47.4 gap=23.3 (face=18.5mm) n=[899, 426, 635, 814, 279, 620, 860]  no evaluation (geometry pre-check)
  [ 297] OK     f=   1.530  a=33.4 b=71.2 gap=29.7 (face=31.5mm) n=[466, 767, 688, 761, 200, 228, 792]  tape=1.530km B=11.93T unif=0.729% hoop=208MPa
  [ 298] viol   f=  10.195  a=50.3 b=77.9 gap=31.6 (face=35.2mm) n=[611, 176, 65, 771, 124, 263, 879]  tape=1.392km B=7.90T unif=0.250% hoop=213MPa
  [ 299] viol   f=  76.625  a=33.0 b=73.5 gap=25.2 (face=22.4mm) n=[760, 160, 352, 572, 97, 432, 524]  tape=1.230km B=10.67T unif=1.614% hoop=200MPa
  [ 300] INFEAS f=1726.888  a=34.1 b=75.2 gap=30.6 (face=33.3mm) n=[50, 569, 624, 329, 225, 475, 897]  no evaluation (geometry pre-check)
  [ 301] INFEAS f=3617.774  a=31.9 b=84.9 gap=35.1 (face=42.1mm) n=[473, 156, 303, 900, 72, 208, 717]  no evaluation (geometry pre-check)
  [ 302] OK     f=   1.995  a=44.9 b=86.9 gap=25.2 (face=22.4mm) n=[311, 626, 695, 725, 437, 314, 861]  tape=1.995km B=12.09T unif=0.606% hoop=317MPa
  [ 303] OK     f=   1.748  a=42.0 b=83.5 gap=21.3 (face=14.6mm) n=[341, 603, 723, 899, 133, 175, 727]  tape=1.748km B=12.38T unif=0.776% hoop=299MPa
  [ 304] INFEAS f=5585.801  a=30.3 b=80.4 gap=36.6 (face=45.2mm) n=[580, 633, 445, 900, 330, 72, 894]  no evaluation (geometry pre-check)
  [ 305] viol   f=  10.178  a=43.6 b=73.4 gap=37.0 (face=46.0mm) n=[387, 319, 694, 542, 220, 226, 692]  tape=1.336km B=7.90T unif=0.286% hoop=231MPa
  [ 306] OK     f=   1.725  a=37.6 b=85.0 gap=26.5 (face=25.0mm) n=[614, 284, 566, 863, 293, 80, 900]  tape=1.725km B=10.98T unif=0.649% hoop=249MPa
  [ 307] INFEAS f=1072.929  a=34.6 b=79.1 gap=35.2 (face=42.5mm) n=[122, 552, 644, 864, 501, 389, 286]  no evaluation (geometry pre-check)
  [ 308] viol   f= 295.553  a=43.4 b=53.6 gap=29.4 (face=30.9mm) n=[398, 754, 899, 856, 788, 514, 496]  tape=1.671km B=14.94T unif=2.212% hoop=312MPa
  [ 309] INFEAS f=1000.218  a=36.2 b=62.4 gap=20.8 (face=13.6mm) n=[210, 541, 663, 594, 120, 351, 886]  no evaluation (geometry pre-check)
  [ 310] INFEAS f=3118.619  a=32.4 b=83.9 gap=28.3 (face=28.6mm) n=[577, 191, 539, 799, 110, 263, 900]  no evaluation (geometry pre-check)

==========================================================================================
CMA-ES finished: 310 evaluations in 8.3 min
==========================================================================================

Best feasible design found:
  a_mm             35.04636368084271
  b_mm             73.53639612135848
  gap_mm           16.61217706807692
  face_gap_mm      5.224354136153842
  n_turns          [437, 223, 468, 673, 290, 146, 517]
  n_total          2754
  tape_km          1.1642968115809047
  B_target_T       11.148707332714727
  uniformity_pct   0.9524790500021301
  hoop_MPa         257.41602444984915
  delam_MPa        17.381441196141072
  I_quench_A       406.2834231077225
  I_op_A           223.4782305323006
  binding          quench/SF
  clip_frac        0.26744186046511625

Full evaluation history -> optimize/cmaes_history.csv
Best design            -> optimize/cmaes_results.csv
Appended 310 rows to cumulative master log -> optimize/cmaes_all_evaluations.csv

Figures -> /home/gerrityjack/fenicsx/Racetrack-Coil-Optimization/visualization/cmaes_convergence.png, cmaes_constraints.png, cmaes_variables.png, cmaes_overview.png
Cumulative parameter-space map -> visualization/cmaes_param_map.png (24630 evaluations, 79 runs)
