Starting CMA-ES: 10 variables, budget 300 evaluations, target B >= 10.0 T, uniformity <= 1.0%, hoop <= 400 MPa, coil-coil face gap >= 3 mm

Parallel mode: 6 worker processes per generation.
  [   1] INFEAS f=493213.912  a=-24.1 b=136.5 gap=30.1 (face=32.2mm) n=[899, 577, 804, 863, 344, 851, 859]  no evaluation (geometry pre-check)
  [   2] INFEAS f=3427.364  a=32.0 b=109.0 gap=22.2 (face=16.3mm) n=[755, 742, 324, 502, 714, 263, 899]  no evaluation (geometry pre-check)
  [   3] INFEAS f=138511.132  a=-1.5 b=136.4 gap=30.2 (face=32.4mm) n=[700, 583, 784, 692, 665, 575, 811]  no evaluation (geometry pre-check)
  [   4] INFEAS f=21390.125  a=19.6 b=140.0 gap=37.7 (face=47.4mm) n=[803, 107, 509, 751, 751, 128, 728]  no evaluation (geometry pre-check)
  [   5] INFEAS f=2053.056  a=32.0 b=121.0 gap=37.9 (face=47.9mm) n=[855, 176, 692, 446, 842, 428, 737]  no evaluation (geometry pre-check)
  [   6] OK     f=   2.366  a=40.5 b=114.1 gap=24.7 (face=21.4mm) n=[525, 469, 634, 206, 398, 846, 867]  tape=2.366km B=11.17T unif=0.421% hoop=312MPa
  [   7] OK     f=   2.826  a=50.2 b=102.0 gap=23.0 (face=18.0mm) n=[774, 751, 608, 384, 897, 853, 838]  tape=2.826km B=15.25T unif=0.559% hoop=391MPa
  [   8] INFEAS f=203019.250  a=-5.7 b=126.1 gap=25.1 (face=22.1mm) n=[866, 678, 321, 538, 602, 316, 880]  no evaluation (geometry pre-check)
  [   9] viol   f=   2.685  a=36.7 b=114.0 gap=36.4 (face=44.7mm) n=[807, 299, 270, 516, 609, 769, 726]  tape=2.311km B=9.57T unif=0.557% hoop=237MPa
  [  10] INFEAS f=208087.691  a=-5.9 b=101.8 gap=24.8 (face=21.6mm) n=[865, 758, 605, 388, 796, 889, 866]  no evaluation (geometry pre-check)
  [  11] viol   f=   8.649  a=66.8 b=119.4 gap=30.5 (face=33.1mm) n=[123, 78, 504, 272, 877, 882, 895]  tape=2.419km B=8.23T unif=0.368% hoop=325MPa
  [  12] viol   f=   2.785  a=36.5 b=109.5 gap=35.3 (face=42.6mm) n=[410, 625, 489, 214, 706, 770, 793]  tape=2.234km B=9.47T unif=0.439% hoop=229MPa
  [  13] INFEAS f=27094.753  a=20.9 b=86.1 gap=30.1 (face=32.1mm) n=[293, 433, 885, 167, 613, 690, 661]  no evaluation (geometry pre-check)
  [  14] viol   f=   5.175  a=61.7 b=111.5 gap=20.8 (face=13.7mm) n=[615, 191, 476, 380, 475, 717, 439]  tape=2.085km B=8.76T unif=0.687% hoop=400MPa
  [  15] INFEAS f=39972.364  a=17.4 b=115.8 gap=29.5 (face=30.9mm) n=[707, 754, 715, 884, 581, 389, 399]  no evaluation (geometry pre-check)
  [  16] INFEAS f=1008.575  a=35.3 b=85.6 gap=18.6 (face=9.3mm) n=[666, 745, 547, 598, 426, 626, 869]  no evaluation (geometry pre-check)
  [  17] OK     f=   2.651  a=41.0 b=106.4 gap=26.4 (face=24.8mm) n=[891, 638, 745, 672, 265, 707, 846]  tape=2.651km B=14.88T unif=0.578% hoop=323MPa
  [  18] OK     f=   1.903  a=34.0 b=94.2 gap=28.7 (face=29.4mm) n=[118, 236, 690, 740, 644, 658, 810]  tape=1.903km B=10.52T unif=0.617% hoop=208MPa
  [  19] INFEAS f=115382.115  a=4.7 b=84.7 gap=25.9 (face=23.8mm) n=[545, 236, 134, 513, 900, 632, 794]  no evaluation (geometry pre-check)
  [  20] viol   f=   2.717  a=40.6 b=151.9 gap=23.2 (face=18.3mm) n=[697, 197, 338, 186, 376, 624, 720]  tape=2.324km B=9.56T unif=0.215% hoop=260MPa
  [  21] viol   f=   3.015  a=60.1 b=107.2 gap=30.2 (face=32.5mm) n=[683, 376, 425, 378, 463, 886, 877]  tape=2.531km B=9.51T unif=0.388% hoop=400MPa
  [  22] viol   f=   4.264  a=41.4 b=109.6 gap=41.1 (face=54.1mm) n=[601, 173, 570, 801, 900, 866, 376]  tape=2.474km B=9.05T unif=0.369% hoop=259MPa
  [  23] OK     f=   1.885  a=47.2 b=86.5 gap=30.5 (face=32.9mm) n=[132, 351, 673, 783, 514, 587, 798]  tape=1.885km B=10.24T unif=0.392% hoop=287MPa
  [  24] INFEAS f=92815.232  a=8.0 b=124.2 gap=21.2 (face=14.4mm) n=[609, 378, 645, 816, 603, 900, 549]  no evaluation (geometry pre-check)
  [  25] viol   f=   3.149  a=57.7 b=108.7 gap=38.3 (face=48.5mm) n=[523, 431, 417, 695, 764, 857, 873]  tape=2.768km B=9.56T unif=0.279% hoop=400MPa
  [  26] OK     f=   2.648  a=37.6 b=107.6 gap=18.0 (face=8.0mm) n=[537, 595, 874, 671, 477, 894, 679]  tape=2.648km B=16.88T unif=0.558% hoop=393MPa
  [  27] INFEAS f=1020.850  a=36.2 b=115.1 gap=24.0 (face=19.9mm) n=[715, 447, 896, 777, 327, 822, 833]  no evaluation (geometry pre-check)
  [  28] OK     f=   2.245  a=37.5 b=111.0 gap=27.8 (face=27.5mm) n=[747, 465, 438, 131, 507, 616, 897]  tape=2.245km B=10.95T unif=0.113% hoop=306MPa
  [  29] INFEAS f=58536.557  a=13.2 b=148.5 gap=23.8 (face=19.7mm) n=[360, 649, 710, 552, 434, 869, 880]  no evaluation (geometry pre-check)
  [  30] OK     f=   2.557  a=46.0 b=109.6 gap=24.4 (face=20.7mm) n=[201, 526, 853, 594, 467, 856, 885]  tape=2.557km B=12.86T unif=0.452% hoop=358MPa
  [  31] OK     f=   2.586  a=50.3 b=103.8 gap=26.5 (face=25.1mm) n=[360, 482, 899, 811, 507, 539, 896]  tape=2.586km B=12.75T unif=0.544% hoop=395MPa
  [  32] viol   f=  53.086  a=30.8 b=85.7 gap=17.7 (face=7.4mm) n=[109, 144, 728, 696, 634, 701, 455]  tape=1.521km B=13.97T unif=1.508% hoop=210MPa
  [  33] OK     f=   2.434  a=62.0 b=99.7 gap=21.4 (face=14.8mm) n=[176, 663, 643, 866, 469, 896, 413]  tape=2.434km B=10.67T unif=0.760% hoop=400MPa
  [  34] viol   f=   2.408  a=69.7 b=79.6 gap=28.2 (face=28.4mm) n=[883, 283, 432, 365, 566, 753, 282]  tape=1.938km B=9.52T unif=0.981% hoop=400MPa
  [  35] viol   f=   3.705  a=58.4 b=115.7 gap=34.2 (face=40.4mm) n=[614, 595, 612, 580, 676, 588, 900]  tape=2.970km B=9.39T unif=0.352% hoop=400MPa
  [  36] OK     f=   3.012  a=51.9 b=137.2 gap=19.1 (face=10.3mm) n=[285, 541, 817, 340, 870, 777, 601]  tape=3.012km B=12.30T unif=0.274% hoop=400MPa
  [  37] INFEAS f=1169.968  a=30.6 b=91.7 gap=28.6 (face=29.2mm) n=[712, 502, 382, 162, 413, 707, 769]  no evaluation (geometry pre-check)
  [  38] viol   f=   4.727  a=42.6 b=98.4 gap=31.7 (face=35.4mm) n=[234, 232, 725, 630, 230, 593, 709]  tape=1.762km B=8.78T unif=0.525% hoop=259MPa
  [  39] OK     f=   2.003  a=50.5 b=88.6 gap=27.9 (face=27.8mm) n=[540, 374, 227, 177, 880, 838, 883]  tape=2.003km B=10.39T unif=0.423% hoop=301MPa
  [  40] OK     f=   2.434  a=46.6 b=110.7 gap=23.7 (face=19.4mm) n=[447, 643, 453, 796, 361, 692, 750]  tape=2.434km B=12.51T unif=0.436% hoop=367MPa
  [  41] INFEAS f=16027.715  a=87.6 b=73.3 gap=27.9 (face=27.9mm) n=[431, 325, 59, 464, 680, 900, 629]  no evaluation (geometry pre-check)
  [  42] INFEAS f=2559.520  a=32.6 b=75.6 gap=30.0 (face=32.0mm) n=[642, 438, 325, 889, 570, 870, 460]  no evaluation (geometry pre-check)
  [  43] OK     f=   1.780  a=40.3 b=73.5 gap=27.8 (face=27.6mm) n=[530, 442, 456, 389, 458, 818, 888]  tape=1.780km B=11.22T unif=0.380% hoop=359MPa
  [  44] INFEAS f=10005.484  a=101.8 b=91.8 gap=32.2 (face=36.3mm) n=[388, 258, 155, 139, 899, 804, 899]  no evaluation (geometry pre-check)
  [  45] OK     f=   1.653  a=44.1 b=69.0 gap=28.7 (face=29.4mm) n=[879, 362, 308, 479, 578, 369, 801]  tape=1.653km B=11.64T unif=0.808% hoop=292MPa
  [  46] INFEAS f=3740.963  a=67.6 b=64.3 gap=26.7 (face=25.4mm) n=[265, 100, 313, 86, 107, 627, 882]  no evaluation (geometry pre-check)
  [  47] viol   f=   2.419  a=65.5 b=97.7 gap=26.5 (face=25.0mm) n=[233, 566, 350, 308, 702, 849, 861]  tape=2.276km B=9.73T unif=0.517% hoop=390MPa
  [  48] OK     f=   2.467  a=40.7 b=98.7 gap=34.5 (face=40.9mm) n=[879, 170, 811, 639, 873, 776, 634]  tape=2.467km B=12.30T unif=0.645% hoop=265MPa
  [  49] INFEAS f=1532.484  a=33.4 b=88.1 gap=24.0 (face=20.1mm) n=[400, 539, 177, 458, 855, 869, 569]  no evaluation (geometry pre-check)
  [  50] INFEAS f=3595.761  a=70.0 b=66.9 gap=22.4 (face=16.8mm) n=[98, 804, 479, 553, 623, 876, 882]  no evaluation (geometry pre-check)
  [  51] OK     f=   2.028  a=41.5 b=79.0 gap=25.1 (face=22.2mm) n=[693, 535, 872, 597, 690, 299, 768]  tape=2.028km B=14.55T unif=0.869% hoop=320MPa
  [  52] INFEAS f=11016.152  a=57.2 b=46.4 gap=41.9 (face=55.8mm) n=[663, 709, 239, 897, 875, 617, 430]  no evaluation (geometry pre-check)
  [  53] OK     f=   1.398  a=44.3 b=61.3 gap=21.7 (face=15.4mm) n=[884, 380, 91, 135, 890, 369, 895]  tape=1.398km B=13.41T unif=0.810% hoop=252MPa
  [  54] INFEAS f=31794.969  a=42.2 b=19.4 gap=20.3 (face=12.7mm) n=[668, 289, 278, 632, 888, 323, 550]  no evaluation (geometry pre-check)
  [  55] INFEAS f=1040.555  a=33.1 b=67.2 gap=26.3 (face=24.6mm) n=[411, 541, 57, 785, 314, 820, 532]  no evaluation (geometry pre-check)
  [  56] INFEAS f=15947.012  a=74.9 b=60.6 gap=24.2 (face=20.4mm) n=[219, 445, 175, 890, 384, 893, 727]  no evaluation (geometry pre-check)
  [  57] INFEAS f=8804.057  a=26.4 b=68.2 gap=32.4 (face=36.8mm) n=[351, 389, 299, 654, 270, 517, 847]  no evaluation (geometry pre-check)
  [  58] INFEAS f=16374.072  a=25.0 b=91.5 gap=30.8 (face=33.6mm) n=[390, 580, 900, 655, 794, 310, 893]  no evaluation (geometry pre-check)
  [  59] viol   f=   7.267  a=63.5 b=70.2 gap=33.2 (face=38.4mm) n=[329, 106, 528, 102, 720, 647, 891]  tape=1.609km B=8.32T unif=0.364% hoop=313MPa
  [  60] INFEAS f=16647.749  a=50.3 b=35.6 gap=25.7 (face=23.4mm) n=[733, 62, 311, 457, 465, 857, 891]  no evaluation (geometry pre-check)
  [  61] INFEAS f=10397.319  a=55.3 b=44.9 gap=25.3 (face=22.6mm) n=[211, 117, 371, 162, 870, 277, 834]  no evaluation (geometry pre-check)
  [  62] viol   f=   4.753  a=37.0 b=70.9 gap=40.0 (face=51.9mm) n=[428, 487, 295, 627, 437, 860, 788]  tape=1.660km B=8.76T unif=0.552% hoop=237MPa
  [  63] OK     f=   2.499  a=62.9 b=106.3 gap=17.7 (face=7.4mm) n=[810, 455, 59, 203, 878, 899, 886]  tape=2.499km B=12.03T unif=0.750% hoop=400MPa
  [  64] INFEAS f=33142.168  a=19.7 b=52.4 gap=30.1 (face=32.2mm) n=[897, 215, 789, 630, 538, 591, 899]  no evaluation (geometry pre-check)
  [  65] OK     f=   1.212  a=42.6 b=65.1 gap=19.0 (face=9.9mm) n=[318, 50, 410, 410, 675, 407, 728]  tape=1.212km B=10.68T unif=0.691% hoop=299MPa
  [  66] INFEAS f=1021.819  a=62.5 b=66.7 gap=21.9 (face=15.7mm) n=[859, 575, 328, 232, 900, 361, 651]  no evaluation (geometry pre-check)
  [  67] INFEAS f=1019.296  a=35.5 b=39.9 gap=27.6 (face=27.1mm) n=[426, 113, 639, 154, 532, 587, 859]  no evaluation (geometry pre-check)
  [  68] INFEAS f=1033.862  a=33.7 b=52.2 gap=26.6 (face=25.3mm) n=[594, 328, 399, 399, 834, 293, 648]  no evaluation (geometry pre-check)
  [  69] OK     f=   1.706  a=40.5 b=70.7 gap=25.2 (face=22.3mm) n=[431, 519, 569, 524, 682, 726, 752]  tape=1.706km B=13.55T unif=0.495% hoop=307MPa
  [  70] viol   f= 103.735  a=39.2 b=55.5 gap=33.0 (face=37.9mm) n=[887, 712, 570, 111, 570, 672, 884]  tape=1.542km B=13.02T unif=1.715% hoop=246MPa
  [  71] INFEAS f=14948.507  a=22.7 b=73.8 gap=24.3 (face=20.7mm) n=[740, 344, 146, 107, 355, 176, 825]  no evaluation (geometry pre-check)
  [  72] OK     f=   2.270  a=56.2 b=85.3 gap=33.1 (face=38.2mm) n=[50, 742, 643, 826, 865, 670, 788]  tape=2.270km B=11.85T unif=0.258% hoop=347MPa
  [  73] viol   f=  73.245  a=54.0 b=72.9 gap=17.9 (face=7.8mm) n=[711, 447, 561, 510, 684, 534, 621]  tape=1.800km B=13.71T unif=1.598% hoop=400MPa
  [  74] INFEAS f=42657.943  a=73.9 b=46.7 gap=20.5 (face=13.1mm) n=[560, 556, 418, 316, 900, 792, 691]  no evaluation (geometry pre-check)
  [  75] viol   f=   5.997  a=35.2 b=61.7 gap=21.2 (face=14.5mm) n=[237, 132, 210, 238, 383, 597, 613]  tape=0.889km B=8.40T unif=0.413% hoop=214MPa
  [  76] INFEAS f=1511.279  a=62.2 b=63.6 gap=25.5 (face=23.0mm) n=[821, 429, 446, 243, 898, 483, 811]  no evaluation (geometry pre-check)
  [  77] OK     f=   2.013  a=46.3 b=87.6 gap=22.9 (face=17.7mm) n=[333, 581, 414, 459, 743, 743, 795]  tape=2.013km B=12.50T unif=0.596% hoop=361MPa
  [  78] OK     f=   2.046  a=49.1 b=85.1 gap=17.6 (face=7.1mm) n=[420, 389, 391, 424, 673, 897, 791]  tape=2.046km B=11.23T unif=0.752% hoop=400MPa
  [  79] OK     f=   1.770  a=48.1 b=66.8 gap=19.1 (face=10.2mm) n=[612, 467, 692, 284, 371, 896, 752]  tape=1.770km B=14.13T unif=0.848% hoop=400MPa
  [  80] viol   f=   2.313  a=62.8 b=83.2 gap=18.6 (face=9.1mm) n=[412, 393, 289, 324, 857, 812, 631]  tape=1.979km B=9.59T unif=0.909% hoop=400MPa
  [  81] OK     f=   2.037  a=50.5 b=77.1 gap=19.8 (face=11.5mm) n=[646, 708, 483, 193, 741, 719, 874]  tape=2.037km B=14.36T unif=0.960% hoop=400MPa
  [  82] viol   f=   1.935  a=55.7 b=83.1 gap=18.0 (face=8.0mm) n=[450, 472, 249, 207, 512, 664, 779]  tape=1.710km B=9.66T unif=0.930% hoop=400MPa
  [  83] OK     f=   2.108  a=54.2 b=98.0 gap=20.4 (face=12.8mm) n=[123, 679, 722, 454, 750, 555, 583]  tape=2.108km B=12.41T unif=0.808% hoop=383MPa
  [  84] OK     f=   2.036  a=53.6 b=75.6 gap=29.6 (face=31.1mm) n=[503, 545, 491, 599, 654, 895, 485]  tape=2.036km B=10.78T unif=0.431% hoop=400MPa
  [  85] viol   f=  65.008  a=53.3 b=67.3 gap=18.1 (face=8.2mm) n=[481, 537, 717, 219, 341, 683, 521]  tape=1.502km B=12.83T unif=1.564% hoop=400MPa
  [  86] viol   f=   1.962  a=62.1 b=69.4 gap=21.2 (face=14.4mm) n=[443, 804, 528, 340, 813, 524, 824]  tape=1.952km B=13.18T unif=1.007% hoop=400MPa
  [  87] OK     f=   1.637  a=40.8 b=53.3 gap=18.8 (face=9.6mm) n=[272, 629, 655, 667, 887, 887, 817]  tape=1.637km B=18.72T unif=0.740% hoop=350MPa
  [  88] OK     f=   1.945  a=56.9 b=72.9 gap=17.6 (face=7.2mm) n=[336, 305, 652, 516, 865, 832, 639]  tape=1.945km B=13.18T unif=0.969% hoop=400MPa
  [  89] OK     f=   2.434  a=47.2 b=92.0 gap=18.2 (face=8.3mm) n=[597, 657, 802, 465, 735, 522, 890]  tape=2.434km B=14.75T unif=0.779% hoop=400MPa
  [  90] INFEAS f=12326.372  a=26.4 b=71.8 gap=17.8 (face=7.6mm) n=[552, 653, 489, 545, 880, 627, 892]  no evaluation (geometry pre-check)
  [  91] OK     f=   1.722  a=46.3 b=68.3 gap=19.5 (face=11.1mm) n=[133, 574, 518, 476, 884, 630, 759]  tape=1.722km B=13.10T unif=0.602% hoop=360MPa
  [  92] OK     f=   2.035  a=51.3 b=88.9 gap=18.3 (face=8.6mm) n=[431, 424, 76, 522, 899, 706, 815]  tape=2.035km B=11.19T unif=0.751% hoop=400MPa
  [  93] INFEAS f=1568.435  a=52.7 b=54.0 gap=21.7 (face=15.3mm) n=[225, 841, 846, 815, 751, 823, 582]  no evaluation (geometry pre-check)
  [  94] OK     f=   1.610  a=42.1 b=58.1 gap=22.8 (face=17.7mm) n=[153, 454, 744, 741, 739, 850, 829]  tape=1.610km B=15.69T unif=0.508% hoop=297MPa
  [  95] OK     f=   2.003  a=57.5 b=91.0 gap=20.3 (face=12.5mm) n=[53, 625, 470, 432, 607, 736, 809]  tape=2.003km B=10.77T unif=0.799% hoop=400MPa
  [  96] INFEAS f=1002.965  a=35.5 b=59.1 gap=16.5 (face=5.0mm) n=[870, 300, 559, 292, 589, 504, 739]  no evaluation (geometry pre-check)
  [  97] viol   f=   5.976  a=44.5 b=73.7 gap=15.5 (face=3.1mm) n=[80, 865, 636, 842, 742, 745, 883]  tape=2.011km B=18.83T unif=1.141% hoop=374MPa
  [  98] viol   f=   2.513  a=46.3 b=74.6 gap=17.4 (face=6.9mm) n=[878, 396, 472, 826, 886, 607, 851]  tape=2.137km B=18.06T unif=1.043% hoop=400MPa
  [  99] INFEAS f=1042.691  a=36.0 b=59.1 gap=18.4 (face=8.8mm) n=[349, 704, 356, 119, 748, 891, 896]  no evaluation (geometry pre-check)
  [ 100] viol   f=   1.680  a=46.2 b=64.4 gap=17.6 (face=7.2mm) n=[291, 799, 690, 81, 800, 871, 713]  tape=1.678km B=16.48T unif=1.003% hoop=333MPa
  [ 101] OK     f=   1.390  a=38.5 b=55.0 gap=24.8 (face=21.5mm) n=[70, 483, 668, 453, 551, 876, 775]  tape=1.390km B=12.31T unif=0.452% hoop=261MPa
  [ 102] viol   f=  18.272  a=73.2 b=86.3 gap=16.4 (face=4.9mm) n=[88, 527, 677, 679, 828, 864, 580]  tape=2.337km B=9.63T unif=1.280% hoop=400MPa
  [ 103] INFEAS f=14418.932  a=25.8 b=62.8 gap=25.5 (face=23.1mm) n=[150, 405, 900, 305, 900, 760, 660]  no evaluation (geometry pre-check)
  [ 104] viol   f= 122.679  a=50.7 b=57.4 gap=16.7 (face=5.5mm) n=[102, 893, 841, 628, 716, 848, 727]  tape=1.779km B=19.22T unif=1.777% hoop=386MPa
  [ 105] OK     f=   1.349  a=39.1 b=55.6 gap=24.2 (face=20.5mm) n=[89, 490, 696, 101, 899, 718, 803]  tape=1.349km B=12.23T unif=0.891% hoop=222MPa
  [ 106] INFEAS f=2473.084  a=32.6 b=60.5 gap=16.1 (face=4.1mm) n=[194, 546, 804, 390, 886, 719, 726]  no evaluation (geometry pre-check)
  [ 107] INFEAS f=6960.864  a=68.7 b=61.5 gap=19.6 (face=11.1mm) n=[216, 511, 469, 486, 835, 830, 593]  no evaluation (geometry pre-check)
  [ 108] OK     f=   1.446  a=36.9 b=55.3 gap=20.2 (face=12.5mm) n=[201, 677, 632, 158, 840, 864, 887]  tape=1.446km B=15.85T unif=0.225% hoop=259MPa
  [ 109] OK     f=   1.090  a=36.4 b=51.3 gap=18.1 (face=8.2mm) n=[74, 427, 665, 572, 587, 620, 568]  tape=1.090km B=15.21T unif=0.376% hoop=243MPa
  [ 110] viol   f=   4.399  a=42.9 b=76.2 gap=17.6 (face=7.2mm) n=[492, 728, 797, 732, 844, 627, 885]  tape=2.217km B=19.00T unif=1.104% hoop=400MPa
  [ 111] INFEAS f=3698.670  a=31.7 b=52.4 gap=21.5 (face=14.9mm) n=[363, 164, 867, 442, 409, 687, 896]  no evaluation (geometry pre-check)
  [ 112] INFEAS f=2460.370  a=49.5 b=48.5 gap=21.9 (face=15.9mm) n=[270, 542, 729, 176, 581, 466, 801]  no evaluation (geometry pre-check)
  [ 113] INFEAS f=3401.720  a=40.0 b=37.3 gap=30.6 (face=33.3mm) n=[284, 282, 536, 264, 796, 512, 820]  no evaluation (geometry pre-check)
  [ 114] OK     f=   2.469  a=49.3 b=102.3 gap=15.9 (face=3.8mm) n=[315, 533, 664, 318, 900, 771, 835]  tape=2.469km B=13.34T unif=0.585% hoop=400MPa
  [ 115] OK     f=   1.780  a=54.9 b=68.2 gap=19.8 (face=11.5mm) n=[263, 396, 685, 293, 701, 900, 641]  tape=1.780km B=12.67T unif=0.781% hoop=377MPa
  [ 116] INFEAS f=1982.577  a=30.4 b=44.0 gap=25.6 (face=23.1mm) n=[185, 643, 557, 138, 763, 811, 784]  no evaluation (geometry pre-check)
  [ 117] OK     f=   1.521  a=41.0 b=64.0 gap=17.3 (face=6.6mm) n=[128, 141, 576, 750, 717, 895, 605]  tape=1.521km B=14.29T unif=0.792% hoop=293MPa
  [ 118] INFEAS f=16746.903  a=50.5 b=35.7 gap=32.7 (face=37.3mm) n=[99, 417, 849, 641, 322, 811, 721]  no evaluation (geometry pre-check)
  [ 119] viol   f=  54.553  a=33.9 b=39.7 gap=24.4 (face=20.7mm) n=[60, 395, 460, 406, 494, 287, 710]  tape=0.812km B=9.74T unif=1.518% hoop=196MPa
  [ 120] OK     f=   1.527  a=35.6 b=62.0 gap=16.9 (face=5.8mm) n=[302, 564, 518, 290, 696, 829, 859]  tape=1.527km B=15.36T unif=0.727% hoop=305MPa
  [ 121] OK     f=   1.717  a=45.9 b=65.2 gap=20.0 (face=12.1mm) n=[171, 442, 647, 547, 692, 797, 872]  tape=1.717km B=14.41T unif=0.520% hoop=368MPa
  [ 122] INFEAS f=2014.194  a=47.3 b=47.3 gap=15.9 (face=3.7mm) n=[278, 346, 547, 243, 868, 844, 667]  no evaluation (geometry pre-check)
  [ 123] INFEAS f=15809.633  a=22.4 b=64.0 gap=16.9 (face=5.8mm) n=[240, 544, 636, 134, 640, 767, 825]  no evaluation (geometry pre-check)
  [ 124] OK     f=   1.527  a=44.6 b=69.7 gap=18.0 (face=8.1mm) n=[119, 365, 459, 653, 694, 807, 455]  tape=1.527km B=12.48T unif=0.906% hoop=332MPa
  [ 125] OK     f=   1.612  a=41.6 b=74.5 gap=17.5 (face=6.9mm) n=[197, 436, 383, 546, 429, 881, 588]  tape=1.612km B=11.68T unif=0.845% hoop=361MPa
  [ 126] INFEAS f=1466.562  a=39.5 b=41.0 gap=18.3 (face=8.5mm) n=[465, 287, 537, 768, 880, 829, 882]  no evaluation (geometry pre-check)
  [ 127] INFEAS f=6174.237  a=30.7 b=28.9 gap=16.7 (face=5.4mm) n=[130, 309, 744, 491, 571, 884, 549]  no evaluation (geometry pre-check)
  [ 128] INFEAS f=9100.935  a=27.2 b=45.5 gap=16.2 (face=4.3mm) n=[50, 757, 352, 513, 824, 873, 692]  no evaluation (geometry pre-check)
  [ 129] INFEAS f=2593.776  a=31.7 b=60.8 gap=20.2 (face=12.4mm) n=[103, 327, 786, 446, 519, 681, 865]  no evaluation (geometry pre-check)
  [ 130] INFEAS f=8974.922  a=44.3 b=35.2 gap=17.3 (face=6.7mm) n=[74, 284, 482, 721, 396, 900, 579]  no evaluation (geometry pre-check)
  [ 131] INFEAS f=21986.494  a=21.3 b=56.2 gap=16.4 (face=4.8mm) n=[653, 276, 96, 855, 818, 701, 641]  no evaluation (geometry pre-check)
  [ 132] OK     f=   1.915  a=41.8 b=92.8 gap=21.2 (face=14.4mm) n=[103, 380, 376, 879, 382, 794, 798]  tape=1.915km B=11.32T unif=0.614% hoop=360MPa
  [ 133] OK     f=   1.237  a=42.3 b=53.4 gap=15.8 (face=3.7mm) n=[135, 156, 845, 703, 383, 631, 545]  tape=1.237km B=14.57T unif=0.948% hoop=281MPa
  [ 134] OK     f=   1.064  a=34.5 b=49.2 gap=15.5 (face=3.0mm) n=[303, 407, 450, 211, 738, 573, 594]  tape=1.064km B=13.99T unif=0.169% hoop=288MPa
  [ 135] OK     f=   1.565  a=39.8 b=67.1 gap=18.4 (face=8.8mm) n=[405, 140, 493, 699, 447, 853, 803]  tape=1.565km B=13.83T unif=0.650% hoop=320MPa
  [ 136] INFEAS f=19793.240  a=22.5 b=43.9 gap=19.4 (face=10.8mm) n=[203, 83, 386, 844, 559, 853, 867]  no evaluation (geometry pre-check)
  [ 137] viol   f=   9.571  a=53.4 b=69.7 gap=17.3 (face=6.6mm) n=[280, 392, 564, 699, 646, 769, 602]  tape=1.731km B=13.77T unif=1.198% hoop=400MPa
  [ 138] INFEAS f=1015.436  a=57.8 b=62.2 gap=21.0 (face=14.0mm) n=[249, 205, 449, 807, 693, 856, 527]  no evaluation (geometry pre-check)
  [ 139] viol   f=   1.582  a=41.6 b=73.1 gap=19.4 (face=10.7mm) n=[81, 788, 357, 385, 678, 727, 622]  tape=1.548km B=13.09T unif=1.013% hoop=300MPa
  [ 140] OK     f=   1.140  a=46.2 b=55.9 gap=18.2 (face=8.4mm) n=[270, 138, 153, 800, 472, 719, 408]  tape=1.140km B=11.23T unif=0.213% hoop=272MPa
  [ 141] viol   f=   3.165  a=49.1 b=63.6 gap=15.5 (face=3.1mm) n=[227, 50, 384, 732, 504, 796, 490]  tape=1.324km B=11.97T unif=1.096% hoop=328MPa
  [ 142] INFEAS f=23894.207  a=20.1 b=41.6 gap=15.8 (face=3.6mm) n=[172, 307, 482, 838, 491, 673, 723]  no evaluation (geometry pre-check)
  [ 143] INFEAS f=16391.006  a=58.3 b=43.7 gap=16.0 (face=3.9mm) n=[125, 179, 403, 680, 539, 841, 468]  no evaluation (geometry pre-check)
  [ 144] OK     f=   1.208  a=48.9 b=57.5 gap=16.2 (face=4.5mm) n=[164, 426, 287, 485, 422, 697, 670]  tape=1.208km B=11.93T unif=0.759% hoop=348MPa
  [ 145] INFEAS f=32515.088  a=16.5 b=33.1 gap=17.0 (face=6.0mm) n=[92, 574, 753, 491, 471, 656, 810]  no evaluation (geometry pre-check)
  [ 146] INFEAS f=1212.126  a=32.1 b=44.0 gap=16.1 (face=4.2mm) n=[116, 116, 198, 429, 486, 812, 484]  no evaluation (geometry pre-check)
  [ 147] OK     f=   1.467  a=39.3 b=65.2 gap=17.6 (face=7.2mm) n=[70, 406, 401, 454, 636, 872, 771]  tape=1.467km B=12.79T unif=0.658% hoop=357MPa
  [ 148] INFEAS f=11213.066  a=39.9 b=29.0 gap=15.8 (face=3.6mm) n=[71, 326, 700, 472, 754, 896, 508]  no evaluation (geometry pre-check)
  [ 149] OK     f=   1.133  a=35.3 b=55.0 gap=15.8 (face=3.6mm) n=[165, 389, 275, 602, 674, 744, 423]  tape=1.133km B=13.70T unif=0.840% hoop=266MPa
  [ 150] viol   f=   1.246  a=36.1 b=48.4 gap=16.2 (face=4.4mm) n=[338, 231, 805, 561, 801, 572, 524]  tape=1.226km B=17.45T unif=1.010% hoop=285MPa
  [ 151] viol   f=   8.484  a=61.0 b=72.2 gap=18.6 (face=9.2mm) n=[234, 343, 202, 464, 458, 730, 464]  tape=1.410km B=8.31T unif=1.083% hoop=400MPa
  [ 152] INFEAS f=1112.966  a=32.3 b=49.3 gap=16.3 (face=4.6mm) n=[461, 202, 336, 432, 808, 612, 434]  no evaluation (geometry pre-check)
  [ 153] INFEAS f=8629.577  a=25.8 b=62.1 gap=16.1 (face=4.2mm) n=[386, 470, 596, 631, 829, 519, 554]  no evaluation (geometry pre-check)
  [ 154] INFEAS f=3490.171  a=42.6 b=39.7 gap=22.5 (face=17.1mm) n=[260, 378, 233, 852, 804, 653, 471]  no evaluation (geometry pre-check)
  [ 155] viol   f=  13.189  a=37.2 b=46.1 gap=24.3 (face=20.6mm) n=[214, 547, 186, 639, 467, 594, 758]  tape=1.070km B=11.89T unif=1.246% hoop=218MPa
  [ 156] INFEAS f=1023.723  a=51.8 b=56.0 gap=15.8 (face=3.6mm) n=[175, 287, 606, 378, 815, 884, 800]  no evaluation (geometry pre-check)
  [ 157] INFEAS f=1006.699  a=36.0 b=54.7 gap=16.5 (face=4.9mm) n=[290, 309, 119, 498, 447, 725, 887]  no evaluation (geometry pre-check)
  [ 158] OK     f=   1.485  a=37.0 b=61.8 gap=18.3 (face=8.5mm) n=[276, 568, 320, 828, 646, 555, 702]  tape=1.485km B=15.18T unif=0.897% hoop=295MPa
  [ 159] INFEAS f=16948.718  a=51.0 b=36.0 gap=16.6 (face=5.3mm) n=[185, 354, 363, 566, 768, 628, 758]  no evaluation (geometry pre-check)
  [ 160] OK     f=   1.805  a=58.1 b=66.1 gap=16.3 (face=4.7mm) n=[367, 498, 506, 441, 827, 804, 623]  tape=1.805km B=11.62T unif=0.942% hoop=400MPa
  [ 161] OK     f=   1.169  a=43.8 b=50.9 gap=18.5 (face=8.9mm) n=[128, 542, 313, 757, 547, 603, 427]  tape=1.169km B=13.47T unif=0.374% hoop=293MPa
  [ 162] viol   f=   2.920  a=62.1 b=76.1 gap=17.5 (face=7.0mm) n=[98, 525, 450, 643, 765, 815, 856]  tape=2.010km B=12.29T unif=1.067% hoop=400MPa
  [ 163] OK     f=   1.342  a=36.4 b=64.6 gap=15.5 (face=3.1mm) n=[57, 382, 201, 475, 592, 886, 753]  tape=1.342km B=12.18T unif=0.819% hoop=268MPa
  [ 164] INFEAS f=1865.777  a=60.4 b=60.7 gap=17.9 (face=7.8mm) n=[224, 711, 240, 504, 513, 713, 665]  no evaluation (geometry pre-check)
  [ 165] OK     f=   1.315  a=37.7 b=55.1 gap=18.3 (face=8.7mm) n=[197, 440, 259, 568, 879, 413, 876]  tape=1.315km B=13.22T unif=0.475% hoop=272MPa
  [ 166] INFEAS f=2565.380  a=47.3 b=46.1 gap=18.2 (face=8.3mm) n=[141, 619, 406, 883, 537, 509, 646]  no evaluation (geometry pre-check)
  [ 167] viol   f= 402.404  a=35.3 b=42.0 gap=18.6 (face=9.1mm) n=[265, 663, 317, 846, 693, 748, 759]  tape=1.230km B=18.20T unif=2.416% hoop=249MPa
  [ 168] viol   f=  12.757  a=58.5 b=74.6 gap=16.5 (face=5.0mm) n=[121, 608, 295, 537, 607, 863, 352]  tape=1.679km B=10.82T unif=1.235% hoop=400MPa
  [ 169] OK     f=   1.592  a=43.1 b=68.9 gap=20.3 (face=12.7mm) n=[258, 445, 322, 567, 598, 841, 646]  tape=1.592km B=12.41T unif=0.671% hoop=325MPa
  [ 170] OK     f=   1.399  a=38.4 b=63.5 gap=18.8 (face=9.5mm) n=[145, 654, 231, 532, 598, 680, 798]  tape=1.399km B=13.84T unif=0.923% hoop=273MPa
  [ 171] OK     f=   1.719  a=47.3 b=75.2 gap=16.8 (face=5.7mm) n=[119, 655, 222, 490, 898, 572, 720]  tape=1.719km B=12.17T unif=0.936% hoop=316MPa
  [ 172] INFEAS f=2806.049  a=48.2 b=46.5 gap=19.2 (face=10.4mm) n=[304, 366, 274, 461, 891, 469, 799]  no evaluation (geometry pre-check)
  [ 173] viol   f=   2.231  a=37.8 b=66.1 gap=16.4 (face=4.9mm) n=[253, 352, 519, 668, 861, 418, 568]  tape=1.510km B=13.89T unif=1.060% hoop=329MPa
  [ 174] OK     f=   1.239  a=36.0 b=51.5 gap=16.7 (face=5.3mm) n=[371, 500, 268, 606, 697, 698, 737]  tape=1.239km B=16.41T unif=0.425% hoop=295MPa
  [ 175] viol   f=   3.971  a=53.6 b=78.7 gap=18.1 (face=8.2mm) n=[117, 615, 118, 690, 709, 684, 780]  tape=1.726km B=12.77T unif=1.106% hoop=358MPa
  [ 176] OK     f=   1.376  a=40.7 b=61.1 gap=19.3 (face=10.5mm) n=[56, 678, 462, 386, 799, 764, 506]  tape=1.376km B=13.44T unif=0.681% hoop=270MPa
  [ 177] INFEAS f=1009.255  a=43.1 b=47.7 gap=16.3 (face=4.6mm) n=[233, 275, 204, 468, 859, 866, 787]  no evaluation (geometry pre-check)
  [ 178] OK     f=   1.527  a=44.1 b=63.0 gap=18.4 (face=8.9mm) n=[154, 665, 425, 745, 741, 717, 635]  tape=1.527km B=16.36T unif=0.923% hoop=322MPa
  [ 179] OK     f=   1.616  a=41.2 b=68.7 gap=17.0 (face=6.1mm) n=[394, 526, 257, 501, 803, 548, 829]  tape=1.616km B=13.99T unif=0.826% hoop=366MPa
  [ 180] viol   f=   1.134  a=52.0 b=61.3 gap=19.7 (face=11.4mm) n=[150, 360, 219, 323, 563, 542, 604]  tape=1.097km B=9.86T unif=0.713% hoop=299MPa
  [ 181] viol   f=  43.149  a=43.2 b=55.5 gap=16.3 (face=4.5mm) n=[90, 512, 132, 493, 485, 635, 488]  tape=1.001km B=11.84T unif=1.459% hoop=290MPa
  [ 182] INFEAS f=11482.199  a=48.1 b=36.9 gap=15.5 (face=3.1mm) n=[121, 497, 347, 376, 626, 632, 563]  no evaluation (geometry pre-check)
  [ 183] OK     f=   1.361  a=46.2 b=59.9 gap=20.1 (face=12.3mm) n=[223, 684, 178, 481, 745, 598, 680]  tape=1.361km B=13.57T unif=0.924% hoop=296MPa
  [ 184] INFEAS f=2738.761  a=54.4 b=52.8 gap=20.2 (face=12.4mm) n=[78, 570, 103, 729, 764, 539, 720]  no evaluation (geometry pre-check)
  [ 185] INFEAS f=1230.505  a=51.4 b=54.0 gap=16.7 (face=5.5mm) n=[197, 525, 245, 496, 584, 434, 666]  no evaluation (geometry pre-check)
  [ 186] OK     f=   1.752  a=56.2 b=82.3 gap=17.1 (face=6.2mm) n=[134, 600, 91, 319, 745, 898, 619]  tape=1.752km B=10.84T unif=0.967% hoop=356MPa
  [ 187] OK     f=   1.235  a=46.7 b=53.1 gap=21.0 (face=14.1mm) n=[377, 439, 187, 445, 758, 472, 650]  tape=1.235km B=11.97T unif=0.074% hoop=332MPa
  [ 188] viol   f= 130.933  a=61.9 b=71.8 gap=17.4 (face=6.7mm) n=[57, 729, 131, 559, 551, 544, 519]  tape=1.447km B=9.91T unif=1.805% hoop=400MPa
  [ 189] OK     f=   1.247  a=49.1 b=54.8 gap=18.2 (face=8.4mm) n=[109, 591, 98, 634, 740, 655, 647]  tape=1.247km B=13.75T unif=0.638% hoop=312MPa
  [ 190] OK     f=   1.122  a=47.6 b=53.1 gap=22.7 (face=17.4mm) n=[241, 536, 205, 302, 585, 705, 475]  tape=1.122km B=10.74T unif=0.232% hoop=255MPa
  [ 191] INFEAS f=2346.316  a=55.7 b=54.9 gap=20.2 (face=12.4mm) n=[287, 349, 128, 410, 681, 658, 526]  no evaluation (geometry pre-check)
  [ 192] OK     f=   1.528  a=46.0 b=69.4 gap=19.3 (face=10.6mm) n=[88, 571, 50, 685, 825, 689, 802]  tape=1.528km B=13.13T unif=0.676% hoop=294MPa
  [ 193] INFEAS f=14889.049  a=55.7 b=42.0 gap=17.0 (face=6.0mm) n=[392, 528, 346, 353, 786, 715, 599]  no evaluation (geometry pre-check)
  [ 194] viol   f= 472.284  a=40.1 b=46.1 gap=19.5 (face=11.0mm) n=[263, 394, 91, 776, 533, 813, 686]  tape=1.133km B=13.59T unif=2.535% hoop=252MPa
  [ 195] INFEAS f=12282.129  a=62.9 b=51.1 gap=17.4 (face=6.9mm) n=[128, 700, 184, 148, 650, 822, 438]  no evaluation (geometry pre-check)
  [ 196] INFEAS f=6284.192  a=56.6 b=50.1 gap=17.2 (face=6.5mm) n=[423, 409, 139, 725, 524, 737, 792]  no evaluation (geometry pre-check)
  [ 197] INFEAS f=1291.815  a=55.7 b=58.0 gap=28.5 (face=28.9mm) n=[429, 503, 120, 91, 652, 503, 839]  no evaluation (geometry pre-check)
  [ 198] OK     f=   1.146  a=51.8 b=56.8 gap=19.3 (face=10.6mm) n=[128, 516, 206, 302, 508, 596, 695]  tape=1.146km B=10.69T unif=0.780% hoop=298MPa
  [ 199] OK     f=   1.356  a=44.7 b=63.6 gap=21.5 (face=15.0mm) n=[120, 611, 100, 483, 768, 675, 742]  tape=1.356km B=12.39T unif=0.444% hoop=270MPa
  [ 200] OK     f=   1.163  a=44.9 b=58.2 gap=21.1 (face=14.3mm) n=[206, 401, 57, 489, 558, 451, 787]  tape=1.163km B=10.04T unif=0.309% hoop=280MPa
  [ 201] OK     f=   1.437  a=52.3 b=72.4 gap=23.4 (face=18.8mm) n=[184, 559, 309, 325, 686, 610, 536]  tape=1.437km B=10.29T unif=0.753% hoop=350MPa
  [ 202] OK     f=   1.533  a=46.8 b=71.0 gap=19.7 (face=11.4mm) n=[176, 543, 168, 382, 563, 656, 875]  tape=1.533km B=10.93T unif=0.668% hoop=321MPa
  [ 203] INFEAS f=1401.263  a=46.2 b=48.0 gap=20.4 (face=12.7mm) n=[332, 508, 102, 342, 821, 603, 520]  no evaluation (geometry pre-check)
  [ 204] viol   f=   3.162  a=60.4 b=65.8 gap=22.7 (face=17.5mm) n=[469, 460, 173, 367, 421, 674, 899]  tape=1.643km B=9.13T unif=0.367% hoop=400MPa
  [ 205] INFEAS f=2035.502  a=53.5 b=53.4 gap=20.0 (face=12.1mm) n=[162, 578, 255, 235, 449, 667, 464]  no evaluation (geometry pre-check)
  [ 206] INFEAS f=5025.682  a=51.1 b=46.0 gap=18.6 (face=9.2mm) n=[202, 588, 96, 375, 580, 730, 534]  no evaluation (geometry pre-check)
  [ 207] viol   f=   3.147  a=49.5 b=75.9 gap=19.5 (face=10.9mm) n=[168, 526, 91, 457, 493, 269, 745]  tape=1.300km B=9.04T unif=0.952% hoop=320MPa
  [ 208] viol   f=   2.101  a=46.0 b=68.1 gap=26.7 (face=25.5mm) n=[314, 357, 407, 360, 451, 565, 855]  tape=1.498km B=9.45T unif=0.282% hoop=367MPa
  [ 209] INFEAS f=10028.561  a=57.9 b=47.9 gap=23.2 (face=18.4mm) n=[224, 345, 295, 348, 700, 676, 812]  no evaluation (geometry pre-check)
  [ 210] OK     f=   1.547  a=54.3 b=64.7 gap=18.7 (face=9.4mm) n=[150, 656, 160, 433, 606, 572, 891]  tape=1.547km B=11.61T unif=0.900% hoop=372MPa
  [ 211] OK     f=   1.326  a=36.4 b=55.3 gap=21.7 (face=15.5mm) n=[254, 825, 437, 108, 836, 449, 886]  tape=1.326km B=14.19T unif=0.443% hoop=249MPa
  [ 212] OK     f=   1.284  a=48.4 b=71.9 gap=19.0 (face=9.9mm) n=[106, 363, 65, 520, 597, 676, 685]  tape=1.284km B=10.46T unif=0.715% hoop=286MPa
  [ 213] OK     f=   1.863  a=49.5 b=75.5 gap=20.9 (face=13.7mm) n=[438, 510, 300, 570, 344, 895, 889]  tape=1.863km B=12.28T unif=0.511% hoop=400MPa
  [ 214] OK     f=   1.667  a=45.2 b=71.6 gap=23.4 (face=18.7mm) n=[546, 562, 56, 770, 627, 702, 760]  tape=1.667km B=13.85T unif=0.561% hoop=332MPa
  [ 215] INFEAS f=5943.779  a=56.5 b=50.4 gap=17.6 (face=7.3mm) n=[223, 629, 133, 61, 534, 706, 642]  no evaluation (geometry pre-check)
  [ 216] OK     f=   1.243  a=43.6 b=57.8 gap=22.1 (face=16.3mm) n=[112, 672, 72, 430, 493, 684, 823]  tape=1.243km B=11.52T unif=0.453% hoop=269MPa
  [ 217] viol   f=  15.067  a=58.1 b=69.7 gap=20.0 (face=12.0mm) n=[133, 688, 262, 457, 710, 505, 650]  tape=1.511km B=11.75T unif=1.260% hoop=368MPa
  [ 218] OK     f=   1.797  a=41.4 b=76.5 gap=28.2 (face=28.5mm) n=[495, 476, 633, 386, 848, 515, 541]  tape=1.797km B=11.50T unif=0.532% hoop=331MPa
  [ 219] viol   f=   1.520  a=55.8 b=63.8 gap=26.7 (face=25.4mm) n=[98, 651, 155, 266, 730, 584, 875]  tape=1.467km B=9.84T unif=0.039% hoop=281MPa
  [ 220] viol   f=   2.535  a=48.9 b=64.3 gap=18.1 (face=8.2mm) n=[187, 119, 398, 300, 610, 319, 698]  tape=1.107km B=9.15T unif=0.684% hoop=294MPa
  [ 221] OK     f=   1.256  a=37.2 b=57.9 gap=22.3 (face=16.7mm) n=[89, 843, 150, 336, 437, 727, 876]  tape=1.256km B=12.42T unif=0.593% hoop=235MPa
  [ 222] OK     f=   1.395  a=50.6 b=59.2 gap=24.4 (face=20.9mm) n=[156, 631, 187, 299, 622, 719, 843]  tape=1.395km B=11.10T unif=0.045% hoop=286MPa
  [ 223] viol   f= 787.129  a=46.7 b=52.3 gap=27.8 (face=27.6mm) n=[116, 899, 192, 234, 898, 457, 774]  tape=1.288km B=11.17T unif=2.982% hoop=213MPa
  [ 224] OK     f=   1.776  a=58.1 b=72.3 gap=19.8 (face=11.6mm) n=[106, 618, 308, 453, 731, 589, 890]  tape=1.776km B=11.46T unif=0.815% hoop=381MPa
  [ 225] viol   f=   1.458  a=43.7 b=64.5 gap=21.3 (face=14.6mm) n=[109, 540, 393, 178, 404, 569, 825]  tape=1.275km B=9.70T unif=0.538% hoop=270MPa
  [ 226] OK     f=   1.329  a=43.6 b=61.8 gap=24.3 (face=20.7mm) n=[152, 526, 146, 552, 688, 580, 773]  tape=1.329km B=11.32T unif=0.110% hoop=275MPa
  [ 227] viol   f=   1.936  a=59.1 b=86.9 gap=19.8 (face=11.7mm) n=[257, 462, 90, 409, 524, 768, 896]  tape=1.862km B=9.81T unif=0.688% hoop=385MPa
  [ 228] OK     f=   1.431  a=46.8 b=64.5 gap=20.5 (face=13.0mm) n=[50, 654, 198, 234, 572, 896, 857]  tape=1.431km B=11.62T unif=0.228% hoop=274MPa
  [ 229] OK     f=   1.706  a=55.2 b=72.8 gap=23.2 (face=18.5mm) n=[311, 722, 119, 589, 653, 678, 756]  tape=1.706km B=12.64T unif=0.890% hoop=362MPa
  [ 230] INFEAS f=2461.562  a=45.2 b=44.2 gap=25.8 (face=23.7mm) n=[329, 657, 82, 129, 538, 525, 775]  no evaluation (geometry pre-check)
  [ 231] OK     f=   1.200  a=41.8 b=47.3 gap=19.8 (face=11.7mm) n=[137, 826, 121, 388, 604, 557, 899]  tape=1.200km B=14.04T unif=0.300% hoop=255MPa
  [ 232] OK     f=   1.268  a=42.0 b=56.2 gap=22.5 (face=17.1mm) n=[311, 798, 154, 283, 669, 477, 792]  tape=1.268km B=12.89T unif=0.460% hoop=251MPa
  [ 233] INFEAS f=9479.159  a=57.3 b=47.8 gap=24.5 (face=21.1mm) n=[162, 662, 162, 355, 387, 656, 893]  no evaluation (geometry pre-check)
  [ 234] INFEAS f=4512.967  a=30.7 b=55.3 gap=22.1 (face=16.2mm) n=[50, 889, 78, 482, 539, 752, 577]  no evaluation (geometry pre-check)
  [ 235] OK     f=   1.125  a=46.3 b=53.3 gap=20.7 (face=13.3mm) n=[80, 519, 86, 422, 285, 858, 721]  tape=1.125km B=10.17T unif=0.555% hoop=253MPa
  [ 236] OK     f=   0.855  a=41.1 b=52.8 gap=18.7 (face=9.3mm) n=[120, 351, 281, 304, 530, 512, 488]  tape=0.855km B=10.49T unif=0.545% hoop=265MPa
  [ 237] OK     f=   1.460  a=34.5 b=70.5 gap=23.5 (face=18.9mm) n=[84, 739, 242, 375, 549, 799, 839]  tape=1.460km B=11.87T unif=0.825% hoop=217MPa
  [ 238] viol   f=   1.370  a=39.1 b=68.0 gap=20.0 (face=11.9mm) n=[84, 469, 175, 393, 514, 575, 817]  tape=1.282km B=9.79T unif=0.650% hoop=249MPa
  [ 239] OK     f=   1.427  a=50.7 b=57.1 gap=25.7 (face=23.3mm) n=[224, 749, 97, 272, 534, 886, 896]  tape=1.427km B=11.63T unif=0.746% hoop=264MPa
  [ 240] OK     f=   1.383  a=40.9 b=53.7 gap=20.0 (face=12.1mm) n=[249, 584, 403, 494, 456, 873, 632]  tape=1.383km B=13.26T unif=0.538% hoop=337MPa
  [ 241] OK     f=   1.189  a=44.5 b=50.4 gap=18.7 (face=9.5mm) n=[59, 582, 260, 421, 458, 477, 894]  tape=1.189km B=11.08T unif=0.596% hoop=327MPa
  [ 242] OK     f=   1.219  a=40.5 b=57.9 gap=21.0 (face=13.9mm) n=[278, 643, 99, 173, 585, 822, 654]  tape=1.219km B=11.76T unif=0.533% hoop=238MPa
  [ 243] viol   f=   3.818  a=49.7 b=66.6 gap=27.4 (face=26.8mm) n=[307, 685, 91, 233, 261, 652, 528]  tape=1.163km B=8.85T unif=0.463% hoop=246MPa
  [ 244] INFEAS f=3491.659  a=50.9 b=48.0 gap=19.2 (face=10.4mm) n=[206, 573, 143, 271, 595, 345, 756]  no evaluation (geometry pre-check)
  [ 245] OK     f=   1.074  a=44.0 b=54.7 gap=16.7 (face=5.4mm) n=[81, 457, 246, 316, 520, 464, 755]  tape=1.074km B=10.65T unif=0.756% hoop=281MPa
  [ 246] viol   f=  23.695  a=34.3 b=48.9 gap=24.8 (face=21.5mm) n=[59, 454, 121, 301, 529, 525, 560]  tape=0.756km B=8.90T unif=1.320% hoop=162MPa
  [ 247] viol   f=   1.266  a=53.7 b=62.4 gap=18.8 (face=9.5mm) n=[323, 444, 84, 525, 440, 649, 622]  tape=1.247km B=11.15T unif=1.010% hoop=350MPa
  [ 248] viol   f=   2.098  a=49.1 b=60.9 gap=19.3 (face=10.7mm) n=[220, 470, 205, 53, 440, 638, 542]  tape=1.015km B=9.26T unif=0.875% hoop=263MPa
  [ 249] OK     f=   0.964  a=40.5 b=47.8 gap=17.4 (face=6.9mm) n=[265, 377, 398, 591, 356, 603, 465]  tape=0.964km B=13.20T unif=0.306% hoop=320MPa
  [ 250] INFEAS f=1014.622  a=35.9 b=45.9 gap=30.2 (face=32.4mm) n=[172, 649, 65, 347, 483, 401, 888]  no evaluation (geometry pre-check)
  [ 251] INFEAS f=2260.900  a=39.8 b=39.1 gap=16.6 (face=5.2mm) n=[86, 309, 531, 497, 474, 530, 620]  no evaluation (geometry pre-check)
  [ 252] viol   f=   7.522  a=39.6 b=46.1 gap=20.5 (face=13.1mm) n=[74, 410, 194, 645, 459, 457, 667]  tape=0.904km B=11.31T unif=1.182% hoop=251MPa
  [ 253] viol   f=  20.781  a=50.6 b=58.5 gap=16.3 (face=4.5mm) n=[348, 580, 331, 502, 358, 721, 617]  tape=1.360km B=13.32T unif=1.312% hoop=395MPa
  [ 254] OK     f=   0.875  a=35.4 b=40.6 gap=19.4 (face=10.9mm) n=[219, 610, 367, 344, 356, 546, 660]  tape=0.875km B=13.41T unif=0.322% hoop=257MPa
  [ 255] INFEAS f=1877.919  a=44.5 b=44.8 gap=19.4 (face=10.8mm) n=[126, 503, 260, 423, 446, 418, 774]  no evaluation (geometry pre-check)
  [ 256] INFEAS f=4524.843  a=43.5 b=39.1 gap=17.9 (face=7.9mm) n=[412, 403, 440, 625, 643, 555, 690]  no evaluation (geometry pre-check)
  [ 257] viol   f=   3.124  a=39.2 b=54.0 gap=18.0 (face=8.0mm) n=[112, 593, 128, 414, 567, 494, 704]  tape=1.040km B=12.25T unif=1.102% hoop=241MPa
  [ 258] OK     f=   1.063  a=45.9 b=58.9 gap=22.6 (face=17.2mm) n=[222, 464, 494, 280, 473, 433, 550]  tape=1.063km B=10.68T unif=0.750% hoop=273MPa
  [ 259] INFEAS f=1425.209  a=30.2 b=48.9 gap=18.3 (face=8.6mm) n=[141, 556, 122, 514, 679, 671, 778]  no evaluation (geometry pre-check)
  [ 260] OK     f=   1.181  a=38.0 b=55.6 gap=19.4 (face=10.8mm) n=[206, 509, 670, 293, 527, 383, 739]  tape=1.181km B=13.11T unif=0.664% hoop=261MPa
  [ 261] OK     f=   0.720  a=31.7 b=41.2 gap=22.4 (face=16.8mm) n=[228, 374, 477, 314, 484, 205, 568]  tape=0.720km B=10.82T unif=0.981% hoop=186MPa
  [ 262] OK     f=   1.166  a=42.4 b=63.9 gap=20.1 (face=12.2mm) n=[123, 487, 702, 89, 242, 745, 585]  tape=1.166km B=10.98T unif=0.716% hoop=244MPa
  [ 263] OK     f=   1.216  a=41.0 b=51.6 gap=25.2 (face=22.4mm) n=[405, 577, 801, 204, 235, 654, 574]  tape=1.216km B=12.36T unif=0.722% hoop=255MPa
  [ 264] OK     f=   1.418  a=38.5 b=59.4 gap=19.5 (face=11.1mm) n=[336, 507, 598, 267, 522, 746, 811]  tape=1.418km B=13.94T unif=0.651% hoop=304MPa
  [ 265] OK     f=   0.848  a=34.1 b=44.0 gap=20.6 (face=13.3mm) n=[256, 546, 415, 282, 439, 255, 645]  tape=0.848km B=11.99T unif=0.450% hoop=226MPa
  [ 266] INFEAS f=1161.695  a=42.3 b=45.3 gap=19.8 (face=11.7mm) n=[290, 535, 675, 142, 400, 390, 792]  no evaluation (geometry pre-check)
  [ 267] viol   f=   1.882  a=39.5 b=46.9 gap=20.5 (face=13.0mm) n=[101, 521, 300, 399, 502, 257, 366]  tape=0.748km B=10.82T unif=1.075% hoop=228MPa
  [ 268] OK     f=   1.119  a=36.6 b=53.0 gap=26.5 (face=25.0mm) n=[132, 518, 405, 444, 338, 675, 747]  tape=1.119km B=10.42T unif=0.460% hoop=247MPa
  [ 269] INFEAS f=2246.707  a=44.5 b=43.9 gap=22.1 (face=16.2mm) n=[404, 810, 595, 381, 448, 656, 583]  no evaluation (geometry pre-check)
  [ 270] OK     f=   0.810  a=36.6 b=50.4 gap=24.0 (face=20.0mm) n=[218, 526, 389, 157, 488, 373, 450]  tape=0.810km B=10.08T unif=0.231% hoop=194MPa
  [ 271] INFEAS f=2247.411  a=23.9 b=36.8 gap=22.1 (face=16.2mm) n=[167, 371, 240, 287, 376, 334, 646]  no evaluation (geometry pre-check)
  [ 272] OK     f=   0.892  a=36.9 b=50.9 gap=23.2 (face=18.5mm) n=[163, 475, 670, 215, 350, 351, 378]  tape=0.892km B=10.16T unif=0.163% hoop=275MPa
  [ 273] viol   f=   7.110  a=37.2 b=46.7 gap=17.6 (face=7.2mm) n=[256, 491, 508, 479, 423, 446, 634]  tape=0.993km B=14.41T unif=1.175% hoop=287MPa
  [ 274] INFEAS f=1370.570  a=32.7 b=34.6 gap=21.9 (face=15.8mm) n=[146, 671, 615, 99, 445, 333, 693]  no evaluation (geometry pre-check)
  [ 275] INFEAS f=4552.752  a=22.5 b=28.9 gap=18.7 (face=9.5mm) n=[184, 386, 671, 67, 428, 182, 582]  no evaluation (geometry pre-check)
  [ 276] viol   f=  12.757  a=26.4 b=34.1 gap=17.2 (face=6.4mm) n=[154, 449, 62, 522, 406, 440, 603]  tape=0.605km B=12.76T unif=1.246% hoop=158MPa
  [ 277] viol   f=   4.366  a=46.8 b=60.2 gap=18.4 (face=8.9mm) n=[188, 336, 411, 323, 308, 398, 620]  tape=1.026km B=9.50T unif=1.119% hoop=332MPa
  [ 278] viol   f=2066.779  a=34.6 b=40.1 gap=22.7 (face=17.5mm) n=[100, 260, 718, 170, 68, 392, 374]  tape=0.634km B=8.24T unif=4.209% hoop=172MPa
  [ 279] INFEAS f=1423.078  a=42.9 b=44.7 gap=26.0 (face=24.0mm) n=[71, 270, 714, 286, 203, 268, 306]  no evaluation (geometry pre-check)
  [ 280] viol   f=   1.038  a=35.7 b=42.3 gap=22.0 (face=16.0mm) n=[62, 556, 592, 374, 569, 370, 732]  tape=0.953km B=12.66T unif=1.021% hoop=218MPa
  [ 281] OK     f=   0.985  a=43.5 b=50.4 gap=22.0 (face=16.1mm) n=[152, 355, 603, 416, 426, 390, 610]  tape=0.985km B=11.42T unif=0.108% hoop=324MPa
  [ 282] INFEAS f=6040.280  a=20.6 b=35.1 gap=24.0 (face=20.1mm) n=[53, 504, 471, 364, 601, 573, 649]  no evaluation (geometry pre-check)
  [ 283] viol   f=   1.532  a=35.7 b=46.1 gap=22.9 (face=17.8mm) n=[68, 567, 533, 408, 629, 382, 576]  tape=0.921km B=12.37T unif=1.055% hoop=209MPa
  [ 284] viol   f=   2.671  a=35.5 b=57.8 gap=17.6 (face=7.2mm) n=[110, 555, 687, 159, 299, 130, 742]  tape=0.959km B=11.13T unif=1.093% hoop=203MPa
  [ 285] OK     f=   1.098  a=45.0 b=59.1 gap=24.0 (face=19.9mm) n=[150, 494, 527, 374, 400, 538, 566]  tape=1.098km B=11.08T unif=0.436% hoop=295MPa  [a=37 b=114 nt=3996] KSP converged reason: 4, iterations: 1
  [a=41 b=152 nt=3138] KSP converged reason: 4, iterations: 1
  [a=58 b=109 nt=4560] KSP converged reason: 4, iterations: 1
  [a=58 b=116 nt=4565] KSP converged reason: 4, iterations: 1
  [a=40 b=74 nt=3981] KSP converged reason: 4, iterations: 1
  [a=39 b=55 nt=4406] KSP converged reason: 4, iterations: 1
  [a=46 b=88 nt=4068] KSP converged reason: 4, iterations: 1
  [a=54 b=98 nt=3866] KSP converged reason: 4, iterations: 1
  [a=44 b=74 nt=4793] KSP converged reason: 4, iterations: 1
  [a=51 b=57 nt=4755] KSP converged reason: 4, iterations: 1
  [a=34 b=40 nt=2812] KSP converged reason: 4, iterations: 1
  [a=45 b=70 nt=3552] KSP converged reason: 4, iterations: 1
  [a=40 b=67 nt=3840] KSP converged reason: 4, iterations: 1
  [a=49 b=58 nt=3151] KSP converged reason: 4, iterations: 1
  [a=37 b=62 nt=3895] KSP converged reason: 4, iterations: 1
  [a=38 b=55 nt=3632] KSP converged reason: 4, iterations: 1
  [a=38 b=66 nt=3639] KSP converged reason: 4, iterations: 1
  [a=52 b=61 nt=2761] KSP converged reason: 4, iterations: 1
  [a=56 b=82 nt=3406] KSP converged reason: 4, iterations: 1
  [a=46 b=69 nt=3710] KSP converged reason: 4, iterations: 1
  [a=54 b=65 nt=3468] KSP converged reason: 4, iterations: 1
  [a=45 b=72 nt=4023] KSP converged reason: 4, iterations: 1
  [a=47 b=52 nt=3570] KSP converged reason: 4, iterations: 1
  [a=55 b=73 nt=3828] KSP converged reason: 4, iterations: 1
  [a=41 b=53 nt=2586] KSP converged reason: 4, iterations: 1
  [a=44 b=55 nt=2839] KSP converged reason: 4, iterations: 1
  [a=40 b=48 nt=3055] KSP converged reason: 4, iterations: 1
  [a=38 b=56 nt=3327] KSP converged reason: 4, iterations: 1
  [a=38 b=59 nt=3787] KSP converged reason: 4, iterations: 1
  [a=36 b=42 nt=3255] KSP converged reason: 4, iterations: 1
  [a=45 b=59 nt=3049] KSP converged reason: 4, iterations: 1
  [a=41 b=55 nt=2756] KSP converged reason: 4, iterations: 1
  [a=48 b=61 nt=3026] KSP converged reason: 4, iterations: 1
  [a=42 b=60 nt=3134] KSP converged reason: 4, iterations: 1
  [a=37 b=110 nt=4007] KSP converged reason: 4, iterations: 1
  [a=38 b=108 nt=4727] KSP converged reason: 4, iterations: 1
  [a=70 b=80 nt=3564] KSP converged reason: 4, iterations: 1
  [a=43 b=98 nt=3353] KSP converged reason: 4, iterations: 1
  [a=66 b=98 nt=3869] KSP converged reason: 4, iterations: 1
  [a=37 b=71 nt=3922] KSP converged reason: 4, iterations: 1
  [a=54 b=73 nt=4068] KSP converged reason: 4, iterations: 1
  [a=54 b=76 nt=4172] KSP converged reason: 4, iterations: 1
  [a=51 b=89 nt=3873] KSP converged reason: 4, iterations: 1
  [a=38 b=55 nt=3876] KSP converged reason: 4, iterations: 1
  [a=46 b=65 nt=4168] KSP converged reason: 4, iterations: 1
  [a=42 b=73 nt=3638] KSP converged reason: 4, iterations: 1
  [a=35 b=55 nt=3272] KSP converged reason: 4, iterations: 1
  [a=37 b=46 nt=3405] KSP converged reason: 4, iterations: 1
  [a=36 b=65 nt=3346] KSP converged reason: 4, iterations: 1
  [a=38 b=64 nt=3638] KSP converged reason: 4, iterations: 1
  [a=44 b=63 nt=4082] KSP converged reason: 4, iterations: 1
  [a=62 b=72 nt=3090] KSP converged reason: 4, iterations: 1
  [a=52 b=57 nt=2951] KSP converged reason: 4, iterations: 1
  [a=50 b=76 nt=2749] KSP converged reason: 4, iterations: 1
  [a=36 b=55 nt=3795] KSP converged reason: 4, iterations: 1
  [a=49 b=64 nt=2631] KSP converged reason: 4, iterations: 1
  [a=58 b=72 nt=3695] KSP converged reason: 4, iterations: 1
  [a=39 b=68 nt=3027] KSP converged reason: 4, iterations: 1
  [a=45 b=50 nt=3151] KSP converged reason: 4, iterations: 1
  [a=49 b=61 nt=2568] KSP converged reason: 4, iterations: 1
  [a=46 b=59 nt=2916] KSP converged reason: 4, iterations: 1
  [a=39 b=47 nt=2446] KSP converged reason: 4, iterations: 1
  [a=37 b=47 nt=3237] KSP converged reason: 4, iterations: 1
  [a=41 b=57 nt=2791] KSP converged reason: 4, iterations: 1
  [a=49 b=54 nt=2859] KSP converged reason: 4, iterations: 1
  [a=35 b=47 nt=2764] KSP converged reason: 4, iterations: 1
  [a=67 b=119 nt=3631] KSP converged reason: 4, iterations: 1
  [a=47 b=86 nt=3838] KSP converged reason: 4, iterations: 1
  [a=50 b=104 nt=4494] KSP converged reason: 4, iterations: 1
  [a=41 b=99 nt=4782] KSP converged reason: 4, iterations: 1
  [a=63 b=106 nt=4190] KSP converged reason: 4, iterations: 1
  [a=48 b=67 nt=4074] KSP converged reason: 4, iterations: 1
  [a=56 b=83 nt=3333] KSP converged reason: 4, iterations: 1
  [a=41 b=53 nt=4814] KSP converged reason: 4, iterations: 1
  [a=58 b=91 nt=3732] KSP converged reason: 4, iterations: 1
  [a=73 b=86 nt=4243] KSP converged reason: 4, iterations: 1
  [a=36 b=62 nt=4058] KSP converged reason: 4, iterations: 1
  [a=53 b=70 nt=3952] KSP converged reason: 4, iterations: 1
  [a=36 b=48 nt=3832] KSP converged reason: 4, iterations: 1
  [a=62 b=76 nt=4152] KSP converged reason: 4, iterations: 1
  [a=36 b=51 nt=3877] KSP converged reason: 4, iterations: 1
  [a=46 b=60 nt=3589] KSP converged reason: 4, iterations: 1
  [a=52 b=72 nt=3209] KSP converged reason: 4, iterations: 1
  [a=44 b=58 nt=3286] KSP converged reason: 4, iterations: 1
  [a=41 b=77 nt=3894] KSP converged reason: 4, iterations: 1
  [a=44 b=62 nt=3417] KSP converged reason: 4, iterations: 1
  [a=42 b=56 nt=3484] KSP converged reason: 4, iterations: 1
  [a=40 b=58 nt=3254] KSP converged reason: 4, iterations: 1
  [a=51 b=59 nt=3457] KSP converged reason: 4, iterations: 1
  [a=34 b=44 nt=2838] KSP converged reason: 4, iterations: 1
  [a=37 b=53 nt=3259] KSP converged reason: 4, iterations: 1
  [a=47 b=60 nt=2584] KSP converged reason: 4, iterations: 1
  [a=37 b=47 nt=2215] KSP converged reason: 4, iterations: 1
  [a=48 b=58 nt=3109] KSP converged reason: 4, iterations: 1
  [a=39 b=63 nt=3675] KSP converged reason: 4, iterations: 1
  [a=37 b=60 nt=2917] KSP converged reason: 4, iterations: 1
  [a=34 b=94 nt=3896] KSP converged reason: 4, iterations: 1
  [a=60 b=107 nt=4088] KSP converged reason: 4, iterations: 1
  [a=31 b=86 nt=3467] KSP converged reason: 4, iterations: 1
  [a=50 b=89 nt=3919] KSP converged reason: 4, iterations: 1
  [a=64 b=70 nt=3323] KSP converged reason: 4, iterations: 1
  [a=49 b=85 nt=3985] KSP converged reason: 4, iterations: 1
  [a=51 b=77 nt=4364] KSP converged reason: 4, iterations: 1
  [a=46 b=68 nt=3974] KSP converged reason: 4, iterations: 1
  [a=46 b=64 nt=4245] KSP converged reason: 4, iterations: 1
  [a=36 b=51 nt=3513] KSP converged reason: 4, iterations: 1
  [a=55 b=68 nt=3879] KSP converged reason: 4, iterations: 1
  [a=42 b=93 nt=3712] KSP converged reason: 4, iterations: 1
  [a=61 b=72 nt=2895] KSP converged reason: 4, iterations: 1
  [a=59 b=75 nt=3383] KSP converged reason: 4, iterations: 1
  [a=47 b=75 nt=3676] KSP converged reason: 4, iterations: 1
  [a=41 b=69 nt=3858] KSP converged reason: 4, iterations: 1
  [a=47 b=53 nt=3328] KSP converged reason: 4, iterations: 1
  [a=48 b=53 nt=3049] KSP converged reason: 4, iterations: 1
  [a=45 b=58 nt=2949] KSP converged reason: 4, iterations: 1
  [a=47 b=71 nt=3363] KSP converged reason: 4, iterations: 1
  [a=50 b=75 nt=3946] KSP converged reason: 4, iterations: 1
  [a=51 b=59 nt=3457] KSP converged reason: 4, iterations: 1
  [a=42 b=47 nt=3532] KSP converged reason: 4, iterations: 1
  [a=51 b=57 nt=3658] KSP converged reason: 4, iterations: 1
  [a=34 b=49 nt=2549] KSP converged reason: 4, iterations: 1
  [a=40 b=46 nt=2906] KSP converged reason: 4, iterations: 1
  [a=41 b=52 nt=3450] KSP converged reason: 4, iterations: 1
  [a=37 b=51 nt=2602] KSP converged reason: 4, iterations: 1
  [a=36 b=58 nt=2682] KSP converged reason: 4, iterations: 1
  [a=35 b=60 nt=3034] KSP converged reason: 4, iterations: 1
  [a=43 b=49 nt=3375] KSP converged reason: 4, iterations: 1
  [a=40 b=114 nt=3945] KSP converged reason: 4, iterations: 1
  [a=62 b=112 nt=3293] KSP converged reason: 4, iterations: 1
  [a=41 b=110 nt=4287] KSP converged reason: 4, iterations: 1
  [a=62 b=100 nt=4126] KSP converged reason: 4, iterations: 1
  [a=47 b=111 nt=4142] KSP converged reason: 4, iterations: 1
  [a=41 b=79 nt=4454] KSP converged reason: 4, iterations: 1
  [a=40 b=71 nt=4203] KSP converged reason: 4, iterations: 1
  [a=35 b=62 nt=2410] KSP converged reason: 4, iterations: 1
  [a=63 b=83 nt=3718] KSP converged reason: 4, iterations: 1
  [a=62 b=69 nt=4276] KSP converged reason: 4, iterations: 1
  [a=47 b=92 nt=4668] KSP converged reason: 4, iterations: 1
  [a=46 b=75 nt=4916] KSP converged reason: 4, iterations: 1
  [a=39 b=56 nt=3796] KSP converged reason: 4, iterations: 1
  [a=43 b=76 nt=5105] KSP converged reason: 4, iterations: 1
  [a=41 b=64 nt=3812] KSP converged reason: 4, iterations: 1
  [a=42 b=75 nt=3460] KSP converged reason: 4, iterations: 1
  [a=34 b=49 nt=3276] KSP converged reason: 4, iterations: 1
  [a=49 b=64 nt=3183] KSP converged reason: 4, iterations: 1
  [a=44 b=51 nt=3317] KSP converged reason: 4, iterations: 1
  [a=43 b=69 nt=3677] KSP converged reason: 4, iterations: 1
  [a=54 b=79 nt=3713] KSP converged reason: 4, iterations: 1
  [a=49 b=55 nt=3474] KSP converged reason: 4, iterations: 1
  [a=45 b=64 nt=3499] KSP converged reason: 4, iterations: 1
  [a=46 b=68 nt=3309] KSP converged reason: 4, iterations: 1
  [a=48 b=72 nt=3012] KSP converged reason: 4, iterations: 1
  [a=56 b=64 nt=3359] KSP converged reason: 4, iterations: 1
  [a=44 b=64 nt=3018] KSP converged reason: 4, iterations: 1
  [a=59 b=87 nt=3406] KSP converged reason: 4, iterations: 1
  [a=34 b=70 nt=3627] KSP converged reason: 4, iterations: 1
  [a=50 b=67 nt=2757] KSP converged reason: 4, iterations: 1
  [a=39 b=54 nt=3012] KSP converged reason: 4, iterations: 1
  [a=32 b=41 nt=2650] KSP converged reason: 4, iterations: 1
  [a=37 b=50 nt=2601] KSP converged reason: 4, iterations: 1
  [a=35 b=40 nt=2082] KSP converged reason: 4, iterations: 1
  [a=44 b=50 nt=2952] KSP converged reason: 4, iterations: 1
  [a=48 b=56 nt=3212] KSP converged reason: 4, iterations: 1
  [a=45 b=61 nt=2674] KSP converged reason: 4, iterations: 1
  [a=48 b=62 nt=3514] KSP converged reason: 4, iterations: 1
  [a=50 b=102 nt=5105] KSP converged reason: 4, iterations: 1
  [a=41 b=106 nt=4764] KSP converged reason: 4, iterations: 1
  [a=38 b=111 nt=3801] KSP converged reason: 4, iterations: 1
  [a=46 b=110 nt=4382] KSP converged reason: 4, iterations: 1
  [a=52 b=137 nt=4231] KSP converged reason: 4, iterations: 1
  [a=44 b=69 nt=3776] KSP converged reason: 4, iterations: 1
  [a=44 b=61 nt=3644] KSP converged reason: 4, iterations: 1
  [a=43 b=65 nt=2998] KSP converged reason: 4, iterations: 1
  [a=56 b=85 nt=4584] KSP converged reason: 4, iterations: 1
  [a=53 b=67 nt=3499] KSP converged reason: 4, iterations: 1
  [a=57 b=73 nt=4145] KSP converged reason: 4, iterations: 1
  [a=42 b=58 nt=4510] KSP converged reason: 4, iterations: 1
  [a=37 b=55 nt=4259] KSP converged reason: 4, iterations: 1
  [a=49 b=102 nt=4336] KSP converged reason: 4, iterations: 1
  [a=42 b=53 nt=3398] KSP converged reason: 4, iterations: 1
  [a=46 b=56 nt=2960] KSP converged reason: 4, iterations: 1
  [a=39 b=65 nt=3610] KSP converged reason: 4, iterations: 1
  [a=58 b=66 nt=4066] KSP converged reason: 4, iterations: 1
  [a=35 b=42 nt=4291] KSP converged reason: 4, iterations: 1
  [a=41 b=61 nt=3651] KSP converged reason: 4, iterations: 1
  [a=43 b=56 nt=2835] KSP converged reason: 4, iterations: 1
  [a=40 b=46 nt=3556] KSP converged reason: 4, iterations: 1
  [a=60 b=66 nt=3463] KSP converged reason: 4, iterations: 1
  [a=58 b=70 nt=3405] KSP converged reason: 4, iterations: 1
  [a=37 b=58 nt=3458] KSP converged reason: 4, iterations: 1
  [a=47 b=65 nt=3461] KSP converged reason: 4, iterations: 1
  [a=46 b=53 nt=2971] KSP converged reason: 4, iterations: 1
  [a=41 b=54 nt=3691] KSP converged reason: 4, iterations: 1
  [a=54 b=62 nt=3087] KSP converged reason: 4, iterations: 1
  [a=35 b=41 nt=3102] KSP converged reason: 4, iterations: 1
  [a=42 b=64 nt=2973] KSP converged reason: 4, iterations: 1
  [a=26 b=34 nt=2636] KSP converged reason: 4, iterations: 1
  [a=36 b=46 nt=3163] KSP converged reason: 4, iterations: 1
  [a=38 b=51 nt=3079] KSP converged reason: 4, iterations: 1
  [a=36 b=60 nt=2998] KSP converged reason: 4, iterations: 1
  [a=45 b=65 nt=3508] KSP converged reason: 4, iterations: 1

  [ 286] INFEAS f=1789.837  a=27.1 b=27.7 gap=20.6 (face=13.3mm) n=[349, 498, 346, 322, 441, 255, 409]  no evaluation (geometry pre-check)
  [ 287] viol   f=   4.050  a=36.6 b=47.4 gap=21.5 (face=15.1mm) n=[122, 296, 728, 202, 248, 248, 371]  tape=0.765km B=8.72T unif=1.007% hoop=206MPa
  [ 288] INFEAS f=1236.896  a=46.1 b=48.7 gap=19.5 (face=10.9mm) n=[266, 327, 546, 179, 260, 414, 466]  no evaluation (geometry pre-check)
  [ 289] viol   f=  17.653  a=41.2 b=57.2 gap=17.6 (face=7.3mm) n=[57, 404, 567, 416, 351, 504, 492]  tape=0.972km B=11.77T unif=1.289% hoop=272MPa
  [ 290] OK     f=   1.186  a=47.8 b=57.6 gap=25.0 (face=22.0mm) n=[164, 596, 740, 90, 458, 299, 762]  tape=1.186km B=10.68T unif=0.170% hoop=256MPa
  [ 291] INFEAS f=6275.348  a=50.9 b=44.4 gap=20.0 (face=11.9mm) n=[142, 608, 743, 291, 483, 635, 473]  no evaluation (geometry pre-check)
  [ 292] viol   f= 172.850  a=37.6 b=50.8 gap=28.8 (face=29.6mm) n=[196, 337, 630, 627, 297, 412, 580]  tape=0.985km B=9.87T unif=1.927% hoop=201MPa
  [ 293] viol   f=  15.098  a=48.0 b=56.3 gap=18.7 (face=9.5mm) n=[69, 677, 558, 316, 382, 447, 763]  tape=1.228km B=12.08T unif=1.263% hoop=300MPa
  [ 294] INFEAS f=2539.639  a=40.0 b=38.8 gap=27.0 (face=26.1mm) n=[177, 653, 427, 356, 421, 418, 597]  no evaluation (geometry pre-check)
  [ 295] viol   f=   1.343  a=49.1 b=54.3 gap=19.9 (face=11.7mm) n=[79, 471, 487, 434, 284, 465, 639]  tape=1.051km B=10.87T unif=1.038% hoop=351MPa
  [ 296] OK     f=   1.030  a=41.5 b=55.4 gap=19.3 (face=10.7mm) n=[130, 303, 719, 303, 349, 387, 565]  tape=1.030km B=10.75T unif=0.700% hoop=286MPa
  [ 297] OK     f=   1.071  a=34.9 b=60.0 gap=22.3 (face=16.7mm) n=[73, 336, 610, 233, 552, 556, 674]  tape=1.071km B=10.94T unif=0.541% hoop=197MPa
  [ 298] OK     f=   1.403  a=39.2 b=62.6 gap=24.1 (face=20.1mm) n=[302, 561, 743, 372, 691, 499, 507]  tape=1.403km B=13.31T unif=0.615% hoop=283MPa
  [ 299] INFEAS f=1613.757  a=44.0 b=45.1 gap=30.2 (face=32.3mm) n=[152, 708, 705, 317, 515, 468, 812]  no evaluation (geometry pre-check)
  [ 300] viol   f=   7.679  a=48.1 b=61.1 gap=30.6 (face=33.3mm) n=[213, 400, 279, 316, 521, 501, 796]  tape=1.277km B=8.21T unif=0.307% hoop=279MPa
  [ 301] INFEAS f=1172.028  a=32.3 b=45.4 gap=17.2 (face=6.3mm) n=[197, 278, 262, 295, 670, 575, 815]  no evaluation (geometry pre-check)
  [ 302] INFEAS f=1202.431  a=35.4 b=58.3 gap=22.1 (face=16.1mm) n=[89, 482, 900, 82, 444, 532, 610]  no evaluation (geometry pre-check)
  [ 303] OK     f=   0.824  a=35.1 b=46.8 gap=21.3 (face=14.6mm) n=[138, 447, 569, 277, 412, 442, 479]  tape=0.824km B=11.62T unif=0.411% hoop=217MPa
  [ 304] viol   f=  17.461  a=45.5 b=61.1 gap=19.4 (face=10.7mm) n=[78, 336, 633, 434, 311, 445, 437]  tape=1.049km B=10.28T unif=1.286% hoop=291MPa
  [ 305] OK     f=   1.048  a=43.2 b=49.3 gap=20.0 (face=12.0mm) n=[327, 461, 460, 481, 555, 551, 540]  tape=1.048km B=14.16T unif=0.391% hoop=334MPa
  [ 306] OK     f=   1.218  a=41.5 b=60.2 gap=24.0 (face=19.9mm) n=[312, 447, 721, 221, 439, 487, 507]  tape=1.218km B=11.22T unif=0.461% hoop=280MPa
  [ 307] viol   f=   1.270  a=36.5 b=60.4 gap=27.7 (face=27.4mm) n=[153, 286, 657, 218, 582, 555, 547]  tape=1.078km B=9.69T unif=0.544% hoop=187MPa
  [ 308] OK     f=   1.037  a=37.3 b=59.6 gap=22.7 (face=17.3mm) n=[201, 312, 501, 301, 485, 521, 596]  tape=1.037km B=10.55T unif=0.492% hoop=230MPa
  [ 309] OK     f=   1.414  a=48.3 b=61.6 gap=21.2 (face=14.4mm) n=[162, 558, 451, 293, 511, 783, 756]  tape=1.414km B=11.99T unif=0.329% hoop=332MPa
  [ 310] OK     f=   1.419  a=45.2 b=65.2 gap=22.0 (face=16.1mm) n=[304, 561, 740, 359, 238, 665, 641]  tape=1.419km B=12.32T unif=0.671% hoop=292MPa

==========================================================================================
CMA-ES finished: 310 evaluations in 7.4 min
==========================================================================================

Best feasible design found:
  a_mm             31.678029259294917
  b_mm             41.245121919665046
  gap_mm           22.399650010971417
  face_gap_mm      16.799300021942837
  n_turns          [228, 374, 477, 314, 484, 205, 568]
  n_total          2650
  tape_km          0.7203577296549605
  B_target_T       10.823446477211371
  uniformity_pct   0.9808418446212943
  hoop_MPa         185.51590467521362
  delam_MPa        13.55976249786049
  I_quench_A       400.11841120611126
  I_op_A           220.08713487684886
  binding          quench/SF
  clip_frac        0.1909433962264151

Full evaluation history -> optimize/cmaes_history.csv
Best design            -> optimize/cmaes_results.csv
Appended 310 rows to cumulative master log -> optimize/cmaes_all_evaluations.csv

Figures -> /home/gerrityjack/fenicsx/Racetrack-Coil-Optimization/visualization/cmaes_convergence.png, cmaes_constraints.png, cmaes_variables.png, cmaes_overview.png
Cumulative parameter-space map -> visualization/cmaes_param_map.png (4480 evaluations, 14 runs)
