Starting CMA-ES: 10 variables, budget 300 evaluations, target B >= 10.0 T, uniformity <= 1.0%, hoop <= 400 MPa, coil-coil face gap >= 3 mm

Parallel mode: 6 worker processes per generation.
  [   1] viol   f=  50.868  a=69.0 b=187.6 gap=41.9 (face=55.8mm) n=[475, 386, 404, 444, 727, 208, 172]  tape=2.724km B=5.09T unif=0.134% hoop=400MPa
  [   2] viol   f=  27.892  a=77.9 b=163.2 gap=42.7 (face=57.3mm) n=[503, 719, 742, 821, 444, 232, 93]  tape=3.108km B=6.48T unif=0.229% hoop=400MPa
  [   3] viol   f=  59.753  a=97.2 b=178.4 gap=42.6 (face=57.1mm) n=[60, 84, 875, 726, 447, 81, 484]  tape=2.737km B=4.66T unif=0.235% hoop=385MPa
  [   4] viol   f=  16.195  a=71.1 b=182.5 gap=43.7 (face=59.5mm) n=[713, 644, 832, 605, 772, 58, 426]  tape=3.756km B=7.51T unif=0.147% hoop=400MPa
  [   5] viol   f=  49.450  a=95.2 b=126.1 gap=44.9 (face=61.9mm) n=[312, 664, 615, 865, 118, 160, 197]  tape=2.302km B=5.14T unif=0.357% hoop=400MPa
  [   6] viol   f=  17.393  a=80.3 b=161.4 gap=42.6 (face=57.1mm) n=[663, 871, 600, 715, 496, 657, 610]  tape=4.036km B=7.42T unif=0.235% hoop=400MPa
  [   7] viol   f=  36.106  a=87.8 b=130.0 gap=43.8 (face=59.5mm) n=[244, 436, 658, 712, 331, 114, 688]  tape=2.407km B=5.90T unif=0.299% hoop=400MPa
  [   8] viol   f=  31.851  a=73.2 b=188.1 gap=40.4 (face=52.9mm) n=[340, 111, 411, 859, 606, 276, 843]  tape=3.350km B=6.23T unif=0.144% hoop=364MPa
  [   9] viol   f=  64.179  a=96.6 b=184.5 gap=45.0 (face=61.9mm) n=[82, 247, 876, 654, 396, 524, 552]  tape=3.409km B=4.49T unif=0.197% hoop=400MPa
  [  10] viol   f=  43.670  a=85.7 b=185.7 gap=44.0 (face=59.9mm) n=[280, 536, 817, 708, 432, 364, 210]  tape=3.338km B=5.51T unif=0.185% hoop=400MPa
  [  11] viol   f=  53.686  a=108.3 b=198.5 gap=30.6 (face=33.2mm) n=[706, 417, 517, 690, 787, 411, 362]  tape=4.222km B=5.03T unif=0.259% hoop=400MPa
  [  12] viol   f=   3.518  a=52.1 b=155.5 gap=39.8 (face=51.7mm) n=[680, 761, 771, 808, 460, 244, 667]  tape=3.381km B=9.74T unif=0.289% hoop=307MPa
  [  13] viol   f=  21.628  a=77.3 b=175.2 gap=44.3 (face=60.7mm) n=[699, 891, 719, 723, 716, 440, 508]  tape=4.331km B=7.06T unif=0.183% hoop=400MPa
  [  14] viol   f=  32.332  a=92.3 b=160.7 gap=44.9 (face=61.9mm) n=[676, 829, 835, 799, 879, 267, 239]  tape=4.001km B=6.24T unif=0.271% hoop=400MPa
  [  15] viol   f=  16.866  a=76.5 b=177.1 gap=45.0 (face=61.9mm) n=[753, 775, 870, 894, 66, 436, 578]  tape=4.015km B=7.47T unif=0.174% hoop=400MPa
  [  16] INFEAS f=1012.529  a=36.2 b=164.0 gap=43.6 (face=59.2mm) n=[470, 894, 404, 590, 567, 513, 310]  no evaluation (geometry pre-check)
  [  17] viol   f=  58.744  a=96.6 b=144.4 gap=44.5 (face=60.9mm) n=[464, 473, 812, 512, 485, 198, 482]  tape=2.950km B=4.72T unif=0.322% hoop=400MPa
  [  18] viol   f=   6.894  a=54.5 b=156.7 gap=45.0 (face=62.0mm) n=[341, 806, 868, 807, 709, 454, 410]  tape=3.482km B=8.69T unif=0.249% hoop=333MPa
  [  19] viol   f=  20.208  a=57.4 b=164.4 gap=44.8 (face=61.7mm) n=[678, 278, 826, 597, 536, 61, 606]  tape=2.996km B=7.07T unif=0.214% hoop=328MPa
  [  20] viol   f=  19.686  a=74.9 b=181.2 gap=44.9 (face=61.8mm) n=[861, 827, 830, 358, 389, 553, 269]  tape=3.838km B=7.18T unif=0.161% hoop=400MPa
  [  21] viol   f=   4.955  a=58.8 b=128.5 gap=43.8 (face=59.6mm) n=[681, 799, 899, 898, 54, 430, 482]  tape=2.910km B=8.99T unif=0.303% hoop=322MPa
  [  22] viol   f=  18.696  a=67.0 b=188.4 gap=44.4 (face=60.7mm) n=[401, 515, 894, 869, 439, 72, 736]  tape=3.745km B=7.27T unif=0.159% hoop=363MPa
  [  23] viol   f=  18.122  a=74.9 b=144.7 gap=40.9 (face=53.8mm) n=[580, 585, 888, 898, 496, 453, 484]  tape=3.517km B=7.30T unif=0.267% hoop=400MPa
  [  24] viol   f=  11.854  a=75.3 b=136.0 gap=41.3 (face=54.7mm) n=[432, 674, 629, 900, 534, 593, 868]  tape=3.535km B=7.96T unif=0.265% hoop=400MPa
  [  25] viol   f=  11.372  a=85.3 b=131.7 gap=44.8 (face=61.6mm) n=[897, 771, 900, 796, 630, 283, 313]  tape=3.481km B=8.01T unif=0.339% hoop=400MPa
  [  26] viol   f=   2.558  a=40.3 b=99.6 gap=40.2 (face=52.5mm) n=[821, 542, 879, 506, 445, 91, 848]  tape=2.193km B=9.57T unif=0.487% hoop=262MPa
  [  27] viol   f=   7.514  a=56.7 b=136.2 gap=43.2 (face=58.3mm) n=[736, 706, 731, 560, 438, 51, 665]  tape=2.701km B=8.45T unif=0.284% hoop=315MPa
  [  28] viol   f=  39.517  a=48.9 b=203.0 gap=44.4 (face=60.9mm) n=[403, 489, 433, 805, 108, 454, 283]  tape=2.950km B=5.72T unif=0.157% hoop=294MPa
  [  29] viol   f=   5.299  a=50.7 b=184.4 gap=44.9 (face=61.8mm) n=[694, 586, 691, 803, 577, 648, 812]  tape=4.234km B=9.27T unif=0.229% hoop=342MPa
  [  30] INFEAS f=9903.461  a=27.6 b=172.3 gap=43.4 (face=58.8mm) n=[810, 645, 895, 591, 512, 379, 577]  no evaluation (geometry pre-check)
  [  31] OK     f=   3.097  a=59.0 b=108.8 gap=36.9 (face=45.8mm) n=[740, 857, 879, 884, 496, 440, 898]  tape=3.097km B=12.37T unif=0.391% hoop=398MPa
  [  32] viol   f=   4.145  a=34.4 b=90.0 gap=42.2 (face=56.3mm) n=[837, 682, 625, 421, 548, 131, 613]  tape=1.880km B=8.94T unif=0.513% hoop=219MPa
  [  33] viol   f=   3.639  a=74.7 b=102.9 gap=43.3 (face=58.7mm) n=[898, 696, 430, 812, 680, 255, 833]  tape=2.864km B=9.38T unif=0.264% hoop=400MPa
  [  34] INFEAS f=25422.944  a=19.5 b=116.8 gap=40.7 (face=53.3mm) n=[741, 319, 457, 384, 780, 50, 836]  no evaluation (geometry pre-check)
  [  35] viol   f=   5.038  a=61.5 b=116.5 gap=39.3 (face=50.6mm) n=[562, 286, 656, 678, 564, 657, 571]  tape=2.489km B=8.87T unif=0.308% hoop=374MPa
  [  36] viol   f=   5.040  a=72.3 b=110.1 gap=45.0 (face=62.0mm) n=[889, 892, 759, 769, 390, 151, 613]  tape=2.862km B=8.96T unif=0.289% hoop=400MPa
  [  37] OK     f=   2.976  a=53.7 b=123.7 gap=41.8 (face=55.6mm) n=[820, 854, 778, 710, 272, 445, 699]  tape=2.976km B=10.25T unif=0.372% hoop=317MPa
  [  38] INFEAS f=2722.351  a=31.5 b=121.8 gap=36.5 (face=45.0mm) n=[338, 866, 754, 249, 537, 713, 718]  no evaluation (geometry pre-check)
  [  39] OK     f=   2.404  a=46.6 b=89.2 gap=45.0 (face=62.0mm) n=[896, 694, 868, 657, 482, 819, 375]  tape=2.404km B=10.54T unif=0.257% hoop=323MPa
  [  40] viol   f=   4.052  a=51.1 b=132.7 gap=42.7 (face=57.5mm) n=[708, 588, 786, 271, 799, 497, 747]  tape=2.971km B=9.26T unif=0.299% hoop=304MPa
  [  41] OK     f=   2.633  a=69.1 b=79.4 gap=38.3 (face=48.6mm) n=[859, 687, 899, 840, 481, 897, 570]  tape=2.633km B=12.34T unif=0.126% hoop=400MPa
  [  42] INFEAS f=3726.341  a=31.8 b=75.3 gap=44.5 (face=61.1mm) n=[883, 900, 833, 869, 466, 695, 899]  no evaluation (geometry pre-check)
  [  43] INFEAS f=1907.808  a=32.0 b=81.3 gap=32.6 (face=37.1mm) n=[260, 631, 849, 554, 484, 755, 228]  no evaluation (geometry pre-check)
  [  44] viol   f=  54.891  a=100.5 b=167.5 gap=44.5 (face=60.9mm) n=[633, 606, 841, 432, 460, 357, 528]  tape=3.697km B=4.94T unif=0.273% hoop=400MPa
  [  45] viol   f=  22.988  a=90.7 b=105.8 gap=44.9 (face=61.9mm) n=[445, 781, 447, 893, 56, 549, 424]  tape=2.482km B=6.80T unif=0.284% hoop=400MPa
  [  46] viol   f=   6.887  a=47.8 b=79.8 gap=43.7 (face=59.4mm) n=[882, 538, 853, 190, 56, 821, 281]  tape=1.693km B=8.39T unif=0.466% hoop=225MPa
  [  47] viol   f=  11.971  a=77.4 b=149.6 gap=44.4 (face=60.8mm) n=[891, 558, 198, 820, 814, 774, 869]  tape=3.948km B=8.00T unif=0.228% hoop=400MPa
  [  48] viol   f=   5.116  a=75.5 b=149.5 gap=43.4 (face=58.8mm) n=[737, 890, 839, 889, 551, 699, 787]  tape=4.285km B=9.36T unif=0.246% hoop=400MPa
  [  49] viol   f=   9.455  a=83.3 b=106.5 gap=44.4 (face=60.7mm) n=[539, 525, 874, 885, 776, 897, 431]  tape=3.203km B=8.23T unif=0.162% hoop=400MPa
  [  50] viol   f=   5.641  a=46.1 b=74.4 gap=44.6 (face=61.2mm) n=[851, 900, 627, 312, 94, 458, 419]  tape=1.680km B=8.59T unif=0.627% hoop=257MPa
  [  51] viol   f=   2.562  a=73.4 b=91.9 gap=42.9 (face=57.9mm) n=[848, 341, 843, 794, 149, 865, 636]  tape=2.517km B=9.85T unif=0.034% hoop=399MPa
  [  52] viol   f=   2.944  a=59.4 b=108.1 gap=44.8 (face=61.6mm) n=[849, 813, 278, 796, 160, 900, 899]  tape=2.783km B=9.72T unif=0.195% hoop=303MPa
  [  53] viol   f=  11.780  a=73.7 b=114.5 gap=43.5 (face=59.0mm) n=[529, 765, 416, 611, 898, 322, 512]  tape=2.787km B=7.88T unif=0.291% hoop=400MPa
  [  54] OK     f=   2.171  a=45.4 b=79.1 gap=44.8 (face=61.6mm) n=[510, 898, 684, 817, 488, 790, 479]  tape=2.171km B=10.22T unif=0.569% hoop=295MPa
  [  55] viol   f=   5.935  a=71.4 b=93.9 gap=44.7 (face=61.3mm) n=[734, 618, 462, 803, 180, 870, 438]  tape=2.402km B=8.67T unif=0.061% hoop=386MPa
  [  56] INFEAS f=30543.247  a=118.8 b=96.6 gap=44.8 (face=61.6mm) n=[899, 869, 896, 425, 573, 858, 880]  no evaluation (geometry pre-check)
  [  57] viol   f=  20.699  a=90.9 b=137.1 gap=42.8 (face=57.6mm) n=[692, 366, 545, 768, 580, 805, 870]  tape=3.682km B=7.08T unif=0.295% hoop=400MPa
  [  58] OK     f=   2.420  a=37.4 b=101.1 gap=39.2 (face=50.4mm) n=[900, 700, 678, 689, 307, 723, 487]  tape=2.420km B=10.85T unif=0.572% hoop=256MPa
  [  59] viol   f=   3.135  a=80.1 b=89.8 gap=43.8 (face=59.6mm) n=[760, 870, 769, 817, 627, 767, 900]  tape=3.121km B=9.92T unif=0.087% hoop=400MPa
  [  60] viol   f=  12.060  a=84.7 b=126.2 gap=44.4 (face=60.9mm) n=[794, 565, 796, 830, 353, 511, 638]  tape=3.288km B=7.91T unif=0.319% hoop=400MPa
  [  61] INFEAS f=17912.208  a=105.4 b=89.8 gap=39.1 (face=50.2mm) n=[294, 464, 656, 657, 782, 847, 128]  no evaluation (geometry pre-check)
  [  62] INFEAS f=2277.347  a=33.2 b=38.5 gap=44.9 (face=61.9mm) n=[696, 774, 782, 871, 295, 896, 867]  no evaluation (geometry pre-check)
  [  63] viol   f=   5.178  a=38.2 b=118.3 gap=43.6 (face=59.2mm) n=[652, 881, 366, 625, 534, 651, 419]  tape=2.555km B=8.85T unif=0.386% hoop=262MPa
  [  64] INFEAS f=3065.975  a=66.9 b=64.8 gap=41.8 (face=55.6mm) n=[786, 590, 351, 737, 279, 603, 675]  no evaluation (geometry pre-check)
  [  65] viol   f=   4.333  a=54.6 b=110.3 gap=37.6 (face=47.2mm) n=[514, 900, 377, 764, 119, 525, 660]  tape=2.408km B=9.02T unif=0.397% hoop=307MPa
  [  66] INFEAS f=4101.879  a=31.4 b=141.0 gap=42.0 (face=56.0mm) n=[897, 848, 898, 722, 789, 883, 526]  no evaluation (geometry pre-check)
  [  67] viol   f=   4.324  a=57.7 b=81.4 gap=42.7 (face=57.4mm) n=[453, 362, 790, 794, 532, 694, 314]  tape=1.961km B=8.91T unif=0.387% hoop=319MPa
  [  68] viol   f= 127.238  a=58.9 b=64.2 gap=44.3 (face=60.6mm) n=[858, 898, 501, 411, 395, 899, 296]  tape=1.857km B=9.88T unif=1.792% hoop=385MPa
  [  69] INFEAS f=20655.524  a=22.2 b=60.3 gap=45.0 (face=62.0mm) n=[868, 710, 436, 392, 56, 714, 370]  no evaluation (geometry pre-check)
  [  70] viol   f= 718.728  a=40.0 b=48.8 gap=45.0 (face=62.0mm) n=[537, 575, 526, 866, 153, 490, 505]  tape=1.282km B=8.05T unif=2.884% hoop=239MPa
  [  71] viol   f=   6.652  a=64.3 b=93.7 gap=39.5 (face=51.1mm) n=[422, 536, 801, 725, 227, 773, 148]  tape=2.037km B=8.48T unif=0.235% hoop=331MPa
  [  72] viol   f=  12.260  a=52.9 b=116.6 gap=45.0 (face=62.0mm) n=[238, 524, 899, 730, 467, 453, 508]  tape=2.496km B=7.79T unif=0.275% hoop=381MPa
  [  73] viol   f=  12.225  a=88.0 b=101.6 gap=43.0 (face=57.9mm) n=[504, 429, 900, 833, 697, 774, 100]  tape=2.756km B=7.82T unif=0.220% hoop=400MPa
  [  74] viol   f=   7.543  a=82.1 b=109.9 gap=42.7 (face=57.4mm) n=[775, 700, 718, 800, 483, 870, 882]  tape=3.420km B=8.56T unif=0.241% hoop=400MPa
  [  75] viol   f=   4.073  a=58.1 b=77.7 gap=44.6 (face=61.2mm) n=[748, 313, 889, 718, 222, 483, 650]  tape=1.998km B=8.98T unif=0.518% hoop=298MPa
  [  76] INFEAS f=1640.543  a=34.3 b=90.7 gap=43.5 (face=59.0mm) n=[383, 378, 539, 895, 749, 900, 900]  no evaluation (geometry pre-check)
  [  77] viol   f=   3.885  a=53.1 b=128.1 gap=45.0 (face=61.9mm) n=[788, 527, 653, 900, 630, 459, 635]  tape=3.143km B=9.39T unif=0.283% hoop=364MPa
  [  78] OK     f=   2.155  a=61.6 b=74.0 gap=44.2 (face=60.4mm) n=[586, 883, 859, 519, 222, 594, 887]  tape=2.155km B=10.13T unif=0.930% hoop=341MPa
  [  79] viol   f=  11.238  a=61.1 b=104.9 gap=44.5 (face=61.0mm) n=[897, 150, 137, 867, 568, 883, 123]  tape=2.154km B=7.87T unif=0.223% hoop=270MPa
  [  80] viol   f=   2.792  a=45.0 b=85.4 gap=45.0 (face=62.0mm) n=[628, 704, 751, 796, 86, 684, 719]  tape=2.035km B=9.38T unif=0.435% hoop=246MPa
  [  81] viol   f=   3.373  a=48.3 b=91.6 gap=45.0 (face=62.0mm) n=[842, 823, 358, 893, 85, 445, 855]  tape=2.191km B=9.23T unif=0.227% hoop=247MPa
  [  82] INFEAS f=1457.421  a=34.7 b=101.8 gap=42.7 (face=57.4mm) n=[795, 774, 900, 877, 180, 251, 870]  no evaluation (geometry pre-check)
  [  83] INFEAS f=43111.923  a=17.2 b=78.2 gap=44.1 (face=60.3mm) n=[761, 829, 898, 765, 735, 644, 841]  no evaluation (geometry pre-check)
  [  84] INFEAS f=56733.430  a=14.2 b=75.4 gap=43.7 (face=59.3mm) n=[727, 453, 449, 172, 165, 889, 897]  no evaluation (geometry pre-check)
  [  85] OK     f=   2.143  a=41.0 b=77.5 gap=44.7 (face=61.5mm) n=[777, 804, 621, 898, 255, 886, 679]  tape=2.143km B=10.46T unif=0.712% hoop=255MPa
  [  86] viol   f=   3.949  a=50.9 b=76.2 gap=44.8 (face=61.6mm) n=[561, 889, 696, 860, 309, 110, 521]  tape=1.851km B=8.98T unif=0.695% hoop=267MPa
  [  87] viol   f=   9.233  a=85.3 b=115.8 gap=44.0 (face=59.9mm) n=[396, 375, 900, 886, 496, 900, 820]  tape=3.299km B=8.28T unif=0.186% hoop=400MPa
  [  88] INFEAS f=10774.252  a=27.4 b=67.2 gap=44.9 (face=61.7mm) n=[900, 889, 471, 306, 189, 840, 896]  no evaluation (geometry pre-check)
  [  89] INFEAS f=1237.948  a=34.7 b=106.8 gap=41.5 (face=55.0mm) n=[757, 796, 598, 884, 130, 259, 695]  no evaluation (geometry pre-check)
  [  90] INFEAS f=81987.395  a=8.7 b=86.5 gap=40.9 (face=53.8mm) n=[563, 639, 655, 697, 211, 871, 808]  no evaluation (geometry pre-check)
  [  91] INFEAS f=33722.380  a=18.7 b=72.6 gap=43.6 (face=59.3mm) n=[834, 803, 850, 828, 343, 346, 876]  no evaluation (geometry pre-check)
  [  92] viol   f=   4.763  a=56.5 b=117.1 gap=42.8 (face=57.6mm) n=[898, 460, 374, 859, 112, 677, 865]  tape=2.701km B=8.98T unif=0.295% hoop=320MPa
  [  93] viol   f=   3.045  a=71.5 b=79.2 gap=44.9 (face=61.8mm) n=[893, 646, 252, 790, 706, 624, 577]  tape=2.363km B=9.42T unif=0.389% hoop=400MPa
  [  94] INFEAS f=1567.439  a=31.7 b=89.3 gap=43.8 (face=59.7mm) n=[762, 484, 310, 826, 465, 408, 371]  no evaluation (geometry pre-check)
  [  95] INFEAS f=5161.692  a=30.4 b=86.8 gap=41.8 (face=55.5mm) n=[603, 766, 893, 867, 272, 413, 566]  no evaluation (geometry pre-check)
  [  96] viol   f=   4.092  a=56.5 b=78.2 gap=43.5 (face=59.0mm) n=[861, 760, 298, 588, 72, 627, 619]  tape=1.869km B=8.95T unif=0.410% hoop=326MPa
  [  97] viol   f=   3.508  a=72.0 b=108.6 gap=44.9 (face=61.7mm) n=[581, 792, 853, 839, 243, 829, 654]  tape=2.989km B=9.49T unif=0.186% hoop=400MPa
  [  98] viol   f=   2.598  a=62.7 b=79.1 gap=45.0 (face=61.9mm) n=[552, 897, 436, 715, 684, 640, 653]  tape=2.337km B=9.64T unif=0.466% hoop=400MPa
  [  99] INFEAS f=8623.192  a=67.7 b=58.9 gap=45.0 (face=62.0mm) n=[690, 847, 456, 900, 815, 891, 762]  no evaluation (geometry pre-check)
  [ 100] viol   f=   2.511  a=72.9 b=86.2 gap=43.3 (face=58.7mm) n=[751, 896, 665, 880, 111, 567, 669]  tape=2.486km B=9.89T unif=0.096% hoop=400MPa
  [ 101] viol   f=  14.012  a=55.2 b=122.7 gap=44.3 (face=60.6mm) n=[525, 451, 464, 765, 314, 447, 810]  tape=2.524km B=7.60T unif=0.257% hoop=388MPa
  [ 102] INFEAS f=6471.905  a=87.1 b=80.4 gap=43.3 (face=58.7mm) n=[895, 665, 79, 877, 548, 716, 343]  no evaluation (geometry pre-check)
  [ 103] INFEAS f=55058.107  a=94.1 b=62.4 gap=41.9 (face=55.9mm) n=[897, 868, 311, 692, 201, 432, 880]  no evaluation (geometry pre-check)
  [ 104] viol   f=   8.213  a=84.8 b=103.0 gap=41.9 (face=55.9mm) n=[696, 757, 595, 881, 288, 501, 898]  tape=2.989km B=8.38T unif=0.266% hoop=400MPa
  [ 105] INFEAS f=1257.481  a=53.0 b=55.4 gap=43.4 (face=58.8mm) n=[797, 546, 870, 879, 479, 894, 876]  no evaluation (geometry pre-check)
  [ 106] INFEAS f=1083.614  a=47.6 b=51.2 gap=43.3 (face=58.6mm) n=[811, 894, 678, 842, 409, 429, 898]  no evaluation (geometry pre-check)
  [ 107] INFEAS f=13821.378  a=85.4 b=72.5 gap=42.2 (face=56.5mm) n=[888, 788, 890, 856, 346, 654, 597]  no evaluation (geometry pre-check)
  [ 108] viol   f=   2.688  a=59.0 b=106.8 gap=41.1 (face=54.3mm) n=[818, 846, 172, 691, 608, 892, 338]  tape=2.623km B=9.82T unif=0.325% hoop=334MPa
  [ 109] viol   f=   8.889  a=84.0 b=120.9 gap=43.5 (face=58.9mm) n=[897, 562, 606, 836, 662, 743, 862]  tape=3.658km B=8.38T unif=0.303% hoop=400MPa
  [ 110] viol   f=   2.914  a=52.5 b=115.6 gap=45.0 (face=62.0mm) n=[865, 874, 290, 859, 546, 461, 835]  tape=2.893km B=9.90T unif=0.347% hoop=318MPa
  [ 111] OK     f=   2.648  a=43.4 b=106.1 gap=40.0 (face=52.0mm) n=[808, 739, 379, 899, 752, 660, 434]  tape=2.648km B=10.93T unif=0.440% hoop=282MPa
  [ 112] OK     f=   3.565  a=48.9 b=139.3 gap=43.9 (face=59.8mm) n=[764, 900, 518, 741, 640, 604, 890]  tape=3.565km B=10.40T unif=0.295% hoop=343MPa
  [ 113] viol   f=   6.352  a=70.6 b=122.9 gap=44.9 (face=61.7mm) n=[588, 701, 757, 771, 691, 785, 394]  tape=3.159km B=8.74T unif=0.252% hoop=400MPa
  [ 114] OK     f=   2.990  a=56.7 b=106.4 gap=44.9 (face=61.8mm) n=[882, 825, 672, 846, 383, 800, 729]  tape=2.990km B=10.99T unif=0.248% hoop=357MPa
  [ 115] INFEAS f=4626.695  a=30.4 b=46.3 gap=44.2 (face=60.5mm) n=[372, 884, 89, 663, 503, 863, 725]  no evaluation (geometry pre-check)
  [ 116] INFEAS f=3501.634  a=31.3 b=77.2 gap=36.0 (face=44.0mm) n=[545, 779, 168, 689, 513, 880, 557]  no evaluation (geometry pre-check)
  [ 117] INFEAS f=4770.932  a=69.5 b=64.8 gap=45.0 (face=62.0mm) n=[605, 864, 553, 605, 683, 647, 805]  no evaluation (geometry pre-check)
  [ 118] viol   f=   3.050  a=44.8 b=88.4 gap=43.9 (face=59.8mm) n=[766, 881, 108, 595, 573, 689, 559]  tape=2.097km B=9.31T unif=0.199% hoop=292MPa
  [ 119] viol   f=   5.889  a=57.7 b=155.8 gap=44.9 (face=61.8mm) n=[898, 587, 168, 704, 631, 745, 830]  tape=3.629km B=8.94T unif=0.251% hoop=355MPa
  [ 120] viol   f=   8.469  a=46.9 b=115.1 gap=44.1 (face=60.1mm) n=[883, 805, 66, 394, 652, 354, 646]  tape=2.345km B=8.25T unif=0.407% hoop=258MPa
  [ 121] INFEAS f=7618.528  a=26.6 b=123.1 gap=44.8 (face=61.5mm) n=[818, 712, 472, 834, 695, 268, 730]  no evaluation (geometry pre-check)
  [ 122] viol   f=   9.702  a=67.5 b=107.0 gap=44.9 (face=61.7mm) n=[567, 770, 389, 522, 268, 895, 597]  tape=2.573km B=8.11T unif=0.217% hoop=390MPa
  [ 123] viol   f=   7.783  a=62.7 b=141.8 gap=44.9 (face=61.9mm) n=[553, 770, 653, 768, 467, 574, 583]  tape=3.235km B=8.49T unif=0.248% hoop=400MPa
  [ 124] OK     f=   2.610  a=38.0 b=119.3 gap=37.9 (face=47.8mm) n=[671, 471, 545, 674, 604, 729, 748]  tape=2.610km B=10.32T unif=0.454% hoop=255MPa
  [ 125] viol   f=   4.181  a=38.6 b=103.7 gap=44.8 (face=61.7mm) n=[888, 772, 240, 699, 697, 454, 508]  tape=2.354km B=9.04T unif=0.436% hoop=244MPa
  [ 126] viol   f=  94.448  a=37.0 b=64.3 gap=44.6 (face=61.1mm) n=[625, 788, 208, 895, 824, 739, 750]  tape=1.809km B=9.85T unif=1.680% hoop=215MPa
  [ 127] viol   f=   2.309  a=46.0 b=80.5 gap=44.7 (face=61.4mm) n=[603, 831, 395, 531, 544, 788, 758]  tape=2.070km B=9.65T unif=0.488% hoop=334MPa
  [ 128] viol   f=   3.521  a=63.9 b=89.7 gap=44.8 (face=61.6mm) n=[744, 470, 143, 900, 504, 883, 775]  tape=2.405km B=9.25T unif=0.245% hoop=340MPa
  [ 129] INFEAS f=1461.489  a=78.5 b=80.1 gap=37.5 (face=47.0mm) n=[886, 574, 254, 811, 883, 820, 891]  no evaluation (geometry pre-check)
  [ 130] OK     f=   2.574  a=41.6 b=108.6 gap=42.5 (face=57.0mm) n=[781, 667, 344, 708, 800, 637, 703]  tape=2.574km B=10.11T unif=0.432% hoop=253MPa
  [ 131] OK     f=   2.421  a=38.7 b=93.3 gap=44.2 (face=60.4mm) n=[831, 811, 624, 424, 676, 847, 752]  tape=2.421km B=10.28T unif=0.326% hoop=261MPa
  [ 132] viol   f=   2.298  a=60.5 b=77.6 gap=42.9 (face=57.8mm) n=[609, 617, 432, 670, 718, 663, 858]  tape=2.246km B=9.84T unif=0.428% hoop=400MPa
  [ 133] INFEAS f=28712.133  a=19.9 b=100.9 gap=39.8 (face=51.6mm) n=[844, 498, 352, 762, 794, 871, 842]  no evaluation (geometry pre-check)
  [ 134] OK     f=   2.860  a=61.3 b=110.0 gap=37.9 (face=47.8mm) n=[385, 890, 540, 832, 879, 644, 437]  tape=2.860km B=10.56T unif=0.354% hoop=381MPa
  [ 135] viol   f=  92.765  a=39.4 b=65.3 gap=43.9 (face=59.8mm) n=[820, 841, 88, 773, 897, 630, 573]  tape=1.773km B=10.10T unif=1.675% hoop=229MPa
  [ 136] OK     f=   2.169  a=40.3 b=79.5 gap=44.7 (face=61.5mm) n=[484, 855, 540, 649, 866, 706, 803]  tape=2.169km B=10.08T unif=0.644% hoop=275MPa
  [ 137] viol   f=   5.963  a=52.4 b=113.6 gap=42.7 (face=57.3mm) n=[894, 513, 85, 635, 880, 541, 405]  tape=2.464km B=8.68T unif=0.360% hoop=297MPa
  [ 138] INFEAS f=11955.712  a=22.5 b=79.8 gap=44.5 (face=61.1mm) n=[785, 682, 95, 735, 172, 749, 735]  no evaluation (geometry pre-check)
  [ 139] INFEAS f=2173.621  a=28.8 b=79.9 gap=33.6 (face=39.1mm) n=[360, 514, 306, 765, 776, 480, 421]  no evaluation (geometry pre-check)
  [ 140] viol   f=   2.540  a=67.1 b=88.4 gap=39.7 (face=51.4mm) n=[428, 536, 379, 831, 878, 613, 699]  tape=2.421km B=9.76T unif=0.044% hoop=397MPa
  [ 141] INFEAS f=1331.566  a=35.0 b=79.2 gap=43.8 (face=59.6mm) n=[885, 751, 670, 892, 900, 412, 897]  no evaluation (geometry pre-check)
  [ 142] viol   f=   6.025  a=67.8 b=96.4 gap=45.0 (face=62.0mm) n=[495, 824, 151, 722, 569, 610, 812]  tape=2.408km B=8.66T unif=0.048% hoop=400MPa
  [ 143] viol   f=   2.996  a=42.2 b=112.2 gap=44.4 (face=60.9mm) n=[331, 895, 711, 622, 865, 643, 827]  tape=2.841km B=9.72T unif=0.367% hoop=290MPa
  [ 144] viol   f=   3.571  a=76.4 b=104.2 gap=45.0 (face=62.0mm) n=[745, 827, 555, 858, 743, 651, 885]  tape=3.258km B=9.60T unif=0.150% hoop=400MPa
  [ 145] OK     f=   2.329  a=44.4 b=98.5 gap=37.5 (face=46.9mm) n=[645, 869, 101, 641, 682, 657, 766]  tape=2.329km B=10.72T unif=0.404% hoop=274MPa
  [ 146] INFEAS f=1000.366  a=61.4 b=66.3 gap=37.0 (face=46.1mm) n=[390, 660, 449, 489, 705, 677, 425]  no evaluation (geometry pre-check)
  [ 147] INFEAS f=5588.950  a=27.4 b=111.3 gap=43.6 (face=59.2mm) n=[299, 822, 416, 589, 730, 600, 757]  no evaluation (geometry pre-check)
  [ 148] viol   f=   3.119  a=57.5 b=72.3 gap=45.0 (face=62.0mm) n=[681, 581, 159, 880, 883, 692, 365]  tape=1.960km B=9.33T unif=1.036% hoop=299MPa
  [ 149] INFEAS f=33040.260  a=66.6 b=43.3 gap=44.8 (face=61.7mm) n=[555, 668, 483, 711, 514, 900, 897]  no evaluation (geometry pre-check)
  [ 150] viol   f=   2.559  a=60.9 b=80.2 gap=43.1 (face=58.3mm) n=[593, 734, 611, 328, 649, 520, 815]  tape=2.127km B=9.54T unif=0.303% hoop=368MPa
  [ 151] OK     f=   2.430  a=52.6 b=91.1 gap=43.9 (face=59.9mm) n=[793, 852, 124, 560, 770, 872, 815]  tape=2.430km B=10.37T unif=0.257% hoop=301MPa
  [ 152] viol   f=   4.775  a=40.7 b=107.1 gap=36.8 (face=45.5mm) n=[191, 893, 171, 448, 835, 622, 637]  tape=2.177km B=8.86T unif=0.534% hoop=235MPa
  [ 153] viol   f=  50.072  a=34.6 b=59.9 gap=40.2 (face=52.4mm) n=[381, 749, 622, 457, 634, 380, 819]  tape=1.474km B=9.48T unif=1.490% hoop=228MPa
  [ 154] viol   f=  37.492  a=32.1 b=99.2 gap=43.6 (face=59.2mm) n=[500, 231, 63, 293, 766, 410, 576]  tape=1.499km B=5.76T unif=0.348% hoop=178MPa
  [ 155] INFEAS f=1555.399  a=33.7 b=85.6 gap=35.0 (face=42.0mm) n=[714, 828, 878, 326, 648, 55, 720]  no evaluation (geometry pre-check)
  [ 156] viol   f=  20.676  a=75.7 b=115.4 gap=44.4 (face=60.7mm) n=[462, 521, 486, 695, 688, 378, 815]  tape=2.758km B=7.01T unif=0.234% hoop=400MPa
  [ 157] viol   f=   3.784  a=54.1 b=111.7 gap=41.1 (face=54.3mm) n=[264, 756, 487, 900, 595, 862, 451]  tape=2.671km B=9.25T unif=0.304% hoop=336MPa
  [ 158] viol   f=  19.470  a=41.0 b=111.6 gap=44.9 (face=61.8mm) n=[281, 836, 122, 258, 771, 496, 899]  tape=2.163km B=7.06T unif=0.347% hoop=215MPa
  [ 159] OK     f=   2.878  a=43.3 b=110.4 gap=41.2 (face=54.5mm) n=[729, 762, 466, 819, 513, 886, 855]  tape=2.878km B=10.97T unif=0.382% hoop=293MPa
  [ 160] INFEAS f=2773.711  a=32.7 b=97.4 gap=30.7 (face=33.3mm) n=[515, 685, 282, 355, 710, 741, 899]  no evaluation (geometry pre-check)
  [ 161] viol   f=   3.133  a=57.4 b=113.1 gap=41.9 (face=55.7mm) n=[869, 463, 268, 883, 579, 742, 586]  tape=2.756km B=9.57T unif=0.310% hoop=355MPa
  [ 162] OK     f=   3.047  a=53.8 b=108.8 gap=44.3 (face=60.7mm) n=[604, 900, 700, 463, 898, 737, 878]  tape=3.047km B=10.72T unif=0.248% hoop=342MPa
  [ 163] OK     f=   2.637  a=39.0 b=104.4 gap=40.8 (face=53.5mm) n=[505, 716, 462, 594, 900, 780, 857]  tape=2.637km B=10.27T unif=0.382% hoop=275MPa
  [ 164] OK     f=   1.943  a=42.8 b=81.5 gap=34.1 (face=40.3mm) n=[359, 814, 203, 619, 892, 716, 490]  tape=1.943km B=10.71T unif=0.380% hoop=265MPa
  [ 165] INFEAS f=8422.169  a=28.5 b=122.5 gap=44.3 (face=60.7mm) n=[688, 882, 79, 588, 882, 899, 829]  no evaluation (geometry pre-check)
  [ 166] viol   f=   4.093  a=57.8 b=72.6 gap=43.6 (face=59.1mm) n=[485, 636, 136, 630, 859, 752, 587]  tape=1.916km B=8.96T unif=0.815% hoop=325MPa
  [ 167] OK     f=   2.290  a=58.8 b=75.6 gap=44.8 (face=61.6mm) n=[791, 867, 342, 637, 889, 827, 521]  tape=2.290km B=10.85T unif=0.875% hoop=352MPa
  [ 168] viol   f=   9.296  a=45.5 b=67.1 gap=41.8 (face=55.6mm) n=[609, 718, 166, 449, 877, 884, 774]  tape=1.830km B=10.05T unif=1.193% hoop=251MPa
  [ 169] viol   f=   2.571  a=53.0 b=103.0 gap=38.6 (face=49.1mm) n=[504, 879, 340, 617, 477, 655, 734]  tape=2.473km B=9.78T unif=0.364% hoop=341MPa
  [ 170] viol   f=   6.893  a=86.4 b=100.7 gap=44.7 (face=61.5mm) n=[599, 835, 438, 867, 792, 716, 778]  tape=3.160km B=8.63T unif=0.107% hoop=400MPa
  [ 171] viol   f=   2.519  a=57.9 b=75.6 gap=43.5 (face=59.0mm) n=[758, 755, 68, 369, 850, 589, 892]  tape=2.018km B=9.50T unif=0.665% hoop=329MPa
  [ 172] INFEAS f=13615.727  a=26.1 b=90.3 gap=44.3 (face=60.6mm) n=[899, 628, 144, 809, 836, 699, 894]  no evaluation (geometry pre-check)
  [ 173] OK     f=   2.070  a=45.0 b=75.8 gap=39.7 (face=51.4mm) n=[500, 718, 256, 774, 854, 721, 880]  tape=2.070km B=10.80T unif=0.557% hoop=267MPa
  [ 174] INFEAS f=3037.962  a=32.4 b=92.6 gap=40.7 (face=53.3mm) n=[477, 781, 66, 611, 899, 620, 896]  no evaluation (geometry pre-check)
  [ 175] OK     f=   2.091  a=37.2 b=74.5 gap=35.2 (face=42.4mm) n=[719, 889, 315, 882, 595, 788, 899]  tape=2.091km B=13.09T unif=0.373% hoop=250MPa
  [ 176] INFEAS f=4450.941  a=56.0 b=51.7 gap=24.5 (face=20.9mm) n=[498, 894, 152, 835, 780, 898, 632]  no evaluation (geometry pre-check)
  [ 177] viol   f=   2.764  a=42.2 b=105.7 gap=44.9 (face=61.8mm) n=[780, 730, 211, 796, 757, 608, 865]  tape=2.604km B=9.72T unif=0.351% hoop=255MPa
  [ 178] INFEAS f=1931.594  a=49.3 b=49.4 gap=42.6 (face=57.2mm) n=[407, 703, 333, 452, 781, 845, 618]  no evaluation (geometry pre-check)
  [ 179] OK     f=   1.722  a=37.5 b=67.5 gap=40.1 (face=52.3mm) n=[757, 831, 325, 625, 434, 797, 625]  tape=1.722km B=10.63T unif=0.983% hoop=238MPa
  [ 180] INFEAS f=24889.482  a=21.9 b=85.7 gap=40.4 (face=52.8mm) n=[847, 895, 123, 648, 559, 760, 733]  no evaluation (geometry pre-check)
  [ 181] OK     f=   2.230  a=55.5 b=82.2 gap=38.0 (face=48.0mm) n=[555, 627, 164, 833, 890, 722, 709]  tape=2.230km B=10.73T unif=0.165% hoop=334MPa
  [ 182] OK     f=   2.201  a=51.7 b=78.5 gap=41.4 (face=54.9mm) n=[744, 778, 68, 797, 899, 738, 759]  tape=2.201km B=11.11T unif=0.519% hoop=299MPa
  [ 183] INFEAS f=1099.808  a=35.7 b=116.6 gap=41.2 (face=54.4mm) n=[897, 815, 421, 438, 860, 723, 808]  no evaluation (geometry pre-check)
  [ 184] OK     f=   2.123  a=45.0 b=76.7 gap=39.7 (face=51.4mm) n=[815, 894, 197, 892, 754, 573, 695]  tape=2.123km B=11.81T unif=0.515% hoop=272MPa
  [ 185] OK     f=   2.151  a=51.1 b=82.0 gap=34.0 (face=39.9mm) n=[893, 735, 253, 875, 647, 897, 213]  tape=2.151km B=12.43T unif=0.456% hoop=290MPa
  [ 186] INFEAS f=5318.149  a=59.9 b=54.5 gap=37.4 (face=46.8mm) n=[656, 783, 390, 661, 863, 786, 888]  no evaluation (geometry pre-check)
  [ 187] INFEAS f=12412.033  a=46.2 b=34.3 gap=38.9 (face=49.8mm) n=[818, 693, 220, 484, 865, 860, 834]  no evaluation (geometry pre-check)
  [ 188] OK     f=   2.605  a=48.4 b=87.6 gap=44.0 (face=60.1mm) n=[766, 836, 553, 725, 895, 663, 896]  tape=2.605km B=11.55T unif=0.297% hoop=321MPa
  [ 189] OK     f=   2.532  a=43.1 b=96.8 gap=39.5 (face=50.9mm) n=[723, 810, 194, 721, 900, 820, 725]  tape=2.532km B=11.32T unif=0.373% hoop=267MPa
  [ 190] viol   f=  80.652  a=38.8 b=60.1 gap=40.5 (face=53.1mm) n=[667, 510, 53, 893, 725, 741, 565]  tape=1.558km B=9.63T unif=1.628% hoop=220MPa
  [ 191] OK     f=   2.709  a=46.5 b=102.3 gap=37.9 (face=47.8mm) n=[682, 745, 285, 875, 805, 898, 650]  tape=2.709km B=11.63T unif=0.383% hoop=285MPa
  [ 192] OK     f=   1.603  a=38.6 b=63.6 gap=34.6 (face=41.2mm) n=[815, 615, 233, 608, 739, 858, 305]  tape=1.603km B=11.86T unif=0.588% hoop=233MPa
  [ 193] INFEAS f=1111.835  a=35.7 b=73.9 gap=41.1 (face=54.2mm) n=[812, 685, 197, 895, 853, 715, 900]  no evaluation (geometry pre-check)
  [ 194] viol   f=  18.628  a=43.8 b=72.5 gap=23.0 (face=17.9mm) n=[722, 770, 407, 657, 441, 279, 414]  tape=1.601km B=14.18T unif=1.292% hoop=326MPa
  [ 195] INFEAS f=1273.489  a=68.2 b=70.6 gap=44.2 (face=60.3mm) n=[766, 598, 376, 695, 876, 775, 642]  no evaluation (geometry pre-check)
  [ 196] INFEAS f=159884.576  a=-4.3 b=59.5 gap=40.2 (face=52.4mm) n=[604, 796, 159, 437, 766, 380, 763]  no evaluation (geometry pre-check)
  [ 197] OK     f=   1.723  a=42.4 b=66.0 gap=37.5 (face=47.0mm) n=[743, 710, 185, 899, 707, 601, 350]  tape=1.723km B=11.09T unif=0.603% hoop=242MPa
  [ 198] OK     f=   2.393  a=50.4 b=100.6 gap=24.2 (face=20.4mm) n=[824, 694, 286, 898, 809, 629, 150]  tape=2.393km B=13.48T unif=0.595% hoop=352MPa
  [ 199] OK     f=   2.233  a=37.5 b=88.7 gap=33.3 (face=38.5mm) n=[466, 844, 307, 600, 894, 839, 706]  tape=2.233km B=12.01T unif=0.598% hoop=256MPa
  [ 200] OK     f=   1.816  a=32.3 b=101.4 gap=28.1 (face=28.3mm) n=[219, 744, 166, 710, 622, 738, 365]  tape=1.816km B=10.64T unif=0.996% hoop=194MPa
  [ 201] OK     f=   2.473  a=37.6 b=100.1 gap=32.3 (face=36.7mm) n=[638, 875, 186, 899, 811, 769, 583]  tape=2.473km B=12.67T unif=0.700% hoop=243MPa
  [ 202] OK     f=   1.832  a=45.1 b=75.7 gap=27.5 (face=27.1mm) n=[451, 770, 222, 791, 830, 849, 257]  tape=1.832km B=13.20T unif=0.520% hoop=286MPa
  [ 203] OK     f=   1.554  a=39.7 b=53.4 gap=23.0 (face=18.0mm) n=[819, 898, 371, 687, 846, 899, 147]  tape=1.554km B=18.93T unif=0.335% hoop=288MPa
  [ 204] INFEAS f=7583.275  a=28.1 b=94.8 gap=28.0 (face=28.0mm) n=[873, 601, 91, 733, 624, 874, 540]  no evaluation (geometry pre-check)
  [ 205] OK     f=   2.563  a=54.9 b=100.7 gap=26.2 (face=24.4mm) n=[877, 734, 307, 679, 706, 844, 372]  tape=2.563km B=13.14T unif=0.681% hoop=375MPa
  [ 206] INFEAS f=34233.138  a=19.3 b=85.6 gap=30.2 (face=32.3mm) n=[685, 597, 145, 896, 764, 583, 491]  no evaluation (geometry pre-check)
  [ 207] OK     f=   3.055  a=43.3 b=125.4 gap=35.0 (face=42.0mm) n=[844, 803, 297, 781, 804, 899, 396]  tape=3.055km B=12.07T unif=0.465% hoop=278MPa
  [ 208] INFEAS f=6796.930  a=29.2 b=86.0 gap=38.4 (face=48.7mm) n=[386, 554, 157, 457, 772, 891, 409]  no evaluation (geometry pre-check)
  [ 209] viol   f= 519.055  a=37.2 b=46.9 gap=22.2 (face=16.5mm) n=[673, 864, 338, 729, 813, 893, 133]  tape=1.363km B=18.54T unif=2.609% hoop=259MPa
  [ 210] OK     f=   2.449  a=46.3 b=96.5 gap=32.8 (face=37.6mm) n=[588, 853, 616, 761, 770, 806, 283]  tape=2.449km B=12.72T unif=0.541% hoop=320MPa
  [ 211] OK     f=   1.888  a=40.5 b=83.1 gap=16.4 (face=4.9mm) n=[730, 891, 381, 389, 560, 828, 182]  tape=1.888km B=15.62T unif=0.808% hoop=400MPa
  [ 212] viol   f= 225.766  a=53.7 b=72.1 gap=16.2 (face=4.4mm) n=[733, 900, 213, 350, 722, 643, 205]  tape=1.759km B=14.10T unif=2.058% hoop=400MPa
  [ 213] OK     f=   2.258  a=61.3 b=68.4 gap=35.8 (face=43.6mm) n=[795, 612, 390, 900, 897, 715, 751]  tape=2.258km B=13.23T unif=0.663% hoop=380MPa
  [ 214] OK     f=   2.063  a=38.7 b=78.7 gap=40.5 (face=52.9mm) n=[583, 552, 371, 780, 893, 650, 755]  tape=2.063km B=10.30T unif=0.329% hoop=263MPa
  [ 215] INFEAS f=1083.189  a=36.3 b=39.9 gap=39.1 (face=50.2mm) n=[444, 714, 633, 472, 894, 709, 294]  no evaluation (geometry pre-check)
  [ 216] OK     f=   2.145  a=49.2 b=76.8 gap=34.9 (face=41.9mm) n=[848, 854, 129, 787, 808, 501, 894]  tape=2.145km B=13.00T unif=0.160% hoop=287MPa
  [ 217] OK     f=   1.859  a=36.9 b=75.4 gap=34.2 (face=40.3mm) n=[736, 714, 284, 774, 772, 653, 667]  tape=1.859km B=12.67T unif=0.495% hoop=221MPa
  [ 218] INFEAS f=1971.103  a=31.1 b=73.7 gap=37.6 (face=47.3mm) n=[706, 795, 461, 672, 828, 736, 432]  no evaluation (geometry pre-check)
  [ 219] INFEAS f=2823.334  a=66.3 b=64.6 gap=24.1 (face=20.1mm) n=[651, 732, 111, 444, 863, 893, 55]  no evaluation (geometry pre-check)
  [ 220] OK     f=   2.465  a=50.4 b=98.4 gap=36.9 (face=45.7mm) n=[713, 679, 220, 714, 873, 848, 469]  tape=2.465km B=10.98T unif=0.387% hoop=303MPa
  [ 221] INFEAS f=6195.756  a=29.5 b=80.6 gap=29.3 (face=30.6mm) n=[785, 852, 159, 890, 559, 492, 523]  no evaluation (geometry pre-check)
  [ 222] INFEAS f=20281.396  a=23.4 b=96.4 gap=36.6 (face=45.2mm) n=[833, 714, 218, 896, 766, 747, 707]  no evaluation (geometry pre-check)
  [ 223] INFEAS f=17909.134  a=24.3 b=88.5 gap=35.9 (face=43.8mm) n=[859, 897, 227, 670, 737, 814, 575]  no evaluation (geometry pre-check)
  [ 224] INFEAS f=13079.911  a=25.7 b=60.4 gap=22.9 (face=17.8mm) n=[378, 540, 164, 638, 660, 780, 883]  no evaluation (geometry pre-check)
  [ 225] OK     f=   3.172  a=64.0 b=130.6 gap=33.2 (face=38.3mm) n=[896, 815, 252, 607, 772, 527, 566]  tape=3.172km B=10.18T unif=0.368% hoop=400MPa
  [ 226] viol   f=   1.920  a=37.3 b=80.1 gap=19.9 (face=11.8mm) n=[620, 798, 50, 885, 359, 895, 247]  tape=1.717km B=14.51T unif=1.032% hoop=273MPa
  [ 227] OK     f=   2.369  a=44.5 b=101.9 gap=20.7 (face=13.5mm) n=[900, 900, 112, 544, 780, 673, 406]  tape=2.369km B=15.79T unif=0.658% hoop=341MPa
  [ 228] INFEAS f=34207.533  a=16.5 b=82.0 gap=20.8 (face=13.5mm) n=[585, 821, 377, 582, 573, 626, 429]  no evaluation (geometry pre-check)
  [ 229] INFEAS f=34524.533  a=19.4 b=85.3 gap=18.4 (face=8.8mm) n=[702, 587, 97, 814, 900, 893, 54]  no evaluation (geometry pre-check)
  [ 230] OK     f=   2.712  a=53.2 b=113.2 gap=28.7 (face=29.4mm) n=[725, 899, 164, 900, 669, 724, 344]  tape=2.712km B=12.61T unif=0.450% hoop=359MPa
  [ 231] OK     f=   1.845  a=56.7 b=74.6 gap=29.1 (face=30.3mm) n=[767, 856, 557, 462, 169, 669, 370]  tape=1.845km B=11.86T unif=0.884% hoop=363MPa
  [ 232] OK     f=   2.825  a=51.0 b=109.8 gap=19.3 (face=10.6mm) n=[814, 893, 218, 892, 864, 516, 637]  tape=2.825km B=16.10T unif=0.583% hoop=400MPa
  [ 233] OK     f=   2.464  a=55.3 b=103.1 gap=25.4 (face=22.8mm) n=[672, 896, 287, 759, 420, 891, 293]  tape=2.464km B=12.44T unif=0.611% hoop=388MPa
  [ 234] OK     f=   2.143  a=50.2 b=84.6 gap=23.1 (face=18.3mm) n=[715, 844, 189, 862, 316, 892, 548]  tape=2.143km B=14.11T unif=0.783% hoop=335MPa
  [ 235] viol   f=   2.092  a=56.5 b=110.5 gap=15.6 (face=3.2mm) n=[561, 679, 345, 474, 419, 311, 546]  tape=2.040km B=9.84T unif=0.801% hoop=400MPa
  [ 236] OK     f=   1.826  a=51.3 b=88.3 gap=21.7 (face=15.3mm) n=[555, 789, 235, 141, 793, 513, 538]  tape=1.826km B=11.67T unif=0.829% hoop=336MPa
  [ 237] OK     f=   2.025  a=40.8 b=82.6 gap=18.7 (face=9.5mm) n=[638, 838, 154, 881, 526, 884, 472]  tape=2.025km B=16.61T unif=0.839% hoop=335MPa
  [ 238] OK     f=   2.613  a=43.9 b=124.9 gap=17.6 (face=7.2mm) n=[579, 872, 430, 835, 435, 883, 61]  tape=2.613km B=14.59T unif=0.175% hoop=390MPa
  [ 239] OK     f=   2.751  a=47.6 b=111.7 gap=21.2 (face=14.5mm) n=[781, 900, 428, 501, 875, 900, 274]  tape=2.751km B=15.12T unif=0.325% hoop=400MPa
  [ 240] OK     f=   2.512  a=46.4 b=105.1 gap=33.9 (face=39.7mm) n=[818, 803, 115, 856, 889, 804, 272]  tape=2.512km B=12.17T unif=0.526% hoop=266MPa
  [ 241] viol   f=   4.812  a=58.6 b=87.2 gap=18.3 (face=8.5mm) n=[327, 672, 224, 285, 885, 424, 94]  tape=1.620km B=9.02T unif=1.080% hoop=358MPa
  [ 242] viol   f=  49.546  a=56.4 b=77.2 gap=16.5 (face=5.0mm) n=[582, 719, 265, 382, 755, 627, 628]  tape=1.864km B=13.10T unif=1.488% hoop=400MPa
  [ 243] viol   f=  57.950  a=44.1 b=72.7 gap=15.8 (face=3.7mm) n=[552, 900, 223, 555, 217, 645, 214]  tape=1.529km B=13.09T unif=1.531% hoop=365MPa
  [ 244] OK     f=   2.014  a=41.9 b=90.8 gap=23.8 (face=19.5mm) n=[691, 827, 318, 411, 898, 538, 229]  tape=2.014km B=13.12T unif=0.741% hoop=307MPa
  [ 245] viol   f=  80.085  a=61.4 b=90.2 gap=15.7 (face=3.3mm) n=[817, 882, 666, 525, 139, 423, 107]  tape=1.963km B=11.11T unif=1.625% hoop=400MPa
  [ 246] viol   f=  11.903  a=36.5 b=122.3 gap=19.0 (face=9.9mm) n=[305, 861, 469, 570, 806, 493, 235]  tape=2.351km B=13.62T unif=1.219% hoop=327MPa
  [ 247] OK     f=   2.288  a=52.4 b=114.9 gap=19.1 (face=10.3mm) n=[524, 866, 248, 242, 638, 689, 363]  tape=2.288km B=10.97T unif=0.541% hoop=400MPa
  [ 248] OK     f=   1.884  a=45.2 b=84.9 gap=23.3 (face=18.7mm) n=[737, 761, 184, 402, 786, 673, 419]  tape=1.884km B=13.90T unif=0.798% hoop=307MPa
  [ 249] OK     f=   1.488  a=40.6 b=63.7 gap=18.8 (face=9.5mm) n=[599, 836, 173, 303, 890, 879, 162]  tape=1.488km B=15.29T unif=0.742% hoop=293MPa
  [ 250] OK     f=   1.566  a=44.6 b=60.9 gap=26.1 (face=24.2mm) n=[724, 654, 403, 609, 640, 554, 646]  tape=1.566km B=14.92T unif=0.707% hoop=297MPa
  [ 251] OK     f=   1.286  a=31.8 b=71.6 gap=18.4 (face=8.9mm) n=[552, 750, 138, 359, 756, 341, 277]  tape=1.286km B=13.51T unif=0.950% hoop=234MPa
  [ 252] INFEAS f=26866.502  a=20.2 b=61.0 gap=27.4 (face=26.9mm) n=[462, 865, 379, 494, 501, 437, 331]  no evaluation (geometry pre-check)
  [ 253] INFEAS f=5083.530  a=30.1 b=84.6 gap=23.3 (face=18.6mm) n=[824, 884, 211, 809, 860, 421, 138]  no evaluation (geometry pre-check)
  [ 254] OK     f=   2.128  a=46.0 b=90.1 gap=32.1 (face=36.3mm) n=[897, 899, 232, 412, 770, 742, 248]  tape=2.128km B=11.99T unif=0.648% hoop=272MPa
  [ 255] INFEAS f=32680.658  a=20.4 b=9.8 gap=16.1 (face=4.2mm) n=[743, 838, 92, 407, 537, 689, 519]  no evaluation (geometry pre-check)
  [ 256] INFEAS f=4849.929  a=24.7 b=76.7 gap=18.7 (face=9.4mm) n=[478, 414, 222, 654, 555, 735, 240]  no evaluation (geometry pre-check)
  [ 257] viol   f=   4.513  a=58.0 b=75.9 gap=26.1 (face=24.2mm) n=[900, 769, 546, 251, 771, 689, 527]  tape=2.153km B=13.73T unif=1.109% hoop=390MPa
  [ 258] INFEAS f=19294.932  a=31.7 b=15.5 gap=17.4 (face=6.8mm) n=[676, 811, 618, 68, 575, 737, 773]  no evaluation (geometry pre-check)
  [ 259] OK     f=   2.129  a=36.8 b=93.3 gap=34.4 (face=40.8mm) n=[390, 750, 498, 707, 831, 881, 198]  tape=2.129km B=10.84T unif=0.528% hoop=261MPa
  [ 260] OK     f=   2.350  a=49.2 b=116.1 gap=25.1 (face=22.2mm) n=[624, 774, 498, 139, 866, 690, 177]  tape=2.350km B=11.26T unif=0.403% hoop=341MPa
  [ 261] OK     f=   2.135  a=36.9 b=92.6 gap=22.4 (face=16.7mm) n=[804, 820, 133, 888, 672, 897, 201]  tape=2.135km B=16.22T unif=0.708% hoop=266MPa
  [ 262] viol   f=   6.931  a=56.7 b=103.5 gap=40.7 (face=53.5mm) n=[438, 665, 714, 554, 475, 479, 442]  tape=2.186km B=8.46T unif=0.321% hoop=400MPa
  [ 263] OK     f=   2.552  a=62.0 b=109.0 gap=28.4 (face=28.8mm) n=[895, 886, 321, 136, 614, 696, 546]  tape=2.552km B=10.97T unif=0.650% hoop=377MPa
  [ 264] INFEAS f=1900.372  a=43.1 b=43.4 gap=38.2 (face=48.5mm) n=[603, 613, 395, 166, 822, 895, 217]  no evaluation (geometry pre-check)
  [ 265] INFEAS f=1304.535  a=34.5 b=98.8 gap=23.1 (face=18.1mm) n=[623, 701, 99, 313, 850, 885, 375]  no evaluation (geometry pre-check)
  [ 266] viol   f=   2.982  a=50.3 b=108.9 gap=37.1 (face=46.1mm) n=[855, 900, 453, 133, 479, 625, 294]  tape=2.269km B=9.40T unif=0.446% hoop=286MPa
  [ 267] OK     f=   1.818  a=57.0 b=69.6 gap=25.1 (face=22.2mm) n=[569, 747, 415, 347, 570, 873, 354]  tape=1.818km B=11.79T unif=0.798% hoop=380MPa
  [ 268] OK     f=   1.671  a=37.6 b=109.2 gap=20.6 (face=13.3mm) n=[653, 812, 217, 290, 775, 123, 77]  tape=1.671km B=11.24T unif=0.338% hoop=232MPa
  [ 269] INFEAS f=70389.649  a=8.2 b=102.9 gap=41.5 (face=55.1mm) n=[804, 758, 189, 310, 503, 544, 340]  no evaluation (geometry pre-check)
  [ 270] INFEAS f=4123.105  a=27.4 b=101.4 gap=29.1 (face=30.3mm) n=[702, 793, 547, 219, 617, 634, 281]  no evaluation (geometry pre-check)
  [ 271] INFEAS f=19235.486  a=22.0 b=68.1 gap=24.1 (face=20.2mm) n=[165, 847, 578, 832, 680, 628, 164]  no evaluation (geometry pre-check)
  [ 272] INFEAS f=18376.516  a=23.4 b=89.7 gap=16.0 (face=4.1mm) n=[355, 878, 238, 462, 655, 515, 358]  no evaluation (geometry pre-check)
  [ 273] INFEAS f=2630.245  a=32.4 b=70.0 gap=28.3 (face=28.7mm) n=[458, 885, 205, 649, 402, 510, 65]  no evaluation (geometry pre-check)
  [ 274] OK     f=   2.004  a=38.3 b=90.6 gap=27.9 (face=27.8mm) n=[564, 827, 339, 373, 845, 780, 338]  tape=2.004km B=12.31T unif=0.709% hoop=294MPa
  [ 275] INFEAS f=4893.508  a=28.5 b=77.5 gap=18.3 (face=8.5mm) n=[543, 837, 95, 601, 619, 50, 219]  no evaluation (geometry pre-check)
  [ 276] OK     f=   1.788  a=42.4 b=102.4 gap=22.0 (face=15.9mm) n=[433, 898, 516, 534, 393, 190, 99]  tape=1.788km B=10.33T unif=0.516% hoop=331MPa
  [ 277] OK     f=   1.362  a=34.3 b=81.0 gap=18.7 (face=9.4mm) n=[577, 660, 288, 149, 691, 504, 231]  tape=1.362km B=12.97T unif=0.606% hoop=242MPa
  [ 278] INFEAS f=4284.440  a=28.6 b=77.8 gap=19.4 (face=10.8mm) n=[341, 780, 69, 387, 827, 524, 175]  no evaluation (geometry pre-check)
  [ 279] OK     f=   1.749  a=38.2 b=85.1 gap=19.1 (face=10.1mm) n=[806, 866, 257, 168, 816, 790, 110]  tape=1.749km B=15.81T unif=0.659% hoop=264MPa
  [ 280] OK     f=   1.741  a=40.9 b=80.0 gap=22.5 (face=17.1mm) n=[634, 683, 390, 553, 656, 788, 147]  tape=1.741km B=13.88T unif=0.826% hoop=310MPa
  [ 281] OK     f=   1.630  a=42.4 b=86.3 gap=19.6 (face=11.3mm) n=[656, 641, 415, 396, 693, 415, 202]  tape=1.630km B=13.25T unif=0.942% hoop=344MPa
  [ 282] INFEAS f=23625.573  a=22.0 b=88.7 gap=25.4 (face=22.8mm) n=[887, 661, 316, 167, 577, 556, 198]  no evaluation (geometry pre-check)  [a=78 b=163 nt=3554] KSP converged reason: 4, iterations: 1
  [a=86 b=186 nt=3347] KSP converged reason: 4, iterations: 1
  [a=97 b=144 nt=3426] KSP converged reason: 4, iterations: 1
  [a=54 b=157 nt=4395] KSP converged reason: 4, iterations: 1
  [a=75 b=136 nt=4630] KSP converged reason: 4, iterations: 1
  [a=75 b=103 nt=4604] KSP converged reason: 4, iterations: 1
  [a=69 b=79 nt=5233] KSP converged reason: 4, iterations: 1
  [a=73 b=92 nt=4476] KSP converged reason: 4, iterations: 1
  [a=38 b=118 nt=4128] KSP converged reason: 4, iterations: 1
  [a=53 b=128 nt=4592] KSP converged reason: 4, iterations: 1
  [a=41 b=78 nt=4920] KSP converged reason: 4, iterations: 1
  [a=72 b=109 nt=4791] KSP converged reason: 4, iterations: 1
  [a=43 b=106 nt=4671] KSP converged reason: 4, iterations: 1
  [a=46 b=81 nt=4450] KSP converged reason: 4, iterations: 1
  [a=61 b=78 nt=4567] KSP converged reason: 4, iterations: 1
  [a=42 b=112 nt=4894] KSP converged reason: 4, iterations: 1
  [a=54 b=112 nt=4315] KSP converged reason: 4, iterations: 1
  [a=43 b=81 nt=4093] KSP converged reason: 4, iterations: 1
  [a=53 b=103 nt=4206] KSP converged reason: 4, iterations: 1
  [a=37 b=75 nt=5087] KSP converged reason: 4, iterations: 1
  [a=51 b=82 nt=4513] KSP converged reason: 4, iterations: 1
  [a=39 b=60 nt=4154] KSP converged reason: 4, iterations: 1
  [a=37 b=89 nt=4656] KSP converged reason: 4, iterations: 1
  [a=37 b=47 nt=4443] KSP converged reason: 4, iterations: 1
  [a=46 b=96 nt=4677] KSP converged reason: 4, iterations: 1
  [a=49 b=77 nt=4821] KSP converged reason: 4, iterations: 1
  [a=44 b=102 nt=4315] KSP converged reason: 4, iterations: 1
  [a=50 b=85 nt=4366] KSP converged reason: 4, iterations: 1
  [a=48 b=112 nt=4659] KSP converged reason: 4, iterations: 1
  [a=61 b=90 nt=3559] KSP converged reason: 4, iterations: 1
  [a=41 b=64 nt=3842] KSP converged reason: 4, iterations: 1
  [a=37 b=93 nt=4415] KSP converged reason: 4, iterations: 1
  [a=42 b=102 nt=3063] KSP converged reason: 4, iterations: 1
  [a=46 b=109 nt=3721] KSP converged reason: 4, iterations: 1
  [a=40 b=117 nt=3128] KSP converged reason: 4, iterations: 1
  [a=42 b=94 nt=3323] KSP converged reason: 4, iterations: 1
  [a=80 b=161 nt=4612] KSP converged reason: 4, iterations: 1
  [a=52 b=155 nt=4391] KSP converged reason: 4, iterations: 1
  [a=57 b=164 nt=3582] KSP converged reason: 4, iterations: 1
  [a=85 b=132 nt=4590] KSP converged reason: 4, iterations: 1
  [a=59 b=109 nt=5194] KSP converged reason: 4, iterations: 1
  [a=100 b=168 nt=3857] KSP converged reason: 4, iterations: 1
  [a=59 b=108 nt=4695] KSP converged reason: 4, iterations: 1
  [a=55 b=110 nt=3859] KSP converged reason: 4, iterations: 1
  [a=58 b=78 nt=4023] KSP converged reason: 4, iterations: 1
  [a=61 b=105 nt=3625] KSP converged reason: 4, iterations: 1
  [a=85 b=116 nt=4773] KSP converged reason: 4, iterations: 1
  [a=63 b=79 nt=4577] KSP converged reason: 4, iterations: 1
  [a=52 b=116 nt=4730] KSP converged reason: 4, iterations: 1
  [a=57 b=106 nt=5137] KSP converged reason: 4, iterations: 1
  [a=63 b=142 nt=4368] KSP converged reason: 4, iterations: 1
  [a=61 b=110 nt=4607] KSP converged reason: 4, iterations: 1
  [a=68 b=96 nt=4183] KSP converged reason: 4, iterations: 1
  [a=35 b=60 nt=4042] KSP converged reason: 4, iterations: 1
  [a=43 b=110 nt=5030] KSP converged reason: 4, iterations: 1
  [a=58 b=73 nt=4085] KSP converged reason: 4, iterations: 1
  [a=45 b=67 nt=4477] KSP converged reason: 4, iterations: 1
  [a=42 b=106 nt=4747] KSP converged reason: 4, iterations: 1
  [a=48 b=88 nt=5334] KSP converged reason: 4, iterations: 1
  [a=50 b=101 nt=4290] KSP converged reason: 4, iterations: 1
  [a=40 b=53 nt=4667] KSP converged reason: 4, iterations: 1
  [a=41 b=83 nt=3961] KSP converged reason: 4, iterations: 1
  [a=51 b=110 nt=4834] KSP converged reason: 4, iterations: 1
  [a=56 b=77 nt=3958] KSP converged reason: 4, iterations: 1
  [a=58 b=76 nt=4453] KSP converged reason: 4, iterations: 1
  [a=50 b=109 nt=3739] KSP converged reason: 4, iterations: 1
  [a=38 b=85 nt=3813] KSP converged reason: 4, iterations: 1
  [a=41 b=90 nt=3943] KSP converged reason: 4, iterations: 1
  [a=43 b=99 nt=3258] KSP converged reason: 4, iterations: 1
  [a=95 b=126 nt=2931] KSP converged reason: 4, iterations: 1
  [a=88 b=130 nt=3183] KSP converged reason: 4, iterations: 1
  [a=77 b=175 nt=4696] KSP converged reason: 4, iterations: 1
  [a=67 b=188 nt=3926] KSP converged reason: 4, iterations: 1
  [a=51 b=184 nt=4811] KSP converged reason: 4, iterations: 1
  [a=72 b=110 nt=4463] KSP converged reason: 4, iterations: 1
  [a=51 b=133 nt=4396] KSP converged reason: 4, iterations: 1
  [a=48 b=80 nt=3621] KSP converged reason: 4, iterations: 1
  [a=83 b=106 nt=4927] KSP converged reason: 4, iterations: 1
  [a=91 b=137 nt=4626] KSP converged reason: 4, iterations: 1
  [a=59 b=64 nt=4258] KSP converged reason: 4, iterations: 1
  [a=88 b=102 nt=4237] KSP converged reason: 4, iterations: 1
  [a=48 b=92 nt=4301] KSP converged reason: 4, iterations: 1
  [a=57 b=78 nt=3825] KSP converged reason: 4, iterations: 1
  [a=55 b=123 nt=3776] KSP converged reason: 4, iterations: 1
  [a=49 b=139 nt=5057] KSP converged reason: 4, iterations: 1
  [a=38 b=119 nt=4442] KSP converged reason: 4, iterations: 1
  [a=40 b=79 nt=4903] KSP converged reason: 4, iterations: 1
  [a=76 b=104 nt=5264] KSP converged reason: 4, iterations: 1
  [a=76 b=115 nt=4045] KSP converged reason: 4, iterations: 1
  [a=54 b=109 nt=5180] KSP converged reason: 4, iterations: 1
  [a=45 b=76 nt=4703] KSP converged reason: 4, iterations: 1
  [a=45 b=77 nt=4820] KSP converged reason: 4, iterations: 1
  [a=42 b=66 nt=4195] KSP converged reason: 4, iterations: 1
  [a=45 b=76 nt=4170] KSP converged reason: 4, iterations: 1
  [a=54 b=72 nt=3766] KSP converged reason: 4, iterations: 1
  [a=50 b=98 nt=4516] KSP converged reason: 4, iterations: 1
  [a=37 b=80 nt=3854] KSP converged reason: 4, iterations: 1
  [a=55 b=103 nt=4218] KSP converged reason: 4, iterations: 1
  [a=59 b=87 nt=2911] KSP converged reason: 4, iterations: 1
  [a=52 b=115 nt=3570] KSP converged reason: 4, iterations: 1
  [a=37 b=93 nt=4255] KSP converged reason: 4, iterations: 1
  [a=57 b=70 nt=3875] KSP converged reason: 4, iterations: 1
  [a=42 b=86 nt=3418] KSP converged reason: 4, iterations: 1
  [a=41 b=76 nt=3440] KSP converged reason: 4, iterations: 1
  [a=47 b=135 nt=3724] KSP converged reason: 4, iterations: 1
  [a=97 b=178 nt=2757] KSP converged reason: 4, iterations: 1
  [a=73 b=188 nt=3446] KSP converged reason: 4, iterations: 1
  [a=92 b=161 nt=4524] KSP converged reason: 4, iterations: 1
  [a=59 b=129 nt=4243] KSP converged reason: 4, iterations: 1
  [a=49 b=203 nt=2975] KSP converged reason: 4, iterations: 1
  [a=62 b=117 nt=3974] KSP converged reason: 4, iterations: 1
  [a=91 b=106 nt=3595] KSP converged reason: 4, iterations: 1
  [a=46 b=74 nt=3661] KSP converged reason: 4, iterations: 1
  [a=71 b=94 nt=4105] KSP converged reason: 4, iterations: 1
  [a=37 b=101 nt=4484] KSP converged reason: 4, iterations: 1
  [a=58 b=81 nt=3939] KSP converged reason: 4, iterations: 1
  [a=82 b=110 nt=5228] KSP converged reason: 4, iterations: 1
  [a=51 b=76 nt=3946] KSP converged reason: 4, iterations: 1
  [a=71 b=79 nt=4488] KSP converged reason: 4, iterations: 1
  [a=59 b=107 nt=4365] KSP converged reason: 4, iterations: 1
  [a=71 b=123 nt=4687] KSP converged reason: 4, iterations: 1
  [a=39 b=104 nt=4258] KSP converged reason: 4, iterations: 1
  [a=42 b=109 nt=4640] KSP converged reason: 4, iterations: 1
  [a=52 b=114 nt=3953] KSP converged reason: 4, iterations: 1
  [a=61 b=80 nt=4250] KSP converged reason: 4, iterations: 1
  [a=41 b=107 nt=3797] KSP converged reason: 4, iterations: 1
  [a=57 b=113 nt=4390] KSP converged reason: 4, iterations: 1
  [a=58 b=76 nt=4281] KSP converged reason: 4, iterations: 1
  [a=43 b=97 nt=4893] KSP converged reason: 4, iterations: 1
  [a=44 b=73 nt=3690] KSP converged reason: 4, iterations: 1
  [a=32 b=101 nt=3564] KSP converged reason: 4, iterations: 1
  [a=43 b=125 nt=4824] KSP converged reason: 4, iterations: 1
  [a=37 b=75 nt=4600] KSP converged reason: 4, iterations: 1
  [a=53 b=113 nt=4425] KSP converged reason: 4, iterations: 1
  [a=56 b=111 nt=3335] KSP converged reason: 4, iterations: 1
  [a=46 b=105 nt=4557] KSP converged reason: 4, iterations: 1
  [a=37 b=122 nt=3739] KSP converged reason: 4, iterations: 1
  [a=32 b=72 nt=3173] KSP converged reason: 4, iterations: 1
  [a=57 b=104 nt=3767] KSP converged reason: 4, iterations: 1
  [a=34 b=81 nt=3100] KSP converged reason: 4, iterations: 1
  [a=45 b=65 nt=3387] KSP converged reason: 4, iterations: 1
  [a=46 b=98 nt=3306] KSP converged reason: 4, iterations: 1
  [a=55 b=116 nt=3271] KSP converged reason: 4, iterations: 1
  [a=60 b=93 nt=2889] KSP converged reason: 4, iterations: 1
  [a=71 b=182 nt=4050] KSP converged reason: 4, iterations: 1
  [a=108 b=199 nt=3890] KSP converged reason: 4, iterations: 1
  [a=75 b=145 nt=4384] KSP converged reason: 4, iterations: 1
  [a=34 b=90 nt=3857] KSP converged reason: 4, iterations: 1
  [a=47 b=89 nt=4791] KSP converged reason: 4, iterations: 1
  [a=75 b=149 nt=5392] KSP converged reason: 4, iterations: 1
  [a=45 b=79 nt=4666] KSP converged reason: 4, iterations: 1
  [a=85 b=126 nt=4487] KSP converged reason: 4, iterations: 1
  [a=40 b=49 nt=3652] KSP converged reason: 4, iterations: 1
  [a=53 b=117 nt=3819] KSP converged reason: 4, iterations: 1
  [a=45 b=85 nt=4368] KSP converged reason: 4, iterations: 1
  [a=56 b=117 nt=4245] KSP converged reason: 4, iterations: 1
  [a=85 b=103 nt=4616] KSP converged reason: 4, iterations: 1
  [a=58 b=156 nt=4563] KSP converged reason: 4, iterations: 1
  [a=68 b=107 nt=4008] KSP converged reason: 4, iterations: 1
  [a=64 b=90 nt=4419] KSP converged reason: 4, iterations: 1
  [a=39 b=65 nt=4622] KSP converged reason: 4, iterations: 1
  [a=67 b=88 nt=4364] KSP converged reason: 4, iterations: 1
  [a=58 b=72 nt=4241] KSP converged reason: 4, iterations: 1
  [a=53 b=91 nt=4786] KSP converged reason: 4, iterations: 1
  [a=39 b=104 nt=4814] KSP converged reason: 4, iterations: 1
  [a=37 b=68 nt=4394] KSP converged reason: 4, iterations: 1
  [a=52 b=78 nt=4783] KSP converged reason: 4, iterations: 1
  [a=39 b=64 nt=4173] KSP converged reason: 4, iterations: 1
  [a=38 b=100 nt=4761] KSP converged reason: 4, iterations: 1
  [a=39 b=79 nt=4584] KSP converged reason: 4, iterations: 1
  [a=64 b=131 nt=4435] KSP converged reason: 4, iterations: 1
  [a=51 b=88 nt=3564] KSP converged reason: 4, iterations: 1
  [a=41 b=83 nt=4393] KSP converged reason: 4, iterations: 1
  [a=44 b=73 nt=3306] KSP converged reason: 4, iterations: 1
  [a=45 b=85 nt=3962] KSP converged reason: 4, iterations: 1
  [a=46 b=90 nt=4200] KSP converged reason: 4, iterations: 1
  [a=62 b=109 nt=4094] KSP converged reason: 4, iterations: 1
  [a=41 b=80 nt=3851] KSP converged reason: 4, iterations: 1
  [a=41 b=114 nt=3305] KSP converged reason: 4, iterations: 1
  [a=55 b=91 nt=3514] KSP converged reason: 4, iterations: 1
  [a=50 b=80 nt=3386] KSP converged reason: 4, iterations: 1
  [a=39 b=140 nt=2728] KSP converged reason: 4, iterations: 1
  [a=69 b=188 nt=2816] KSP converged reason: 4, iterations: 1
  [a=97 b=184 nt=3331] KSP converged reason: 4, iterations: 1
  [a=76 b=177 nt=4372] KSP converged reason: 4, iterations: 1
  [a=75 b=181 nt=4087] KSP converged reason: 4, iterations: 1
  [a=40 b=100 nt=4132] KSP converged reason: 4, iterations: 1
  [a=57 b=136 nt=3887] KSP converged reason: 4, iterations: 1
  [a=54 b=124 nt=4578] KSP converged reason: 4, iterations: 1
  [a=77 b=150 nt=4924] KSP converged reason: 4, iterations: 1
  [a=74 b=115 nt=4053] KSP converged reason: 4, iterations: 1
  [a=80 b=90 nt=5510] KSP converged reason: 4, iterations: 1
  [a=64 b=94 nt=3632] KSP converged reason: 4, iterations: 1
  [a=62 b=74 nt=4550] KSP converged reason: 4, iterations: 1
  [a=73 b=86 nt=4539] KSP converged reason: 4, iterations: 1
  [a=84 b=121 nt=5168] KSP converged reason: 4, iterations: 1
  [a=45 b=88 nt=4171] KSP converged reason: 4, iterations: 1
  [a=47 b=115 nt=3800] KSP converged reason: 4, iterations: 1
  [a=37 b=64 nt=4829] KSP converged reason: 4, iterations: 1
  [a=39 b=93 nt=4965] KSP converged reason: 4, iterations: 1
  [a=44 b=99 nt=4361] KSP converged reason: 4, iterations: 1
  [a=32 b=99 nt=2839] KSP converged reason: 4, iterations: 1
  [a=41 b=112 nt=3663] KSP converged reason: 4, iterations: 1
  [a=59 b=76 nt=4874] KSP converged reason: 4, iterations: 1
  [a=86 b=101 nt=5025] KSP converged reason: 4, iterations: 1
  [a=55 b=82 nt=4500] KSP converged reason: 4, iterations: 1
  [a=47 b=102 nt=4940] KSP converged reason: 4, iterations: 1
  [a=55 b=101 nt=4519] KSP converged reason: 4, iterations: 1
  [a=61 b=68 nt=5060] KSP converged reason: 4, iterations: 1
  [a=57 b=75 nt=3850] KSP converged reason: 4, iterations: 1
  [a=44 b=125 nt=4095] KSP converged reason: 4, iterations: 1
  [a=42 b=91 nt=3912] KSP converged reason: 4, iterations: 1
  [a=45 b=61 nt=4230] KSP converged reason: 4, iterations: 1
  [a=49 b=116 nt=3768] KSP converged reason: 4, iterations: 1
  [a=38 b=109 nt=2947] KSP converged reason: 4, iterations: 1
  [a=38 b=91 nt=4066] KSP converged reason: 4, iterations: 1
  [a=40 b=82 nt=2564] KSP converged reason: 4, iterations: 1
  [a=48 b=88 nt=2862] KSP converged reason: 4, iterations: 1
  [a=43 b=88 nt=4482] KSP converged reason: 4, iterations: 1

  [ 283] INFEAS f=10394.333  a=27.6 b=108.6 gap=20.9 (face=13.7mm) n=[774, 330, 223, 196, 888, 900, 278]  no evaluation (geometry pre-check)
  [ 284] INFEAS f=10996.130  a=21.5 b=83.9 gap=17.9 (face=7.8mm) n=[517, 725, 185, 182, 718, 747, 82]  no evaluation (geometry pre-check)
  [ 285] INFEAS f=1936.020  a=32.4 b=97.9 gap=21.8 (face=15.6mm) n=[790, 862, 138, 664, 669, 721, 162]  no evaluation (geometry pre-check)
  [ 286] INFEAS f=1041.333  a=33.6 b=104.0 gap=19.6 (face=11.3mm) n=[414, 733, 189, 287, 833, 615, 287]  no evaluation (geometry pre-check)
  [ 287] OK     f=   1.969  a=41.4 b=113.8 gap=21.4 (face=14.9mm) n=[756, 595, 182, 77, 862, 688, 145]  tape=1.969km B=11.18T unif=0.297% hoop=266MPa
  [ 288] INFEAS f=12122.155  a=23.0 b=64.2 gap=16.6 (face=5.1mm) n=[499, 507, 347, 250, 800, 677, 305]  no evaluation (geometry pre-check)
  [ 289] OK     f=   2.176  a=46.1 b=108.7 gap=16.4 (face=4.8mm) n=[700, 649, 76, 318, 834, 687, 457]  tape=2.176km B=12.83T unif=0.597% hoop=358MPa
  [ 290] OK     f=   1.371  a=45.3 b=65.1 gap=16.5 (face=5.0mm) n=[301, 773, 66, 125, 858, 826, 438]  tape=1.371km B=13.15T unif=0.889% hoop=263MPa
  [ 291] INFEAS f=1028.569  a=36.1 b=89.9 gap=15.8 (face=3.5mm) n=[757, 736, 60, 251, 758, 897, 380]  no evaluation (geometry pre-check)
  [ 292] INFEAS f=35264.338  a=18.8 b=94.9 gap=29.5 (face=31.0mm) n=[505, 890, 109, 311, 798, 405, 115]  no evaluation (geometry pre-check)
  [ 293] INFEAS f=5464.590  a=30.4 b=76.4 gap=15.8 (face=3.6mm) n=[539, 729, 394, 91, 899, 718, 481]  no evaluation (geometry pre-check)
  [ 294] INFEAS f=41694.813  a=15.9 b=64.1 gap=16.9 (face=5.7mm) n=[345, 778, 327, 376, 772, 855, 78]  no evaluation (geometry pre-check)
  [ 295] viol   f=   2.748  a=55.1 b=91.4 gap=16.7 (face=5.4mm) n=[408, 740, 473, 121, 832, 490, 450]  tape=1.924km B=11.11T unif=1.064% hoop=400MPa
  [ 296] viol   f=  11.237  a=39.8 b=82.4 gap=15.8 (face=3.5mm) n=[552, 533, 206, 162, 520, 394, 197]  tape=1.147km B=10.99T unif=1.225% hoop=251MPa
  [ 297] viol   f=  42.058  a=40.5 b=89.6 gap=18.4 (face=8.9mm) n=[833, 893, 212, 167, 760, 900, 178]  tape=1.911km B=15.65T unif=1.448% hoop=287MPa
  [ 298] OK     f=   1.910  a=40.3 b=116.6 gap=15.6 (face=3.1mm) n=[434, 764, 392, 355, 776, 221, 186]  tape=1.910km B=11.76T unif=0.319% hoop=353MPa
  [ 299] viol   f=  17.274  a=40.9 b=76.4 gap=15.7 (face=3.5mm) n=[302, 773, 526, 426, 684, 643, 86]  tape=1.519km B=14.08T unif=1.281% hoop=328MPa
  [ 300] viol   f=   2.797  a=46.4 b=97.9 gap=31.7 (face=35.4mm) n=[622, 704, 108, 267, 836, 705, 64]  tape=1.786km B=9.29T unif=0.453% hoop=248MPa
  [ 301] OK     f=   2.627  a=47.0 b=134.9 gap=17.0 (face=6.0mm) n=[518, 668, 495, 640, 857, 191, 355]  tape=2.627km B=11.36T unif=0.319% hoop=400MPa
  [ 302] viol   f=   3.711  a=55.3 b=116.4 gap=20.8 (face=13.5mm) n=[171, 558, 238, 643, 423, 836, 402]  tape=2.145km B=9.11T unif=0.512% hoop=367MPa
  [ 303] INFEAS f=6287.578  a=28.8 b=99.8 gap=16.3 (face=4.6mm) n=[541, 867, 407, 695, 775, 873, 177]  no evaluation (geometry pre-check)
  [ 304] OK     f=   1.714  a=41.6 b=94.4 gap=16.2 (face=4.5mm) n=[479, 746, 401, 91, 764, 558, 284]  tape=1.714km B=12.64T unif=0.599% hoop=338MPa
  [ 305] OK     f=   1.726  a=43.4 b=99.4 gap=15.9 (face=3.8mm) n=[357, 689, 126, 85, 745, 633, 623]  tape=1.726km B=11.68T unif=0.639% hoop=288MPa
  [ 306] viol   f=   1.837  a=47.6 b=87.8 gap=16.2 (face=4.3mm) n=[202, 373, 577, 212, 815, 454, 229]  tape=1.517km B=9.60T unif=0.883% hoop=341MPa
  [ 307] OK     f=   1.667  a=50.2 b=80.0 gap=19.9 (face=11.8mm) n=[343, 791, 295, 126, 875, 656, 300]  tape=1.667km B=11.41T unif=0.960% hoop=315MPa
  [ 308] OK     f=   2.203  a=43.2 b=88.4 gap=16.1 (face=4.2mm) n=[808, 729, 550, 214, 873, 751, 557]  tape=2.203km B=17.30T unif=0.980% hoop=395MPa
  [ 309] OK     f=   1.908  a=39.1 b=140.1 gap=16.9 (face=5.7mm) n=[684, 481, 79, 238, 365, 391, 490]  tape=1.908km B=10.15T unif=0.310% hoop=282MPa
  [ 310] viol   f=  35.253  a=59.8 b=93.0 gap=15.5 (face=3.1mm) n=[824, 675, 202, 76, 823, 198, 91]  tape=1.581km B=9.93T unif=1.410% hoop=358MPa

==========================================================================================
CMA-ES finished: 310 evaluations in 9.3 min
==========================================================================================

Best feasible design found:
  a_mm             31.82064189465252
  b_mm             71.63988839997708
  gap_mm           18.434374069952284
  face_gap_mm      8.868748139904566
  n_turns          [552, 750, 138, 359, 756, 341, 277]
  n_total          3173
  tape_km          1.2856546626425644
  B_target_T       13.506874802636975
  uniformity_pct   0.9501196955642434
  hoop_MPa         233.60574542040976
  delam_MPa        15.951191001943657
  I_quench_A       406.1325813421265
  I_op_A           223.39525926409598
  binding          quench/SF
  clip_frac        0.3346905537459283

Full evaluation history -> optimize/cmaes_history.csv
Best design            -> optimize/cmaes_results.csv
Appended 310 rows to cumulative master log -> optimize/cmaes_all_evaluations.csv

Figures -> /home/gerrityjack/fenicsx/Racetrack-Coil-Optimization/visualization/cmaes_convergence.png, cmaes_constraints.png, cmaes_variables.png, cmaes_overview.png
Cumulative parameter-space map -> visualization/cmaes_param_map.png (17500 evaluations, 56 runs)
