Starting CMA-ES: 10 variables, budget 300 evaluations, target B >= 10.0 T, uniformity <= 1.0%, hoop <= 400 MPa, coil-coil face gap >= 3 mm

Parallel mode: 6 worker processes per generation.
  [   1] viol   f=   5.802  a=53.2 b=103.3 gap=19.5 (face=10.9mm) n=[709, 545, 142, 50, 295, 349, 571]  tape=1.548km B=8.54T unif=0.843% hoop=303MPa
  [   2] viol   f=  32.704  a=64.5 b=141.8 gap=31.9 (face=35.8mm) n=[752, 241, 397, 319, 170, 282, 461]  tape=2.054km B=6.09T unif=0.341% hoop=363MPa
  [   3] viol   f=   4.402  a=58.8 b=92.6 gap=16.6 (face=5.3mm) n=[409, 240, 399, 204, 682, 363, 589]  tape=1.598km B=8.82T unif=0.988% hoop=400MPa
  [   4] viol   f=   8.399  a=45.3 b=130.0 gap=23.6 (face=19.2mm) n=[526, 341, 440, 267, 98, 465, 391]  tape=1.645km B=8.16T unif=0.341% hoop=270MPa
  [   5] viol   f=  22.754  a=76.8 b=118.9 gap=17.8 (face=7.5mm) n=[607, 679, 431, 354, 77, 222, 553]  tape=2.017km B=6.78T unif=0.839% hoop=400MPa
  [   6] OK     f=   1.960  a=47.5 b=120.3 gap=15.9 (face=3.7mm) n=[546, 836, 522, 75, 431, 551, 61]  tape=1.960km B=10.47T unif=0.529% hoop=380MPa
  [   7] viol   f=   8.070  a=25.7 b=146.4 gap=20.2 (face=12.5mm) n=[409, 336, 184, 117, 482, 206, 233]  tape=1.336km B=8.17T unif=0.175% hoop=142MPa
  [   8] INFEAS f=34993.866  a=17.0 b=115.5 gap=15.8 (face=3.6mm) n=[577, 127, 771, 489, 504, 839, 122]  no evaluation (geometry pre-check)
  [   9] viol   f=  16.361  a=44.1 b=123.8 gap=22.0 (face=15.9mm) n=[738, 243, 217, 151, 140, 493, 266]  tape=1.493km B=7.27T unif=0.425% hoop=264MPa
  [  10] viol   f=  19.648  a=41.6 b=137.1 gap=17.4 (face=6.9mm) n=[886, 521, 544, 54, 255, 310, 319]  tape=2.081km B=10.60T unif=1.296% hoop=353MPa
  [  11] INFEAS f=73567.441  a=10.5 b=97.7 gap=16.3 (face=4.6mm) n=[619, 882, 219, 237, 699, 711, 409]  no evaluation (geometry pre-check)
  [  12] viol   f=  22.971  a=76.3 b=121.6 gap=20.0 (face=11.9mm) n=[578, 688, 259, 212, 330, 330, 487]  tape=2.049km B=6.77T unif=0.748% hoop=400MPa
  [  13] viol   f=  21.371  a=61.7 b=113.0 gap=16.1 (face=4.3mm) n=[367, 569, 780, 76, 66, 324, 107]  tape=1.497km B=6.85T unif=0.826% hoop=359MPa
  [  14] viol   f=   2.655  a=37.9 b=83.7 gap=15.6 (face=3.2mm) n=[504, 507, 547, 147, 408, 384, 338]  tape=1.262km B=12.46T unif=1.083% hoop=280MPa
  [  15] viol   f=   7.648  a=62.7 b=105.8 gap=17.5 (face=7.1mm) n=[839, 488, 491, 565, 481, 359, 280]  tape=2.218km B=8.35T unif=0.950% hoop=400MPa
  [  16] viol   f=  21.402  a=62.5 b=149.7 gap=16.9 (face=5.9mm) n=[398, 303, 185, 131, 559, 820, 440]  tape=2.302km B=6.91T unif=0.331% hoop=400MPa
  [  17] viol   f=  11.259  a=61.1 b=152.3 gap=15.9 (face=3.9mm) n=[388, 281, 624, 127, 646, 529, 269]  tape=2.249km B=7.88T unif=0.367% hoop=400MPa
  [  18] viol   f=   6.017  a=52.5 b=115.2 gap=16.7 (face=5.4mm) n=[600, 419, 507, 228, 426, 64, 304]  tape=1.575km B=8.51T unif=0.718% hoop=354MPa
  [  19] viol   f=  12.815  a=57.9 b=114.8 gap=15.5 (face=3.0mm) n=[800, 448, 109, 210, 414, 423, 268]  tape=1.773km B=7.65T unif=0.782% hoop=400MPa
  [  20] INFEAS f=82381.062  a=8.4 b=111.7 gap=19.6 (face=11.2mm) n=[567, 741, 521, 278, 867, 582, 129]  no evaluation (geometry pre-check)
  [  21] INFEAS f=1239.714  a=34.2 b=130.7 gap=16.1 (face=4.3mm) n=[872, 334, 603, 336, 246, 392, 496]  no evaluation (geometry pre-check)
  [  22] viol   f=   3.562  a=57.8 b=110.8 gap=15.8 (face=3.6mm) n=[628, 475, 880, 246, 460, 516, 84]  tape=2.116km B=9.15T unif=0.777% hoop=400MPa
  [  23] viol   f=  83.118  a=42.0 b=75.0 gap=15.6 (face=3.2mm) n=[569, 369, 547, 463, 142, 459, 200]  tape=1.164km B=11.83T unif=1.640% hoop=303MPa
  [  24] OK     f=   1.410  a=36.6 b=91.9 gap=16.4 (face=4.9mm) n=[587, 246, 631, 339, 434, 436, 203]  tape=1.410km B=12.03T unif=0.736% hoop=281MPa
  [  25] viol   f=  43.880  a=83.8 b=124.9 gap=16.8 (face=5.6mm) n=[438, 415, 415, 212, 673, 447, 348]  tape=2.186km B=5.43T unif=0.733% hoop=400MPa
  [  26] OK     f=   1.998  a=44.8 b=112.3 gap=15.9 (face=3.9mm) n=[732, 533, 512, 704, 168, 167, 590]  tape=1.998km B=12.77T unif=0.640% hoop=370MPa
  [  27] viol   f=  17.955  a=49.7 b=126.1 gap=16.6 (face=5.1mm) n=[362, 305, 806, 182, 259, 255, 119]  tape=1.600km B=7.14T unif=0.442% hoop=380MPa
  [  28] OK     f=   2.354  a=49.8 b=131.5 gap=15.5 (face=3.0mm) n=[463, 765, 600, 129, 880, 224, 299]  tape=2.354km B=10.56T unif=0.420% hoop=400MPa
  [  29] viol   f=  59.364  a=100.1 b=128.6 gap=15.7 (face=3.5mm) n=[316, 413, 796, 232, 246, 553, 90]  tape=2.148km B=4.65T unif=0.789% hoop=400MPa
  [  30] viol   f=   1.575  a=47.0 b=101.9 gap=15.5 (face=3.1mm) n=[465, 391, 653, 406, 113, 145, 606]  tape=1.538km B=9.86T unif=0.784% hoop=353MPa
  [  31] viol   f=  55.948  a=50.0 b=84.2 gap=15.6 (face=3.1mm) n=[876, 455, 638, 69, 831, 53, 63]  tape=1.472km B=11.70T unif=1.522% hoop=329MPa
  [  32] viol   f=   4.529  a=48.0 b=93.1 gap=17.3 (face=6.6mm) n=[705, 367, 303, 405, 524, 52, 164]  tape=1.353km B=9.13T unif=1.091% hoop=333MPa
  [  33] viol   f=  12.638  a=58.3 b=120.0 gap=15.8 (face=3.7mm) n=[302, 378, 764, 553, 289, 247, 146]  tape=1.821km B=7.67T unif=0.652% hoop=400MPa
  [  34] INFEAS f=79452.886  a=9.9 b=115.9 gap=15.9 (face=3.8mm) n=[213, 672, 893, 100, 189, 228, 387]  no evaluation (geometry pre-check)
  [  35] INFEAS f=1732.203  a=29.3 b=105.3 gap=16.4 (face=4.7mm) n=[550, 468, 770, 383, 738, 291, 208]  no evaluation (geometry pre-check)
  [  36] viol   f=  12.463  a=56.3 b=111.3 gap=16.0 (face=4.1mm) n=[114, 794, 744, 50, 343, 152, 110]  tape=1.437km B=7.65T unif=0.845% hoop=263MPa
  [  37] viol   f=   1.884  a=38.2 b=110.4 gap=18.4 (face=8.9mm) n=[312, 512, 153, 291, 788, 411, 523]  tape=1.776km B=9.77T unif=0.472% hoop=286MPa
  [  38] INFEAS f=4589.390  a=22.9 b=113.1 gap=15.9 (face=3.7mm) n=[246, 414, 683, 160, 212, 128, 449]  no evaluation (geometry pre-check)
  [  39] INFEAS f=1001.813  a=74.6 b=79.4 gap=15.5 (face=3.0mm) n=[473, 472, 880, 166, 219, 316, 289]  no evaluation (geometry pre-check)
  [  40] OK     f=   1.983  a=42.1 b=100.3 gap=15.7 (face=3.4mm) n=[810, 376, 891, 385, 226, 639, 225]  tape=1.983km B=13.73T unif=0.557% hoop=366MPa
  [  41] OK     f=   2.360  a=38.6 b=137.6 gap=15.9 (face=3.7mm) n=[706, 537, 470, 210, 638, 564, 367]  tape=2.360km B=13.60T unif=0.299% hoop=327MPa
  [  42] viol   f=  15.617  a=34.8 b=116.8 gap=15.7 (face=3.4mm) n=[199, 106, 391, 124, 413, 510, 215]  tape=1.142km B=7.31T unif=0.281% hoop=183MPa
  [  43] viol   f=  50.591  a=54.2 b=89.8 gap=15.7 (face=3.4mm) n=[874, 431, 154, 99, 534, 181, 116]  tape=1.336km B=8.34T unif=1.468% hoop=317MPa
  [  44] viol   f=  12.777  a=44.8 b=116.7 gap=18.7 (face=9.5mm) n=[428, 291, 150, 199, 392, 658, 329]  tape=1.530km B=7.63T unif=0.409% hoop=285MPa
  [  45] viol   f=  12.636  a=44.4 b=120.4 gap=21.6 (face=15.1mm) n=[494, 447, 388, 169, 590, 58, 77]  tape=1.373km B=7.63T unif=0.474% hoop=257MPa
  [  46] viol   f= 254.979  a=47.6 b=70.3 gap=17.8 (face=7.7mm) n=[878, 445, 129, 497, 191, 126, 352]  tape=1.230km B=10.26T unif=2.126% hoop=303MPa
  [  47] OK     f=   1.744  a=44.7 b=106.8 gap=16.5 (face=4.9mm) n=[636, 479, 128, 195, 749, 409, 403]  tape=1.744km B=10.39T unif=0.609% hoop=333MPa
  [  48] viol   f=   5.256  a=44.7 b=81.7 gap=16.7 (face=5.4mm) n=[382, 789, 233, 167, 661, 182, 81]  tape=1.221km B=9.57T unif=1.135% hoop=281MPa
  [  49] viol   f=   4.064  a=48.4 b=116.3 gap=15.5 (face=3.1mm) n=[622, 582, 310, 191, 214, 410, 170]  tape=1.546km B=8.88T unif=0.718% hoop=312MPa
  [  50] viol   f=   4.091  a=61.5 b=94.8 gap=16.8 (face=5.6mm) n=[279, 331, 622, 344, 546, 560, 444]  tape=1.728km B=9.28T unif=1.082% hoop=400MPa
  [  51] OK     f=   1.993  a=50.9 b=105.1 gap=15.7 (face=3.4mm) n=[754, 719, 561, 73, 778, 397, 211]  tape=1.993km B=12.57T unif=0.861% hoop=385MPa
  [  52] OK     f=   1.778  a=37.1 b=110.7 gap=17.3 (face=6.6mm) n=[667, 512, 468, 212, 626, 288, 370]  tape=1.778km B=12.68T unif=0.450% hoop=288MPa
  [  53] INFEAS f=7220.158  a=23.8 b=104.4 gap=15.6 (face=3.1mm) n=[506, 417, 754, 340, 687, 259, 383]  no evaluation (geometry pre-check)
  [  54] INFEAS f=1104.608  a=32.8 b=115.0 gap=16.7 (face=5.4mm) n=[820, 68, 486, 129, 377, 91, 458]  no evaluation (geometry pre-check)
  [  55] OK     f=   1.927  a=42.6 b=131.0 gap=15.6 (face=3.1mm) n=[673, 515, 228, 137, 550, 311, 488]  tape=1.927km B=10.63T unif=0.514% hoop=305MPa
  [  56] viol   f=   8.251  a=35.5 b=99.3 gap=17.4 (face=6.8mm) n=[532, 303, 119, 272, 706, 106, 125]  tape=1.161km B=8.12T unif=0.540% hoop=223MPa
  [  57] viol   f= 484.141  a=31.1 b=106.6 gap=16.5 (face=4.9mm) n=[695, 586, 301, 184, 596, 655, 534]  tape=1.872km B=15.29T unif=2.553% hoop=252MPa
  [  58] viol   f=  17.200  a=67.7 b=109.3 gap=18.4 (face=8.8mm) n=[830, 336, 227, 226, 497, 272, 454]  tape=1.900km B=7.23T unif=0.897% hoop=400MPa
  [  59] OK     f=   2.409  a=48.9 b=143.7 gap=17.0 (face=6.0mm) n=[697, 517, 283, 317, 637, 536, 325]  tape=2.409km B=10.78T unif=0.390% hoop=374MPa
  [  60] OK     f=   2.212  a=50.9 b=113.1 gap=15.7 (face=3.4mm) n=[555, 846, 363, 272, 450, 688, 325]  tape=2.212km B=10.92T unif=0.651% hoop=400MPa
  [  61] OK     f=   2.076  a=44.0 b=118.6 gap=15.5 (face=3.0mm) n=[647, 592, 191, 204, 846, 288, 487]  tape=2.076km B=11.05T unif=0.444% hoop=360MPa
  [  62] viol   f=   7.254  a=52.3 b=104.8 gap=16.5 (face=5.0mm) n=[611, 76, 463, 306, 761, 257, 95]  tape=1.529km B=8.31T unif=0.778% hoop=318MPa
  [  63] OK     f=   2.012  a=45.1 b=104.5 gap=15.7 (face=3.3mm) n=[899, 684, 235, 184, 561, 545, 303]  tape=2.012km B=12.73T unif=0.792% hoop=356MPa
  [  64] viol   f=   6.010  a=53.8 b=115.2 gap=15.6 (face=3.3mm) n=[530, 510, 533, 247, 900, 462, 52]  tape=2.123km B=8.61T unif=0.581% hoop=400MPa
  [  65] INFEAS f=1577.148  a=34.5 b=125.0 gap=15.5 (face=3.0mm) n=[900, 373, 365, 75, 390, 71, 513]  no evaluation (geometry pre-check)
  [  66] viol   f=   4.646  a=66.1 b=114.9 gap=15.8 (face=3.6mm) n=[762, 489, 743, 169, 387, 514, 509]  tape=2.334km B=8.92T unif=0.839% hoop=400MPa
  [  67] INFEAS f=2135.863  a=32.7 b=118.9 gap=16.5 (face=5.0mm) n=[740, 661, 335, 208, 876, 133, 605]  no evaluation (geometry pre-check)
  [  68] OK     f=   2.199  a=39.3 b=124.7 gap=16.0 (face=4.1mm) n=[818, 400, 554, 443, 756, 370, 92]  tape=2.199km B=13.42T unif=0.803% hoop=346MPa
  [  69] OK     f=   2.682  a=48.2 b=124.2 gap=16.3 (face=4.6mm) n=[888, 637, 358, 226, 802, 399, 778]  tape=2.682km B=13.69T unif=0.477% hoop=400MPa
  [  70] viol   f=   2.199  a=44.8 b=130.5 gap=15.5 (face=3.1mm) n=[422, 317, 685, 402, 427, 457, 79]  tape=1.883km B=9.60T unif=0.386% hoop=365MPa
  [  71] INFEAS f=22474.931  a=19.8 b=111.9 gap=15.6 (face=3.1mm) n=[819, 651, 142, 216, 720, 457, 233]  no evaluation (geometry pre-check)
  [  72] viol   f=   1.706  a=37.2 b=99.0 gap=15.5 (face=3.0mm) n=[736, 91, 239, 75, 599, 206, 319]  tape=1.219km B=9.51T unif=0.525% hoop=207MPa
  [  73] INFEAS f=1131.289  a=33.5 b=122.2 gap=16.1 (face=4.3mm) n=[841, 504, 301, 310, 549, 469, 393]  no evaluation (geometry pre-check)
  [  74] OK     f=   2.077  a=49.5 b=117.2 gap=15.6 (face=3.1mm) n=[779, 669, 298, 238, 634, 414, 245]  tape=2.077km B=11.35T unif=0.696% hoop=360MPa
  [  75] viol   f=   2.355  a=48.9 b=131.9 gap=17.2 (face=6.4mm) n=[676, 517, 456, 145, 886, 249, 226]  tape=2.240km B=9.76T unif=0.384% hoop=386MPa
  [  76] OK     f=   2.120  a=53.2 b=124.8 gap=16.3 (face=4.5mm) n=[655, 368, 233, 400, 587, 634, 363]  tape=2.120km B=10.27T unif=0.534% hoop=391MPa
  [  77] OK     f=   2.192  a=47.1 b=120.1 gap=15.5 (face=3.0mm) n=[773, 676, 216, 400, 825, 421, 134]  tape=2.192km B=12.19T unif=0.560% hoop=365MPa
  [  78] INFEAS f=4598.713  a=26.6 b=116.3 gap=15.6 (face=3.2mm) n=[637, 780, 561, 133, 539, 497, 106]  no evaluation (geometry pre-check)
  [  79] viol   f= 169.542  a=40.9 b=117.7 gap=15.6 (face=3.2mm) n=[896, 387, 206, 202, 762, 703, 308]  tape=2.165km B=13.12T unif=1.915% hoop=334MPa
  [  80] OK     f=   1.681  a=42.1 b=108.6 gap=15.8 (face=3.5mm) n=[744, 340, 332, 59, 655, 337, 415]  tape=1.681km B=10.80T unif=0.628% hoop=349MPa
  [  81] viol   f=   2.162  a=50.6 b=120.4 gap=15.7 (face=3.3mm) n=[712, 435, 285, 87, 756, 227, 439]  tape=1.902km B=9.64T unif=0.576% hoop=348MPa
  [  82] viol   f=   3.053  a=53.7 b=102.4 gap=15.5 (face=3.0mm) n=[607, 184, 344, 409, 760, 420, 177]  tape=1.716km B=9.18T unif=0.840% hoop=400MPa
  [  83] viol   f=   3.399  a=53.4 b=123.5 gap=15.5 (face=3.0mm) n=[764, 236, 163, 297, 503, 364, 638]  tape=1.996km B=9.16T unif=0.585% hoop=350MPa
  [  84] INFEAS f=1022.895  a=29.7 b=133.7 gap=16.1 (face=4.2mm) n=[725, 158, 284, 187, 421, 198, 553]  no evaluation (geometry pre-check)
  [  85] viol   f=  11.347  a=46.1 b=101.8 gap=16.2 (face=4.4mm) n=[691, 50, 62, 251, 493, 328, 300]  tape=1.236km B=7.75T unif=0.848% hoop=277MPa
  [  86] OK     f=   1.590  a=44.3 b=101.1 gap=16.9 (face=5.9mm) n=[740, 125, 283, 205, 494, 391, 599]  tape=1.590km B=10.01T unif=0.722% hoop=285MPa
  [  87] viol   f=   2.262  a=52.7 b=144.1 gap=16.5 (face=4.9mm) n=[581, 605, 200, 503, 637, 379, 204]  tape=2.259km B=9.97T unif=0.408% hoop=386MPa
  [  88] viol   f=   2.712  a=57.8 b=98.9 gap=15.6 (face=3.3mm) n=[762, 345, 300, 81, 579, 565, 393]  tape=1.761km B=9.61T unif=1.057% hoop=400MPa
  [  89] OK     f=   1.508  a=45.6 b=96.0 gap=15.8 (face=3.6mm) n=[755, 238, 488, 190, 706, 217, 197]  tape=1.508km B=10.50T unif=0.947% hoop=301MPa
  [  90] viol   f=   2.346  a=41.0 b=110.8 gap=17.0 (face=6.1mm) n=[581, 158, 342, 54, 579, 411, 406]  tape=1.433km B=9.32T unif=0.518% hoop=255MPa
  [  91] viol   f=   1.847  a=48.0 b=112.8 gap=15.6 (face=3.2mm) n=[859, 229, 486, 85, 694, 236, 165]  tape=1.725km B=9.75T unif=0.747% hoop=302MPa
  [  92] viol   f= 268.161  a=29.8 b=117.1 gap=17.7 (face=7.4mm) n=[672, 69, 152, 50, 600, 233, 251]  tape=1.183km B=8.71T unif=2.148% hoop=177MPa
  [  93] viol   f=   5.088  a=50.9 b=112.4 gap=16.5 (face=5.0mm) n=[700, 67, 494, 164, 650, 299, 190]  tape=1.564km B=8.67T unif=0.713% hoop=291MPa
  [  94] viol   f=   2.624  a=52.8 b=117.7 gap=15.5 (face=3.0mm) n=[856, 243, 494, 185, 658, 225, 234]  tape=1.917km B=9.41T unif=0.721% hoop=380MPa
  [  95] viol   f=   4.842  a=56.1 b=106.5 gap=16.0 (face=4.1mm) n=[895, 153, 232, 121, 601, 297, 504]  tape=1.768km B=8.76T unif=0.895% hoop=327MPa
  [  96] viol   f=   1.948  a=40.7 b=130.6 gap=15.6 (face=3.2mm) n=[733, 223, 164, 310, 554, 270, 365]  tape=1.775km B=9.71T unif=0.459% hoop=275MPa
  [  97] viol   f=   1.888  a=39.5 b=104.3 gap=15.6 (face=3.2mm) n=[762, 89, 445, 52, 587, 110, 256]  tape=1.295km B=9.46T unif=0.710% hoop=225MPa
  [  98] OK     f=   1.414  a=38.7 b=100.2 gap=16.3 (face=4.5mm) n=[653, 269, 473, 93, 582, 139, 472]  tape=1.414km B=10.77T unif=0.663% hoop=256MPa
  [  99] viol   f=   3.864  a=45.7 b=106.1 gap=16.7 (face=5.5mm) n=[387, 284, 370, 181, 507, 398, 443]  tape=1.428km B=8.90T unif=0.620% hoop=316MPa
  [ 100] viol   f=   5.093  a=62.1 b=106.1 gap=15.5 (face=3.1mm) n=[887, 493, 298, 148, 678, 197, 384]  tape=1.971km B=8.75T unif=0.994% hoop=400MPa
  [ 101] OK     f=   1.772  a=43.8 b=106.1 gap=16.1 (face=4.2mm) n=[789, 261, 560, 143, 619, 80, 653]  tape=1.772km B=11.52T unif=0.686% hoop=294MPa
  [ 102] INFEAS f=3037.076  a=32.4 b=114.7 gap=15.6 (face=3.3mm) n=[899, 248, 367, 193, 396, 218, 398]  no evaluation (geometry pre-check)
  [ 103] OK     f=   1.554  a=38.4 b=100.7 gap=15.5 (face=3.0mm) n=[717, 393, 452, 74, 750, 135, 373]  tape=1.554km B=11.70T unif=0.632% hoop=289MPa
  [ 104] viol   f=   2.147  a=46.5 b=114.9 gap=15.9 (face=3.9mm) n=[795, 180, 479, 107, 648, 100, 365]  tape=1.668km B=9.51T unif=0.691% hoop=291MPa
  [ 105] OK     f=   1.567  a=46.3 b=106.0 gap=15.5 (face=3.0mm) n=[674, 204, 509, 230, 685, 103, 341]  tape=1.567km B=10.00T unif=0.742% hoop=299MPa
  [ 106] OK     f=   1.400  a=37.0 b=102.6 gap=15.6 (face=3.1mm) n=[740, 369, 256, 157, 608, 50, 362]  tape=1.400km B=10.68T unif=0.550% hoop=268MPa
  [ 107] OK     f=   1.962  a=45.6 b=116.2 gap=15.7 (face=3.3mm) n=[817, 430, 361, 321, 553, 145, 449]  tape=1.962km B=10.84T unif=0.689% hoop=393MPa
  [ 108] OK     f=   2.024  a=44.9 b=126.3 gap=15.9 (face=3.8mm) n=[886, 117, 234, 249, 895, 253, 397]  tape=2.024km B=10.37T unif=0.431% hoop=400MPa
  [ 109] viol   f=   2.070  a=42.5 b=115.9 gap=15.9 (face=3.8mm) n=[728, 209, 219, 131, 699, 321, 268]  tape=1.579km B=9.50T unif=0.506% hoop=280MPa
  [ 110] viol   f=   8.047  a=60.7 b=105.0 gap=16.2 (face=4.3mm) n=[504, 307, 868, 166, 465, 80, 460]  tape=1.807km B=8.23T unif=0.888% hoop=400MPa
  [ 111] OK     f=   2.025  a=49.4 b=119.8 gap=16.1 (face=4.2mm) n=[886, 431, 353, 200, 603, 206, 338]  tape=2.025km B=10.05T unif=0.667% hoop=392MPa
  [ 112] OK     f=   1.589  a=39.6 b=110.2 gap=15.6 (face=3.1mm) n=[651, 507, 500, 106, 643, 184, 226]  tape=1.589km B=11.60T unif=0.652% hoop=297MPa
  [ 113] viol   f=   7.803  a=34.7 b=106.7 gap=15.8 (face=3.6mm) n=[452, 307, 156, 135, 844, 56, 461]  tape=1.400km B=8.21T unif=0.454% hoop=265MPa
  [ 114] OK     f=   2.185  a=46.7 b=119.8 gap=15.6 (face=3.2mm) n=[752, 595, 426, 143, 826, 326, 344]  tape=2.185km B=11.82T unif=0.534% hoop=386MPa
  [ 115] viol   f=6259.473  a=34.5 b=98.2 gap=15.6 (face=3.3mm) n=[802, 303, 506, 69, 758, 218, 526]  tape=1.656km B=13.44T unif=6.594% hoop=283MPa
  [ 116] viol   f=   3.259  a=48.9 b=99.4 gap=16.2 (face=4.4mm) n=[610, 181, 85, 249, 753, 121, 748]  tape=1.506km B=9.06T unif=0.684% hoop=273MPa
  [ 117] OK     f=   1.679  a=44.6 b=108.1 gap=15.8 (face=3.5mm) n=[691, 416, 344, 188, 678, 212, 367]  tape=1.679km B=10.62T unif=0.686% hoop=339MPa
  [ 118] INFEAS f=1403.038  a=32.9 b=86.8 gap=15.5 (face=3.0mm) n=[814, 376, 169, 229, 848, 100, 605]  no evaluation (geometry pre-check)
  [ 119] INFEAS f=3696.243  a=29.5 b=114.1 gap=15.5 (face=3.1mm) n=[838, 242, 205, 303, 607, 91, 732]  no evaluation (geometry pre-check)
  [ 120] INFEAS f=4558.180  a=25.7 b=112.4 gap=15.7 (face=3.4mm) n=[756, 443, 416, 239, 511, 163, 364]  no evaluation (geometry pre-check)
  [ 121] viol   f=   3.337  a=47.9 b=100.3 gap=15.7 (face=3.5mm) n=[559, 442, 398, 89, 634, 136, 260]  tape=1.388km B=9.01T unif=0.882% hoop=338MPa
  [ 122] OK     f=   1.921  a=43.8 b=105.2 gap=16.4 (face=4.9mm) n=[847, 519, 439, 209, 684, 207, 374]  tape=1.921km B=12.18T unif=0.681% hoop=359MPa
  [ 123] viol   f=   2.097  a=47.7 b=107.3 gap=15.9 (face=3.8mm) n=[780, 348, 334, 169, 457, 59, 599]  tape=1.643km B=9.52T unif=0.785% hoop=384MPa
  [ 124] OK     f=   1.925  a=44.6 b=126.8 gap=16.2 (face=4.4mm) n=[709, 543, 387, 143, 525, 130, 503]  tape=1.925km B=10.58T unif=0.544% hoop=331MPa
  [ 125] viol   f=   4.049  a=57.8 b=120.7 gap=20.2 (face=12.4mm) n=[604, 476, 435, 406, 579, 65, 478]  tape=1.947km B=8.97T unif=0.601% hoop=400MPa
  [ 126] OK     f=   1.854  a=47.8 b=121.2 gap=15.7 (face=3.3mm) n=[523, 648, 418, 161, 666, 315, 200]  tape=1.854km B=10.23T unif=0.556% hoop=362MPa
  [ 127] OK     f=   1.915  a=32.2 b=117.9 gap=15.6 (face=3.2mm) n=[672, 402, 574, 76, 745, 304, 483]  tape=1.915km B=13.63T unif=0.292% hoop=267MPa
  [ 128] OK     f=   1.730  a=44.4 b=104.2 gap=18.4 (face=8.8mm) n=[752, 496, 313, 139, 624, 333, 359]  tape=1.730km B=10.77T unif=0.702% hoop=314MPa
  [ 129] OK     f=   2.439  a=46.9 b=128.9 gap=16.0 (face=4.0mm) n=[890, 544, 486, 390, 492, 261, 423]  tape=2.439km B=11.20T unif=0.533% hoop=400MPa
  [ 130] viol   f=   3.051  a=44.2 b=102.0 gap=15.6 (face=3.1mm) n=[620, 381, 443, 72, 556, 71, 194]  tape=1.276km B=9.06T unif=0.865% hoop=295MPa
  [ 131] OK     f=   1.647  a=37.0 b=117.7 gap=15.9 (face=3.8mm) n=[784, 406, 606, 103, 502, 68, 223]  tape=1.647km B=11.52T unif=0.959% hoop=269MPa
  [ 132] viol   f=  90.728  a=34.7 b=110.9 gap=18.3 (face=8.6mm) n=[763, 349, 406, 130, 525, 224, 274]  tape=1.573km B=10.56T unif=1.668% hoop=276MPa
  [ 133] viol   f=   1.550  a=33.6 b=114.2 gap=19.4 (face=10.7mm) n=[415, 467, 460, 85, 651, 126, 478]  tape=1.542km B=9.94T unif=0.298% hoop=239MPa
  [ 134] OK     f=   1.829  a=39.8 b=114.5 gap=15.5 (face=3.1mm) n=[561, 503, 369, 173, 732, 126, 614]  tape=1.829km B=11.17T unif=0.416% hoop=319MPa
  [ 135] OK     f=   1.966  a=51.7 b=104.8 gap=15.7 (face=3.4mm) n=[670, 771, 648, 52, 704, 77, 559]  tape=1.966km B=12.41T unif=0.870% hoop=390MPa
  [ 136] OK     f=   1.672  a=39.6 b=117.0 gap=15.5 (face=3.0mm) n=[621, 597, 363, 162, 651, 104, 328]  tape=1.672km B=11.46T unif=0.580% hoop=277MPa
  [ 137] viol   f=   2.096  a=55.1 b=107.8 gap=17.2 (face=6.3mm) n=[480, 765, 147, 132, 881, 110, 618]  tape=1.919km B=9.70T unif=0.709% hoop=356MPa
  [ 138] viol   f=   1.523  a=45.0 b=101.2 gap=16.8 (face=5.6mm) n=[689, 334, 331, 185, 673, 65, 432]  tape=1.491km B=9.87T unif=0.758% hoop=366MPa
  [ 139] viol   f=   1.582  a=45.8 b=118.0 gap=15.6 (face=3.1mm) n=[553, 534, 375, 73, 549, 60, 522]  tape=1.575km B=9.94T unif=0.589% hoop=300MPa
  [ 140] viol   f=   8.046  a=37.0 b=113.6 gap=22.9 (face=17.9mm) n=[493, 441, 294, 99, 815, 97, 415]  tape=1.614km B=8.21T unif=0.384% hoop=246MPa
  [ 141] OK     f=   1.486  a=37.6 b=109.5 gap=18.6 (face=9.2mm) n=[612, 381, 440, 67, 590, 139, 450]  tape=1.486km B=10.41T unif=0.428% hoop=245MPa
  [ 142] OK     f=   2.294  a=46.0 b=130.6 gap=19.4 (face=10.8mm) n=[598, 480, 495, 299, 728, 163, 681]  tape=2.294km B=11.02T unif=0.325% hoop=382MPa
  [ 143] viol   f=   6.253  a=37.1 b=111.5 gap=20.0 (face=12.0mm) n=[520, 452, 238, 50, 542, 141, 202]  tape=1.203km B=8.41T unif=0.462% hoop=191MPa
  [ 144] viol   f=   7.274  a=50.1 b=98.4 gap=15.9 (face=3.9mm) n=[454, 490, 297, 105, 689, 198, 232]  tape=1.390km B=8.28T unif=0.888% hoop=356MPa
  [ 145] OK     f=   1.342  a=35.8 b=108.1 gap=16.5 (face=5.0mm) n=[515, 365, 377, 130, 498, 221, 375]  tape=1.342km B=10.26T unif=0.508% hoop=254MPa
  [ 146] OK     f=   1.531  a=40.6 b=98.7 gap=16.5 (face=5.1mm) n=[667, 402, 227, 334, 713, 56, 480]  tape=1.531km B=10.94T unif=0.675% hoop=294MPa
  [ 147] viol   f=   5.443  a=52.8 b=98.0 gap=17.7 (face=7.4mm) n=[434, 463, 462, 163, 638, 54, 423]  tape=1.457km B=8.59T unif=0.911% hoop=400MPa
  [ 148] OK     f=   1.566  a=45.8 b=102.0 gap=15.6 (face=3.3mm) n=[589, 445, 528, 117, 667, 76, 435]  tape=1.566km B=10.50T unif=0.791% hoop=336MPa
  [ 149] OK     f=   1.267  a=29.2 b=111.3 gap=15.8 (face=3.7mm) n=[371, 452, 402, 174, 498, 121, 336]  tape=1.267km B=10.70T unif=0.217% hoop=208MPa
  [ 150] OK     f=   1.725  a=40.2 b=100.5 gap=16.7 (face=5.4mm) n=[595, 453, 352, 257, 730, 178, 634]  tape=1.725km B=11.57T unif=0.583% hoop=332MPa
  [ 151] viol   f=   1.516  a=40.5 b=117.3 gap=15.6 (face=3.1mm) n=[489, 250, 427, 293, 478, 296, 342]  tape=1.507km B=9.93T unif=0.526% hoop=280MPa
  [ 152] viol   f=   3.487  a=41.2 b=118.6 gap=16.1 (face=4.2mm) n=[432, 482, 369, 121, 502, 131, 278]  tape=1.374km B=8.97T unif=0.532% hoop=274MPa
  [ 153] OK     f=   1.540  a=29.7 b=112.1 gap=17.7 (face=7.4mm) n=[499, 610, 542, 190, 497, 209, 254]  tape=1.540km B=12.75T unif=0.205% hoop=210MPa
  [ 154] OK     f=   1.400  a=31.9 b=117.9 gap=16.6 (face=5.3mm) n=[632, 378, 329, 204, 470, 260, 81]  tape=1.400km B=10.43T unif=0.609% hoop=239MPa
  [ 155] OK     f=   1.851  a=43.0 b=128.2 gap=15.8 (face=3.6mm) n=[598, 548, 465, 214, 414, 228, 404]  tape=1.851km B=10.79T unif=0.555% hoop=316MPa
  [ 156] OK     f=   1.481  a=27.2 b=101.3 gap=17.0 (face=6.0mm) n=[279, 315, 521, 419, 627, 253, 507]  tape=1.481km B=12.03T unif=0.470% hoop=231MPa
  [ 157] viol   f=   1.523  a=32.1 b=98.0 gap=15.9 (face=3.8mm) n=[439, 255, 338, 132, 562, 219, 683]  tape=1.358km B=9.71T unif=0.405% hoop=247MPa
  [ 158] OK     f=   1.666  a=33.0 b=119.6 gap=15.8 (face=3.6mm) n=[551, 388, 449, 228, 591, 201, 433]  tape=1.666km B=11.95T unif=0.406% hoop=259MPa
  [ 159] INFEAS f=29480.836  a=15.1 b=87.4 gap=19.7 (face=11.4mm) n=[248, 295, 411, 243, 428, 98, 749]  no evaluation (geometry pre-check)
  [ 160] viol   f=  13.723  a=41.4 b=99.4 gap=18.4 (face=8.8mm) n=[358, 213, 436, 133, 621, 136, 265]  tape=1.178km B=7.50T unif=0.624% hoop=250MPa
  [ 161] OK     f=   1.531  a=32.4 b=120.1 gap=16.5 (face=5.0mm) n=[404, 295, 505, 355, 499, 56, 539]  tape=1.531km B=10.73T unif=0.120% hoop=236MPa
  [ 162] INFEAS f=2290.855  a=21.5 b=109.8 gap=17.9 (face=7.7mm) n=[297, 321, 584, 381, 367, 206, 305]  no evaluation (geometry pre-check)
  [ 163] OK     f=   1.568  a=27.8 b=111.0 gap=15.6 (face=3.2mm) n=[479, 242, 619, 246, 428, 382, 464]  tape=1.568km B=12.37T unif=0.213% hoop=228MPa
  [ 164] OK     f=   1.785  a=31.8 b=124.6 gap=17.0 (face=5.9mm) n=[593, 427, 556, 286, 576, 132, 421]  tape=1.785km B=13.14T unif=0.239% hoop=243MPa
  [ 165] OK     f=   1.570  a=42.3 b=100.4 gap=15.5 (face=3.0mm) n=[680, 317, 496, 152, 503, 486, 244]  tape=1.570km B=11.04T unif=0.854% hoop=318MPa
  [ 166] viol   f=   3.269  a=37.5 b=107.2 gap=20.4 (face=12.8mm) n=[517, 277, 404, 340, 649, 119, 217]  tape=1.424km B=9.04T unif=0.465% hoop=257MPa
  [ 167] OK     f=   1.451  a=37.0 b=108.5 gap=16.0 (face=4.0mm) n=[584, 290, 465, 197, 523, 549, 55]  tape=1.451km B=11.01T unif=0.509% hoop=255MPa
  [ 168] INFEAS f=1345.653  a=24.1 b=107.6 gap=20.1 (face=12.3mm) n=[482, 185, 609, 336, 611, 296, 193]  no evaluation (geometry pre-check)
  [ 169] OK     f=   1.628  a=27.8 b=116.5 gap=15.8 (face=3.5mm) n=[467, 266, 408, 442, 590, 148, 594]  tape=1.628km B=12.10T unif=0.362% hoop=225MPa
  [ 170] viol   f=   2.983  a=35.1 b=125.6 gap=16.4 (face=4.9mm) n=[567, 369, 217, 305, 677, 142, 67]  tape=1.485km B=9.13T unif=0.326% hoop=243MPa
  [ 171] viol   f=   1.799  a=32.2 b=122.2 gap=15.8 (face=3.6mm) n=[323, 207, 524, 180, 342, 619, 379]  tape=1.564km B=9.66T unif=0.361% hoop=239MPa
  [ 172] INFEAS f=2888.367  a=22.2 b=100.3 gap=15.6 (face=3.2mm) n=[530, 342, 499, 475, 622, 496, 315]  no evaluation (geometry pre-check)
  [ 173] viol   f=   1.948  a=36.5 b=129.8 gap=15.7 (face=3.3mm) n=[288, 184, 402, 439, 674, 271, 535]  tape=1.823km B=9.75T unif=0.205% hoop=281MPa
  [ 174] viol   f=   1.283  a=24.7 b=115.4 gap=15.5 (face=3.0mm) n=[338, 223, 504, 269, 189, 359, 266]  tape=1.197km B=9.79T unif=0.344% hoop=183MPa
  [ 175] viol   f=  29.982  a=29.8 b=118.5 gap=15.5 (face=3.0mm) n=[603, 139, 367, 411, 512, 51, 334]  tape=1.403km B=11.12T unif=1.378% hoop=209MPa
  [ 176] INFEAS f=3029.505  a=25.5 b=115.9 gap=15.8 (face=3.6mm) n=[713, 497, 503, 454, 584, 469, 151]  no evaluation (geometry pre-check)
  [ 177] INFEAS f=1005.198  a=22.5 b=120.1 gap=15.6 (face=3.2mm) n=[526, 331, 457, 306, 523, 205, 356]  no evaluation (geometry pre-check)
  [ 178] OK     f=   1.392  a=37.8 b=105.2 gap=15.9 (face=3.8mm) n=[535, 291, 489, 317, 468, 307, 184]  tape=1.392km B=10.72T unif=0.631% hoop=271MPa
  [ 179] OK     f=   1.536  a=36.4 b=94.3 gap=16.2 (face=4.4mm) n=[560, 138, 485, 129, 828, 522, 259]  tape=1.536km B=10.55T unif=0.605% hoop=274MPa
  [ 180] OK     f=   1.458  a=30.3 b=113.7 gap=15.8 (face=3.7mm) n=[452, 172, 456, 373, 461, 397, 410]  tape=1.458km B=12.01T unif=0.295% hoop=204MPa
  [ 181] viol   f=  11.992  a=36.9 b=121.4 gap=16.1 (face=4.2mm) n=[314, 214, 283, 59, 606, 319, 440]  tape=1.383km B=7.70T unif=0.293% hoop=250MPa
  [ 182] INFEAS f=3308.591  a=20.6 b=110.0 gap=15.8 (face=3.6mm) n=[590, 54, 305, 387, 260, 470, 95]  no evaluation (geometry pre-check)
  [ 183] viol   f=   1.788  a=44.1 b=119.7 gap=15.9 (face=3.9mm) n=[524, 263, 515, 95, 468, 418, 355]  tape=1.586km B=9.68T unif=0.528% hoop=276MPa
  [ 184] viol   f=   4.039  a=31.4 b=109.5 gap=15.6 (face=3.1mm) n=[297, 237, 513, 285, 233, 343, 191]  tape=1.159km B=8.80T unif=0.200% hoop=230MPa
  [ 185] viol   f=   2.405  a=42.3 b=110.2 gap=15.5 (face=3.0mm) n=[844, 53, 583, 73, 419, 176, 177]  tape=1.406km B=9.29T unif=0.722% hoop=314MPa
  [ 186] viol   f=   2.357  a=46.4 b=123.2 gap=17.4 (face=6.9mm) n=[358, 208, 335, 404, 590, 591, 459]  tape=1.855km B=9.50T unif=0.370% hoop=328MPa
  [ 187] OK     f=   1.430  a=28.2 b=114.6 gap=15.7 (face=3.5mm) n=[548, 226, 592, 106, 383, 486, 227]  tape=1.430km B=11.76T unif=0.663% hoop=195MPa
  [ 188] viol   f=   5.175  a=27.6 b=118.9 gap=15.5 (face=3.0mm) n=[381, 61, 525, 78, 372, 227, 305]  tape=1.123km B=8.58T unif=0.285% hoop=158MPa
  [ 189] viol   f=   1.418  a=30.8 b=123.1 gap=16.8 (face=5.7mm) n=[548, 226, 291, 221, 511, 180, 379]  tape=1.413km B=9.95T unif=0.416% hoop=218MPa
  [ 190] OK     f=   1.457  a=30.2 b=119.8 gap=16.6 (face=5.2mm) n=[261, 423, 375, 371, 271, 493, 338]  tape=1.457km B=10.63T unif=0.276% hoop=221MPa
  [ 191] OK     f=   1.432  a=29.9 b=122.6 gap=16.8 (face=5.6mm) n=[504, 283, 447, 246, 240, 337, 369]  tape=1.432km B=10.72T unif=0.147% hoop=227MPa
  [ 192] viol   f=  10.072  a=45.1 b=114.0 gap=15.5 (face=3.0mm) n=[631, 198, 234, 145, 586, 58, 342]  tape=1.323km B=7.91T unif=0.647% hoop=257MPa
  [ 193] OK     f=   1.402  a=26.4 b=111.5 gap=18.7 (face=9.4mm) n=[523, 291, 590, 60, 276, 457, 395]  tape=1.402km B=11.25T unif=0.584% hoop=179MPa
  [ 194] OK     f=   1.323  a=31.3 b=116.2 gap=15.5 (face=3.0mm) n=[336, 194, 368, 392, 424, 323, 357]  tape=1.323km B=10.28T unif=0.337% hoop=212MPa
  [ 195] viol   f=   4.301  a=47.9 b=118.6 gap=15.6 (face=3.2mm) n=[511, 435, 242, 51, 651, 166, 606]  tape=1.649km B=8.85T unif=0.504% hoop=333MPa
  [ 196] INFEAS f=6646.113  a=22.9 b=113.1 gap=15.6 (face=3.1mm) n=[638, 270, 169, 249, 722, 524, 611]  no evaluation (geometry pre-check)
  [ 197] viol   f=   1.644  a=33.9 b=129.8 gap=15.7 (face=3.3mm) n=[547, 401, 229, 137, 635, 124, 403]  tape=1.586km B=9.83T unif=0.338% hoop=239MPa
  [ 198] OK     f=   1.384  a=24.0 b=129.8 gap=15.6 (face=3.2mm) n=[499, 549, 358, 150, 176, 224, 306]  tape=1.384km B=12.04T unif=0.706% hoop=175MPa
  [ 199] OK     f=   1.265  a=32.2 b=108.5 gap=15.6 (face=3.2mm) n=[440, 417, 431, 59, 536, 186, 282]  tape=1.265km B=10.33T unif=0.493% hoop=226MPa
  [ 200] viol   f=  13.443  a=37.0 b=132.7 gap=16.7 (face=5.4mm) n=[385, 200, 211, 248, 307, 496, 247]  tape=1.369km B=7.54T unif=0.294% hoop=245MPa
  [ 201] viol   f=   2.213  a=30.4 b=126.1 gap=16.9 (face=5.9mm) n=[381, 448, 518, 106, 182, 155, 293]  tape=1.269km B=9.31T unif=0.290% hoop=193MPa
  [ 202] INFEAS f=15974.698  a=17.3 b=107.3 gap=16.1 (face=4.1mm) n=[691, 306, 267, 387, 223, 88, 455]  no evaluation (geometry pre-check)
  [ 203] OK     f=   1.239  a=23.7 b=114.9 gap=16.3 (face=4.6mm) n=[274, 408, 168, 279, 441, 336, 416]  tape=1.239km B=10.41T unif=0.370% hoop=162MPa
  [ 204] OK     f=   1.257  a=34.0 b=100.1 gap=15.5 (face=3.0mm) n=[463, 656, 497, 80, 286, 219, 181]  tape=1.257km B=10.59T unif=0.358% hoop=247MPa
  [ 205] OK     f=   1.802  a=34.6 b=128.1 gap=17.6 (face=7.2mm) n=[460, 214, 533, 637, 507, 174, 332]  tape=1.802km B=11.00T unif=0.237% hoop=246MPa
  [ 206] viol   f=   1.264  a=28.2 b=111.0 gap=15.6 (face=3.2mm) n=[470, 195, 556, 61, 282, 315, 272]  tape=1.181km B=9.80T unif=0.602% hoop=178MPa
  [ 207] OK     f=   1.898  a=37.1 b=114.3 gap=15.6 (face=3.1mm) n=[584, 261, 823, 308, 518, 235, 379]  tape=1.898km B=11.64T unif=0.408% hoop=309MPa
  [ 208] INFEAS f=1971.244  a=16.3 b=103.9 gap=15.9 (face=3.8mm) n=[285, 372, 433, 91, 387, 394, 104]  no evaluation (geometry pre-check)
  [ 209] OK     f=   1.546  a=32.6 b=105.2 gap=15.5 (face=3.1mm) n=[524, 236, 695, 200, 383, 438, 336]  tape=1.546km B=11.49T unif=0.572% hoop=252MPa
  [ 210] viol   f=   2.137  a=22.8 b=114.0 gap=16.2 (face=4.3mm) n=[460, 365, 429, 295, 497, 456, 367]  tape=1.509km B=13.79T unif=1.056% hoop=181MPa
  [ 211] viol   f=  21.906  a=26.6 b=107.2 gap=15.5 (face=3.0mm) n=[192, 263, 169, 256, 226, 548, 70]  tape=0.935km B=6.76T unif=0.262% hoop=186MPa
  [ 212] viol   f=   2.625  a=32.2 b=103.9 gap=15.7 (face=3.3mm) n=[369, 407, 476, 80, 370, 146, 118]  tape=1.015km B=9.10T unif=0.546% hoop=206MPa
  [ 213] viol   f=   1.666  a=37.2 b=129.4 gap=15.7 (face=3.3mm) n=[419, 393, 335, 279, 375, 206, 464]  tape=1.543km B=9.75T unif=0.405% hoop=270MPa
  [ 214] OK     f=   1.897  a=44.3 b=130.9 gap=16.3 (face=4.5mm) n=[536, 379, 602, 173, 435, 430, 318]  tape=1.897km B=10.20T unif=0.442% hoop=336MPa
  [ 215] OK     f=   1.351  a=36.7 b=112.3 gap=15.5 (face=3.0mm) n=[279, 604, 618, 271, 320, 67, 194]  tape=1.351km B=10.01T unif=0.533% hoop=248MPa
  [ 216] OK     f=   1.197  a=29.2 b=99.2 gap=15.7 (face=3.3mm) n=[491, 409, 356, 135, 420, 149, 503]  tape=1.197km B=11.48T unif=0.511% hoop=198MPa
  [ 217] OK     f=   1.114  a=26.5 b=108.7 gap=15.6 (face=3.1mm) n=[413, 442, 483, 211, 122, 226, 226]  tape=1.114km B=10.93T unif=0.303% hoop=172MPa
  [ 218] OK     f=   1.233  a=28.0 b=115.4 gap=15.9 (face=3.9mm) n=[516, 577, 190, 70, 438, 74, 338]  tape=1.233km B=10.83T unif=0.495% hoop=173MPa
  [ 219] INFEAS f=1488.263  a=17.9 b=122.5 gap=16.1 (face=4.2mm) n=[454, 383, 443, 118, 182, 433, 259]  no evaluation (geometry pre-check)
  [ 220] INFEAS f=8111.064  a=14.1 b=116.4 gap=15.5 (face=3.1mm) n=[261, 510, 293, 59, 226, 302, 332]  no evaluation (geometry pre-check)
  [ 221] OK     f=   1.178  a=25.3 b=111.7 gap=15.6 (face=3.2mm) n=[467, 471, 486, 179, 269, 143, 209]  tape=1.178km B=12.21T unif=0.540% hoop=170MPa
  [ 222] INFEAS f=4814.669  a=21.6 b=109.7 gap=15.5 (face=3.0mm) n=[395, 652, 475, 89, 145, 161, 348]  no evaluation (geometry pre-check)
  [ 223] viol   f=   1.646  a=25.7 b=110.9 gap=15.6 (face=3.3mm) n=[313, 477, 321, 108, 222, 203, 317]  tape=1.057km B=9.46T unif=0.347% hoop=174MPa
  [ 224] viol   f=  13.405  a=29.9 b=120.8 gap=15.5 (face=3.0mm) n=[299, 142, 580, 70, 132, 429, 190]  tape=1.105km B=7.52T unif=0.506% hoop=181MPa
  [ 225] INFEAS f=1597.105  a=23.0 b=129.5 gap=16.6 (face=5.2mm) n=[286, 595, 316, 77, 228, 86, 297]  no evaluation (geometry pre-check)
  [ 226] INFEAS f=1029.436  a=16.8 b=104.5 gap=15.6 (face=3.2mm) n=[375, 359, 365, 117, 289, 78, 382]  no evaluation (geometry pre-check)
  [ 227] viol   f=  36.727  a=28.6 b=114.8 gap=15.6 (face=3.3mm) n=[580, 448, 417, 130, 269, 81, 237]  tape=1.226km B=10.87T unif=1.421% hoop=196MPa
  [ 228] OK     f=   1.299  a=36.3 b=101.6 gap=16.8 (face=5.6mm) n=[686, 548, 320, 132, 292, 122, 284]  tape=1.299km B=10.23T unif=0.463% hoop=242MPa
  [ 229] OK     f=   1.269  a=37.3 b=103.7 gap=15.5 (face=3.1mm) n=[595, 470, 500, 168, 198, 238, 174]  tape=1.269km B=10.20T unif=0.807% hoop=254MPa
  [ 230] INFEAS f=1331.671  a=34.9 b=112.4 gap=16.6 (face=5.3mm) n=[544, 898, 381, 76, 337, 98, 301]  no evaluation (geometry pre-check)
  [ 231] OK     f=   1.423  a=32.7 b=120.9 gap=16.0 (face=4.0mm) n=[354, 643, 554, 59, 246, 371, 132]  tape=1.423km B=10.25T unif=0.376% hoop=235MPa
  [ 232] OK     f=   1.041  a=26.1 b=105.0 gap=15.5 (face=3.0mm) n=[415, 408, 272, 95, 361, 361, 183]  tape=1.041km B=10.77T unif=0.488% hoop=159MPa
  [ 233] viol   f=   9.326  a=33.8 b=106.7 gap=16.5 (face=5.0mm) n=[389, 555, 302, 140, 51, 59, 354]  tape=1.009km B=7.96T unif=0.412% hoop=201MPa
  [ 234] viol   f=   3.184  a=36.2 b=95.9 gap=16.0 (face=4.0mm) n=[444, 396, 551, 76, 93, 242, 313]  tape=1.065km B=8.97T unif=0.738% hoop=228MPa
  [ 235] viol   f=1953.887  a=30.4 b=99.8 gap=15.5 (face=3.0mm) n=[668, 500, 524, 86, 213, 260, 55]  tape=1.186km B=11.70T unif=4.125% hoop=213MPa
  [ 236] OK     f=   1.250  a=36.4 b=104.1 gap=15.5 (face=3.0mm) n=[579, 469, 430, 95, 342, 220, 182]  tape=1.250km B=10.16T unif=0.788% hoop=243MPa
  [ 237] viol   f=   8.500  a=44.1 b=111.0 gap=15.5 (face=3.1mm) n=[592, 497, 474, 135, 108, 134, 110]  tape=1.195km B=8.09T unif=0.807% hoop=263MPa
  [ 238] viol   f=   4.311  a=26.2 b=112.6 gap=15.5 (face=3.0mm) n=[406, 344, 191, 95, 263, 72, 369]  tape=0.927km B=8.70T unif=0.367% hoop=143MPa
  [ 239] OK     f=   1.210  a=36.3 b=94.1 gap=15.7 (face=3.5mm) n=[761, 629, 380, 89, 314, 106, 75]  tape=1.210km B=11.03T unif=0.735% hoop=243MPa
  [ 240] OK     f=   1.502  a=31.8 b=126.9 gap=15.6 (face=3.1mm) n=[459, 491, 546, 237, 324, 129, 265]  tape=1.502km B=11.21T unif=0.345% hoop=226MPa
  [ 241] OK     f=   1.236  a=26.4 b=99.9 gap=15.7 (face=3.5mm) n=[339, 359, 488, 232, 425, 399, 306]  tape=1.236km B=11.72T unif=0.290% hoop=204MPa
  [ 242] OK     f=   1.194  a=24.5 b=105.1 gap=15.5 (face=3.0mm) n=[371, 488, 291, 269, 396, 417, 140]  tape=1.194km B=11.75T unif=0.687% hoop=187MPa
  [ 243] viol   f=   6.113  a=30.0 b=84.0 gap=15.7 (face=3.5mm) n=[607, 509, 447, 121, 457, 189, 120]  tape=1.082km B=12.55T unif=1.159% hoop=205MPa
  [ 244] OK     f=   1.207  a=32.7 b=102.6 gap=15.7 (face=3.4mm) n=[452, 505, 357, 219, 405, 222, 182]  tape=1.207km B=10.79T unif=0.609% hoop=230MPa
  [ 245] OK     f=   1.110  a=30.3 b=94.0 gap=16.2 (face=4.3mm) n=[503, 516, 340, 185, 143, 422, 234]  tape=1.110km B=11.34T unif=0.549% hoop=197MPa
  [ 246] viol   f=   1.436  a=39.8 b=106.2 gap=15.5 (face=3.0mm) n=[678, 525, 370, 155, 159, 387, 114]  tape=1.357km B=9.80T unif=0.817% hoop=270MPa
  [ 247] OK     f=   1.112  a=35.1 b=97.1 gap=15.6 (face=3.1mm) n=[524, 508, 422, 98, 286, 323, 82]  tape=1.112km B=10.44T unif=0.849% hoop=224MPa
  [ 248] OK     f=   1.442  a=37.6 b=100.9 gap=15.5 (face=3.0mm) n=[643, 550, 433, 103, 620, 251, 159]  tape=1.442km B=12.00T unif=0.706% hoop=269MPa
  [ 249] viol   f=   4.453  a=34.1 b=105.9 gap=15.5 (face=3.0mm) n=[459, 378, 340, 147, 208, 272, 126]  tape=1.030km B=8.69T unif=0.722% hoop=214MPa
  [ 250] viol   f=   1.826  a=40.1 b=100.7 gap=16.5 (face=5.0mm) n=[693, 579, 328, 85, 164, 312, 128]  tape=1.253km B=9.46T unif=0.823% hoop=242MPa
  [ 251] OK     f=   1.167  a=30.1 b=90.2 gap=15.5 (face=3.0mm) n=[459, 517, 248, 265, 223, 649, 81]  tape=1.167km B=10.49T unif=0.600% hoop=264MPa
  [ 252] OK     f=   1.195  a=34.2 b=97.5 gap=15.7 (face=3.3mm) n=[430, 408, 502, 186, 344, 349, 185]  tape=1.195km B=10.66T unif=0.697% hoop=245MPa
  [ 253] viol   f=   1.186  a=37.6 b=88.8 gap=16.3 (face=4.6mm) n=[479, 452, 410, 246, 395, 189, 113]  tape=1.061km B=10.13T unif=1.025% hoop=245MPa
  [ 254] INFEAS f=1039.032  a=24.4 b=92.0 gap=16.7 (face=5.3mm) n=[456, 587, 430, 466, 224, 446, 87]  no evaluation (geometry pre-check)
  [ 255] OK     f=   1.355  a=37.7 b=104.1 gap=15.6 (face=3.2mm) n=[580, 455, 576, 144, 270, 338, 168]  tape=1.355km B=10.98T unif=0.726% hoop=254MPa
  [ 256] viol   f=  14.477  a=35.8 b=77.7 gap=15.8 (face=3.6mm) n=[616, 449, 290, 113, 378, 474, 155]  tape=1.078km B=11.08T unif=1.259% hoop=250MPa
  [ 257] OK     f=   1.057  a=32.3 b=95.8 gap=15.8 (face=3.6mm) n=[495, 446, 405, 50, 432, 172, 199]  tape=1.057km B=10.55T unif=0.743% hoop=199MPa
  [ 258] OK     f=   1.371  a=33.5 b=103.9 gap=15.9 (face=3.8mm) n=[527, 646, 292, 174, 274, 418, 200]  tape=1.371km B=11.04T unif=0.333% hoop=247MPa
  [ 259] viol   f=  12.439  a=21.8 b=98.6 gap=16.1 (face=4.2mm) n=[440, 464, 437, 180, 357, 479, 208]  tape=1.186km B=14.03T unif=1.237% hoop=155MPa
  [ 260] viol   f=   6.654  a=30.5 b=94.4 gap=15.9 (face=3.8mm) n=[292, 310, 325, 154, 244, 645, 254]  tape=1.132km B=8.34T unif=0.494% hoop=262MPa
  [ 261] OK     f=   1.409  a=33.7 b=99.0 gap=15.9 (face=3.8mm) n=[658, 683, 451, 155, 500, 119, 187]  tape=1.409km B=13.15T unif=0.751% hoop=246MPa
  [ 262] INFEAS f=1040.338  a=23.1 b=94.3 gap=15.5 (face=3.0mm) n=[552, 430, 408, 128, 291, 478, 50]  no evaluation (geometry pre-check)
  [ 263] OK     f=   0.942  a=27.9 b=88.0 gap=15.8 (face=3.7mm) n=[523, 536, 243, 65, 358, 208, 163]  tape=0.942km B=11.08T unif=0.911% hoop=175MPa
  [ 264] OK     f=   1.247  a=31.9 b=104.1 gap=16.0 (face=4.0mm) n=[544, 352, 463, 259, 435, 227, 102]  tape=1.247km B=11.03T unif=0.503% hoop=231MPa
  [ 265] viol   f=  27.012  a=35.8 b=79.2 gap=15.5 (face=3.0mm) n=[570, 276, 472, 211, 207, 267, 138]  tape=0.952km B=9.72T unif=1.360% hoop=244MPa
  [ 266] OK     f=   1.111  a=30.7 b=99.6 gap=16.1 (face=4.2mm) n=[418, 503, 353, 173, 226, 365, 175]  tape=1.111km B=10.30T unif=0.529% hoop=204MPa
  [ 267] OK     f=   1.316  a=27.3 b=103.6 gap=15.7 (face=3.4mm) n=[546, 422, 368, 256, 419, 468, 116]  tape=1.316km B=12.78T unif=0.904% hoop=209MPa
  [ 268] OK     f=   1.108  a=32.2 b=101.0 gap=15.8 (face=3.6mm) n=[461, 500, 309, 154, 430, 254, 85]  tape=1.108km B=10.29T unif=0.638% hoop=207MPa
  [ 269] OK     f=   1.294  a=36.6 b=96.9 gap=15.5 (face=3.1mm) n=[435, 454, 333, 141, 278, 531, 417]  tape=1.294km B=10.44T unif=0.679% hoop=264MPa
  [ 270] OK     f=   1.127  a=31.3 b=96.3 gap=15.5 (face=3.1mm) n=[329, 458, 564, 104, 214, 410, 192]  tape=1.127km B=10.12T unif=0.509% hoop=228MPa
  [ 271] OK     f=   1.079  a=30.2 b=99.1 gap=15.5 (face=3.0mm) n=[533, 544, 290, 96, 407, 142, 156]  tape=1.079km B=10.99T unif=0.551% hoop=194MPa
  [ 272] OK     f=   1.115  a=29.1 b=94.7 gap=15.6 (face=3.2mm) n=[490, 503, 373, 204, 406, 100, 292]  tape=1.115km B=12.00T unif=0.762% hoop=197MPa
  [ 273] OK     f=   1.151  a=23.8 b=97.4 gap=15.6 (face=3.2mm) n=[370, 474, 458, 186, 387, 481, 133]  tape=1.151km B=12.90T unif=0.495% hoop=169MPa
  [ 274] viol   f=   4.237  a=33.0 b=78.9 gap=16.3 (face=4.6mm) n=[466, 540, 287, 116, 271, 192, 157]  tape=0.877km B=9.60T unif=1.123% hoop=202MPa
  [ 275] OK     f=   1.384  a=37.1 b=104.5 gap=15.7 (face=3.3mm) n=[545, 521, 423, 243, 487, 288, 111]  tape=1.384km B=11.46T unif=0.728% hoop=262MPa
  [ 276] viol   f=3863.088  a=31.3 b=86.7 gap=15.5 (face=3.0mm) n=[702, 428, 505, 178, 268, 139, 85]  tape=1.095km B=11.45T unif=5.394% hoop=230MPa
  [ 277] OK     f=   1.026  a=28.3 b=83.0 gap=16.7 (face=5.4mm) n=[506, 534, 303, 98, 294, 256, 405]  tape=1.026km B=11.88T unif=0.871% hoop=187MPa
  [ 278] viol   f=  25.352  a=21.7 b=88.2 gap=16.1 (face=4.3mm) n=[238, 464, 349, 118, 449, 306, 123]  tape=0.879km B=10.66T unif=1.350% hoop=140MPa
  [ 279] viol   f=   1.364  a=32.5 b=91.9 gap=15.7 (face=3.3mm) n=[392, 492, 400, 189, 290, 73, 186]  tape=0.959km B=9.55T unif=0.827% hoop=212MPa
  [ 280] viol   f=   7.186  a=35.3 b=93.2 gap=16.6 (face=5.3mm) n=[437, 396, 253, 85, 283, 294, 114]  tape=0.895km B=8.23T unif=0.862% hoop=195MPa  [a=53 b=103 nt=2661] KSP converged reason: 4, iterations: 1
  [a=26 b=146 nt=1967] KSP converged reason: 4, iterations: 1
  [a=61 b=152 nt=2864] KSP converged reason: 4, iterations: 1
  [a=37 b=92 nt=2876] KSP converged reason: 4, iterations: 1
  [a=100 b=129 nt=2646] KSP converged reason: 4, iterations: 1
  [a=42 b=100 nt=3552] KSP converged reason: 4, iterations: 1
  [a=48 b=70 nt=2618] KSP converged reason: 4, iterations: 1
  [a=45 b=107 nt=2999] KSP converged reason: 4, iterations: 1
  [a=43 b=131 nt=2902] KSP converged reason: 4, iterations: 1
  [a=52 b=105 nt=2569] KSP converged reason: 4, iterations: 1
  [a=48 b=124 nt=4088] KSP converged reason: 4, iterations: 1
  [a=53 b=125 nt=3240] KSP converged reason: 4, iterations: 1
  [a=46 b=102 nt=2175] KSP converged reason: 4, iterations: 1
  [a=58 b=99 nt=3025] KSP converged reason: 4, iterations: 1
  [a=53 b=118 nt=2895] KSP converged reason: 4, iterations: 1
  [a=38 b=101 nt=2894] KSP converged reason: 4, iterations: 1
  [a=40 b=110 nt=2817] KSP converged reason: 4, iterations: 1
  [a=58 b=121 nt=3043] KSP converged reason: 4, iterations: 1
  [a=35 b=111 nt=2671] KSP converged reason: 4, iterations: 1
  [a=55 b=108 nt=3133] KSP converged reason: 4, iterations: 1
  [a=37 b=112 nt=2145] KSP converged reason: 4, iterations: 1
  [a=40 b=100 nt=3199] KSP converged reason: 4, iterations: 1
  [a=43 b=128 nt=2871] KSP converged reason: 4, iterations: 1
  [a=32 b=120 nt=2653] KSP converged reason: 4, iterations: 1
  [a=25 b=115 nt=2148] KSP converged reason: 4, iterations: 1
  [a=31 b=109 nt=2099] KSP converged reason: 4, iterations: 1
  [a=30 b=123 nt=2426] KSP converged reason: 4, iterations: 1
  [a=37 b=114 nt=3108] KSP converged reason: 4, iterations: 1
  [a=23 b=114 nt=2869] KSP converged reason: 4, iterations: 1
  [a=29 b=99 nt=2463] KSP converged reason: 4, iterations: 1
  [a=26 b=111 nt=1961] KSP converged reason: 4, iterations: 1
  [a=30 b=100 nt=2306] KSP converged reason: 4, iterations: 1
  [a=44 b=111 nt=2050] KSP converged reason: 4, iterations: 1
  [a=33 b=103 nt=2342] KSP converged reason: 4, iterations: 1
  [a=40 b=101 nt=2289] KSP converged reason: 4, iterations: 1
  [a=32 b=96 nt=2199] KSP converged reason: 4, iterations: 1
  [a=30 b=94 nt=2224] KSP converged reason: 4, iterations: 1
  [a=36 b=79 nt=2141] KSP converged reason: 4, iterations: 1
  [a=37 b=97 nt=2589] KSP converged reason: 4, iterations: 1
  [a=31 b=87 nt=2305] KSP converged reason: 4, iterations: 1
  [a=28 b=83 nt=2396] KSP converged reason: 4, iterations: 1
  [a=36 b=98 nt=2558] KSP converged reason: 4, iterations: 1
  [a=31 b=83 nt=2360] KSP converged reason: 4, iterations: 1
  [a=24 b=90 nt=2148] KSP converged reason: 4, iterations: 1
  [a=64 b=142 nt=2622] KSP converged reason: 4, iterations: 1
  [a=38 b=84 nt=2835] KSP converged reason: 4, iterations: 1
  [a=58 b=111 nt=3289] KSP converged reason: 4, iterations: 1
  [a=47 b=102 nt=2779] KSP converged reason: 4, iterations: 1
  [a=38 b=110 nt=2990] KSP converged reason: 4, iterations: 1
  [a=44 b=120 nt=2223] KSP converged reason: 4, iterations: 1
  [a=61 b=95 nt=3126] KSP converged reason: 4, iterations: 1
  [a=31 b=107 nt=3551] KSP converged reason: 4, iterations: 1
  [a=54 b=115 nt=3234] KSP converged reason: 4, iterations: 1
  [a=45 b=130 nt=2789] KSP converged reason: 4, iterations: 1
  [a=49 b=132 nt=3155] KSP converged reason: 4, iterations: 1
  [a=51 b=120 nt=2941] KSP converged reason: 4, iterations: 1
  [a=30 b=117 nt=2027] KSP converged reason: 4, iterations: 1
  [a=39 b=104 nt=2301] KSP converged reason: 4, iterations: 1
  [a=47 b=115 nt=2674] KSP converged reason: 4, iterations: 1
  [a=42 b=116 nt=2575] KSP converged reason: 4, iterations: 1
  [a=49 b=99 nt=2747] KSP converged reason: 4, iterations: 1
  [a=48 b=100 nt=2518] KSP converged reason: 4, iterations: 1
  [a=47 b=129 nt=3486] KSP converged reason: 4, iterations: 1
  [a=40 b=115 nt=3078] KSP converged reason: 4, iterations: 1
  [a=37 b=114 nt=2654] KSP converged reason: 4, iterations: 1
  [a=36 b=108 nt=2481] KSP converged reason: 4, iterations: 1
  [a=41 b=119 nt=2315] KSP converged reason: 4, iterations: 1
  [a=32 b=125 nt=2991] KSP converged reason: 4, iterations: 1
  [a=36 b=130 nt=2793] KSP converged reason: 4, iterations: 1
  [a=42 b=110 nt=2325] KSP converged reason: 4, iterations: 1
  [a=28 b=119 nt=1949] KSP converged reason: 4, iterations: 1
  [a=31 b=116 nt=2394] KSP converged reason: 4, iterations: 1
  [a=24 b=115 nt=2322] KSP converged reason: 4, iterations: 1
  [a=44 b=131 nt=2873] KSP converged reason: 4, iterations: 1
  [a=29 b=115 nt=2162] KSP converged reason: 4, iterations: 1
  [a=34 b=107 nt=1850] KSP converged reason: 4, iterations: 1
  [a=26 b=113 nt=1740] KSP converged reason: 4, iterations: 1
  [a=30 b=94 nt=2343] KSP converged reason: 4, iterations: 1
  [a=34 b=106 nt=1930] KSP converged reason: 4, iterations: 1
  [a=36 b=78 nt=2475] KSP converged reason: 4, iterations: 1
  [a=22 b=99 nt=2565] KSP converged reason: 4, iterations: 1
  [a=31 b=100 nt=2213] KSP converged reason: 4, iterations: 1
  [a=30 b=99 nt=2168] KSP converged reason: 4, iterations: 1
  [a=32 b=92 nt=2022] KSP converged reason: 4, iterations: 1
  [a=30 b=82 nt=2181] KSP converged reason: 4, iterations: 1
  [a=36 b=81 nt=2577] KSP converged reason: 4, iterations: 1
  [a=33 b=66 nt=2257] KSP converged reason: 4, iterations: 1
  [a=36 b=90 nt=2548] KSP converged reason: 4, iterations: 1
  [a=59 b=93 nt=2886] KSP converged reason: 4, iterations: 1
  [a=42 b=137 nt=2889] KSP converged reason: 4, iterations: 1
  [a=63 b=150 nt=2836] KSP converged reason: 4, iterations: 1
  [a=58 b=115 nt=2672] KSP converged reason: 4, iterations: 1
  [a=84 b=125 nt=2948] KSP converged reason: 4, iterations: 1
  [a=58 b=120 nt=2679] KSP converged reason: 4, iterations: 1
  [a=45 b=117 nt=2447] KSP converged reason: 4, iterations: 1
  [a=48 b=116 nt=2499] KSP converged reason: 4, iterations: 1
  [a=35 b=99 nt=2163] KSP converged reason: 4, iterations: 1
  [a=49 b=144 nt=3312] KSP converged reason: 4, iterations: 1
  [a=66 b=115 nt=3573] KSP converged reason: 4, iterations: 1
  [a=47 b=120 nt=3445] KSP converged reason: 4, iterations: 1
  [a=53 b=124 nt=2965] KSP converged reason: 4, iterations: 1
  [a=48 b=113 nt=2754] KSP converged reason: 4, iterations: 1
  [a=46 b=106 nt=2570] KSP converged reason: 4, iterations: 1
  [a=37 b=103 nt=2542] KSP converged reason: 4, iterations: 1
  [a=45 b=126 nt=3031] KSP converged reason: 4, iterations: 1
  [a=47 b=120 nt=3412] KSP converged reason: 4, iterations: 1
  [a=45 b=127 nt=2940] KSP converged reason: 4, iterations: 1
  [a=44 b=102 nt=2337] KSP converged reason: 4, iterations: 1
  [a=40 b=117 nt=2826] KSP converged reason: 4, iterations: 1
  [a=38 b=109 nt=2679] KSP converged reason: 4, iterations: 1
  [a=29 b=111 nt=2354] KSP converged reason: 4, iterations: 1
  [a=27 b=101 nt=2921] KSP converged reason: 4, iterations: 1
  [a=33 b=120 nt=2841] KSP converged reason: 4, iterations: 1
  [a=38 b=107 nt=2523] KSP converged reason: 4, iterations: 1
  [a=28 b=117 nt=2915] KSP converged reason: 4, iterations: 1
  [a=38 b=105 nt=2591] KSP converged reason: 4, iterations: 1
  [a=28 b=115 nt=2568] KSP converged reason: 4, iterations: 1
  [a=30 b=120 nt=2532] KSP converged reason: 4, iterations: 1
  [a=34 b=130 nt=2476] KSP converged reason: 4, iterations: 1
  [a=32 b=108 nt=2351] KSP converged reason: 4, iterations: 1
  [a=35 b=128 nt=2857] KSP converged reason: 4, iterations: 1
  [a=32 b=104 nt=1966] KSP converged reason: 4, iterations: 1
  [a=25 b=112 nt=2224] KSP converged reason: 4, iterations: 1
  [a=36 b=104 nt=2317] KSP converged reason: 4, iterations: 1
  [a=26 b=100 nt=2548] KSP converged reason: 4, iterations: 1
  [a=34 b=98 nt=2404] KSP converged reason: 4, iterations: 1
  [a=28 b=88 nt=2096] KSP converged reason: 4, iterations: 1
  [a=32 b=101 nt=2193] KSP converged reason: 4, iterations: 1
  [a=37 b=105 nt=2618] KSP converged reason: 4, iterations: 1
  [a=36 b=88 nt=2691] KSP converged reason: 4, iterations: 1
  [a=34 b=90 nt=2670] KSP converged reason: 4, iterations: 1
  [a=34 b=88 nt=2206] KSP converged reason: 4, iterations: 1
  [a=35 b=91 nt=2183] KSP converged reason: 4, iterations: 1
  [a=77 b=119 nt=2923] KSP converged reason: 4, iterations: 1
  [a=76 b=122 nt=2884] KSP converged reason: 4, iterations: 1
  [a=42 b=75 nt=2749] KSP converged reason: 4, iterations: 1
  [a=50 b=84 nt=2985] KSP converged reason: 4, iterations: 1
  [a=54 b=90 nt=2389] KSP converged reason: 4, iterations: 1
  [a=45 b=82 nt=2495] KSP converged reason: 4, iterations: 1
  [a=68 b=109 nt=2842] KSP converged reason: 4, iterations: 1
  [a=51 b=113 nt=3499] KSP converged reason: 4, iterations: 1
  [a=39 b=125 nt=3433] KSP converged reason: 4, iterations: 1
  [a=50 b=117 nt=3277] KSP converged reason: 4, iterations: 1
  [a=53 b=144 nt=3109] KSP converged reason: 4, iterations: 1
  [a=51 b=112 nt=2564] KSP converged reason: 4, iterations: 1
  [a=62 b=106 nt=3085] KSP converged reason: 4, iterations: 1
  [a=46 b=116 nt=3076] KSP converged reason: 4, iterations: 1
  [a=49 b=120 nt=3017] KSP converged reason: 4, iterations: 1
  [a=44 b=105 nt=3279] KSP converged reason: 4, iterations: 1
  [a=44 b=104 nt=3016] KSP converged reason: 4, iterations: 1
  [a=34 b=114 nt=2682] KSP converged reason: 4, iterations: 1
  [a=46 b=118 nt=2666] KSP converged reason: 4, iterations: 1
  [a=41 b=99 nt=2879] KSP converged reason: 4, iterations: 1
  [a=46 b=102 nt=2857] KSP converged reason: 4, iterations: 1
  [a=32 b=118 nt=2354] KSP converged reason: 4, iterations: 1
  [a=32 b=98 nt=2628] KSP converged reason: 4, iterations: 1
  [a=37 b=109 nt=2663] KSP converged reason: 4, iterations: 1
  [a=30 b=119 nt=2417] KSP converged reason: 4, iterations: 1
  [a=37 b=121 nt=2235] KSP converged reason: 4, iterations: 1
  [a=31 b=123 nt=2356] KSP converged reason: 4, iterations: 1
  [a=48 b=119 nt=2662] KSP converged reason: 4, iterations: 1
  [a=37 b=133 nt=2094] KSP converged reason: 4, iterations: 1
  [a=28 b=111 nt=2151] KSP converged reason: 4, iterations: 1
  [a=27 b=107 nt=1724] KSP converged reason: 4, iterations: 1
  [a=26 b=109 nt=2123] KSP converged reason: 4, iterations: 1
  [a=36 b=102 nt=2384] KSP converged reason: 4, iterations: 1
  [a=33 b=121 nt=2359] KSP converged reason: 4, iterations: 1
  [a=36 b=94 nt=2354] KSP converged reason: 4, iterations: 1
  [a=30 b=84 nt=2450] KSP converged reason: 4, iterations: 1
  [a=35 b=97 nt=2243] KSP converged reason: 4, iterations: 1
  [a=38 b=104 nt=2531] KSP converged reason: 4, iterations: 1
  [a=34 b=99 nt=2753] KSP converged reason: 4, iterations: 1
  [a=31 b=96 nt=2271] KSP converged reason: 4, iterations: 1
  [a=33 b=79 nt=2029] KSP converged reason: 4, iterations: 1
  [a=22 b=88 nt=2047] KSP converged reason: 4, iterations: 1
  [a=27 b=94 nt=2427] KSP converged reason: 4, iterations: 1
  [a=30 b=89 nt=2275] KSP converged reason: 4, iterations: 1
  [a=31 b=82 nt=2331] KSP converged reason: 4, iterations: 1
  [a=32 b=89 nt=1988] KSP converged reason: 4, iterations: 1
  [a=25 b=79 nt=1875] KSP converged reason: 4, iterations: 1
  [a=47 b=120 nt=3022] KSP converged reason: 4, iterations: 1
  [a=44 b=124 nt=2248] KSP converged reason: 4, iterations: 1
  [a=63 b=106 nt=3503] KSP converged reason: 4, iterations: 1
  [a=50 b=126 nt=2288] KSP converged reason: 4, iterations: 1
  [a=50 b=132 nt=3360] KSP converged reason: 4, iterations: 1
  [a=56 b=111 nt=2307] KSP converged reason: 4, iterations: 1
  [a=39 b=138 nt=3492] KSP converged reason: 4, iterations: 1
  [a=37 b=111 nt=3143] KSP converged reason: 4, iterations: 1
  [a=44 b=119 nt=3255] KSP converged reason: 4, iterations: 1
  [a=37 b=99 nt=2265] KSP converged reason: 4, iterations: 1
  [a=42 b=109 nt=2882] KSP converged reason: 4, iterations: 1
  [a=44 b=101 nt=2837] KSP converged reason: 4, iterations: 1
  [a=41 b=111 nt=2531] KSP converged reason: 4, iterations: 1
  [a=41 b=131 nt=2619] KSP converged reason: 4, iterations: 1
  [a=44 b=106 nt=3105] KSP converged reason: 4, iterations: 1
  [a=35 b=107 nt=2411] KSP converged reason: 4, iterations: 1
  [a=45 b=108 nt=2896] KSP converged reason: 4, iterations: 1
  [a=48 b=121 nt=2931] KSP converged reason: 4, iterations: 1
  [a=37 b=118 nt=2692] KSP converged reason: 4, iterations: 1
  [a=45 b=101 nt=2709] KSP converged reason: 4, iterations: 1
  [a=50 b=98 nt=2465] KSP converged reason: 4, iterations: 1
  [a=53 b=98 nt=2637] KSP converged reason: 4, iterations: 1
  [a=30 b=112 nt=2801] KSP converged reason: 4, iterations: 1
  [a=41 b=99 nt=2162] KSP converged reason: 4, iterations: 1
  [a=42 b=100 nt=2878] KSP converged reason: 4, iterations: 1
  [a=35 b=126 nt=2344] KSP converged reason: 4, iterations: 1
  [a=36 b=94 nt=2921] KSP converged reason: 4, iterations: 1
  [a=30 b=114 nt=2721] KSP converged reason: 4, iterations: 1
  [a=46 b=123 nt=2945] KSP converged reason: 4, iterations: 1
  [a=45 b=114 nt=2194] KSP converged reason: 4, iterations: 1
  [a=24 b=130 nt=2262] KSP converged reason: 4, iterations: 1
  [a=34 b=100 nt=2382] KSP converged reason: 4, iterations: 1
  [a=33 b=105 nt=2812] KSP converged reason: 4, iterations: 1
  [a=37 b=112 nt=2353] KSP converged reason: 4, iterations: 1
  [a=28 b=115 nt=2203] KSP converged reason: 4, iterations: 1
  [a=37 b=104 nt=2343] KSP converged reason: 4, iterations: 1
  [a=36 b=96 nt=2115] KSP converged reason: 4, iterations: 1
  [a=32 b=127 nt=2451] KSP converged reason: 4, iterations: 1
  [a=40 b=106 nt=2388] KSP converged reason: 4, iterations: 1
  [a=38 b=101 nt=2759] KSP converged reason: 4, iterations: 1
  [a=38 b=89 nt=2284] KSP converged reason: 4, iterations: 1
  [a=32 b=104 nt=2382] KSP converged reason: 4, iterations: 1
  [a=29 b=95 nt=2368] KSP converged reason: 4, iterations: 1
  [a=35 b=93 nt=1862] KSP converged reason: 4, iterations: 1
  [a=32 b=105 nt=2642] KSP converged reason: 4, iterations: 1
  [a=30 b=89 nt=2573] KSP converged reason: 4, iterations: 1
  [a=37 b=91 nt=2357] KSP converged reason: 4, iterations: 1
  [a=27 b=77 nt=2087] KSP converged reason: 4, iterations: 1
  [a=34 b=88 nt=2378] KSP converged reason: 4, iterations: 1
  [a=45 b=130 nt=2528] KSP converged reason: 4, iterations: 1
  [a=62 b=113 nt=2289] KSP converged reason: 4, iterations: 1
  [a=52 b=115 nt=2548] KSP converged reason: 4, iterations: 1
  [a=45 b=112 nt=3406] KSP converged reason: 4, iterations: 1
  [a=48 b=93 nt=2520] KSP converged reason: 4, iterations: 1
  [a=35 b=117 nt=1958] KSP converged reason: 4, iterations: 1
  [a=51 b=105 nt=3493] KSP converged reason: 4, iterations: 1
  [a=45 b=105 nt=3411] KSP converged reason: 4, iterations: 1
  [a=41 b=118 nt=3464] KSP converged reason: 4, iterations: 1
  [a=54 b=102 nt=2901] KSP converged reason: 4, iterations: 1
  [a=46 b=96 nt=2791] KSP converged reason: 4, iterations: 1
  [a=56 b=107 nt=2803] KSP converged reason: 4, iterations: 1
  [a=39 b=100 nt=2681] KSP converged reason: 4, iterations: 1
  [a=46 b=106 nt=2746] KSP converged reason: 4, iterations: 1
  [a=61 b=105 nt=2850] KSP converged reason: 4, iterations: 1
  [a=35 b=98 nt=3182] KSP converged reason: 4, iterations: 1
  [a=48 b=107 nt=2746] KSP converged reason: 4, iterations: 1
  [a=32 b=118 nt=3256] KSP converged reason: 4, iterations: 1
  [a=52 b=105 nt=3481] KSP converged reason: 4, iterations: 1
  [a=46 b=131 nt=3444] KSP converged reason: 4, iterations: 1
  [a=41 b=117 nt=2575] KSP converged reason: 4, iterations: 1
  [a=28 b=111 nt=2860] KSP converged reason: 4, iterations: 1
  [a=32 b=122 nt=2574] KSP converged reason: 4, iterations: 1
  [a=44 b=120 nt=2638] KSP converged reason: 4, iterations: 1
  [a=26 b=112 nt=2592] KSP converged reason: 4, iterations: 1
  [a=30 b=126 nt=2083] KSP converged reason: 4, iterations: 1
  [a=37 b=129 nt=2471] KSP converged reason: 4, iterations: 1
  [a=30 b=121 nt=1842] KSP converged reason: 4, iterations: 1
  [a=26 b=105 nt=2095] KSP converged reason: 4, iterations: 1
  [a=25 b=105 nt=2372] KSP converged reason: 4, iterations: 1
  [a=30 b=90 nt=2442] KSP converged reason: 4, iterations: 1
  [a=33 b=104 nt=2531] KSP converged reason: 4, iterations: 1
  [a=27 b=104 nt=2595] KSP converged reason: 4, iterations: 1
  [a=24 b=97 nt=2489] KSP converged reason: 4, iterations: 1
  [a=34 b=85 nt=2564] KSP converged reason: 4, iterations: 1
  [a=29 b=72 nt=2249] KSP converged reason: 4, iterations: 1
  [a=29 b=87 nt=2566] KSP converged reason: 4, iterations: 1
  [a=29 b=82 nt=2116] KSP converged reason: 4, iterations: 1

  [ 281] INFEAS f=4283.823  a=19.3 b=85.9 gap=15.5 (face=3.0mm) n=[579, 298, 334, 96, 161, 194, 337]  no evaluation (geometry pre-check)
  [ 282] OK     f=   1.199  a=33.9 b=84.5 gap=16.5 (face=5.0mm) n=[657, 416, 379, 80, 408, 333, 291]  tape=1.199km B=11.37T unif=0.707% hoop=259MPa
  [ 283] OK     f=   1.286  a=35.6 b=98.2 gap=15.5 (face=3.0mm) n=[552, 566, 379, 57, 426, 369, 209]  tape=1.286km B=11.52T unif=0.782% hoop=247MPa
  [ 284] OK     f=   1.300  a=35.9 b=87.8 gap=15.7 (face=3.4mm) n=[445, 655, 371, 187, 265, 502, 266]  tape=1.300km B=11.30T unif=0.577% hoop=283MPa
  [ 285] INFEAS f=9451.579  a=14.2 b=95.3 gap=16.4 (face=4.9mm) n=[390, 530, 175, 111, 318, 427, 221]  no evaluation (geometry pre-check)
  [ 286] OK     f=   1.387  a=31.7 b=105.1 gap=15.6 (face=3.2mm) n=[566, 416, 521, 156, 428, 330, 225]  tape=1.387km B=12.33T unif=0.480% hoop=237MPa
  [ 287] INFEAS f=1988.712  a=23.3 b=102.3 gap=15.6 (face=3.1mm) n=[460, 620, 183, 154, 309, 251, 187]  no evaluation (geometry pre-check)
  [ 288] OK     f=   0.964  a=29.8 b=82.4 gap=15.5 (face=3.0mm) n=[576, 466, 325, 86, 279, 266, 183]  tape=0.964km B=11.04T unif=0.836% hoop=212MPa
  [ 289] OK     f=   1.123  a=27.5 b=94.5 gap=16.3 (face=4.5mm) n=[468, 439, 225, 199, 398, 305, 393]  tape=1.123km B=11.79T unif=0.586% hoop=190MPa
  [ 290] INFEAS f=5783.449  a=26.4 b=85.7 gap=17.7 (face=7.4mm) n=[568, 799, 333, 167, 355, 163, 270]  no evaluation (geometry pre-check)
  [ 291] viol   f=   3.217  a=36.2 b=81.3 gap=15.8 (face=3.5mm) n=[507, 586, 257, 174, 370, 311, 372]  tape=1.155km B=11.23T unif=1.102% hoop=249MPa
  [ 292] viol   f=   1.946  a=29.0 b=72.4 gap=15.5 (face=3.1mm) n=[490, 386, 360, 146, 269, 461, 137]  tape=0.861km B=11.44T unif=1.074% hoop=194MPa
  [ 293] OK     f=   1.305  a=34.0 b=90.3 gap=15.9 (face=3.7mm) n=[645, 418, 355, 139, 420, 299, 394]  tape=1.305km B=11.71T unif=0.619% hoop=264MPa
  [ 294] viol   f=8634.283  a=29.6 b=89.2 gap=15.7 (face=3.3mm) n=[689, 442, 405, 100, 336, 392, 209]  tape=1.238km B=12.29T unif=7.570% hoop=237MPa
  [ 295] OK     f=   1.022  a=31.1 b=82.9 gap=16.5 (face=4.9mm) n=[352, 465, 235, 212, 283, 317, 496]  tape=1.022km B=10.17T unif=0.732% hoop=219MPa
  [ 296] INFEAS f=1230.246  a=28.5 b=93.6 gap=15.5 (face=3.1mm) n=[718, 494, 392, 82, 252, 199, 104]  no evaluation (geometry pre-check)
  [ 297] viol   f=   1.079  a=30.3 b=89.2 gap=15.5 (face=3.0mm) n=[473, 335, 334, 124, 344, 549, 116]  tape=1.052km B=9.88T unif=0.790% hoop=337MPa
  [ 298] OK     f=   1.136  a=36.7 b=91.4 gap=15.5 (face=3.0mm) n=[541, 429, 295, 85, 386, 443, 178]  tape=1.136km B=10.16T unif=0.912% hoop=250MPa
  [ 299] OK     f=   1.023  a=33.6 b=87.7 gap=15.8 (face=3.5mm) n=[584, 547, 378, 52, 182, 342, 121]  tape=1.023km B=10.73T unif=0.844% hoop=208MPa
  [ 300] OK     f=   1.022  a=31.5 b=82.2 gap=16.7 (face=5.4mm) n=[479, 554, 323, 152, 178, 411, 234]  tape=1.022km B=10.85T unif=0.736% hoop=206MPa
  [ 301] OK     f=   1.170  a=29.5 b=87.5 gap=16.1 (face=4.3mm) n=[475, 471, 298, 108, 242, 379, 593]  tape=1.170km B=11.02T unif=0.695% hoop=209MPa
  [ 302] viol   f=  83.516  a=33.3 b=66.3 gap=16.0 (face=4.1mm) n=[538, 442, 298, 52, 174, 339, 414]  tape=0.846km B=10.78T unif=1.643% hoop=204MPa
  [ 303] OK     f=   0.938  a=23.7 b=89.9 gap=18.2 (face=8.4mm) n=[431, 323, 303, 132, 284, 281, 394]  tape=0.938km B=10.37T unif=0.289% hoop=150MPa
  [ 304] viol   f=   1.128  a=35.2 b=90.9 gap=15.8 (face=3.7mm) n=[462, 434, 340, 91, 308, 304, 244]  tape=1.025km B=9.77T unif=0.915% hoop=229MPa
  [ 305] viol   f=   3.892  a=32.3 b=89.1 gap=16.9 (face=5.8mm) n=[347, 566, 334, 127, 145, 391, 78]  tape=0.944km B=8.79T unif=0.381% hoop=207MPa
  [ 306] viol   f= 196.712  a=27.0 b=77.3 gap=17.7 (face=7.5mm) n=[549, 440, 230, 151, 173, 361, 183]  tape=0.864km B=10.28T unif=1.990% hoop=169MPa
  [ 307] OK     f=   1.093  a=33.5 b=88.4 gap=15.8 (face=3.6mm) n=[514, 412, 324, 123, 207, 470, 328]  tape=1.093km B=10.62T unif=0.831% hoop=224MPa
  [ 308] viol   f=   3.023  a=25.5 b=79.3 gap=17.4 (face=6.8mm) n=[329, 457, 224, 163, 50, 315, 337]  tape=0.762km B=8.94T unif=0.446% hoop=148MPa
  [ 309] OK     f=   1.253  a=35.8 b=90.1 gap=16.1 (face=4.3mm) n=[503, 639, 243, 142, 393, 310, 318]  tape=1.253km B=10.77T unif=0.699% hoop=273MPa
  [ 310] viol   f=   0.975  a=28.5 b=82.5 gap=16.2 (face=4.3mm) n=[311, 424, 319, 65, 220, 420, 357]  tape=0.874km B=9.78T unif=0.488% hoop=177MPa

==========================================================================================
CMA-ES finished: 310 evaluations in 10.4 min
==========================================================================================

Best feasible design found:
  a_mm             23.74903226951815
  b_mm             89.85489346229153
  gap_mm           18.18082346912838
  face_gap_mm      8.361646938256762
  n_turns          [431, 323, 303, 132, 284, 281, 394]
  n_total          2148
  tape_km          0.9383650998964121
  B_target_T       10.374799767524268
  uniformity_pct   0.28866075700804944
  hoop_MPa         150.18003715165324
  delam_MPa        8.636743875129781
  I_quench_A       406.2045471934462
  I_op_A           223.4348444408395
  binding          quench/SF
  clip_frac        0.22823458282950423

Full evaluation history -> optimize/cmaes_history.csv
Best design            -> optimize/cmaes_results.csv
Appended 310 rows to cumulative master log -> optimize/cmaes_all_evaluations.csv

Figures -> /home/gerrityjack/fenicsx/Racetrack-Coil-Optimization/visualization/cmaes_convergence.png, cmaes_constraints.png, cmaes_variables.png, cmaes_overview.png
Cumulative parameter-space map -> visualization/cmaes_param_map.png (4790 evaluations, 15 runs)
