Starting CMA-ES: 10 variables, budget 300 evaluations, target B >= 10.0 T, uniformity <= 1.0%, hoop <= 400 MPa, coil-coil face gap >= 3 mm

Parallel mode: 6 worker processes per generation.
  [   1] INFEAS f=35847.031  a=18.8 b=43.6 gap=27.9 (face=27.7mm) n=[893, 346, 192, 325, 201, 487, 878]  no evaluation (geometry pre-check)
  [   2] INFEAS f=1210.458  a=35.2 b=60.1 gap=27.5 (face=26.9mm) n=[786, 369, 424, 267, 895, 218, 724]  no evaluation (geometry pre-check)
  [   3] INFEAS f=6025.870  a=29.1 b=68.0 gap=40.2 (face=52.4mm) n=[874, 112, 138, 331, 842, 90, 875]  no evaluation (geometry pre-check)
  [   4] INFEAS f=11616.175  a=27.0 b=64.6 gap=41.9 (face=55.8mm) n=[900, 671, 900, 109, 757, 121, 193]  no evaluation (geometry pre-check)
  [   5] INFEAS f=4329.240  a=31.2 b=36.3 gap=36.1 (face=44.3mm) n=[898, 354, 443, 521, 685, 386, 683]  no evaluation (geometry pre-check)
  [   6] INFEAS f=91832.682  a=6.4 b=97.4 gap=31.2 (face=34.4mm) n=[547, 448, 303, 226, 854, 59, 423]  no evaluation (geometry pre-check)
  [   7] INFEAS f=8883.462  a=27.3 b=28.5 gap=40.6 (face=53.3mm) n=[651, 198, 865, 567, 726, 94, 747]  no evaluation (geometry pre-check)
  [   8] INFEAS f=128064.960  a=2.9 b=44.8 gap=16.1 (face=4.2mm) n=[633, 144, 900, 818, 498, 770, 723]  no evaluation (geometry pre-check)
  [   9] INFEAS f=6740.813  a=25.4 b=84.6 gap=25.9 (face=23.8mm) n=[788, 335, 471, 244, 533, 401, 760]  no evaluation (geometry pre-check)
  [  10] INFEAS f=1871.948  a=38.3 b=38.6 gap=39.1 (face=50.1mm) n=[759, 52, 662, 392, 409, 447, 418]  no evaluation (geometry pre-check)
  [  11] INFEAS f=26222.262  a=18.5 b=44.8 gap=34.5 (face=41.0mm) n=[816, 212, 609, 410, 467, 564, 707]  no evaluation (geometry pre-check)
  [  12] viol   f=   8.232  a=57.9 b=68.3 gap=38.2 (face=48.3mm) n=[898, 262, 125, 380, 495, 319, 689]  tape=1.517km B=8.17T unif=0.314% hoop=309MPa
  [  13] INFEAS f=1610.639  a=34.4 b=45.4 gap=28.4 (face=28.8mm) n=[624, 112, 896, 466, 899, 322, 594]  no evaluation (geometry pre-check)
  [  14] INFEAS f=11458.474  a=27.0 b=51.0 gap=32.8 (face=37.6mm) n=[845, 106, 563, 770, 890, 237, 899]  no evaluation (geometry pre-check)
  [  15] viol   f=   1.735  a=52.8 b=64.2 gap=36.6 (face=45.2mm) n=[891, 309, 431, 401, 797, 161, 605]  tape=1.578km B=9.72T unif=0.721% hoop=345MPa
  [  16] INFEAS f=27903.666  a=54.1 b=33.1 gap=40.0 (face=52.0mm) n=[583, 364, 548, 563, 497, 224, 631]  no evaluation (geometry pre-check)
  [  17] INFEAS f=3985.999  a=31.1 b=56.7 gap=32.9 (face=37.9mm) n=[515, 196, 427, 604, 888, 436, 835]  no evaluation (geometry pre-check)
  [  18] INFEAS f=2345.569  a=43.3 b=42.5 gap=39.8 (face=51.7mm) n=[781, 394, 275, 337, 617, 134, 368]  no evaluation (geometry pre-check)
  [  19] INFEAS f=19477.874  a=26.3 b=13.2 gap=25.0 (face=22.0mm) n=[211, 142, 757, 510, 505, 519, 806]  no evaluation (geometry pre-check)
  [  20] viol   f=1688.972  a=41.7 b=48.9 gap=36.1 (face=44.2mm) n=[900, 270, 179, 206, 570, 91, 669]  tape=1.041km B=8.08T unif=3.899% hoop=158MPa
  [  21] INFEAS f=26877.901  a=50.2 b=29.7 gap=38.9 (face=49.7mm) n=[729, 159, 384, 300, 596, 579, 530]  no evaluation (geometry pre-check)
  [  22] INFEAS f=32411.138  a=55.3 b=32.3 gap=26.9 (face=25.9mm) n=[783, 253, 123, 75, 456, 414, 766]  no evaluation (geometry pre-check)
  [  23] viol   f=   4.200  a=55.9 b=84.6 gap=35.4 (face=42.8mm) n=[825, 340, 133, 525, 603, 297, 716]  tape=1.787km B=8.90T unif=0.415% hoop=299MPa
  [  24] viol   f=  10.878  a=50.8 b=66.6 gap=35.1 (face=42.2mm) n=[693, 93, 297, 95, 808, 67, 808]  tape=1.193km B=7.80T unif=0.578% hoop=182MPa
  [  25] INFEAS f=5351.366  a=55.5 b=50.0 gap=33.6 (face=39.1mm) n=[889, 239, 492, 453, 892, 256, 256]  no evaluation (geometry pre-check)
  [  26] INFEAS f=5143.167  a=30.0 b=60.6 gap=25.4 (face=22.8mm) n=[758, 289, 304, 626, 883, 88, 855]  no evaluation (geometry pre-check)
  [  27] INFEAS f=66310.973  a=51.4 b=16.0 gap=40.6 (face=53.3mm) n=[453, 131, 475, 713, 286, 365, 577]  no evaluation (geometry pre-check)
  [  28] INFEAS f=4439.721  a=48.3 b=44.0 gap=36.6 (face=45.3mm) n=[883, 321, 522, 508, 879, 511, 900]  no evaluation (geometry pre-check)
  [  29] OK     f=   1.637  a=53.7 b=75.5 gap=28.2 (face=28.3mm) n=[632, 317, 328, 610, 739, 266, 624]  tape=1.637km B=10.43T unif=0.655% hoop=345MPa
  [  30] INFEAS f=1035.650  a=62.0 b=66.0 gap=32.1 (face=36.2mm) n=[717, 60, 347, 211, 805, 544, 409]  no evaluation (geometry pre-check)
  [  31] viol   f=  13.604  a=73.2 b=79.8 gap=31.5 (face=35.0mm) n=[571, 258, 105, 337, 740, 163, 742]  tape=1.541km B=7.54T unif=0.359% hoop=308MPa
  [  32] INFEAS f=1813.060  a=85.1 b=85.6 gap=24.8 (face=21.6mm) n=[605, 562, 207, 899, 499, 68, 421]  no evaluation (geometry pre-check)
  [  33] INFEAS f=1171.656  a=34.1 b=104.1 gap=28.9 (face=29.8mm) n=[569, 277, 604, 86, 383, 66, 862]  no evaluation (geometry pre-check)
  [  34] INFEAS f=15713.097  a=19.6 b=48.1 gap=39.4 (face=50.9mm) n=[405, 371, 325, 200, 616, 384, 750]  no evaluation (geometry pre-check)
  [  35] viol   f=   1.206  a=40.5 b=59.4 gap=23.3 (face=18.6mm) n=[813, 101, 779, 380, 886, 164, 89]  tape=1.203km B=12.79T unif=1.004% hoop=218MPa
  [  36] viol   f=   9.520  a=45.1 b=92.9 gap=35.4 (face=42.9mm) n=[837, 81, 311, 407, 603, 280, 500]  tape=1.637km B=8.01T unif=0.563% hoop=257MPa
  [  37] viol   f=   9.511  a=53.2 b=82.3 gap=39.1 (face=50.3mm) n=[669, 235, 535, 234, 749, 285, 568]  tape=1.627km B=8.01T unif=0.169% hoop=263MPa
  [  38] OK     f=   1.749  a=48.7 b=71.6 gap=29.9 (face=31.7mm) n=[823, 368, 272, 558, 691, 357, 851]  tape=1.749km B=11.52T unif=0.432% hoop=288MPa
  [  39] viol   f=  22.823  a=47.0 b=60.9 gap=39.8 (face=51.7mm) n=[513, 427, 597, 467, 680, 137, 520]  tape=1.291km B=8.53T unif=1.293% hoop=260MPa
  [  40] viol   f=   4.643  a=50.0 b=68.7 gap=35.2 (face=42.4mm) n=[443, 251, 104, 886, 551, 437, 870]  tape=1.574km B=8.76T unif=0.712% hoop=263MPa
  [  41] OK     f=   1.407  a=30.8 b=80.3 gap=29.8 (face=31.6mm) n=[653, 70, 599, 397, 602, 307, 701]  tape=1.407km B=10.42T unif=0.842% hoop=195MPa
  [  42] INFEAS f=12367.693  a=56.5 b=44.7 gap=28.2 (face=28.4mm) n=[469, 149, 771, 327, 898, 276, 780]  no evaluation (geometry pre-check)
  [  43] OK     f=   1.236  a=42.5 b=61.8 gap=20.7 (face=13.5mm) n=[408, 93, 788, 455, 746, 239, 392]  tape=1.236km B=11.92T unif=0.796% hoop=272MPa
  [  44] OK     f=   1.484  a=41.3 b=69.6 gap=27.5 (face=27.1mm) n=[743, 169, 897, 280, 678, 114, 571]  tape=1.484km B=11.50T unif=0.595% hoop=228MPa
  [  45] viol   f=   8.657  a=56.3 b=63.5 gap=25.2 (face=22.4mm) n=[612, 169, 464, 477, 645, 107, 470]  tape=1.221km B=10.13T unif=1.193% hoop=357MPa
  [  46] INFEAS f=5697.614  a=61.1 b=55.3 gap=26.0 (face=24.0mm) n=[738, 119, 295, 541, 665, 69, 899]  no evaluation (geometry pre-check)
  [  47] OK     f=   1.616  a=51.2 b=67.9 gap=18.7 (face=9.5mm) n=[638, 234, 490, 628, 860, 58, 844]  tape=1.616km B=13.21T unif=0.779% hoop=367MPa
  [  48] viol   f=   5.874  a=37.9 b=70.6 gap=22.9 (face=17.9mm) n=[504, 55, 897, 505, 747, 124, 489]  tape=1.426km B=11.77T unif=1.149% hoop=258MPa
  [  49] OK     f=   1.750  a=56.5 b=73.8 gap=25.7 (face=23.4mm) n=[618, 421, 672, 417, 874, 58, 567]  tape=1.750km B=10.88T unif=0.768% hoop=361MPa
  [  50] INFEAS f=21380.230  a=22.1 b=52.8 gap=29.4 (face=30.9mm) n=[356, 62, 716, 595, 871, 124, 522]  no evaluation (geometry pre-check)
  [  51] INFEAS f=3303.337  a=58.8 b=56.2 gap=24.9 (face=21.9mm) n=[597, 208, 765, 331, 623, 99, 817]  no evaluation (geometry pre-check)
  [  52] INFEAS f=56963.871  a=9.2 b=81.3 gap=30.0 (face=32.0mm) n=[755, 177, 740, 360, 764, 211, 311]  no evaluation (geometry pre-check)
  [  53] viol   f= 116.738  a=33.3 b=99.4 gap=21.4 (face=14.8mm) n=[745, 85, 64, 252, 220, 205, 725]  tape=1.197km B=8.23T unif=1.739% hoop=211MPa
  [  54] OK     f=   1.920  a=40.2 b=90.4 gap=18.4 (face=8.7mm) n=[284, 352, 835, 501, 776, 236, 859]  tape=1.920km B=13.58T unif=0.588% hoop=329MPa
  [  55] OK     f=   1.253  a=44.5 b=63.1 gap=23.4 (face=18.9mm) n=[487, 57, 884, 612, 265, 92, 599]  tape=1.253km B=10.57T unif=0.405% hoop=246MPa
  [  56] viol   f=   3.241  a=37.4 b=72.1 gap=31.1 (face=34.2mm) n=[536, 304, 432, 238, 695, 281, 631]  tape=1.302km B=9.02T unif=0.423% hoop=215MPa
  [  57] INFEAS f=11555.374  a=26.7 b=78.0 gap=23.4 (face=18.9mm) n=[455, 456, 556, 620, 893, 322, 281]  no evaluation (geometry pre-check)
  [  58] viol   f=   2.065  a=39.3 b=81.5 gap=29.8 (face=31.5mm) n=[618, 494, 421, 177, 493, 111, 686]  tape=1.364km B=9.41T unif=0.646% hoop=230MPa
  [  59] INFEAS f=1037.437  a=39.5 b=43.6 gap=21.1 (face=14.2mm) n=[386, 194, 231, 517, 878, 114, 713]  no evaluation (geometry pre-check)
  [  60] INFEAS f=3285.870  a=26.6 b=83.7 gap=21.6 (face=15.2mm) n=[589, 368, 576, 535, 585, 102, 751]  no evaluation (geometry pre-check)
  [  61] viol   f=   8.378  a=37.4 b=90.0 gap=27.2 (face=26.5mm) n=[474, 100, 668, 105, 314, 335, 859]  tape=1.463km B=8.14T unif=0.529% hoop=253MPa
  [  62] OK     f=   2.043  a=50.0 b=96.0 gap=16.0 (face=4.0mm) n=[487, 293, 900, 592, 518, 126, 718]  tape=2.043km B=11.90T unif=0.748% hoop=400MPa
  [  63] INFEAS f=7323.863  a=28.6 b=68.6 gap=20.3 (face=12.6mm) n=[720, 62, 875, 482, 416, 270, 885]  no evaluation (geometry pre-check)
  [  64] viol   f=   8.324  a=40.1 b=58.2 gap=31.4 (face=34.8mm) n=[439, 144, 224, 469, 800, 258, 539]  tape=1.124km B=8.10T unif=0.588% hoop=206MPa
  [  65] viol   f=  27.341  a=75.2 b=100.9 gap=29.6 (face=31.3mm) n=[295, 166, 555, 542, 505, 339, 824]  tape=2.067km B=6.45T unif=0.556% hoop=400MPa
  [  66] OK     f=   1.247  a=44.5 b=62.8 gap=18.8 (face=9.6mm) n=[317, 164, 562, 361, 490, 417, 740]  tape=1.247km B=10.97T unif=0.930% hoop=313MPa
  [  67] viol   f=   1.917  a=67.2 b=72.8 gap=26.4 (face=24.8mm) n=[186, 284, 759, 545, 647, 69, 702]  tape=1.541km B=9.57T unif=0.611% hoop=376MPa
  [  68] OK     f=   2.022  a=42.1 b=80.1 gap=26.9 (face=25.9mm) n=[846, 345, 819, 566, 608, 442, 843]  tape=2.022km B=14.40T unif=0.958% hoop=304MPa
  [  69] OK     f=   1.836  a=37.5 b=79.8 gap=20.8 (face=13.6mm) n=[545, 96, 517, 651, 898, 637, 630]  tape=1.836km B=13.61T unif=0.663% hoop=311MPa
  [  70] INFEAS f=1275.683  a=69.9 b=72.3 gap=24.4 (face=20.8mm) n=[505, 235, 808, 571, 476, 158, 748]  no evaluation (geometry pre-check)
  [  71] OK     f=   1.985  a=57.6 b=85.8 gap=16.0 (face=4.1mm) n=[265, 338, 438, 517, 704, 493, 892]  tape=1.985km B=10.15T unif=0.939% hoop=400MPa
  [  72] viol   f=   2.926  a=60.7 b=68.7 gap=21.1 (face=14.1mm) n=[617, 529, 454, 594, 413, 271, 900]  tape=1.827km B=10.80T unif=1.074% hoop=400MPa
  [  73] OK     f=   1.280  a=44.4 b=61.6 gap=16.2 (face=4.3mm) n=[155, 50, 732, 541, 621, 218, 870]  tape=1.280km B=12.05T unif=0.988% hoop=286MPa
  [  74] viol   f=   3.208  a=44.3 b=81.9 gap=18.2 (face=8.5mm) n=[535, 138, 859, 508, 609, 197, 345]  tape=1.583km B=11.44T unif=1.090% hoop=325MPa
  [  75] OK     f=   1.173  a=44.6 b=52.2 gap=20.6 (face=13.2mm) n=[483, 280, 547, 433, 674, 213, 711]  tape=1.173km B=12.91T unif=0.572% hoop=307MPa
  [  76] INFEAS f=3907.670  a=73.0 b=69.4 gap=24.8 (face=21.6mm) n=[227, 247, 651, 517, 653, 167, 610]  no evaluation (geometry pre-check)
  [  77] viol   f=   1.939  a=58.0 b=79.1 gap=18.7 (face=9.4mm) n=[369, 338, 568, 410, 608, 287, 895]  tape=1.822km B=9.76T unif=0.919% hoop=400MPa
  [  78] INFEAS f=2248.626  a=26.0 b=47.4 gap=16.7 (face=5.4mm) n=[554, 199, 698, 464, 612, 600, 702]  no evaluation (geometry pre-check)
  [  79] INFEAS f=2705.115  a=31.6 b=61.7 gap=23.4 (face=18.8mm) n=[671, 288, 352, 299, 607, 100, 868]  no evaluation (geometry pre-check)
  [  80] INFEAS f=2255.613  a=30.7 b=64.2 gap=17.3 (face=6.6mm) n=[271, 107, 745, 450, 827, 121, 627]  no evaluation (geometry pre-check)
  [  81] INFEAS f=16102.737  a=56.4 b=42.0 gap=18.5 (face=9.1mm) n=[372, 483, 228, 360, 898, 375, 824]  no evaluation (geometry pre-check)
  [  82] INFEAS f=7273.851  a=52.0 b=44.4 gap=17.4 (face=6.9mm) n=[497, 138, 409, 390, 813, 347, 650]  no evaluation (geometry pre-check)
  [  83] INFEAS f=21409.505  a=72.5 b=54.9 gap=28.5 (face=29.0mm) n=[210, 54, 50, 421, 569, 231, 527]  no evaluation (geometry pre-check)
  [  84] INFEAS f=3866.950  a=62.2 b=58.7 gap=20.8 (face=13.6mm) n=[371, 178, 603, 259, 542, 158, 900]  no evaluation (geometry pre-check)
  [  85] OK     f=   1.415  a=46.1 b=73.6 gap=18.0 (face=8.1mm) n=[68, 230, 764, 360, 680, 164, 863]  tape=1.415km B=10.89T unif=0.838% hoop=266MPa
  [  86] viol   f=   2.478  a=45.2 b=89.8 gap=19.4 (face=10.9mm) n=[243, 182, 684, 457, 248, 354, 899]  tape=1.652km B=9.36T unif=0.664% hoop=306MPa
  [  87] viol   f=   1.850  a=46.2 b=93.4 gap=23.8 (face=19.5mm) n=[281, 344, 674, 366, 540, 329, 846]  tape=1.845km B=9.95T unif=0.578% hoop=340MPa
  [  88] INFEAS f=1090.844  a=49.4 b=52.9 gap=17.1 (face=6.2mm) n=[453, 246, 314, 510, 592, 423, 883]  no evaluation (geometry pre-check)
  [  89] INFEAS f=2800.905  a=30.0 b=83.7 gap=16.0 (face=4.0mm) n=[246, 236, 828, 245, 553, 301, 787]  no evaluation (geometry pre-check)
  [  90] viol   f=   4.240  a=65.5 b=86.5 gap=17.1 (face=6.3mm) n=[314, 274, 402, 469, 829, 70, 900]  tape=1.821km B=8.90T unif=0.908% hoop=400MPa
  [  91] viol   f=   5.979  a=53.8 b=100.1 gap=28.9 (face=29.7mm) n=[321, 72, 782, 287, 691, 181, 806]  tape=1.776km B=8.55T unif=0.475% hoop=265MPa
  [  92] INFEAS f=2453.787  a=27.9 b=104.1 gap=33.8 (face=39.6mm) n=[50, 92, 480, 268, 256, 365, 761]  no evaluation (geometry pre-check)
  [  93] viol   f=   3.096  a=49.7 b=91.3 gap=16.5 (face=5.0mm) n=[72, 317, 668, 251, 533, 239, 602]  tape=1.395km B=9.08T unif=0.942% hoop=296MPa
  [  94] OK     f=   1.683  a=50.9 b=79.8 gap=15.6 (face=3.2mm) n=[301, 146, 562, 456, 698, 273, 896]  tape=1.683km B=10.82T unif=0.921% hoop=372MPa
  [  95] viol   f=   1.892  a=49.1 b=71.7 gap=16.9 (face=5.8mm) n=[274, 176, 589, 295, 831, 74, 578]  tape=1.305km B=9.81T unif=1.051% hoop=291MPa
  [  96] viol   f=   1.780  a=46.6 b=77.8 gap=20.2 (face=12.3mm) n=[60, 173, 693, 122, 899, 185, 798]  tape=1.371km B=9.55T unif=0.761% hoop=220MPa
  [  97] INFEAS f=1163.332  a=45.2 b=48.2 gap=35.3 (face=42.7mm) n=[344, 401, 294, 344, 370, 421, 877]  no evaluation (geometry pre-check)
  [  98] viol   f=   2.799  a=52.7 b=89.4 gap=21.7 (face=15.4mm) n=[262, 262, 727, 445, 397, 174, 882]  tape=1.728km B=9.27T unif=0.691% hoop=376MPa
  [  99] INFEAS f=10476.460  a=26.3 b=67.6 gap=19.1 (face=10.3mm) n=[94, 119, 867, 281, 225, 136, 615]  no evaluation (geometry pre-check)
  [ 100] OK     f=   1.590  a=44.9 b=81.2 gap=16.3 (face=4.6mm) n=[63, 192, 758, 714, 312, 427, 860]  tape=1.590km B=11.88T unif=0.942% hoop=291MPa
  [ 101] viol   f=  11.010  a=54.4 b=84.2 gap=15.9 (face=3.9mm) n=[194, 346, 899, 728, 604, 204, 842]  tape=1.954km B=12.98T unif=1.213% hoop=388MPa
  [ 102] OK     f=   1.438  a=27.8 b=96.1 gap=17.9 (face=7.9mm) n=[297, 397, 654, 182, 545, 279, 599]  tape=1.438km B=11.83T unif=0.770% hoop=222MPa
  [ 103] INFEAS f=1001.974  a=36.5 b=83.7 gap=15.8 (face=3.6mm) n=[247, 327, 897, 447, 445, 430, 593]  no evaluation (geometry pre-check)
  [ 104] INFEAS f=2798.514  a=76.1 b=74.4 gap=15.8 (face=3.6mm) n=[58, 176, 473, 523, 720, 160, 890]  no evaluation (geometry pre-check)
  [ 105] OK     f=   1.795  a=47.2 b=89.0 gap=18.7 (face=9.4mm) n=[62, 176, 873, 666, 875, 283, 608]  tape=1.795km B=12.31T unif=0.713% hoop=301MPa
  [ 106] viol   f=   1.741  a=48.7 b=96.8 gap=15.6 (face=3.3mm) n=[57, 232, 667, 453, 546, 289, 802]  tape=1.685km B=9.83T unif=0.752% hoop=333MPa
  [ 107] OK     f=   2.105  a=54.8 b=102.7 gap=17.0 (face=6.1mm) n=[167, 248, 900, 443, 619, 304, 864]  tape=2.105km B=10.87T unif=0.691% hoop=380MPa
  [ 108] OK     f=   1.740  a=37.7 b=83.1 gap=16.9 (face=5.7mm) n=[332, 150, 684, 718, 360, 730, 817]  tape=1.740km B=13.97T unif=0.781% hoop=290MPa
  [ 109] viol   f=   5.204  a=54.7 b=83.2 gap=16.2 (face=4.5mm) n=[291, 250, 854, 477, 619, 411, 808]  tape=1.900km B=12.08T unif=1.129% hoop=400MPa
  [ 110] OK     f=   1.349  a=47.4 b=63.4 gap=16.3 (face=4.5mm) n=[121, 319, 753, 324, 366, 323, 899]  tape=1.349km B=10.82T unif=0.834% hoop=354MPa
  [ 111] viol   f=   3.379  a=39.2 b=107.7 gap=19.2 (face=10.4mm) n=[76, 467, 478, 365, 291, 520, 861]  tape=1.815km B=9.12T unif=0.370% hoop=322MPa
  [ 112] OK     f=   1.512  a=40.0 b=91.8 gap=16.6 (face=5.1mm) n=[193, 590, 725, 257, 117, 579, 551]  tape=1.512km B=11.46T unif=0.668% hoop=260MPa
  [ 113] OK     f=   1.084  a=34.3 b=50.1 gap=18.2 (face=8.4mm) n=[359, 574, 794, 163, 247, 402, 747]  tape=1.084km B=13.97T unif=0.497% hoop=252MPa
  [ 114] INFEAS f=4948.253  a=25.8 b=72.9 gap=21.2 (face=14.3mm) n=[263, 516, 758, 581, 229, 354, 768]  no evaluation (geometry pre-check)
  [ 115] viol   f=   6.013  a=71.2 b=88.9 gap=16.9 (face=5.7mm) n=[165, 371, 693, 388, 589, 301, 898]  tape=2.005km B=8.69T unif=1.053% hoop=400MPa
  [ 116] viol   f=  11.007  a=48.9 b=78.5 gap=16.0 (face=3.9mm) n=[192, 372, 757, 307, 491, 438, 639]  tape=1.534km B=11.28T unif=1.218% hoop=354MPa
  [ 117] INFEAS f=9107.995  a=21.4 b=70.5 gap=15.5 (face=3.0mm) n=[282, 306, 631, 211, 630, 719, 423]  no evaluation (geometry pre-check)
  [ 118] viol   f=  21.137  a=67.9 b=102.6 gap=15.5 (face=3.0mm) n=[428, 436, 650, 125, 124, 438, 891]  tape=1.971km B=6.90T unif=0.863% hoop=400MPa
  [ 119] OK     f=   0.999  a=36.9 b=52.9 gap=16.1 (face=4.2mm) n=[224, 102, 748, 483, 211, 244, 818]  tape=0.999km B=11.58T unif=0.597% hoop=225MPa
  [ 120] INFEAS f=10069.771  a=27.7 b=72.4 gap=16.5 (face=5.1mm) n=[425, 678, 597, 559, 348, 210, 899]  no evaluation (geometry pre-check)
  [ 121] viol   f=  18.886  a=70.4 b=81.2 gap=19.8 (face=11.5mm) n=[72, 724, 847, 529, 261, 808, 752]  tape=2.073km B=11.28T unif=1.290% hoop=400MPa
  [ 122] INFEAS f=3360.219  a=31.9 b=61.1 gap=16.9 (face=5.7mm) n=[82, 186, 894, 102, 463, 145, 880]  no evaluation (geometry pre-check)
  [ 123] INFEAS f=41250.280  a=16.9 b=51.1 gap=15.6 (face=3.2mm) n=[501, 152, 877, 58, 290, 153, 435]  no evaluation (geometry pre-check)
  [ 124] viol   f=   4.880  a=45.9 b=64.9 gap=15.7 (face=3.5mm) n=[244, 341, 600, 168, 72, 188, 831]  tape=1.064km B=8.62T unif=0.901% hoop=280MPa
  [ 125] INFEAS f=25863.571  a=22.7 b=17.4 gap=20.1 (face=12.2mm) n=[444, 536, 888, 167, 111, 754, 831]  no evaluation (geometry pre-check)
  [ 126] INFEAS f=26312.182  a=68.5 b=48.3 gap=19.6 (face=11.3mm) n=[122, 464, 893, 523, 51, 883, 832]  no evaluation (geometry pre-check)
  [ 127] INFEAS f=25296.182  a=22.0 b=39.3 gap=15.6 (face=3.1mm) n=[434, 240, 900, 177, 400, 158, 512]  no evaluation (geometry pre-check)
  [ 128] INFEAS f=5644.436  a=30.2 b=49.0 gap=16.1 (face=4.1mm) n=[100, 250, 573, 279, 130, 210, 897]  no evaluation (geometry pre-check)
  [ 129] OK     f=   1.505  a=46.9 b=81.4 gap=15.6 (face=3.1mm) n=[100, 237, 808, 368, 227, 537, 827]  tape=1.505km B=10.84T unif=0.971% hoop=301MPa
  [ 130] INFEAS f=2340.825  a=40.5 b=39.7 gap=16.7 (face=5.4mm) n=[698, 244, 677, 456, 466, 287, 827]  no evaluation (geometry pre-check)
  [ 131] INFEAS f=1000.017  a=36.3 b=79.6 gap=16.1 (face=4.2mm) n=[491, 368, 889, 234, 114, 458, 699]  no evaluation (geometry pre-check)
  [ 132] viol   f=   3.307  a=36.9 b=71.1 gap=16.4 (face=4.9mm) n=[511, 555, 878, 576, 117, 521, 881]  tape=1.683km B=15.73T unif=1.090% hoop=358MPa
  [ 133] viol   f=   4.980  a=52.5 b=63.4 gap=15.5 (face=3.0mm) n=[161, 66, 692, 344, 74, 273, 866]  tape=1.086km B=8.60T unif=0.833% hoop=257MPa
  [ 134] viol   f=   7.362  a=50.3 b=67.7 gap=15.8 (face=3.5mm) n=[103, 644, 870, 365, 528, 477, 896]  tape=1.698km B=14.14T unif=1.168% hoop=377MPa
  [ 135] INFEAS f=19781.857  a=23.4 b=60.7 gap=21.9 (face=15.8mm) n=[136, 193, 522, 402, 541, 546, 891]  no evaluation (geometry pre-check)
  [ 136] viol   f=   1.798  a=55.2 b=63.7 gap=16.7 (face=5.5mm) n=[330, 463, 818, 439, 443, 259, 882]  tape=1.615km B=11.67T unif=1.030% hoop=400MPa
  [ 137] INFEAS f=50545.770  a=78.1 b=47.9 gap=16.4 (face=4.7mm) n=[390, 446, 776, 82, 58, 536, 466]  no evaluation (geometry pre-check)
  [ 138] viol   f=   1.410  a=44.6 b=85.2 gap=15.5 (face=3.0mm) n=[360, 159, 791, 61, 311, 432, 667]  tape=1.393km B=9.91T unif=0.945% hoop=279MPa
  [ 139] INFEAS f=6066.993  a=28.4 b=44.7 gap=26.8 (face=25.7mm) n=[476, 406, 857, 126, 749, 713, 412]  no evaluation (geometry pre-check)
  [ 140] viol   f=  13.651  a=43.3 b=74.9 gap=15.5 (face=3.0mm) n=[369, 102, 733, 433, 84, 301, 500]  tape=1.153km B=9.62T unif=1.247% hoop=278MPa
  [ 141] viol   f=  24.774  a=47.7 b=86.4 gap=16.4 (face=4.9mm) n=[204, 80, 233, 578, 55, 102, 899]  tape=1.137km B=6.56T unif=0.632% hoop=221MPa
  [ 142] INFEAS f=30354.507  a=20.0 b=77.9 gap=27.0 (face=26.0mm) n=[189, 371, 886, 190, 590, 441, 737]  no evaluation (geometry pre-check)
  [ 143] INFEAS f=1004.712  a=36.5 b=53.4 gap=15.5 (face=3.1mm) n=[326, 304, 899, 131, 395, 775, 791]  no evaluation (geometry pre-check)
  [ 144] INFEAS f=26255.118  a=21.6 b=121.9 gap=16.5 (face=4.9mm) n=[186, 396, 899, 188, 206, 727, 645]  no evaluation (geometry pre-check)
  [ 145] OK     f=   1.470  a=48.1 b=64.8 gap=17.5 (face=6.9mm) n=[81, 240, 860, 263, 474, 729, 883]  tape=1.470km B=12.78T unif=0.623% hoop=292MPa
  [ 146] INFEAS f=2279.181  a=29.2 b=56.3 gap=16.6 (face=5.2mm) n=[105, 251, 690, 789, 429, 318, 619]  no evaluation (geometry pre-check)
  [ 147] OK     f=   1.559  a=41.6 b=74.2 gap=15.7 (face=3.4mm) n=[58, 348, 657, 480, 641, 324, 899]  tape=1.559km B=11.69T unif=0.934% hoop=311MPa
  [ 148] viol   f=  15.714  a=51.6 b=65.0 gap=15.5 (face=3.0mm) n=[362, 326, 848, 594, 222, 498, 777]  tape=1.574km B=13.40T unif=1.266% hoop=400MPa
  [ 149] viol   f=   2.276  a=37.7 b=95.6 gap=15.7 (face=3.5mm) n=[198, 57, 724, 93, 143, 586, 688]  tape=1.258km B=9.29T unif=0.598% hoop=181MPa
  [ 150] viol   f=  34.621  a=42.4 b=56.1 gap=15.7 (face=3.4mm) n=[603, 141, 510, 60, 274, 353, 819]  tape=1.061km B=10.76T unif=1.410% hoop=265MPa
  [ 151] INFEAS f=1023.801  a=34.7 b=79.8 gap=15.6 (face=3.2mm) n=[506, 166, 767, 321, 500, 454, 858]  no evaluation (geometry pre-check)
  [ 152] OK     f=   1.565  a=42.2 b=67.5 gap=15.9 (face=3.7mm) n=[217, 442, 625, 266, 608, 681, 856]  tape=1.565km B=13.51T unif=0.938% hoop=344MPa
  [ 153] viol   f=  21.670  a=62.5 b=72.1 gap=15.5 (face=3.0mm) n=[338, 405, 735, 540, 308, 644, 876]  tape=1.890km B=11.40T unif=1.314% hoop=400MPa
  [ 154] INFEAS f=2068.193  a=33.2 b=75.3 gap=17.5 (face=6.9mm) n=[424, 396, 889, 600, 732, 699, 553]  no evaluation (geometry pre-check)
  [ 155] viol   f=  11.212  a=40.1 b=95.0 gap=21.0 (face=14.0mm) n=[117, 176, 507, 299, 265, 445, 877]  tape=1.485km B=7.79T unif=0.494% hoop=292MPa
  [ 156] viol   f=  37.158  a=72.8 b=97.7 gap=15.7 (face=3.3mm) n=[75, 127, 900, 260, 327, 144, 449]  tape=1.466km B=6.31T unif=1.205% hoop=350MPa
  [ 157] OK     f=   1.261  a=37.6 b=60.8 gap=16.9 (face=5.8mm) n=[191, 56, 776, 263, 353, 898, 767]  tape=1.261km B=12.50T unif=0.654% hoop=239MPa
  [ 158] viol   f=   5.098  a=48.2 b=80.3 gap=15.7 (face=3.5mm) n=[383, 549, 632, 594, 438, 819, 650]  tape=1.951km B=13.40T unif=1.125% hoop=400MPa
  [ 159] viol   f=  11.425  a=68.0 b=102.6 gap=15.9 (face=3.8mm) n=[166, 98, 529, 235, 72, 841, 876]  tape=1.738km B=7.80T unif=0.806% hoop=340MPa
  [ 160] viol   f=   3.998  a=56.8 b=86.9 gap=17.3 (face=6.6mm) n=[127, 129, 653, 238, 663, 221, 751]  tape=1.451km B=8.88T unif=1.012% hoop=286MPa
  [ 161] OK     f=   1.539  a=47.6 b=76.4 gap=15.5 (face=3.1mm) n=[137, 77, 808, 321, 404, 621, 896]  tape=1.539km B=11.30T unif=0.962% hoop=303MPa
  [ 162] OK     f=   2.187  a=53.1 b=106.6 gap=16.0 (face=3.9mm) n=[267, 209, 788, 575, 372, 797, 723]  tape=2.187km B=11.91T unif=0.667% hoop=383MPa
  [ 163] OK     f=   1.519  a=47.3 b=59.0 gap=18.0 (face=7.9mm) n=[331, 441, 886, 438, 336, 560, 685]  tape=1.519km B=13.71T unif=0.553% hoop=391MPa
  [ 164] INFEAS f=1004.555  a=35.0 b=79.5 gap=16.8 (face=5.7mm) n=[255, 623, 537, 396, 639, 817, 860]  no evaluation (geometry pre-check)
  [ 165] OK     f=   1.464  a=36.5 b=66.1 gap=16.3 (face=4.6mm) n=[143, 569, 814, 149, 360, 877, 865]  tape=1.464km B=14.80T unif=0.843% hoop=271MPa
  [ 166] viol   f=   2.712  a=44.2 b=69.3 gap=15.5 (face=3.0mm) n=[107, 372, 735, 230, 455, 476, 794]  tape=1.366km B=11.78T unif=1.082% hoop=321MPa
  [ 167] OK     f=   1.051  a=44.4 b=59.4 gap=15.5 (face=3.0mm) n=[97, 88, 856, 97, 72, 742, 875]  tape=1.051km B=11.21T unif=0.692% hoop=195MPa
  [ 168] INFEAS f=1089.647  a=30.6 b=50.5 gap=16.6 (face=5.2mm) n=[459, 139, 761, 276, 368, 713, 567]  no evaluation (geometry pre-check)
  [ 169] INFEAS f=2350.171  a=32.9 b=52.9 gap=16.3 (face=4.6mm) n=[253, 97, 844, 460, 528, 891, 884]  no evaluation (geometry pre-check)
  [ 170] INFEAS f=5543.063  a=28.8 b=79.2 gap=17.0 (face=5.9mm) n=[423, 602, 748, 443, 256, 858, 619]  no evaluation (geometry pre-check)
  [ 171] INFEAS f=4331.718  a=62.8 b=58.7 gap=15.8 (face=3.5mm) n=[103, 493, 886, 124, 76, 461, 639]  no evaluation (geometry pre-check)
  [ 172] OK     f=   1.381  a=37.5 b=71.4 gap=16.7 (face=5.4mm) n=[138, 112, 771, 83, 686, 859, 736]  tape=1.381km B=13.10T unif=0.997% hoop=218MPa
  [ 173] OK     f=   1.578  a=51.0 b=59.3 gap=17.4 (face=6.9mm) n=[255, 308, 663, 301, 561, 875, 900]  tape=1.578km B=13.59T unif=0.123% hoop=353MPa
  [ 174] INFEAS f=26943.691  a=52.8 b=32.3 gap=15.8 (face=3.6mm) n=[451, 151, 821, 193, 155, 504, 842]  no evaluation (geometry pre-check)
  [ 175] INFEAS f=1084.904  a=35.9 b=66.7 gap=16.1 (face=4.3mm) n=[54, 319, 702, 316, 108, 885, 900]  no evaluation (geometry pre-check)
  [ 176] INFEAS f=1000.338  a=36.5 b=82.9 gap=15.5 (face=3.0mm) n=[175, 111, 773, 177, 174, 608, 894]  no evaluation (geometry pre-check)
  [ 177] viol   f=  78.419  a=41.2 b=50.7 gap=16.5 (face=5.1mm) n=[334, 323, 900, 485, 327, 808, 888]  tape=1.407km B=16.53T unif=1.621% hoop=356MPa
  [ 178] OK     f=   1.483  a=41.7 b=61.9 gap=16.5 (face=5.0mm) n=[350, 401, 900, 159, 280, 838, 876]  tape=1.483km B=14.80T unif=0.454% hoop=336MPa
  [ 179] OK     f=   1.331  a=45.2 b=57.8 gap=16.6 (face=5.1mm) n=[211, 145, 846, 267, 425, 836, 834]  tape=1.331km B=13.92T unif=0.265% hoop=270MPa
  [ 180] INFEAS f=22941.591  a=22.4 b=63.3 gap=16.2 (face=4.4mm) n=[77, 448, 835, 243, 166, 750, 892]  no evaluation (geometry pre-check)
  [ 181] viol   f=  47.490  a=39.5 b=65.9 gap=15.6 (face=3.1mm) n=[508, 171, 885, 191, 528, 794, 851]  tape=1.563km B=15.51T unif=1.479% hoop=316MPa
  [ 182] OK     f=   1.549  a=45.9 b=63.5 gap=16.9 (face=5.9mm) n=[109, 211, 718, 465, 557, 889, 886]  tape=1.549km B=13.86T unif=0.468% hoop=321MPa
  [ 183] OK     f=   1.120  a=41.7 b=66.1 gap=20.4 (face=12.7mm) n=[141, 130, 785, 94, 63, 845, 797]  tape=1.120km B=10.14T unif=0.556% hoop=175MPa
  [ 184] INFEAS f=5465.383  a=30.0 b=61.8 gap=15.5 (face=3.0mm) n=[170, 164, 631, 445, 368, 886, 889]  no evaluation (geometry pre-check)
  [ 185] INFEAS f=2156.856  a=47.3 b=46.9 gap=16.9 (face=5.7mm) n=[143, 351, 607, 369, 745, 502, 816]  no evaluation (geometry pre-check)
  [ 186] INFEAS f=1003.463  a=35.1 b=47.6 gap=15.5 (face=3.0mm) n=[215, 105, 694, 79, 504, 861, 802]  no evaluation (geometry pre-check)
  [ 187] OK     f=   1.462  a=36.1 b=64.1 gap=15.6 (face=3.2mm) n=[364, 489, 835, 50, 419, 865, 862]  tape=1.462km B=15.64T unif=0.704% hoop=318MPa
  [ 188] OK     f=   1.265  a=50.5 b=60.7 gap=17.4 (face=6.8mm) n=[310, 101, 646, 106, 766, 608, 649]  tape=1.265km B=11.90T unif=0.894% hoop=292MPa
  [ 189] OK     f=   1.197  a=47.1 b=54.9 gap=17.5 (face=7.0mm) n=[159, 222, 523, 126, 611, 848, 591]  tape=1.197km B=11.19T unif=0.164% hoop=281MPa
  [ 190] OK     f=   1.616  a=45.4 b=85.8 gap=17.6 (face=7.1mm) n=[487, 250, 891, 193, 344, 347, 546]  tape=1.616km B=10.02T unif=0.964% hoop=400MPa
  [ 191] viol   f=   9.339  a=38.3 b=63.4 gap=17.2 (face=6.3mm) n=[539, 132, 728, 254, 376, 274, 804]  tape=1.232km B=11.99T unif=1.201% hoop=264MPa
  [ 192] viol   f=  33.570  a=50.9 b=62.0 gap=15.5 (face=3.0mm) n=[150, 545, 784, 305, 86, 596, 742]  tape=1.304km B=12.44T unif=1.402% hoop=335MPa
  [ 193] viol   f= 459.688  a=44.6 b=51.0 gap=15.8 (face=3.6mm) n=[58, 149, 521, 83, 62, 867, 862]  tape=0.902km B=9.69T unif=2.514% hoop=193MPa
  [ 194] OK     f=   1.210  a=44.3 b=58.3 gap=16.9 (face=5.8mm) n=[165, 157, 765, 188, 354, 846, 643]  tape=1.210km B=11.84T unif=0.808% hoop=246MPa
  [ 195] OK     f=   1.541  a=50.4 b=65.9 gap=15.5 (face=3.0mm) n=[457, 214, 723, 223, 235, 769, 900]  tape=1.541km B=12.39T unif=0.811% hoop=384MPa
  [ 196] INFEAS f=2927.765  a=31.9 b=53.1 gap=16.2 (face=4.4mm) n=[167, 262, 787, 205, 514, 881, 820]  no evaluation (geometry pre-check)
  [ 197] OK     f=   1.150  a=40.9 b=51.5 gap=16.7 (face=5.3mm) n=[293, 130, 602, 138, 457, 846, 834]  tape=1.150km B=12.53T unif=0.927% hoop=252MPa
  [ 198] INFEAS f=1000.258  a=36.0 b=57.7 gap=15.6 (face=3.2mm) n=[353, 162, 729, 490, 179, 882, 652]  no evaluation (geometry pre-check)
  [ 199] OK     f=   1.199  a=39.9 b=59.1 gap=15.5 (face=3.0mm) n=[176, 58, 771, 67, 435, 885, 892]  tape=1.199km B=12.80T unif=0.476% hoop=229MPa
  [ 200] OK     f=   1.771  a=46.9 b=95.3 gap=15.5 (face=3.1mm) n=[436, 213, 574, 235, 241, 783, 805]  tape=1.771km B=10.71T unif=0.690% hoop=357MPa
  [ 201] OK     f=   1.462  a=43.8 b=75.6 gap=18.3 (face=8.6mm) n=[550, 124, 585, 53, 254, 727, 886]  tape=1.462km B=10.61T unif=0.729% hoop=291MPa
  [ 202] OK     f=   1.448  a=39.2 b=68.5 gap=17.9 (face=7.7mm) n=[233, 161, 662, 244, 580, 778, 849]  tape=1.448km B=12.56T unif=0.775% hoop=255MPa
  [ 203] INFEAS f=6262.609  a=29.8 b=65.8 gap=16.2 (face=4.4mm) n=[513, 242, 877, 311, 456, 703, 899]  no evaluation (geometry pre-check)
  [ 204] viol   f=   3.848  a=44.4 b=73.2 gap=15.9 (face=3.7mm) n=[338, 231, 861, 384, 544, 832, 686]  tape=1.722km B=14.42T unif=1.103% hoop=356MPa
  [ 205] INFEAS f=11349.191  a=54.7 b=43.7 gap=17.1 (face=6.3mm) n=[293, 233, 799, 298, 503, 859, 706]  no evaluation (geometry pre-check)
  [ 206] INFEAS f=3548.015  a=49.4 b=46.4 gap=15.5 (face=3.1mm) n=[207, 196, 625, 65, 594, 600, 776]  no evaluation (geometry pre-check)
  [ 207] OK     f=   1.218  a=50.0 b=56.6 gap=18.2 (face=8.5mm) n=[404, 108, 746, 98, 213, 729, 846]  tape=1.218km B=11.44T unif=0.426% hoop=259MPa
  [ 208] INFEAS f=3187.391  a=58.1 b=55.7 gap=15.6 (face=3.1mm) n=[128, 324, 109, 351, 506, 826, 774]  no evaluation (geometry pre-check)
  [ 209] OK     f=   1.186  a=47.8 b=54.6 gap=17.0 (face=6.0mm) n=[149, 90, 789, 68, 419, 899, 742]  tape=1.186km B=12.00T unif=0.529% hoop=241MPa
  [ 210] INFEAS f=1000.396  a=36.7 b=62.6 gap=15.8 (face=3.6mm) n=[252, 290, 795, 148, 317, 861, 899]  no evaluation (geometry pre-check)
  [ 211] INFEAS f=3107.480  a=52.7 b=50.4 gap=15.7 (face=3.3mm) n=[137, 244, 740, 197, 329, 882, 881]  no evaluation (geometry pre-check)
  [ 212] INFEAS f=1016.344  a=51.8 b=56.1 gap=16.3 (face=4.7mm) n=[288, 150, 899, 284, 550, 710, 668]  no evaluation (geometry pre-check)
  [ 213] INFEAS f=1255.301  a=35.1 b=63.3 gap=18.1 (face=8.1mm) n=[148, 107, 594, 183, 460, 897, 681]  no evaluation (geometry pre-check)
  [ 214] INFEAS f=2576.638  a=32.9 b=47.8 gap=15.8 (face=3.6mm) n=[150, 120, 824, 239, 685, 842, 898]  no evaluation (geometry pre-check)
  [ 215] INFEAS f=4912.690  a=55.9 b=51.0 gap=16.1 (face=4.1mm) n=[325, 358, 769, 114, 510, 559, 871]  no evaluation (geometry pre-check)
  [ 216] OK     f=   1.402  a=37.0 b=69.2 gap=15.7 (face=3.4mm) n=[585, 147, 727, 132, 179, 735, 890]  tape=1.402km B=12.91T unif=0.776% hoop=268MPa
  [ 217] INFEAS f=1994.314  a=58.1 b=58.1 gap=15.5 (face=3.0mm) n=[72, 52, 683, 157, 598, 839, 812]  no evaluation (geometry pre-check)
  [ 218] OK     f=   1.402  a=39.7 b=79.1 gap=16.5 (face=5.0mm) n=[298, 215, 522, 91, 218, 834, 858]  tape=1.402km B=10.25T unif=0.869% hoop=278MPa
  [ 219] INFEAS f=1005.929  a=57.8 b=62.4 gap=15.5 (face=3.1mm) n=[109, 118, 899, 171, 385, 833, 687]  no evaluation (geometry pre-check)
  [ 220] INFEAS f=23793.226  a=22.2 b=53.3 gap=15.9 (face=3.8mm) n=[56, 84, 572, 174, 101, 894, 612]  no evaluation (geometry pre-check)
  [ 221] viol   f=   2.080  a=39.9 b=61.1 gap=15.8 (face=3.5mm) n=[555, 435, 779, 234, 192, 636, 710]  tape=1.342km B=14.75T unif=1.061% hoop=323MPa
  [ 222] INFEAS f=4190.515  a=30.9 b=73.5 gap=16.1 (face=4.1mm) n=[449, 259, 825, 275, 318, 887, 858]  no evaluation (geometry pre-check)
  [ 223] OK     f=   1.364  a=37.4 b=77.0 gap=15.5 (face=3.1mm) n=[228, 367, 769, 50, 79, 845, 842]  tape=1.364km B=12.07T unif=0.917% hoop=250MPa
  [ 224] OK     f=   1.883  a=43.1 b=86.1 gap=16.8 (face=5.5mm) n=[607, 177, 896, 165, 418, 678, 898]  tape=1.883km B=13.59T unif=0.679% hoop=334MPa
  [ 225] OK     f=   1.429  a=42.4 b=73.9 gap=16.8 (face=5.5mm) n=[289, 96, 900, 59, 236, 876, 895]  tape=1.429km B=12.54T unif=0.918% hoop=234MPa
  [ 226] OK     f=   1.621  a=41.9 b=93.0 gap=16.1 (face=4.2mm) n=[193, 72, 817, 364, 100, 724, 882]  tape=1.621km B=10.90T unif=0.639% hoop=253MPa
  [ 227] OK     f=   1.081  a=46.3 b=63.7 gap=16.0 (face=4.0mm) n=[80, 75, 695, 76, 139, 815, 850]  tape=1.081km B=10.07T unif=0.563% hoop=202MPa
  [ 228] OK     f=   1.438  a=53.2 b=66.6 gap=15.6 (face=3.1mm) n=[224, 103, 806, 138, 299, 882, 894]  tape=1.438km B=11.94T unif=0.661% hoop=282MPa
  [ 229] OK     f=   1.383  a=53.0 b=62.8 gap=16.1 (face=4.2mm) n=[378, 152, 792, 182, 318, 692, 807]  tape=1.383km B=12.23T unif=0.856% hoop=322MPa
  [ 230] INFEAS f=2683.479  a=31.2 b=73.2 gap=15.8 (face=3.6mm) n=[152, 325, 718, 86, 114, 856, 820]  no evaluation (geometry pre-check)
  [ 231] OK     f=   1.548  a=47.7 b=64.0 gap=19.6 (face=11.2mm) n=[343, 324, 899, 284, 192, 900, 807]  tape=1.548km B=13.30T unif=0.674% hoop=362MPa
  [ 232] OK     f=   1.506  a=50.5 b=72.9 gap=15.7 (face=3.5mm) n=[362, 157, 832, 81, 193, 897, 810]  tape=1.506km B=11.82T unif=0.947% hoop=284MPa
  [ 233] OK     f=   1.036  a=37.0 b=47.6 gap=15.8 (face=3.6mm) n=[99, 200, 633, 69, 461, 899, 770]  tape=1.036km B=12.40T unif=0.684% hoop=209MPa
  [ 234] OK     f=   1.163  a=48.7 b=59.1 gap=16.0 (face=4.0mm) n=[282, 124, 720, 208, 89, 804, 781]  tape=1.163km B=11.39T unif=0.485% hoop=250MPa
  [ 235] OK     f=   1.367  a=42.1 b=64.6 gap=15.5 (face=3.1mm) n=[285, 286, 800, 160, 217, 785, 863]  tape=1.367km B=12.98T unif=0.750% hoop=364MPa
  [ 236] OK     f=   1.458  a=49.7 b=80.2 gap=16.8 (face=5.6mm) n=[128, 137, 884, 111, 120, 828, 900]  tape=1.458km B=10.82T unif=0.805% hoop=227MPa
  [ 237] INFEAS f=1361.437  a=34.9 b=68.5 gap=17.0 (face=6.0mm) n=[180, 100, 784, 229, 145, 898, 889]  no evaluation (geometry pre-check)
  [ 238] OK     f=   1.537  a=49.6 b=80.6 gap=16.8 (face=5.6mm) n=[171, 299, 727, 87, 154, 822, 900]  tape=1.537km B=10.41T unif=0.803% hoop=276MPa
  [ 239] OK     f=   1.147  a=47.9 b=61.4 gap=18.3 (face=8.6mm) n=[72, 73, 815, 229, 94, 875, 759]  tape=1.147km B=10.70T unif=0.486% hoop=204MPa
  [ 240] OK     f=   1.353  a=50.4 b=70.5 gap=15.7 (face=3.3mm) n=[89, 351, 651, 307, 96, 600, 855]  tape=1.353km B=10.09T unif=0.987% hoop=312MPa
  [ 241] OK     f=   1.290  a=46.5 b=69.2 gap=18.0 (face=7.9mm) n=[183, 205, 808, 107, 196, 798, 798]  tape=1.290km B=11.18T unif=0.910% hoop=238MPa
  [ 242] INFEAS f=1017.560  a=36.2 b=62.8 gap=18.2 (face=8.4mm) n=[218, 57, 879, 90, 103, 813, 897]  no evaluation (geometry pre-check)
  [ 243] OK     f=   0.897  a=33.3 b=55.6 gap=15.6 (face=3.3mm) n=[171, 53, 630, 92, 238, 735, 757]  tape=0.897km B=10.89T unif=0.714% hoop=164MPa
  [ 244] INFEAS f=2100.760  a=57.8 b=57.6 gap=15.8 (face=3.6mm) n=[135, 203, 844, 125, 57, 811, 766]  no evaluation (geometry pre-check)
  [ 245] OK     f=   1.163  a=37.2 b=59.8 gap=15.7 (face=3.5mm) n=[128, 52, 806, 292, 152, 899, 872]  tape=1.163km B=12.68T unif=0.570% hoop=205MPa
  [ 246] INFEAS f=2010.050  a=60.5 b=60.4 gap=16.6 (face=5.1mm) n=[53, 141, 743, 85, 425, 900, 869]  no evaluation (geometry pre-check)
  [ 247] OK     f=   1.347  a=45.1 b=62.5 gap=16.1 (face=4.1mm) n=[278, 54, 806, 152, 396, 895, 774]  tape=1.347km B=12.57T unif=0.793% hoop=259MPa
  [ 248] viol   f=   2.422  a=58.8 b=75.4 gap=17.7 (face=7.4mm) n=[110, 126, 777, 80, 234, 678, 847]  tape=1.372km B=9.28T unif=1.001% hoop=266MPa
  [ 249] INFEAS f=2279.119  a=50.7 b=50.0 gap=15.8 (face=3.5mm) n=[233, 62, 565, 358, 357, 723, 847]  no evaluation (geometry pre-check)
  [ 250] OK     f=   1.258  a=42.7 b=62.9 gap=15.5 (face=3.0mm) n=[271, 274, 892, 72, 54, 881, 813]  tape=1.258km B=12.93T unif=0.558% hoop=340MPa
  [ 251] INFEAS f=19280.889  a=23.9 b=59.7 gap=15.6 (face=3.2mm) n=[207, 133, 799, 100, 279, 900, 890]  no evaluation (geometry pre-check)
  [ 252] INFEAS f=1565.854  a=44.8 b=46.0 gap=15.6 (face=3.2mm) n=[389, 55, 478, 204, 477, 775, 797]  no evaluation (geometry pre-check)
  [ 253] OK     f=   1.396  a=45.2 b=66.7 gap=17.6 (face=7.3mm) n=[206, 139, 488, 153, 609, 889, 767]  tape=1.396km B=11.05T unif=0.500% hoop=276MPa
  [ 254] OK     f=   1.213  a=44.6 b=55.4 gap=16.6 (face=5.1mm) n=[159, 275, 900, 89, 209, 814, 856]  tape=1.213km B=12.99T unif=0.453% hoop=229MPa
  [ 255] OK     f=   1.323  a=40.8 b=65.5 gap=15.8 (face=3.6mm) n=[196, 224, 718, 70, 310, 892, 879]  tape=1.323km B=12.08T unif=0.708% hoop=237MPa
  [ 256] INFEAS f=4415.544  a=30.6 b=54.7 gap=16.2 (face=4.4mm) n=[145, 85, 640, 171, 167, 883, 809]  no evaluation (geometry pre-check)
  [ 257] INFEAS f=6059.716  a=29.5 b=49.0 gap=17.2 (face=6.4mm) n=[219, 270, 727, 132, 156, 886, 877]  no evaluation (geometry pre-check)
  [ 258] OK     f=   1.062  a=33.2 b=53.7 gap=15.5 (face=3.1mm) n=[220, 75, 646, 270, 395, 793, 783]  tape=1.062km B=12.88T unif=0.354% hoop=222MPa
  [ 259] INFEAS f=1055.166  a=33.8 b=61.7 gap=15.9 (face=3.8mm) n=[295, 126, 537, 89, 53, 839, 766]  no evaluation (geometry pre-check)
  [ 260] INFEAS f=14984.738  a=25.3 b=46.2 gap=16.5 (face=5.1mm) n=[57, 301, 780, 297, 114, 893, 548]  no evaluation (geometry pre-check)
  [ 261] viol   f=   1.981  a=37.0 b=62.2 gap=15.6 (face=3.3mm) n=[293, 60, 705, 384, 261, 695, 825]  tape=1.238km B=12.58T unif=1.061% hoop=254MPa
  [ 262] OK     f=   1.216  a=42.1 b=56.4 gap=15.8 (face=3.5mm) n=[63, 169, 690, 280, 321, 886, 884]  tape=1.216km B=12.42T unif=0.329% hoop=257MPa
  [ 263] OK     f=   1.412  a=37.6 b=81.8 gap=15.9 (face=3.8mm) n=[421, 76, 554, 312, 226, 777, 670]  tape=1.412km B=10.87T unif=0.808% hoop=272MPa
  [ 264] OK     f=   1.178  a=46.6 b=60.9 gap=18.1 (face=8.3mm) n=[58, 62, 713, 405, 216, 844, 644]  tape=1.178km B=10.48T unif=0.667% hoop=247MPa
  [ 265] INFEAS f=1025.869  a=36.3 b=65.9 gap=17.0 (face=6.0mm) n=[281, 334, 896, 266, 228, 864, 900]  no evaluation (geometry pre-check)
  [ 266] OK     f=   1.371  a=39.3 b=64.7 gap=17.1 (face=6.3mm) n=[212, 176, 822, 169, 439, 881, 739]  tape=1.371km B=13.09T unif=0.860% hoop=253MPa
  [ 267] INFEAS f=1119.104  a=35.6 b=69.5 gap=17.2 (face=6.5mm) n=[72, 75, 898, 144, 202, 635, 617]  no evaluation (geometry pre-check)
  [ 268] OK     f=   1.282  a=45.6 b=56.1 gap=15.5 (face=3.1mm) n=[138, 295, 827, 159, 307, 726, 899]  tape=1.282km B=12.93T unif=0.634% hoop=269MPa
  [ 269] INFEAS f=4698.459  a=30.7 b=44.5 gap=16.8 (face=5.5mm) n=[229, 298, 676, 302, 445, 893, 875]  no evaluation (geometry pre-check)
  [ 270] viol   f=  61.130  a=37.3 b=58.8 gap=16.3 (face=4.5mm) n=[111, 75, 865, 211, 219, 797, 731]  tape=1.100km B=12.29T unif=1.548% hoop=235MPa
  [ 271] OK     f=   1.316  a=40.5 b=59.5 gap=16.8 (face=5.5mm) n=[224, 167, 712, 389, 294, 826, 854]  tape=1.316km B=13.04T unif=0.428% hoop=272MPa
  [ 272] OK     f=   1.168  a=51.4 b=59.1 gap=18.1 (face=8.1mm) n=[268, 263, 697, 163, 99, 696, 766]  tape=1.168km B=10.72T unif=0.569% hoop=346MPa
  [ 273] INFEAS f=1952.862  a=33.1 b=44.4 gap=15.8 (face=3.6mm) n=[98, 183, 552, 182, 405, 880, 749]  no evaluation (geometry pre-check)
  [ 274] OK     f=   1.547  a=40.3 b=73.0 gap=20.1 (face=12.1mm) n=[611, 96, 744, 200, 212, 899, 826]  tape=1.547km B=12.35T unif=0.688% hoop=255MPa
  [ 275] OK     f=   1.408  a=40.8 b=60.2 gap=15.5 (face=3.0mm) n=[124, 223, 635, 424, 431, 899, 900]  tape=1.408km B=13.44T unif=0.528% hoop=379MPa
  [ 276] INFEAS f=1534.116  a=41.4 b=42.7 gap=18.1 (face=8.1mm) n=[183, 137, 825, 195, 277, 878, 729]  no evaluation (geometry pre-check)
  [ 277] OK     f=   1.337  a=44.2 b=67.5 gap=16.3 (face=4.7mm) n=[191, 380, 431, 84, 389, 886, 650]  tape=1.337km B=10.21T unif=0.744% hoop=336MPa
  [ 278] OK     f=   1.217  a=45.4 b=55.3 gap=17.4 (face=6.8mm) n=[138, 174, 598, 413, 121, 900, 863]  tape=1.217km B=11.49T unif=0.919% hoop=262MPa
  [ 279] viol   f=   1.779  a=51.3 b=60.0 gap=16.9 (face=5.8mm) n=[50, 116, 484, 337, 339, 761, 584]  tape=1.103km B=9.42T unif=0.583% hoop=397MPa
  [ 280] OK     f=   1.491  a=40.9 b=65.1 gap=17.3 (face=6.5mm) n=[329, 154, 807, 355, 300, 854, 896]  tape=1.491km B=13.56T unif=0.537% hoop=296MPa
  [ 281] viol   f=   1.289  a=46.2 b=61.7 gap=24.6 (face=21.1mm) n=[290, 393, 595, 230, 110, 701, 808]  tape=1.272km B=9.91T unif=0.133% hoop=275MPa
  [ 282] INFEAS f=1973.913  a=58.0 b=58.0 gap=15.6 (face=3.2mm) n=[173, 522, 674, 60, 139, 792, 784]  no evaluation (geometry pre-check)
  [ 283] OK     f=   1.239  a=49.9 b=63.2 gap=17.2 (face=6.4mm) n=[75, 110, 611, 488, 285, 752, 753]  tape=1.239km B=11.12T unif=0.692% hoop=295MPa
  [ 284] viol   f= 120.363  a=42.9 b=50.1 gap=16.9 (face=5.8mm) n=[69, 172, 407, 355, 385, 830, 809]  tape=1.067km B=11.08T unif=1.772% hoop=296MPa
  [ 285] OK     f=   1.338  a=46.3 b=63.4 gap=17.5 (face=7.1mm) n=[148, 241, 783, 141, 239, 893, 856]  tape=1.338km B=11.87T unif=0.503% hoop=242MPa
  [ 286] OK     f=   1.181  a=47.5 b=54.2 gap=19.6 (face=11.1mm) n=[244, 589, 683, 161, 162, 530, 787]  tape=1.181km B=11.93T unif=0.728% hoop=278MPa  [a=56 b=85 nt=3439] KSP converged reason: 4, iterations: 1
  [a=41 b=59 nt=3212] KSP converged reason: 4, iterations: 1
  [a=50 b=69 nt=3542] KSP converged reason: 4, iterations: 1
  [a=38 b=71 nt=3321] KSP converged reason: 4, iterations: 1
  [a=56 b=74 nt=3627] KSP converged reason: 4, iterations: 1
  [a=39 b=81 nt=3000] KSP converged reason: 4, iterations: 1
  [a=67 b=73 nt=3192] KSP converged reason: 4, iterations: 1
  [a=61 b=69 nt=3778] KSP converged reason: 4, iterations: 1
  [a=54 b=100 nt=3140] KSP converged reason: 4, iterations: 1
  [a=49 b=97 nt=3046] KSP converged reason: 4, iterations: 1
  [a=55 b=83 nt=3710] KSP converged reason: 4, iterations: 1
  [a=68 b=103 nt=3092] KSP converged reason: 4, iterations: 1
  [a=70 b=81 nt=3993] KSP converged reason: 4, iterations: 1
  [a=43 b=75 nt=2522] KSP converged reason: 4, iterations: 1
  [a=48 b=65 nt=3530] KSP converged reason: 4, iterations: 1
  [a=73 b=98 nt=2282] KSP converged reason: 4, iterations: 1
  [a=68 b=103 nt=2817] KSP converged reason: 4, iterations: 1
  [a=37 b=66 nt=3777] KSP converged reason: 4, iterations: 1
  [a=42 b=62 nt=3804] KSP converged reason: 4, iterations: 1
  [a=47 b=55 nt=3080] KSP converged reason: 4, iterations: 1
  [a=45 b=86 nt=3058] KSP converged reason: 4, iterations: 1
  [a=41 b=51 nt=3300] KSP converged reason: 4, iterations: 1
  [a=44 b=76 nt=3179] KSP converged reason: 4, iterations: 1
  [a=43 b=86 nt=3839] KSP converged reason: 4, iterations: 1
  [a=49 b=59 nt=3008] KSP converged reason: 4, iterations: 1
  [a=48 b=61 nt=2917] KSP converged reason: 4, iterations: 1
  [a=43 b=63 nt=3257] KSP converged reason: 4, iterations: 1
  [a=42 b=56 nt=3293] KSP converged reason: 4, iterations: 1
  [a=51 b=59 nt=2952] KSP converged reason: 4, iterations: 1
  [a=46 b=62 nt=3127] KSP converged reason: 4, iterations: 1
  [a=49 b=66 nt=3420] KSP converged reason: 4, iterations: 1
  [a=51 b=67 nt=2861] KSP converged reason: 4, iterations: 1
  [a=53 b=82 nt=3275] KSP converged reason: 4, iterations: 1
  [a=41 b=70 nt=3452] KSP converged reason: 4, iterations: 1
  [a=37 b=90 nt=2855] KSP converged reason: 4, iterations: 1
  [a=38 b=80 nt=3974] KSP converged reason: 4, iterations: 1
  [a=45 b=52 nt=3341] KSP converged reason: 4, iterations: 1
  [a=66 b=87 nt=3258] KSP converged reason: 4, iterations: 1
  [a=47 b=78 nt=2930] KSP converged reason: 4, iterations: 1
  [a=45 b=81 nt=3326] KSP converged reason: 4, iterations: 1
  [a=55 b=103 nt=3545] KSP converged reason: 4, iterations: 1
  [a=39 b=108 nt=3058] KSP converged reason: 4, iterations: 1
  [a=47 b=81 nt=3104] KSP converged reason: 4, iterations: 1
  [a=55 b=64 nt=3634] KSP converged reason: 4, iterations: 1
  [a=42 b=74 nt=3407] KSP converged reason: 4, iterations: 1
  [a=38 b=61 nt=3304] KSP converged reason: 4, iterations: 1
  [a=48 b=76 nt=3264] KSP converged reason: 4, iterations: 1
  [a=38 b=71 nt=3385] KSP converged reason: 4, iterations: 1
  [a=42 b=66 nt=2855] KSP converged reason: 4, iterations: 1
  [a=38 b=63 nt=3107] KSP converged reason: 4, iterations: 1
  [a=39 b=68 nt=3507] KSP converged reason: 4, iterations: 1
  [a=46 b=64 nt=2730] KSP converged reason: 4, iterations: 1
  [a=53 b=67 nt=3346] KSP converged reason: 4, iterations: 1
  [a=42 b=65 nt=3396] KSP converged reason: 4, iterations: 1
  [a=37 b=60 nt=3201] KSP converged reason: 4, iterations: 1
  [a=45 b=55 nt=3302] KSP converged reason: 4, iterations: 1
  [a=38 b=82 nt=3036] KSP converged reason: 4, iterations: 1
  [a=45 b=55 nt=3207] KSP converged reason: 4, iterations: 1
  [a=51 b=60 nt=2671] KSP converged reason: 4, iterations: 1
  [a=43 b=57 nt=3212] KSP converged reason: 4, iterations: 1
  [a=54 b=76 nt=3643] KSP converged reason: 4, iterations: 1
  [a=44 b=56 nt=3714] KSP converged reason: 4, iterations: 1
  [a=46 b=65 nt=2668] KSP converged reason: 4, iterations: 1
  [a=42 b=49 nt=2885] KSP converged reason: 4, iterations: 1
  [a=47 b=61 nt=3341] KSP converged reason: 4, iterations: 1
  [a=42 b=62 nt=3121] KSP converged reason: 4, iterations: 1
  [a=33 b=99 nt=2296] KSP converged reason: 4, iterations: 1
  [a=50 b=96 nt=3634] KSP converged reason: 4, iterations: 1
  [a=44 b=82 nt=3191] KSP converged reason: 4, iterations: 1
  [a=46 b=74 nt=3129] KSP converged reason: 4, iterations: 1
  [a=50 b=91 nt=2682] KSP converged reason: 4, iterations: 1
  [a=38 b=83 nt=3791] KSP converged reason: 4, iterations: 1
  [a=49 b=78 nt=3196] KSP converged reason: 4, iterations: 1
  [a=52 b=63 nt=2476] KSP converged reason: 4, iterations: 1
  [a=48 b=86 nt=2151] KSP converged reason: 4, iterations: 1
  [a=42 b=68 nt=3695] KSP converged reason: 4, iterations: 1
  [a=53 b=107 nt=3731] KSP converged reason: 4, iterations: 1
  [a=41 b=51 nt=4065] KSP converged reason: 4, iterations: 1
  [a=50 b=61 nt=3186] KSP converged reason: 4, iterations: 1
  [a=51 b=62 nt=3208] KSP converged reason: 4, iterations: 1
  [a=44 b=73 nt=3876] KSP converged reason: 4, iterations: 1
  [a=40 b=79 nt=3036] KSP converged reason: 4, iterations: 1
  [a=42 b=93 nt=3152] KSP converged reason: 4, iterations: 1
  [a=51 b=73 nt=3332] KSP converged reason: 4, iterations: 1
  [a=46 b=69 nt=3095] KSP converged reason: 4, iterations: 1
  [a=45 b=67 nt=3251] KSP converged reason: 4, iterations: 1
  [a=39 b=65 nt=3438] KSP converged reason: 4, iterations: 1
  [a=40 b=73 nt=3588] KSP converged reason: 4, iterations: 1
  [a=50 b=63 nt=3074] KSP converged reason: 4, iterations: 1
  [a=40 b=51 nt=3483] KSP converged reason: 4, iterations: 1
  [a=36 b=57 nt=2725] KSP converged reason: 4, iterations: 1
  [a=53 b=64 nt=3595] KSP converged reason: 4, iterations: 1
  [a=73 b=80 nt=2916] KSP converged reason: 4, iterations: 1
  [a=51 b=68 nt=3752] KSP converged reason: 4, iterations: 1
  [a=45 b=63 nt=2996] KSP converged reason: 4, iterations: 1
  [a=75 b=101 nt=3226] KSP converged reason: 4, iterations: 1
  [a=44 b=62 nt=3187] KSP converged reason: 4, iterations: 1
  [a=46 b=93 nt=3380] KSP converged reason: 4, iterations: 1
  [a=49 b=72 nt=2817] KSP converged reason: 4, iterations: 1
  [a=54 b=84 nt=3817] KSP converged reason: 4, iterations: 1
  [a=40 b=92 nt=3012] KSP converged reason: 4, iterations: 1
  [a=46 b=65 nt=2444] KSP converged reason: 4, iterations: 1
  [a=45 b=85 nt=2781] KSP converged reason: 4, iterations: 1
  [a=52 b=65 nt=3627] KSP converged reason: 4, iterations: 1
  [a=40 b=95 nt=2686] KSP converged reason: 4, iterations: 1
  [a=57 b=87 nt=2782] KSP converged reason: 4, iterations: 1
  [a=44 b=69 nt=3169] KSP converged reason: 4, iterations: 1
  [a=51 b=59 nt=3863] KSP converged reason: 4, iterations: 1
  [a=36 b=64 nt=3884] KSP converged reason: 4, iterations: 1
  [a=44 b=58 nt=3118] KSP converged reason: 4, iterations: 1
  [a=47 b=95 nt=3287] KSP converged reason: 4, iterations: 1
  [a=48 b=55 nt=3156] KSP converged reason: 4, iterations: 1
  [a=37 b=69 nt=3395] KSP converged reason: 4, iterations: 1
  [a=42 b=74 nt=3351] KSP converged reason: 4, iterations: 1
  [a=53 b=63 nt=3321] KSP converged reason: 4, iterations: 1
  [a=50 b=80 nt=3108] KSP converged reason: 4, iterations: 1
  [a=50 b=71 nt=2949] KSP converged reason: 4, iterations: 1
  [a=45 b=62 nt=3355] KSP converged reason: 4, iterations: 1
  [a=33 b=54 nt=3182] KSP converged reason: 4, iterations: 1
  [a=46 b=56 nt=3351] KSP converged reason: 4, iterations: 1
  [a=40 b=59 nt=3466] KSP converged reason: 4, iterations: 1
  [a=46 b=63 nt=3301] KSP converged reason: 4, iterations: 1
  [a=59 b=66 nt=3200] KSP converged reason: 4, iterations: 1
  [a=47 b=55 nt=3029] KSP converged reason: 4, iterations: 1
  [a=58 b=68 nt=3168] KSP converged reason: 4, iterations: 1
  [a=54 b=75 nt=3516] KSP converged reason: 4, iterations: 1
  [a=45 b=93 nt=3019] KSP converged reason: 4, iterations: 1
  [a=31 b=80 nt=3329] KSP converged reason: 4, iterations: 1
  [a=40 b=90 nt=3843] KSP converged reason: 4, iterations: 1
  [a=45 b=63 nt=3051] KSP converged reason: 4, iterations: 1
  [a=58 b=86 nt=3647] KSP converged reason: 4, iterations: 1
  [a=53 b=89 nt=3149] KSP converged reason: 4, iterations: 1
  [a=47 b=89 nt=3543] KSP converged reason: 4, iterations: 1
  [a=34 b=50 nt=3286] KSP converged reason: 4, iterations: 1
  [a=37 b=53 nt=2830] KSP converged reason: 4, iterations: 1
  [a=37 b=71 nt=4039] KSP converged reason: 4, iterations: 1
  [a=38 b=96 nt=2489] KSP converged reason: 4, iterations: 1
  [a=48 b=80 nt=4065] KSP converged reason: 4, iterations: 1
  [a=44 b=59 nt=2827] KSP converged reason: 4, iterations: 1
  [a=39 b=66 nt=3928] KSP converged reason: 4, iterations: 1
  [a=45 b=51 nt=2602] KSP converged reason: 4, iterations: 1
  [a=40 b=59 nt=3284] KSP converged reason: 4, iterations: 1
  [a=50 b=57 nt=3144] KSP converged reason: 4, iterations: 1
  [a=37 b=77 nt=3180] KSP converged reason: 4, iterations: 1
  [a=48 b=64 nt=3749] KSP converged reason: 4, iterations: 1
  [a=33 b=56 nt=2676] KSP converged reason: 4, iterations: 1
  [a=37 b=62 nt=3223] KSP converged reason: 4, iterations: 1
  [a=41 b=60 nt=3636] KSP converged reason: 4, iterations: 1
  [a=43 b=50 nt=3027] KSP converged reason: 4, iterations: 1
  [a=39 b=58 nt=3173] KSP converged reason: 4, iterations: 1
  [a=43 b=73 nt=3454] KSP converged reason: 4, iterations: 1
  [a=40 b=60 nt=2898] KSP converged reason: 4, iterations: 1
  [a=49 b=72 nt=3920] KSP converged reason: 4, iterations: 1
  [a=56 b=63 nt=2944] KSP converged reason: 4, iterations: 1
  [a=37 b=72 nt=3117] KSP converged reason: 4, iterations: 1
  [a=40 b=58 nt=2873] KSP converged reason: 4, iterations: 1
  [a=42 b=80 nt=4469] KSP converged reason: 4, iterations: 1
  [a=58 b=79 nt=3475] KSP converged reason: 4, iterations: 1
  [a=45 b=90 nt=3067] KSP converged reason: 4, iterations: 1
  [a=51 b=80 nt=3332] KSP converged reason: 4, iterations: 1
  [a=28 b=96 nt=2953] KSP converged reason: 4, iterations: 1
  [a=47 b=63 nt=3105] KSP converged reason: 4, iterations: 1
  [a=71 b=89 nt=3405] KSP converged reason: 4, iterations: 1
  [a=50 b=68 nt=3883] KSP converged reason: 4, iterations: 1
  [a=42 b=56 nt=2760] KSP converged reason: 4, iterations: 1
  [a=62 b=72 nt=3846] KSP converged reason: 4, iterations: 1
  [a=47 b=59 nt=3677] KSP converged reason: 4, iterations: 1
  [a=45 b=58 nt=3564] KSP converged reason: 4, iterations: 1
  [a=46 b=63 nt=3835] KSP converged reason: 4, iterations: 1
  [a=50 b=66 nt=3521] KSP converged reason: 4, iterations: 1
  [a=40 b=61 nt=3541] KSP converged reason: 4, iterations: 1
  [a=37 b=48 nt=3131] KSP converged reason: 4, iterations: 1
  [a=50 b=81 nt=3160] KSP converged reason: 4, iterations: 1
  [a=59 b=75 nt=2852] KSP converged reason: 4, iterations: 1
  [a=41 b=65 nt=3289] KSP converged reason: 4, iterations: 1
  [a=47 b=61 nt=2942] KSP converged reason: 4, iterations: 1
  [a=37 b=59 nt=3009] KSP converged reason: 4, iterations: 1
  [a=44 b=68 nt=3011] KSP converged reason: 4, iterations: 1
  [a=41 b=65 nt=3695] KSP converged reason: 4, iterations: 1
  [a=48 b=54 nt=3156] KSP converged reason: 4, iterations: 1
  [a=48 b=57 nt=3389] KSP converged reason: 4, iterations: 1
  [a=48 b=54 nt=2803] KSP converged reason: 4, iterations: 1
  [a=48 b=61 nt=3683] KSP converged reason: 4, iterations: 1

  [ 287] OK     f=   1.214  a=43.3 b=56.6 gap=16.1 (face=4.2mm) n=[50, 348, 672, 330, 282, 829, 701]  tape=1.214km B=12.29T unif=0.534% hoop=291MPa
  [ 288] OK     f=   1.228  a=39.3 b=57.6 gap=16.1 (face=4.1mm) n=[58, 247, 626, 392, 272, 899, 679]  tape=1.228km B=11.73T unif=0.461% hoop=265MPa
  [ 289] OK     f=   1.705  a=53.9 b=76.4 gap=16.2 (face=4.5mm) n=[109, 287, 880, 405, 208, 884, 870]  tape=1.705km B=12.60T unif=0.954% hoop=334MPa
  [ 290] INFEAS f=1256.576  a=44.1 b=46.6 gap=18.4 (face=8.9mm) n=[54, 533, 587, 316, 180, 844, 742]  no evaluation (geometry pre-check)
  [ 291] OK     f=   1.321  a=48.1 b=57.1 gap=15.9 (face=3.8mm) n=[153, 409, 729, 368, 77, 774, 879]  tape=1.321km B=12.73T unif=0.561% hoop=317MPa
  [ 292] INFEAS f=1007.975  a=47.1 b=51.7 gap=19.3 (face=10.6mm) n=[203, 243, 898, 331, 74, 788, 890]  no evaluation (geometry pre-check)
  [ 293] OK     f=   1.213  a=39.5 b=51.3 gap=17.4 (face=6.8mm) n=[209, 233, 815, 309, 395, 851, 671]  tape=1.213km B=13.93T unif=0.483% hoop=272MPa
  [ 294] viol   f=  87.139  a=59.0 b=65.9 gap=18.8 (face=9.7mm) n=[170, 699, 715, 88, 334, 409, 785]  tape=1.412km B=11.37T unif=1.655% hoop=351MPa
  [ 295] viol   f=   1.912  a=48.8 b=66.3 gap=15.8 (face=3.6mm) n=[179, 554, 801, 191, 190, 628, 877]  tape=1.472km B=12.56T unif=1.047% hoop=336MPa
  [ 296] OK     f=   1.496  a=42.9 b=73.4 gap=18.4 (face=8.9mm) n=[298, 543, 647, 341, 172, 757, 696]  tape=1.496km B=12.50T unif=0.899% hoop=303MPa
  [ 297] OK     f=   1.371  a=44.0 b=56.4 gap=19.9 (face=11.9mm) n=[198, 734, 620, 341, 397, 632, 792]  tape=1.371km B=14.33T unif=0.741% hoop=310MPa
  [ 298] INFEAS f=3286.264  a=32.2 b=44.5 gap=15.9 (face=3.9mm) n=[232, 104, 747, 171, 116, 825, 899]  no evaluation (geometry pre-check)
  [ 299] INFEAS f=1527.944  a=50.5 b=51.9 gap=15.8 (face=3.6mm) n=[167, 542, 544, 306, 95, 898, 890]  no evaluation (geometry pre-check)
  [ 300] OK     f=   1.084  a=48.2 b=53.7 gap=18.0 (face=8.0mm) n=[216, 322, 573, 221, 167, 528, 776]  tape=1.084km B=10.18T unif=0.558% hoop=286MPa
  [ 301] INFEAS f=29912.856  a=45.6 b=23.7 gap=17.9 (face=7.9mm) n=[86, 306, 621, 242, 443, 543, 773]  no evaluation (geometry pre-check)
  [ 302] INFEAS f=3376.674  a=47.2 b=44.5 gap=18.0 (face=7.9mm) n=[249, 212, 532, 498, 66, 822, 622]  no evaluation (geometry pre-check)
  [ 303] INFEAS f=2446.476  a=47.0 b=46.0 gap=18.8 (face=9.5mm) n=[77, 552, 402, 193, 165, 678, 747]  no evaluation (geometry pre-check)
  [ 304] viol   f=   1.604  a=46.4 b=65.3 gap=15.7 (face=3.4mm) n=[108, 142, 572, 65, 50, 899, 832]  tape=1.105km B=9.50T unif=0.379% hoop=219MPa
  [ 305] INFEAS f=6361.307  a=44.4 b=37.9 gap=15.5 (face=3.1mm) n=[97, 171, 709, 299, 317, 666, 650]  no evaluation (geometry pre-check)
  [ 306] INFEAS f=3494.775  a=55.8 b=52.9 gap=16.8 (face=5.6mm) n=[282, 126, 523, 209, 304, 894, 560]  no evaluation (geometry pre-check)
  [ 307] OK     f=   1.060  a=39.6 b=59.7 gap=17.9 (face=7.9mm) n=[206, 270, 576, 509, 133, 547, 657]  tape=1.060km B=11.55T unif=0.962% hoop=245MPa
  [ 308] OK     f=   1.138  a=46.7 b=54.8 gap=16.4 (face=4.9mm) n=[94, 416, 753, 312, 358, 366, 730]  tape=1.138km B=12.02T unif=0.704% hoop=400MPa
  [ 309] OK     f=   1.494  a=47.7 b=61.5 gap=16.8 (face=5.6mm) n=[186, 186, 900, 238, 645, 720, 808]  tape=1.494km B=13.95T unif=0.671% hoop=306MPa
  [ 310] OK     f=   0.949  a=35.9 b=57.1 gap=15.6 (face=3.2mm) n=[106, 396, 674, 217, 150, 532, 650]  tape=0.949km B=11.67T unif=0.874% hoop=225MPa

==========================================================================================
CMA-ES finished: 310 evaluations in 6.0 min
==========================================================================================

Best feasible design found:
  a_mm             33.32038892543153
  b_mm             55.589869849145614
  gap_mm           15.628117913778546
  face_gap_mm      3.256235827557092
  n_turns          [171, 53, 630, 92, 238, 735, 757]
  n_total          2676
  tape_km          0.8971981859416726
  B_target_T       10.893785019234507
  uniformity_pct   0.7136617734769061
  hoop_MPa         164.09698285260976
  delam_MPa        12.437917721611418
  I_quench_A       406.321719603429
  I_op_A           223.4992957114571
  binding          quench/SF
  clip_frac        0.14811229428848016

Full evaluation history -> optimize/cmaes_history.csv
Best design            -> optimize/cmaes_results.csv
Appended 310 rows to cumulative master log -> optimize/cmaes_all_evaluations.csv

Figures -> /home/gerrityjack/fenicsx/Racetrack-Coil-Optimization/visualization/cmaes_convergence.png, cmaes_constraints.png, cmaes_variables.png, cmaes_overview.png
Cumulative parameter-space map -> visualization/cmaes_param_map.png (19670 evaluations, 63 runs)
