Starting CMA-ES: 10 variables, budget 300 evaluations, target B >= 10.0 T, uniformity <= 1.0%, hoop <= 400 MPa, coil-coil face gap >= 3 mm

Parallel mode: 6 worker processes per generation.
  [   1] viol   f=  15.389  a=56.4 b=156.7 gap=36.2 (face=44.4mm) n=[900, 751, 262, 337, 537, 93, 303]  tape=2.621km B=7.47T unif=0.229% hoop=290MPa
  [   2] viol   f=  36.595  a=28.2 b=179.4 gap=32.9 (face=37.8mm) n=[178, 167, 274, 660, 427, 439, 287]  tape=2.038km B=5.84T unif=0.389% hoop=177MPa
  [   3] viol   f=  88.947  a=92.4 b=168.1 gap=34.4 (face=40.8mm) n=[429, 124, 324, 457, 161, 159, 61]  tape=1.566km B=3.39T unif=0.335% hoop=356MPa
  [   4] viol   f=  42.291  a=66.9 b=150.0 gap=39.8 (face=51.6mm) n=[299, 536, 399, 248, 865, 160, 341]  tape=2.374km B=5.53T unif=0.224% hoop=342MPa
  [   5] viol   f=  84.979  a=36.4 b=160.3 gap=40.7 (face=53.4mm) n=[79, 100, 285, 502, 239, 205, 201]  tape=1.242km B=3.53T unif=0.323% hoop=188MPa
  [   6] viol   f=  49.949  a=76.5 b=163.4 gap=43.1 (face=58.2mm) n=[197, 576, 95, 521, 466, 493, 478]  tape=2.409km B=5.12T unif=0.195% hoop=400MPa
  [   7] viol   f=  23.344  a=41.4 b=119.7 gap=44.5 (face=61.0mm) n=[889, 641, 59, 439, 263, 269, 546]  tape=1.998km B=6.73T unif=0.357% hoop=267MPa
  [   8] viol   f=  17.020  a=73.1 b=173.6 gap=31.0 (face=33.9mm) n=[512, 789, 89, 488, 625, 863, 140]  tape=3.195km B=7.37T unif=0.230% hoop=400MPa
  [   9] viol   f=  15.463  a=57.8 b=176.5 gap=36.3 (face=44.7mm) n=[834, 57, 131, 288, 761, 793, 452]  tape=2.910km B=7.49T unif=0.219% hoop=277MPa
  [  10] viol   f=  14.173  a=70.5 b=146.1 gap=37.5 (face=46.9mm) n=[803, 558, 262, 473, 343, 717, 568]  tape=2.962km B=7.63T unif=0.286% hoop=400MPa
  [  11] viol   f=  11.169  a=41.7 b=140.2 gap=39.2 (face=50.4mm) n=[723, 716, 112, 711, 239, 540, 278]  tape=2.276km B=7.89T unif=0.445% hoop=197MPa
  [  12] viol   f=  33.218  a=88.2 b=153.2 gap=31.7 (face=35.4mm) n=[900, 300, 147, 680, 615, 373, 492]  tape=3.094km B=6.12T unif=0.389% hoop=400MPa
  [  13] viol   f=  30.343  a=72.9 b=153.3 gap=38.2 (face=48.3mm) n=[627, 674, 328, 262, 220, 624, 283]  tape=2.469km B=6.27T unif=0.275% hoop=339MPa
  [  14] OK     f=   2.840  a=39.4 b=183.5 gap=22.9 (face=17.9mm) n=[690, 288, 135, 449, 705, 717, 327]  tape=2.840km B=10.39T unif=0.190% hoop=256MPa
  [  15] viol   f=  18.113  a=73.9 b=147.9 gap=31.4 (face=34.9mm) n=[669, 856, 583, 459, 262, 483, 187]  tape=2.879km B=7.24T unif=0.376% hoop=400MPa
  [  16] viol   f=  31.259  a=28.6 b=183.3 gap=41.0 (face=54.1mm) n=[661, 489, 511, 133, 183, 333, 545]  tape=2.395km B=6.20T unif=0.576% hoop=146MPa
  [  17] viol   f=  34.371  a=62.4 b=160.5 gap=44.2 (face=60.3mm) n=[736, 480, 59, 396, 657, 146, 542]  tape=2.494km B=6.01T unif=0.198% hoop=284MPa
  [  18] viol   f=  11.456  a=64.6 b=164.9 gap=33.3 (face=38.5mm) n=[870, 625, 308, 64, 564, 623, 569]  tape=3.130km B=7.96T unif=0.221% hoop=399MPa
  [  19] OK     f=   3.586  a=53.7 b=169.1 gap=30.0 (face=32.1mm) n=[882, 704, 369, 125, 495, 863, 865]  tape=3.586km B=10.48T unif=0.174% hoop=316MPa
  [  20] viol   f=  29.250  a=72.7 b=168.4 gap=29.9 (face=31.8mm) n=[662, 453, 123, 475, 562, 448, 211]  tape=2.581km B=6.35T unif=0.274% hoop=400MPa
  [  21] viol   f=   3.274  a=57.5 b=173.9 gap=25.7 (face=23.5mm) n=[801, 767, 370, 451, 111, 822, 410]  tape=3.236km B=9.86T unif=0.187% hoop=368MPa
  [  22] viol   f=   4.223  a=54.3 b=171.8 gap=27.6 (face=27.3mm) n=[900, 601, 288, 622, 509, 637, 96]  tape=3.192km B=9.28T unif=0.189% hoop=352MPa
  [  23] INFEAS f=1015.521  a=34.5 b=154.2 gap=23.3 (face=18.7mm) n=[850, 592, 70, 51, 357, 258, 130]  no evaluation (geometry pre-check)
  [  24] viol   f=  38.243  a=72.3 b=163.4 gap=32.7 (face=37.4mm) n=[898, 239, 66, 80, 334, 590, 486]  tape=2.405km B=5.77T unif=0.267% hoop=344MPa
  [  25] INFEAS f=1294.467  a=26.5 b=189.2 gap=34.3 (face=40.7mm) n=[486, 322, 101, 671, 384, 473, 328]  no evaluation (geometry pre-check)
  [  26] viol   f=  10.154  a=70.9 b=185.3 gap=28.5 (face=29.0mm) n=[720, 635, 170, 595, 641, 875, 729]  tape=4.132km B=8.26T unif=0.194% hoop=400MPa
  [  27] INFEAS f=16094.890  a=24.6 b=166.5 gap=18.7 (face=9.5mm) n=[873, 506, 157, 237, 651, 887, 775]  no evaluation (geometry pre-check)
  [  28] INFEAS f=42656.747  a=15.0 b=164.9 gap=30.5 (face=32.9mm) n=[797, 604, 328, 529, 326, 836, 555]  no evaluation (geometry pre-check)
  [  29] OK     f=   2.581  a=37.0 b=162.5 gap=24.2 (face=20.5mm) n=[703, 535, 369, 282, 740, 682, 51]  tape=2.581km B=11.04T unif=0.122% hoop=251MPa
  [  30] viol   f=   9.931  a=75.7 b=181.6 gap=23.8 (face=19.6mm) n=[862, 900, 500, 489, 710, 676, 735]  tape=4.580km B=8.36T unif=0.264% hoop=400MPa
  [  31] OK     f=   2.835  a=54.3 b=168.2 gap=18.8 (face=9.5mm) n=[342, 600, 556, 655, 152, 599, 546]  tape=2.835km B=10.19T unif=0.244% hoop=400MPa
  [  32] viol   f=  12.339  a=63.6 b=165.2 gap=21.4 (face=14.8mm) n=[630, 757, 86, 227, 382, 889, 115]  tape=2.667km B=7.80T unif=0.277% hoop=387MPa
  [  33] viol   f=  10.167  a=54.0 b=172.0 gap=17.7 (face=7.4mm) n=[565, 350, 193, 281, 327, 522, 512]  tape=2.314km B=8.02T unif=0.264% hoop=349MPa
  [  34] INFEAS f=17645.664  a=24.3 b=176.0 gap=25.4 (face=22.8mm) n=[516, 889, 78, 509, 755, 894, 199]  no evaluation (geometry pre-check)
  [  35] viol   f=  25.310  a=71.6 b=167.2 gap=20.9 (face=13.8mm) n=[623, 215, 144, 219, 537, 414, 619]  tape=2.396km B=6.62T unif=0.303% hoop=388MPa
  [  36] OK     f=   3.066  a=35.5 b=171.5 gap=21.4 (face=14.8mm) n=[794, 776, 114, 747, 406, 486, 495]  tape=3.066km B=14.84T unif=0.764% hoop=287MPa
  [  37] INFEAS f=28855.783  a=18.8 b=196.0 gap=37.4 (face=46.9mm) n=[647, 438, 118, 78, 347, 844, 301]  no evaluation (geometry pre-check)
  [  38] viol   f=  11.051  a=65.1 b=172.6 gap=23.7 (face=19.5mm) n=[877, 488, 245, 438, 298, 826, 286]  tape=3.118km B=8.01T unif=0.257% hoop=400MPa
  [  39] viol   f=   3.927  a=41.0 b=203.5 gap=25.1 (face=22.1mm) n=[829, 570, 220, 160, 292, 883, 201]  tape=3.050km B=9.34T unif=0.156% hoop=248MPa
  [  40] viol   f=  20.690  a=67.3 b=168.5 gap=29.4 (face=30.8mm) n=[704, 447, 286, 378, 321, 738, 361]  tape=2.840km B=7.01T unif=0.245% hoop=400MPa
  [  41] viol   f=   8.058  a=54.8 b=167.2 gap=17.7 (face=7.3mm) n=[884, 151, 193, 234, 300, 713, 443]  tape=2.526km B=8.34T unif=0.324% hoop=355MPa
  [  42] OK     f=   2.886  a=47.5 b=164.9 gap=17.6 (face=7.2mm) n=[430, 898, 356, 551, 523, 432, 221]  tape=2.886km B=10.40T unif=0.110% hoop=400MPa
  [  43] OK     f=   3.609  a=40.2 b=206.9 gap=16.4 (face=4.9mm) n=[484, 409, 875, 720, 660, 440, 105]  tape=3.609km B=12.39T unif=0.277% hoop=380MPa
  [  44] INFEAS f=15901.125  a=24.6 b=159.6 gap=17.8 (face=7.6mm) n=[596, 884, 292, 539, 417, 745, 216]  no evaluation (geometry pre-check)
  [  45] INFEAS f=1491.822  a=31.8 b=183.3 gap=25.0 (face=22.0mm) n=[824, 559, 595, 699, 130, 303, 349]  no evaluation (geometry pre-check)
  [  46] viol   f=  25.432  a=62.1 b=201.8 gap=16.3 (face=4.6mm) n=[317, 647, 109, 478, 123, 731, 149]  tape=2.550km B=6.62T unif=0.209% hoop=354MPa
  [  47] INFEAS f=3724.085  a=28.3 b=189.4 gap=26.5 (face=24.9mm) n=[808, 429, 404, 382, 485, 636, 416]  no evaluation (geometry pre-check)
  [  48] INFEAS f=12134.596  a=22.2 b=187.4 gap=31.4 (face=34.8mm) n=[780, 564, 554, 220, 258, 614, 114]  no evaluation (geometry pre-check)
  [  49] viol   f=   4.013  a=44.8 b=189.3 gap=18.0 (face=8.0mm) n=[669, 267, 618, 473, 154, 115, 366]  tape=2.402km B=9.10T unif=0.291% hoop=279MPa
  [  50] OK     f=   3.291  a=46.7 b=190.0 gap=18.0 (face=8.1mm) n=[810, 889, 449, 569, 129, 454, 253]  tape=3.291km B=11.92T unif=0.187% hoop=375MPa
  [  51] viol   f=   7.067  a=54.1 b=156.5 gap=17.6 (face=7.2mm) n=[783, 822, 158, 333, 291, 103, 169]  tape=2.143km B=8.43T unif=0.383% hoop=323MPa
  [  52] INFEAS f=1016.970  a=29.1 b=168.9 gap=18.7 (face=9.4mm) n=[449, 576, 160, 602, 667, 706, 244]  no evaluation (geometry pre-check)
  [  53] OK     f=   3.582  a=47.3 b=203.5 gap=17.0 (face=6.0mm) n=[486, 614, 897, 800, 415, 109, 328]  tape=3.582km B=11.20T unif=0.169% hoop=400MPa
  [  54] viol   f=  59.020  a=85.0 b=220.9 gap=21.3 (face=14.7mm) n=[405, 894, 217, 474, 401, 200, 133]  tape=3.167km B=4.72T unif=0.195% hoop=400MPa
  [  55] OK     f=   2.604  a=41.0 b=180.8 gap=15.5 (face=3.1mm) n=[651, 709, 180, 247, 72, 832, 301]  tape=2.604km B=10.38T unif=0.167% hoop=299MPa
  [  56] viol   f=   2.929  a=52.3 b=150.0 gap=23.0 (face=18.1mm) n=[480, 885, 303, 799, 530, 162, 304]  tape=2.709km B=9.67T unif=0.270% hoop=342MPa
  [  57] INFEAS f=105499.354  a=5.5 b=194.4 gap=15.8 (face=3.5mm) n=[583, 409, 550, 56, 884, 204, 58]  no evaluation (geometry pre-check)
  [  58] OK     f=   3.172  a=44.6 b=201.1 gap=25.9 (face=23.8mm) n=[576, 661, 556, 449, 270, 469, 389]  tape=3.172km B=10.15T unif=0.065% hoop=312MPa
  [  59] viol   f=  26.851  a=52.2 b=143.0 gap=21.9 (face=15.8mm) n=[293, 584, 105, 474, 513, 67, 88]  tape=1.540km B=6.44T unif=0.329% hoop=257MPa
  [  60] viol   f=  16.481  a=64.2 b=175.2 gap=18.8 (face=9.7mm) n=[624, 897, 283, 625, 187, 146, 111]  tape=2.634km B=7.37T unif=0.301% hoop=400MPa
  [  61] viol   f=   5.758  a=50.2 b=211.4 gap=20.4 (face=12.7mm) n=[391, 711, 455, 689, 133, 311, 259]  tape=2.967km B=8.82T unif=0.209% hoop=335MPa
  [  62] viol   f=  11.488  a=66.5 b=159.0 gap=16.1 (face=4.3mm) n=[734, 595, 630, 662, 363, 296, 58]  tape=2.748km B=7.91T unif=0.402% hoop=400MPa
  [  63] viol   f=   9.751  a=49.5 b=173.4 gap=15.6 (face=3.2mm) n=[401, 373, 344, 518, 79, 308, 558]  tape=2.163km B=8.05T unif=0.252% hoop=388MPa
  [  64] OK     f=   3.496  a=40.7 b=188.6 gap=19.0 (face=10.1mm) n=[740, 694, 274, 666, 433, 873, 209]  tape=3.496km B=12.97T unif=0.198% hoop=336MPa
  [  65] OK     f=   4.041  a=47.0 b=175.6 gap=15.7 (face=3.5mm) n=[678, 644, 568, 643, 520, 879, 808]  tape=4.041km B=13.18T unif=0.173% hoop=400MPa
  [  66] OK     f=   2.607  a=46.7 b=179.2 gap=16.2 (face=4.5mm) n=[778, 734, 71, 323, 211, 784, 137]  tape=2.607km B=10.65T unif=0.382% hoop=292MPa
  [  67] OK     f=   3.327  a=42.0 b=189.0 gap=24.4 (face=20.8mm) n=[684, 894, 838, 569, 283, 204, 204]  tape=3.327km B=11.94T unif=0.253% hoop=297MPa
  [  68] INFEAS f=1164.268  a=35.5 b=159.0 gap=17.0 (face=6.0mm) n=[771, 900, 122, 471, 264, 595, 121]  no evaluation (geometry pre-check)
  [  69] OK     f=   3.502  a=31.7 b=190.1 gap=15.8 (face=3.6mm) n=[498, 471, 574, 749, 509, 511, 717]  tape=3.502km B=15.13T unif=0.341% hoop=333MPa
  [  70] viol   f=   4.965  a=58.7 b=208.1 gap=17.8 (face=7.6mm) n=[797, 879, 305, 590, 202, 372, 59]  tape=3.282km B=9.08T unif=0.272% hoop=400MPa
  [  71] OK     f=   3.402  a=36.5 b=166.6 gap=27.2 (face=26.3mm) n=[807, 864, 448, 551, 457, 689, 440]  tape=3.402km B=12.96T unif=0.531% hoop=299MPa
  [  72] OK     f=   3.715  a=47.6 b=177.7 gap=15.8 (face=3.6mm) n=[698, 840, 714, 898, 361, 632, 160]  tape=3.715km B=13.81T unif=0.171% hoop=400MPa
  [  73] viol   f=   3.933  a=55.2 b=192.4 gap=17.7 (face=7.3mm) n=[856, 519, 615, 622, 221, 449, 328]  tape=3.460km B=9.51T unif=0.286% hoop=400MPa
  [  74] OK     f=   3.691  a=40.2 b=199.7 gap=17.5 (face=7.1mm) n=[831, 866, 98, 476, 441, 796, 446]  tape=3.691km B=14.76T unif=0.851% hoop=345MPa
  [  75] viol   f=   3.282  a=51.6 b=165.9 gap=19.7 (face=11.4mm) n=[251, 816, 523, 663, 191, 639, 54]  tape=2.609km B=9.42T unif=0.269% hoop=349MPa
  [  76] viol   f=   2.692  a=41.5 b=164.9 gap=23.1 (face=18.2mm) n=[627, 864, 386, 50, 407, 511, 208]  tape=2.510km B=9.70T unif=0.192% hoop=292MPa
  [  77] INFEAS f=10679.350  a=27.4 b=231.3 gap=15.6 (face=3.1mm) n=[892, 710, 115, 522, 231, 900, 603]  no evaluation (geometry pre-check)
  [  78] INFEAS f=1094.502  a=35.0 b=235.6 gap=15.5 (face=3.1mm) n=[648, 607, 205, 618, 186, 877, 500]  no evaluation (geometry pre-check)
  [  79] INFEAS f=21202.132  a=17.0 b=157.0 gap=17.4 (face=6.8mm) n=[397, 732, 353, 374, 64, 495, 114]  no evaluation (geometry pre-check)
  [  80] viol   f=   6.439  a=59.3 b=183.7 gap=19.9 (face=11.8mm) n=[557, 763, 482, 154, 360, 843, 432]  tape=3.326km B=8.75T unif=0.205% hoop=400MPa
  [  81] viol   f=   4.496  a=56.6 b=170.7 gap=21.4 (face=14.7mm) n=[865, 689, 385, 248, 215, 687, 192]  tape=2.865km B=9.10T unif=0.289% hoop=365MPa
  [  82] INFEAS f=2579.014  a=30.4 b=169.2 gap=19.7 (face=11.4mm) n=[324, 831, 619, 420, 386, 720, 61]  no evaluation (geometry pre-check)
  [  83] viol   f=   7.105  a=40.2 b=144.3 gap=27.8 (face=27.6mm) n=[557, 613, 105, 279, 294, 554, 310]  tape=1.908km B=8.39T unif=0.222% hoop=271MPa
  [  84] viol   f=   9.699  a=57.7 b=174.0 gap=19.6 (face=11.2mm) n=[634, 892, 665, 190, 69, 112, 286]  tape=2.538km B=8.11T unif=0.287% hoop=365MPa
  [  85] viol   f=  10.471  a=41.4 b=171.8 gap=24.1 (face=20.2mm) n=[786, 418, 349, 59, 110, 514, 288]  tape=2.140km B=7.96T unif=0.254% hoop=268MPa
  [  86] INFEAS f=54379.550  a=11.9 b=137.2 gap=22.4 (face=16.8mm) n=[414, 823, 438, 149, 288, 350, 266]  no evaluation (geometry pre-check)
  [  87] INFEAS f=13712.178  a=25.6 b=183.0 gap=20.5 (face=12.9mm) n=[623, 888, 135, 259, 286, 551, 73]  no evaluation (geometry pre-check)
  [  88] viol   f=  28.682  a=55.5 b=193.2 gap=32.2 (face=36.3mm) n=[787, 615, 252, 448, 85, 296, 100]  tape=2.480km B=6.38T unif=0.146% hoop=262MPa
  [  89] viol   f=  28.256  a=68.3 b=188.2 gap=18.4 (face=8.8mm) n=[449, 891, 433, 222, 82, 578, 193]  tape=2.807km B=6.43T unif=0.260% hoop=400MPa
  [  90] OK     f=   3.450  a=38.4 b=185.3 gap=30.2 (face=32.3mm) n=[542, 721, 858, 438, 424, 485, 409]  tape=3.450km B=10.48T unif=0.177% hoop=330MPa
  [  91] viol   f=   5.776  a=58.2 b=175.9 gap=18.3 (face=8.5mm) n=[460, 751, 624, 393, 145, 873, 270]  tape=3.152km B=8.85T unif=0.237% hoop=400MPa
  [  92] viol   f=   4.535  a=54.0 b=194.2 gap=29.4 (face=30.7mm) n=[557, 896, 687, 330, 336, 841, 160]  tape=3.632km B=9.33T unif=0.078% hoop=390MPa
  [  93] OK     f=   2.834  a=45.8 b=174.4 gap=16.4 (face=4.8mm) n=[469, 894, 641, 586, 274, 50, 342]  tape=2.834km B=10.85T unif=0.159% hoop=381MPa
  [  94] viol   f=  32.334  a=62.2 b=163.0 gap=38.0 (face=48.1mm) n=[539, 842, 501, 244, 86, 468, 187]  tape=2.475km B=6.14T unif=0.200% hoop=318MPa
  [  95] OK     f=   2.915  a=44.3 b=155.5 gap=21.5 (face=15.0mm) n=[766, 900, 477, 649, 153, 455, 315]  tape=2.915km B=12.26T unif=0.078% hoop=353MPa
  [  96] viol   f=   3.915  a=38.7 b=163.7 gap=32.3 (face=36.5mm) n=[704, 594, 310, 584, 438, 551, 124]  tape=2.581km B=9.18T unif=0.354% hoop=235MPa
  [  97] viol   f=   2.726  a=40.2 b=182.0 gap=22.9 (face=17.8mm) n=[354, 896, 827, 136, 94, 223, 426]  tape=2.607km B=9.76T unif=0.897% hoop=248MPa
  [  98] OK     f=   3.112  a=38.0 b=181.1 gap=27.3 (face=26.5mm) n=[521, 894, 765, 600, 159, 484, 152]  tape=3.112km B=10.58T unif=0.401% hoop=260MPa
  [  99] OK     f=   2.800  a=39.8 b=189.4 gap=18.4 (face=8.8mm) n=[597, 562, 198, 382, 624, 641, 197]  tape=2.800km B=11.41T unif=0.152% hoop=277MPa
  [ 100] viol   f=  30.651  a=63.4 b=183.8 gap=37.0 (face=46.1mm) n=[698, 761, 429, 324, 161, 325, 162]  tape=2.673km B=6.26T unif=0.152% hoop=321MPa
  [ 101] viol   f=  11.790  a=54.5 b=185.9 gap=16.9 (face=5.8mm) n=[441, 764, 357, 526, 299, 305, 104]  tape=2.606km B=7.86T unif=0.280% hoop=400MPa
  [ 102] viol   f=   7.642  a=40.2 b=192.7 gap=18.8 (face=9.6mm) n=[440, 649, 222, 312, 162, 567, 51]  tape=2.178km B=8.35T unif=0.071% hoop=254MPa
  [ 103] viol   f=   5.464  a=42.2 b=170.0 gap=32.1 (face=36.2mm) n=[548, 715, 445, 621, 534, 186, 237]  tape=2.687km B=8.82T unif=0.300% hoop=255MPa
  [ 104] OK     f=   3.648  a=45.3 b=170.2 gap=19.5 (face=11.0mm) n=[642, 900, 690, 713, 125, 724, 603]  tape=3.648km B=14.06T unif=0.117% hoop=400MPa
  [ 105] viol   f=   9.296  a=45.2 b=183.1 gap=17.4 (face=6.9mm) n=[181, 693, 778, 279, 51, 123, 283]  tape=2.128km B=8.11T unif=0.175% hoop=255MPa
  [ 106] INFEAS f=8599.677  a=25.8 b=176.7 gap=37.6 (face=47.3mm) n=[319, 728, 829, 423, 50, 106, 140]  no evaluation (geometry pre-check)
  [ 107] viol   f=   4.740  a=55.7 b=169.5 gap=21.7 (face=15.4mm) n=[513, 746, 646, 377, 276, 354, 297]  tape=2.755km B=9.00T unif=0.286% hoop=394MPa
  [ 108] OK     f=   3.563  a=56.0 b=176.1 gap=19.0 (face=10.1mm) n=[540, 895, 661, 84, 577, 702, 561]  tape=3.563km B=10.46T unif=0.200% hoop=400MPa
  [ 109] viol   f=   5.405  a=47.8 b=196.8 gap=18.3 (face=8.6mm) n=[495, 888, 596, 295, 321, 133, 92]  tape=2.739km B=8.85T unif=0.130% hoop=357MPa
  [ 110] viol   f=   6.449  a=32.6 b=182.5 gap=24.7 (face=21.4mm) n=[437, 405, 419, 300, 315, 571, 77]  tape=2.122km B=8.53T unif=0.007% hoop=218MPa
  [ 111] INFEAS f=7711.567  a=28.7 b=181.9 gap=18.7 (face=9.4mm) n=[793, 844, 363, 306, 449, 893, 116]  no evaluation (geometry pre-check)
  [ 112] OK     f=   3.588  a=45.6 b=188.1 gap=20.6 (face=13.3mm) n=[687, 860, 747, 770, 497, 325, 109]  tape=3.588km B=13.32T unif=0.128% hoop=366MPa
  [ 113] viol   f=   5.173  a=57.0 b=179.3 gap=27.5 (face=27.0mm) n=[820, 737, 572, 315, 200, 506, 317]  tape=3.128km B=8.99T unif=0.199% hoop=356MPa
  [ 114] OK     f=   3.624  a=53.2 b=186.1 gap=20.9 (face=13.8mm) n=[559, 874, 642, 157, 473, 872, 385]  tape=3.624km B=10.89T unif=0.123% hoop=400MPa
  [ 115] INFEAS f=9793.819  a=27.2 b=184.3 gap=16.8 (face=5.6mm) n=[365, 883, 823, 235, 668, 754, 827]  no evaluation (geometry pre-check)
  [ 116] viol   f=  13.999  a=61.8 b=200.4 gap=15.9 (face=3.9mm) n=[506, 766, 504, 239, 385, 416, 546]  tape=3.359km B=7.69T unif=0.241% hoop=400MPa
  [ 117] viol   f=  12.301  a=64.5 b=189.8 gap=20.0 (face=12.1mm) n=[504, 565, 761, 548, 205, 230, 656]  tape=3.300km B=7.88T unif=0.228% hoop=400MPa
  [ 118] viol   f=   3.978  a=56.9 b=185.7 gap=20.1 (face=12.1mm) n=[441, 900, 874, 169, 374, 560, 563]  tape=3.605km B=9.57T unif=0.226% hoop=400MPa
  [ 119] viol   f=  16.031  a=56.7 b=164.4 gap=19.7 (face=11.5mm) n=[503, 896, 169, 372, 408, 370, 80]  tape=2.432km B=7.39T unif=0.281% hoop=400MPa
  [ 120] OK     f=   2.669  a=40.7 b=180.9 gap=17.8 (face=7.5mm) n=[686, 750, 343, 345, 148, 664, 169]  tape=2.669km B=11.44T unif=0.270% hoop=381MPa
  [ 121] viol   f=   3.635  a=54.7 b=181.6 gap=25.2 (face=22.5mm) n=[501, 851, 740, 354, 391, 578, 289]  tape=3.373km B=9.64T unif=0.136% hoop=400MPa
  [ 122] OK     f=   3.810  a=47.3 b=179.9 gap=23.5 (face=19.1mm) n=[661, 880, 371, 671, 669, 793, 313]  tape=3.810km B=12.64T unif=0.113% hoop=369MPa
  [ 123] INFEAS f=2462.401  a=28.1 b=169.2 gap=20.5 (face=13.0mm) n=[387, 701, 524, 397, 186, 765, 50]  no evaluation (geometry pre-check)
  [ 124] OK     f=   3.150  a=37.5 b=216.6 gap=16.5 (face=5.0mm) n=[677, 709, 513, 288, 454, 285, 237]  tape=3.150km B=12.72T unif=0.235% hoop=308MPa
  [ 125] OK     f=   3.394  a=45.9 b=173.9 gap=17.1 (face=6.3mm) n=[521, 837, 789, 707, 203, 806, 206]  tape=3.394km B=14.17T unif=0.231% hoop=392MPa
  [ 126] OK     f=   2.588  a=40.4 b=184.3 gap=18.0 (face=7.9mm) n=[558, 758, 540, 272, 70, 727, 61]  tape=2.588km B=10.75T unif=0.116% hoop=288MPa
  [ 127] OK     f=   3.837  a=38.1 b=210.3 gap=16.3 (face=4.6mm) n=[525, 818, 629, 374, 392, 669, 509]  tape=3.837km B=14.00T unif=0.660% hoop=399MPa
  [ 128] OK     f=   3.380  a=49.3 b=176.6 gap=22.6 (face=17.3mm) n=[829, 676, 338, 642, 304, 850, 268]  tape=3.380km B=11.60T unif=0.189% hoop=354MPa
  [ 129] viol   f=   5.836  a=48.7 b=183.8 gap=24.5 (face=21.0mm) n=[633, 863, 548, 55, 305, 420, 175]  tape=2.736km B=8.76T unif=0.114% hoop=315MPa
  [ 130] OK     f=   3.238  a=50.5 b=189.0 gap=16.6 (face=5.2mm) n=[645, 782, 633, 357, 228, 555, 318]  tape=3.238km B=11.06T unif=0.284% hoop=400MPa
  [ 131] viol   f=   5.162  a=53.2 b=175.0 gap=20.0 (face=12.0mm) n=[376, 687, 459, 178, 360, 584, 493]  tape=2.715km B=8.89T unif=0.231% hoop=379MPa
  [ 132] OK     f=   2.436  a=37.9 b=189.1 gap=15.6 (face=3.1mm) n=[448, 521, 708, 268, 147, 478, 151]  tape=2.436km B=10.16T unif=0.119% hoop=320MPa
  [ 133] OK     f=   3.033  a=44.6 b=211.5 gap=21.3 (face=14.5mm) n=[809, 779, 363, 202, 111, 442, 319]  tape=3.033km B=10.17T unif=0.223% hoop=291MPa
  [ 134] OK     f=   2.898  a=39.9 b=196.9 gap=17.6 (face=7.1mm) n=[483, 708, 534, 322, 249, 448, 371]  tape=2.898km B=11.00T unif=0.115% hoop=324MPa
  [ 135] OK     f=   3.268  a=55.6 b=188.1 gap=17.0 (face=6.1mm) n=[661, 760, 688, 358, 238, 721, 155]  tape=3.268km B=10.44T unif=0.272% hoop=400MPa
  [ 136] OK     f=   2.840  a=38.8 b=194.6 gap=20.3 (face=12.6mm) n=[544, 824, 437, 263, 146, 640, 201]  tape=2.840km B=10.24T unif=0.428% hoop=295MPa
  [ 137] OK     f=   3.180  a=49.2 b=178.6 gap=27.3 (face=26.7mm) n=[833, 887, 589, 151, 212, 672, 278]  tape=3.180km B=10.57T unif=0.124% hoop=312MPa
  [ 138] viol   f=   8.078  a=50.5 b=203.0 gap=15.9 (face=3.8mm) n=[345, 627, 439, 131, 361, 623, 186]  tape=2.616km B=8.35T unif=0.223% hoop=350MPa
  [ 139] OK     f=   3.395  a=48.1 b=173.3 gap=20.3 (face=12.7mm) n=[592, 724, 803, 422, 227, 843, 394]  tape=3.395km B=12.26T unif=0.167% hoop=393MPa
  [ 140] INFEAS f=1430.811  a=32.0 b=199.5 gap=20.1 (face=12.2mm) n=[575, 826, 374, 238, 330, 398, 327]  no evaluation (geometry pre-check)
  [ 141] OK     f=   2.398  a=34.4 b=198.5 gap=16.8 (face=5.7mm) n=[569, 613, 544, 125, 75, 519, 223]  tape=2.398km B=11.45T unif=0.298% hoop=226MPa
  [ 142] OK     f=   2.830  a=45.2 b=174.7 gap=16.6 (face=5.1mm) n=[602, 821, 391, 540, 143, 471, 304]  tape=2.830km B=10.95T unif=0.191% hoop=373MPa
  [ 143] OK     f=   2.649  a=30.8 b=194.6 gap=16.5 (face=5.1mm) n=[551, 605, 652, 182, 118, 538, 364]  tape=2.649km B=13.26T unif=0.163% hoop=226MPa
  [ 144] OK     f=   2.961  a=39.4 b=192.2 gap=16.1 (face=4.3mm) n=[493, 829, 877, 173, 137, 573, 163]  tape=2.961km B=12.38T unif=0.187% hoop=330MPa
  [ 145] OK     f=   2.699  a=39.7 b=179.7 gap=15.6 (face=3.1mm) n=[321, 801, 820, 350, 313, 457, 65]  tape=2.699km B=12.20T unif=0.366% hoop=329MPa
  [ 146] OK     f=   2.665  a=37.3 b=183.8 gap=16.5 (face=4.9mm) n=[668, 732, 613, 312, 120, 405, 236]  tape=2.665km B=12.68T unif=0.423% hoop=285MPa
  [ 147] OK     f=   2.643  a=35.0 b=206.2 gap=16.7 (face=5.4mm) n=[478, 397, 676, 582, 51, 528, 98]  tape=2.643km B=10.89T unif=0.116% hoop=270MPa
  [ 148] OK     f=   2.554  a=33.2 b=172.6 gap=23.7 (face=19.5mm) n=[554, 711, 486, 138, 294, 589, 378]  tape=2.554km B=10.86T unif=0.476% hoop=233MPa
  [ 149] OK     f=   2.999  a=44.6 b=170.5 gap=19.2 (face=10.4mm) n=[421, 900, 794, 563, 202, 502, 163]  tape=2.999km B=11.76T unif=0.144% hoop=357MPa
  [ 150] OK     f=   2.863  a=39.7 b=179.0 gap=16.3 (face=4.6mm) n=[521, 783, 773, 427, 74, 530, 261]  tape=2.863km B=12.97T unif=0.225% hoop=336MPa
  [ 151] OK     f=   2.348  a=30.0 b=196.0 gap=17.7 (face=7.4mm) n=[487, 568, 365, 294, 178, 250, 508]  tape=2.348km B=11.16T unif=0.242% hoop=221MPa
  [ 152] OK     f=   2.609  a=33.5 b=189.0 gap=16.7 (face=5.3mm) n=[748, 477, 268, 381, 91, 788, 196]  tape=2.609km B=11.42T unif=0.938% hoop=269MPa
  [ 153] OK     f=   2.129  a=30.2 b=181.7 gap=16.7 (face=5.4mm) n=[412, 636, 587, 101, 189, 541, 102]  tape=2.129km B=11.59T unif=0.661% hoop=216MPa
  [ 154] OK     f=   2.234  a=27.0 b=186.7 gap=18.9 (face=9.8mm) n=[441, 471, 640, 251, 335, 411, 69]  tape=2.234km B=10.87T unif=0.453% hoop=205MPa
  [ 155] OK     f=   2.983  a=44.3 b=188.2 gap=20.4 (face=12.9mm) n=[652, 767, 526, 213, 151, 632, 374]  tape=2.983km B=10.90T unif=0.185% hoop=311MPa
  [ 156] viol   f=   2.749  a=32.1 b=199.8 gap=18.2 (face=8.5mm) n=[263, 502, 615, 253, 206, 418, 184]  tape=2.244km B=9.50T unif=0.035% hoop=223MPa
  [ 157] OK     f=   2.848  a=40.1 b=207.5 gap=16.7 (face=5.5mm) n=[534, 662, 745, 74, 87, 519, 334]  tape=2.848km B=10.86T unif=0.113% hoop=296MPa
  [ 158] INFEAS f=8326.787  a=28.6 b=208.1 gap=16.7 (face=5.4mm) n=[473, 714, 900, 339, 187, 430, 446]  no evaluation (geometry pre-check)
  [ 159] viol   f=10345.602  a=29.7 b=192.0 gap=15.8 (face=3.6mm) n=[697, 504, 616, 377, 299, 286, 376]  tape=2.785km B=14.04T unif=8.191% hoop=270MPa
  [ 160] viol   f=   9.003  a=53.1 b=163.4 gap=24.8 (face=21.7mm) n=[337, 836, 454, 217, 447, 473, 345]  tape=2.642km B=8.22T unif=0.175% hoop=400MPa
  [ 161] INFEAS f=9523.423  a=16.7 b=184.8 gap=15.7 (face=3.4mm) n=[295, 600, 530, 290, 53, 145, 258]  no evaluation (geometry pre-check)
  [ 162] viol   f=   2.765  a=32.5 b=172.3 gap=18.0 (face=8.1mm) n=[341, 729, 580, 103, 177, 305, 141]  tape=1.953km B=9.36T unif=0.540% hoop=221MPa
  [ 163] viol   f=   3.514  a=34.9 b=190.3 gap=17.0 (face=6.0mm) n=[345, 742, 699, 287, 91, 276, 200]  tape=2.359km B=10.72T unif=1.076% hoop=263MPa
  [ 164] OK     f=   2.218  a=36.6 b=182.8 gap=16.1 (face=4.2mm) n=[306, 632, 704, 265, 120, 441, 101]  tape=2.218km B=10.03T unif=0.150% hoop=260MPa
  [ 165] OK     f=   2.517  a=33.1 b=189.1 gap=21.9 (face=15.8mm) n=[573, 554, 623, 257, 175, 636, 115]  tape=2.517km B=11.10T unif=0.110% hoop=208MPa
  [ 166] viol   f=   4.500  a=41.9 b=186.2 gap=18.8 (face=9.6mm) n=[248, 652, 867, 385, 180, 347, 68]  tape=2.506km B=9.00T unif=0.152% hoop=283MPa
  [ 167] INFEAS f=3521.947  a=23.3 b=201.2 gap=16.4 (face=4.8mm) n=[524, 631, 668, 52, 152, 398, 296]  no evaluation (geometry pre-check)
  [ 168] OK     f=   2.022  a=31.6 b=170.3 gap=19.0 (face=10.1mm) n=[449, 619, 432, 239, 152, 478, 170]  tape=2.022km B=10.16T unif=0.167% hoop=219MPa
  [ 169] viol   f=   8.726  a=23.8 b=180.0 gap=18.5 (face=8.9mm) n=[263, 522, 486, 241, 51, 389, 342]  tape=1.845km B=10.63T unif=1.185% hoop=154MPa
  [ 170] INFEAS f=37888.183  a=13.9 b=179.9 gap=16.7 (face=5.3mm) n=[204, 507, 777, 282, 230, 291, 175]  no evaluation (geometry pre-check)
  [ 171] viol   f=   2.303  a=26.9 b=174.8 gap=16.2 (face=4.4mm) n=[169, 621, 490, 297, 84, 325, 54]  tape=1.648km B=9.44T unif=1.010% hoop=171MPa
  [ 172] OK     f=   2.394  a=34.0 b=186.6 gap=19.4 (face=10.8mm) n=[438, 573, 675, 237, 99, 584, 167]  tape=2.394km B=10.46T unif=0.151% hoop=235MPa
  [ 173] INFEAS f=2577.648  a=28.4 b=178.5 gap=21.0 (face=13.9mm) n=[321, 779, 553, 88, 78, 409, 96]  no evaluation (geometry pre-check)
  [ 174] viol   f=   2.649  a=27.9 b=184.5 gap=15.7 (face=3.4mm) n=[331, 411, 415, 125, 60, 408, 213]  tape=1.605km B=9.28T unif=0.090% hoop=166MPa
  [ 175] OK     f=   1.999  a=34.2 b=169.3 gap=16.8 (face=5.7mm) n=[529, 516, 389, 189, 336, 549, 58]  tape=1.999km B=10.83T unif=0.320% hoop=235MPa
  [ 176] OK     f=   2.145  a=32.3 b=183.3 gap=17.8 (face=7.7mm) n=[344, 651, 499, 197, 175, 557, 100]  tape=2.145km B=10.03T unif=0.758% hoop=225MPa
  [ 177] INFEAS f=2174.014  a=27.6 b=175.7 gap=18.6 (face=9.2mm) n=[307, 715, 744, 245, 286, 320, 65]  no evaluation (geometry pre-check)
  [ 178] viol   f=   2.785  a=33.2 b=165.0 gap=21.8 (face=15.7mm) n=[661, 463, 335, 121, 231, 588, 105]  tape=1.952km B=9.35T unif=0.397% hoop=210MPa
  [ 179] viol   f=   3.624  a=35.6 b=182.5 gap=18.5 (face=9.1mm) n=[432, 748, 510, 177, 174, 342, 60]  tape=2.133km B=9.14T unif=0.716% hoop=259MPa
  [ 180] OK     f=   2.542  a=35.6 b=184.0 gap=16.2 (face=4.5mm) n=[319, 753, 856, 112, 159, 459, 230]  tape=2.542km B=11.34T unif=0.433% hoop=266MPa
  [ 181] INFEAS f=1004.738  a=22.7 b=175.0 gap=17.0 (face=6.0mm) n=[478, 530, 371, 412, 212, 493, 158]  no evaluation (geometry pre-check)
  [ 182] OK     f=   2.286  a=30.5 b=174.5 gap=19.5 (face=10.9mm) n=[427, 663, 514, 338, 236, 474, 156]  tape=2.286km B=11.04T unif=0.369% hoop=230MPa
  [ 183] INFEAS f=2850.553  a=28.5 b=152.5 gap=18.3 (face=8.6mm) n=[311, 790, 390, 89, 82, 482, 262]  no evaluation (geometry pre-check)
  [ 184] viol   f=   3.942  a=36.8 b=191.0 gap=16.5 (face=5.1mm) n=[278, 779, 501, 333, 110, 185, 292]  tape=2.279km B=9.09T unif=0.685% hoop=275MPa
  [ 185] viol   f=   8.826  a=35.5 b=166.3 gap=18.0 (face=8.0mm) n=[90, 469, 415, 247, 245, 562, 236]  tape=1.779km B=8.12T unif=0.145% hoop=252MPa
  [ 186] OK     f=   2.488  a=34.4 b=186.0 gap=18.5 (face=8.9mm) n=[332, 658, 456, 389, 181, 475, 367]  tape=2.488km B=10.57T unif=0.470% hoop=266MPa
  [ 187] viol   f=   2.056  a=38.3 b=164.8 gap=16.7 (face=5.4mm) n=[464, 680, 536, 124, 261, 445, 68]  tape=2.043km B=9.92T unif=0.160% hoop=280MPa
  [ 188] OK     f=   2.626  a=38.0 b=190.9 gap=16.7 (face=5.4mm) n=[493, 642, 659, 272, 321, 532, 56]  tape=2.626km B=11.68T unif=0.179% hoop=288MPa
  [ 189] viol   f=   2.773  a=36.6 b=177.3 gap=16.4 (face=4.7mm) n=[284, 588, 631, 162, 210, 339, 181]  tape=2.009km B=9.38T unif=0.267% hoop=240MPa
  [ 190] INFEAS f=4455.968  a=25.7 b=174.5 gap=17.4 (face=6.7mm) n=[246, 753, 553, 207, 295, 485, 205]  no evaluation (geometry pre-check)
  [ 191] OK     f=   2.800  a=38.5 b=183.8 gap=15.6 (face=3.3mm) n=[335, 708, 642, 336, 306, 709, 216]  tape=2.800km B=12.26T unif=0.397% hoop=317MPa
  [ 192] INFEAS f=4083.314  a=27.1 b=182.9 gap=17.3 (face=6.5mm) n=[445, 753, 783, 267, 87, 396, 247]  no evaluation (geometry pre-check)
  [ 193] OK     f=   2.551  a=39.5 b=164.5 gap=19.1 (face=10.3mm) n=[521, 826, 391, 359, 381, 567, 88]  tape=2.551km B=10.68T unif=0.285% hoop=353MPa
  [ 194] INFEAS f=4950.740  a=21.1 b=179.5 gap=15.5 (face=3.1mm) n=[484, 642, 571, 211, 63, 488, 438]  no evaluation (geometry pre-check)
  [ 195] viol   f=  20.055  a=25.1 b=164.7 gap=17.9 (face=7.7mm) n=[379, 583, 543, 269, 106, 471, 342]  tape=2.015km B=12.40T unif=1.300% hoop=188MPa
  [ 196] INFEAS f=2474.453  a=28.5 b=183.5 gap=17.1 (face=6.2mm) n=[518, 778, 673, 197, 86, 426, 247]  no evaluation (geometry pre-check)
  [ 197] INFEAS f=1572.309  a=27.0 b=161.4 gap=16.0 (face=4.0mm) n=[421, 700, 496, 134, 247, 464, 147]  no evaluation (geometry pre-check)
  [ 198] OK     f=   2.561  a=32.3 b=188.4 gap=15.5 (face=3.0mm) n=[346, 619, 613, 254, 362, 477, 297]  tape=2.561km B=12.69T unif=0.189% hoop=264MPa
  [ 199] viol   f=   2.978  a=36.5 b=180.1 gap=17.5 (face=7.0mm) n=[408, 649, 372, 191, 291, 516, 78]  tape=2.132km B=9.35T unif=0.070% hoop=264MPa
  [ 200] viol   f=   4.831  a=35.7 b=183.1 gap=18.5 (face=9.1mm) n=[313, 711, 478, 295, 140, 358, 121]  tape=2.117km B=8.83T unif=0.614% hoop=249MPa
  [ 201] OK     f=   2.718  a=36.1 b=177.6 gap=17.1 (face=6.2mm) n=[248, 862, 618, 296, 435, 591, 112]  tape=2.718km B=11.59T unif=0.839% hoop=299MPa
  [ 202] OK     f=   2.471  a=34.4 b=165.7 gap=16.4 (face=4.8mm) n=[518, 728, 439, 453, 332, 588, 77]  tape=2.471km B=12.47T unif=0.612% hoop=302MPa
  [ 203] viol   f=   2.350  a=36.2 b=173.3 gap=19.4 (face=10.8mm) n=[390, 656, 550, 297, 254, 342, 93]  tape=2.128km B=9.67T unif=0.196% hoop=253MPa
  [ 204] OK     f=   2.614  a=39.2 b=181.1 gap=18.2 (face=8.4mm) n=[333, 790, 427, 268, 410, 679, 90]  tape=2.614km B=10.22T unif=0.393% hoop=310MPa
  [ 205] OK     f=   2.534  a=34.7 b=179.2 gap=19.6 (face=11.3mm) n=[599, 662, 420, 207, 401, 695, 65]  tape=2.534km B=11.65T unif=0.133% hoop=256MPa
  [ 206] viol   f=  31.025  a=34.8 b=174.0 gap=17.4 (face=6.8mm) n=[607, 821, 345, 246, 418, 645, 109]  tape=2.662km B=12.13T unif=1.377% hoop=292MPa
  [ 207] OK     f=   2.791  a=40.3 b=172.1 gap=18.4 (face=8.9mm) n=[500, 766, 515, 391, 444, 443, 266]  tape=2.791km B=11.50T unif=0.100% hoop=391MPa
  [ 208] viol   f=   2.638  a=41.3 b=167.5 gap=16.5 (face=5.0mm) n=[233, 731, 383, 299, 288, 713, 131]  tape=2.264km B=9.57T unif=0.165% hoop=333MPa
  [ 209] viol   f=   2.294  a=39.1 b=165.1 gap=17.4 (face=6.8mm) n=[243, 711, 603, 285, 422, 291, 59]  tape=2.096km B=9.69T unif=0.127% hoop=267MPa
  [ 210] OK     f=   2.871  a=41.1 b=180.8 gap=16.5 (face=5.1mm) n=[547, 739, 505, 416, 458, 292, 339]  tape=2.871km B=11.74T unif=0.165% hoop=363MPa
  [ 211] viol   f=   3.734  a=41.2 b=172.5 gap=21.8 (face=15.6mm) n=[356, 708, 533, 290, 404, 366, 158]  tape=2.367km B=9.17T unif=0.218% hoop=296MPa
  [ 212] OK     f=   1.943  a=25.5 b=159.8 gap=17.0 (face=6.1mm) n=[435, 550, 343, 285, 326, 326, 384]  tape=1.943km B=12.12T unif=0.436% hoop=203MPa
  [ 213] INFEAS f=1419.175  a=28.7 b=171.6 gap=19.1 (face=10.2mm) n=[598, 736, 535, 417, 370, 500, 188]  no evaluation (geometry pre-check)
  [ 214] OK     f=   2.265  a=37.8 b=166.6 gap=16.1 (face=4.2mm) n=[297, 803, 644, 299, 393, 276, 60]  tape=2.265km B=10.45T unif=0.897% hoop=293MPa
  [ 215] INFEAS f=1579.687  a=32.6 b=177.8 gap=18.0 (face=7.9mm) n=[213, 851, 537, 287, 340, 282, 132]  no evaluation (geometry pre-check)
  [ 216] OK     f=   2.899  a=43.2 b=167.3 gap=19.7 (face=11.5mm) n=[324, 844, 619, 348, 484, 507, 344]  tape=2.899km B=11.04T unif=0.230% hoop=363MPa
  [ 217] OK     f=   2.309  a=38.4 b=173.7 gap=18.4 (face=8.9mm) n=[438, 643, 650, 355, 233, 422, 78]  tape=2.309km B=10.72T unif=0.157% hoop=275MPa
  [ 218] viol   f=   2.395  a=40.0 b=144.7 gap=21.2 (face=14.5mm) n=[454, 531, 501, 182, 402, 305, 264]  tape=1.840km B=9.47T unif=0.255% hoop=248MPa
  [ 219] viol   f= 236.475  a=35.7 b=171.4 gap=17.2 (face=6.3mm) n=[340, 813, 541, 290, 187, 262, 50]  tape=2.084km B=9.36T unif=2.081% hoop=269MPa
  [ 220] OK     f=   2.250  a=34.9 b=175.5 gap=18.4 (face=8.8mm) n=[265, 622, 591, 362, 394, 382, 126]  tape=2.250km B=10.77T unif=0.314% hoop=256MPa
  [ 221] viol   f=   6.472  a=36.8 b=165.3 gap=17.9 (face=7.9mm) n=[271, 547, 410, 98, 207, 456, 300]  tape=1.791km B=8.47T unif=0.325% hoop=226MPa
  [ 222] viol   f=   4.160  a=36.1 b=148.6 gap=21.3 (face=14.7mm) n=[420, 549, 312, 347, 305, 300, 199]  tape=1.744km B=8.90T unif=0.116% hoop=269MPa
  [ 223] viol   f=  10.710  a=41.4 b=159.7 gap=17.6 (face=7.3mm) n=[331, 666, 346, 252, 172, 301, 236]  tape=1.836km B=7.89T unif=0.216% hoop=292MPa
  [ 224] OK     f=   2.409  a=32.9 b=159.4 gap=20.8 (face=13.6mm) n=[347, 739, 557, 314, 390, 431, 345]  tape=2.409km B=11.22T unif=0.429% hoop=273MPa
  [ 225] viol   f=   2.590  a=42.3 b=162.9 gap=18.6 (face=9.1mm) n=[220, 837, 637, 319, 378, 390, 103]  tape=2.358km B=9.66T unif=0.191% hoop=380MPa
  [ 226] viol   f=   4.924  a=37.7 b=172.2 gap=18.9 (face=9.8mm) n=[390, 689, 542, 171, 333, 142, 123]  tape=1.981km B=8.79T unif=0.337% hoop=247MPa
  [ 227] OK     f=   1.858  a=35.8 b=147.7 gap=17.3 (face=6.7mm) n=[536, 554, 199, 374, 292, 453, 234]  tape=1.858km B=10.73T unif=0.351% hoop=248MPa
  [ 228] OK     f=   1.980  a=30.9 b=153.1 gap=19.8 (face=11.6mm) n=[335, 608, 643, 153, 333, 402, 253]  tape=1.980km B=10.97T unif=0.240% hoop=219MPa
  [ 229] OK     f=   1.982  a=26.7 b=158.4 gap=16.6 (face=5.2mm) n=[498, 562, 332, 299, 389, 188, 458]  tape=1.982km B=12.67T unif=0.054% hoop=216MPa
  [ 230] OK     f=   1.852  a=30.1 b=160.1 gap=17.4 (face=6.8mm) n=[450, 564, 547, 222, 150, 342, 220]  tape=1.852km B=11.23T unif=0.286% hoop=203MPa
  [ 231] OK     f=   2.159  a=35.5 b=157.8 gap=18.7 (face=9.4mm) n=[433, 561, 264, 295, 405, 500, 456]  tape=2.159km B=10.79T unif=0.039% hoop=273MPa
  [ 232] INFEAS f=5706.581  a=24.4 b=159.5 gap=17.6 (face=7.1mm) n=[440, 706, 743, 316, 158, 213, 206]  no evaluation (geometry pre-check)
  [ 233] OK     f=   2.080  a=36.5 b=139.4 gap=18.1 (face=8.2mm) n=[526, 655, 385, 308, 284, 428, 448]  tape=2.080km B=11.50T unif=0.243% hoop=306MPa
  [ 234] viol   f=   2.162  a=34.6 b=173.0 gap=17.0 (face=6.0mm) n=[509, 464, 366, 236, 226, 617, 168]  tape=2.105km B=9.83T unif=0.307% hoop=252MPa
  [ 235] OK     f=   2.202  a=32.8 b=166.3 gap=17.9 (face=7.8mm) n=[552, 606, 563, 240, 250, 489, 161]  tape=2.202km B=12.47T unif=0.253% hoop=237MPa
  [ 236] viol   f=   4.162  a=26.9 b=153.6 gap=17.4 (face=6.8mm) n=[275, 348, 626, 271, 173, 142, 405]  tape=1.638km B=8.88T unif=0.908% hoop=207MPa
  [ 237] OK     f=   2.119  a=35.8 b=152.8 gap=19.4 (face=10.8mm) n=[543, 596, 460, 224, 184, 406, 520]  tape=2.119km B=11.35T unif=0.247% hoop=239MPa
  [ 238] INFEAS f=1620.354  a=30.4 b=143.7 gap=16.9 (face=5.8mm) n=[538, 795, 572, 197, 274, 377, 131]  no evaluation (geometry pre-check)
  [ 239] viol   f=  90.542  a=28.0 b=153.4 gap=18.6 (face=9.2mm) n=[453, 648, 633, 388, 403, 303, 147]  tape=2.128km B=13.30T unif=1.665% hoop=224MPa
  [ 240] INFEAS f=1328.561  a=25.3 b=169.8 gap=18.5 (face=8.9mm) n=[598, 641, 302, 362, 182, 372, 326]  no evaluation (geometry pre-check)
  [ 241] OK     f=   2.441  a=37.4 b=176.9 gap=18.3 (face=8.6mm) n=[437, 743, 421, 223, 198, 527, 309]  tape=2.441km B=10.05T unif=0.292% hoop=294MPa
  [ 242] OK     f=   2.532  a=45.9 b=156.1 gap=16.9 (face=5.8mm) n=[441, 805, 385, 275, 393, 550, 324]  tape=2.532km B=10.20T unif=0.206% hoop=390MPa
  [ 243] OK     f=   2.052  a=30.2 b=138.7 gap=26.0 (face=23.9mm) n=[692, 608, 310, 253, 277, 445, 473]  tape=2.052km B=10.77T unif=0.844% hoop=219MPa
  [ 244] INFEAS f=1252.931  a=25.4 b=147.3 gap=17.9 (face=7.8mm) n=[524, 502, 358, 215, 159, 389, 638]  no evaluation (geometry pre-check)
  [ 245] viol   f=   2.139  a=36.6 b=154.4 gap=17.6 (face=7.2mm) n=[506, 685, 346, 117, 310, 483, 55]  tape=1.878km B=9.64T unif=0.107% hoop=251MPa
  [ 246] OK     f=   1.650  a=29.0 b=148.2 gap=15.8 (face=3.7mm) n=[409, 548, 486, 266, 66, 143, 484]  tape=1.650km B=10.99T unif=0.361% hoop=203MPa
  [ 247] OK     f=   2.098  a=41.7 b=136.3 gap=16.1 (face=4.1mm) n=[469, 646, 489, 346, 335, 308, 481]  tape=2.098km B=11.19T unif=0.375% hoop=360MPa
  [ 248] viol   f=  94.221  a=29.2 b=133.8 gap=19.0 (face=9.9mm) n=[258, 687, 402, 325, 61, 463, 589]  tape=1.804km B=10.74T unif=1.680% hoop=223MPa
  [ 249] viol   f=   2.336  a=42.0 b=154.3 gap=18.5 (face=9.1mm) n=[551, 559, 426, 118, 144, 741, 496]  tape=2.311km B=9.89T unif=0.214% hoop=309MPa
  [ 250] INFEAS f=8069.598  a=27.4 b=152.5 gap=23.0 (face=18.1mm) n=[428, 863, 405, 231, 240, 369, 321]  no evaluation (geometry pre-check)
  [ 251] INFEAS f=11644.646  a=18.1 b=154.8 gap=17.3 (face=6.7mm) n=[511, 664, 477, 310, 335, 311, 386]  no evaluation (geometry pre-check)
  [ 252] OK     f=   1.866  a=36.1 b=130.6 gap=19.2 (face=10.4mm) n=[470, 565, 416, 113, 412, 196, 692]  tape=1.866km B=10.03T unif=0.275% hoop=263MPa
  [ 253] OK     f=   2.228  a=26.0 b=147.2 gap=22.5 (face=16.9mm) n=[512, 601, 336, 416, 611, 301, 525]  tape=2.228km B=12.50T unif=0.757% hoop=200MPa
  [ 254] OK     f=   2.462  a=38.2 b=165.2 gap=16.5 (face=5.0mm) n=[478, 774, 571, 599, 241, 179, 222]  tape=2.462km B=11.63T unif=0.366% hoop=326MPa
  [ 255] INFEAS f=13074.823  a=22.2 b=140.4 gap=19.1 (face=10.2mm) n=[447, 615, 335, 126, 110, 126, 791]  no evaluation (geometry pre-check)
  [ 256] INFEAS f=5588.056  a=22.0 b=144.0 gap=16.7 (face=5.3mm) n=[488, 677, 282, 286, 467, 320, 564]  no evaluation (geometry pre-check)
  [ 257] viol   f=   2.405  a=26.0 b=154.3 gap=19.5 (face=11.0mm) n=[562, 562, 433, 329, 325, 435, 572]  tape=2.246km B=14.48T unif=1.028% hoop=221MPa
  [ 258] OK     f=   2.250  a=36.9 b=140.8 gap=19.4 (face=10.8mm) n=[645, 637, 329, 378, 173, 701, 420]  tape=2.250km B=12.26T unif=0.216% hoop=304MPa
  [ 259] INFEAS f=1125.863  a=25.9 b=139.3 gap=21.9 (face=15.7mm) n=[289, 433, 470, 393, 268, 101, 639]  no evaluation (geometry pre-check)
  [ 260] OK     f=   1.821  a=40.4 b=127.4 gap=17.0 (face=5.9mm) n=[578, 529, 399, 284, 281, 295, 510]  tape=1.821km B=10.92T unif=0.476% hoop=337MPa
  [ 261] INFEAS f=6695.959  a=22.8 b=133.0 gap=15.7 (face=3.4mm) n=[488, 311, 301, 277, 336, 540, 718]  no evaluation (geometry pre-check)
  [ 262] OK     f=   1.820  a=46.2 b=112.4 gap=21.3 (face=14.7mm) n=[439, 539, 393, 367, 601, 209, 573]  tape=1.820km B=10.21T unif=0.488% hoop=340MPa
  [ 263] OK     f=   2.189  a=38.8 b=153.7 gap=16.5 (face=5.0mm) n=[380, 643, 635, 412, 473, 236, 180]  tape=2.189km B=11.53T unif=0.257% hoop=297MPa
  [ 264] viol   f=   2.359  a=50.5 b=141.9 gap=22.2 (face=16.4mm) n=[711, 745, 327, 249, 140, 434, 582]  tape=2.319km B=9.86T unif=0.351% hoop=321MPa
  [ 265] OK     f=   2.145  a=44.8 b=146.5 gap=18.5 (face=9.0mm) n=[594, 504, 374, 172, 347, 487, 508]  tape=2.145km B=10.09T unif=0.342% hoop=315MPa
  [ 266] OK     f=   1.745  a=36.0 b=121.9 gap=21.4 (face=14.8mm) n=[697, 593, 418, 89, 338, 366, 316]  tape=1.745km B=10.78T unif=0.286% hoop=264MPa
  [ 267] viol   f=   2.101  a=48.5 b=136.7 gap=16.5 (face=5.1mm) n=[536, 612, 428, 234, 305, 391, 442]  tape=2.048km B=9.84T unif=0.452% hoop=359MPa
  [ 268] viol   f=   1.823  a=35.6 b=130.3 gap=16.8 (face=5.7mm) n=[430, 576, 116, 222, 316, 302, 581]  tape=1.619km B=9.68T unif=0.197% hoop=253MPa
  [ 269] viol   f=   8.059  a=41.4 b=114.2 gap=23.9 (face=19.7mm) n=[663, 479, 135, 162, 384, 281, 303]  tape=1.460km B=8.18T unif=0.372% hoop=265MPa
  [ 270] viol   f=   1.976  a=39.5 b=137.8 gap=18.7 (face=9.3mm) n=[465, 498, 429, 210, 469, 63, 355]  tape=1.643km B=9.59T unif=0.380% hoop=244MPa
  [ 271] INFEAS f=32437.329  a=19.6 b=103.7 gap=20.4 (face=12.7mm) n=[567, 440, 469, 148, 654, 173, 892]  no evaluation (geometry pre-check)
  [ 272] viol   f=   5.825  a=47.1 b=116.3 gap=25.2 (face=22.4mm) n=[636, 503, 370, 91, 509, 287, 309]  tape=1.663km B=8.56T unif=0.433% hoop=277MPa
  [ 273] OK     f=   2.103  a=49.5 b=119.1 gap=17.4 (face=6.7mm) n=[753, 804, 309, 291, 400, 367, 318]  tape=2.103km B=10.65T unif=0.598% hoop=400MPa
  [ 274] INFEAS f=3290.561  a=25.0 b=133.6 gap=16.1 (face=4.1mm) n=[283, 707, 554, 145, 328, 147, 569]  no evaluation (geometry pre-check)
  [ 275] viol   f=   3.676  a=45.1 b=132.9 gap=16.6 (face=5.1mm) n=[455, 542, 374, 102, 338, 457, 291]  tape=1.702km B=9.01T unif=0.450% hoop=311MPa
  [ 276] viol   f=   4.092  a=49.6 b=115.1 gap=17.3 (face=6.7mm) n=[392, 597, 378, 133, 449, 190, 701]  tape=1.769km B=8.92T unif=0.545% hoop=350MPa
  [ 277] viol   f=   7.117  a=46.2 b=116.8 gap=20.4 (face=12.7mm) n=[452, 595, 435, 77, 407, 60, 412]  tape=1.481km B=8.32T unif=0.524% hoop=278MPa
  [ 278] viol   f=   7.693  a=47.7 b=108.0 gap=22.5 (face=17.1mm) n=[473, 494, 435, 53, 158, 353, 506]  tape=1.381km B=8.22T unif=0.611% hoop=267MPa
  [ 279] INFEAS f=1899.189  a=26.4 b=123.5 gap=18.1 (face=8.3mm) n=[701, 655, 372, 234, 256, 148, 646]  no evaluation (geometry pre-check)
  [ 280] OK     f=   1.811  a=29.2 b=136.0 gap=17.8 (face=7.7mm) n=[563, 445, 92, 239, 488, 432, 585]  tape=1.811km B=11.63T unif=0.404% hoop=194MPa  [a=92 b=168 nt=1715] KSP converged reason: 4, iterations: 1
  [a=88 b=153 nt=3507] KSP converged reason: 4, iterations: 1
  [a=62 b=161 nt=3016] KSP converged reason: 4, iterations: 1
  [a=71 b=185 nt=4365] KSP converged reason: 4, iterations: 1
  [a=35 b=172 nt=3818] KSP converged reason: 4, iterations: 1
  [a=47 b=165 nt=3411] KSP converged reason: 4, iterations: 1
  [a=41 b=181 nt=2992] KSP converged reason: 4, iterations: 1
  [a=50 b=211 nt=2949] KSP converged reason: 4, iterations: 1
  [a=36 b=167 nt=4256] KSP converged reason: 4, iterations: 1
  [a=56 b=193 nt=2583] KSP converged reason: 4, iterations: 1
  [a=46 b=174 nt=3256] KSP converged reason: 4, iterations: 1
  [a=38 b=181 nt=3575] KSP converged reason: 4, iterations: 1
  [a=45 b=170 nt=4397] KSP converged reason: 4, iterations: 1
  [a=57 b=179 nt=3467] KSP converged reason: 4, iterations: 1
  [a=57 b=164 nt=2798] KSP converged reason: 4, iterations: 1
  [a=46 b=174 nt=4069] KSP converged reason: 4, iterations: 1
  [a=50 b=189 nt=3518] KSP converged reason: 4, iterations: 1
  [a=39 b=195 nt=3055] KSP converged reason: 4, iterations: 1
  [a=51 b=203 nt=2712] KSP converged reason: 4, iterations: 1
  [a=37 b=184 nt=3086] KSP converged reason: 4, iterations: 1
  [a=40 b=179 nt=3369] KSP converged reason: 4, iterations: 1
  [a=44 b=188 nt=3315] KSP converged reason: 4, iterations: 1
  [a=32 b=170 nt=2539] KSP converged reason: 4, iterations: 1
  [a=28 b=184 nt=1963] KSP converged reason: 4, iterations: 1
  [a=38 b=165 nt=2578] KSP converged reason: 4, iterations: 1
  [a=38 b=184 nt=3252] KSP converged reason: 4, iterations: 1
  [a=39 b=181 nt=2997] KSP converged reason: 4, iterations: 1
  [a=41 b=167 nt=2778] KSP converged reason: 4, iterations: 1
  [a=38 b=167 nt=2772] KSP converged reason: 4, iterations: 1
  [a=36 b=171 nt=2483] KSP converged reason: 4, iterations: 1
  [a=42 b=163 nt=2884] KSP converged reason: 4, iterations: 1
  [a=36 b=148 nt=2642] KSP converged reason: 4, iterations: 1
  [a=33 b=166 nt=2861] KSP converged reason: 4, iterations: 1
  [a=30 b=139 nt=3058] KSP converged reason: 4, iterations: 1
  [a=36 b=131 nt=2864] KSP converged reason: 4, iterations: 1
  [a=51 b=142 nt=3188] KSP converged reason: 4, iterations: 1
  [a=41 b=114 nt=2407] KSP converged reason: 4, iterations: 1
  [a=48 b=108 nt=2472] KSP converged reason: 4, iterations: 1
  [a=35 b=123 nt=2932] KSP converged reason: 4, iterations: 1
  [a=47 b=138 nt=2644] KSP converged reason: 4, iterations: 1
  [a=34 b=133 nt=2485] KSP converged reason: 4, iterations: 1
  [a=33 b=102 nt=2814] KSP converged reason: 4, iterations: 1
  [a=43 b=115 nt=2981] KSP converged reason: 4, iterations: 1
  [a=56 b=157 nt=3183] KSP converged reason: 4, iterations: 1
  [a=73 b=174 nt=3506] KSP converged reason: 4, iterations: 1
  [a=39 b=183 nt=3311] KSP converged reason: 4, iterations: 1
  [a=73 b=168 nt=2934] KSP converged reason: 4, iterations: 1
  [a=76 b=182 nt=4872] KSP converged reason: 4, iterations: 1
  [a=65 b=173 nt=3458] KSP converged reason: 4, iterations: 1
  [a=67 b=168 nt=3235] KSP converged reason: 4, iterations: 1
  [a=62 b=202 nt=2554] KSP converged reason: 4, iterations: 1
  [a=47 b=203 nt=3649] KSP converged reason: 4, iterations: 1
  [a=50 b=173 nt=2581] KSP converged reason: 4, iterations: 1
  [a=48 b=178 nt=4303] KSP converged reason: 4, iterations: 1
  [a=41 b=172 nt=2524] KSP converged reason: 4, iterations: 1
  [a=38 b=185 nt=3877] KSP converged reason: 4, iterations: 1
  [a=39 b=164 nt=3305] KSP converged reason: 4, iterations: 1
  [a=63 b=184 nt=2860] KSP converged reason: 4, iterations: 1
  [a=45 b=183 nt=2388] KSP converged reason: 4, iterations: 1
  [a=56 b=176 nt=4020] KSP converged reason: 4, iterations: 1
  [a=62 b=200 nt=3362] KSP converged reason: 4, iterations: 1
  [a=55 b=182 nt=3704] KSP converged reason: 4, iterations: 1
  [a=49 b=184 nt=2999] KSP converged reason: 4, iterations: 1
  [a=40 b=197 nt=3115] KSP converged reason: 4, iterations: 1
  [a=34 b=198 nt=2668] KSP converged reason: 4, iterations: 1
  [a=30 b=196 nt=2650] KSP converged reason: 4, iterations: 1
  [a=35 b=190 nt=2640] KSP converged reason: 4, iterations: 1
  [a=33 b=165 nt=2504] KSP converged reason: 4, iterations: 1
  [a=36 b=184 nt=2888] KSP converged reason: 4, iterations: 1
  [a=34 b=186 nt=2858] KSP converged reason: 4, iterations: 1
  [a=36 b=183 nt=2416] KSP converged reason: 4, iterations: 1
  [a=36 b=178 nt=3162] KSP converged reason: 4, iterations: 1
  [a=40 b=172 nt=3325] KSP converged reason: 4, iterations: 1
  [a=38 b=174 nt=2819] KSP converged reason: 4, iterations: 1
  [a=36 b=149 nt=2432] KSP converged reason: 4, iterations: 1
  [a=35 b=158 nt=2914] KSP converged reason: 4, iterations: 1
  [a=37 b=154 nt=2502] KSP converged reason: 4, iterations: 1
  [a=29 b=134 nt=2785] KSP converged reason: 4, iterations: 1
  [a=37 b=141 nt=3283] KSP converged reason: 4, iterations: 1
  [a=39 b=154 nt=2959] KSP converged reason: 4, iterations: 1
  [a=47 b=116 nt=2705] KSP converged reason: 4, iterations: 1
  [a=52 b=120 nt=3572] KSP converged reason: 4, iterations: 1
  [a=39 b=128 nt=2694] KSP converged reason: 4, iterations: 1
  [a=31 b=130 nt=2650] KSP converged reason: 4, iterations: 1
  [a=76 b=163 nt=2826] KSP converged reason: 4, iterations: 1
  [a=42 b=140 nt=3319] KSP converged reason: 4, iterations: 1
  [a=65 b=165 nt=3623] KSP converged reason: 4, iterations: 1
  [a=72 b=163 nt=2693] KSP converged reason: 4, iterations: 1
  [a=54 b=168 nt=3450] KSP converged reason: 4, iterations: 1
  [a=40 b=207 nt=3693] KSP converged reason: 4, iterations: 1
  [a=45 b=201 nt=3370] KSP converged reason: 4, iterations: 1
  [a=41 b=189 nt=3889] KSP converged reason: 4, iterations: 1
  [a=59 b=208 nt=3204] KSP converged reason: 4, iterations: 1
  [a=52 b=166 nt=3137] KSP converged reason: 4, iterations: 1
  [a=57 b=171 nt=3281] KSP converged reason: 4, iterations: 1
  [a=62 b=163 nt=2867] KSP converged reason: 4, iterations: 1
  [a=40 b=182 nt=2956] KSP converged reason: 4, iterations: 1
  [a=42 b=170 nt=3286] KSP converged reason: 4, iterations: 1
  [a=46 b=188 nt=3995] KSP converged reason: 4, iterations: 1
  [a=47 b=180 nt=4358] KSP converged reason: 4, iterations: 1
  [a=45 b=211 nt=3025] KSP converged reason: 4, iterations: 1
  [a=48 b=173 nt=4005] KSP converged reason: 4, iterations: 1
  [a=40 b=180 nt=3127] KSP converged reason: 4, iterations: 1
  [a=35 b=206 nt=2810] KSP converged reason: 4, iterations: 1
  [a=32 b=200 nt=2441] KSP converged reason: 4, iterations: 1
  [a=53 b=163 nt=3109] KSP converged reason: 4, iterations: 1
  [a=37 b=183 nt=2569] KSP converged reason: 4, iterations: 1
  [a=34 b=187 nt=2773] KSP converged reason: 4, iterations: 1
  [a=30 b=174 nt=2808] KSP converged reason: 4, iterations: 1
  [a=25 b=165 nt=2693] KSP converged reason: 4, iterations: 1
  [a=35 b=179 nt=3049] KSP converged reason: 4, iterations: 1
  [a=26 b=160 nt=2649] KSP converged reason: 4, iterations: 1
  [a=33 b=159 nt=3123] KSP converged reason: 4, iterations: 1
  [a=30 b=160 nt=2495] KSP converged reason: 4, iterations: 1
  [a=27 b=154 nt=2240] KSP converged reason: 4, iterations: 1
  [a=28 b=153 nt=2975] KSP converged reason: 4, iterations: 1
  [a=29 b=148 nt=2402] KSP converged reason: 4, iterations: 1
  [a=38 b=165 nt=3064] KSP converged reason: 4, iterations: 1
  [a=46 b=112 nt=3121] KSP converged reason: 4, iterations: 1
  [a=45 b=133 nt=2559] KSP converged reason: 4, iterations: 1
  [a=35 b=128 nt=2832] KSP converged reason: 4, iterations: 1
  [a=46 b=130 nt=2998] KSP converged reason: 4, iterations: 1
  [a=35 b=123 nt=2356] KSP converged reason: 4, iterations: 1
  [a=35 b=115 nt=2726] KSP converged reason: 4, iterations: 1
  [a=38 b=107 nt=2543] KSP converged reason: 4, iterations: 1
  [a=28 b=179 nt=2432] KSP converged reason: 4, iterations: 1
  [a=58 b=177 nt=3316] KSP converged reason: 4, iterations: 1
  [a=74 b=148 nt=3499] KSP converged reason: 4, iterations: 1
  [a=54 b=169 nt=4303] KSP converged reason: 4, iterations: 1
  [a=37 b=162 nt=3362] KSP converged reason: 4, iterations: 1
  [a=54 b=172 nt=2750] KSP converged reason: 4, iterations: 1
  [a=45 b=189 nt=2662] KSP converged reason: 4, iterations: 1
  [a=52 b=150 nt=3463] KSP converged reason: 4, iterations: 1
  [a=67 b=159 nt=3338] KSP converged reason: 4, iterations: 1
  [a=32 b=190 nt=4029] KSP converged reason: 4, iterations: 1
  [a=42 b=165 nt=3053] KSP converged reason: 4, iterations: 1
  [a=59 b=184 nt=3591] KSP converged reason: 4, iterations: 1
  [a=68 b=188 nt=2848] KSP converged reason: 4, iterations: 1
  [a=54 b=194 nt=3807] KSP converged reason: 4, iterations: 1
  [a=40 b=193 nt=2403] KSP converged reason: 4, iterations: 1
  [a=33 b=182 nt=2524] KSP converged reason: 4, iterations: 1
  [a=57 b=186 nt=3881] KSP converged reason: 4, iterations: 1
  [a=41 b=181 nt=3105] KSP converged reason: 4, iterations: 1
  [a=40 b=184 nt=2986] KSP converged reason: 4, iterations: 1
  [a=49 b=177 nt=3907] KSP converged reason: 4, iterations: 1
  [a=56 b=188 nt=3581] KSP converged reason: 4, iterations: 1
  [a=31 b=195 nt=3010] KSP converged reason: 4, iterations: 1
  [a=34 b=189 nt=2949] KSP converged reason: 4, iterations: 1
  [a=40 b=207 nt=2955] KSP converged reason: 4, iterations: 1
  [a=33 b=189 nt=2933] KSP converged reason: 4, iterations: 1
  [a=34 b=169 nt=2566] KSP converged reason: 4, iterations: 1
  [a=37 b=191 nt=2478] KSP converged reason: 4, iterations: 1
  [a=37 b=177 nt=2395] KSP converged reason: 4, iterations: 1
  [a=37 b=180 nt=2505] KSP converged reason: 4, iterations: 1
  [a=36 b=173 nt=2582] KSP converged reason: 4, iterations: 1
  [a=41 b=181 nt=3296] KSP converged reason: 4, iterations: 1
  [a=43 b=167 nt=3470] KSP converged reason: 4, iterations: 1
  [a=35 b=176 nt=2742] KSP converged reason: 4, iterations: 1
  [a=38 b=172 nt=2390] KSP converged reason: 4, iterations: 1
  [a=27 b=158 nt=2726] KSP converged reason: 4, iterations: 1
  [a=36 b=153 nt=2933] KSP converged reason: 4, iterations: 1
  [a=42 b=136 nt=3074] KSP converged reason: 4, iterations: 1
  [a=26 b=147 nt=3302] KSP converged reason: 4, iterations: 1
  [a=49 b=137 nt=2948] KSP converged reason: 4, iterations: 1
  [a=40 b=138 nt=2489] KSP converged reason: 4, iterations: 1
  [a=46 b=117 nt=2438] KSP converged reason: 4, iterations: 1
  [a=38 b=117 nt=3626] KSP converged reason: 4, iterations: 1
  [a=42 b=131 nt=3136] KSP converged reason: 4, iterations: 1
  [a=28 b=115 nt=2571] KSP converged reason: 4, iterations: 1
  [a=30 b=112 nt=2008] KSP converged reason: 4, iterations: 1
  [a=33 b=136 nt=2421] KSP converged reason: 4, iterations: 1
  [a=36 b=160 nt=1611] KSP converged reason: 4, iterations: 1
  [a=70 b=146 nt=3724] KSP converged reason: 4, iterations: 1
  [a=29 b=183 nt=2855] KSP converged reason: 4, iterations: 1
  [a=54 b=172 nt=3653] KSP converged reason: 4, iterations: 1
  [a=64 b=165 nt=3086] KSP converged reason: 4, iterations: 1
  [a=41 b=203 nt=3155] KSP converged reason: 4, iterations: 1
  [a=47 b=190 nt=3553] KSP converged reason: 4, iterations: 1
  [a=85 b=221 nt=2724] KSP converged reason: 4, iterations: 1
  [a=64 b=175 nt=2873] KSP converged reason: 4, iterations: 1
  [a=47 b=179 nt=3038] KSP converged reason: 4, iterations: 1
  [a=42 b=189 nt=3676] KSP converged reason: 4, iterations: 1
  [a=40 b=200 nt=3954] KSP converged reason: 4, iterations: 1
  [a=40 b=144 nt=2712] KSP converged reason: 4, iterations: 1
  [a=44 b=156 nt=3715] KSP converged reason: 4, iterations: 1
  [a=40 b=189 nt=3201] KSP converged reason: 4, iterations: 1
  [a=56 b=170 nt=3209] KSP converged reason: 4, iterations: 1
  [a=53 b=186 nt=3962] KSP converged reason: 4, iterations: 1
  [a=38 b=217 nt=3163] KSP converged reason: 4, iterations: 1
  [a=53 b=175 nt=3137] KSP converged reason: 4, iterations: 1
  [a=45 b=175 nt=3272] KSP converged reason: 4, iterations: 1
  [a=33 b=173 nt=3150] KSP converged reason: 4, iterations: 1
  [a=27 b=187 nt=2618] KSP converged reason: 4, iterations: 1
  [a=32 b=172 nt=2376] KSP converged reason: 4, iterations: 1
  [a=24 b=180 nt=2294] KSP converged reason: 4, iterations: 1
  [a=32 b=183 nt=2523] KSP converged reason: 4, iterations: 1
  [a=38 b=191 nt=2975] KSP converged reason: 4, iterations: 1
  [a=32 b=188 nt=2968] KSP converged reason: 4, iterations: 1
  [a=35 b=174 nt=3191] KSP converged reason: 4, iterations: 1
  [a=39 b=165 nt=2614] KSP converged reason: 4, iterations: 1
  [a=40 b=145 nt=2639] KSP converged reason: 4, iterations: 1
  [a=41 b=160 nt=2304] KSP converged reason: 4, iterations: 1
  [a=31 b=153 nt=2727] KSP converged reason: 4, iterations: 1
  [a=36 b=139 nt=3034] KSP converged reason: 4, iterations: 1
  [a=37 b=177 nt=2858] KSP converged reason: 4, iterations: 1
  [a=42 b=154 nt=3035] KSP converged reason: 4, iterations: 1
  [a=40 b=127 nt=2876] KSP converged reason: 4, iterations: 1
  [a=45 b=146 nt=2986] KSP converged reason: 4, iterations: 1
  [a=49 b=119 nt=3242] KSP converged reason: 4, iterations: 1
  [a=38 b=147 nt=2518] KSP converged reason: 4, iterations: 1
  [a=40 b=119 nt=3031] KSP converged reason: 4, iterations: 1
  [a=31 b=152 nt=2182] KSP converged reason: 4, iterations: 1
  [a=45 b=120 nt=3179] KSP converged reason: 4, iterations: 1
  [a=38 b=142 nt=2276] KSP converged reason: 4, iterations: 1
  [a=67 b=150 nt=2848] KSP converged reason: 4, iterations: 1
  [a=41 b=120 nt=3106] KSP converged reason: 4, iterations: 1
  [a=73 b=153 nt=3018] KSP converged reason: 4, iterations: 1
  [a=57 b=174 nt=3732] KSP converged reason: 4, iterations: 1
  [a=72 b=167 nt=2771] KSP converged reason: 4, iterations: 1
  [a=55 b=167 nt=2918] KSP converged reason: 4, iterations: 1
  [a=54 b=156 nt=2659] KSP converged reason: 4, iterations: 1
  [a=52 b=143 nt=2124] KSP converged reason: 4, iterations: 1
  [a=47 b=176 nt=4740] KSP converged reason: 4, iterations: 1
  [a=55 b=192 nt=3610] KSP converged reason: 4, iterations: 1
  [a=58 b=174 nt=2848] KSP converged reason: 4, iterations: 1
  [a=58 b=176 nt=3516] KSP converged reason: 4, iterations: 1
  [a=54 b=186 nt=2796] KSP converged reason: 4, iterations: 1
  [a=48 b=197 nt=2820] KSP converged reason: 4, iterations: 1
  [a=64 b=190 nt=3469] KSP converged reason: 4, iterations: 1
  [a=38 b=210 nt=3916] KSP converged reason: 4, iterations: 1
  [a=38 b=189 nt=2721] KSP converged reason: 4, iterations: 1
  [a=49 b=179 nt=3622] KSP converged reason: 4, iterations: 1
  [a=39 b=192 nt=3245] KSP converged reason: 4, iterations: 1
  [a=45 b=170 nt=3545] KSP converged reason: 4, iterations: 1
  [a=30 b=182 nt=2568] KSP converged reason: 4, iterations: 1
  [a=30 b=192 nt=3155] KSP converged reason: 4, iterations: 1
  [a=42 b=186 nt=2747] KSP converged reason: 4, iterations: 1
  [a=27 b=175 nt=2040] KSP converged reason: 4, iterations: 1
  [a=36 b=182 nt=2443] KSP converged reason: 4, iterations: 1
  [a=36 b=166 nt=2264] KSP converged reason: 4, iterations: 1
  [a=40 b=165 nt=3133] KSP converged reason: 4, iterations: 1
  [a=34 b=166 nt=3135] KSP converged reason: 4, iterations: 1
  [a=41 b=173 nt=2815] KSP converged reason: 4, iterations: 1
  [a=37 b=165 nt=2289] KSP converged reason: 4, iterations: 1
  [a=35 b=173 nt=2586] KSP converged reason: 4, iterations: 1
  [a=46 b=156 nt=3173] KSP converged reason: 4, iterations: 1
  [a=26 b=154 nt=3218] KSP converged reason: 4, iterations: 1
  [a=36 b=122 nt=2817] KSP converged reason: 4, iterations: 1
  [a=36 b=130 nt=2543] KSP converged reason: 4, iterations: 1
  [a=50 b=115 nt=2840] KSP converged reason: 4, iterations: 1
  [a=29 b=136 nt=2844] KSP converged reason: 4, iterations: 1
  [a=30 b=124 nt=2143] KSP converged reason: 4, iterations: 1
  [a=38 b=134 nt=2513] KSP converged reason: 4, iterations: 1
  [a=39 b=123 nt=2866] KSP converged reason: 4, iterations: 1
  [a=42 b=120 nt=2685] KSP converged reason: 4, iterations: 1

  [ 281] OK     f=   2.271  a=52.3 b=120.2 gap=17.0 (face=6.0mm) n=[538, 682, 387, 406, 423, 570, 566]  tape=2.271km B=10.63T unif=0.569% hoop=400MPa
  [ 282] viol   f=  64.465  a=38.2 b=147.0 gap=19.4 (face=10.7mm) n=[898, 440, 79, 57, 238, 410, 396]  tape=1.905km B=9.10T unif=1.552% hoop=285MPa
  [ 283] OK     f=   2.173  a=37.6 b=117.3 gap=20.8 (face=13.5mm) n=[795, 379, 159, 281, 707, 486, 819]  tape=2.173km B=12.30T unif=0.448% hoop=280MPa
  [ 284] OK     f=   1.834  a=34.8 b=123.1 gap=16.6 (face=5.2mm) n=[588, 435, 210, 178, 453, 342, 726]  tape=1.834km B=10.54T unif=0.381% hoop=273MPa
  [ 285] OK     f=   1.802  a=34.7 b=127.8 gap=15.6 (face=3.1mm) n=[557, 565, 345, 187, 283, 217, 678]  tape=1.802km B=11.03T unif=0.408% hoop=269MPa
  [ 286] viol   f=   1.557  a=30.4 b=123.7 gap=18.7 (face=9.3mm) n=[533, 501, 90, 148, 370, 165, 336]  tape=1.280km B=9.63T unif=0.384% hoop=162MPa
  [ 287] OK     f=   1.822  a=39.8 b=119.0 gap=19.0 (face=10.0mm) n=[584, 643, 174, 235, 473, 374, 548]  tape=1.822km B=11.19T unif=0.406% hoop=258MPa
  [ 288] viol   f=   5.522  a=46.8 b=137.9 gap=17.1 (face=6.2mm) n=[188, 749, 246, 509, 544, 170, 238]  tape=1.902km B=8.65T unif=0.322% hoop=295MPa
  [ 289] OK     f=   2.015  a=46.4 b=130.1 gap=17.9 (face=7.7mm) n=[532, 696, 430, 65, 471, 453, 351]  tape=2.015km B=10.13T unif=0.423% hoop=346MPa
  [ 290] OK     f=   2.074  a=41.6 b=130.6 gap=19.8 (face=11.6mm) n=[560, 617, 294, 76, 743, 574, 272]  tape=2.074km B=10.59T unif=0.272% hoop=279MPa
  [ 291] INFEAS f=1322.672  a=30.2 b=132.5 gap=17.3 (face=6.5mm) n=[584, 771, 230, 413, 126, 206, 481]  no evaluation (geometry pre-check)
  [ 292] OK     f=   1.747  a=39.3 b=127.9 gap=16.4 (face=4.9mm) n=[650, 714, 63, 261, 326, 190, 490]  tape=1.747km B=10.60T unif=0.425% hoop=253MPa
  [ 293] viol   f=   2.244  a=34.4 b=133.2 gap=21.3 (face=14.6mm) n=[684, 510, 103, 229, 406, 246, 307]  tape=1.658km B=9.46T unif=0.467% hoop=215MPa
  [ 294] viol   f=   2.868  a=31.2 b=151.6 gap=16.3 (face=4.5mm) n=[231, 447, 324, 192, 457, 425, 106]  tape=1.526km B=9.18T unif=0.172% hoop=198MPa
  [ 295] viol   f= 403.303  a=28.1 b=115.3 gap=16.8 (face=5.6mm) n=[626, 535, 92, 174, 308, 294, 542]  tape=1.449km B=11.81T unif=2.417% hoop=200MPa
  [ 296] viol   f=  25.111  a=34.9 b=122.6 gap=33.2 (face=38.4mm) n=[480, 476, 58, 209, 617, 256, 260]  tape=1.446km B=6.56T unif=0.423% hoop=221MPa
  [ 297] viol   f=   1.671  a=37.9 b=133.8 gap=16.5 (face=5.0mm) n=[578, 469, 336, 187, 381, 52, 510]  tape=1.643km B=9.88T unif=0.445% hoop=255MPa
  [ 298] INFEAS f=1123.533  a=29.2 b=111.3 gap=17.2 (face=6.4mm) n=[728, 580, 70, 100, 310, 281, 284]  no evaluation (geometry pre-check)
  [ 299] OK     f=   1.526  a=33.2 b=101.7 gap=18.9 (face=9.8mm) n=[627, 440, 129, 284, 330, 242, 762]  tape=1.526km B=10.10T unif=0.512% hoop=262MPa
  [ 300] INFEAS f=12194.702  a=16.8 b=113.7 gap=17.9 (face=7.7mm) n=[637, 535, 96, 127, 397, 288, 457]  no evaluation (geometry pre-check)
  [ 301] OK     f=   1.623  a=31.1 b=130.5 gap=16.5 (face=5.1mm) n=[456, 485, 290, 304, 411, 233, 471]  tape=1.623km B=11.62T unif=0.255% hoop=233MPa
  [ 302] viol   f=   3.596  a=29.6 b=112.1 gap=16.7 (face=5.4mm) n=[580, 262, 269, 200, 127, 167, 403]  tape=1.140km B=8.89T unif=0.928% hoop=229MPa
  [ 303] viol   f=   2.185  a=34.6 b=114.6 gap=17.9 (face=7.8mm) n=[597, 396, 154, 278, 448, 78, 775]  tape=1.627km B=9.47T unif=0.372% hoop=247MPa
  [ 304] OK     f=   1.760  a=39.1 b=122.8 gap=16.2 (face=4.4mm) n=[561, 548, 326, 141, 348, 330, 612]  tape=1.760km B=10.85T unif=0.491% hoop=286MPa
  [ 305] OK     f=   1.969  a=44.7 b=119.5 gap=18.2 (face=8.3mm) n=[688, 764, 298, 273, 70, 316, 770]  tape=1.969km B=11.12T unif=0.472% hoop=310MPa
  [ 306] OK     f=   1.738  a=43.4 b=114.7 gap=16.7 (face=5.4mm) n=[603, 571, 276, 112, 459, 361, 599]  tape=1.738km B=11.02T unif=0.592% hoop=290MPa
  [ 307] viol   f=   5.025  a=32.6 b=135.9 gap=16.1 (face=4.2mm) n=[438, 480, 111, 239, 266, 204, 683]  tape=1.634km B=8.70T unif=0.292% hoop=251MPa
  [ 308] viol   f=   1.534  a=38.0 b=106.5 gap=19.3 (face=10.7mm) n=[695, 484, 329, 216, 352, 159, 308]  tape=1.458km B=9.80T unif=0.368% hoop=269MPa
  [ 309] viol   f=   3.420  a=37.7 b=142.0 gap=16.8 (face=5.6mm) n=[481, 464, 306, 230, 141, 286, 368]  tape=1.551km B=9.03T unif=0.399% hoop=240MPa
  [ 310] viol   f=   2.403  a=41.9 b=120.3 gap=16.8 (face=5.5mm) n=[648, 524, 253, 172, 203, 161, 724]  tape=1.682km B=9.40T unif=0.487% hoop=274MPa

==========================================================================================
CMA-ES finished: 310 evaluations in 12.3 min
==========================================================================================

Best feasible design found:
  a_mm             33.198459322170784
  b_mm             101.72815709297015
  gap_mm           18.920624317152928
  face_gap_mm      9.841248634305858
  n_turns          [627, 440, 129, 284, 330, 242, 762]
  n_total          2814
  tape_km          1.5261409889570337
  B_target_T       10.098138373144115
  uniformity_pct   0.5116182968053489
  hoop_MPa         262.25323637982007
  delam_MPa        13.30031057167099
  I_quench_A       405.6539906667996
  I_op_A           223.1320080675465
  binding          quench/SF
  clip_frac        0.1974900924702774

Full evaluation history -> optimize/cmaes_history.csv
Best design            -> optimize/cmaes_results.csv
Appended 310 rows to cumulative master log -> optimize/cmaes_all_evaluations.csv

Figures -> /home/gerrityjack/fenicsx/Racetrack-Coil-Optimization/visualization/cmaes_convergence.png, cmaes_constraints.png, cmaes_variables.png, cmaes_overview.png
Cumulative parameter-space map -> visualization/cmaes_param_map.png (3240 evaluations, 10 runs)
