Starting CMA-ES: 10 variables, budget 300 evaluations, target B >= 10.0 T, uniformity <= 1.0%, hoop <= 400 MPa, coil-coil face gap >= 3 mm

Parallel mode: 6 worker processes per generation.
  [   1] viol   f=  45.174  a=89.3 b=150.4 gap=38.2 (face=48.4mm) n=[101, 665, 507, 711, 507, 542, 87]  tape=2.618km B=5.39T unif=0.348% hoop=400MPa
  [   2] viol   f=  43.114  a=113.8 b=138.6 gap=38.2 (face=48.5mm) n=[521, 601, 548, 260, 857, 866, 661]  tape=3.704km B=5.56T unif=0.410% hoop=400MPa
  [   3] viol   f=  61.327  a=86.8 b=169.5 gap=32.8 (face=37.6mm) n=[495, 452, 340, 264, 162, 900, 217]  tape=2.722km B=4.59T unif=0.272% hoop=400MPa
  [   4] viol   f=  26.907  a=89.2 b=158.5 gap=33.7 (face=39.4mm) n=[591, 703, 501, 447, 770, 731, 280]  tape=3.510km B=6.58T unif=0.345% hoop=400MPa
  [   5] viol   f=  50.788  a=92.7 b=191.3 gap=40.1 (face=52.1mm) n=[126, 681, 545, 259, 402, 879, 421]  tape=3.462km B=5.14T unif=0.194% hoop=400MPa
  [   6] viol   f=  56.856  a=92.9 b=206.7 gap=34.0 (face=40.1mm) n=[63, 743, 664, 150, 100, 900, 178]  tape=3.059km B=4.81T unif=0.183% hoop=400MPa
  [   7] viol   f=  34.081  a=62.6 b=177.0 gap=42.6 (face=57.3mm) n=[344, 835, 363, 124, 509, 866, 89]  tape=2.836km B=6.05T unif=0.192% hoop=286MPa
  [   8] viol   f=  49.376  a=76.8 b=171.3 gap=40.6 (face=53.3mm) n=[135, 523, 253, 225, 519, 643, 446]  tape=2.474km B=5.16T unif=0.190% hoop=366MPa
  [   9] viol   f=  87.437  a=121.9 b=151.4 gap=43.9 (face=59.9mm) n=[70, 601, 432, 397, 384, 852, 204]  tape=2.806km B=3.49T unif=0.327% hoop=400MPa
  [  10] viol   f=  22.767  a=59.9 b=146.1 gap=26.5 (face=25.0mm) n=[412, 676, 74, 63, 802, 508, 138]  tape=2.066km B=6.78T unif=0.301% hoop=288MPa
  [  11] viol   f=   5.762  a=47.1 b=186.1 gap=37.0 (face=46.0mm) n=[792, 816, 111, 571, 706, 679, 124]  tape=3.353km B=8.90T unif=0.253% hoop=259MPa
  [  12] viol   f=  23.334  a=53.7 b=135.5 gap=29.2 (face=30.4mm) n=[266, 783, 113, 261, 289, 692, 310]  tape=1.969km B=6.73T unif=0.300% hoop=290MPa
  [  13] viol   f=  13.293  a=56.0 b=145.5 gap=42.6 (face=57.2mm) n=[559, 809, 333, 195, 818, 612, 411]  tape=2.825km B=7.71T unif=0.255% hoop=292MPa
  [  14] viol   f=  28.343  a=75.3 b=171.6 gap=25.5 (face=23.0mm) n=[542, 776, 251, 229, 600, 462, 74]  tape=2.680km B=6.42T unif=0.296% hoop=400MPa
  [  15] viol   f=  14.714  a=53.6 b=149.3 gap=34.1 (face=40.3mm) n=[452, 727, 396, 177, 478, 761, 196]  tape=2.449km B=7.52T unif=0.226% hoop=294MPa
  [  16] viol   f=  73.694  a=82.5 b=157.2 gap=43.3 (face=58.6mm) n=[59, 207, 350, 250, 512, 368, 493]  tape=1.894km B=4.01T unif=0.215% hoop=345MPa
  [  17] viol   f=  59.349  a=84.4 b=140.4 gap=37.3 (face=46.6mm) n=[50, 456, 154, 521, 358, 656, 167]  tape=1.889km B=4.64T unif=0.351% hoop=359MPa
  [  18] viol   f=  16.611  a=66.6 b=166.4 gap=20.8 (face=13.5mm) n=[483, 900, 174, 251, 697, 409, 216]  tape=2.790km B=7.37T unif=0.302% hoop=400MPa
  [  19] viol   f=  18.325  a=76.9 b=174.4 gap=35.9 (face=43.8mm) n=[768, 793, 448, 97, 703, 342, 428]  tape=3.270km B=7.26T unif=0.237% hoop=384MPa
  [  20] viol   f=  20.481  a=61.3 b=184.5 gap=36.1 (face=44.1mm) n=[316, 748, 146, 152, 838, 694, 514]  tape=3.158km B=7.06T unif=0.148% hoop=294MPa
  [  21] OK     f=   3.130  a=61.4 b=139.1 gap=29.7 (face=31.4mm) n=[642, 900, 771, 500, 780, 451, 154]  tape=3.130km B=10.33T unif=0.324% hoop=400MPa
  [  22] viol   f=   4.149  a=54.0 b=175.6 gap=34.3 (face=40.6mm) n=[678, 645, 672, 308, 882, 793, 206]  tape=3.647km B=9.50T unif=0.134% hoop=381MPa
  [  23] OK     f=   3.422  a=57.9 b=155.3 gap=20.7 (face=13.4mm) n=[804, 827, 159, 318, 882, 756, 586]  tape=3.422km B=12.13T unif=0.297% hoop=400MPa
  [  24] viol   f=  63.108  a=106.0 b=184.0 gap=42.2 (face=56.4mm) n=[585, 806, 384, 313, 655, 651, 450]  tape=3.948km B=4.56T unif=0.249% hoop=400MPa
  [  25] INFEAS f=37404.805  a=14.5 b=155.3 gap=30.3 (face=32.6mm) n=[455, 513, 699, 729, 408, 790, 151]  no evaluation (geometry pre-check)
  [  26] viol   f=  32.477  a=46.9 b=151.3 gap=43.0 (face=58.1mm) n=[310, 565, 438, 511, 827, 273, 63]  tape=2.325km B=6.12T unif=0.239% hoop=267MPa
  [  27] viol   f=   9.187  a=42.8 b=137.6 gap=42.7 (face=57.4mm) n=[524, 821, 439, 389, 894, 628, 208]  tape=2.755km B=8.21T unif=0.324% hoop=298MPa
  [  28] INFEAS f=3099.112  a=32.2 b=166.2 gap=38.1 (face=48.2mm) n=[392, 652, 119, 201, 689, 895, 102]  no evaluation (geometry pre-check)
  [  29] viol   f=  28.772  a=64.0 b=207.4 gap=36.4 (face=44.7mm) n=[426, 611, 683, 119, 898, 203, 191]  tape=3.265km B=6.43T unif=0.098% hoop=336MPa
  [  30] viol   f=  14.581  a=61.1 b=171.4 gap=41.2 (face=54.4mm) n=[898, 873, 332, 164, 523, 692, 125]  tape=3.157km B=7.61T unif=0.182% hoop=296MPa
  [  31] viol   f=   6.007  a=36.9 b=138.2 gap=38.1 (face=48.1mm) n=[486, 750, 883, 376, 895, 267, 150]  tape=2.613km B=8.70T unif=0.421% hoop=229MPa
  [  32] viol   f=  37.267  a=70.6 b=161.1 gap=34.7 (face=41.3mm) n=[869, 536, 213, 310, 456, 442, 114]  tape=2.593km B=5.84T unif=0.275% hoop=400MPa
  [  33] viol   f=  11.204  a=66.5 b=194.7 gap=33.7 (face=39.3mm) n=[585, 783, 615, 178, 879, 574, 218]  tape=3.768km B=8.07T unif=0.137% hoop=397MPa
  [  34] viol   f=   6.924  a=78.4 b=114.7 gap=40.9 (face=53.8mm) n=[604, 893, 466, 327, 895, 814, 105]  tape=2.786km B=8.56T unif=0.343% hoop=400MPa
  [  35] viol   f=   7.559  a=79.9 b=124.4 gap=24.7 (face=21.5mm) n=[784, 668, 583, 372, 859, 814, 233]  tape=3.101km B=8.51T unif=0.646% hoop=400MPa
  [  36] OK     f=   3.447  a=48.7 b=177.4 gap=15.5 (face=3.0mm) n=[880, 874, 394, 356, 411, 713, 322]  tape=3.447km B=12.79T unif=0.375% hoop=400MPa
  [  37] OK     f=   3.539  a=53.4 b=158.6 gap=26.0 (face=23.9mm) n=[681, 855, 867, 647, 573, 737, 121]  tape=3.539km B=12.50T unif=0.180% hoop=400MPa
  [  38] viol   f=   3.796  a=43.9 b=140.3 gap=36.2 (face=44.4mm) n=[362, 649, 899, 279, 894, 629, 338]  tape=2.889km B=9.33T unif=0.356% hoop=267MPa
  [  39] viol   f=   3.287  a=38.6 b=163.0 gap=28.5 (face=29.1mm) n=[468, 639, 629, 196, 776, 546, 90]  tape=2.622km B=9.42T unif=0.221% hoop=242MPa
  [  40] viol   f=   5.215  a=43.7 b=180.0 gap=38.4 (face=48.9mm) n=[766, 846, 526, 478, 809, 275, 197]  tape=3.365km B=9.04T unif=0.305% hoop=277MPa
  [  41] INFEAS f=1055.490  a=31.4 b=149.8 gap=17.1 (face=6.2mm) n=[636, 775, 619, 433, 546, 100, 655]  no evaluation (geometry pre-check)
  [  42] viol   f=  37.206  a=68.1 b=154.5 gap=19.5 (face=10.9mm) n=[443, 441, 394, 436, 794, 451, 303]  tape=2.743km B=5.85T unif=0.350% hoop=400MPa
  [  43] viol   f=   3.666  a=58.9 b=146.6 gap=24.6 (face=21.2mm) n=[546, 409, 671, 524, 670, 374, 323]  tape=2.648km B=9.29T unif=0.335% hoop=400MPa
  [  44] INFEAS f=6964.104  a=28.7 b=182.1 gap=24.9 (face=21.9mm) n=[72, 865, 882, 145, 597, 194, 240]  no evaluation (geometry pre-check)
  [  45] viol   f=   9.384  a=84.7 b=158.9 gap=23.7 (face=19.5mm) n=[459, 860, 846, 646, 893, 484, 809]  tape=4.306km B=8.41T unif=0.388% hoop=400MPa
  [  46] INFEAS f=1207.339  a=34.7 b=157.5 gap=19.6 (face=11.2mm) n=[744, 529, 883, 70, 679, 599, 114]  no evaluation (geometry pre-check)
  [  47] INFEAS f=2661.175  a=27.5 b=162.8 gap=15.5 (face=3.1mm) n=[565, 721, 756, 55, 534, 391, 346]  no evaluation (geometry pre-check)
  [  48] INFEAS f=88088.649  a=4.1 b=194.9 gap=39.0 (face=49.9mm) n=[530, 776, 752, 125, 493, 586, 535]  no evaluation (geometry pre-check)
  [  49] viol   f=   5.335  a=62.2 b=154.5 gap=26.0 (face=23.9mm) n=[577, 529, 758, 634, 894, 325, 352]  tape=3.333km B=9.00T unif=0.282% hoop=400MPa
  [  50] viol   f=  32.736  a=67.8 b=162.2 gap=20.7 (face=13.4mm) n=[182, 648, 315, 342, 632, 128, 195]  tape=2.071km B=6.08T unif=0.335% hoop=400MPa
  [  51] viol   f=  14.097  a=52.6 b=170.6 gap=40.1 (face=52.1mm) n=[708, 586, 628, 559, 503, 65, 312]  tape=2.808km B=7.62T unif=0.185% hoop=304MPa
  [  52] viol   f=  29.285  a=60.2 b=189.2 gap=32.2 (face=36.4mm) n=[612, 328, 873, 180, 566, 164, 138]  tape=2.760km B=6.36T unif=0.121% hoop=282MPa
  [  53] INFEAS f=26883.220  a=20.8 b=160.1 gap=31.4 (face=34.9mm) n=[683, 773, 883, 784, 662, 77, 335]  no evaluation (geometry pre-check)
  [  54] viol   f=   3.593  a=57.0 b=178.4 gap=29.0 (face=30.0mm) n=[397, 859, 471, 723, 828, 176, 589]  tape=3.593km B=9.98T unif=0.138% hoop=376MPa
  [  55] viol   f=  11.186  a=70.4 b=170.6 gap=16.4 (face=4.8mm) n=[726, 231, 493, 798, 745, 120, 427]  tape=3.129km B=7.99T unif=0.324% hoop=400MPa
  [  56] viol   f=  28.135  a=86.1 b=161.4 gap=19.2 (face=10.4mm) n=[890, 526, 370, 76, 889, 130, 510]  tape=3.030km B=6.46T unif=0.414% hoop=400MPa
  [  57] viol   f=  15.241  a=65.3 b=171.2 gap=25.4 (face=22.8mm) n=[348, 561, 479, 556, 669, 467, 235]  tape=2.887km B=7.51T unif=0.249% hoop=400MPa
  [  58] INFEAS f=36232.209  a=16.2 b=129.2 gap=26.1 (face=24.2mm) n=[642, 575, 598, 127, 828, 587, 245]  no evaluation (geometry pre-check)
  [  59] viol   f=  30.898  a=86.0 b=168.6 gap=19.1 (face=10.3mm) n=[145, 869, 716, 626, 508, 234, 583]  tape=3.409km B=6.29T unif=0.368% hoop=400MPa
  [  60] viol   f=  31.109  a=54.4 b=151.1 gap=35.9 (face=43.8mm) n=[313, 774, 501, 264, 569, 57, 184]  tape=2.100km B=6.19T unif=0.273% hoop=262MPa
  [  61] viol   f=   8.795  a=52.6 b=165.0 gap=29.5 (face=30.9mm) n=[662, 416, 149, 310, 699, 477, 900]  tape=3.054km B=8.31T unif=0.163% hoop=321MPa
  [  62] viol   f=   6.469  a=62.0 b=155.9 gap=20.3 (face=12.6mm) n=[339, 774, 656, 662, 477, 106, 362]  tape=2.740km B=8.63T unif=0.352% hoop=400MPa
  [  63] viol   f=  20.121  a=59.6 b=202.0 gap=28.7 (face=29.4mm) n=[366, 643, 407, 561, 413, 215, 404]  tape=2.964km B=7.07T unif=0.164% hoop=356MPa
  [  64] viol   f=   9.368  a=72.7 b=168.4 gap=26.0 (face=24.0mm) n=[507, 692, 857, 560, 688, 265, 721]  tape=3.796km B=8.33T unif=0.278% hoop=400MPa
  [  65] viol   f=   8.685  a=41.8 b=170.0 gap=29.1 (face=30.3mm) n=[470, 213, 575, 819, 707, 200, 162]  tape=2.614km B=8.26T unif=0.198% hoop=238MPa
  [  66] viol   f=  21.181  a=51.2 b=225.9 gap=35.9 (face=43.8mm) n=[373, 462, 341, 832, 653, 403, 242]  tape=3.596km B=7.03T unif=0.141% hoop=321MPa
  [  67] viol   f=  33.858  a=86.5 b=198.3 gap=17.9 (face=7.8mm) n=[422, 531, 737, 343, 770, 218, 728]  tape=3.854km B=6.13T unif=0.243% hoop=400MPa
  [  68] viol   f=  23.152  a=45.8 b=129.3 gap=36.6 (face=45.2mm) n=[351, 626, 360, 528, 744, 68, 102]  tape=1.863km B=6.74T unif=0.323% hoop=230MPa
  [  69] viol   f=   3.069  a=53.0 b=182.3 gap=21.0 (face=13.9mm) n=[714, 550, 236, 727, 249, 306, 595]  tape=3.001km B=9.82T unif=0.225% hoop=358MPa
  [  70] viol   f=  16.538  a=74.8 b=187.4 gap=26.6 (face=25.1mm) n=[760, 677, 110, 722, 895, 294, 223]  tape=3.573km B=7.45T unif=0.221% hoop=400MPa
  [  71] viol   f=   3.901  a=56.6 b=196.0 gap=30.6 (face=33.2mm) n=[808, 426, 829, 736, 431, 134, 728]  tape=3.878km B=9.89T unif=0.149% hoop=342MPa
  [  72] OK     f=   2.863  a=55.9 b=148.0 gap=16.1 (face=4.2mm) n=[314, 885, 223, 854, 409, 285, 738]  tape=2.863km B=11.01T unif=0.383% hoop=398MPa
  [  73] INFEAS f=4040.748  a=29.4 b=183.0 gap=22.4 (face=16.8mm) n=[844, 208, 267, 462, 737, 476, 415]  no evaluation (geometry pre-check)
  [  74] INFEAS f=55621.076  a=12.9 b=140.6 gap=29.3 (face=30.7mm) n=[854, 394, 230, 544, 841, 502, 479]  no evaluation (geometry pre-check)
  [  75] OK     f=   3.404  a=45.7 b=194.4 gap=20.2 (face=12.4mm) n=[770, 419, 163, 744, 900, 139, 500]  tape=3.404km B=11.01T unif=0.107% hoop=333MPa
  [  76] viol   f=  32.493  a=73.3 b=163.7 gap=22.1 (face=16.2mm) n=[244, 412, 487, 419, 479, 320, 529]  tape=2.441km B=6.12T unif=0.323% hoop=400MPa
  [  77] INFEAS f=46609.868  a=16.5 b=183.2 gap=15.8 (face=3.5mm) n=[875, 297, 579, 900, 583, 374, 557]  no evaluation (geometry pre-check)
  [  78] OK     f=   3.772  a=57.5 b=143.0 gap=15.5 (face=3.0mm) n=[758, 700, 885, 496, 874, 654, 774]  tape=3.772km B=12.97T unif=0.394% hoop=400MPa
  [  79] OK     f=   3.692  a=51.2 b=211.6 gap=16.3 (face=4.5mm) n=[507, 790, 639, 714, 773, 122, 167]  tape=3.692km B=11.52T unif=0.215% hoop=400MPa
  [  80] viol   f=   3.457  a=41.0 b=190.4 gap=19.5 (face=10.9mm) n=[676, 197, 199, 593, 886, 109, 421]  tape=2.840km B=9.44T unif=0.089% hoop=313MPa
  [  81] INFEAS f=5140.622  a=30.6 b=172.3 gap=26.9 (face=25.9mm) n=[605, 219, 255, 690, 362, 265, 899]  no evaluation (geometry pre-check)
  [  82] viol   f=  18.499  a=51.5 b=208.1 gap=24.1 (face=20.2mm) n=[659, 265, 176, 580, 534, 144, 171]  tape=2.511km B=7.17T unif=0.168% hoop=262MPa
  [  83] viol   f=  13.083  a=57.4 b=191.4 gap=17.3 (face=6.7mm) n=[126, 543, 178, 491, 779, 262, 562]  tape=2.806km B=7.73T unif=0.178% hoop=374MPa
  [  84] INFEAS f=1299.975  a=34.9 b=188.0 gap=16.1 (face=4.2mm) n=[895, 809, 482, 770, 322, 83, 529]  no evaluation (geometry pre-check)
  [  85] OK     f=   4.352  a=56.3 b=198.8 gap=24.9 (face=21.9mm) n=[868, 862, 822, 794, 573, 131, 522]  tape=4.352km B=12.65T unif=0.162% hoop=400MPa
  [  86] viol   f=  15.847  a=60.8 b=176.3 gap=15.7 (face=3.3mm) n=[503, 878, 172, 214, 471, 106, 557]  tape=2.661km B=7.43T unif=0.306% hoop=400MPa
  [  87] viol   f=  53.958  a=96.3 b=193.2 gap=15.5 (face=3.0mm) n=[750, 427, 330, 343, 765, 162, 523]  tape=3.433km B=4.97T unif=0.291% hoop=400MPa
  [  88] INFEAS f=15809.286  a=21.5 b=136.7 gap=18.0 (face=8.0mm) n=[655, 281, 318, 800, 571, 67, 748]  no evaluation (geometry pre-check)
  [  89] viol   f=   8.898  a=53.3 b=226.4 gap=26.2 (face=24.4mm) n=[501, 552, 253, 680, 530, 151, 572]  tape=3.443km B=8.35T unif=0.083% hoop=335MPa
  [  90] viol   f=   4.103  a=68.5 b=190.4 gap=15.7 (face=3.3mm) n=[187, 842, 872, 866, 894, 437, 72]  tape=3.941km B=9.72T unif=0.270% hoop=400MPa
  [  91] viol   f=  44.342  a=87.2 b=142.3 gap=16.2 (face=4.5mm) n=[716, 330, 303, 605, 589, 72, 284]  tape=2.360km B=5.42T unif=0.597% hoop=400MPa
  [  92] INFEAS f=1001.972  a=35.6 b=182.8 gap=21.8 (face=15.7mm) n=[743, 872, 180, 804, 699, 404, 600]  no evaluation (geometry pre-check)
  [  93] OK     f=   3.855  a=40.1 b=243.2 gap=21.9 (face=15.9mm) n=[242, 622, 198, 646, 802, 573, 371]  tape=3.855km B=10.35T unif=0.048% hoop=279MPa
  [  94] viol   f=  60.807  a=117.5 b=196.9 gap=19.9 (face=11.8mm) n=[487, 792, 551, 689, 764, 352, 460]  tape=4.485km B=4.69T unif=0.312% hoop=400MPa
  [  95] viol   f=  12.272  a=71.4 b=171.2 gap=33.9 (face=39.8mm) n=[131, 852, 252, 674, 855, 469, 608]  tape=3.422km B=7.90T unif=0.172% hoop=390MPa
  [  96] viol   f=  12.135  a=74.7 b=161.0 gap=15.5 (face=3.0mm) n=[449, 857, 189, 877, 872, 163, 106]  tape=2.990km B=7.86T unif=0.398% hoop=400MPa
  [  97] viol   f=  18.514  a=75.2 b=177.5 gap=15.6 (face=3.1mm) n=[762, 460, 850, 621, 552, 429, 189]  tape=3.607km B=7.27T unif=0.321% hoop=400MPa
  [  98] viol   f=  12.922  a=72.1 b=219.6 gap=19.7 (face=11.4mm) n=[741, 794, 228, 707, 859, 190, 283]  tape=4.126km B=7.90T unif=0.193% hoop=400MPa
  [  99] viol   f=  28.480  a=65.0 b=161.2 gap=30.4 (face=32.8mm) n=[700, 227, 51, 730, 402, 82, 479]  tape=2.230km B=6.38T unif=0.264% hoop=300MPa
  [ 100] viol   f=   8.488  a=59.0 b=185.2 gap=23.6 (face=19.1mm) n=[54, 789, 230, 749, 883, 220, 316]  tape=3.000km B=8.34T unif=0.136% hoop=306MPa
  [ 101] viol   f=  25.494  a=52.9 b=223.5 gap=25.2 (face=22.4mm) n=[98, 309, 128, 767, 847, 275, 225]  tape=2.851km B=6.64T unif=0.064% hoop=280MPa
  [ 102] viol   f=  10.927  a=59.1 b=197.9 gap=26.0 (face=24.0mm) n=[86, 862, 184, 721, 900, 298, 189]  tape=3.161km B=8.03T unif=0.101% hoop=294MPa
  [ 103] viol   f=  37.523  a=82.4 b=192.3 gap=20.2 (face=12.4mm) n=[257, 418, 139, 878, 702, 465, 171]  tape=3.110km B=5.85T unif=0.247% hoop=400MPa
  [ 104] OK     f=   2.741  a=41.5 b=162.0 gap=21.9 (face=15.8mm) n=[537, 700, 361, 865, 291, 238, 390]  tape=2.741km B=10.53T unif=0.106% hoop=325MPa
  [ 105] viol   f=   7.073  a=36.1 b=221.4 gap=26.6 (face=25.1mm) n=[291, 340, 599, 733, 466, 254, 285]  tape=3.042km B=8.58T unif=0.163% hoop=253MPa
  [ 106] viol   f=  32.505  a=85.0 b=215.7 gap=15.5 (face=3.1mm) n=[223, 725, 316, 549, 756, 407, 692]  tape=4.014km B=6.23T unif=0.207% hoop=400MPa
  [ 107] INFEAS f=8298.677  a=28.5 b=242.6 gap=15.7 (face=3.4mm) n=[294, 445, 208, 581, 895, 862, 70]  no evaluation (geometry pre-check)
  [ 108] INFEAS f=2934.235  a=31.5 b=230.1 gap=19.1 (face=10.2mm) n=[577, 382, 102, 853, 872, 182, 101]  no evaluation (geometry pre-check)
  [ 109] OK     f=   4.293  a=47.5 b=251.7 gap=18.2 (face=8.4mm) n=[299, 835, 509, 525, 351, 591, 536]  tape=4.293km B=10.52T unif=0.099% hoop=400MPa
  [ 110] viol   f=  15.617  a=62.3 b=217.1 gap=18.9 (face=9.8mm) n=[146, 802, 59, 869, 460, 296, 303]  tape=3.140km B=7.50T unif=0.176% hoop=399MPa
  [ 111] OK     f=   3.311  a=42.7 b=235.3 gap=19.0 (face=10.1mm) n=[251, 789, 147, 826, 611, 255, 160]  tape=3.311km B=10.02T unif=0.029% hoop=260MPa
  [ 112] OK     f=   5.141  a=46.9 b=266.6 gap=23.4 (face=18.8mm) n=[424, 881, 373, 695, 467, 463, 891]  tape=5.141km B=11.11T unif=0.126% hoop=400MPa
  [ 113] viol   f=  42.291  a=84.7 b=188.5 gap=19.7 (face=11.3mm) n=[504, 628, 200, 758, 739, 56, 50]  tape=2.877km B=5.56T unif=0.280% hoop=400MPa
  [ 114] INFEAS f=135074.916  a=2.0 b=174.5 gap=21.4 (face=14.8mm) n=[138, 900, 359, 566, 879, 96, 734]  no evaluation (geometry pre-check)
  [ 115] INFEAS f=52616.394  a=15.1 b=193.1 gap=18.1 (face=8.1mm) n=[180, 659, 147, 898, 771, 348, 809]  no evaluation (geometry pre-check)
  [ 116] viol   f=   4.725  a=60.1 b=205.0 gap=15.5 (face=3.1mm) n=[566, 774, 359, 787, 833, 236, 242]  tape=3.796km B=9.32T unif=0.217% hoop=400MPa
  [ 117] INFEAS f=18618.485  a=24.1 b=166.1 gap=20.4 (face=12.7mm) n=[331, 863, 145, 869, 667, 662, 899]  no evaluation (geometry pre-check)
  [ 118] viol   f=   8.923  a=67.7 b=184.4 gap=15.6 (face=3.2mm) n=[485, 891, 201, 716, 896, 63, 310]  tape=3.344km B=8.33T unif=0.275% hoop=400MPa
  [ 119] viol   f=   9.242  a=56.2 b=191.6 gap=22.1 (face=16.2mm) n=[199, 665, 73, 890, 555, 241, 574]  tape=3.066km B=8.24T unif=0.137% hoop=346MPa
  [ 120] OK     f=   3.752  a=50.0 b=197.7 gap=23.4 (face=18.9mm) n=[220, 899, 119, 847, 898, 468, 517]  tape=3.752km B=11.33T unif=0.076% hoop=345MPa
  [ 121] INFEAS f=29300.701  a=20.4 b=277.0 gap=18.0 (face=8.1mm) n=[890, 410, 165, 607, 729, 548, 614]  no evaluation (geometry pre-check)
  [ 122] INFEAS f=22755.305  a=17.5 b=266.3 gap=15.9 (face=3.8mm) n=[187, 630, 759, 244, 747, 76, 371]  no evaluation (geometry pre-check)
  [ 123] viol   f=  13.614  a=53.9 b=241.1 gap=17.0 (face=6.1mm) n=[207, 525, 84, 534, 574, 226, 764]  tape=3.322km B=7.73T unif=0.110% hoop=356MPa
  [ 124] INFEAS f=10034.776  a=22.9 b=212.7 gap=20.9 (face=13.8mm) n=[532, 739, 259, 538, 771, 397, 689]  no evaluation (geometry pre-check)
  [ 125] INFEAS f=22680.962  a=20.5 b=222.6 gap=18.8 (face=9.6mm) n=[98, 734, 127, 524, 817, 271, 839]  no evaluation (geometry pre-check)
  [ 126] viol   f=  11.829  a=51.7 b=267.5 gap=19.5 (face=11.0mm) n=[411, 569, 58, 792, 602, 112, 324]  tape=3.565km B=7.97T unif=0.085% hoop=337MPa
  [ 127] INFEAS f=27436.595  a=20.5 b=189.3 gap=16.5 (face=5.0mm) n=[351, 879, 82, 591, 876, 594, 439]  no evaluation (geometry pre-check)
  [ 128] OK     f=   4.033  a=47.3 b=201.2 gap=22.5 (face=17.0mm) n=[534, 896, 561, 883, 715, 403, 204]  tape=4.033km B=12.52T unif=0.082% hoop=394MPa
  [ 129] OK     f=   3.918  a=45.1 b=226.8 gap=19.8 (face=11.7mm) n=[776, 580, 245, 865, 317, 185, 728]  tape=3.918km B=11.48T unif=0.077% hoop=341MPa
  [ 130] OK     f=   5.296  a=42.7 b=271.4 gap=16.5 (face=4.9mm) n=[507, 784, 832, 820, 707, 214, 493]  tape=5.296km B=15.53T unif=0.092% hoop=400MPa
  [ 131] viol   f=  14.702  a=74.1 b=175.7 gap=17.2 (face=6.3mm) n=[761, 654, 723, 368, 697, 437, 138]  tape=3.415km B=7.62T unif=0.326% hoop=400MPa
  [ 132] viol   f=  37.022  a=69.7 b=200.8 gap=28.0 (face=28.0mm) n=[326, 847, 530, 501, 149, 287, 166]  tape=2.910km B=5.87T unif=0.183% hoop=400MPa
  [ 133] OK     f=   4.938  a=49.0 b=229.6 gap=33.8 (face=39.7mm) n=[683, 837, 832, 327, 811, 568, 599]  tape=4.938km B=11.04T unif=0.174% hoop=320MPa
  [ 134] viol   f=  24.005  a=71.9 b=228.3 gap=15.6 (face=3.2mm) n=[387, 510, 833, 616, 676, 146, 430]  tape=4.076km B=6.84T unif=0.190% hoop=400MPa
  [ 135] viol   f=  23.131  a=70.8 b=216.0 gap=17.9 (face=7.7mm) n=[796, 540, 547, 900, 646, 187, 224]  tape=4.155km B=6.92T unif=0.204% hoop=400MPa
  [ 136] INFEAS f=4490.476  a=29.7 b=260.7 gap=32.8 (face=37.7mm) n=[217, 310, 344, 624, 861, 111, 830]  no evaluation (geometry pre-check)
  [ 137] OK     f=   5.056  a=52.8 b=266.1 gap=16.0 (face=4.0mm) n=[372, 817, 860, 603, 428, 392, 619]  tape=5.056km B=11.10T unif=0.178% hoop=400MPa
  [ 138] INFEAS f=3811.796  a=28.9 b=237.2 gap=19.3 (face=10.6mm) n=[580, 826, 643, 100, 421, 643, 603]  no evaluation (geometry pre-check)
  [ 139] viol   f=   4.352  a=38.7 b=236.8 gap=20.4 (face=12.8mm) n=[892, 441, 348, 706, 531, 127, 474]  tape=3.882km B=11.84T unif=1.048% hoop=324MPa
  [ 140] viol   f=  12.896  a=67.9 b=195.7 gap=17.3 (face=6.5mm) n=[748, 745, 415, 470, 237, 194, 644]  tape=3.372km B=7.82T unif=0.261% hoop=400MPa
  [ 141] OK     f=   5.818  a=48.0 b=268.6 gap=21.1 (face=14.2mm) n=[787, 886, 828, 479, 900, 422, 459]  tape=5.818km B=14.44T unif=0.072% hoop=400MPa
  [ 142] viol   f=   5.458  a=62.8 b=231.4 gap=16.5 (face=4.9mm) n=[609, 391, 879, 837, 628, 292, 636]  tape=4.773km B=9.41T unif=0.182% hoop=400MPa
  [ 143] OK     f=   6.183  a=65.2 b=272.9 gap=19.4 (face=10.7mm) n=[733, 885, 815, 882, 758, 53, 785]  tape=6.183km B=10.69T unif=0.154% hoop=400MPa
  [ 144] INFEAS f=46385.201  a=16.5 b=240.1 gap=23.1 (face=18.2mm) n=[179, 668, 689, 900, 662, 251, 132]  no evaluation (geometry pre-check)
  [ 145] viol   f=   3.477  a=49.7 b=210.6 gap=25.0 (face=21.9mm) n=[747, 261, 833, 678, 78, 640, 223]  tape=3.458km B=9.90T unif=0.093% hoop=297MPa
  [ 146] INFEAS f=3455.314  a=30.3 b=215.5 gap=32.3 (face=36.6mm) n=[697, 810, 528, 843, 608, 272, 854]  no evaluation (geometry pre-check)
  [ 147] viol   f=  10.463  a=42.1 b=247.5 gap=39.4 (face=50.9mm) n=[700, 356, 573, 830, 693, 242, 458]  tape=4.375km B=8.26T unif=0.231% hoop=261MPa
  [ 148] OK     f=   5.258  a=46.4 b=218.5 gap=19.3 (face=10.6mm) n=[858, 800, 769, 536, 806, 719, 756]  tape=5.258km B=16.59T unif=0.128% hoop=400MPa
  [ 149] OK     f=   4.205  a=56.0 b=214.4 gap=17.8 (face=7.6mm) n=[741, 882, 736, 711, 323, 95, 597]  tape=4.205km B=11.13T unif=0.230% hoop=400MPa
  [ 150] INFEAS f=26459.857  a=20.8 b=257.5 gap=32.4 (face=36.8mm) n=[638, 788, 878, 724, 589, 163, 666]  no evaluation (geometry pre-check)
  [ 151] viol   f=  25.885  a=49.5 b=228.8 gap=39.7 (face=51.3mm) n=[694, 98, 814, 395, 454, 174, 510]  tape=3.405km B=6.65T unif=0.143% hoop=285MPa
  [ 152] viol   f=  39.089  a=73.3 b=241.9 gap=28.5 (face=29.0mm) n=[667, 185, 530, 900, 174, 247, 111]  tape=3.397km B=5.78T unif=0.117% hoop=357MPa
  [ 153] INFEAS f=7132.177  a=28.9 b=99.1 gap=22.5 (face=17.0mm) n=[888, 597, 441, 502, 143, 685, 245]  no evaluation (geometry pre-check)
  [ 154] viol   f=  49.674  a=83.7 b=237.0 gap=26.5 (face=25.0mm) n=[830, 282, 562, 642, 156, 86, 204]  tape=3.317km B=5.19T unif=0.164% hoop=400MPa
  [ 155] INFEAS f=12438.590  a=14.7 b=234.3 gap=17.3 (face=6.5mm) n=[555, 374, 582, 233, 397, 123, 234]  no evaluation (geometry pre-check)
  [ 156] INFEAS f=1724.847  a=31.2 b=242.8 gap=20.2 (face=12.3mm) n=[636, 395, 820, 596, 655, 461, 51]  no evaluation (geometry pre-check)
  [ 157] INFEAS f=183632.631  a=-3.4 b=241.7 gap=16.2 (face=4.4mm) n=[771, 275, 896, 678, 270, 478, 776]  no evaluation (geometry pre-check)
  [ 158] INFEAS f=8640.413  a=28.3 b=200.5 gap=19.8 (face=11.6mm) n=[896, 164, 273, 334, 489, 198, 303]  no evaluation (geometry pre-check)
  [ 159] viol   f=  13.200  a=66.7 b=188.1 gap=15.7 (face=3.4mm) n=[864, 199, 710, 563, 524, 574, 83]  tape=3.375km B=7.78T unif=0.289% hoop=400MPa
  [ 160] viol   f=   8.235  a=72.4 b=168.5 gap=24.2 (face=20.4mm) n=[815, 414, 812, 656, 411, 240, 647]  tape=3.515km B=8.46T unif=0.306% hoop=400MPa
  [ 161] viol   f=  35.129  a=88.8 b=130.1 gap=24.5 (face=21.0mm) n=[346, 720, 109, 691, 626, 188, 80]  tape=2.097km B=5.94T unif=0.669% hoop=400MPa
  [ 162] viol   f=  12.866  a=71.6 b=215.1 gap=20.6 (face=13.2mm) n=[840, 725, 564, 878, 388, 96, 259]  tape=4.015km B=7.90T unif=0.207% hoop=400MPa
  [ 163] viol   f=  48.167  a=100.7 b=151.9 gap=16.4 (face=4.8mm) n=[867, 98, 757, 696, 492, 489, 261]  tape=3.255km B=5.26T unif=0.558% hoop=400MPa
  [ 164] viol   f=  29.274  a=83.5 b=156.2 gap=16.6 (face=5.1mm) n=[244, 153, 826, 671, 496, 677, 252]  tape=2.886km B=6.37T unif=0.441% hoop=400MPa
  [ 165] viol   f=  19.015  a=87.8 b=170.6 gap=21.2 (face=14.4mm) n=[837, 168, 825, 848, 666, 504, 416]  tape=3.910km B=7.25T unif=0.360% hoop=400MPa
  [ 166] viol   f=  58.771  a=86.9 b=225.3 gap=35.0 (face=42.0mm) n=[377, 490, 459, 698, 898, 187, 193]  tape=3.868km B=4.76T unif=0.136% hoop=400MPa
  [ 167] viol   f=   4.566  a=51.6 b=190.2 gap=29.3 (face=30.5mm) n=[897, 503, 404, 659, 867, 50, 193]  tape=3.318km B=9.21T unif=0.063% hoop=323MPa
  [ 168] viol   f=   4.721  a=63.9 b=128.9 gap=20.6 (face=13.3mm) n=[645, 510, 557, 669, 566, 434, 110]  tape=2.399km B=8.92T unif=0.566% hoop=400MPa
  [ 169] viol   f=   6.131  a=46.1 b=163.1 gap=35.8 (face=43.6mm) n=[595, 261, 676, 646, 341, 688, 486]  tape=2.897km B=8.73T unif=0.275% hoop=256MPa
  [ 170] viol   f=  25.991  a=62.9 b=196.9 gap=24.2 (face=20.5mm) n=[863, 221, 564, 238, 516, 77, 214]  tape=2.705km B=6.59T unif=0.218% hoop=340MPa
  [ 171] viol   f=   9.716  a=62.0 b=163.3 gap=26.9 (face=25.8mm) n=[733, 171, 457, 741, 206, 704, 229]  tape=2.691km B=8.13T unif=0.246% hoop=333MPa
  [ 172] viol   f=   9.591  a=36.2 b=173.7 gap=17.8 (face=7.7mm) n=[814, 418, 780, 627, 880, 142, 125]  tape=3.104km B=14.50T unif=1.180% hoop=305MPa
  [ 173] viol   f=  22.948  a=69.8 b=169.9 gap=26.5 (face=24.9mm) n=[614, 381, 491, 294, 551, 59, 528]  tape=2.532km B=6.80T unif=0.280% hoop=400MPa
  [ 174] OK     f=   4.412  a=50.8 b=202.1 gap=25.2 (face=22.4mm) n=[808, 549, 629, 878, 900, 147, 679]  tape=4.412km B=12.40T unif=0.096% hoop=383MPa
  [ 175] viol   f=  11.609  a=73.5 b=193.0 gap=20.9 (face=13.9mm) n=[856, 323, 448, 895, 732, 75, 419]  tape=3.711km B=8.01T unif=0.238% hoop=400MPa
  [ 176] OK     f=   2.819  a=39.2 b=168.4 gap=23.9 (face=19.8mm) n=[775, 687, 746, 656, 380, 159, 139]  tape=2.819km B=12.53T unif=0.150% hoop=259MPa
  [ 177] INFEAS f=10303.721  a=27.1 b=187.1 gap=39.4 (face=50.9mm) n=[887, 385, 270, 691, 688, 86, 105]  no evaluation (geometry pre-check)
  [ 178] viol   f=  56.140  a=88.5 b=159.7 gap=32.2 (face=36.3mm) n=[447, 144, 484, 241, 784, 248, 181]  tape=2.306km B=4.81T unif=0.337% hoop=395MPa
  [ 179] viol   f=  34.580  a=91.6 b=144.6 gap=24.1 (face=20.1mm) n=[672, 197, 54, 807, 724, 147, 379]  tape=2.481km B=5.99T unif=0.521% hoop=400MPa
  [ 180] viol   f=   4.709  a=53.0 b=166.4 gap=25.7 (face=23.4mm) n=[679, 84, 582, 788, 520, 476, 127]  tape=2.708km B=9.00T unif=0.199% hoop=343MPa
  [ 181] INFEAS f=2422.804  a=31.6 b=163.7 gap=22.2 (face=16.4mm) n=[720, 218, 745, 857, 328, 181, 170]  no evaluation (geometry pre-check)
  [ 182] viol   f=   4.698  a=49.1 b=148.6 gap=32.5 (face=37.0mm) n=[900, 400, 329, 413, 792, 395, 436]  tape=2.843km B=9.04T unif=0.264% hoop=339MPa
  [ 183] viol   f=  10.173  a=40.4 b=148.8 gap=33.2 (face=38.3mm) n=[380, 680, 569, 417, 512, 167, 264]  tape=2.189km B=8.00T unif=0.324% hoop=235MPa
  [ 184] OK     f=   3.863  a=55.0 b=205.4 gap=23.4 (face=18.8mm) n=[517, 763, 878, 762, 653, 167, 154]  tape=3.863km B=10.82T unif=0.111% hoop=400MPa
  [ 185] viol   f=  32.149  a=86.7 b=192.4 gap=17.7 (face=7.3mm) n=[895, 632, 513, 836, 622, 104, 145]  tape=3.808km B=6.24T unif=0.283% hoop=400MPa
  [ 186] viol   f=  11.330  a=76.3 b=134.2 gap=21.9 (face=15.8mm) n=[808, 522, 731, 753, 227, 80, 427]  tape=2.664km B=7.92T unif=0.602% hoop=400MPa
  [ 187] OK     f=   3.237  a=37.7 b=203.2 gap=25.5 (face=23.0mm) n=[744, 776, 478, 726, 70, 156, 526]  tape=3.237km B=11.65T unif=0.309% hoop=250MPa
  [ 188] INFEAS f=117397.217  a=4.4 b=166.1 gap=19.4 (face=10.8mm) n=[567, 900, 341, 845, 814, 320, 284]  no evaluation (geometry pre-check)
  [ 189] OK     f=   3.775  a=49.3 b=178.4 gap=21.7 (face=15.4mm) n=[898, 342, 882, 832, 894, 244, 306]  tape=3.775km B=13.87T unif=0.259% hoop=354MPa
  [ 190] viol   f=   6.602  a=68.9 b=177.9 gap=34.5 (face=40.9mm) n=[900, 567, 634, 826, 815, 426, 493]  tape=4.260km B=8.92T unif=0.188% hoop=400MPa
  [ 191] OK     f=   3.695  a=46.7 b=204.2 gap=26.1 (face=24.2mm) n=[869, 422, 574, 386, 730, 267, 501]  tape=3.695km B=10.17T unif=0.061% hoop=347MPa
  [ 192] viol   f=   5.516  a=54.2 b=202.0 gap=27.9 (face=27.9mm) n=[643, 672, 482, 645, 539, 140, 207]  tape=3.187km B=8.92T unif=0.140% hoop=325MPa
  [ 193] OK     f=   3.020  a=51.4 b=153.4 gap=27.2 (face=26.3mm) n=[595, 587, 731, 743, 737, 389, 206]  tape=3.020km B=11.15T unif=0.158% hoop=371MPa
  [ 194] viol   f=   8.100  a=49.8 b=188.4 gap=30.8 (face=33.6mm) n=[561, 483, 828, 722, 559, 58, 92]  tape=3.019km B=8.41T unif=0.117% hoop=291MPa
  [ 195] viol   f= 196.895  a=36.5 b=170.8 gap=17.4 (face=6.9mm) n=[848, 573, 524, 890, 340, 61, 299]  tape=2.903km B=13.51T unif=1.985% hoop=321MPa
  [ 196] INFEAS f=19093.574  a=21.0 b=182.3 gap=18.4 (face=8.8mm) n=[821, 820, 633, 522, 140, 270, 382]  no evaluation (geometry pre-check)
  [ 197] viol   f=   6.418  a=36.9 b=196.9 gap=36.8 (face=45.7mm) n=[845, 702, 535, 567, 353, 278, 227]  tape=3.269km B=8.75T unif=0.452% hoop=250MPa
  [ 198] OK     f=   3.594  a=38.4 b=182.6 gap=24.3 (face=20.6mm) n=[674, 659, 808, 530, 744, 183, 619]  tape=3.594km B=13.63T unif=0.271% hoop=299MPa
  [ 199] viol   f=   3.704  a=49.8 b=191.5 gap=30.9 (face=33.9mm) n=[874, 460, 868, 846, 228, 207, 103]  tape=3.293km B=9.55T unif=0.164% hoop=366MPa
  [ 200] viol   f=  10.938  a=59.7 b=203.2 gap=28.6 (face=29.2mm) n=[738, 753, 457, 574, 275, 103, 197]  tape=3.070km B=8.02T unif=0.164% hoop=350MPa
  [ 201] viol   f=  29.102  a=70.4 b=133.7 gap=24.9 (face=21.8mm) n=[897, 509, 373, 460, 442, 401, 260]  tape=2.597km B=6.36T unif=0.506% hoop=400MPa
  [ 202] INFEAS f=1147.649  a=33.3 b=178.3 gap=27.6 (face=27.2mm) n=[691, 840, 749, 671, 698, 394, 167]  no evaluation (geometry pre-check)
  [ 203] OK     f=   4.766  a=40.0 b=222.1 gap=32.6 (face=37.2mm) n=[766, 870, 675, 776, 635, 553, 398]  tape=4.766km B=12.06T unif=0.323% hoop=297MPa
  [ 204] OK     f=   3.156  a=38.3 b=156.7 gap=25.5 (face=23.1mm) n=[900, 556, 699, 747, 731, 261, 230]  tape=3.156km B=13.52T unif=0.472% hoop=310MPa
  [ 205] viol   f=  29.050  a=86.2 b=174.7 gap=31.1 (face=34.1mm) n=[706, 415, 378, 660, 730, 570, 221]  tape=3.422km B=6.42T unif=0.283% hoop=400MPa
  [ 206] viol   f=  36.762  a=83.6 b=176.8 gap=16.4 (face=4.9mm) n=[727, 688, 623, 526, 531, 51, 192]  tape=3.101km B=5.90T unif=0.349% hoop=400MPa
  [ 207] OK     f=   2.944  a=41.5 b=155.3 gap=31.7 (face=35.4mm) n=[697, 822, 682, 489, 677, 271, 234]  tape=2.944km B=10.62T unif=0.289% hoop=268MPa
  [ 208] OK     f=   3.477  a=38.9 b=199.1 gap=25.2 (face=22.3mm) n=[821, 846, 773, 702, 349, 239, 54]  tape=3.477km B=12.86T unif=0.348% hoop=253MPa
  [ 209] INFEAS f=4798.979  a=30.7 b=183.6 gap=31.4 (face=34.8mm) n=[739, 539, 895, 494, 450, 462, 317]  no evaluation (geometry pre-check)
  [ 210] OK     f=   4.386  a=54.5 b=203.5 gap=22.0 (face=16.0mm) n=[875, 399, 867, 900, 808, 595, 86]  tape=4.386km B=12.80T unif=0.091% hoop=378MPa
  [ 211] INFEAS f=47072.057  a=14.5 b=172.1 gap=26.9 (face=25.8mm) n=[851, 813, 720, 685, 837, 111, 127]  no evaluation (geometry pre-check)
  [ 212] viol   f=  15.533  a=32.8 b=141.1 gap=35.1 (face=42.3mm) n=[778, 488, 460, 308, 442, 85, 138]  tape=1.897km B=7.39T unif=0.627% hoop=196MPa
  [ 213] INFEAS f=4254.728  a=25.7 b=160.0 gap=37.3 (face=46.7mm) n=[749, 663, 610, 703, 474, 496, 124]  no evaluation (geometry pre-check)
  [ 214] viol   f=   3.577  a=61.3 b=168.5 gap=33.7 (face=39.4mm) n=[768, 891, 868, 773, 501, 57, 348]  tape=3.574km B=9.96T unif=0.161% hoop=358MPa
  [ 215] viol   f=   2.990  a=57.6 b=146.9 gap=25.0 (face=22.0mm) n=[396, 659, 853, 861, 480, 50, 294]  tape=2.752km B=9.66T unif=0.274% hoop=361MPa
  [ 216] viol   f=   4.697  a=60.3 b=167.3 gap=26.4 (face=24.8mm) n=[893, 714, 592, 641, 573, 142, 317]  tape=3.345km B=9.18T unif=0.250% hoop=400MPa
  [ 217] INFEAS f=37924.140  a=18.5 b=202.1 gap=28.9 (face=29.9mm) n=[734, 749, 899, 384, 291, 50, 72]  no evaluation (geometry pre-check)
  [ 218] OK     f=   3.304  a=45.9 b=178.8 gap=23.1 (face=18.1mm) n=[694, 637, 897, 786, 392, 113, 266]  tape=3.304km B=11.27T unif=0.104% hoop=330MPa
  [ 219] INFEAS f=1020.710  a=36.2 b=143.0 gap=25.1 (face=22.3mm) n=[683, 472, 726, 740, 896, 455, 484]  no evaluation (geometry pre-check)
  [ 220] viol   f=  11.814  a=64.2 b=211.9 gap=37.3 (face=46.6mm) n=[753, 532, 751, 576, 862, 166, 244]  tape=4.044km B=8.03T unif=0.086% hoop=380MPa
  [ 221] viol   f=   3.236  a=59.1 b=141.1 gap=23.4 (face=18.8mm) n=[612, 529, 900, 817, 436, 116, 268]  tape=2.784km B=9.52T unif=0.345% hoop=400MPa
  [ 222] viol   f=   9.111  a=61.0 b=198.7 gap=22.0 (face=16.0mm) n=[390, 779, 525, 856, 407, 292, 176]  tape=3.407km B=8.31T unif=0.200% hoop=400MPa
  [ 223] INFEAS f=12603.368  a=25.5 b=167.8 gap=31.3 (face=34.7mm) n=[703, 742, 796, 873, 727, 82, 61]  no evaluation (geometry pre-check)
  [ 224] INFEAS f=44738.046  a=12.6 b=195.7 gap=19.3 (face=10.5mm) n=[531, 766, 784, 677, 629, 177, 233]  no evaluation (geometry pre-check)
  [ 225] OK     f=   3.468  a=56.6 b=141.5 gap=27.8 (face=27.6mm) n=[785, 749, 898, 823, 568, 249, 655]  tape=3.468km B=12.39T unif=0.285% hoop=398MPa
  [ 226] OK     f=   3.477  a=56.3 b=188.7 gap=26.2 (face=24.4mm) n=[396, 879, 849, 895, 242, 76, 421]  tape=3.477km B=10.19T unif=0.100% hoop=341MPa
  [ 227] OK     f=   3.151  a=39.3 b=165.5 gap=25.8 (face=23.5mm) n=[793, 737, 801, 776, 566, 87, 301]  tape=3.151km B=13.52T unif=0.621% hoop=262MPa
  [ 228] viol   f=   5.745  a=69.2 b=182.8 gap=22.8 (face=17.6mm) n=[502, 805, 853, 869, 319, 251, 490]  tape=3.817km B=9.02T unif=0.244% hoop=400MPa
  [ 229] OK     f=   2.982  a=50.9 b=164.7 gap=24.9 (face=21.8mm) n=[639, 557, 751, 790, 462, 187, 261]  tape=2.982km B=10.59T unif=0.224% hoop=367MPa
  [ 230] OK     f=   2.997  a=38.6 b=168.3 gap=29.0 (face=30.1mm) n=[877, 401, 761, 817, 205, 135, 507]  tape=2.997km B=10.80T unif=0.601% hoop=240MPa
  [ 231] INFEAS f=1293.080  a=34.6 b=180.4 gap=20.5 (face=12.9mm) n=[828, 886, 487, 879, 100, 214, 482]  no evaluation (geometry pre-check)
  [ 232] viol   f=   4.098  a=58.9 b=163.8 gap=27.8 (face=27.6mm) n=[732, 458, 858, 526, 586, 114, 502]  tape=3.187km B=9.33T unif=0.204% hoop=395MPa
  [ 233] OK     f=   3.166  a=51.9 b=165.6 gap=20.6 (face=13.1mm) n=[808, 559, 707, 893, 287, 82, 468]  tape=3.166km B=11.42T unif=0.256% hoop=400MPa
  [ 234] INFEAS f=2666.281  a=31.5 b=192.2 gap=25.2 (face=22.5mm) n=[808, 568, 822, 863, 377, 119, 223]  no evaluation (geometry pre-check)
  [ 235] INFEAS f=1087.353  a=30.4 b=141.4 gap=28.6 (face=29.1mm) n=[755, 638, 715, 732, 372, 255, 477]  no evaluation (geometry pre-check)
  [ 236] INFEAS f=1770.557  a=32.4 b=112.5 gap=24.0 (face=19.9mm) n=[853, 297, 654, 779, 287, 581, 304]  no evaluation (geometry pre-check)
  [ 237] viol   f=   5.543  a=68.9 b=191.0 gap=23.3 (face=18.5mm) n=[763, 526, 761, 863, 672, 220, 598]  tape=4.236km B=9.19T unif=0.210% hoop=400MPa
  [ 238] OK     f=   3.779  a=39.7 b=197.0 gap=27.1 (face=26.1mm) n=[860, 558, 524, 885, 548, 293, 380]  tape=3.779km B=11.85T unif=0.552% hoop=308MPa
  [ 239] viol   f=   4.421  a=65.0 b=148.5 gap=27.7 (face=27.4mm) n=[629, 677, 788, 651, 427, 318, 499]  tape=3.129km B=9.20T unif=0.343% hoop=400MPa
  [ 240] OK     f=   2.841  a=40.6 b=147.6 gap=28.0 (face=27.9mm) n=[876, 316, 846, 783, 345, 164, 570]  tape=2.841km B=11.93T unif=0.875% hoop=276MPa
  [ 241] OK     f=   3.391  a=53.6 b=180.1 gap=23.7 (face=19.5mm) n=[743, 380, 768, 684, 404, 151, 762]  tape=3.391km B=10.81T unif=0.179% hoop=357MPa
  [ 242] OK     f=   2.811  a=35.5 b=159.9 gap=22.4 (face=16.9mm) n=[822, 695, 656, 762, 191, 127, 444]  tape=2.811km B=14.06T unif=0.937% hoop=259MPa
  [ 243] INFEAS f=15944.824  a=22.8 b=188.6 gap=22.4 (face=16.8mm) n=[586, 477, 837, 767, 221, 266, 591]  no evaluation (geometry pre-check)
  [ 244] OK     f=   3.949  a=45.4 b=199.2 gap=26.2 (face=24.4mm) n=[897, 475, 893, 681, 349, 198, 674]  tape=3.949km B=11.92T unif=0.451% hoop=316MPa
  [ 245] OK     f=   3.248  a=45.0 b=193.8 gap=18.4 (face=8.8mm) n=[671, 236, 882, 898, 96, 120, 619]  tape=3.248km B=11.64T unif=0.130% hoop=309MPa
  [ 246] OK     f=   2.162  a=42.8 b=119.2 gap=29.1 (face=30.2mm) n=[666, 410, 625, 779, 529, 224, 239]  tape=2.162km B=10.15T unif=0.376% hoop=272MPa
  [ 247] OK     f=   3.587  a=40.8 b=177.4 gap=19.7 (face=11.5mm) n=[539, 817, 834, 855, 408, 458, 335]  tape=3.587km B=15.00T unif=0.204% hoop=368MPa
  [ 248] OK     f=   3.262  a=51.9 b=143.3 gap=26.3 (face=24.6mm) n=[888, 860, 862, 860, 274, 264, 504]  tape=3.262km B=11.91T unif=0.265% hoop=400MPa
  [ 249] OK     f=   2.142  a=39.8 b=106.0 gap=24.3 (face=20.7mm) n=[830, 402, 784, 707, 367, 170, 567]  tape=2.142km B=13.27T unif=0.610% hoop=287MPa
  [ 250] INFEAS f=9070.921  a=28.2 b=162.4 gap=20.1 (face=12.1mm) n=[883, 591, 410, 898, 194, 170, 273]  no evaluation (geometry pre-check)
  [ 251] viol   f=  22.197  a=66.3 b=98.0 gap=17.1 (face=6.2mm) n=[783, 376, 701, 697, 135, 305, 82]  tape=1.805km B=8.94T unif=1.301% hoop=400MPa
  [ 252] OK     f=   1.809  a=47.1 b=101.6 gap=27.6 (face=27.3mm) n=[767, 408, 526, 758, 196, 102, 491]  tape=1.809km B=10.09T unif=0.540% hoop=290MPa
  [ 253] INFEAS f=8560.997  a=27.0 b=145.3 gap=26.9 (face=25.9mm) n=[803, 231, 860, 779, 410, 62, 573]  no evaluation (geometry pre-check)
  [ 254] INFEAS f=2507.505  a=27.9 b=91.5 gap=36.6 (face=45.2mm) n=[721, 463, 762, 740, 492, 67, 435]  no evaluation (geometry pre-check)
  [ 255] viol   f=  13.319  a=38.0 b=129.5 gap=24.3 (face=20.5mm) n=[832, 497, 818, 813, 235, 81, 618]  tape=2.479km B=13.47T unif=1.233% hoop=272MPa
  [ 256] OK     f=   2.642  a=50.2 b=132.1 gap=25.0 (face=21.9mm) n=[893, 340, 803, 878, 226, 321, 355]  tape=2.642km B=11.44T unif=0.272% hoop=326MPa
  [ 257] viol   f=   4.185  a=55.8 b=120.5 gap=24.0 (face=20.0mm) n=[883, 419, 675, 423, 397, 345, 382]  tape=2.407km B=9.06T unif=0.508% hoop=400MPa
  [ 258] viol   f=   2.406  a=39.7 b=102.9 gap=30.9 (face=33.9mm) n=[598, 436, 540, 775, 303, 160, 549]  tape=1.864km B=9.48T unif=0.482% hoop=252MPa
  [ 259] OK     f=   2.246  a=51.4 b=109.0 gap=30.9 (face=33.7mm) n=[881, 285, 756, 793, 138, 187, 730]  tape=2.246km B=10.33T unif=0.540% hoop=263MPa
  [ 260] OK     f=   2.862  a=39.3 b=146.2 gap=23.4 (face=18.8mm) n=[795, 486, 805, 769, 465, 141, 583]  tape=2.862km B=13.77T unif=0.258% hoop=292MPa
  [ 261] OK     f=   1.195  a=40.7 b=58.3 gap=24.0 (face=20.0mm) n=[898, 313, 292, 798, 66, 147, 583]  tape=1.195km B=12.03T unif=0.604% hoop=262MPa
  [ 262] viol   f=   4.336  a=63.7 b=156.5 gap=33.2 (face=38.4mm) n=[650, 547, 884, 828, 51, 299, 881]  tape=3.335km B=9.29T unif=0.220% hoop=368MPa
  [ 263] OK     f=   1.902  a=42.9 b=103.6 gap=25.5 (face=23.0mm) n=[870, 153, 697, 784, 103, 237, 542]  tape=1.902km B=11.34T unif=0.696% hoop=246MPa
  [ 264] OK     f=   2.472  a=38.7 b=137.6 gap=21.3 (face=14.7mm) n=[884, 510, 771, 618, 64, 64, 711]  tape=2.472km B=13.18T unif=0.536% hoop=287MPa
  [ 265] viol   f=   9.251  a=55.1 b=60.6 gap=40.1 (face=52.1mm) n=[900, 454, 436, 570, 185, 139, 577]  tape=1.441km B=8.52T unif=1.131% hoop=334MPa
  [ 266] viol   f=  24.953  a=84.7 b=154.6 gap=34.8 (face=41.7mm) n=[688, 507, 606, 737, 229, 224, 774]  tape=3.192km B=6.70T unif=0.338% hoop=400MPa
  [ 267] INFEAS f=2458.024  a=26.3 b=90.4 gap=22.4 (face=16.8mm) n=[695, 380, 714, 688, 380, 147, 718]  no evaluation (geometry pre-check)
  [ 268] viol   f=   2.212  a=54.9 b=91.4 gap=30.0 (face=31.9mm) n=[900, 185, 478, 897, 212, 225, 531]  tape=1.879km B=9.59T unif=0.663% hoop=286MPa
  [ 269] viol   f=   7.245  a=63.8 b=104.1 gap=27.3 (face=26.7mm) n=[515, 528, 601, 847, 81, 213, 743]  tape=2.162km B=8.41T unif=0.629% hoop=400MPa
  [ 270] viol   f=   2.198  a=34.0 b=112.5 gap=29.2 (face=30.5mm) n=[741, 514, 427, 675, 279, 52, 217]  tape=1.667km B=9.48T unif=0.651% hoop=207MPa
  [ 271] viol   f=   3.023  a=37.2 b=76.7 gap=27.9 (face=27.8mm) n=[898, 217, 384, 706, 112, 112, 191]  tape=1.213km B=9.16T unif=1.044% hoop=200MPa
  [ 272] OK     f=   2.387  a=40.6 b=121.8 gap=26.4 (face=24.9mm) n=[785, 194, 372, 900, 467, 465, 517]  tape=2.387km B=10.80T unif=0.386% hoop=357MPa
  [ 273] viol   f=  14.213  a=45.6 b=74.3 gap=21.4 (face=14.8mm) n=[705, 397, 817, 542, 403, 170, 373]  tape=1.564km B=12.40T unif=1.251% hoop=327MPa
  [ 274] viol   f=   2.942  a=68.0 b=111.2 gap=21.3 (face=14.5mm) n=[900, 505, 400, 899, 151, 75, 614]  tape=2.304km B=9.44T unif=0.828% hoop=400MPa
  [ 275] INFEAS f=5397.870  a=30.3 b=38.6 gap=31.2 (face=34.4mm) n=[876, 625, 75, 896, 402, 408, 862]  no evaluation (geometry pre-check)
  [ 276] INFEAS f=48937.596  a=15.4 b=110.1 gap=17.8 (face=7.5mm) n=[862, 499, 386, 884, 301, 56, 711]  no evaluation (geometry pre-check)
  [ 277] OK     f=   1.030  a=33.9 b=60.9 gap=22.1 (face=16.3mm) n=[621, 357, 163, 758, 309, 85, 432]  tape=1.030km B=10.67T unif=0.682% hoop=203MPa
  [ 278] OK     f=   1.895  a=40.1 b=100.4 gap=18.9 (face=9.8mm) n=[851, 199, 634, 890, 105, 166, 671]  tape=1.895km B=13.26T unif=0.401% hoop=273MPa
  [ 279] viol   f=   4.179  a=46.3 b=68.9 gap=27.4 (face=26.7mm) n=[497, 164, 403, 882, 343, 317, 344]  tape=1.372km B=8.82T unif=0.381% hoop=308MPa
  [ 280] viol   f=   3.655  a=67.9 b=78.8 gap=27.1 (face=26.3mm) n=[740, 585, 490, 845, 499, 265, 393]  tape=2.009km B=10.43T unif=1.091% hoop=400MPa  [a=87 b=169 nt=2830] KSP converged reason: 4, iterations: 1
  [a=63 b=177 nt=3130] KSP converged reason: 4, iterations: 1
  [a=56 b=146 nt=3737] KSP converged reason: 4, iterations: 1
  [a=61 b=184 nt=3408] KSP converged reason: 4, iterations: 1
  [a=43 b=138 nt=3903] KSP converged reason: 4, iterations: 1
  [a=61 b=171 nt=3607] KSP converged reason: 4, iterations: 1
  [a=49 b=177 nt=3950] KSP converged reason: 4, iterations: 1
  [a=44 b=180 nt=3897] KSP converged reason: 4, iterations: 1
  [a=62 b=154 nt=4069] KSP converged reason: 4, iterations: 1
  [a=57 b=178 nt=4043] KSP converged reason: 4, iterations: 1
  [a=60 b=202 nt=3009] KSP converged reason: 4, iterations: 1
  [a=57 b=196 nt=4092] KSP converged reason: 4, iterations: 1
  [a=52 b=208 nt=2529] KSP converged reason: 4, iterations: 1
  [a=75 b=177 nt=3863] KSP converged reason: 4, iterations: 1
  [a=59 b=185 nt=3241] KSP converged reason: 4, iterations: 1
  [a=36 b=221 nt=2968] KSP converged reason: 4, iterations: 1
  [a=85 b=189 nt=2935] KSP converged reason: 4, iterations: 1
  [a=52 b=268 nt=2868] KSP converged reason: 4, iterations: 1
  [a=70 b=201 nt=2806] KSP converged reason: 4, iterations: 1
  [a=39 b=237 nt=3519] KSP converged reason: 4, iterations: 1
  [a=50 b=211 nt=3460] KSP converged reason: 4, iterations: 1
  [a=56 b=214 nt=4085] KSP converged reason: 4, iterations: 1
  [a=67 b=188 nt=3517] KSP converged reason: 4, iterations: 1
  [a=84 b=156 nt=3319] KSP converged reason: 4, iterations: 1
  [a=64 b=129 nt=3491] KSP converged reason: 4, iterations: 1
  [a=73 b=193 nt=3748] KSP converged reason: 4, iterations: 1
  [a=38 b=203 nt=3476] KSP converged reason: 4, iterations: 1
  [a=51 b=153 nt=3988] KSP converged reason: 4, iterations: 1
  [a=42 b=155 nt=3872] KSP converged reason: 4, iterations: 1
  [a=54 b=203 nt=4530] KSP converged reason: 4, iterations: 1
  [a=64 b=212 nt=3884] KSP converged reason: 4, iterations: 1
  [a=39 b=165 nt=4061] KSP converged reason: 4, iterations: 1
  [a=52 b=166 nt=3804] KSP converged reason: 4, iterations: 1
  [a=36 b=160 nt=3697] KSP converged reason: 4, iterations: 1
  [a=66 b=98 nt=3079] KSP converged reason: 4, iterations: 1
  [a=51 b=109 nt=3770] KSP converged reason: 4, iterations: 1
  [a=55 b=61 nt=3261] KSP converged reason: 4, iterations: 1
  [a=64 b=104 nt=3528] KSP converged reason: 4, iterations: 1
  [a=34 b=61 nt=2725] KSP converged reason: 4, iterations: 1
  [a=68 b=79 nt=3817] KSP converged reason: 4, iterations: 1
  [a=42 b=97 nt=3155] KSP converged reason: 4, iterations: 1
  [a=63 b=102 nt=2772] KSP converged reason: 4, iterations: 1
  [a=93 b=191 nt=3313] KSP converged reason: 4, iterations: 1
  [a=122 b=151 nt=2940] KSP converged reason: 4, iterations: 1
  [a=54 b=149 nt=3187] KSP converged reason: 4, iterations: 1
  [a=67 b=166 nt=3130] KSP converged reason: 4, iterations: 1
  [a=106 b=184 nt=3844] KSP converged reason: 4, iterations: 1
  [a=78 b=115 nt=4104] KSP converged reason: 4, iterations: 1
  [a=39 b=163 nt=3344] KSP converged reason: 4, iterations: 1
  [a=85 b=159 nt=4997] KSP converged reason: 4, iterations: 1
  [a=65 b=171 nt=3315] KSP converged reason: 4, iterations: 1
  [a=73 b=168 nt=4290] KSP converged reason: 4, iterations: 1
  [a=56 b=148 nt=3708] KSP converged reason: 4, iterations: 1
  [a=41 b=190 nt=3081] KSP converged reason: 4, iterations: 1
  [a=53 b=226 nt=3239] KSP converged reason: 4, iterations: 1
  [a=71 b=171 nt=3841] KSP converged reason: 4, iterations: 1
  [a=59 b=198 nt=3240] KSP converged reason: 4, iterations: 1
  [a=47 b=267 nt=4194] KSP converged reason: 4, iterations: 1
  [a=47 b=201 nt=4196] KSP converged reason: 4, iterations: 1
  [a=49 b=230 nt=4657] KSP converged reason: 4, iterations: 1
  [a=42 b=247 nt=3852] KSP converged reason: 4, iterations: 1
  [a=73 b=242 nt=2814] KSP converged reason: 4, iterations: 1
  [a=72 b=215 nt=3750] KSP converged reason: 4, iterations: 1
  [a=62 b=163 nt=3241] KSP converged reason: 4, iterations: 1
  [a=88 b=160 nt=2529] KSP converged reason: 4, iterations: 1
  [a=55 b=205 nt=3894] KSP converged reason: 4, iterations: 1
  [a=50 b=188 nt=3303] KSP converged reason: 4, iterations: 1
  [a=50 b=192 nt=3586] KSP converged reason: 4, iterations: 1
  [a=38 b=157 nt=4124] KSP converged reason: 4, iterations: 1
  [a=61 b=169 nt=4206] KSP converged reason: 4, iterations: 1
  [a=57 b=142 nt=4727] KSP converged reason: 4, iterations: 1
  [a=40 b=197 nt=4048] KSP converged reason: 4, iterations: 1
  [a=45 b=199 nt=4167] KSP converged reason: 4, iterations: 1
  [a=50 b=132 nt=3816] KSP converged reason: 4, iterations: 1
  [a=43 b=104 nt=3386] KSP converged reason: 4, iterations: 1
  [a=34 b=112 nt=2905] KSP converged reason: 4, iterations: 1
  [a=40 b=100 nt=3516] KSP converged reason: 4, iterations: 1
  [a=62 b=94 nt=3470] KSP converged reason: 4, iterations: 1
  [a=42 b=89 nt=2480] KSP converged reason: 4, iterations: 1
  [a=40 b=66 nt=4025] KSP converged reason: 4, iterations: 1
  [a=35 b=93 nt=3373] KSP converged reason: 4, iterations: 1
  [a=89 b=158 nt=4023] KSP converged reason: 4, iterations: 1
  [a=54 b=136 nt=2714] KSP converged reason: 4, iterations: 1
  [a=84 b=140 nt=2362] KSP converged reason: 4, iterations: 1
  [a=58 b=155 nt=4332] KSP converged reason: 4, iterations: 1
  [a=71 b=161 nt=2940] KSP converged reason: 4, iterations: 1
  [a=53 b=159 nt=4481] KSP converged reason: 4, iterations: 1
  [a=53 b=171 nt=3361] KSP converged reason: 4, iterations: 1
  [a=62 b=156 nt=3376] KSP converged reason: 4, iterations: 1
  [a=53 b=182 nt=3377] KSP converged reason: 4, iterations: 1
  [a=51 b=212 nt=3712] KSP converged reason: 4, iterations: 1
  [a=57 b=191 nt=2941] KSP converged reason: 4, iterations: 1
  [a=87 b=142 nt=2899] KSP converged reason: 4, iterations: 1
  [a=72 b=220 nt=3802] KSP converged reason: 4, iterations: 1
  [a=85 b=216 nt=3668] KSP converged reason: 4, iterations: 1
  [a=60 b=205 nt=3797] KSP converged reason: 4, iterations: 1
  [a=43 b=271 nt=4357] KSP converged reason: 4, iterations: 1
  [a=53 b=266 nt=4091] KSP converged reason: 4, iterations: 1
  [a=65 b=273 nt=4911] KSP converged reason: 4, iterations: 1
  [a=72 b=168 nt=3995] KSP converged reason: 4, iterations: 1
  [a=87 b=225 nt=3302] KSP converged reason: 4, iterations: 1
  [a=46 b=163 nt=3693] KSP converged reason: 4, iterations: 1
  [a=39 b=168 nt=3542] KSP converged reason: 4, iterations: 1
  [a=53 b=166 nt=3256] KSP converged reason: 4, iterations: 1
  [a=76 b=134 nt=3548] KSP converged reason: 4, iterations: 1
  [a=69 b=178 nt=4661] KSP converged reason: 4, iterations: 1
  [a=37 b=197 nt=3507] KSP converged reason: 4, iterations: 1
  [a=60 b=203 nt=3097] KSP converged reason: 4, iterations: 1
  [a=86 b=175 nt=3680] KSP converged reason: 4, iterations: 1
  [a=60 b=167 nt=3872] KSP converged reason: 4, iterations: 1
  [a=56 b=189 nt=3758] KSP converged reason: 4, iterations: 1
  [a=39 b=168 nt=3703] KSP converged reason: 4, iterations: 1
  [a=41 b=148 nt=3900] KSP converged reason: 4, iterations: 1
  [a=54 b=180 nt=3892] KSP converged reason: 4, iterations: 1
  [a=40 b=103 nt=3361] KSP converged reason: 4, iterations: 1
  [a=64 b=156 nt=4140] KSP converged reason: 4, iterations: 1
  [a=41 b=122 nt=3700] KSP converged reason: 4, iterations: 1
  [a=38 b=116 nt=2923] KSP converged reason: 4, iterations: 1
  [a=51 b=82 nt=3940] KSP converged reason: 4, iterations: 1
  [a=43 b=77 nt=3883] KSP converged reason: 4, iterations: 1
  [a=89 b=150 nt=3120] KSP converged reason: 4, iterations: 1
  [a=60 b=146 nt=2673] KSP converged reason: 4, iterations: 1
  [a=75 b=172 nt=2934] KSP converged reason: 4, iterations: 1
  [a=77 b=174 nt=3579] KSP converged reason: 4, iterations: 1
  [a=47 b=151 nt=2987] KSP converged reason: 4, iterations: 1
  [a=64 b=207 nt=3131] KSP converged reason: 4, iterations: 1
  [a=80 b=124 nt=4313] KSP converged reason: 4, iterations: 1
  [a=68 b=162 nt=2442] KSP converged reason: 4, iterations: 1
  [a=60 b=189 nt=2861] KSP converged reason: 4, iterations: 1
  [a=86 b=169 nt=3681] KSP converged reason: 4, iterations: 1
  [a=51 b=226 nt=3306] KSP converged reason: 4, iterations: 1
  [a=75 b=187 nt=3681] KSP converged reason: 4, iterations: 1
  [a=46 b=194 nt=3635] KSP converged reason: 4, iterations: 1
  [a=96 b=193 nt=3300] KSP converged reason: 4, iterations: 1
  [a=40 b=243 nt=3454] KSP converged reason: 4, iterations: 1
  [a=53 b=223 nt=2649] KSP converged reason: 4, iterations: 1
  [a=48 b=252 nt=3646] KSP converged reason: 4, iterations: 1
  [a=68 b=184 nt=3562] KSP converged reason: 4, iterations: 1
  [a=74 b=176 nt=3778] KSP converged reason: 4, iterations: 1
  [a=63 b=231 nt=4272] KSP converged reason: 4, iterations: 1
  [a=50 b=229 nt=3139] KSP converged reason: 4, iterations: 1
  [a=88 b=171 nt=4264] KSP converged reason: 4, iterations: 1
  [a=36 b=174 nt=3786] KSP converged reason: 4, iterations: 1
  [a=92 b=145 nt=2980] KSP converged reason: 4, iterations: 1
  [a=87 b=192 nt=3747] KSP converged reason: 4, iterations: 1
  [a=54 b=202 nt=3328] KSP converged reason: 4, iterations: 1
  [a=40 b=222 nt=4673] KSP converged reason: 4, iterations: 1
  [a=58 b=147 nt=3593] KSP converged reason: 4, iterations: 1
  [a=61 b=199 nt=3425] KSP converged reason: 4, iterations: 1
  [a=65 b=149 nt=3989] KSP converged reason: 4, iterations: 1
  [a=45 b=194 nt=3522] KSP converged reason: 4, iterations: 1
  [a=40 b=106 nt=3827] KSP converged reason: 4, iterations: 1
  [a=38 b=129 nt=3894] KSP converged reason: 4, iterations: 1
  [a=39 b=138 nt=3622] KSP converged reason: 4, iterations: 1
  [a=37 b=77 nt=2620] KSP converged reason: 4, iterations: 1
  [a=46 b=69 nt=2950] KSP converged reason: 4, iterations: 1
  [a=45 b=147 nt=3604] KSP converged reason: 4, iterations: 1
  [a=48 b=109 nt=3137] KSP converged reason: 4, iterations: 1
  [a=40 b=78 nt=3817] KSP converged reason: 4, iterations: 1
  [a=114 b=139 nt=4314] KSP converged reason: 4, iterations: 1
  [a=47 b=186 nt=3799] KSP converged reason: 4, iterations: 1
  [a=61 b=139 nt=4198] KSP converged reason: 4, iterations: 1
  [a=37 b=138 nt=3807] KSP converged reason: 4, iterations: 1
  [a=44 b=140 nt=4050] KSP converged reason: 4, iterations: 1
  [a=59 b=147 nt=3517] KSP converged reason: 4, iterations: 1
  [a=70 b=171 nt=3540] KSP converged reason: 4, iterations: 1
  [a=53 b=165 nt=3613] KSP converged reason: 4, iterations: 1
  [a=46 b=129 nt=2779] KSP converged reason: 4, iterations: 1
  [a=73 b=164 nt=2890] KSP converged reason: 4, iterations: 1
  [a=61 b=176 nt=2901] KSP converged reason: 4, iterations: 1
  [a=69 b=190 nt=4170] KSP converged reason: 4, iterations: 1
  [a=75 b=161 nt=3513] KSP converged reason: 4, iterations: 1
  [a=65 b=161 nt=2671] KSP converged reason: 4, iterations: 1
  [a=41 b=162 nt=3382] KSP converged reason: 4, iterations: 1
  [a=62 b=217 nt=2935] KSP converged reason: 4, iterations: 1
  [a=56 b=192 nt=3197] KSP converged reason: 4, iterations: 1
  [a=50 b=198 nt=3968] KSP converged reason: 4, iterations: 1
  [a=45 b=227 nt=3696] KSP converged reason: 4, iterations: 1
  [a=72 b=228 nt=3598] KSP converged reason: 4, iterations: 1
  [a=48 b=269 nt=4761] KSP converged reason: 4, iterations: 1
  [a=89 b=130 nt=2760] KSP converged reason: 4, iterations: 1
  [a=52 b=190 nt=3573] KSP converged reason: 4, iterations: 1
  [a=70 b=170 nt=2918] KSP converged reason: 4, iterations: 1
  [a=49 b=149 nt=3665] KSP converged reason: 4, iterations: 1
  [a=49 b=178 nt=4398] KSP converged reason: 4, iterations: 1
  [a=36 b=171 nt=3535] KSP converged reason: 4, iterations: 1
  [a=38 b=183 nt=4217] KSP converged reason: 4, iterations: 1
  [a=84 b=177 nt=3338] KSP converged reason: 4, iterations: 1
  [a=33 b=141 nt=2699] KSP converged reason: 4, iterations: 1
  [a=59 b=141 nt=3678] KSP converged reason: 4, iterations: 1
  [a=51 b=165 nt=3647] KSP converged reason: 4, iterations: 1
  [a=69 b=191 nt=4403] KSP converged reason: 4, iterations: 1
  [a=41 b=177 nt=4246] KSP converged reason: 4, iterations: 1
  [a=47 b=102 nt=3248] KSP converged reason: 4, iterations: 1
  [a=41 b=58 nt=3097] KSP converged reason: 4, iterations: 1
  [a=55 b=91 nt=3428] KSP converged reason: 4, iterations: 1
  [a=68 b=111 nt=3544] KSP converged reason: 4, iterations: 1
  [a=43 b=92 nt=3097] KSP converged reason: 4, iterations: 1
  [a=57 b=66 nt=3477] KSP converged reason: 4, iterations: 1
  [a=51 b=129 nt=3831] KSP converged reason: 4, iterations: 1
  [a=93 b=207 nt=2798] KSP converged reason: 4, iterations: 1
  [a=77 b=171 nt=2744] KSP converged reason: 4, iterations: 1
  [a=82 b=157 nt=2239] KSP converged reason: 4, iterations: 1
  [a=54 b=176 nt=4184] KSP converged reason: 4, iterations: 1
  [a=67 b=195 nt=3832] KSP converged reason: 4, iterations: 1
  [a=68 b=155 nt=3262] KSP converged reason: 4, iterations: 1
  [a=86 b=161 nt=3391] KSP converged reason: 4, iterations: 1
  [a=54 b=151 nt=2662] KSP converged reason: 4, iterations: 1
  [a=42 b=170 nt=3146] KSP converged reason: 4, iterations: 1
  [a=87 b=198 nt=3749] KSP converged reason: 4, iterations: 1
  [a=57 b=143 nt=5141] KSP converged reason: 4, iterations: 1
  [a=56 b=199 nt=4572] KSP converged reason: 4, iterations: 1
  [a=118 b=197 nt=4095] KSP converged reason: 4, iterations: 1
  [a=82 b=192 nt=3030] KSP converged reason: 4, iterations: 1
  [a=43 b=235 nt=3039] KSP converged reason: 4, iterations: 1
  [a=54 b=241 nt=2914] KSP converged reason: 4, iterations: 1
  [a=71 b=216 nt=3840] KSP converged reason: 4, iterations: 1
  [a=68 b=196 nt=3453] KSP converged reason: 4, iterations: 1
  [a=46 b=218 nt=5244] KSP converged reason: 4, iterations: 1
  [a=84 b=237 nt=2762] KSP converged reason: 4, iterations: 1
  [a=101 b=152 nt=3660] KSP converged reason: 4, iterations: 1
  [a=63 b=197 nt=2693] KSP converged reason: 4, iterations: 1
  [a=51 b=202 nt=4590] KSP converged reason: 4, iterations: 1
  [a=40 b=149 nt=2989] KSP converged reason: 4, iterations: 1
  [a=47 b=204 nt=3749] KSP converged reason: 4, iterations: 1
  [a=70 b=134 nt=3342] KSP converged reason: 4, iterations: 1
  [a=39 b=199 nt=3784] KSP converged reason: 4, iterations: 1
  [a=46 b=179 nt=3785] KSP converged reason: 4, iterations: 1
  [a=69 b=183 nt=4089] KSP converged reason: 4, iterations: 1
  [a=59 b=164 nt=3776] KSP converged reason: 4, iterations: 1
  [a=43 b=119 nt=3472] KSP converged reason: 4, iterations: 1
  [a=52 b=143 nt=4512] KSP converged reason: 4, iterations: 1
  [a=56 b=120 nt=3524] KSP converged reason: 4, iterations: 1
  [a=39 b=146 nt=4044] KSP converged reason: 4, iterations: 1
  [a=85 b=155 nt=3765] KSP converged reason: 4, iterations: 1
  [a=46 b=74 nt=3407] KSP converged reason: 4, iterations: 1
  [a=48 b=145 nt=4287] KSP converged reason: 4, iterations: 1
  [a=53 b=91 nt=3224] KSP converged reason: 4, iterations: 1
  [a=51 b=77 nt=4140] KSP converged reason: 4, iterations: 1

  [ 281] INFEAS f=22560.165  a=21.0 b=112.0 gap=29.5 (face=31.0mm) n=[793, 125, 227, 851, 654, 268, 626]  no evaluation (geometry pre-check)
  [ 282] viol   f=   1.997  a=61.6 b=93.9 gap=18.0 (face=7.9mm) n=[687, 266, 540, 717, 296, 69, 895]  tape=1.995km B=9.97T unif=0.976% hoop=400MPa
  [ 283] INFEAS f=2366.192  a=33.2 b=57.5 gap=17.3 (face=6.6mm) n=[844, 247, 81, 898, 430, 50, 544]  no evaluation (geometry pre-check)
  [ 284] OK     f=   3.146  a=47.9 b=145.1 gap=27.7 (face=27.4mm) n=[896, 428, 632, 891, 650, 143, 647]  tape=3.146km B=11.89T unif=0.259% hoop=343MPa
  [ 285] OK     f=   1.598  a=43.0 b=91.7 gap=20.6 (face=13.2mm) n=[762, 343, 114, 873, 52, 249, 704]  tape=1.598km B=10.73T unif=0.685% hoop=252MPa
  [ 286] INFEAS f=297048.325  a=-12.7 b=7.0 gap=18.5 (face=8.9mm) n=[892, 449, 51, 775, 72, 483, 256]  no evaluation (geometry pre-check)
  [ 287] OK     f=   2.698  a=44.7 b=147.5 gap=22.9 (face=17.8mm) n=[777, 108, 499, 900, 723, 264, 333]  tape=2.698km B=11.06T unif=0.117% hoop=304MPa
  [ 288] OK     f=   1.700  a=37.5 b=116.0 gap=19.5 (face=11.0mm) n=[537, 348, 80, 537, 663, 67, 691]  tape=1.700km B=10.11T unif=0.421% hoop=236MPa
  [ 289] INFEAS f=3173.764  a=27.9 b=37.5 gap=20.0 (face=11.9mm) n=[783, 413, 276, 555, 282, 145, 358]  no evaluation (geometry pre-check)
  [ 290] INFEAS f=1752.706  a=34.1 b=75.9 gap=24.0 (face=19.9mm) n=[899, 473, 147, 759, 399, 459, 297]  no evaluation (geometry pre-check)
  [ 291] INFEAS f=325537.563  a=-15.1 b=73.8 gap=20.9 (face=13.7mm) n=[877, 511, 178, 686, 200, 51, 392]  no evaluation (geometry pre-check)
  [ 292] viol   f=   6.271  a=56.5 b=66.4 gap=20.0 (face=12.0mm) n=[860, 238, 229, 899, 316, 102, 833]  tape=1.529km B=12.08T unif=1.154% hoop=400MPa
  [ 293] OK     f=   1.690  a=41.7 b=97.5 gap=15.5 (face=3.1mm) n=[872, 415, 111, 737, 183, 101, 736]  tape=1.690km B=12.58T unif=0.884% hoop=297MPa
  [ 294] viol   f=   3.363  a=42.0 b=89.4 gap=23.4 (face=18.7mm) n=[838, 103, 50, 840, 362, 148, 139]  tape=1.241km B=9.05T unif=1.041% hoop=214MPa
  [ 295] OK     f=   1.891  a=50.8 b=81.6 gap=18.9 (face=9.8mm) n=[549, 115, 857, 900, 141, 485, 893]  tape=1.891km B=13.66T unif=0.964% hoop=349MPa
  [ 296] INFEAS f=17290.752  a=24.4 b=101.3 gap=19.5 (face=10.9mm) n=[458, 447, 246, 827, 71, 543, 893]  no evaluation (geometry pre-check)
  [ 297] OK     f=   1.876  a=47.8 b=109.0 gap=21.8 (face=15.7mm) n=[692, 350, 565, 805, 53, 233, 439]  tape=1.876km B=10.04T unif=0.549% hoop=300MPa
  [ 298] OK     f=   1.662  a=52.6 b=90.9 gap=20.7 (face=13.4mm) n=[569, 619, 84, 680, 418, 288, 566]  tape=1.662km B=10.78T unif=0.987% hoop=343MPa
  [ 299] viol   f=   1.559  a=40.2 b=65.9 gap=17.7 (face=7.5mm) n=[795, 113, 526, 778, 491, 551, 771]  tape=1.556km B=16.54T unif=1.004% hoop=313MPa
  [ 300] INFEAS f=22077.268  a=19.4 b=84.7 gap=20.3 (face=12.7mm) n=[630, 759, 680, 805, 292, 89, 716]  no evaluation (geometry pre-check)
  [ 301] INFEAS f=298164.395  a=51.4 b=-29.8 gap=15.6 (face=3.2mm) n=[437, 389, 90, 736, 95, 417, 751]  no evaluation (geometry pre-check)
  [ 302] INFEAS f=234060.688  a=-8.3 b=95.6 gap=19.8 (face=11.5mm) n=[883, 518, 586, 566, 52, 608, 753]  no evaluation (geometry pre-check)
  [ 303] OK     f=   1.699  a=40.4 b=77.8 gap=15.5 (face=3.1mm) n=[700, 289, 207, 805, 569, 495, 752]  tape=1.699km B=14.82T unif=0.983% hoop=320MPa
  [ 304] OK     f=   2.531  a=51.3 b=128.5 gap=18.4 (face=8.8mm) n=[486, 162, 637, 748, 748, 368, 682]  tape=2.531km B=11.93T unif=0.367% hoop=373MPa
  [ 305] INFEAS f=77715.591  a=53.9 b=15.1 gap=17.9 (face=7.8mm) n=[565, 887, 248, 870, 255, 367, 728]  no evaluation (geometry pre-check)
  [ 306] OK     f=   1.667  a=34.8 b=93.2 gap=15.9 (face=3.9mm) n=[609, 337, 737, 413, 149, 449, 679]  tape=1.667km B=13.57T unif=0.444% hoop=290MPa
  [ 307] OK     f=   1.915  a=51.1 b=76.7 gap=31.6 (face=35.2mm) n=[885, 425, 552, 884, 81, 492, 821]  tape=1.915km B=11.90T unif=0.439% hoop=319MPa
  [ 308] viol   f=  18.112  a=43.4 b=77.5 gap=17.0 (face=5.9mm) n=[890, 592, 292, 820, 556, 52, 681]  tape=1.772km B=15.65T unif=1.286% hoop=357MPa
  [ 309] INFEAS f=43454.954  a=57.3 b=29.7 gap=18.3 (face=8.5mm) n=[572, 883, 287, 761, 301, 637, 274]  no evaluation (geometry pre-check)
  [ 310] viol   f=   9.693  a=63.3 b=102.4 gap=18.8 (face=9.7mm) n=[490, 60, 617, 881, 103, 100, 521]  tape=1.712km B=8.00T unif=0.885% hoop=358MPa

==========================================================================================
CMA-ES finished: 310 evaluations in 11.2 min
==========================================================================================

Best feasible design found:
  a_mm             33.85767461524624
  b_mm             60.88483423686247
  gap_mm           22.14090599704392
  face_gap_mm      16.281811994087835
  n_turns          [621, 357, 163, 758, 309, 85, 432]
  n_total          2725
  tape_km          1.0302756772899602
  B_target_T       10.671339748006558
  uniformity_pct   0.6820123414939261
  hoop_MPa         203.2786522572987
  delam_MPa        13.325287740037753
  I_quench_A       401.384359973642
  I_op_A           220.7834763331364
  binding          quench/SF
  clip_frac        0.1332675222112537

Full evaluation history -> optimize/cmaes_history.csv
Best design            -> optimize/cmaes_results.csv
Appended 310 rows to cumulative master log -> optimize/cmaes_all_evaluations.csv

Figures -> /home/gerrityjack/fenicsx/Racetrack-Coil-Optimization/visualization/cmaes_convergence.png, cmaes_constraints.png, cmaes_variables.png, cmaes_overview.png
Cumulative parameter-space map -> visualization/cmaes_param_map.png (5100 evaluations, 16 runs)
