Starting CMA-ES: 10 variables, budget 300 evaluations, target B >= 10.0 T, uniformity <= 1.0%, hoop <= 400 MPa, coil-coil face gap >= 3 mm

Parallel mode: 6 worker processes per generation.
  [   1] viol   f=  21.573  a=84.4 b=157.3 gap=21.3 (face=14.6mm) n=[600, 897, 387, 456, 895, 356, 362]  tape=3.477km B=6.99T unif=0.415% hoop=400MPa
  [   2] viol   f=  51.635  a=109.2 b=150.7 gap=19.6 (face=11.2mm) n=[657, 686, 431, 557, 76, 667, 574]  tape=3.185km B=5.08T unif=0.582% hoop=400MPa
  [   3] viol   f=  39.046  a=90.6 b=155.2 gap=15.7 (face=3.4mm) n=[550, 863, 152, 485, 787, 358, 210]  tape=3.016km B=5.76T unif=0.489% hoop=400MPa
  [   4] INFEAS f=11445.011  a=145.4 b=134.3 gap=22.2 (face=16.5mm) n=[289, 574, 256, 147, 346, 213, 693]  no evaluation (geometry pre-check)
  [   5] viol   f=  37.484  a=86.5 b=153.2 gap=17.1 (face=6.3mm) n=[543, 898, 323, 267, 737, 244, 239]  tape=2.866km B=5.84T unif=0.479% hoop=400MPa
  [   6] viol   f=  11.964  a=72.4 b=131.8 gap=21.5 (face=15.0mm) n=[706, 623, 341, 172, 435, 544, 886]  tape=2.798km B=7.86T unif=0.514% hoop=400MPa
  [   7] viol   f=  66.110  a=110.7 b=154.4 gap=15.6 (face=3.2mm) n=[556, 886, 219, 218, 607, 335, 173]  tape=2.831km B=4.38T unif=0.557% hoop=400MPa
  [   8] viol   f=  57.054  a=97.4 b=153.4 gap=18.5 (face=9.0mm) n=[357, 731, 200, 86, 812, 140, 99]  tape=2.162km B=4.76T unif=0.515% hoop=400MPa
  [   9] viol   f=   7.887  a=61.3 b=163.4 gap=16.7 (face=5.5mm) n=[420, 893, 419, 209, 882, 67, 102]  tape=2.536km B=8.36T unif=0.329% hoop=398MPa
  [  10] viol   f=  65.890  a=122.8 b=139.6 gap=15.9 (face=3.8mm) n=[888, 896, 311, 537, 219, 383, 153]  tape=3.039km B=4.39T unif=0.788% hoop=400MPa
  [  11] viol   f=  24.199  a=64.8 b=127.3 gap=19.5 (face=10.9mm) n=[571, 450, 52, 124, 548, 98, 524]  tape=1.607km B=6.64T unif=0.587% hoop=336MPa
  [  12] viol   f=  40.565  a=93.9 b=158.2 gap=17.5 (face=7.0mm) n=[870, 867, 191, 246, 880, 99, 435]  tape=3.176km B=5.68T unif=0.491% hoop=400MPa
  [  13] viol   f=  14.934  a=57.0 b=178.8 gap=17.9 (face=7.9mm) n=[291, 593, 221, 458, 855, 209, 240]  tape=2.642km B=7.52T unif=0.194% hoop=380MPa
  [  14] viol   f=  18.210  a=86.0 b=138.9 gap=15.7 (face=3.4mm) n=[797, 887, 693, 150, 780, 229, 534]  tape=3.234km B=7.26T unif=0.647% hoop=400MPa
  [  15] viol   f=  15.303  a=79.1 b=169.1 gap=16.2 (face=4.4mm) n=[765, 871, 311, 596, 677, 438, 663]  tape=3.909km B=7.61T unif=0.358% hoop=400MPa
  [  16] viol   f=  52.059  a=109.4 b=146.9 gap=15.7 (face=3.5mm) n=[894, 875, 377, 239, 772, 252, 88]  tape=3.093km B=5.05T unif=0.672% hoop=400MPa
  [  17] viol   f=   2.604  a=45.9 b=134.9 gap=16.4 (face=4.9mm) n=[507, 783, 351, 56, 541, 103, 426]  tape=1.945km B=9.43T unif=0.372% hoop=342MPa
  [  18] OK     f=   2.595  a=40.5 b=192.8 gap=16.2 (face=4.3mm) n=[778, 601, 266, 187, 408, 466, 102]  tape=2.595km B=10.49T unif=0.406% hoop=287MPa
  [  19] viol   f=  20.081  a=80.0 b=153.9 gap=19.6 (face=11.2mm) n=[883, 838, 70, 296, 741, 128, 183]  tape=2.647km B=7.05T unif=0.468% hoop=400MPa
  [  20] viol   f=   5.373  a=64.8 b=184.3 gap=17.7 (face=7.5mm) n=[672, 761, 472, 646, 631, 398, 498]  tape=3.757km B=9.10T unif=0.277% hoop=400MPa
  [  21] INFEAS f=1589.269  a=31.4 b=184.0 gap=15.6 (face=3.2mm) n=[384, 820, 183, 131, 651, 204, 159]  no evaluation (geometry pre-check)
  [  22] INFEAS f=3645.205  a=30.4 b=196.8 gap=15.7 (face=3.4mm) n=[737, 862, 282, 154, 132, 300, 343]  no evaluation (geometry pre-check)
  [  23] OK     f=   3.977  a=44.8 b=193.2 gap=18.4 (face=8.8mm) n=[899, 675, 168, 291, 765, 742, 803]  tape=3.977km B=14.10T unif=0.286% hoop=359MPa
  [  24] viol   f=  16.572  a=51.1 b=132.5 gap=16.8 (face=5.7mm) n=[403, 899, 325, 65, 179, 58, 376]  tape=1.682km B=7.27T unif=0.413% hoop=314MPa
  [  25] OK     f=   2.924  a=44.4 b=138.2 gap=15.7 (face=3.4mm) n=[191, 860, 449, 421, 898, 779, 565]  tape=2.924km B=13.44T unif=0.321% hoop=400MPa
  [  26] INFEAS f=35950.131  a=12.3 b=173.4 gap=15.5 (face=3.0mm) n=[613, 722, 144, 313, 420, 354, 145]  no evaluation (geometry pre-check)
  [  27] OK     f=   2.989  a=50.2 b=183.5 gap=15.6 (face=3.2mm) n=[782, 767, 122, 289, 388, 352, 648]  tape=2.989km B=10.89T unif=0.330% hoop=381MPa
  [  28] OK     f=   3.075  a=51.0 b=175.6 gap=17.8 (face=7.7mm) n=[890, 900, 335, 167, 634, 119, 485]  tape=3.075km B=11.54T unif=0.299% hoop=356MPa
  [  29] INFEAS f=153470.356  a=-3.8 b=182.1 gap=15.7 (face=3.5mm) n=[791, 704, 172, 277, 768, 70, 171]  no evaluation (geometry pre-check)
  [  30] viol   f=  16.557  a=65.4 b=142.1 gap=17.0 (face=6.0mm) n=[549, 682, 143, 363, 270, 397, 478]  tape=2.207km B=7.32T unif=0.476% hoop=400MPa
  [  31] viol   f=  11.585  a=77.5 b=148.0 gap=16.6 (face=5.3mm) n=[395, 757, 237, 888, 274, 776, 598]  tape=3.225km B=7.96T unif=0.464% hoop=400MPa
  [  32] INFEAS f=3359.373  a=30.9 b=143.5 gap=15.5 (face=3.0mm) n=[425, 866, 459, 430, 555, 455, 514]  no evaluation (geometry pre-check)
  [  33] OK     f=   3.313  a=40.7 b=167.4 gap=17.0 (face=6.0mm) n=[725, 760, 383, 767, 709, 137, 767]  tape=3.313km B=15.96T unif=0.112% hoop=337MPa
  [  34] OK     f=   2.349  a=36.7 b=123.6 gap=19.9 (face=11.7mm) n=[194, 832, 610, 411, 634, 625, 407]  tape=2.349km B=13.21T unif=0.765% hoop=305MPa
  [  35] OK     f=   3.155  a=46.6 b=170.8 gap=18.2 (face=8.4mm) n=[797, 772, 300, 220, 607, 529, 567]  tape=3.155km B=12.73T unif=0.354% hoop=353MPa
  [  36] OK     f=   2.373  a=43.3 b=149.2 gap=15.7 (face=3.5mm) n=[299, 800, 223, 285, 634, 305, 593]  tape=2.373km B=10.56T unif=0.201% hoop=332MPa
  [  37] OK     f=   3.846  a=56.3 b=178.7 gap=15.6 (face=3.1mm) n=[422, 633, 361, 732, 688, 715, 820]  tape=3.846km B=11.02T unif=0.230% hoop=400MPa
  [  38] viol   f=  10.355  a=54.9 b=148.6 gap=16.5 (face=5.1mm) n=[335, 206, 219, 401, 524, 620, 493]  tape=2.125km B=7.97T unif=0.315% hoop=368MPa
  [  39] viol   f=   8.460  a=57.3 b=154.4 gap=16.0 (face=4.0mm) n=[173, 653, 290, 520, 593, 340, 266]  tape=2.240km B=8.24T unif=0.365% hoop=371MPa
  [  40] viol   f=   8.696  a=54.4 b=185.4 gap=15.5 (face=3.1mm) n=[498, 471, 347, 538, 447, 114, 638]  tape=2.749km B=8.28T unif=0.241% hoop=400MPa
  [  41] INFEAS f=1754.163  a=32.6 b=142.1 gap=19.4 (face=10.8mm) n=[169, 859, 233, 570, 607, 512, 807]  no evaluation (geometry pre-check)
  [  42] INFEAS f=153619.281  a=-3.1 b=161.8 gap=16.9 (face=5.8mm) n=[812, 481, 185, 164, 132, 387, 125]  no evaluation (geometry pre-check)
  [  43] INFEAS f=10712.503  a=25.5 b=176.5 gap=15.7 (face=3.5mm) n=[414, 849, 164, 446, 770, 650, 790]  no evaluation (geometry pre-check)
  [  44] viol   f=   2.520  a=62.1 b=120.2 gap=15.5 (face=3.0mm) n=[225, 833, 656, 492, 890, 506, 112]  tape=2.507km B=9.92T unif=0.674% hoop=400MPa
  [  45] OK     f=   3.207  a=40.9 b=168.3 gap=20.2 (face=12.5mm) n=[173, 896, 552, 461, 886, 573, 364]  tape=3.207km B=12.78T unif=0.840% hoop=353MPa
  [  46] OK     f=   1.791  a=33.5 b=125.9 gap=18.2 (face=8.4mm) n=[282, 553, 632, 216, 550, 469, 206]  tape=1.791km B=11.56T unif=0.089% hoop=235MPa
  [  47] viol   f=  13.409  a=62.6 b=124.7 gap=24.1 (face=20.2mm) n=[424, 816, 269, 254, 467, 500, 166]  tape=2.067km B=7.62T unif=0.527% hoop=391MPa
  [  48] viol   f=   7.668  a=44.6 b=133.3 gap=17.9 (face=7.8mm) n=[91, 425, 106, 468, 628, 374, 488]  tape=1.739km B=8.28T unif=0.309% hoop=274MPa
  [  49] INFEAS f=7601.055  a=28.8 b=124.3 gap=18.9 (face=9.7mm) n=[151, 893, 265, 344, 400, 421, 385]  no evaluation (geometry pre-check)
  [  50] INFEAS f=195679.733  a=-5.0 b=147.9 gap=19.3 (face=10.6mm) n=[525, 883, 171, 304, 348, 456, 783]  no evaluation (geometry pre-check)
  [  51] viol   f=  15.294  a=59.9 b=97.0 gap=16.0 (face=4.0mm) n=[193, 463, 91, 510, 836, 266, 100]  tape=1.469km B=7.37T unif=0.967% hoop=358MPa
  [  52] viol   f=   4.687  a=38.9 b=130.1 gap=19.0 (face=10.1mm) n=[189, 899, 420, 717, 567, 509, 201]  tape=2.367km B=12.08T unif=1.108% hoop=312MPa
  [  53] viol   f=  16.682  a=42.0 b=151.5 gap=17.4 (face=6.8mm) n=[197, 900, 321, 147, 79, 50, 403]  tape=1.647km B=7.26T unif=0.690% hoop=236MPa
  [  54] INFEAS f=5022.664  a=27.5 b=142.9 gap=21.8 (face=15.7mm) n=[315, 278, 815, 86, 719, 484, 181]  no evaluation (geometry pre-check)
  [  55] OK     f=   2.613  a=55.0 b=122.3 gap=15.6 (face=3.3mm) n=[231, 526, 769, 302, 840, 850, 454]  tape=2.613km B=11.60T unif=0.496% hoop=400MPa
  [  56] viol   f= 624.757  a=36.9 b=147.5 gap=15.7 (face=3.3mm) n=[316, 882, 389, 175, 675, 324, 297]  tape=2.295km B=11.09T unif=2.764% hoop=316MPa
  [  57] OK     f=   2.597  a=44.1 b=132.5 gap=15.5 (face=3.0mm) n=[66, 592, 841, 312, 823, 663, 580]  tape=2.597km B=13.37T unif=0.389% hoop=351MPa
  [  58] INFEAS f=36394.176  a=13.9 b=126.2 gap=20.6 (face=13.3mm) n=[454, 766, 706, 119, 585, 389, 410]  no evaluation (geometry pre-check)
  [  59] viol   f=   4.179  a=60.9 b=115.8 gap=17.2 (face=6.3mm) n=[416, 880, 617, 527, 582, 577, 445]  tape=2.690km B=9.14T unif=0.707% hoop=400MPa
  [  60] INFEAS f=11411.240  a=24.0 b=120.0 gap=21.2 (face=14.4mm) n=[219, 569, 351, 92, 817, 208, 517]  no evaluation (geometry pre-check)
  [  61] viol   f=   8.795  a=78.2 b=129.7 gap=15.6 (face=3.1mm) n=[165, 652, 806, 640, 804, 399, 633]  tape=2.997km B=8.30T unif=0.679% hoop=400MPa
  [  62] viol   f=  17.164  a=65.8 b=137.4 gap=15.5 (face=3.0mm) n=[487, 560, 554, 475, 900, 514, 457]  tape=3.042km B=7.34T unif=0.470% hoop=400MPa
  [  63] viol   f=  50.701  a=70.3 b=85.4 gap=15.9 (face=3.7mm) n=[227, 804, 614, 156, 404, 859, 352]  tape=1.905km B=9.72T unif=1.493% hoop=400MPa
  [  64] OK     f=   1.783  a=36.8 b=88.5 gap=17.4 (face=6.7mm) n=[216, 579, 834, 434, 697, 355, 477]  tape=1.783km B=13.56T unif=0.379% hoop=317MPa
  [  65] viol   f=  26.844  a=62.7 b=83.7 gap=17.9 (face=7.8mm) n=[417, 835, 317, 399, 461, 774, 300]  tape=1.885km B=9.98T unif=1.353% hoop=400MPa
  [  66] INFEAS f=6349.095  a=28.7 b=129.8 gap=15.9 (face=3.8mm) n=[474, 680, 820, 146, 554, 344, 871]  no evaluation (geometry pre-check)
  [  67] OK     f=   2.301  a=43.2 b=113.5 gap=16.2 (face=4.3mm) n=[60, 375, 895, 286, 572, 818, 862]  tape=2.301km B=12.79T unif=0.465% hoop=306MPa
  [  68] viol   f=   4.380  a=52.5 b=78.8 gap=15.6 (face=3.2mm) n=[584, 304, 832, 106, 837, 891, 625]  tape=1.984km B=14.45T unif=1.109% hoop=400MPa
  [  69] viol   f=   7.927  a=38.4 b=158.9 gap=19.5 (face=10.9mm) n=[268, 106, 593, 229, 413, 605, 253]  tape=1.880km B=8.26T unif=0.079% hoop=222MPa
  [  70] OK     f=   2.507  a=37.0 b=133.2 gap=15.5 (face=3.0mm) n=[349, 441, 821, 385, 559, 682, 479]  tape=2.507km B=13.19T unif=0.379% hoop=363MPa
  [  71] OK     f=   2.374  a=42.2 b=112.2 gap=20.8 (face=13.6mm) n=[457, 482, 786, 246, 900, 893, 236]  tape=2.374km B=12.84T unif=0.466% hoop=383MPa
  [  72] OK     f=   2.396  a=54.9 b=109.2 gap=16.1 (face=4.2mm) n=[430, 638, 733, 133, 898, 660, 376]  tape=2.396km B=11.14T unif=0.685% hoop=400MPa
  [  73] INFEAS f=1223.333  a=33.3 b=81.8 gap=17.8 (face=7.6mm) n=[321, 750, 827, 175, 790, 846, 287]  no evaluation (geometry pre-check)
  [  74] OK     f=   2.008  a=42.7 b=95.9 gap=15.7 (face=3.3mm) n=[198, 191, 741, 367, 786, 897, 574]  tape=2.008km B=12.96T unif=0.689% hoop=326MPa
  [  75] OK     f=   2.677  a=50.3 b=110.5 gap=18.3 (face=8.6mm) n=[366, 782, 794, 381, 806, 689, 807]  tape=2.677km B=15.40T unif=0.514% hoop=400MPa
  [  76] INFEAS f=68400.331  a=12.0 b=95.7 gap=16.3 (face=4.6mm) n=[896, 181, 807, 116, 321, 433, 639]  no evaluation (geometry pre-check)
  [  77] OK     f=   2.616  a=38.9 b=100.4 gap=15.8 (face=3.5mm) n=[293, 555, 887, 810, 862, 807, 869]  tape=2.616km B=19.36T unif=0.991% hoop=377MPa
  [  78] viol   f=  30.422  a=76.4 b=92.1 gap=18.0 (face=7.9mm) n=[225, 539, 851, 198, 687, 409, 255]  tape=1.927km B=8.10T unif=1.326% hoop=400MPa
  [  79] OK     f=   2.376  a=46.0 b=92.2 gap=15.8 (face=3.5mm) n=[548, 610, 897, 317, 732, 698, 757]  tape=2.376km B=14.90T unif=0.857% hoop=400MPa
  [  80] viol   f=   5.757  a=49.1 b=97.6 gap=24.2 (face=20.5mm) n=[97, 468, 630, 289, 425, 487, 488]  tape=1.556km B=8.55T unif=0.603% hoop=316MPa
  [  81] viol   f=   2.863  a=62.0 b=147.6 gap=15.6 (face=3.2mm) n=[84, 547, 784, 110, 852, 884, 233]  tape=2.697km B=9.71T unif=0.372% hoop=400MPa
  [  82] OK     f=   2.581  a=68.5 b=116.6 gap=18.4 (face=8.9mm) n=[146, 817, 421, 694, 885, 819, 120]  tape=2.581km B=10.10T unif=0.715% hoop=400MPa
  [  83] INFEAS f=3577.461  a=54.6 b=51.6 gap=17.6 (face=7.3mm) n=[682, 314, 543, 764, 596, 862, 364]  no evaluation (geometry pre-check)
  [  84] OK     f=   2.244  a=40.4 b=124.3 gap=16.3 (face=4.7mm) n=[174, 561, 630, 96, 829, 556, 673]  tape=2.244km B=11.90T unif=0.258% hoop=314MPa
  [  85] OK     f=   1.997  a=57.0 b=70.0 gap=20.1 (face=12.3mm) n=[591, 185, 894, 424, 813, 791, 719]  tape=1.997km B=14.81T unif=0.902% hoop=400MPa
  [  86] INFEAS f=68662.784  a=10.5 b=111.5 gap=17.9 (face=7.7mm) n=[453, 125, 689, 556, 858, 605, 316]  no evaluation (geometry pre-check)
  [  87] viol   f=   5.087  a=59.0 b=137.9 gap=16.4 (face=4.9mm) n=[550, 549, 836, 192, 395, 833, 403]  tape=2.765km B=8.92T unif=0.416% hoop=400MPa
  [  88] INFEAS f=2563.225  a=31.7 b=84.7 gap=21.8 (face=15.7mm) n=[313, 866, 664, 451, 817, 791, 386]  no evaluation (geometry pre-check)
  [  89] OK     f=   1.964  a=38.5 b=107.5 gap=15.5 (face=3.0mm) n=[341, 798, 664, 120, 706, 487, 356]  tape=1.964km B=13.75T unif=0.706% hoop=310MPa
  [  90] OK     f=   2.349  a=42.6 b=120.0 gap=19.8 (face=11.6mm) n=[250, 397, 317, 660, 536, 892, 584]  tape=2.349km B=10.86T unif=0.362% hoop=369MPa
  [  91] viol   f=  31.728  a=80.3 b=102.2 gap=15.8 (face=3.6mm) n=[70, 526, 52, 444, 718, 331, 358]  tape=1.612km B=6.27T unif=1.106% hoop=400MPa
  [  92] viol   f=   2.077  a=61.1 b=94.7 gap=16.1 (face=4.2mm) n=[111, 339, 782, 235, 831, 436, 713]  tape=1.947km B=10.68T unif=1.026% hoop=384MPa
  [  93] viol   f=  17.618  a=68.5 b=133.3 gap=20.0 (face=11.9mm) n=[87, 407, 313, 550, 623, 511, 363]  tape=2.068km B=7.21T unif=0.515% hoop=400MPa
  [  94] INFEAS f=1022.306  a=36.0 b=57.6 gap=19.2 (face=10.4mm) n=[644, 603, 482, 373, 883, 891, 264]  no evaluation (geometry pre-check)
  [  95] viol   f=  18.189  a=78.6 b=103.0 gap=21.0 (face=14.1mm) n=[193, 353, 409, 356, 723, 495, 709]  tape=2.059km B=7.16T unif=0.821% hoop=400MPa
  [  96] viol   f=   3.208  a=61.5 b=118.4 gap=16.2 (face=4.3mm) n=[318, 537, 841, 188, 789, 483, 265]  tape=2.294km B=9.32T unif=0.662% hoop=400MPa
  [  97] viol   f=   3.445  a=41.7 b=119.0 gap=15.6 (face=3.3mm) n=[87, 185, 326, 287, 897, 821, 194]  tape=1.778km B=9.09T unif=0.595% hoop=314MPa
  [  98] OK     f=   2.548  a=46.8 b=106.3 gap=19.1 (face=10.2mm) n=[361, 441, 570, 478, 887, 756, 898]  tape=2.548km B=13.03T unif=0.610% hoop=400MPa
  [  99] OK     f=   2.594  a=41.5 b=118.3 gap=15.6 (face=3.2mm) n=[544, 537, 581, 348, 900, 655, 539]  tape=2.594km B=12.73T unif=0.336% hoop=400MPa
  [ 100] OK     f=   1.622  a=57.6 b=64.1 gap=23.4 (face=18.7mm) n=[474, 200, 691, 319, 684, 889, 330]  tape=1.622km B=11.21T unif=0.559% hoop=338MPa
  [ 101] OK     f=   2.378  a=48.4 b=116.8 gap=25.0 (face=22.0mm) n=[714, 81, 793, 118, 878, 785, 501]  tape=2.378km B=11.47T unif=0.416% hoop=291MPa
  [ 102] INFEAS f=4508.919  a=37.6 b=33.2 gap=35.2 (face=42.4mm) n=[341, 176, 889, 541, 656, 597, 414]  no evaluation (geometry pre-check)
  [ 103] viol   f=   2.182  a=60.2 b=110.9 gap=17.3 (face=6.7mm) n=[104, 148, 893, 276, 864, 623, 403]  tape=2.102km B=9.80T unif=0.693% hoop=357MPa
  [ 104] viol   f=   6.296  a=57.8 b=73.4 gap=16.5 (face=4.9mm) n=[545, 126, 299, 210, 817, 732, 401]  tape=1.508km B=10.47T unif=1.155% hoop=380MPa
  [ 105] INFEAS f=9736.238  a=27.6 b=82.2 gap=18.0 (face=7.9mm) n=[357, 494, 892, 198, 718, 672, 475]  no evaluation (geometry pre-check)
  [ 106] INFEAS f=1156.789  a=35.0 b=51.6 gap=15.5 (face=3.1mm) n=[531, 761, 885, 491, 434, 376, 685]  no evaluation (geometry pre-check)
  [ 107] OK     f=   2.671  a=47.1 b=113.0 gap=17.0 (face=6.1mm) n=[346, 381, 644, 604, 615, 899, 900]  tape=2.671km B=12.93T unif=0.398% hoop=400MPa
  [ 108] OK     f=   2.179  a=58.3 b=104.5 gap=20.5 (face=13.0mm) n=[162, 623, 697, 286, 814, 441, 614]  tape=2.179km B=10.71T unif=0.733% hoop=398MPa
  [ 109] viol   f=   2.045  a=48.8 b=79.0 gap=17.9 (face=7.9mm) n=[275, 435, 552, 164, 784, 498, 363]  tape=1.505km B=10.40T unif=1.052% hoop=345MPa
  [ 110] INFEAS f=4399.720  a=85.2 b=80.9 gap=27.1 (face=26.3mm) n=[647, 483, 798, 113, 605, 765, 497]  no evaluation (geometry pre-check)
  [ 111] viol   f=  15.016  a=82.3 b=112.0 gap=17.9 (face=7.7mm) n=[238, 437, 688, 257, 464, 801, 656]  tape=2.432km B=7.49T unif=0.846% hoop=400MPa
  [ 112] viol   f=   2.183  a=55.6 b=74.7 gap=24.9 (face=21.8mm) n=[75, 575, 369, 392, 689, 791, 314]  tape=1.532km B=9.43T unif=0.623% hoop=351MPa
  [ 113] viol   f=  61.735  a=58.1 b=70.8 gap=15.7 (face=3.3mm) n=[751, 62, 202, 361, 849, 791, 175]  tape=1.467km B=11.45T unif=1.549% hoop=334MPa
  [ 114] OK     f=   1.922  a=58.3 b=70.4 gap=20.2 (face=12.5mm) n=[253, 207, 899, 556, 739, 900, 635]  tape=1.922km B=13.70T unif=0.859% hoop=389MPa
  [ 115] OK     f=   2.551  a=44.6 b=114.5 gap=15.6 (face=3.2mm) n=[463, 738, 896, 322, 629, 696, 388]  tape=2.551km B=14.09T unif=0.457% hoop=400MPa
  [ 116] viol   f=   4.955  a=46.4 b=66.9 gap=28.5 (face=28.9mm) n=[187, 241, 524, 105, 862, 820, 209]  tape=1.267km B=8.64T unif=0.453% hoop=230MPa
  [ 117] viol   f=   3.466  a=56.7 b=63.0 gap=16.5 (face=4.9mm) n=[169, 82, 776, 473, 746, 730, 896]  tape=1.645km B=13.89T unif=1.095% hoop=374MPa
  [ 118] viol   f=  14.038  a=58.7 b=80.6 gap=15.8 (face=3.6mm) n=[216, 534, 805, 159, 785, 886, 554]  tape=1.981km B=12.70T unif=1.246% hoop=400MPa
  [ 119] viol   f=   8.871  a=76.2 b=112.9 gap=25.1 (face=22.3mm) n=[250, 713, 689, 90, 572, 623, 642]  tape=2.326km B=8.19T unif=0.724% hoop=400MPa
  [ 120] INFEAS f=77972.614  a=93.7 b=54.9 gap=16.4 (face=4.9mm) n=[187, 53, 467, 754, 542, 858, 290]  no evaluation (geometry pre-check)
  [ 121] INFEAS f=17303.377  a=81.1 b=65.9 gap=15.6 (face=3.3mm) n=[154, 142, 452, 379, 851, 721, 190]  no evaluation (geometry pre-check)
  [ 122] OK     f=   1.557  a=39.7 b=87.2 gap=18.7 (face=9.5mm) n=[62, 276, 874, 112, 755, 500, 560]  tape=1.557km B=11.17T unif=0.739% hoop=248MPa
  [ 123] OK     f=   1.989  a=59.2 b=93.3 gap=18.0 (face=8.0mm) n=[135, 53, 896, 453, 637, 823, 565]  tape=1.989km B=10.99T unif=0.954% hoop=388MPa
  [ 124] INFEAS f=19275.752  a=78.8 b=62.4 gap=16.6 (face=5.3mm) n=[218, 575, 231, 408, 796, 652, 601]  no evaluation (geometry pre-check)
  [ 125] viol   f=  11.114  a=44.8 b=92.7 gap=34.7 (face=41.4mm) n=[139, 130, 650, 405, 786, 596, 459]  tape=1.658km B=7.83T unif=0.360% hoop=246MPa
  [ 126] INFEAS f=1571.154  a=62.3 b=63.5 gap=22.3 (face=16.7mm) n=[320, 511, 891, 179, 892, 659, 673]  no evaluation (geometry pre-check)
  [ 127] INFEAS f=1539.526  a=70.0 b=71.4 gap=18.3 (face=8.6mm) n=[432, 217, 682, 197, 745, 723, 512]  no evaluation (geometry pre-check)
  [ 128] viol   f=   9.480  a=71.7 b=97.5 gap=17.0 (face=5.9mm) n=[294, 699, 432, 168, 640, 777, 221]  tape=1.945km B=8.54T unif=1.128% hoop=400MPa
  [ 129] viol   f=   2.657  a=64.1 b=97.9 gap=16.3 (face=4.6mm) n=[280, 719, 880, 332, 793, 844, 791]  tape=2.645km B=12.52T unif=1.008% hoop=400MPa
  [ 130] INFEAS f=1133.284  a=71.6 b=74.8 gap=20.2 (face=12.5mm) n=[133, 546, 230, 258, 749, 694, 504]  no evaluation (geometry pre-check)
  [ 131] viol   f=   2.044  a=54.6 b=106.8 gap=17.2 (face=6.3mm) n=[71, 142, 887, 309, 701, 477, 623]  tape=1.968km B=9.81T unif=0.702% hoop=338MPa
  [ 132] INFEAS f=4516.232  a=29.8 b=107.3 gap=15.7 (face=3.4mm) n=[181, 797, 785, 165, 610, 866, 493]  no evaluation (geometry pre-check)
  [ 133] viol   f=   1.478  a=54.8 b=61.0 gap=30.9 (face=33.7mm) n=[254, 338, 787, 159, 709, 586, 701]  tape=1.451km B=10.04T unif=1.012% hoop=272MPa
  [ 134] OK     f=   1.959  a=53.1 b=95.0 gap=16.4 (face=4.8mm) n=[251, 290, 888, 253, 844, 676, 306]  tape=1.959km B=11.56T unif=0.803% hoop=368MPa
  [ 135] viol   f=   2.472  a=54.1 b=74.4 gap=16.7 (face=5.4mm) n=[379, 144, 826, 421, 859, 785, 865]  tape=1.937km B=15.10T unif=1.052% hoop=389MPa
  [ 136] viol   f=   2.518  a=62.0 b=89.2 gap=19.0 (face=9.9mm) n=[237, 312, 879, 204, 775, 780, 565]  tape=2.058km B=11.39T unif=1.048% hoop=400MPa
  [ 137] OK     f=   1.753  a=51.7 b=83.2 gap=20.1 (face=12.2mm) n=[193, 258, 733, 109, 844, 659, 771]  tape=1.753km B=11.51T unif=0.797% hoop=303MPa
  [ 138] viol   f=  18.760  a=53.7 b=72.9 gap=16.7 (face=5.4mm) n=[105, 196, 705, 69, 800, 519, 611]  tape=1.379km B=10.56T unif=1.295% hoop=296MPa
  [ 139] OK     f=   2.034  a=67.1 b=86.9 gap=21.2 (face=14.4mm) n=[256, 144, 732, 145, 851, 722, 897]  tape=2.034km B=10.78T unif=0.812% hoop=386MPa
  [ 140] viol   f=   4.225  a=60.0 b=85.6 gap=17.6 (face=7.2mm) n=[384, 568, 819, 160, 861, 617, 779]  tape=2.174km B=12.51T unif=1.101% hoop=400MPa
  [ 141] INFEAS f=79863.048  a=74.4 b=35.0 gap=25.9 (face=23.9mm) n=[126, 246, 617, 53, 825, 526, 702]  no evaluation (geometry pre-check)
  [ 142] OK     f=   2.081  a=62.6 b=97.2 gap=18.8 (face=9.5mm) n=[154, 348, 852, 150, 893, 747, 432]  tape=2.081km B=10.67T unif=0.919% hoop=368MPa
  [ 143] INFEAS f=1185.950  a=61.3 b=64.1 gap=27.5 (face=27.0mm) n=[148, 415, 845, 150, 900, 472, 536]  no evaluation (geometry pre-check)
  [ 144] viol   f=   1.598  a=49.8 b=65.3 gap=28.7 (face=29.4mm) n=[257, 521, 761, 67, 596, 421, 561]  tape=1.348km B=9.65T unif=0.133% hoop=259MPa
  [ 145] OK     f=   1.790  a=54.7 b=72.5 gap=21.3 (face=14.6mm) n=[267, 239, 873, 62, 899, 883, 821]  tape=1.790km B=13.52T unif=0.482% hoop=309MPa
  [ 146] viol   f=   2.328  a=66.4 b=88.4 gap=27.6 (face=27.1mm) n=[53, 541, 899, 385, 606, 210, 900]  tape=1.995km B=9.59T unif=0.575% hoop=373MPa
  [ 147] viol   f=   2.558  a=53.7 b=92.4 gap=33.6 (face=39.3mm) n=[163, 436, 822, 239, 879, 694, 563]  tape=2.061km B=9.50T unif=0.364% hoop=295MPa
  [ 148] OK     f=   1.761  a=44.2 b=92.6 gap=23.1 (face=18.3mm) n=[144, 60, 718, 123, 897, 738, 752]  tape=1.761km B=10.48T unif=0.644% hoop=238MPa
  [ 149] INFEAS f=36649.353  a=56.8 b=31.9 gap=22.2 (face=16.4mm) n=[251, 241, 894, 192, 779, 722, 896]  no evaluation (geometry pre-check)
  [ 150] viol   f= 362.077  a=47.9 b=57.1 gap=26.7 (face=25.5mm) n=[237, 190, 890, 202, 874, 899, 722]  tape=1.495km B=12.41T unif=2.343% hoop=241MPa
  [ 151] viol   f=   2.084  a=65.0 b=95.3 gap=23.0 (face=18.1mm) n=[311, 349, 747, 204, 885, 890, 203]  tape=2.080km B=9.95T unif=0.710% hoop=400MPa
  [ 152] INFEAS f=1070.511  a=66.3 b=70.0 gap=20.5 (face=13.1mm) n=[110, 260, 745, 155, 896, 575, 819]  no evaluation (geometry pre-check)
  [ 153] INFEAS f=23035.620  a=63.4 b=44.9 gap=30.8 (face=33.5mm) n=[177, 517, 899, 77, 690, 855, 438]  no evaluation (geometry pre-check)
  [ 154] OK     f=   1.806  a=53.9 b=78.6 gap=29.0 (face=30.0mm) n=[145, 135, 899, 325, 692, 675, 867]  tape=1.806km B=10.45T unif=0.245% hoop=345MPa
  [ 155] OK     f=   2.384  a=50.0 b=118.2 gap=24.3 (face=20.5mm) n=[412, 449, 735, 231, 830, 701, 379]  tape=2.384km B=10.80T unif=0.389% hoop=387MPa
  [ 156] INFEAS f=29545.154  a=20.4 b=82.2 gap=24.7 (face=21.4mm) n=[229, 415, 696, 177, 891, 629, 441]  no evaluation (geometry pre-check)
  [ 157] viol   f=   8.459  a=63.1 b=84.1 gap=34.0 (face=40.0mm) n=[442, 129, 660, 56, 629, 833, 489]  tape=1.725km B=8.17T unif=0.239% hoop=329MPa
  [ 158] viol   f=   2.374  a=56.5 b=73.6 gap=29.4 (face=30.9mm) n=[407, 610, 244, 305, 880, 414, 576]  tape=1.704km B=9.42T unif=0.352% hoop=330MPa
  [ 159] OK     f=   2.139  a=49.1 b=93.3 gap=22.3 (face=16.7mm) n=[450, 422, 798, 180, 703, 730, 823]  tape=2.139km B=12.77T unif=0.591% hoop=378MPa
  [ 160] OK     f=   1.539  a=53.8 b=69.2 gap=19.9 (face=11.8mm) n=[173, 149, 857, 196, 710, 637, 718]  tape=1.539km B=11.73T unif=0.966% hoop=307MPa
  [ 161] OK     f=   1.635  a=40.0 b=79.1 gap=23.2 (face=18.3mm) n=[125, 466, 790, 322, 621, 823, 437]  tape=1.635km B=11.77T unif=0.713% hoop=272MPa
  [ 162] OK     f=   2.038  a=55.9 b=89.6 gap=27.5 (face=27.0mm) n=[623, 391, 743, 332, 632, 730, 472]  tape=2.038km B=11.31T unif=0.660% hoop=348MPa
  [ 163] OK     f=   1.615  a=50.5 b=78.9 gap=18.1 (face=8.2mm) n=[101, 135, 774, 517, 366, 897, 481]  tape=1.615km B=10.80T unif=0.947% hoop=338MPa
  [ 164] viol   f=  15.390  a=50.2 b=101.3 gap=36.0 (face=44.0mm) n=[63, 128, 857, 187, 892, 388, 586]  tape=1.774km B=7.39T unif=0.370% hoop=236MPa
  [ 165] INFEAS f=1535.323  a=65.7 b=67.0 gap=28.6 (face=29.1mm) n=[307, 95, 855, 334, 855, 538, 600]  no evaluation (geometry pre-check)
  [ 166] OK     f=   1.932  a=61.2 b=72.0 gap=22.9 (face=17.8mm) n=[488, 260, 869, 227, 677, 772, 820]  tape=1.932km B=12.78T unif=0.609% hoop=376MPa
  [ 167] viol   f=   2.995  a=61.2 b=68.4 gap=24.6 (face=21.2mm) n=[338, 261, 654, 199, 367, 458, 896]  tape=1.558km B=9.15T unif=0.429% hoop=344MPa
  [ 168] OK     f=   1.857  a=37.7 b=91.1 gap=27.4 (face=26.8mm) n=[380, 408, 878, 65, 684, 785, 489]  tape=1.857km B=11.09T unif=0.676% hoop=288MPa
  [ 169] OK     f=   1.447  a=49.1 b=59.5 gap=24.1 (face=20.3mm) n=[495, 303, 509, 356, 476, 465, 841]  tape=1.447km B=10.90T unif=0.528% hoop=374MPa
  [ 170] viol   f=  11.883  a=73.0 b=81.8 gap=19.4 (face=10.8mm) n=[294, 349, 830, 329, 619, 678, 719]  tape=2.075km B=10.09T unif=1.221% hoop=400MPa
  [ 171] viol   f=   1.903  a=40.7 b=62.6 gap=28.8 (face=29.6mm) n=[349, 251, 671, 212, 138, 861, 775]  tape=1.298km B=9.45T unif=0.423% hoop=213MPa
  [ 172] viol   f=   1.668  a=49.4 b=88.8 gap=19.6 (face=11.3mm) n=[139, 490, 782, 348, 465, 524, 211]  tape=1.570km B=9.78T unif=0.915% hoop=341MPa
  [ 173] viol   f=   5.262  a=39.3 b=90.1 gap=28.7 (face=29.4mm) n=[312, 171, 533, 542, 440, 325, 746]  tape=1.553km B=8.64T unif=0.474% hoop=250MPa
  [ 174] OK     f=   2.061  a=49.3 b=87.3 gap=21.3 (face=14.5mm) n=[233, 453, 766, 569, 393, 900, 628]  tape=2.061km B=12.07T unif=0.694% hoop=375MPa
  [ 175] viol   f=   2.527  a=36.9 b=69.2 gap=19.0 (face=10.0mm) n=[337, 79, 779, 551, 336, 373, 627]  tape=1.284km B=11.76T unif=1.079% hoop=270MPa
  [ 176] viol   f= 161.681  a=37.7 b=51.6 gap=18.5 (face=9.0mm) n=[754, 327, 451, 601, 299, 315, 597]  tape=1.151km B=14.97T unif=1.896% hoop=291MPa
  [ 177] OK     f=   1.204  a=37.4 b=59.5 gap=22.5 (face=16.9mm) n=[377, 68, 659, 111, 462, 890, 519]  tape=1.204km B=10.48T unif=0.362% hoop=229MPa
  [ 178] INFEAS f=16309.938  a=61.5 b=46.9 gap=24.1 (face=20.2mm) n=[55, 73, 465, 313, 412, 596, 420]  no evaluation (geometry pre-check)
  [ 179] OK     f=   1.860  a=42.7 b=70.5 gap=21.8 (face=15.7mm) n=[261, 420, 900, 546, 505, 897, 890]  tape=1.860km B=14.44T unif=0.644% hoop=322MPa
  [ 180] OK     f=   1.123  a=41.4 b=54.8 gap=21.9 (face=15.8mm) n=[334, 454, 538, 419, 132, 290, 791]  tape=1.123km B=10.53T unif=0.664% hoop=290MPa
  [ 181] viol   f=   9.536  a=44.4 b=51.4 gap=27.8 (face=27.6mm) n=[55, 517, 661, 565, 170, 856, 678]  tape=1.252km B=10.61T unif=1.204% hoop=242MPa
  [ 182] OK     f=   0.914  a=31.5 b=39.1 gap=17.0 (face=6.1mm) n=[410, 437, 531, 642, 396, 525, 644]  tape=0.914km B=17.29T unif=0.340% hoop=262MPa
  [ 183] viol   f=   5.764  a=41.6 b=113.1 gap=24.0 (face=20.1mm) n=[86, 133, 667, 475, 477, 550, 344]  tape=1.608km B=8.56T unif=0.452% hoop=277MPa
  [ 184] OK     f=   1.942  a=62.4 b=98.4 gap=20.2 (face=12.4mm) n=[93, 695, 736, 51, 652, 540, 730]  tape=1.942km B=10.71T unif=0.928% hoop=383MPa
  [ 185] INFEAS f=7630.334  a=49.6 b=41.7 gap=24.0 (face=19.9mm) n=[140, 385, 450, 261, 225, 707, 767]  no evaluation (geometry pre-check)
  [ 186] viol   f=   1.786  a=48.6 b=74.9 gap=25.0 (face=22.1mm) n=[349, 440, 467, 370, 162, 607, 791]  tape=1.504km B=9.62T unif=0.553% hoop=369MPa
  [ 187] OK     f=   1.794  a=41.7 b=82.1 gap=18.5 (face=9.0mm) n=[197, 533, 745, 367, 408, 882, 553]  tape=1.794km B=12.61T unif=0.796% hoop=352MPa
  [ 188] viol   f=   1.705  a=41.5 b=57.4 gap=25.6 (face=23.1mm) n=[132, 243, 814, 285, 159, 607, 615]  tape=1.099km B=9.45T unif=0.595% hoop=215MPa
  [ 189] OK     f=   1.693  a=40.5 b=65.5 gap=28.9 (face=29.9mm) n=[456, 329, 504, 583, 741, 897, 550]  tape=1.693km B=11.71T unif=0.142% hoop=297MPa
  [ 190] viol   f=   1.777  a=35.7 b=54.3 gap=25.4 (face=22.9mm) n=[65, 225, 549, 690, 224, 430, 802]  tape=1.053km B=9.40T unif=0.679% hoop=185MPa
  [ 191] OK     f=   1.844  a=38.0 b=84.7 gap=18.2 (face=8.4mm) n=[52, 793, 894, 613, 488, 707, 335]  tape=1.844km B=15.47T unif=0.987% hoop=305MPa
  [ 192] viol   f=   2.999  a=56.4 b=98.7 gap=21.1 (face=14.2mm) n=[124, 322, 746, 224, 408, 619, 744]  tape=1.797km B=9.22T unif=0.684% hoop=308MPa
  [ 193] INFEAS f=19310.900  a=15.5 b=60.9 gap=23.2 (face=18.3mm) n=[218, 302, 378, 676, 91, 524, 566]  no evaluation (geometry pre-check)
  [ 194] INFEAS f=48193.183  a=17.2 b=7.1 gap=20.8 (face=13.6mm) n=[873, 80, 500, 853, 369, 466, 634]  no evaluation (geometry pre-check)
  [ 195] INFEAS f=18693.890  a=13.3 b=43.3 gap=21.9 (face=15.8mm) n=[316, 612, 554, 541, 204, 416, 465]  no evaluation (geometry pre-check)
  [ 196] OK     f=   1.228  a=34.2 b=77.7 gap=25.4 (face=22.9mm) n=[212, 535, 515, 629, 442, 383, 168]  tape=1.228km B=10.23T unif=0.809% hoop=206MPa
  [ 197] viol   f= 218.012  a=35.6 b=46.1 gap=20.1 (face=12.3mm) n=[183, 323, 693, 759, 51, 726, 426]  tape=0.957km B=13.03T unif=2.042% hoop=212MPa
  [ 198] INFEAS f=7698.583  a=28.8 b=65.0 gap=21.8 (face=15.7mm) n=[270, 369, 610, 888, 385, 896, 473]  no evaluation (geometry pre-check)
  [ 199] INFEAS f=1737.062  a=59.0 b=59.7 gap=21.8 (face=15.6mm) n=[371, 412, 403, 491, 447, 350, 897]  no evaluation (geometry pre-check)
  [ 200] INFEAS f=9738.341  a=25.1 b=71.1 gap=15.9 (face=3.8mm) n=[279, 487, 803, 665, 238, 827, 335]  no evaluation (geometry pre-check)
  [ 201] OK     f=   1.484  a=41.6 b=61.1 gap=26.6 (face=25.2mm) n=[364, 285, 900, 483, 402, 769, 422]  tape=1.484km B=11.36T unif=0.235% hoop=290MPa
  [ 202] viol   f=  99.351  a=40.1 b=55.5 gap=17.4 (face=6.7mm) n=[568, 745, 537, 772, 452, 448, 77]  tape=1.271km B=16.59T unif=1.700% hoop=334MPa
  [ 203] viol   f=  13.788  a=43.1 b=101.7 gap=33.0 (face=38.0mm) n=[52, 506, 778, 143, 774, 464, 167]  tape=1.579km B=7.53T unif=0.498% hoop=198MPa
  [ 204] OK     f=   1.667  a=38.3 b=84.7 gap=17.1 (face=6.2mm) n=[90, 444, 711, 900, 62, 685, 578]  tape=1.667km B=12.90T unif=0.643% hoop=280MPa
  [ 205] OK     f=   2.761  a=43.4 b=140.2 gap=28.5 (face=29.0mm) n=[467, 858, 456, 413, 640, 508, 468]  tape=2.761km B=10.44T unif=0.398% hoop=367MPa
  [ 206] viol   f=   6.926  a=51.8 b=104.3 gap=26.6 (face=25.2mm) n=[171, 204, 730, 813, 361, 270, 371]  tape=1.745km B=8.39T unif=0.538% hoop=301MPa
  [ 207] INFEAS f=7503.808  a=57.2 b=49.5 gap=19.9 (face=11.7mm) n=[201, 610, 685, 453, 658, 633, 374]  no evaluation (geometry pre-check)
  [ 208] OK     f=   1.198  a=33.5 b=65.7 gap=25.1 (face=22.1mm) n=[157, 741, 437, 778, 209, 506, 244]  tape=1.198km B=11.32T unif=0.993% hoop=216MPa
  [ 209] INFEAS f=7760.614  a=28.9 b=98.5 gap=30.1 (face=32.1mm) n=[68, 579, 900, 606, 337, 215, 353]  no evaluation (geometry pre-check)
  [ 210] viol   f=  21.446  a=48.9 b=80.8 gap=19.5 (face=11.0mm) n=[261, 606, 661, 334, 261, 415, 206]  tape=1.322km B=9.94T unif=1.317% hoop=312MPa
  [ 211] viol   f=   4.966  a=67.4 b=85.2 gap=21.8 (face=15.5mm) n=[108, 312, 862, 551, 427, 638, 373]  tape=1.838km B=9.07T unif=1.083% hoop=400MPa
  [ 212] viol   f=   1.399  a=33.9 b=72.0 gap=25.7 (face=23.5mm) n=[167, 348, 716, 505, 86, 377, 733]  tape=1.200km B=9.68T unif=0.689% hoop=206MPa
  [ 213] viol   f=   5.210  a=28.3 b=77.0 gap=20.6 (face=13.1mm) n=[378, 564, 590, 631, 354, 624, 541]  tape=1.445km B=15.09T unif=1.137% hoop=218MPa
  [ 214] INFEAS f=3443.062  a=30.7 b=119.6 gap=29.8 (face=31.6mm) n=[215, 444, 864, 308, 778, 836, 515]  no evaluation (geometry pre-check)
  [ 215] OK     f=   1.330  a=34.5 b=64.2 gap=31.9 (face=35.8mm) n=[304, 763, 670, 718, 508, 440, 143]  tape=1.330km B=10.90T unif=0.462% hoop=210MPa
  [ 216] OK     f=   1.206  a=38.7 b=68.3 gap=24.7 (face=21.5mm) n=[96, 648, 565, 327, 301, 550, 589]  tape=1.206km B=10.73T unif=0.738% hoop=246MPa
  [ 217] INFEAS f=25760.014  a=21.8 b=55.3 gap=24.0 (face=19.9mm) n=[80, 364, 475, 899, 201, 775, 405]  no evaluation (geometry pre-check)
  [ 218] INFEAS f=3398.431  a=25.9 b=58.7 gap=19.4 (face=10.7mm) n=[101, 631, 734, 561, 282, 254, 582]  no evaluation (geometry pre-check)
  [ 219] viol   f=  15.174  a=32.2 b=70.4 gap=30.3 (face=32.7mm) n=[75, 537, 274, 399, 137, 626, 474]  tape=0.993km B=7.34T unif=0.443% hoop=161MPa
  [ 220] INFEAS f=12143.905  a=26.5 b=41.7 gap=31.6 (face=35.2mm) n=[232, 895, 357, 601, 293, 785, 721]  no evaluation (geometry pre-check)
  [ 221] INFEAS f=7612.013  a=24.0 b=89.4 gap=18.3 (face=8.6mm) n=[237, 607, 766, 447, 342, 484, 285]  no evaluation (geometry pre-check)
  [ 222] viol   f=   6.954  a=51.2 b=62.3 gap=28.9 (face=29.9mm) n=[157, 691, 339, 832, 145, 224, 186]  tape=1.114km B=8.29T unif=0.220% hoop=240MPa
  [ 223] INFEAS f=7152.579  a=29.3 b=44.8 gap=26.7 (face=25.3mm) n=[306, 214, 526, 781, 98, 224, 900]  no evaluation (geometry pre-check)
  [ 224] OK     f=   2.210  a=61.2 b=92.7 gap=30.2 (face=32.3mm) n=[137, 692, 758, 633, 162, 891, 709]  tape=2.210km B=10.25T unif=0.468% hoop=358MPa
  [ 225] OK     f=   1.438  a=47.1 b=63.5 gap=25.4 (face=22.7mm) n=[274, 396, 863, 769, 445, 616, 79]  tape=1.438km B=11.71T unif=0.313% hoop=290MPa
  [ 226] OK     f=   1.847  a=43.7 b=94.5 gap=19.5 (face=11.1mm) n=[309, 897, 870, 593, 117, 300, 359]  tape=1.847km B=12.87T unif=0.848% hoop=307MPa
  [ 227] INFEAS f=1297.092  a=28.9 b=60.3 gap=16.0 (face=4.0mm) n=[108, 376, 644, 733, 206, 221, 52]  no evaluation (geometry pre-check)
  [ 228] viol   f=   5.235  a=31.6 b=90.6 gap=33.8 (face=39.5mm) n=[303, 332, 650, 456, 600, 413, 587]  tape=1.562km B=8.64T unif=0.607% hoop=205MPa
  [ 229] OK     f=   1.478  a=36.4 b=81.1 gap=20.6 (face=13.2mm) n=[80, 710, 826, 353, 263, 424, 516]  tape=1.478km B=11.90T unif=0.846% hoop=250MPa
  [ 230] viol   f=  18.338  a=34.2 b=70.7 gap=16.7 (face=5.3mm) n=[335, 730, 583, 334, 545, 394, 693]  tape=1.448km B=15.38T unif=1.291% hoop=291MPa
  [ 231] OK     f=   2.227  a=50.1 b=100.1 gap=19.7 (face=11.3mm) n=[378, 694, 547, 686, 313, 893, 342]  tape=2.227km B=11.78T unif=0.677% hoop=400MPa
  [ 232] INFEAS f=6901.460  a=51.5 b=44.4 gap=26.4 (face=24.7mm) n=[108, 471, 407, 438, 330, 371, 135]  no evaluation (geometry pre-check)
  [ 233] OK     f=   1.403  a=42.5 b=62.6 gap=22.6 (face=17.2mm) n=[161, 899, 736, 553, 199, 522, 322]  tape=1.403km B=12.89T unif=0.979% hoop=282MPa
  [ 234] viol   f=  13.603  a=40.1 b=75.5 gap=18.2 (face=8.4mm) n=[415, 755, 701, 570, 401, 633, 398]  tape=1.677km B=15.78T unif=1.244% hoop=332MPa
  [ 235] OK     f=   1.318  a=40.2 b=66.7 gap=23.2 (face=18.3mm) n=[262, 476, 717, 862, 124, 135, 576]  tape=1.318km B=11.11T unif=0.785% hoop=245MPa
  [ 236] INFEAS f=7751.974  a=26.8 b=59.2 gap=22.2 (face=16.5mm) n=[188, 740, 842, 762, 63, 358, 424]  no evaluation (geometry pre-check)
  [ 237] viol   f=   3.603  a=53.3 b=90.5 gap=18.8 (face=9.7mm) n=[365, 735, 898, 669, 192, 408, 184]  tape=1.889km B=11.59T unif=1.093% hoop=368MPa
  [ 238] viol   f=   3.087  a=59.9 b=88.8 gap=29.5 (face=31.1mm) n=[188, 487, 740, 712, 309, 495, 418]  tape=1.798km B=9.20T unif=0.645% hoop=326MPa
  [ 239] viol   f=  20.432  a=60.2 b=86.2 gap=20.0 (face=12.0mm) n=[232, 727, 837, 708, 299, 366, 507]  tape=1.964km B=11.74T unif=1.304% hoop=400MPa
  [ 240] OK     f=   1.593  a=49.0 b=66.3 gap=23.3 (face=18.6mm) n=[288, 872, 660, 490, 605, 153, 572]  tape=1.593km B=12.75T unif=0.873% hoop=341MPa
  [ 241] viol   f=   7.502  a=62.8 b=91.8 gap=21.8 (face=15.5mm) n=[496, 880, 555, 427, 381, 424, 204]  tape=1.975km B=9.04T unif=1.135% hoop=400MPa
  [ 242] viol   f=  33.941  a=45.6 b=75.9 gap=19.0 (face=10.0mm) n=[211, 779, 828, 650, 124, 118, 59]  tape=1.247km B=11.26T unif=1.404% hoop=247MPa
  [ 243] OK     f=   1.134  a=41.1 b=55.0 gap=21.4 (face=14.7mm) n=[159, 715, 786, 666, 168, 301, 344]  tape=1.134km B=13.20T unif=0.970% hoop=235MPa
  [ 244] OK     f=   1.838  a=41.5 b=85.4 gap=21.6 (face=15.2mm) n=[559, 564, 634, 760, 287, 681, 382]  tape=1.838km B=13.86T unif=0.776% hoop=340MPa
  [ 245] viol   f=   1.810  a=38.4 b=68.0 gap=21.6 (face=15.2mm) n=[236, 452, 762, 851, 458, 327, 337]  tape=1.447km B=12.70T unif=1.043% hoop=290MPa
  [ 246] INFEAS f=5990.989  a=49.9 b=43.7 gap=23.1 (face=18.2mm) n=[398, 867, 403, 837, 314, 296, 453]  no evaluation (geometry pre-check)
  [ 247] viol   f=  63.244  a=49.7 b=70.5 gap=17.9 (face=7.7mm) n=[251, 830, 698, 537, 226, 348, 732]  tape=1.615km B=13.54T unif=1.555% hoop=353MPa
  [ 248] INFEAS f=1416.646  a=34.8 b=74.3 gap=21.2 (face=14.5mm) n=[70, 899, 729, 750, 235, 202, 455]  no evaluation (geometry pre-check)
  [ 249] viol   f=   2.706  a=45.3 b=85.4 gap=25.2 (face=22.4mm) n=[135, 539, 754, 746, 176, 210, 186]  tape=1.347km B=9.18T unif=0.835% hoop=234MPa
  [ 250] OK     f=   1.292  a=40.6 b=52.7 gap=19.7 (face=11.3mm) n=[329, 563, 713, 726, 171, 789, 477]  tape=1.292km B=15.48T unif=0.472% hoop=290MPa
  [ 251] viol   f=  10.212  a=40.0 b=78.1 gap=22.1 (face=16.2mm) n=[468, 374, 892, 831, 353, 432, 577]  tape=1.824km B=13.43T unif=1.205% hoop=312MPa
  [ 252] OK     f=   1.180  a=46.3 b=60.7 gap=23.2 (face=18.5mm) n=[109, 695, 629, 684, 56, 538, 442]  tape=1.180km B=12.00T unif=0.763% hoop=257MPa
  [ 253] INFEAS f=3521.499  a=28.9 b=27.9 gap=17.3 (face=6.7mm) n=[460, 750, 500, 774, 346, 386, 262]  no evaluation (geometry pre-check)
  [ 254] OK     f=   1.349  a=44.4 b=62.7 gap=24.6 (face=21.2mm) n=[149, 730, 706, 717, 51, 801, 359]  tape=1.349km B=12.48T unif=0.439% hoop=244MPa
  [ 255] INFEAS f=3625.960  a=31.5 b=37.6 gap=27.3 (face=26.5mm) n=[204, 616, 485, 889, 62, 232, 368]  no evaluation (geometry pre-check)
  [ 256] INFEAS f=1477.078  a=32.3 b=41.1 gap=24.3 (face=20.5mm) n=[83, 655, 836, 798, 242, 625, 299]  no evaluation (geometry pre-check)
  [ 257] OK     f=   1.620  a=43.1 b=74.3 gap=17.8 (face=7.6mm) n=[178, 579, 900, 797, 140, 563, 406]  tape=1.620km B=13.64T unif=0.945% hoop=320MPa
  [ 258] viol   f=  91.666  a=40.1 b=66.0 gap=20.8 (face=13.6mm) n=[102, 891, 873, 715, 177, 668, 366]  tape=1.511km B=15.37T unif=1.671% hoop=251MPa
  [ 259] OK     f=   1.779  a=47.1 b=79.1 gap=20.2 (face=12.3mm) n=[156, 610, 761, 504, 636, 702, 513]  tape=1.779km B=13.71T unif=0.971% hoop=354MPa
  [ 260] OK     f=   1.141  a=35.7 b=53.4 gap=24.6 (face=21.2mm) n=[218, 662, 689, 604, 201, 747, 311]  tape=1.141km B=12.62T unif=0.420% hoop=202MPa
  [ 261] OK     f=   1.568  a=42.5 b=78.9 gap=23.8 (face=19.6mm) n=[234, 900, 646, 439, 74, 844, 218]  tape=1.568km B=11.58T unif=0.788% hoop=266MPa
  [ 262] OK     f=   1.245  a=39.0 b=51.4 gap=19.2 (face=10.5mm) n=[66, 581, 863, 776, 271, 629, 420]  tape=1.245km B=15.00T unif=0.341% hoop=259MPa
  [ 263] OK     f=   1.126  a=42.3 b=59.4 gap=20.4 (face=12.8mm) n=[137, 647, 437, 842, 75, 575, 154]  tape=1.126km B=11.03T unif=0.836% hoop=250MPa
  [ 264] INFEAS f=4076.485  a=50.9 b=47.1 gap=19.9 (face=11.8mm) n=[99, 691, 742, 639, 140, 516, 582]  no evaluation (geometry pre-check)
  [ 265] viol   f=   1.961  a=45.3 b=73.8 gap=37.7 (face=47.5mm) n=[104, 830, 716, 689, 384, 600, 405]  tape=1.660km B=9.61T unif=0.414% hoop=255MPa
  [ 266] OK     f=   1.261  a=49.0 b=67.7 gap=26.8 (face=25.7mm) n=[125, 693, 638, 638, 108, 589, 271]  tape=1.261km B=10.44T unif=0.617% hoop=257MPa
  [ 267] OK     f=   1.089  a=40.1 b=60.7 gap=24.1 (face=20.3mm) n=[381, 605, 405, 557, 79, 497, 492]  tape=1.089km B=11.42T unif=0.828% hoop=241MPa
  [ 268] OK     f=   1.090  a=44.6 b=57.2 gap=27.3 (face=26.6mm) n=[178, 557, 534, 551, 261, 655, 232]  tape=1.090km B=10.01T unif=0.124% hoop=244MPa
  [ 269] OK     f=   2.045  a=44.7 b=89.8 gap=26.3 (face=24.7mm) n=[173, 875, 723, 816, 249, 823, 431]  tape=2.045km B=13.14T unif=0.673% hoop=295MPa
  [ 270] viol   f= 407.957  a=39.8 b=50.6 gap=32.6 (face=37.1mm) n=[211, 240, 661, 802, 275, 522, 596]  tape=1.150km B=9.17T unif=2.424% hoop=196MPa
  [ 271] INFEAS f=1344.767  a=47.7 b=49.7 gap=22.9 (face=17.7mm) n=[96, 841, 635, 654, 162, 574, 199]  no evaluation (geometry pre-check)
  [ 272] viol   f=   7.996  a=36.7 b=87.9 gap=23.5 (face=18.9mm) n=[219, 479, 298, 836, 280, 258, 273]  tape=1.368km B=8.18T unif=0.651% hoop=265MPa
  [ 273] OK     f=   1.911  a=48.4 b=93.3 gap=19.4 (face=10.9mm) n=[64, 800, 742, 553, 297, 845, 330]  tape=1.911km B=12.31T unif=0.803% hoop=326MPa
  [ 274] INFEAS f=1515.980  a=48.1 b=49.5 gap=22.0 (face=15.9mm) n=[276, 484, 539, 731, 380, 842, 583]  no evaluation (geometry pre-check)
  [ 275] viol   f=   1.619  a=34.6 b=54.4 gap=21.9 (face=15.7mm) n=[50, 501, 407, 672, 57, 568, 71]  tape=0.775km B=9.35T unif=0.504% hoop=179MPa
  [ 276] INFEAS f=2615.974  a=40.1 b=38.8 gap=20.1 (face=12.1mm) n=[446, 300, 442, 706, 112, 397, 320]  no evaluation (geometry pre-check)
  [ 277] OK     f=   1.045  a=40.6 b=57.4 gap=26.3 (face=24.7mm) n=[115, 627, 627, 455, 102, 547, 582]  tape=1.045km B=10.75T unif=0.383% hoop=210MPa
  [ 278] OK     f=   1.157  a=51.4 b=62.2 gap=25.5 (face=22.9mm) n=[324, 729, 329, 758, 75, 532, 74]  tape=1.157km B=10.10T unif=0.672% hoop=264MPa
  [ 279] viol   f=  12.484  a=28.8 b=54.9 gap=30.0 (face=32.0mm) n=[258, 267, 435, 359, 101, 637, 490]  tape=0.847km B=7.59T unif=0.620% hoop=192MPa
  [ 280] viol   f=   1.243  a=34.9 b=70.5 gap=25.2 (face=22.4mm) n=[99, 759, 406, 550, 243, 606, 234]  tape=1.204km B=10.08T unif=1.014% hoop=209MPa
  [ 281] OK     f=   1.614  a=60.6 b=71.7 gap=25.9 (face=23.8mm) n=[152, 839, 585, 477, 231, 564, 451]  tape=1.614km B=10.20T unif=0.934% hoop=365MPa  [a=109 b=151 nt=3648] KSP converged reason: 4, iterations: 1
  [a=57 b=179 nt=2867] KSP converged reason: 4, iterations: 1
  [a=46 b=135 nt=2767] KSP converged reason: 4, iterations: 1
  [a=45 b=193 nt=4343] KSP converged reason: 4, iterations: 1
  [a=43 b=149 nt=3139] KSP converged reason: 4, iterations: 1
  [a=55 b=149 nt=2798] KSP converged reason: 4, iterations: 1
  [a=45 b=133 nt=2580] KSP converged reason: 4, iterations: 1
  [a=44 b=132 nt=3877] KSP converged reason: 4, iterations: 1
  [a=63 b=84 nt=3503] KSP converged reason: 4, iterations: 1
  [a=37 b=133 nt=3716] KSP converged reason: 4, iterations: 1
  [a=50 b=110 nt=4625] KSP converged reason: 4, iterations: 1
  [a=57 b=70 nt=4417] KSP converged reason: 4, iterations: 1
  [a=61 b=95 nt=3447] KSP converged reason: 4, iterations: 1
  [a=58 b=64 nt=3587] KSP converged reason: 4, iterations: 1
  [a=58 b=73 nt=3130] KSP converged reason: 4, iterations: 1
  [a=82 b=112 nt=3541] KSP converged reason: 4, iterations: 1
  [a=40 b=87 nt=3139] KSP converged reason: 4, iterations: 1
  [a=55 b=61 nt=3534] KSP converged reason: 4, iterations: 1
  [a=54 b=73 nt=3005] KSP converged reason: 4, iterations: 1
  [a=44 b=93 nt=3432] KSP converged reason: 4, iterations: 1
  [a=48 b=57 nt=4014] KSP converged reason: 4, iterations: 1
  [a=56 b=74 nt=3436] KSP converged reason: 4, iterations: 1
  [a=54 b=69 nt=3440] KSP converged reason: 4, iterations: 1
  [a=61 b=72 nt=4113] KSP converged reason: 4, iterations: 1
  [a=49 b=89 nt=2959] KSP converged reason: 4, iterations: 1
  [a=43 b=71 nt=4419] KSP converged reason: 4, iterations: 1
  [a=49 b=75 nt=3186] KSP converged reason: 4, iterations: 1
  [a=41 b=57 nt=2855] KSP converged reason: 4, iterations: 1
  [a=34 b=78 nt=2884] KSP converged reason: 4, iterations: 1
  [a=38 b=85 nt=3470] KSP converged reason: 4, iterations: 1
  [a=49 b=81 nt=2744] KSP converged reason: 4, iterations: 1
  [a=32 b=70 nt=2522] KSP converged reason: 4, iterations: 1
  [a=61 b=93 nt=3982] KSP converged reason: 4, iterations: 1
  [a=40 b=67 nt=3152] KSP converged reason: 4, iterations: 1
  [a=60 b=86 nt=3676] KSP converged reason: 4, iterations: 1
  [a=50 b=71 nt=3622] KSP converged reason: 4, iterations: 1
  [a=44 b=63 nt=3513] KSP converged reason: 4, iterations: 1
  [a=42 b=59 nt=2867] KSP converged reason: 4, iterations: 1
  [a=45 b=57 nt=2968] KSP converged reason: 4, iterations: 1
  [a=35 b=54 nt=2326] KSP converged reason: 4, iterations: 1
  [a=35 b=70 nt=2897] KSP converged reason: 4, iterations: 1
  [a=44 b=75 nt=2928] KSP converged reason: 4, iterations: 1
  [a=37 b=52 nt=2771] KSP converged reason: 4, iterations: 1
  [a=37 b=58 nt=2806] KSP converged reason: 4, iterations: 1
  [a=44 b=58 nt=2977] KSP converged reason: 4, iterations: 1
  [a=111 b=154 nt=2994] KSP converged reason: 4, iterations: 1
  [a=97 b=153 nt=2425] KSP converged reason: 4, iterations: 1
  [a=86 b=139 nt=4070] KSP converged reason: 4, iterations: 1
  [a=65 b=142 nt=2882] KSP converged reason: 4, iterations: 1
  [a=41 b=167 nt=4248] KSP converged reason: 4, iterations: 1
  [a=63 b=125 nt=2896] KSP converged reason: 4, iterations: 1
  [a=39 b=130 nt=3502] KSP converged reason: 4, iterations: 1
  [a=70 b=85 nt=3416] KSP converged reason: 4, iterations: 1
  [a=53 b=79 nt=4179] KSP converged reason: 4, iterations: 1
  [a=43 b=96 nt=3754] KSP converged reason: 4, iterations: 1
  [a=49 b=98 nt=2884] KSP converged reason: 4, iterations: 1
  [a=59 b=138 nt=3758] KSP converged reason: 4, iterations: 1
  [a=79 b=103 nt=3238] KSP converged reason: 4, iterations: 1
  [a=58 b=104 nt=3637] KSP converged reason: 4, iterations: 1
  [a=58 b=70 nt=4189] KSP converged reason: 4, iterations: 1
  [a=59 b=93 nt=3562] KSP converged reason: 4, iterations: 1
  [a=54 b=74 nt=4279] KSP converged reason: 4, iterations: 1
  [a=55 b=72 nt=4044] KSP converged reason: 4, iterations: 1
  [a=63 b=84 nt=3238] KSP converged reason: 4, iterations: 1
  [a=56 b=90 nt=3923] KSP converged reason: 4, iterations: 1
  [a=39 b=90 nt=3069] KSP converged reason: 4, iterations: 1
  [a=44 b=51 nt=3502] KSP converged reason: 4, iterations: 1
  [a=36 b=54 nt=2985] KSP converged reason: 4, iterations: 1
  [a=42 b=61 nt=3625] KSP converged reason: 4, iterations: 1
  [a=28 b=77 nt=3682] KSP converged reason: 4, iterations: 1
  [a=44 b=95 nt=3445] KSP converged reason: 4, iterations: 1
  [a=40 b=76 nt=3873] KSP converged reason: 4, iterations: 1
  [a=41 b=85 nt=3867] KSP converged reason: 4, iterations: 1
  [a=43 b=74 nt=3563] KSP converged reason: 4, iterations: 1
  [a=36 b=53 nt=3432] KSP converged reason: 4, iterations: 1
  [a=40 b=61 nt=3016] KSP converged reason: 4, iterations: 1
  [a=48 b=93 nt=3631] KSP converged reason: 4, iterations: 1
  [a=46 b=73 nt=3164] KSP converged reason: 4, iterations: 1
  [a=41 b=60 nt=3095] KSP converged reason: 4, iterations: 1
  [a=43 b=55 nt=2502] KSP converged reason: 4, iterations: 1
  [a=84 b=157 nt=3953] KSP converged reason: 4, iterations: 1
  [a=94 b=158 nt=3588] KSP converged reason: 4, iterations: 1
  [a=65 b=184 nt=4078] KSP converged reason: 4, iterations: 1
  [a=50 b=183 nt=3348] KSP converged reason: 4, iterations: 1
  [a=56 b=179 nt=4371] KSP converged reason: 4, iterations: 1
  [a=34 b=126 nt=2908] KSP converged reason: 4, iterations: 1
  [a=42 b=151 nt=2097] KSP converged reason: 4, iterations: 1
  [a=61 b=116 nt=4044] KSP converged reason: 4, iterations: 1
  [a=43 b=113 nt=3868] KSP converged reason: 4, iterations: 1
  [a=42 b=112 nt=4000] KSP converged reason: 4, iterations: 1
  [a=69 b=117 nt=3902] KSP converged reason: 4, iterations: 1
  [a=80 b=102 nt=2499] KSP converged reason: 4, iterations: 1
  [a=41 b=118 nt=4104] KSP converged reason: 4, iterations: 1
  [a=47 b=113 nt=4389] KSP converged reason: 4, iterations: 1
  [a=46 b=67 nt=2948] KSP converged reason: 4, iterations: 1
  [a=57 b=63 nt=3872] KSP converged reason: 4, iterations: 1
  [a=72 b=98 nt=3231] KSP converged reason: 4, iterations: 1
  [a=62 b=89 nt=3752] KSP converged reason: 4, iterations: 1
  [a=63 b=97 nt=3576] KSP converged reason: 4, iterations: 1
  [a=50 b=118 nt=3737] KSP converged reason: 4, iterations: 1
  [a=50 b=101 nt=3101] KSP converged reason: 4, iterations: 1
  [a=73 b=82 nt=3818] KSP converged reason: 4, iterations: 1
  [a=38 b=52 nt=3344] KSP converged reason: 4, iterations: 1
  [a=37 b=59 nt=3086] KSP converged reason: 4, iterations: 1
  [a=42 b=82 nt=3685] KSP converged reason: 4, iterations: 1
  [a=38 b=85 nt=3882] KSP converged reason: 4, iterations: 1
  [a=43 b=140 nt=3810] KSP converged reason: 4, iterations: 1
  [a=39 b=68 nt=3076] KSP converged reason: 4, iterations: 1
  [a=47 b=64 nt=3442] KSP converged reason: 4, iterations: 1
  [a=43 b=63 nt=3392] KSP converged reason: 4, iterations: 1
  [a=49 b=66 nt=3640] KSP converged reason: 4, iterations: 1
  [a=38 b=68 nt=3423] KSP converged reason: 4, iterations: 1
  [a=40 b=78 nt=3927] KSP converged reason: 4, iterations: 1
  [a=49 b=68 nt=3062] KSP converged reason: 4, iterations: 1
  [a=37 b=88 nt=2643] KSP converged reason: 4, iterations: 1
  [a=33 b=52 nt=2535] KSP converged reason: 4, iterations: 1
  [a=50 b=59 nt=2737] KSP converged reason: 4, iterations: 1
  [a=40 b=64 nt=3042] KSP converged reason: 4, iterations: 1
  [a=46 b=63 nt=3290] KSP converged reason: 4, iterations: 1
  [a=91 b=155 nt=3405] KSP converged reason: 4, iterations: 1
  [a=65 b=127 nt=2367] KSP converged reason: 4, iterations: 1
  [a=41 b=193 nt=2808] KSP converged reason: 4, iterations: 1
  [a=51 b=176 nt=3530] KSP converged reason: 4, iterations: 1
  [a=37 b=124 nt=3713] KSP converged reason: 4, iterations: 1
  [a=57 b=154 nt=2835] KSP converged reason: 4, iterations: 1
  [a=62 b=120 nt=3714] KSP converged reason: 4, iterations: 1
  [a=55 b=122 nt=3972] KSP converged reason: 4, iterations: 1
  [a=37 b=88 nt=3592] KSP converged reason: 4, iterations: 1
  [a=38 b=159 nt=2467] KSP converged reason: 4, iterations: 1
  [a=76 b=92 nt=3164] KSP converged reason: 4, iterations: 1
  [a=46 b=92 nt=4559] KSP converged reason: 4, iterations: 1
  [a=39 b=108 nt=3472] KSP converged reason: 4, iterations: 1
  [a=43 b=120 nt=3636] KSP converged reason: 4, iterations: 1
  [a=61 b=118 nt=3421] KSP converged reason: 4, iterations: 1
  [a=48 b=117 nt=3870] KSP converged reason: 4, iterations: 1
  [a=45 b=115 nt=4132] KSP converged reason: 4, iterations: 1
  [a=55 b=107 nt=3210] KSP converged reason: 4, iterations: 1
  [a=67 b=87 nt=3747] KSP converged reason: 4, iterations: 1
  [a=54 b=92 nt=3796] KSP converged reason: 4, iterations: 1
  [a=49 b=93 nt=4106] KSP converged reason: 4, iterations: 1
  [a=61 b=68 nt=3173] KSP converged reason: 4, iterations: 1
  [a=38 b=91 nt=3689] KSP converged reason: 4, iterations: 1
  [a=37 b=69 nt=3082] KSP converged reason: 4, iterations: 1
  [a=31 b=39 nt=3585] KSP converged reason: 4, iterations: 1
  [a=41 b=66 nt=4060] KSP converged reason: 4, iterations: 1
  [a=36 b=46 nt=3161] KSP converged reason: 4, iterations: 1
  [a=43 b=102 nt=2884] KSP converged reason: 4, iterations: 1
  [a=67 b=85 nt=3271] KSP converged reason: 4, iterations: 1
  [a=36 b=81 nt=3172] KSP converged reason: 4, iterations: 1
  [a=50 b=100 nt=3853] KSP converged reason: 4, iterations: 1
  [a=46 b=76 nt=2769] KSP converged reason: 4, iterations: 1
  [a=45 b=85 nt=2746] KSP converged reason: 4, iterations: 1
  [a=40 b=66 nt=3792] KSP converged reason: 4, iterations: 1
  [a=39 b=51 nt=3606] KSP converged reason: 4, iterations: 1
  [a=45 b=90 nt=4090] KSP converged reason: 4, iterations: 1
  [a=29 b=55 nt=2547] KSP converged reason: 4, iterations: 1
  [a=47 b=79 nt=2735] KSP converged reason: 4, iterations: 1
  [a=38 b=46 nt=3034] KSP converged reason: 4, iterations: 1
  [a=42 b=72 nt=3005] KSP converged reason: 4, iterations: 1
  [a=39 b=53 nt=3590] KSP converged reason: 4, iterations: 1
  [a=72 b=132 nt=3707] KSP converged reason: 4, iterations: 1
  [a=123 b=140 nt=3387] KSP converged reason: 4, iterations: 1
  [a=109 b=147 nt=3497] KSP converged reason: 4, iterations: 1
  [a=80 b=154 nt=3139] KSP converged reason: 4, iterations: 1
  [a=51 b=132 nt=2305] KSP converged reason: 4, iterations: 1
  [a=78 b=148 nt=3925] KSP converged reason: 4, iterations: 1
  [a=54 b=185 nt=3053] KSP converged reason: 4, iterations: 1
  [a=60 b=97 nt=2459] KSP converged reason: 4, iterations: 1
  [a=78 b=130 nt=4099] KSP converged reason: 4, iterations: 1
  [a=39 b=100 nt=5083] KSP converged reason: 4, iterations: 1
  [a=40 b=124 nt=3519] KSP converged reason: 4, iterations: 1
  [a=69 b=133 nt=2854] KSP converged reason: 4, iterations: 1
  [a=60 b=111 nt=3311] KSP converged reason: 4, iterations: 1
  [a=58 b=71 nt=3191] KSP converged reason: 4, iterations: 1
  [a=59 b=81 nt=3939] KSP converged reason: 4, iterations: 1
  [a=45 b=93 nt=3165] KSP converged reason: 4, iterations: 1
  [a=53 b=95 nt=3508] KSP converged reason: 4, iterations: 1
  [a=50 b=65 nt=3184] KSP converged reason: 4, iterations: 1
  [a=65 b=95 nt=3589] KSP converged reason: 4, iterations: 1
  [a=40 b=79 nt=3584] KSP converged reason: 4, iterations: 1
  [a=41 b=63 nt=3257] KSP converged reason: 4, iterations: 1
  [a=41 b=55 nt=2958] KSP converged reason: 4, iterations: 1
  [a=62 b=98 nt=3497] KSP converged reason: 4, iterations: 1
  [a=40 b=55 nt=3599] KSP converged reason: 4, iterations: 1
  [a=34 b=72 nt=2932] KSP converged reason: 4, iterations: 1
  [a=51 b=62 nt=2574] KSP converged reason: 4, iterations: 1
  [a=34 b=71 nt=3614] KSP converged reason: 4, iterations: 1
  [a=60 b=89 nt=3349] KSP converged reason: 4, iterations: 1
  [a=41 b=55 nt=3139] KSP converged reason: 4, iterations: 1
  [a=41 b=53 nt=3768] KSP converged reason: 4, iterations: 1
  [a=47 b=79 nt=3882] KSP converged reason: 4, iterations: 1
  [a=45 b=74 nt=3728] KSP converged reason: 4, iterations: 1
  [a=51 b=62 nt=2821] KSP converged reason: 4, iterations: 1
  [a=61 b=72 nt=3299] KSP converged reason: 4, iterations: 1
  [a=36 b=47 nt=2607] KSP converged reason: 4, iterations: 1
  [a=35 b=75 nt=2262] KSP converged reason: 4, iterations: 1
  [a=39 b=75 nt=2867] KSP converged reason: 4, iterations: 1
  [a=86 b=153 nt=3251] KSP converged reason: 4, iterations: 1
  [a=61 b=163 nt=2992] KSP converged reason: 4, iterations: 1
  [a=79 b=169 nt=4321] KSP converged reason: 4, iterations: 1
  [a=44 b=138 nt=4163] KSP converged reason: 4, iterations: 1
  [a=47 b=171 nt=3792] KSP converged reason: 4, iterations: 1
  [a=41 b=168 nt=3905] KSP converged reason: 4, iterations: 1
  [a=37 b=148 nt=3058] KSP converged reason: 4, iterations: 1
  [a=66 b=137 nt=3947] KSP converged reason: 4, iterations: 1
  [a=55 b=109 nt=3868] KSP converged reason: 4, iterations: 1
  [a=62 b=148 nt=3494] KSP converged reason: 4, iterations: 1
  [a=42 b=119 nt=2797] KSP converged reason: 4, iterations: 1
  [a=47 b=106 nt=4391] KSP converged reason: 4, iterations: 1
  [a=49 b=79 nt=3071] KSP converged reason: 4, iterations: 1
  [a=56 b=75 nt=3205] KSP converged reason: 4, iterations: 1
  [a=76 b=113 nt=3579] KSP converged reason: 4, iterations: 1
  [a=64 b=98 nt=4639] KSP converged reason: 4, iterations: 1
  [a=52 b=83 nt=3567] KSP converged reason: 4, iterations: 1
  [a=60 b=86 nt=4188] KSP converged reason: 4, iterations: 1
  [a=66 b=88 nt=3594] KSP converged reason: 4, iterations: 1
  [a=54 b=79 nt=3738] KSP converged reason: 4, iterations: 1
  [a=51 b=79 nt=3271] KSP converged reason: 4, iterations: 1
  [a=49 b=59 nt=3445] KSP converged reason: 4, iterations: 1
  [a=49 b=87 nt=3942] KSP converged reason: 4, iterations: 1
  [a=42 b=113 nt=2732] KSP converged reason: 4, iterations: 1
  [a=56 b=99 nt=3187] KSP converged reason: 4, iterations: 1
  [a=52 b=104 nt=2920] KSP converged reason: 4, iterations: 1
  [a=34 b=66 nt=3072] KSP converged reason: 4, iterations: 1
  [a=35 b=64 nt=3546] KSP converged reason: 4, iterations: 1
  [a=32 b=91 nt=3341] KSP converged reason: 4, iterations: 1
  [a=53 b=91 nt=3451] KSP converged reason: 4, iterations: 1
  [a=63 b=92 nt=3367] KSP converged reason: 4, iterations: 1
  [a=46 b=61 nt=3153] KSP converged reason: 4, iterations: 1
  [a=43 b=79 nt=3355] KSP converged reason: 4, iterations: 1
  [a=40 b=51 nt=3307] KSP converged reason: 4, iterations: 1
  [a=41 b=57 nt=3055] KSP converged reason: 4, iterations: 1
  [a=40 b=64 nt=2882] KSP converged reason: 4, iterations: 1
  [a=37 b=63 nt=2142] KSP converged reason: 4, iterations: 1
  [a=29 b=39 nt=3038] KSP converged reason: 4, iterations: 1
  [a=43 b=51 nt=2480] KSP converged reason: 4, iterations: 1
  [a=33 b=53 nt=3374] KSP converged reason: 4, iterations: 1

  [ 282] OK     f=   0.783  a=32.5 b=52.0 gap=22.0 (face=16.0mm) n=[66, 550, 548, 339, 107, 583, 342]  tape=0.783km B=10.56T unif=0.704% hoop=167MPa
  [ 283] viol   f=   2.654  a=46.6 b=79.4 gap=24.4 (face=20.8mm) n=[261, 749, 480, 638, 93, 296, 218]  tape=1.310km B=9.18T unif=0.942% hoop=259MPa
  [ 284] OK     f=   1.144  a=40.2 b=64.0 gap=26.5 (face=25.1mm) n=[90, 759, 550, 659, 288, 404, 132]  tape=1.144km B=10.12T unif=0.670% hoop=212MPa
  [ 285] viol   f=  20.046  a=46.3 b=73.3 gap=21.3 (face=14.6mm) n=[93, 784, 724, 648, 129, 617, 169]  tape=1.376km B=12.10T unif=1.306% hoop=268MPa
  [ 286] viol   f=   2.363  a=44.5 b=74.7 gap=26.4 (face=24.8mm) n=[114, 816, 378, 637, 233, 343, 407]  tape=1.367km B=9.29T unif=0.909% hoop=243MPa
  [ 287] OK     f=   0.957  a=36.8 b=51.6 gap=23.1 (face=18.1mm) n=[204, 712, 266, 626, 254, 385, 324]  tape=0.957km B=10.97T unif=0.430% hoop=208MPa
  [ 288] viol   f=   3.402  a=50.1 b=59.0 gap=27.6 (face=27.1mm) n=[61, 615, 529, 404, 50, 741, 337]  tape=1.086km B=8.92T unif=0.152% hoop=253MPa
  [ 289] viol   f=   8.900  a=37.4 b=62.7 gap=23.4 (face=18.9mm) n=[231, 465, 378, 344, 230, 151, 343]  tape=0.784km B=8.55T unif=1.139% hoop=205MPa
  [ 290] viol   f= 640.417  a=37.8 b=46.4 gap=30.5 (face=33.1mm) n=[133, 630, 610, 748, 111, 466, 336]  tape=0.962km B=9.81T unif=2.788% hoop=178MPa
  [ 291] OK     f=   1.232  a=40.8 b=60.1 gap=23.3 (face=18.7mm) n=[202, 898, 496, 701, 79, 567, 152]  tape=1.232km B=11.86T unif=0.749% hoop=251MPa
  [ 292] viol   f=   3.384  a=36.4 b=47.0 gap=23.6 (face=19.2mm) n=[54, 564, 577, 319, 168, 494, 431]  tape=0.775km B=10.59T unif=1.114% hoop=187MPa
  [ 293] OK     f=   1.118  a=40.1 b=63.8 gap=25.1 (face=22.2mm) n=[80, 582, 531, 561, 414, 597, 277]  tape=1.118km B=11.03T unif=0.640% hoop=225MPa
  [ 294] viol   f=   1.367  a=37.0 b=58.2 gap=24.9 (face=21.8mm) n=[301, 820, 315, 498, 168, 459, 245]  tape=1.101km B=10.36T unif=1.037% hoop=243MPa
  [ 295] INFEAS f=2103.954  a=21.2 b=48.1 gap=23.1 (face=18.3mm) n=[467, 569, 295, 565, 215, 518, 395]  no evaluation (geometry pre-check)
  [ 296] INFEAS f=2942.213  a=27.5 b=43.8 gap=22.6 (face=17.1mm) n=[156, 600, 765, 376, 214, 689, 417]  no evaluation (geometry pre-check)
  [ 297] viol   f=4046.603  a=29.4 b=39.4 gap=30.3 (face=32.6mm) n=[245, 646, 249, 584, 331, 570, 413]  tape=0.795km B=9.57T unif=5.497% hoop=160MPa
  [ 298] viol   f=  12.073  a=42.0 b=71.6 gap=21.4 (face=14.8mm) n=[137, 802, 562, 402, 169, 575, 358]  tape=1.333km B=10.99T unif=1.232% hoop=269MPa
  [ 299] INFEAS f=1331.964  a=35.0 b=65.0 gap=19.6 (face=11.2mm) n=[161, 900, 522, 636, 302, 665, 249]  no evaluation (geometry pre-check)
  [ 300] INFEAS f=1011.053  a=32.6 b=54.2 gap=23.5 (face=19.0mm) n=[83, 797, 328, 504, 170, 538, 148]  no evaluation (geometry pre-check)
  [ 301] OK     f=   1.158  a=44.0 b=58.2 gap=25.0 (face=22.0mm) n=[108, 780, 338, 583, 208, 619, 341]  tape=1.158km B=10.42T unif=0.439% hoop=233MPa
  [ 302] viol   f=   3.976  a=42.5 b=51.0 gap=26.2 (face=24.4mm) n=[83, 518, 418, 692, 243, 446, 80]  tape=0.870km B=8.75T unif=0.348% hoop=211MPa
  [ 303] viol   f=   9.589  a=35.4 b=74.5 gap=25.4 (face=22.8mm) n=[294, 720, 261, 360, 75, 487, 65]  tape=0.994km B=8.14T unif=1.092% hoop=207MPa
  [ 304] INFEAS f=4654.738  a=30.9 b=65.5 gap=31.2 (face=34.4mm) n=[291, 897, 595, 660, 173, 891, 94]  no evaluation (geometry pre-check)
  [ 305] OK     f=   1.178  a=38.8 b=53.0 gap=24.6 (face=21.2mm) n=[231, 650, 566, 561, 221, 698, 663]  tape=1.178km B=12.96T unif=0.212% hoop=235MPa
  [ 306] viol   f=   8.308  a=42.7 b=55.2 gap=30.8 (face=33.7mm) n=[184, 626, 258, 503, 348, 305, 278]  tape=0.920km B=8.08T unif=0.531% hoop=238MPa
  [ 307] viol   f=  74.888  a=46.0 b=63.3 gap=17.9 (face=7.9mm) n=[297, 696, 467, 702, 250, 636, 242]  tape=1.296km B=13.42T unif=1.607% hoop=322MPa
  [ 308] viol   f=   1.252  a=39.2 b=75.4 gap=24.9 (face=21.8mm) n=[219, 760, 390, 582, 119, 715, 82]  tape=1.247km B=9.95T unif=0.786% hoop=216MPa
  [ 309] INFEAS f=5016.000  a=44.8 b=39.8 gap=27.1 (face=26.2mm) n=[116, 714, 296, 780, 85, 578, 60]  no evaluation (geometry pre-check)
  [ 310] OK     f=   1.095  a=32.7 b=52.5 gap=24.6 (face=21.1mm) n=[290, 590, 664, 636, 137, 748, 309]  tape=1.095km B=12.88T unif=0.388% hoop=203MPa

==========================================================================================
CMA-ES finished: 310 evaluations in 8.6 min
==========================================================================================

Best feasible design found:
  a_mm             32.54385290976776
  b_mm             52.00493187670916
  gap_mm           22.020347638815824
  face_gap_mm      16.040695277631652
  n_turns          [66, 550, 548, 339, 107, 583, 342]
  n_total          2535
  tape_km          0.7834355290953183
  B_target_T       10.563533266376753
  uniformity_pct   0.7036089807529168
  hoop_MPa         167.04931280104768
  delam_MPa        12.04925356523789
  I_quench_A       401.2890671934182
  I_op_A           220.73106006238623
  binding          quench/SF
  clip_frac        0.14739688979039892

Full evaluation history -> optimize/cmaes_history.csv
Best design            -> optimize/cmaes_results.csv
Appended 310 rows to cumulative master log -> optimize/cmaes_all_evaluations.csv

Figures -> /home/gerrityjack/fenicsx/Racetrack-Coil-Optimization/visualization/cmaes_convergence.png, cmaes_constraints.png, cmaes_variables.png, cmaes_overview.png
Cumulative parameter-space map -> visualization/cmaes_param_map.png (23700 evaluations, 76 runs)
