Starting CMA-ES: 10 variables, budget 300 evaluations, target B >= 10.0 T, uniformity <= 1.0%, hoop <= 400 MPa, coil-coil face gap >= 3 mm

Parallel mode: 6 worker processes per generation.
  [   1] viol   f=   3.652  a=38.9 b=190.3 gap=31.3 (face=34.6mm) n=[119, 687, 535, 846, 859, 540, 347]  tape=3.517km B=9.74T unif=0.295% hoop=259MPa
  [   2] viol   f=  17.525  a=63.1 b=222.2 gap=42.2 (face=56.5mm) n=[205, 174, 709, 890, 847, 854, 362]  tape=4.328km B=7.43T unif=0.135% hoop=344MPa
  [   3] viol   f=  48.733  a=35.1 b=175.2 gap=43.1 (face=58.3mm) n=[113, 163, 516, 512, 854, 419, 183]  tape=2.356km B=5.18T unif=0.284% hoop=216MPa
  [   4] viol   f=  19.418  a=66.3 b=191.5 gap=44.9 (face=61.9mm) n=[322, 493, 900, 834, 892, 160, 317]  tape=3.770km B=7.20T unif=0.157% hoop=335MPa
  [   5] viol   f=  18.867  a=76.2 b=200.6 gap=37.0 (face=46.0mm) n=[336, 379, 871, 694, 869, 381, 546]  tape=4.181km B=7.29T unif=0.127% hoop=400MPa
  [   6] INFEAS f=26237.474  a=18.7 b=170.7 gap=44.7 (face=61.4mm) n=[243, 68, 820, 725, 438, 306, 82]  no evaluation (geometry pre-check)
  [   7] INFEAS f=3087.293  a=29.6 b=198.8 gap=44.7 (face=61.4mm) n=[494, 50, 528, 824, 577, 500, 222]  no evaluation (geometry pre-check)
  [   8] INFEAS f=1559.080  a=34.5 b=208.2 gap=43.0 (face=58.1mm) n=[253, 228, 279, 673, 899, 286, 410]  no evaluation (geometry pre-check)
  [   9] viol   f=  28.758  a=38.3 b=197.0 gap=42.4 (face=56.7mm) n=[175, 190, 900, 889, 416, 733, 149]  tape=3.188km B=6.42T unif=0.328% hoop=204MPa
  [  10] viol   f=  15.077  a=52.8 b=196.5 gap=43.5 (face=58.9mm) n=[460, 84, 900, 752, 766, 581, 452]  tape=3.827km B=7.63T unif=0.210% hoop=307MPa
  [  11] INFEAS f=2209.379  a=30.7 b=176.4 gap=43.9 (face=59.9mm) n=[190, 611, 732, 827, 747, 723, 409]  no evaluation (geometry pre-check)
  [  12] viol   f=   7.337  a=39.5 b=168.7 gap=40.3 (face=52.6mm) n=[482, 376, 689, 860, 665, 701, 359]  tape=3.374km B=8.59T unif=0.308% hoop=264MPa
  [  13] viol   f=  14.417  a=53.1 b=193.7 gap=40.8 (face=53.6mm) n=[120, 457, 632, 582, 765, 643, 718]  tape=3.632km B=7.68T unif=0.186% hoop=319MPa
  [  14] viol   f=   4.988  a=52.4 b=196.5 gap=40.1 (face=52.3mm) n=[743, 137, 705, 801, 896, 871, 490]  tape=4.357km B=9.44T unif=0.195% hoop=319MPa
  [  15] INFEAS f=1004.696  a=34.6 b=177.8 gap=31.8 (face=35.6mm) n=[290, 435, 682, 708, 847, 619, 127]  no evaluation (geometry pre-check)
  [  16] viol   f=  39.497  a=49.0 b=196.3 gap=37.8 (face=47.6mm) n=[145, 94, 659, 438, 890, 389, 209]  tape=2.739km B=5.71T unif=0.165% hoop=246MPa
  [  17] viol   f=  21.676  a=40.3 b=177.6 gap=38.7 (face=49.4mm) n=[178, 75, 512, 782, 692, 632, 506]  tape=2.851km B=6.93T unif=0.319% hoop=215MPa
  [  18] viol   f=  26.095  a=57.4 b=190.9 gap=41.2 (face=54.3mm) n=[264, 326, 763, 688, 812, 416, 58]  tape=3.126km B=6.61T unif=0.175% hoop=281MPa
  [  19] viol   f=  38.396  a=92.7 b=198.2 gap=39.6 (face=51.2mm) n=[134, 839, 510, 669, 848, 563, 383]  tape=4.137km B=5.86T unif=0.184% hoop=400MPa
  [  20] INFEAS f=6820.435  a=28.8 b=179.6 gap=33.4 (face=38.7mm) n=[715, 194, 635, 809, 880, 753, 611]  no evaluation (geometry pre-check)
  [  21] viol   f=   4.369  a=51.1 b=165.1 gap=44.9 (face=61.9mm) n=[871, 56, 750, 900, 900, 671, 828]  tape=3.959km B=9.55T unif=0.295% hoop=306MPa
  [  22] viol   f=  19.821  a=49.8 b=179.9 gap=44.7 (face=61.4mm) n=[899, 117, 694, 297, 891, 219, 461]  tape=3.163km B=7.11T unif=0.287% hoop=242MPa
  [  23] INFEAS f=1041.478  a=36.1 b=211.8 gap=37.0 (face=46.0mm) n=[544, 567, 796, 781, 900, 732, 477]  no evaluation (geometry pre-check)
  [  24] viol   f=   4.817  a=41.2 b=212.9 gap=33.7 (face=39.4mm) n=[488, 519, 676, 776, 661, 454, 223]  tape=3.753km B=9.27T unif=0.176% hoop=277MPa
  [  25] INFEAS f=9334.075  a=25.8 b=182.9 gap=37.3 (face=46.7mm) n=[202, 216, 838, 622, 762, 690, 164]  no evaluation (geometry pre-check)
  [  26] viol   f=   3.358  a=39.2 b=153.4 gap=34.5 (face=41.1mm) n=[296, 538, 542, 649, 881, 898, 670]  tape=3.358km B=9.99T unif=0.319% hoop=323MPa
  [  27] INFEAS f=1931.422  a=33.1 b=187.4 gap=31.6 (face=35.2mm) n=[138, 296, 418, 881, 594, 443, 817]  no evaluation (geometry pre-check)
  [  28] viol   f=  13.773  a=54.8 b=143.7 gap=41.3 (face=54.6mm) n=[275, 392, 446, 784, 886, 640, 411]  tape=2.917km B=7.67T unif=0.252% hoop=353MPa
  [  29] viol   f=   8.504  a=63.2 b=197.9 gap=41.6 (face=55.3mm) n=[597, 137, 759, 873, 884, 695, 672]  tape=4.474km B=8.58T unif=0.150% hoop=400MPa
  [  30] OK     f=   4.105  a=38.2 b=167.8 gap=42.5 (face=57.1mm) n=[893, 845, 627, 613, 647, 872, 701]  tape=4.105km B=10.51T unif=0.444% hoop=290MPa
  [  31] viol   f=   7.362  a=48.6 b=147.5 gap=44.7 (face=61.4mm) n=[566, 232, 747, 662, 889, 655, 672]  tape=3.311km B=8.58T unif=0.260% hoop=317MPa
  [  32] OK     f=   4.694  a=49.3 b=200.4 gap=38.1 (face=48.3mm) n=[582, 371, 799, 873, 722, 900, 692]  tape=4.694km B=10.27T unif=0.201% hoop=326MPa
  [  33] viol   f=   5.148  a=60.6 b=148.3 gap=39.5 (face=51.0mm) n=[311, 595, 558, 813, 794, 896, 614]  tape=3.556km B=9.11T unif=0.247% hoop=400MPa
  [  34] OK     f=   3.686  a=55.5 b=151.1 gap=39.2 (face=50.4mm) n=[617, 233, 897, 897, 829, 581, 772]  tape=3.686km B=10.18T unif=0.289% hoop=344MPa
  [  35] viol   f=   3.614  a=60.7 b=149.4 gap=35.7 (face=43.4mm) n=[731, 830, 393, 375, 893, 848, 578]  tape=3.607km B=9.94T unif=0.233% hoop=400MPa
  [  36] INFEAS f=4331.854  a=30.1 b=181.3 gap=39.8 (face=51.7mm) n=[781, 483, 630, 636, 499, 869, 343]  no evaluation (geometry pre-check)
  [  37] OK     f=   3.296  a=37.4 b=160.7 gap=29.1 (face=30.2mm) n=[466, 224, 794, 690, 871, 504, 714]  tape=3.296km B=10.95T unif=0.435% hoop=263MPa
  [  38] viol   f=   5.350  a=62.2 b=202.5 gap=36.0 (face=44.0mm) n=[705, 399, 811, 595, 412, 879, 801]  tape=4.568km B=9.37T unif=0.103% hoop=400MPa
  [  39] INFEAS f=1158.606  a=33.2 b=174.1 gap=44.0 (face=59.9mm) n=[354, 515, 638, 838, 678, 727, 792]  no evaluation (geometry pre-check)
  [  40] viol   f=   4.712  a=41.1 b=171.1 gap=45.0 (face=62.0mm) n=[858, 670, 629, 621, 883, 480, 554]  tape=3.856km B=9.35T unif=0.340% hoop=304MPa
  [  41] OK     f=   4.658  a=64.0 b=176.9 gap=28.4 (face=28.8mm) n=[712, 887, 775, 726, 861, 455, 887]  tape=4.658km B=11.34T unif=0.178% hoop=400MPa
  [  42] viol   f=  10.753  a=65.4 b=155.9 gap=40.7 (face=53.5mm) n=[523, 157, 444, 873, 757, 877, 506]  tape=3.379km B=8.08T unif=0.221% hoop=362MPa
  [  43] viol   f=   4.228  a=64.3 b=166.5 gap=30.0 (face=32.1mm) n=[406, 448, 875, 450, 842, 900, 860]  tape=4.054km B=9.71T unif=0.178% hoop=400MPa
  [  44] viol   f=   4.773  a=72.4 b=175.2 gap=34.5 (face=40.9mm) n=[638, 883, 852, 437, 893, 758, 900]  tape=4.770km B=9.96T unif=0.179% hoop=400MPa
  [  45] INFEAS f=8961.860  a=28.3 b=158.4 gap=39.9 (face=51.7mm) n=[212, 515, 785, 674, 861, 900, 900]  no evaluation (geometry pre-check)
  [  46] OK     f=   3.242  a=58.6 b=147.0 gap=28.8 (face=29.6mm) n=[491, 132, 804, 475, 870, 724, 763]  tape=3.242km B=10.13T unif=0.237% hoop=365MPa
  [  47] viol   f=   6.373  a=56.2 b=174.8 gap=38.5 (face=48.9mm) n=[757, 388, 559, 602, 605, 438, 775]  tape=3.562km B=8.81T unif=0.188% hoop=400MPa
  [  48] viol   f=  16.941  a=79.8 b=173.1 gap=36.3 (face=44.6mm) n=[252, 131, 785, 724, 876, 672, 889]  tape=3.931km B=7.45T unif=0.201% hoop=400MPa
  [  49] INFEAS f=3950.188  a=31.3 b=170.7 gap=20.8 (face=13.6mm) n=[404, 59, 759, 845, 893, 673, 340]  no evaluation (geometry pre-check)
  [  50] INFEAS f=8225.573  a=28.4 b=192.4 gap=39.2 (face=50.3mm) n=[813, 747, 796, 806, 818, 893, 236]  no evaluation (geometry pre-check)
  [  51] viol   f=  61.055  a=127.2 b=154.9 gap=39.5 (face=51.0mm) n=[896, 54, 543, 611, 729, 569, 615]  tape=3.866km B=4.65T unif=0.413% hoop=400MPa
  [  52] viol   f=  13.443  a=67.0 b=130.5 gap=40.8 (face=53.7mm) n=[778, 536, 430, 115, 729, 847, 233]  tape=2.645km B=7.68T unif=0.283% hoop=350MPa
  [  53] INFEAS f=24755.984  a=22.1 b=150.4 gap=33.0 (face=38.1mm) n=[900, 365, 863, 103, 808, 208, 425]  no evaluation (geometry pre-check)
  [  54] viol   f=  16.902  a=90.4 b=147.2 gap=18.0 (face=8.0mm) n=[646, 461, 874, 201, 624, 892, 828]  tape=3.773km B=7.44T unif=0.517% hoop=400MPa
  [  55] viol   f=  39.302  a=69.7 b=157.0 gap=16.7 (face=5.4mm) n=[107, 356, 730, 69, 207, 275, 572]  tape=1.957km B=5.68T unif=0.368% hoop=353MPa
  [  56] OK     f=   4.069  a=55.6 b=185.9 gap=25.4 (face=22.9mm) n=[332, 392, 801, 873, 750, 579, 734]  tape=4.069km B=11.17T unif=0.114% hoop=400MPa
  [  57] viol   f=   4.599  a=59.1 b=199.8 gap=36.7 (face=45.4mm) n=[798, 94, 832, 596, 740, 893, 728]  tape=4.516km B=9.80T unif=0.133% hoop=377MPa
  [  58] OK     f=   4.442  a=54.4 b=182.9 gap=27.3 (face=26.7mm) n=[786, 824, 774, 266, 892, 645, 837]  tape=4.442km B=13.11T unif=0.099% hoop=400MPa
  [  59] OK     f=   4.301  a=70.1 b=154.7 gap=19.0 (face=10.0mm) n=[875, 562, 817, 860, 900, 720, 600]  tape=4.301km B=10.94T unif=0.384% hoop=400MPa
  [  60] INFEAS f=1124.105  a=35.7 b=152.3 gap=21.2 (face=14.3mm) n=[897, 157, 873, 469, 859, 896, 900]  no evaluation (geometry pre-check)
  [  61] viol   f=   7.971  a=75.8 b=181.1 gap=24.9 (face=21.7mm) n=[468, 640, 873, 536, 900, 595, 882]  tape=4.576km B=8.70T unif=0.230% hoop=400MPa
  [  62] OK     f=   3.726  a=43.4 b=167.0 gap=27.7 (face=27.5mm) n=[362, 614, 778, 805, 714, 630, 806]  tape=3.726km B=12.81T unif=0.315% hoop=317MPa
  [  63] viol   f=   6.178  a=56.8 b=197.9 gap=37.4 (face=46.8mm) n=[631, 501, 607, 474, 795, 707, 583]  tape=4.125km B=8.99T unif=0.116% hoop=393MPa
  [  64] viol   f=  13.020  a=90.7 b=169.9 gap=24.4 (face=20.9mm) n=[883, 168, 355, 891, 817, 896, 869]  tape=4.425km B=7.93T unif=0.346% hoop=400MPa
  [  65] viol   f=   3.981  a=62.6 b=174.3 gap=24.7 (face=21.4mm) n=[538, 55, 890, 662, 557, 873, 561]  tape=3.656km B=9.60T unif=0.197% hoop=400MPa
  [  66] OK     f=   4.237  a=46.7 b=196.8 gap=17.8 (face=7.5mm) n=[729, 391, 678, 819, 876, 259, 806]  tape=4.237km B=14.15T unif=0.094% hoop=400MPa
  [  67] viol   f=  39.507  a=90.6 b=175.1 gap=19.4 (face=10.8mm) n=[858, 185, 599, 643, 444, 415, 626]  tape=3.640km B=5.77T unif=0.343% hoop=400MPa
  [  68] viol   f=  12.634  a=77.5 b=163.3 gap=31.9 (face=35.8mm) n=[429, 364, 828, 744, 897, 617, 409]  tape=3.780km B=7.90T unif=0.272% hoop=400MPa
  [  69] viol   f=   3.976  a=59.9 b=178.8 gap=20.9 (face=13.7mm) n=[541, 245, 734, 825, 520, 505, 871]  tape=3.811km B=9.71T unif=0.195% hoop=400MPa
  [  70] OK     f=   4.382  a=68.5 b=154.7 gap=32.1 (face=36.2mm) n=[877, 899, 629, 706, 859, 899, 621]  tape=4.382km B=10.88T unif=0.263% hoop=400MPa
  [  71] OK     f=   3.798  a=43.5 b=216.7 gap=20.5 (face=13.1mm) n=[411, 135, 663, 419, 807, 572, 757]  tape=3.798km B=10.91T unif=0.116% hoop=328MPa
  [  72] viol   f=   4.094  a=63.6 b=166.1 gap=28.9 (face=29.8mm) n=[468, 766, 899, 888, 557, 583, 643]  tape=4.090km B=9.96T unif=0.217% hoop=400MPa
  [  73] viol   f=  13.157  a=82.1 b=157.9 gap=24.4 (face=20.8mm) n=[429, 564, 883, 881, 611, 766, 765]  tape=4.183km B=7.88T unif=0.362% hoop=400MPa
  [  74] viol   f=  12.427  a=83.6 b=144.5 gap=22.0 (face=16.0mm) n=[579, 63, 825, 853, 527, 392, 897]  tape=3.351km B=7.87T unif=0.480% hoop=400MPa
  [  75] OK     f=   3.032  a=38.8 b=149.1 gap=23.7 (face=19.3mm) n=[208, 302, 689, 899, 813, 709, 506]  tape=3.032km B=11.99T unif=0.332% hoop=276MPa
  [  76] INFEAS f=32458.501  a=19.1 b=140.8 gap=15.8 (face=3.6mm) n=[527, 769, 829, 757, 879, 299, 438]  no evaluation (geometry pre-check)
  [  77] viol   f=   4.856  a=63.1 b=163.5 gap=27.7 (face=27.4mm) n=[573, 305, 791, 499, 693, 398, 827]  tape=3.440km B=9.16T unif=0.235% hoop=400MPa
  [  78] viol   f=   6.407  a=55.0 b=161.4 gap=37.7 (face=47.5mm) n=[460, 264, 679, 806, 832, 808, 259]  tape=3.313km B=8.76T unif=0.239% hoop=305MPa
  [  79] OK     f=   4.035  a=58.6 b=164.4 gap=19.3 (face=10.7mm) n=[522, 517, 884, 772, 747, 561, 871]  tape=4.035km B=10.72T unif=0.236% hoop=400MPa
  [  80] OK     f=   4.580  a=39.9 b=193.7 gap=32.0 (face=36.0mm) n=[477, 521, 894, 607, 900, 897, 817]  tape=4.580km B=11.94T unif=0.342% hoop=316MPa
  [  81] OK     f=   3.389  a=42.2 b=193.9 gap=20.8 (face=13.6mm) n=[299, 305, 524, 900, 450, 528, 571]  tape=3.389km B=10.08T unif=0.139% hoop=400MPa
  [  82] INFEAS f=5770.532  a=30.0 b=173.7 gap=31.4 (face=34.8mm) n=[595, 566, 464, 896, 719, 852, 418]  no evaluation (geometry pre-check)
  [  83] viol   f=  15.115  a=75.1 b=166.0 gap=16.5 (face=5.0mm) n=[83, 199, 437, 755, 856, 409, 770]  tape=3.097km B=7.55T unif=0.328% hoop=400MPa
  [  84] viol   f=  10.050  a=61.9 b=208.0 gap=21.6 (face=15.1mm) n=[79, 70, 882, 860, 474, 531, 440]  tape=3.415km B=8.18T unif=0.161% hoop=400MPa
  [  85] viol   f=  13.793  a=44.1 b=133.6 gap=39.5 (face=51.0mm) n=[139, 437, 572, 609, 656, 884, 339]  tape=2.539km B=7.63T unif=0.308% hoop=277MPa
  [  86] OK     f=   4.120  a=50.2 b=197.4 gap=21.0 (face=14.0mm) n=[462, 163, 684, 602, 798, 772, 879]  tape=4.120km B=11.78T unif=0.091% hoop=394MPa
  [  87] INFEAS f=1751.920  a=34.1 b=162.5 gap=24.5 (face=21.0mm) n=[433, 208, 672, 858, 632, 898, 663]  no evaluation (geometry pre-check)
  [  88] OK     f=   3.522  a=49.1 b=199.1 gap=17.2 (face=6.3mm) n=[106, 298, 477, 525, 824, 898, 511]  tape=3.522km B=10.16T unif=0.182% hoop=400MPa
  [  89] viol   f=   8.072  a=50.7 b=171.2 gap=19.4 (face=10.9mm) n=[64, 150, 79, 643, 776, 667, 587]  tape=2.483km B=8.33T unif=0.122% hoop=284MPa
  [  90] viol   f=  22.118  a=77.1 b=208.1 gap=23.8 (face=19.6mm) n=[177, 155, 626, 795, 821, 635, 356]  tape=3.747km B=6.97T unif=0.178% hoop=400MPa
  [  91] OK     f=   3.480  a=34.4 b=214.8 gap=15.6 (face=3.2mm) n=[158, 177, 459, 813, 818, 471, 649]  tape=3.480km B=12.50T unif=0.747% hoop=280MPa
  [  92] INFEAS f=1225.274  a=35.3 b=217.1 gap=18.0 (face=8.0mm) n=[420, 522, 792, 684, 663, 898, 647]  no evaluation (geometry pre-check)
  [  93] INFEAS f=15586.309  a=24.6 b=223.8 gap=15.5 (face=3.0mm) n=[341, 66, 611, 542, 830, 882, 62]  no evaluation (geometry pre-check)
  [  94] OK     f=   3.858  a=49.1 b=208.4 gap=19.2 (face=10.5mm) n=[511, 532, 231, 548, 642, 758, 710]  tape=3.858km B=10.80T unif=0.089% hoop=400MPa
  [  95] viol   f=   7.756  a=53.4 b=232.0 gap=27.2 (face=26.5mm) n=[201, 154, 698, 866, 483, 673, 604]  tape=4.059km B=8.64T unif=0.072% hoop=326MPa
  [  96] INFEAS f=1128.617  a=35.1 b=182.0 gap=23.1 (face=18.3mm) n=[418, 641, 315, 885, 804, 826, 792]  no evaluation (geometry pre-check)
  [  97] INFEAS f=2974.066  a=27.9 b=212.8 gap=20.8 (face=13.7mm) n=[63, 235, 684, 590, 249, 777, 562]  no evaluation (geometry pre-check)
  [  98] viol   f=   4.239  a=40.8 b=203.0 gap=17.2 (face=6.4mm) n=[174, 111, 53, 695, 721, 766, 310]  tape=2.664km B=9.11T unif=0.197% hoop=222MPa
  [  99] viol   f=   4.822  a=46.4 b=170.8 gap=18.9 (face=9.8mm) n=[455, 194, 199, 893, 498, 411, 525]  tape=2.756km B=8.98T unif=0.184% hoop=350MPa
  [ 100] viol   f=  13.603  a=76.0 b=150.2 gap=16.7 (face=5.4mm) n=[576, 543, 412, 815, 720, 398, 815]  tape=3.476km B=7.75T unif=0.432% hoop=400MPa
  [ 101] OK     f=   2.957  a=48.8 b=165.6 gap=17.4 (face=6.8mm) n=[187, 186, 399, 659, 900, 623, 568]  tape=2.957km B=10.03T unif=0.109% hoop=389MPa
  [ 102] INFEAS f=49725.669  a=15.5 b=214.3 gap=16.2 (face=4.4mm) n=[154, 269, 231, 528, 788, 723, 892]  no evaluation (geometry pre-check)
  [ 103] INFEAS f=14625.138  a=25.2 b=211.5 gap=26.5 (face=25.0mm) n=[242, 424, 626, 880, 887, 800, 838]  no evaluation (geometry pre-check)
  [ 104] viol   f=   3.783  a=43.8 b=197.8 gap=26.0 (face=24.1mm) n=[622, 360, 185, 817, 784, 431, 330]  tape=3.323km B=9.52T unif=0.146% hoop=273MPa
  [ 105] INFEAS f=23205.086  a=22.6 b=187.0 gap=16.0 (face=4.0mm) n=[99, 488, 170, 899, 723, 771, 770]  no evaluation (geometry pre-check)
  [ 106] OK     f=   4.163  a=36.0 b=225.1 gap=16.7 (face=5.3mm) n=[276, 607, 172, 766, 775, 634, 846]  tape=4.163km B=13.83T unif=0.254% hoop=297MPa
  [ 107] viol   f=  31.309  a=85.3 b=180.2 gap=17.0 (face=6.0mm) n=[440, 334, 538, 816, 372, 892, 530]  tape=3.832km B=6.29T unif=0.296% hoop=400MPa
  [ 108] INFEAS f=18454.204  a=21.4 b=200.8 gap=15.5 (face=3.0mm) n=[422, 126, 253, 824, 492, 130, 438]  no evaluation (geometry pre-check)
  [ 109] viol   f=   3.962  a=59.2 b=216.1 gap=23.4 (face=18.8mm) n=[280, 147, 863, 856, 664, 860, 154]  tape=3.944km B=9.91T unif=0.061% hoop=360MPa
  [ 110] viol   f=   5.231  a=42.8 b=219.4 gap=16.7 (face=5.3mm) n=[65, 95, 58, 900, 719, 559, 498]  tape=2.987km B=8.94T unif=0.251% hoop=266MPa
  [ 111] OK     f=   3.536  a=52.7 b=174.5 gap=16.2 (face=4.4mm) n=[258, 580, 300, 900, 719, 619, 660]  tape=3.536km B=11.00T unif=0.161% hoop=400MPa
  [ 112] INFEAS f=7111.252  a=29.1 b=195.1 gap=21.0 (face=14.1mm) n=[889, 104, 474, 804, 447, 512, 894]  no evaluation (geometry pre-check)
  [ 113] INFEAS f=1010.550  a=36.4 b=198.8 gap=30.6 (face=33.1mm) n=[79, 296, 115, 761, 900, 886, 627]  no evaluation (geometry pre-check)
  [ 114] viol   f=   3.783  a=45.4 b=215.3 gap=27.2 (face=26.3mm) n=[394, 176, 866, 875, 740, 159, 534]  tape=3.781km B=9.97T unif=0.264% hoop=274MPa
  [ 115] INFEAS f=4110.905  a=29.1 b=176.4 gap=18.3 (face=8.5mm) n=[390, 158, 373, 830, 836, 345, 379]  no evaluation (geometry pre-check)
  [ 116] INFEAS f=129175.170  a=2.1 b=175.4 gap=16.4 (face=4.8mm) n=[177, 168, 333, 810, 882, 724, 286]  no evaluation (geometry pre-check)
  [ 117] INFEAS f=1109.147  a=35.1 b=228.6 gap=15.6 (face=3.1mm) n=[282, 109, 234, 680, 679, 883, 144]  no evaluation (geometry pre-check)
  [ 118] viol   f=  14.508  a=48.0 b=176.1 gap=36.8 (face=45.6mm) n=[482, 443, 530, 813, 689, 288, 138]  tape=2.943km B=7.60T unif=0.180% hoop=308MPa
  [ 119] viol   f=  15.752  a=70.2 b=189.6 gap=15.6 (face=3.2mm) n=[178, 613, 318, 292, 869, 898, 347]  tape=3.436km B=7.52T unif=0.213% hoop=400MPa
  [ 120] viol   f=  40.523  a=85.5 b=179.0 gap=17.4 (face=6.7mm) n=[426, 79, 51, 539, 715, 384, 734]  tape=2.779km B=5.66T unif=0.301% hoop=400MPa
  [ 121] OK     f=   3.156  a=32.6 b=249.2 gap=15.6 (face=3.2mm) n=[259, 329, 128, 666, 613, 487, 351]  tape=3.156km B=10.45T unif=0.558% hoop=262MPa
  [ 122] viol   f=  23.524  a=51.4 b=201.6 gap=17.3 (face=6.6mm) n=[206, 113, 512, 547, 230, 510, 109]  tape=2.122km B=6.73T unif=0.204% hoop=269MPa
  [ 123] viol   f=  16.774  a=51.6 b=236.3 gap=19.6 (face=11.1mm) n=[360, 161, 186, 865, 534, 255, 486]  tape=3.247km B=7.40T unif=0.066% hoop=329MPa
  [ 124] viol   f=   8.480  a=60.3 b=206.5 gap=16.3 (face=4.5mm) n=[338, 63, 684, 746, 504, 166, 607]  tape=3.119km B=8.36T unif=0.201% hoop=386MPa
  [ 125] viol   f=  23.035  a=65.5 b=203.5 gap=28.4 (face=28.8mm) n=[257, 239, 735, 812, 586, 210, 219]  tape=3.118km B=6.84T unif=0.143% hoop=391MPa
  [ 126] viol   f=   6.668  a=63.1 b=187.4 gap=23.7 (face=19.4mm) n=[250, 490, 295, 874, 844, 184, 710]  tape=3.444km B=8.73T unif=0.167% hoop=378MPa
  [ 127] viol   f=   5.513  a=59.8 b=177.7 gap=30.7 (face=33.4mm) n=[197, 355, 899, 680, 541, 883, 514]  tape=3.657km B=9.04T unif=0.141% hoop=384MPa
  [ 128] viol   f=   8.127  a=52.3 b=234.4 gap=22.8 (face=17.7mm) n=[322, 139, 618, 865, 440, 607, 318]  tape=3.721km B=8.52T unif=0.051% hoop=356MPa
  [ 129] viol   f=  14.757  a=60.1 b=165.7 gap=19.2 (face=10.5mm) n=[257, 137, 265, 888, 891, 68, 312]  tape=2.412km B=7.52T unif=0.199% hoop=293MPa
  [ 130] viol   f=   3.371  a=46.0 b=193.9 gap=21.2 (face=14.4mm) n=[397, 187, 322, 826, 544, 674, 657]  tape=3.369km B=9.97T unif=0.138% hoop=324MPa
  [ 131] viol   f=  13.736  a=57.1 b=219.8 gap=22.0 (face=16.0mm) n=[169, 409, 467, 611, 775, 416, 412]  tape=3.477km B=7.74T unif=0.115% hoop=400MPa
  [ 132] viol   f=   6.742  a=50.5 b=199.6 gap=34.8 (face=41.6mm) n=[294, 310, 589, 762, 620, 889, 721]  tape=4.040km B=8.84T unif=0.167% hoop=344MPa
  [ 133] OK     f=   4.062  a=46.6 b=219.4 gap=21.7 (face=15.5mm) n=[559, 619, 835, 840, 510, 419, 166]  tape=4.062km B=11.99T unif=0.084% hoop=382MPa
  [ 134] OK     f=   3.752  a=39.7 b=188.2 gap=21.9 (face=15.8mm) n=[529, 615, 176, 886, 466, 813, 724]  tape=3.752km B=12.09T unif=0.248% hoop=311MPa
  [ 135] INFEAS f=37831.907  a=14.2 b=243.5 gap=16.5 (face=5.0mm) n=[124, 322, 89, 785, 744, 591, 583]  no evaluation (geometry pre-check)
  [ 136] INFEAS f=10695.735  a=25.9 b=238.5 gap=21.1 (face=14.1mm) n=[86, 556, 176, 860, 732, 622, 567]  no evaluation (geometry pre-check)
  [ 137] INFEAS f=1660.477  a=33.7 b=246.3 gap=15.9 (face=3.8mm) n=[248, 884, 567, 743, 879, 641, 309]  no evaluation (geometry pre-check)
  [ 138] OK     f=   4.153  a=54.7 b=209.0 gap=16.1 (face=4.2mm) n=[463, 62, 256, 863, 900, 760, 876]  tape=4.153km B=11.89T unif=0.099% hoop=392MPa
  [ 139] INFEAS f=19831.489  a=23.6 b=251.3 gap=32.5 (face=37.0mm) n=[210, 169, 183, 897, 786, 252, 200]  no evaluation (geometry pre-check)
  [ 140] viol   f=   3.583  a=55.5 b=185.1 gap=21.6 (face=15.1mm) n=[542, 203, 567, 804, 683, 571, 229]  tape=3.297km B=9.62T unif=0.169% hoop=400MPa
  [ 141] OK     f=   3.489  a=39.5 b=184.9 gap=28.7 (face=29.4mm) n=[521, 133, 391, 900, 858, 752, 409]  tape=3.489km B=10.10T unif=0.309% hoop=275MPa
  [ 142] viol   f=   8.774  a=73.1 b=196.6 gap=23.7 (face=19.4mm) n=[406, 702, 314, 764, 783, 723, 567]  tape=4.187km B=8.49T unif=0.197% hoop=400MPa
  [ 143] viol   f=   3.634  a=41.1 b=207.2 gap=20.7 (face=13.4mm) n=[403, 63, 446, 868, 741, 293, 384]  tape=3.156km B=9.51T unif=0.243% hoop=301MPa
  [ 144] OK     f=   3.095  a=50.1 b=148.2 gap=21.2 (face=14.4mm) n=[898, 418, 584, 862, 773, 367, 194]  tape=3.095km B=12.59T unif=0.120% hoop=400MPa
  [ 145] viol   f=  22.406  a=79.5 b=182.7 gap=22.7 (face=17.4mm) n=[624, 602, 226, 618, 827, 570, 709]  tape=3.989km B=6.97T unif=0.253% hoop=400MPa
  [ 146] viol   f=  35.353  a=53.7 b=207.1 gap=35.2 (face=42.5mm) n=[482, 134, 302, 809, 428, 408, 203]  tape=2.831km B=5.97T unif=0.094% hoop=353MPa
  [ 147] OK     f=   4.390  a=54.9 b=197.1 gap=18.3 (face=8.7mm) n=[898, 323, 418, 879, 829, 538, 717]  tape=4.390km B=12.44T unif=0.187% hoop=400MPa
  [ 148] INFEAS f=5658.978  a=29.0 b=206.5 gap=18.6 (face=9.1mm) n=[551, 502, 703, 866, 553, 359, 119]  no evaluation (geometry pre-check)
  [ 149] viol   f=  10.384  a=44.8 b=215.8 gap=20.4 (face=12.9mm) n=[398, 296, 444, 761, 171, 478, 218]  tape=2.853km B=8.06T unif=0.050% hoop=327MPa
  [ 150] OK     f=   3.964  a=40.2 b=175.1 gap=23.2 (face=18.3mm) n=[737, 435, 892, 795, 654, 645, 583]  tape=3.964km B=14.52T unif=0.095% hoop=339MPa
  [ 151] OK     f=   3.791  a=46.9 b=174.9 gap=23.7 (face=19.4mm) n=[898, 621, 546, 605, 756, 782, 229]  tape=3.791km B=12.89T unif=0.144% hoop=379MPa
  [ 152] viol   f=   2.791  a=44.1 b=176.4 gap=18.0 (face=8.0mm) n=[402, 83, 397, 890, 799, 520, 95]  tape=2.757km B=9.87T unif=0.207% hoop=311MPa
  [ 153] viol   f=  14.238  a=47.9 b=176.5 gap=36.0 (face=44.0mm) n=[386, 341, 359, 770, 795, 454, 340]  tape=2.997km B=7.63T unif=0.203% hoop=344MPa
  [ 154] INFEAS f=5352.279  a=26.5 b=176.9 gap=28.9 (face=29.8mm) n=[307, 276, 633, 794, 548, 383, 51]  no evaluation (geometry pre-check)
  [ 155] OK     f=   3.570  a=48.3 b=171.8 gap=19.7 (face=11.4mm) n=[623, 272, 811, 617, 707, 680, 563]  tape=3.570km B=13.04T unif=0.139% hoop=399MPa
  [ 156] OK     f=   2.546  a=38.4 b=146.4 gap=22.7 (face=17.4mm) n=[533, 96, 585, 897, 628, 252, 446]  tape=2.546km B=10.47T unif=0.163% hoop=286MPa
  [ 157] viol   f=   6.551  a=80.7 b=132.0 gap=26.8 (face=25.6mm) n=[631, 234, 367, 885, 899, 787, 637]  tape=3.347km B=8.73T unif=0.501% hoop=400MPa
  [ 158] OK     f=   3.621  a=36.7 b=168.7 gap=21.7 (face=15.5mm) n=[629, 205, 695, 885, 701, 887, 536]  tape=3.621km B=13.98T unif=0.196% hoop=299MPa
  [ 159] viol   f=   3.592  a=56.1 b=161.5 gap=23.6 (face=19.2mm) n=[831, 98, 302, 717, 596, 721, 108]  tape=2.756km B=9.35T unif=0.278% hoop=336MPa
  [ 160] viol   f=   3.614  a=43.3 b=150.7 gap=37.2 (face=46.4mm) n=[877, 222, 696, 577, 856, 604, 151]  tape=2.968km B=9.43T unif=0.472% hoop=269MPa
  [ 161] viol   f=  13.661  a=68.3 b=127.3 gap=19.9 (face=11.7mm) n=[436, 433, 477, 751, 732, 484, 403]  tape=2.635km B=7.65T unif=0.560% hoop=400MPa
  [ 162] OK     f=   2.784  a=47.0 b=131.2 gap=21.8 (face=15.7mm) n=[523, 72, 899, 584, 612, 768, 616]  tape=2.784km B=12.08T unif=0.395% hoop=375MPa
  [ 163] INFEAS f=5936.807  a=30.0 b=178.9 gap=25.9 (face=23.7mm) n=[512, 129, 385, 894, 899, 573, 53]  no evaluation (geometry pre-check)
  [ 164] viol   f=   4.003  a=61.3 b=180.2 gap=20.1 (face=12.2mm) n=[399, 133, 554, 641, 861, 701, 820]  tape=3.711km B=9.62T unif=0.182% hoop=400MPa
  [ 165] viol   f=   2.250  a=46.9 b=125.7 gap=19.5 (face=11.1mm) n=[308, 64, 344, 893, 721, 447, 539]  tape=2.243km B=9.94T unif=0.364% hoop=326MPa
  [ 166] viol   f=   3.064  a=43.7 b=158.9 gap=21.7 (face=15.4mm) n=[431, 190, 717, 855, 561, 171, 124]  tape=2.427km B=9.44T unif=0.152% hoop=283MPa
  [ 167] INFEAS f=2910.034  a=32.2 b=114.8 gap=30.9 (face=33.9mm) n=[727, 441, 691, 889, 842, 183, 245]  no evaluation (geometry pre-check)
  [ 168] viol   f=   2.881  a=54.3 b=150.7 gap=20.5 (face=13.0mm) n=[628, 411, 480, 563, 791, 613, 223]  tape=2.877km B=9.96T unif=0.287% hoop=400MPa
  [ 169] OK     f=   3.229  a=64.9 b=132.9 gap=19.6 (face=11.3mm) n=[489, 336, 838, 852, 772, 580, 631]  tape=3.229km B=10.83T unif=0.489% hoop=400MPa
  [ 170] viol   f=   8.565  a=68.0 b=148.1 gap=28.0 (face=28.1mm) n=[432, 332, 726, 684, 858, 463, 222]  tape=2.991km B=8.33T unif=0.326% hoop=400MPa
  [ 171] viol   f=   6.497  a=66.4 b=129.8 gap=18.8 (face=9.5mm) n=[393, 295, 246, 893, 544, 691, 671]  tape=2.741km B=8.63T unif=0.499% hoop=400MPa
  [ 172] viol   f=   9.900  a=56.6 b=133.9 gap=19.1 (face=10.2mm) n=[365, 152, 379, 521, 644, 259, 508]  tape=2.000km B=8.01T unif=0.422% hoop=369MPa
  [ 173] viol   f=   3.180  a=57.1 b=162.9 gap=19.4 (face=10.9mm) n=[149, 230, 569, 774, 893, 616, 553]  tape=3.170km B=9.93T unif=0.241% hoop=400MPa
  [ 174] OK     f=   2.537  a=52.8 b=103.7 gap=21.6 (face=15.2mm) n=[470, 696, 366, 850, 880, 339, 790]  tape=2.537km B=13.20T unif=0.535% hoop=396MPa
  [ 175] OK     f=   3.236  a=65.8 b=132.6 gap=21.5 (face=15.0mm) n=[753, 192, 800, 724, 893, 861, 309]  tape=3.236km B=10.93T unif=0.500% hoop=400MPa
  [ 176] viol   f=  13.982  a=40.7 b=133.0 gap=37.3 (face=46.6mm) n=[550, 63, 748, 858, 394, 441, 156]  tape=2.189km B=7.57T unif=0.354% hoop=239MPa
  [ 177] OK     f=   2.666  a=42.9 b=143.2 gap=17.0 (face=6.0mm) n=[483, 67, 376, 896, 899, 723, 267]  tape=2.666km B=12.33T unif=0.625% hoop=334MPa
  [ 178] OK     f=   3.326  a=44.7 b=181.4 gap=23.2 (face=18.5mm) n=[582, 438, 515, 898, 759, 472, 82]  tape=3.326km B=10.49T unif=0.110% hoop=350MPa
  [ 179] OK     f=   2.726  a=59.8 b=119.1 gap=17.4 (face=6.7mm) n=[538, 367, 698, 866, 635, 502, 460]  tape=2.726km B=10.24T unif=0.605% hoop=400MPa
  [ 180] viol   f=   5.421  a=50.6 b=132.4 gap=33.4 (face=38.8mm) n=[131, 372, 381, 826, 843, 770, 518]  tape=2.640km B=8.82T unif=0.362% hoop=372MPa
  [ 181] viol   f=  16.133  a=75.2 b=138.9 gap=15.8 (face=3.6mm) n=[399, 459, 154, 887, 681, 720, 423]  tape=2.934km B=7.43T unif=0.524% hoop=400MPa
  [ 182] viol   f=   4.429  a=60.4 b=157.1 gap=16.7 (face=5.3mm) n=[582, 602, 114, 652, 693, 836, 519]  tape=3.240km B=9.23T unif=0.306% hoop=400MPa
  [ 183] INFEAS f=1034.846  a=36.2 b=124.7 gap=26.2 (face=24.4mm) n=[620, 707, 277, 900, 810, 900, 621]  no evaluation (geometry pre-check)
  [ 184] viol   f=   2.487  a=46.4 b=146.3 gap=15.9 (face=3.9mm) n=[297, 139, 315, 731, 894, 548, 339]  tape=2.482km B=9.95T unif=0.182% hoop=336MPa
  [ 185] OK     f=   2.808  a=45.3 b=148.3 gap=15.6 (face=3.2mm) n=[468, 206, 187, 894, 857, 572, 551]  tape=2.808km B=12.05T unif=0.389% hoop=383MPa
  [ 186] viol   f=  83.953  a=68.8 b=81.7 gap=15.5 (face=3.0mm) n=[372, 716, 469, 840, 767, 659, 315]  tape=2.186km B=11.32T unif=1.639% hoop=400MPa
  [ 187] OK     f=   2.567  a=41.2 b=115.1 gap=16.4 (face=4.9mm) n=[321, 730, 574, 554, 764, 891, 388]  tape=2.567km B=14.44T unif=0.417% hoop=400MPa
  [ 188] OK     f=   2.549  a=60.0 b=99.4 gap=37.5 (face=47.0mm) n=[699, 462, 834, 841, 595, 597, 409]  tape=2.549km B=10.25T unif=0.381% hoop=400MPa
  [ 189] OK     f=   2.566  a=52.9 b=107.1 gap=23.0 (face=18.0mm) n=[550, 889, 866, 709, 643, 127, 557]  tape=2.566km B=13.58T unif=0.626% hoop=400MPa
  [ 190] OK     f=   2.231  a=44.0 b=122.1 gap=21.6 (face=15.2mm) n=[653, 104, 765, 624, 446, 683, 288]  tape=2.231km B=11.83T unif=0.368% hoop=297MPa
  [ 191] OK     f=   2.579  a=63.1 b=114.2 gap=27.6 (face=27.1mm) n=[761, 265, 780, 895, 680, 164, 423]  tape=2.579km B=10.47T unif=0.586% hoop=381MPa
  [ 192] INFEAS f=2349.744  a=29.9 b=138.8 gap=16.2 (face=4.3mm) n=[66, 117, 709, 805, 481, 811, 441]  no evaluation (geometry pre-check)
  [ 193] viol   f=   3.042  a=51.2 b=156.5 gap=20.0 (face=11.9mm) n=[363, 383, 591, 860, 419, 775, 348]  tape=3.001km B=9.86T unif=0.157% hoop=400MPa
  [ 194] INFEAS f=10040.735  a=27.7 b=160.0 gap=19.2 (face=10.5mm) n=[166, 87, 900, 830, 732, 574, 159]  no evaluation (geometry pre-check)
  [ 195] OK     f=   2.389  a=49.1 b=100.9 gap=22.4 (face=16.8mm) n=[900, 408, 738, 660, 730, 340, 403]  tape=2.389km B=13.28T unif=0.635% hoop=366MPa
  [ 196] OK     f=   2.356  a=40.5 b=107.2 gap=34.6 (face=41.1mm) n=[892, 386, 797, 833, 759, 280, 236]  tape=2.356km B=11.21T unif=0.732% hoop=254MPa
  [ 197] viol   f=   7.352  a=61.1 b=124.0 gap=18.2 (face=8.4mm) n=[238, 591, 561, 546, 642, 855, 110]  tape=2.453km B=8.43T unif=0.537% hoop=400MPa
  [ 198] OK     f=   2.465  a=47.2 b=115.7 gap=24.6 (face=21.2mm) n=[813, 165, 880, 897, 756, 502, 73]  tape=2.465km B=13.15T unif=0.427% hoop=302MPa
  [ 199] viol   f=   2.136  a=59.2 b=98.1 gap=17.3 (face=6.7mm) n=[655, 271, 858, 346, 334, 476, 599]  tape=2.098km B=9.86T unif=0.984% hoop=400MPa
  [ 200] viol   f=   5.381  a=52.7 b=132.7 gap=17.2 (face=6.4mm) n=[431, 250, 475, 490, 489, 430, 680]  tape=2.257km B=8.75T unif=0.399% hoop=400MPa
  [ 201] INFEAS f=28640.368  a=20.9 b=101.1 gap=26.7 (face=25.3mm) n=[802, 63, 899, 195, 864, 344, 381]  no evaluation (geometry pre-check)
  [ 202] OK     f=   3.180  a=59.6 b=141.7 gap=17.3 (face=6.7mm) n=[543, 385, 891, 798, 673, 729, 213]  tape=3.180km B=10.59T unif=0.397% hoop=400MPa
  [ 203] viol   f=   2.189  a=63.2 b=97.1 gap=28.9 (face=29.7mm) n=[873, 426, 738, 664, 170, 554, 146]  tape=2.098km B=9.79T unif=0.836% hoop=366MPa
  [ 204] viol   f=   3.317  a=70.9 b=102.4 gap=18.1 (face=8.3mm) n=[587, 176, 739, 647, 613, 501, 617]  tape=2.339km B=9.33T unif=1.021% hoop=400MPa
  [ 205] viol   f=  37.798  a=40.3 b=94.1 gap=20.9 (face=13.8mm) n=[900, 299, 899, 188, 797, 312, 362]  tape=1.943km B=14.29T unif=1.423% hoop=281MPa
  [ 206] OK     f=   2.261  a=46.8 b=106.6 gap=21.5 (face=15.0mm) n=[898, 51, 900, 617, 653, 205, 604]  tape=2.261km B=13.53T unif=0.264% hoop=342MPa
  [ 207] viol   f=  14.115  a=62.1 b=107.6 gap=16.0 (face=4.0mm) n=[135, 200, 319, 520, 392, 798, 430]  tape=1.794km B=7.52T unif=0.735% hoop=400MPa
  [ 208] INFEAS f=22557.702  a=22.6 b=64.1 gap=27.5 (face=26.9mm) n=[894, 431, 570, 885, 682, 150, 265]  no evaluation (geometry pre-check)
  [ 209] viol   f=   5.450  a=47.0 b=65.4 gap=21.4 (face=14.8mm) n=[678, 69, 883, 656, 374, 618, 165]  tape=1.462km B=12.82T unif=1.141% hoop=304MPa
  [ 210] viol   f=  11.814  a=32.5 b=62.3 gap=37.5 (face=47.0mm) n=[588, 164, 635, 685, 395, 114, 177]  tape=0.996km B=7.67T unif=0.939% hoop=156MPa
  [ 211] OK     f=   2.902  a=43.4 b=139.5 gap=15.5 (face=3.0mm) n=[729, 214, 822, 653, 541, 587, 609]  tape=2.902km B=14.80T unif=0.274% hoop=383MPa
  [ 212] OK     f=   2.820  a=52.9 b=112.9 gap=25.5 (face=23.1mm) n=[809, 518, 895, 714, 492, 750, 378]  tape=2.820km B=13.11T unif=0.456% hoop=400MPa
  [ 213] OK     f=   2.620  a=55.6 b=115.3 gap=16.3 (face=4.6mm) n=[868, 409, 894, 870, 414, 699, 51]  tape=2.620km B=13.35T unif=0.692% hoop=400MPa
  [ 214] INFEAS f=4868.888  a=58.1 b=53.3 gap=20.7 (face=13.3mm) n=[748, 254, 480, 638, 98, 410, 126]  no evaluation (geometry pre-check)
  [ 215] OK     f=   3.464  a=60.9 b=141.3 gap=20.0 (face=12.0mm) n=[812, 469, 896, 573, 899, 568, 415]  tape=3.464km B=11.26T unif=0.377% hoop=400MPa
  [ 216] OK     f=   1.828  a=42.4 b=78.7 gap=23.5 (face=18.9mm) n=[899, 659, 710, 895, 656, 139, 113]  tape=1.828km B=15.53T unif=0.945% hoop=305MPa
  [ 217] OK     f=   2.709  a=59.3 b=120.8 gap=18.4 (face=8.7mm) n=[900, 185, 746, 869, 582, 836, 50]  tape=2.709km B=12.39T unif=0.628% hoop=400MPa
  [ 218] OK     f=   3.070  a=53.9 b=126.9 gap=21.2 (face=14.3mm) n=[612, 686, 707, 900, 595, 747, 274]  tape=3.070km B=12.14T unif=0.397% hoop=400MPa
  [ 219] OK     f=   2.379  a=54.7 b=121.9 gap=22.7 (face=17.4mm) n=[896, 267, 795, 666, 81, 633, 242]  tape=2.379km B=10.85T unif=0.451% hoop=349MPa
  [ 220] viol   f=   5.988  a=72.1 b=181.0 gap=26.9 (face=25.7mm) n=[730, 889, 780, 541, 865, 468, 295]  tape=4.243km B=9.07T unif=0.242% hoop=400MPa
  [ 221] OK     f=   1.910  a=41.9 b=102.5 gap=20.7 (face=13.3mm) n=[489, 352, 891, 807, 452, 100, 266]  tape=1.910km B=11.45T unif=0.893% hoop=327MPa
  [ 222] OK     f=   2.508  a=51.8 b=107.4 gap=21.5 (face=14.9mm) n=[832, 181, 762, 850, 255, 887, 532]  tape=2.508km B=13.65T unif=0.577% hoop=361MPa
  [ 223] viol   f=   6.934  a=67.4 b=111.3 gap=16.7 (face=5.4mm) n=[646, 607, 510, 408, 595, 130, 313]  tape=2.015km B=8.43T unif=0.939% hoop=400MPa
  [ 224] viol   f= 101.092  a=71.5 b=91.3 gap=15.6 (face=3.3mm) n=[809, 720, 537, 552, 414, 268, 68]  tape=1.947km B=8.46T unif=1.687% hoop=400MPa
  [ 225] viol   f=   5.615  a=47.6 b=127.6 gap=27.7 (face=27.5mm) n=[662, 156, 817, 566, 324, 274, 163]  tape=2.013km B=8.66T unif=0.294% hoop=285MPa
  [ 226] viol   f=   4.119  a=71.5 b=110.8 gap=19.2 (face=10.4mm) n=[689, 683, 780, 754, 483, 363, 226]  tape=2.546km B=9.11T unif=0.948% hoop=400MPa
  [ 227] viol   f=   3.776  a=60.6 b=140.2 gap=17.0 (face=6.0mm) n=[593, 441, 797, 731, 536, 391, 103]  tape=2.675km B=9.26T unif=0.452% hoop=400MPa
  [ 228] INFEAS f=1134.238  a=59.0 b=62.2 gap=24.3 (face=20.6mm) n=[844, 356, 628, 694, 440, 369, 104]  no evaluation (geometry pre-check)
  [ 229] INFEAS f=7602.728  a=28.9 b=153.1 gap=18.1 (face=8.2mm) n=[764, 50, 805, 895, 772, 674, 127]  no evaluation (geometry pre-check)
  [ 230] viol   f=   2.970  a=58.6 b=92.5 gap=16.5 (face=5.0mm) n=[535, 185, 794, 841, 542, 301, 849]  tape=2.197km B=12.43T unif=1.062% hoop=400MPa
  [ 231] viol   f=   3.297  a=49.1 b=142.1 gap=31.5 (face=35.0mm) n=[773, 184, 853, 837, 368, 365, 105]  tape=2.521km B=9.38T unif=0.331% hoop=365MPa
  [ 232] viol   f=   2.355  a=36.5 b=106.5 gap=21.6 (face=15.3mm) n=[885, 393, 745, 689, 283, 738, 471]  tape=2.354km B=15.54T unif=1.002% hoop=306MPa
  [ 233] OK     f=   2.762  a=45.2 b=130.5 gap=15.6 (face=3.2mm) n=[740, 135, 770, 602, 676, 429, 831]  tape=2.762km B=14.46T unif=0.349% hoop=377MPa
  [ 234] viol   f=   4.167  a=49.7 b=83.0 gap=17.8 (face=7.6mm) n=[317, 356, 550, 849, 456, 87, 155]  tape=1.437km B=9.39T unif=1.099% hoop=359MPa
  [ 235] viol   f=  27.921  a=75.9 b=123.9 gap=15.5 (face=3.1mm) n=[213, 133, 475, 613, 267, 346, 596]  tape=1.864km B=6.39T unif=0.711% hoop=400MPa
  [ 236] OK     f=   2.069  a=54.1 b=85.9 gap=24.5 (face=21.0mm) n=[202, 422, 788, 760, 477, 409, 898]  tape=2.069km B=11.50T unif=0.651% hoop=372MPa
  [ 237] viol   f=   4.350  a=46.4 b=138.9 gap=21.6 (face=15.1mm) n=[576, 194, 728, 209, 51, 468, 684]  tape=2.040km B=8.93T unif=0.224% hoop=259MPa
  [ 238] OK     f=   3.405  a=59.4 b=149.0 gap=22.8 (face=17.5mm) n=[634, 538, 747, 900, 503, 183, 883]  tape=3.405km B=10.44T unif=0.295% hoop=400MPa
  [ 239] viol   f=1671.807  a=35.6 b=77.0 gap=17.3 (face=6.5mm) n=[846, 82, 824, 846, 232, 156, 293]  tape=1.393km B=15.56T unif=3.890% hoop=225MPa
  [ 240] INFEAS f=29795.215  a=54.3 b=32.4 gap=30.2 (face=32.4mm) n=[672, 345, 708, 794, 678, 250, 120]  no evaluation (geometry pre-check)
  [ 241] INFEAS f=1590.191  a=42.8 b=44.0 gap=18.2 (face=8.5mm) n=[881, 552, 743, 865, 706, 136, 692]  no evaluation (geometry pre-check)
  [ 242] INFEAS f=13597.593  a=21.8 b=95.8 gap=16.4 (face=4.8mm) n=[478, 183, 563, 582, 780, 623, 784]  no evaluation (geometry pre-check)
  [ 243] OK     f=   2.369  a=52.4 b=90.2 gap=23.8 (face=19.6mm) n=[475, 455, 835, 794, 765, 727, 552]  tape=2.369km B=13.61T unif=0.707% hoop=400MPa
  [ 244] INFEAS f=3481.950  a=30.3 b=67.4 gap=17.7 (face=7.3mm) n=[745, 415, 855, 847, 57, 251, 686]  no evaluation (geometry pre-check)
  [ 245] OK     f=   2.081  a=38.7 b=132.7 gap=23.1 (face=18.2mm) n=[451, 168, 657, 635, 54, 701, 547]  tape=2.081km B=10.42T unif=0.272% hoop=232MPa
  [ 246] INFEAS f=1472.390  a=33.7 b=108.7 gap=15.8 (face=3.5mm) n=[791, 157, 873, 658, 74, 532, 125]  no evaluation (geometry pre-check)
  [ 247] OK     f=   2.759  a=52.2 b=131.2 gap=17.8 (face=7.6mm) n=[263, 424, 693, 784, 580, 710, 598]  tape=2.759km B=12.11T unif=0.383% hoop=400MPa
  [ 248] INFEAS f=2323.238  a=33.3 b=59.1 gap=16.6 (face=5.2mm) n=[736, 697, 900, 840, 379, 220, 896]  no evaluation (geometry pre-check)
  [ 249] OK     f=   3.083  a=51.9 b=127.2 gap=21.9 (face=15.9mm) n=[723, 224, 899, 606, 624, 690, 837]  tape=3.083km B=12.70T unif=0.352% hoop=400MPa
  [ 250] viol   f=   3.060  a=50.3 b=77.6 gap=18.3 (face=8.7mm) n=[647, 293, 537, 851, 111, 551, 710]  tape=1.764km B=12.81T unif=1.080% hoop=374MPa
  [ 251] INFEAS f=2806.242  a=32.2 b=127.6 gap=24.5 (face=20.9mm) n=[778, 436, 634, 887, 523, 419, 601]  no evaluation (geometry pre-check)
  [ 252] INFEAS f=1564.214  a=31.8 b=83.5 gap=26.9 (face=25.7mm) n=[299, 166, 714, 706, 151, 691, 829]  no evaluation (geometry pre-check)
  [ 253] OK     f=   1.979  a=41.5 b=80.7 gap=23.6 (face=19.2mm) n=[530, 340, 846, 899, 210, 604, 873]  tape=1.979km B=13.90T unif=0.826% hoop=297MPa
  [ 254] viol   f=  17.224  a=53.4 b=79.5 gap=43.9 (face=59.9mm) n=[294, 280, 613, 724, 207, 497, 770]  tape=1.645km B=7.21T unif=0.530% hoop=284MPa
  [ 255] INFEAS f=13869.809  a=23.6 b=124.1 gap=15.8 (face=3.5mm) n=[196, 81, 564, 691, 527, 837, 821]  no evaluation (geometry pre-check)
  [ 256] OK     f=   2.045  a=57.6 b=81.7 gap=27.8 (face=27.6mm) n=[221, 392, 895, 734, 637, 571, 490]  tape=2.045km B=11.12T unif=0.579% hoop=379MPa
  [ 257] OK     f=   3.576  a=41.0 b=174.9 gap=21.1 (face=14.3mm) n=[649, 648, 646, 841, 304, 867, 318]  tape=3.576km B=13.58T unif=0.065% hoop=354MPa
  [ 258] INFEAS f=1772.719  a=30.3 b=183.5 gap=15.9 (face=3.7mm) n=[674, 799, 451, 696, 701, 254, 595]  no evaluation (geometry pre-check)
  [ 259] OK     f=   2.822  a=54.4 b=129.0 gap=25.3 (face=22.7mm) n=[891, 615, 845, 699, 383, 240, 408]  tape=2.822km B=11.96T unif=0.383% hoop=398MPa
  [ 260] OK     f=   2.957  a=40.7 b=135.5 gap=29.8 (face=31.5mm) n=[463, 353, 581, 887, 417, 757, 880]  tape=2.957km B=10.78T unif=0.340% hoop=303MPa
  [ 261] OK     f=   2.714  a=56.9 b=109.3 gap=34.7 (face=41.3mm) n=[892, 322, 778, 900, 329, 614, 606]  tape=2.714km B=11.07T unif=0.419% hoop=400MPa
  [ 262] viol   f=   5.075  a=48.4 b=61.2 gap=20.0 (face=12.0mm) n=[881, 237, 838, 660, 279, 596, 824]  tape=1.703km B=16.67T unif=1.130% hoop=335MPa
  [ 263] OK     f=   2.636  a=51.0 b=111.6 gap=32.2 (face=36.3mm) n=[836, 144, 665, 899, 203, 817, 899]  tape=2.636km B=11.59T unif=0.464% hoop=304MPa
  [ 264] viol   f=  12.116  a=40.5 b=83.4 gap=37.6 (face=47.3mm) n=[230, 480, 476, 567, 415, 514, 363]  tape=1.375km B=7.68T unif=0.260% hoop=238MPa
  [ 265] INFEAS f=1968.804  a=33.0 b=112.6 gap=19.8 (face=11.6mm) n=[642, 101, 707, 880, 216, 719, 708]  no evaluation (geometry pre-check)
  [ 266] OK     f=   2.148  a=62.0 b=85.3 gap=35.7 (face=43.4mm) n=[791, 665, 895, 611, 532, 52, 493]  tape=2.148km B=10.56T unif=0.488% hoop=383MPa
  [ 267] OK     f=   2.151  a=31.2 b=138.6 gap=23.0 (face=17.9mm) n=[457, 175, 637, 471, 632, 542, 375]  tape=2.151km B=11.52T unif=0.435% hoop=216MPa
  [ 268] OK     f=   2.175  a=37.9 b=116.9 gap=19.0 (face=10.1mm) n=[537, 351, 549, 685, 505, 637, 448]  tape=2.175km B=13.44T unif=0.285% hoop=304MPa
  [ 269] OK     f=   2.053  a=48.1 b=69.9 gap=24.7 (face=21.3mm) n=[722, 668, 826, 736, 844, 502, 602]  tape=2.053km B=16.83T unif=0.837% hoop=364MPa
  [ 270] viol   f=   2.970  a=69.4 b=104.2 gap=19.0 (face=10.1mm) n=[791, 439, 899, 474, 533, 357, 599]  tape=2.603km B=9.57T unif=0.986% hoop=400MPa
  [ 271] OK     f=   3.156  a=58.3 b=105.1 gap=23.6 (face=19.2mm) n=[879, 785, 791, 790, 642, 699, 888]  tape=3.156km B=14.54T unif=0.701% hoop=400MPa
  [ 272] INFEAS f=78200.428  a=54.4 b=15.5 gap=23.0 (face=18.0mm) n=[899, 209, 831, 619, 420, 111, 747]  no evaluation (geometry pre-check)
  [ 273] INFEAS f=9596.804  a=27.8 b=115.8 gap=36.1 (face=44.3mm) n=[690, 294, 893, 828, 896, 604, 837]  no evaluation (geometry pre-check)
  [ 274] viol   f=  13.637  a=66.9 b=96.5 gap=38.1 (face=48.2mm) n=[513, 117, 662, 739, 632, 238, 256]  tape=1.831km B=7.57T unif=0.361% hoop=329MPa
  [ 275] INFEAS f=19174.325  a=60.7 b=44.4 gap=25.4 (face=22.9mm) n=[834, 892, 769, 369, 806, 437, 448]  no evaluation (geometry pre-check)
  [ 276] OK     f=   3.248  a=56.5 b=128.0 gap=32.0 (face=36.0mm) n=[843, 225, 864, 751, 834, 514, 867]  tape=3.248km B=12.18T unif=0.368% hoop=352MPa
  [ 277] OK     f=   2.458  a=50.9 b=133.1 gap=17.9 (face=7.8mm) n=[817, 494, 550, 521, 548, 357, 182]  tape=2.458km B=10.37T unif=0.494% hoop=400MPa
  [ 278] OK     f=   4.041  a=40.7 b=194.8 gap=21.9 (face=15.8mm) n=[789, 520, 442, 529, 820, 745, 602]  tape=4.041km B=13.88T unif=0.260% hoop=358MPa
  [ 279] viol   f= 130.755  a=45.2 b=58.7 gap=38.9 (face=49.8mm) n=[758, 661, 532, 862, 891, 104, 600]  tape=1.660km B=11.36T unif=1.803% hoop=262MPa
  [ 280] OK     f=   2.744  a=45.7 b=106.5 gap=21.9 (face=15.8mm) n=[814, 727, 869, 671, 823, 611, 364]  tape=2.744km B=16.28T unif=0.487% hoop=361MPa  [a=66 b=191 nt=3918] KSP converged reason: 4, iterations: 1
  [a=52 b=197 nt=4643] KSP converged reason: 4, iterations: 1
  [a=39 b=153 nt=4474] KSP converged reason: 4, iterations: 1
  [a=49 b=200 nt=4939] KSP converged reason: 4, iterations: 1
  [a=72 b=175 nt=5361] KSP converged reason: 4, iterations: 1
  [a=70 b=157 nt=2316] KSP converged reason: 4, iterations: 1
  [a=54 b=183 nt=5024] KSP converged reason: 4, iterations: 1
  [a=63 b=174 nt=4136] KSP converged reason: 4, iterations: 1
  [a=91 b=175 nt=3770] KSP converged reason: 4, iterations: 1
  [a=82 b=158 nt=4899] KSP converged reason: 4, iterations: 1
  [a=75 b=166 nt=3509] KSP converged reason: 4, iterations: 1
  [a=34 b=215 nt=3545] KSP converged reason: 4, iterations: 1
  [a=36 b=225 nt=4076] KSP converged reason: 4, iterations: 1
  [a=48 b=176 nt=3383] KSP converged reason: 4, iterations: 1
  [a=52 b=236 nt=2847] KSP converged reason: 4, iterations: 1
  [a=60 b=178 nt=4069] KSP converged reason: 4, iterations: 1
  [a=40 b=188 nt=4209] KSP converged reason: 4, iterations: 1
  [a=73 b=197 nt=4259] KSP converged reason: 4, iterations: 1
  [a=48 b=177 nt=3445] KSP converged reason: 4, iterations: 1
  [a=43 b=151 nt=3983] KSP converged reason: 4, iterations: 1
  [a=54 b=151 nt=3709] KSP converged reason: 4, iterations: 1
  [a=57 b=163 nt=3784] KSP converged reason: 4, iterations: 1
  [a=51 b=132 nt=3841] KSP converged reason: 4, iterations: 1
  [a=69 b=82 nt=4138] KSP converged reason: 4, iterations: 1
  [a=53 b=107 nt=4341] KSP converged reason: 4, iterations: 1
  [a=41 b=107 nt=4183] KSP converged reason: 4, iterations: 1
  [a=71 b=102 nt=3880] KSP converged reason: 4, iterations: 1
  [a=56 b=115 nt=4205] KSP converged reason: 4, iterations: 1
  [a=72 b=181 nt=4568] KSP converged reason: 4, iterations: 1
  [a=72 b=111 nt=3978] KSP converged reason: 4, iterations: 1
  [a=50 b=83 nt=2770] KSP converged reason: 4, iterations: 1
  [a=46 b=139 nt=2910] KSP converged reason: 4, iterations: 1
  [a=52 b=127 nt=4603] KSP converged reason: 4, iterations: 1
  [a=58 b=82 nt=3940] KSP converged reason: 4, iterations: 1
  [a=48 b=61 nt=4315] KSP converged reason: 4, iterations: 1
  [a=38 b=117 nt=3712] KSP converged reason: 4, iterations: 1
  [a=51 b=133 nt=3469] KSP converged reason: 4, iterations: 1
  [a=50 b=91 nt=4975] KSP converged reason: 4, iterations: 1
  [a=54 b=134 nt=3818] KSP converged reason: 4, iterations: 1
  [a=39 b=190 nt=3933] KSP converged reason: 4, iterations: 1
  [a=40 b=169 nt=4132] KSP converged reason: 4, iterations: 1
  [a=41 b=213 nt=3797] KSP converged reason: 4, iterations: 1
  [a=61 b=148 nt=4581] KSP converged reason: 4, iterations: 1
  [a=65 b=156 nt=4137] KSP converged reason: 4, iterations: 1
  [a=127 b=155 nt=4017] KSP converged reason: 4, iterations: 1
  [a=76 b=181 nt=4894] KSP converged reason: 4, iterations: 1
  [a=64 b=166 nt=4804] KSP converged reason: 4, iterations: 1
  [a=44 b=134 nt=3636] KSP converged reason: 4, iterations: 1
  [a=51 b=171 nt=2966] KSP converged reason: 4, iterations: 1
  [a=76 b=150 nt=4279] KSP converged reason: 4, iterations: 1
  [a=44 b=198 nt=3529] KSP converged reason: 4, iterations: 1
  [a=85 b=179 nt=2928] KSP converged reason: 4, iterations: 1
  [a=60 b=206 nt=3108] KSP converged reason: 4, iterations: 1
  [a=46 b=194 nt=3607] KSP converged reason: 4, iterations: 1
  [a=56 b=185 nt=3599] KSP converged reason: 4, iterations: 1
  [a=40 b=185 nt=3964] KSP converged reason: 4, iterations: 1
  [a=47 b=175 nt=4437] KSP converged reason: 4, iterations: 1
  [a=47 b=131 nt=4074] KSP converged reason: 4, iterations: 1
  [a=66 b=130 nt=3733] KSP converged reason: 4, iterations: 1
  [a=45 b=181 nt=3746] KSP converged reason: 4, iterations: 1
  [a=45 b=148 nt=3735] KSP converged reason: 4, iterations: 1
  [a=61 b=124 nt=3543] KSP converged reason: 4, iterations: 1
  [a=59 b=98 nt=3539] KSP converged reason: 4, iterations: 1
  [a=40 b=94 nt=3757] KSP converged reason: 4, iterations: 1
  [a=32 b=62 nt=2758] KSP converged reason: 4, iterations: 1
  [a=42 b=79 nt=4071] KSP converged reason: 4, iterations: 1
  [a=54 b=127 nt=4521] KSP converged reason: 4, iterations: 1
  [a=48 b=128 nt=2962] KSP converged reason: 4, iterations: 1
  [a=59 b=92 nt=4047] KSP converged reason: 4, iterations: 1
  [a=76 b=124 nt=2643] KSP converged reason: 4, iterations: 1
  [a=39 b=133 nt=3213] KSP converged reason: 4, iterations: 1
  [a=53 b=80 nt=3385] KSP converged reason: 4, iterations: 1
  [a=57 b=109 nt=4441] KSP converged reason: 4, iterations: 1
  [a=56 b=128 nt=4898] KSP converged reason: 4, iterations: 1
  [a=52 b=101 nt=4169] KSP converged reason: 4, iterations: 1
  [a=46 b=91 nt=3729] KSP converged reason: 4, iterations: 1
  [a=62 b=149 nt=3122] KSP converged reason: 4, iterations: 1
  [a=35 b=175 nt=2760] KSP converged reason: 4, iterations: 1
  [a=53 b=197 nt=3995] KSP converged reason: 4, iterations: 1
  [a=49 b=196 nt=2824] KSP converged reason: 4, iterations: 1
  [a=93 b=198 nt=3946] KSP converged reason: 4, iterations: 1
  [a=55 b=144 nt=3834] KSP converged reason: 4, iterations: 1
  [a=38 b=168 nt=5198] KSP converged reason: 4, iterations: 1
  [a=37 b=161 nt=4263] KSP converged reason: 4, iterations: 1
  [a=41 b=171 nt=4695] KSP converged reason: 4, iterations: 1
  [a=59 b=147 nt=4259] KSP converged reason: 4, iterations: 1
  [a=80 b=173 nt=4329] KSP converged reason: 4, iterations: 1
  [a=59 b=200 nt=4681] KSP converged reason: 4, iterations: 1
  [a=91 b=170 nt=4879] KSP converged reason: 4, iterations: 1
  [a=68 b=155 nt=5490] KSP converged reason: 4, iterations: 1
  [a=63 b=163 nt=4086] KSP converged reason: 4, iterations: 1
  [a=40 b=194 nt=5113] KSP converged reason: 4, iterations: 1
  [a=50 b=197 nt=4360] KSP converged reason: 4, iterations: 1
  [a=49 b=208 nt=3932] KSP converged reason: 4, iterations: 1
  [a=59 b=216 nt=3824] KSP converged reason: 4, iterations: 1
  [a=33 b=249 nt=2833] KSP converged reason: 4, iterations: 1
  [a=51 b=200 nt=4185] KSP converged reason: 4, iterations: 1
  [a=80 b=183 nt=4176] KSP converged reason: 4, iterations: 1
  [a=44 b=176 nt=3186] KSP converged reason: 4, iterations: 1
  [a=37 b=169 nt=4538] KSP converged reason: 4, iterations: 1
  [a=44 b=159 nt=3049] KSP converged reason: 4, iterations: 1
  [a=68 b=148 nt=3717] KSP converged reason: 4, iterations: 1
  [a=66 b=133 nt=4532] KSP converged reason: 4, iterations: 1
  [a=60 b=157 nt=3998] KSP converged reason: 4, iterations: 1
  [a=51 b=156 nt=3739] KSP converged reason: 4, iterations: 1
  [a=60 b=142 nt=4232] KSP converged reason: 4, iterations: 1
  [a=59 b=121 nt=4168] KSP converged reason: 4, iterations: 1
  [a=55 b=122 nt=3580] KSP converged reason: 4, iterations: 1
  [a=71 b=91 nt=3368] KSP converged reason: 4, iterations: 1
  [a=49 b=142 nt=3485] KSP converged reason: 4, iterations: 1
  [a=36 b=77 nt=3279] KSP converged reason: 4, iterations: 1
  [a=52 b=131 nt=4052] KSP converged reason: 4, iterations: 1
  [a=41 b=135 nt=4338] KSP converged reason: 4, iterations: 1
  [a=31 b=139 nt=3289] KSP converged reason: 4, iterations: 1
  [a=58 b=105 nt=5474] KSP converged reason: 4, iterations: 1
  [a=55 b=89 nt=4448] KSP converged reason: 4, iterations: 1
  [a=39 b=118 nt=4637] KSP converged reason: 4, iterations: 1
  [a=40 b=130 nt=4068] KSP converged reason: 4, iterations: 1
  [a=37 b=71 nt=3034] KSP converged reason: 4, iterations: 1
  [a=63 b=222 nt=4041] KSP converged reason: 4, iterations: 1
  [a=57 b=191 nt=3327] KSP converged reason: 4, iterations: 1
  [a=51 b=165 nt=4976] KSP converged reason: 4, iterations: 1
  [a=56 b=151 nt=4826] KSP converged reason: 4, iterations: 1
  [a=64 b=167 nt=4781] KSP converged reason: 4, iterations: 1
  [a=67 b=131 nt=3668] KSP converged reason: 4, iterations: 1
  [a=70 b=155 nt=5334] KSP converged reason: 4, iterations: 1
  [a=47 b=197 nt=4558] KSP converged reason: 4, iterations: 1
  [a=77 b=163 nt=4288] KSP converged reason: 4, iterations: 1
  [a=84 b=145 nt=4136] KSP converged reason: 4, iterations: 1
  [a=59 b=164 nt=4874] KSP converged reason: 4, iterations: 1
  [a=49 b=199 nt=3639] KSP converged reason: 4, iterations: 1
  [a=53 b=232 nt=3679] KSP converged reason: 4, iterations: 1
  [a=43 b=219 nt=2894] KSP converged reason: 4, iterations: 1
  [a=53 b=174 nt=4036] KSP converged reason: 4, iterations: 1
  [a=66 b=203 nt=3058] KSP converged reason: 4, iterations: 1
  [a=52 b=234 nt=3309] KSP converged reason: 4, iterations: 1
  [a=55 b=209 nt=4180] KSP converged reason: 4, iterations: 1
  [a=54 b=207 nt=2766] KSP converged reason: 4, iterations: 1
  [a=55 b=197 nt=4602] KSP converged reason: 4, iterations: 1
  [a=48 b=172 nt=4273] KSP converged reason: 4, iterations: 1
  [a=47 b=126 nt=3316] KSP converged reason: 4, iterations: 1
  [a=65 b=133 nt=4498] KSP converged reason: 4, iterations: 1
  [a=41 b=133 nt=3210] KSP converged reason: 4, iterations: 1
  [a=43 b=143 nt=3711] KSP converged reason: 4, iterations: 1
  [a=41 b=115 nt=4222] KSP converged reason: 4, iterations: 1
  [a=63 b=114 nt=3968] KSP converged reason: 4, iterations: 1
  [a=62 b=108 nt=2794] KSP converged reason: 4, iterations: 1
  [a=47 b=65 nt=3443] KSP converged reason: 4, iterations: 1
  [a=61 b=141 nt=4632] KSP converged reason: 4, iterations: 1
  [a=67 b=111 nt=3209] KSP converged reason: 4, iterations: 1
  [a=37 b=106 nt=4204] KSP converged reason: 4, iterations: 1
  [a=52 b=90 nt=4603] KSP converged reason: 4, iterations: 1
  [a=54 b=129 nt=4081] KSP converged reason: 4, iterations: 1
  [a=41 b=83 nt=3045] KSP converged reason: 4, iterations: 1
  [a=45 b=59 nt=4408] KSP converged reason: 4, iterations: 1
  [a=47 b=153 nt=4582] KSP converged reason: 4, iterations: 1
  [a=38 b=91 nt=4566] KSP converged reason: 4, iterations: 1
  [a=44 b=71 nt=3653] KSP converged reason: 4, iterations: 1
  [a=38 b=197 nt=3452] KSP converged reason: 4, iterations: 1
  [a=53 b=194 nt=3917] KSP converged reason: 4, iterations: 1
  [a=63 b=198 nt=4617] KSP converged reason: 4, iterations: 1
  [a=61 b=149 nt=4648] KSP converged reason: 4, iterations: 1
  [a=64 b=177 nt=5303] KSP converged reason: 4, iterations: 1
  [a=90 b=147 nt=4526] KSP converged reason: 4, iterations: 1
  [a=43 b=167 nt=4709] KSP converged reason: 4, iterations: 1
  [a=60 b=179 nt=4241] KSP converged reason: 4, iterations: 1
  [a=39 b=149 nt=4126] KSP converged reason: 4, iterations: 1
  [a=55 b=161 nt=4108] KSP converged reason: 4, iterations: 1
  [a=62 b=208 nt=3336] KSP converged reason: 4, iterations: 1
  [a=41 b=203 nt=2830] KSP converged reason: 4, iterations: 1
  [a=85 b=180 nt=3922] KSP converged reason: 4, iterations: 1
  [a=45 b=215 nt=3744] KSP converged reason: 4, iterations: 1
  [a=63 b=187 nt=3647] KSP converged reason: 4, iterations: 1
  [a=60 b=166 nt=2818] KSP converged reason: 4, iterations: 1
  [a=47 b=219 nt=3948] KSP converged reason: 4, iterations: 1
  [a=50 b=148 nt=4096] KSP converged reason: 4, iterations: 1
  [a=40 b=175 nt=4741] KSP converged reason: 4, iterations: 1
  [a=38 b=146 nt=3437] KSP converged reason: 4, iterations: 1
  [a=56 b=162 nt=3373] KSP converged reason: 4, iterations: 1
  [a=61 b=180 nt=4109] KSP converged reason: 4, iterations: 1
  [a=53 b=104 nt=4391] KSP converged reason: 4, iterations: 1
  [a=75 b=139 nt=3723] KSP converged reason: 4, iterations: 1
  [a=44 b=122 nt=3563] KSP converged reason: 4, iterations: 1
  [a=49 b=101 nt=4179] KSP converged reason: 4, iterations: 1
  [a=53 b=133 nt=3245] KSP converged reason: 4, iterations: 1
  [a=47 b=107 nt=3928] KSP converged reason: 4, iterations: 1
  [a=53 b=113 nt=4556] KSP converged reason: 4, iterations: 1
  [a=42 b=103 nt=3357] KSP converged reason: 4, iterations: 1
  [a=61 b=140 nt=3592] KSP converged reason: 4, iterations: 1
  [a=54 b=86 nt=3956] KSP converged reason: 4, iterations: 1
  [a=59 b=149 nt=4388] KSP converged reason: 4, iterations: 1
  [a=42 b=81 nt=4302] KSP converged reason: 4, iterations: 1
  [a=51 b=112 nt=4463] KSP converged reason: 4, iterations: 1
  [a=69 b=104 nt=4092] KSP converged reason: 4, iterations: 1
  [a=41 b=195 nt=4447] KSP converged reason: 4, iterations: 1
  [a=61 b=207 nt=4374] KSP converged reason: 4, iterations: 1
  [a=42 b=101 nt=3541] KSP converged reason: 4, iterations: 1
  [a=45 b=83 nt=3653] KSP converged reason: 4, iterations: 1
  [a=46 b=95 nt=3648] KSP converged reason: 4, iterations: 1
  [a=76 b=201 nt=4076] KSP converged reason: 4, iterations: 1
  [a=40 b=178 nt=3377] KSP converged reason: 4, iterations: 1
  [a=50 b=180 nt=3578] KSP converged reason: 4, iterations: 1
  [a=49 b=148 nt=4423] KSP converged reason: 4, iterations: 1
  [a=62 b=202 nt=4602] KSP converged reason: 4, iterations: 1
  [a=56 b=175 nt=4124] KSP converged reason: 4, iterations: 1
  [a=56 b=186 nt=4461] KSP converged reason: 4, iterations: 1
  [a=57 b=198 nt=4298] KSP converged reason: 4, iterations: 1
  [a=44 b=217 nt=3764] KSP converged reason: 4, iterations: 1
  [a=42 b=194 nt=3577] KSP converged reason: 4, iterations: 1
  [a=77 b=208 nt=3565] KSP converged reason: 4, iterations: 1
  [a=46 b=171 nt=3175] KSP converged reason: 4, iterations: 1
  [a=49 b=166 nt=3522] KSP converged reason: 4, iterations: 1
  [a=70 b=190 nt=3515] KSP converged reason: 4, iterations: 1
  [a=51 b=202 nt=2227] KSP converged reason: 4, iterations: 1
  [a=57 b=220 nt=3259] KSP converged reason: 4, iterations: 1
  [a=41 b=207 nt=3198] KSP converged reason: 4, iterations: 1
  [a=45 b=216 nt=2766] KSP converged reason: 4, iterations: 1
  [a=81 b=132 nt=4440] KSP converged reason: 4, iterations: 1
  [a=68 b=127 nt=3716] KSP converged reason: 4, iterations: 1
  [a=57 b=134 nt=2828] KSP converged reason: 4, iterations: 1
  [a=60 b=119 nt=4066] KSP converged reason: 4, iterations: 1
  [a=46 b=146 nt=3263] KSP converged reason: 4, iterations: 1
  [a=60 b=99 nt=4437] KSP converged reason: 4, iterations: 1
  [a=47 b=116 nt=4086] KSP converged reason: 4, iterations: 1
  [a=63 b=97 nt=3571] KSP converged reason: 4, iterations: 1
  [a=43 b=140 nt=4155] KSP converged reason: 4, iterations: 1
  [a=52 b=107 nt=4299] KSP converged reason: 4, iterations: 1
  [a=45 b=131 nt=4183] KSP converged reason: 4, iterations: 1
  [a=50 b=78 nt=3700] KSP converged reason: 4, iterations: 1
  [a=41 b=175 nt=4273] KSP converged reason: 4, iterations: 1
  [a=62 b=85 nt=4039] KSP converged reason: 4, iterations: 1
  [a=48 b=70 nt=4900] KSP converged reason: 4, iterations: 1
  [a=67 b=97 nt=3157] KSP converged reason: 4, iterations: 1
  [a=46 b=107 nt=4879] KSP converged reason: 4, iterations: 1
  [a=77 b=118 nt=4449] KSP converged reason: 4, iterations: 1
  [a=70 b=142 nt=4404] KSP converged reason: 4, iterations: 1
  [a=45 b=78 nt=3989] KSP converged reason: 4, iterations: 1
  [a=39 b=116 nt=4089] KSP converged reason: 4, iterations: 1

  [ 281] OK     f=   3.448  a=46.9 b=152.9 gap=15.5 (face=3.0mm) n=[809, 603, 663, 554, 714, 694, 545]  tape=3.448km B=14.28T unif=0.342% hoop=400MPa
  [ 282] OK     f=   2.530  a=50.1 b=90.8 gap=18.0 (face=7.9mm) n=[875, 596, 846, 864, 450, 746, 598]  tape=2.530km B=16.65T unif=0.913% hoop=400MPa
  [ 283] OK     f=   2.342  a=51.6 b=100.6 gap=27.4 (face=26.9mm) n=[885, 607, 824, 900, 522, 290, 141]  tape=2.342km B=12.66T unif=0.542% hoop=348MPa
  [ 284] viol   f=   7.141  a=54.6 b=89.1 gap=21.5 (face=15.0mm) n=[900, 886, 565, 805, 653, 349, 290]  tape=2.330km B=14.73T unif=1.155% hoop=400MPa
  [ 285] OK     f=   4.386  a=61.3 b=206.9 gap=17.1 (face=6.1mm) n=[550, 788, 257, 825, 900, 876, 178]  tape=4.386km B=10.45T unif=0.171% hoop=400MPa
  [ 286] INFEAS f=13321.598  a=25.7 b=119.1 gap=28.0 (face=27.9mm) n=[685, 612, 803, 611, 887, 537, 272]  no evaluation (geometry pre-check)
  [ 287] viol   f=   5.752  a=76.8 b=118.3 gap=17.7 (face=7.5mm) n=[609, 620, 849, 898, 900, 248, 325]  tape=3.061km B=8.84T unif=0.825% hoop=400MPa
  [ 288] OK     f=   1.904  a=46.5 b=90.7 gap=18.3 (face=8.6mm) n=[846, 280, 833, 886, 534, 286, 64]  tape=1.904km B=14.16T unif=0.917% hoop=322MPa
  [ 289] OK     f=   2.829  a=39.4 b=118.1 gap=17.6 (face=7.2mm) n=[658, 675, 796, 897, 509, 672, 430]  tape=2.829km B=16.94T unif=0.168% hoop=387MPa
  [ 290] viol   f=   4.578  a=69.8 b=141.8 gap=19.2 (face=10.3mm) n=[715, 496, 811, 900, 605, 475, 402]  tape=3.432km B=9.24T unif=0.466% hoop=400MPa
  [ 291] OK     f=   2.650  a=54.0 b=134.4 gap=17.9 (face=7.8mm) n=[813, 571, 775, 773, 578, 188, 120]  tape=2.650km B=11.97T unif=0.471% hoop=400MPa
  [ 292] OK     f=   2.247  a=38.2 b=91.3 gap=18.6 (face=9.2mm) n=[769, 743, 892, 815, 685, 402, 260]  tape=2.247km B=18.37T unif=0.495% hoop=350MPa
  [ 293] OK     f=   1.951  a=41.9 b=101.1 gap=16.7 (face=5.4mm) n=[686, 334, 895, 796, 595, 175, 60]  tape=1.951km B=13.41T unif=0.425% hoop=326MPa
  [ 294] INFEAS f=11149.055  a=27.2 b=71.3 gap=21.8 (face=15.6mm) n=[570, 603, 879, 899, 111, 238, 86]  no evaluation (geometry pre-check)
  [ 295] INFEAS f=3193.104  a=57.4 b=55.0 gap=24.5 (face=21.0mm) n=[670, 639, 841, 890, 682, 336, 164]  no evaluation (geometry pre-check)
  [ 296] INFEAS f=2015.528  a=51.1 b=51.1 gap=27.0 (face=26.1mm) n=[853, 597, 703, 722, 360, 68, 489]  no evaluation (geometry pre-check)
  [ 297] viol   f=   7.773  a=61.7 b=148.8 gap=18.6 (face=9.2mm) n=[596, 253, 840, 680, 295, 408, 50]  tape=2.481km B=8.37T unif=0.388% hoop=400MPa
  [ 298] OK     f=   2.664  a=40.1 b=130.0 gap=19.0 (face=10.1mm) n=[660, 529, 767, 850, 721, 364, 177]  tape=2.664km B=14.60T unif=0.297% hoop=356MPa
  [ 299] OK     f=   1.836  a=44.8 b=77.9 gap=21.8 (face=15.7mm) n=[879, 503, 642, 899, 669, 87, 310]  tape=1.836km B=14.89T unif=0.849% hoop=344MPa
  [ 300] viol   f=  13.249  a=45.2 b=82.6 gap=16.2 (face=4.3mm) n=[812, 282, 708, 900, 180, 413, 358]  tape=1.797km B=14.05T unif=1.239% hoop=340MPa
  [ 301] OK     f=   2.438  a=39.4 b=115.6 gap=19.2 (face=10.4mm) n=[789, 602, 861, 891, 504, 304, 138]  tape=2.438km B=15.59T unif=0.408% hoop=342MPa
  [ 302] INFEAS f=5434.440  a=29.8 b=97.0 gap=22.6 (face=17.1mm) n=[633, 705, 840, 749, 883, 144, 287]  no evaluation (geometry pre-check)
  [ 303] viol   f=  34.062  a=37.0 b=70.8 gap=26.3 (face=24.5mm) n=[775, 596, 449, 638, 247, 98, 231]  tape=1.271km B=11.54T unif=1.405% hoop=234MPa
  [ 304] INFEAS f=1831.022  a=33.9 b=110.6 gap=17.9 (face=7.9mm) n=[744, 423, 866, 897, 636, 330, 107]  no evaluation (geometry pre-check)
  [ 305] INFEAS f=1674.634  a=49.6 b=50.5 gap=22.0 (face=15.9mm) n=[833, 318, 579, 862, 294, 137, 436]  no evaluation (geometry pre-check)
  [ 306] OK     f=   1.904  a=46.1 b=94.5 gap=18.6 (face=9.1mm) n=[893, 373, 895, 841, 445, 137, 64]  tape=1.904km B=14.16T unif=0.911% hoop=327MPa
  [ 307] INFEAS f=2244.551  a=39.4 b=38.8 gap=16.4 (face=4.8mm) n=[682, 672, 899, 864, 356, 183, 226]  no evaluation (geometry pre-check)
  [ 308] viol   f=  31.295  a=43.6 b=71.2 gap=18.3 (face=8.7mm) n=[837, 285, 686, 887, 584, 170, 204]  tape=1.590km B=14.78T unif=1.385% hoop=311MPa
  [ 309] INFEAS f=4199.761  a=21.4 b=72.7 gap=17.1 (face=6.2mm) n=[534, 598, 633, 608, 491, 82, 177]  no evaluation (geometry pre-check)
  [ 310] INFEAS f=1000.288  a=36.7 b=165.1 gap=20.1 (face=12.2mm) n=[594, 467, 900, 844, 868, 253, 296]  no evaluation (geometry pre-check)

==========================================================================================
CMA-ES finished: 310 evaluations in 11.3 min
==========================================================================================

Best feasible design found:
  a_mm             42.40952411832851
  b_mm             78.66979215444792
  gap_mm           23.46240298030932
  face_gap_mm      18.924805960618638
  n_turns          [899, 659, 710, 895, 656, 139, 113]
  n_total          4071
  tape_km          1.8283535253106689
  B_target_T       15.52927347242076
  uniformity_pct   0.9448383207599769
  hoop_MPa         305.3909539983022
  delam_MPa        29.33582020809237
  I_quench_A       405.2055835098517
  I_op_A           222.88535946636506
  binding          quench/SF
  clip_frac        0.3649025069637883

Full evaluation history -> optimize/cmaes_history.csv
Best design            -> optimize/cmaes_results.csv
Appended 310 rows to cumulative master log -> optimize/cmaes_all_evaluations.csv

Figures -> /home/gerrityjack/fenicsx/Racetrack-Coil-Optimization/visualization/cmaes_convergence.png, cmaes_constraints.png, cmaes_variables.png, cmaes_overview.png
Cumulative parameter-space map -> visualization/cmaes_param_map.png (12850 evaluations, 41 runs)
