[2026-09-13 02:04:57] ##########################################################################################
[2026-09-13 02:04:57] 4.2K overnight search orchestrator starting
[2026-09-13 02:04:57] Goal: B_target_T >= 10.0 with all_constraints_ok (hoop, uniformity) also satisfied
[2026-09-13 02:04:57] ##########################################################################################
[2026-09-13 02:04:57] === STAGE 1_6layer_champion_start: launching (budget 90 min) out_dir=/home/gerrityjack/fenicsx/Racetrack-Coil-Optimization/optimize/runs/ta_safe_margin_4p2K/stage1_6layer ===
[2026-09-13 02:04:57]     env overrides: {}
[2026-09-13 03:37:03]     stage 1_6layer_champion_start: budget exhausted, sending SIGTERM (script checkpoints and exits cleanly) ...
[2026-09-13 03:40:06] === STAGE 1_6layer_champion_start finished after 95.2 min: best B_target_T=None  all_constraints_ok=None ===
[2026-09-13 03:40:06] === STAGE 2_6layer_alt_start_wider_bounds: launching (budget 60 min) out_dir=/home/gerrityjack/fenicsx/Racetrack-Coil-Optimization/optimize/runs/ta_safe_margin_4p2K/stage2_6layer_altstart ===
[2026-09-13 03:40:06]     env overrides: {'TA_SAFE_X0_OVERRIDE_JSON': '{"a": 0.045, "b": 0.07, "gap": 0.0155, "n_turns": [600, 600, 600, 600, 300, 300]}', 'TA_SAFE_A_STD0_M': '0.010', 'TA_SAFE_B_STD0_M': '0.015', 'TA_SAFE_GAP_STD0_M': '0.004', 'TA_SAFE_N_STD0': '100', 'TA_SAFE_GAP_RANGE_WIDE_M': '0.100'}
[2026-09-13 04:41:35]     stage 2_6layer_alt_start_wider_bounds: budget exhausted, sending SIGTERM (script checkpoints and exits cleanly) ...
[2026-09-13 04:44:40]     stage 2_6layer_alt_start_wider_bounds: did not exit within 180s of SIGTERM, force-killing.
[2026-09-13 04:44:40] === STAGE 2_6layer_alt_start_wider_bounds finished after 64.6 min: best B_target_T=None  all_constraints_ok=None ===
[2026-09-13 04:44:40] === STAGE 3_8layer_warmstart_from_20K_best: launching (budget 120 min) out_dir=/home/gerrityjack/fenicsx/Racetrack-Coil-Optimization/optimize/runs/ta_safe_margin_4p2K/stage3_8layer ===
[2026-09-13 04:44:40]     env overrides: {'CMAES_X0_JSON_OVERRIDE': '{"a": 0.0356, "b": 0.04109, "coil_half_gap": 0.01775, "n_turns": [719, 719, 728, 728, 72, 72, 657, 657]}', 'TA_SAFE_X0_OVERRIDE_JSON': '{"a": 0.0356, "b": 0.04109, "gap": 0.01775, "n_turns": [719, 719, 728, 728, 72, 72, 657, 657]}', 'TA_SAFE_A_STD0_M': '0.008', 'TA_SAFE_B_STD0_M': '0.012', 'TA_SAFE_GAP_STD0_M': '0.003', 'TA_SAFE_N_STD0': '80'}
[2026-09-13 06:47:58]     stage 3_8layer_warmstart_from_20K_best: budget exhausted, sending SIGTERM (script checkpoints and exits cleanly) ...
[2026-09-13 06:51:03]     stage 3_8layer_warmstart_from_20K_best: did not exit within 180s of SIGTERM, force-killing.
[2026-09-13 06:51:03] === STAGE 3_8layer_warmstart_from_20K_best finished after 126.4 min: best B_target_T=None  all_constraints_ok=None ===
[2026-09-13 06:51:03] === STAGE 4_10layer_warmstart_from_20K_best: launching (budget 120 min) out_dir=/home/gerrityjack/fenicsx/Racetrack-Coil-Optimization/optimize/runs/ta_safe_margin_4p2K/stage4_10layer ===
[2026-09-13 06:51:03]     env overrides: {'CMAES_X0_JSON_OVERRIDE': '{"a": 0.0383, "b": 0.04528, "coil_half_gap": 0.02197, "n_turns": [609, 609, 639, 639, 76, 76, 550, 550, 571, 571]}', 'TA_SAFE_X0_OVERRIDE_JSON': '{"a": 0.0383, "b": 0.04528, "gap": 0.02197, "n_turns": [609, 609, 639, 639, 76, 76, 550, 550, 571, 571]}', 'TA_SAFE_A_STD0_M': '0.008', 'TA_SAFE_B_STD0_M': '0.012', 'TA_SAFE_GAP_STD0_M': '0.003', 'TA_SAFE_N_STD0': '80'}
[2026-09-13 08:54:36]     stage 4_10layer_warmstart_from_20K_best: budget exhausted, sending SIGTERM (script checkpoints and exits cleanly) ...
[2026-09-13 08:57:41]     stage 4_10layer_warmstart_from_20K_best: did not exit within 180s of SIGTERM, force-killing.
[2026-09-13 08:57:41] === STAGE 4_10layer_warmstart_from_20K_best finished after 126.6 min: best B_target_T=None  all_constraints_ok=None ===
[2026-09-13 08:57:41] === STAGE 5_12layer_fresh_wide_search: launching (budget 120 min) out_dir=/home/gerrityjack/fenicsx/Racetrack-Coil-Optimization/optimize/runs/ta_safe_margin_4p2K/stage5_12layer ===
[2026-09-13 08:57:41]     env overrides: {'CMAES_X0_JSON_OVERRIDE': '{"a": 0.041, "b": 0.049, "coil_half_gap": 0.026, "n_turns": [550, 550, 550, 550, 80, 80, 550, 550, 550, 550, 550, 550]}', 'TA_SAFE_X0_OVERRIDE_JSON': '{"a": 0.041, "b": 0.049, "gap": 0.026, "n_turns": [550, 550, 550, 550, 80, 80, 550, 550, 550, 550, 550, 550]}', 'TA_SAFE_A_STD0_M': '0.008', 'TA_SAFE_B_STD0_M': '0.012', 'TA_SAFE_GAP_STD0_M': '0.003', 'TA_SAFE_N_STD0': '80'}
[2026-09-13 11:01:05]     stage 5_12layer_fresh_wide_search: budget exhausted, sending SIGTERM (script checkpoints and exits cleanly) ...
[2026-09-13 11:04:10]     stage 5_12layer_fresh_wide_search: did not exit within 180s of SIGTERM, force-killing.
[2026-09-13 11:04:10] === STAGE 5_12layer_fresh_wide_search finished after 126.5 min: best B_target_T=None  all_constraints_ok=None ===
[2026-09-13 11:04:10] All stages exhausted without reaching the 10T goal with all constraints satisfied.
[2026-09-13 11:04:10] ##########################################################################################
[2026-09-13 11:04:10] FINAL SUMMARY
[2026-09-13 11:04:10] No stage produced any all_constraints_ok=True candidate at all.
[2026-09-13 11:04:10] ##########################################################################################
