Starting CMA-ES: 10 variables, budget 300 evaluations, target B >= 10.0 T, uniformity <= 1.0%, hoop <= 400 MPa, coil-coil face gap >= 3 mm

Parallel mode: 6 worker processes per generation.
  [   1] viol   f=   5.512  a=65.6 b=120.7 gap=40.8 (face=53.7mm) n=[653, 643, 720, 598, 869, 386, 748]  tape=3.118km B=8.91T unif=0.296% hoop=400MPa
  [   2] viol   f=  18.475  a=36.7 b=124.9 gap=39.3 (face=50.5mm) n=[262, 671, 243, 517, 135, 683, 865]  tape=2.167km B=7.14T unif=0.392% hoop=202MPa
  [   3] viol   f=   3.906  a=47.1 b=89.8 gap=42.7 (face=57.4mm) n=[329, 806, 358, 850, 871, 196, 773]  tape=2.104km B=9.05T unif=0.233% hoop=253MPa
  [   4] viol   f=  13.892  a=38.3 b=110.6 gap=38.4 (face=48.8mm) n=[79, 881, 458, 515, 177, 411, 896]  tape=2.000km B=7.56T unif=0.455% hoop=234MPa
  [   5] viol   f=  27.035  a=50.2 b=98.4 gap=43.9 (face=59.7mm) n=[134, 853, 352, 621, 266, 408, 282]  tape=1.698km B=6.44T unif=0.274% hoop=259MPa
  [   6] viol   f=  11.411  a=82.9 b=89.7 gap=37.3 (face=46.6mm) n=[113, 617, 464, 665, 726, 434, 878]  tape=2.345km B=7.87T unif=0.224% hoop=400MPa
  [   7] viol   f=  24.894  a=46.7 b=129.3 gap=39.3 (face=50.5mm) n=[372, 772, 191, 549, 52, 400, 543]  tape=1.959km B=6.61T unif=0.326% hoop=231MPa
  [   8] viol   f=  15.819  a=48.2 b=86.4 gap=39.2 (face=50.4mm) n=[305, 899, 516, 142, 345, 75, 834]  tape=1.607km B=7.33T unif=0.239% hoop=226MPa
  [   9] INFEAS f=15069.794  a=71.5 b=57.7 gap=39.2 (face=50.5mm) n=[115, 691, 123, 896, 173, 50, 738]  no evaluation (geometry pre-check)
  [  10] INFEAS f=2913.328  a=27.7 b=122.8 gap=36.4 (face=44.8mm) n=[404, 457, 224, 643, 76, 395, 769]  no evaluation (geometry pre-check)
  [  11] viol   f= 152.154  a=43.3 b=60.3 gap=39.3 (face=50.6mm) n=[348, 567, 864, 876, 647, 131, 677]  tape=1.573km B=9.94T unif=1.868% hoop=238MPa
  [  12] viol   f=  42.803  a=42.0 b=107.9 gap=44.1 (face=60.1mm) n=[361, 338, 493, 378, 463, 121, 272]  tape=1.342km B=5.45T unif=0.352% hoop=205MPa
  [  13] viol   f=  23.797  a=78.2 b=120.2 gap=38.4 (face=48.8mm) n=[65, 656, 141, 806, 842, 103, 503]  tape=2.183km B=6.71T unif=0.355% hoop=344MPa
  [  14] viol   f=   3.028  a=46.7 b=112.8 gap=42.0 (face=56.0mm) n=[447, 885, 803, 898, 373, 146, 871]  tape=2.612km B=9.54T unif=0.373% hoop=266MPa
  [  15] INFEAS f=6151.661  a=29.9 b=117.7 gap=42.0 (face=55.9mm) n=[434, 668, 815, 514, 738, 312, 900]  no evaluation (geometry pre-check)
  [  16] viol   f=  32.036  a=92.4 b=110.0 gap=35.8 (face=43.7mm) n=[232, 877, 559, 530, 564, 598, 524]  tape=2.774km B=6.17T unif=0.566% hoop=400MPa
  [  17] viol   f=   4.849  a=76.2 b=118.4 gap=42.5 (face=56.9mm) n=[421, 896, 872, 879, 655, 93, 899]  tape=3.166km B=9.08T unif=0.282% hoop=400MPa
  [  18] viol   f=  11.082  a=75.5 b=107.9 gap=44.6 (face=61.3mm) n=[597, 389, 436, 813, 895, 101, 822]  tape=2.633km B=7.94T unif=0.160% hoop=400MPa
  [  19] viol   f=  20.393  a=99.6 b=127.8 gap=39.6 (face=51.2mm) n=[502, 891, 803, 662, 774, 494, 705]  tape=3.764km B=7.12T unif=0.447% hoop=400MPa
  [  20] INFEAS f=2902.935  a=63.4 b=61.5 gap=44.7 (face=61.3mm) n=[208, 900, 590, 730, 774, 298, 874]  no evaluation (geometry pre-check)
  [  21] viol   f=   3.383  a=44.0 b=114.8 gap=34.6 (face=41.2mm) n=[76, 518, 262, 854, 805, 729, 809]  tape=2.399km B=9.30T unif=0.451% hoop=245MPa
  [  22] viol   f=   9.957  a=83.9 b=125.4 gap=42.4 (face=56.9mm) n=[585, 815, 740, 899, 900, 150, 769]  tape=3.506km B=8.20T unif=0.302% hoop=400MPa
  [  23] viol   f=   6.554  a=45.6 b=96.9 gap=44.7 (face=61.4mm) n=[187, 833, 696, 898, 629, 222, 542]  tape=2.168km B=8.52T unif=0.260% hoop=259MPa
  [  24] INFEAS f=146680.529  a=0.1 b=90.6 gap=44.6 (face=61.1mm) n=[510, 751, 680, 607, 846, 100, 885]  no evaluation (geometry pre-check)
  [  25] viol   f=  11.360  a=88.1 b=116.0 gap=44.6 (face=61.3mm) n=[627, 897, 480, 812, 739, 246, 900]  tape=3.299km B=7.99T unif=0.276% hoop=400MPa
  [  26] viol   f=   3.772  a=64.4 b=101.2 gap=29.7 (face=31.3mm) n=[147, 881, 87, 787, 889, 92, 460]  tape=1.971km B=9.05T unif=0.610% hoop=304MPa
  [  27] viol   f=   4.355  a=51.6 b=124.8 gap=44.0 (face=59.9mm) n=[200, 891, 600, 867, 864, 240, 895]  tape=2.936km B=9.16T unif=0.343% hoop=290MPa
  [  28] viol   f=   3.961  a=45.9 b=122.6 gap=41.8 (face=55.7mm) n=[122, 895, 771, 894, 727, 192, 761]  tape=2.726km B=9.21T unif=0.430% hoop=250MPa
  [  29] viol   f=  22.756  a=49.7 b=133.2 gap=43.6 (face=59.2mm) n=[176, 589, 260, 813, 880, 202, 483]  tape=2.397km B=6.81T unif=0.298% hoop=242MPa
  [  30] viol   f=   3.579  a=55.6 b=128.6 gap=44.7 (face=61.4mm) n=[601, 632, 806, 797, 623, 456, 713]  tape=3.105km B=9.51T unif=0.291% hoop=368MPa
  [  31] viol   f=  20.052  a=74.9 b=122.1 gap=34.9 (face=41.7mm) n=[406, 551, 538, 704, 737, 142, 900]  tape=2.847km B=7.07T unif=0.389% hoop=400MPa
  [  32] viol   f=   2.758  a=44.7 b=112.8 gap=44.7 (face=61.4mm) n=[758, 811, 743, 783, 658, 124, 679]  tape=2.613km B=9.73T unif=0.409% hoop=258MPa
  [  33] viol   f=   6.973  a=41.9 b=124.1 gap=34.6 (face=41.3mm) n=[61, 728, 142, 719, 559, 560, 821]  tape=2.262km B=8.47T unif=0.400% hoop=259MPa
  [  34] viol   f=  50.562  a=91.3 b=143.4 gap=42.6 (face=57.3mm) n=[275, 564, 494, 567, 509, 171, 891]  tape=2.962km B=5.12T unif=0.287% hoop=400MPa
  [  35] viol   f=  16.326  a=39.3 b=95.3 gap=32.6 (face=37.1mm) n=[276, 540, 439, 891, 124, 146, 358]  tape=1.531km B=7.28T unif=0.542% hoop=231MPa
  [  36] viol   f=   2.460  a=47.5 b=98.8 gap=41.0 (face=54.0mm) n=[620, 634, 568, 887, 574, 303, 887]  tape=2.456km B=9.96T unif=0.273% hoop=324MPa
  [  37] INFEAS f=8046.107  a=25.7 b=89.8 gap=43.9 (face=59.8mm) n=[354, 487, 421, 651, 541, 265, 817]  no evaluation (geometry pre-check)
  [  38] INFEAS f=16929.708  a=24.4 b=129.3 gap=24.2 (face=20.3mm) n=[430, 849, 222, 573, 779, 268, 891]  no evaluation (geometry pre-check)
  [  39] viol   f=   2.711  a=53.2 b=108.8 gap=39.1 (face=50.2mm) n=[419, 788, 452, 685, 900, 492, 638]  tape=2.672km B=9.86T unif=0.341% hoop=353MPa
  [  40] viol   f=   6.490  a=62.9 b=157.0 gap=39.2 (face=50.4mm) n=[432, 898, 207, 667, 897, 271, 899]  tape=3.454km B=8.77T unif=0.235% hoop=336MPa
  [  41] INFEAS f=1945.889  a=60.6 b=60.7 gap=34.1 (face=40.3mm) n=[360, 591, 598, 806, 670, 524, 712]  no evaluation (geometry pre-check)
  [  42] OK     f=   2.469  a=68.6 b=88.9 gap=37.1 (face=46.2mm) n=[556, 689, 628, 875, 878, 78, 868]  tape=2.469km B=10.33T unif=0.146% hoop=400MPa
  [  43] viol   f=  26.022  a=65.0 b=124.0 gap=44.7 (face=61.5mm) n=[211, 738, 242, 452, 673, 223, 824]  tape=2.341km B=6.56T unif=0.233% hoop=309MPa
  [  44] viol   f=  19.307  a=60.2 b=108.2 gap=42.4 (face=56.8mm) n=[402, 585, 112, 831, 279, 276, 880]  tape=2.113km B=7.07T unif=0.213% hoop=345MPa
  [  45] INFEAS f=63147.716  a=12.5 b=109.8 gap=42.8 (face=57.5mm) n=[685, 292, 346, 885, 230, 349, 789]  no evaluation (geometry pre-check)
  [  46] viol   f=   6.093  a=71.7 b=110.8 gap=43.3 (face=58.6mm) n=[603, 755, 311, 900, 872, 143, 619]  tape=2.734km B=8.70T unif=0.248% hoop=386MPa
  [  47] OK     f=   2.329  a=50.1 b=82.9 gap=31.5 (face=34.9mm) n=[725, 828, 704, 846, 767, 475, 557]  tape=2.329km B=14.24T unif=0.555% hoop=341MPa
  [  48] INFEAS f=1986.435  a=33.7 b=127.0 gap=44.4 (face=60.9mm) n=[342, 389, 528, 886, 898, 192, 638]  no evaluation (geometry pre-check)
  [  49] INFEAS f=8964.870  a=23.3 b=119.6 gap=42.6 (face=57.1mm) n=[353, 759, 150, 767, 743, 289, 725]  no evaluation (geometry pre-check)
  [  50] viol   f=  26.905  a=76.4 b=130.1 gap=40.4 (face=52.9mm) n=[70, 900, 387, 698, 423, 444, 699]  tape=2.737km B=6.52T unif=0.320% hoop=400MPa
  [  51] INFEAS f=5363.567  a=30.4 b=71.0 gap=30.6 (face=33.2mm) n=[434, 833, 877, 753, 899, 292, 577]  no evaluation (geometry pre-check)
  [  52] OK     f=   2.363  a=57.7 b=104.8 gap=24.6 (face=21.2mm) n=[397, 853, 638, 621, 478, 198, 737]  tape=2.363km B=10.65T unif=0.680% hoop=400MPa
  [  53] INFEAS f=1000.674  a=63.2 b=68.0 gap=27.4 (face=26.8mm) n=[887, 896, 616, 836, 890, 230, 431]  no evaluation (geometry pre-check)
  [  54] viol   f=   3.034  a=65.3 b=116.0 gap=38.2 (face=48.4mm) n=[513, 731, 708, 889, 894, 469, 391]  tape=3.016km B=9.90T unif=0.344% hoop=400MPa
  [  55] viol   f=  10.698  a=47.3 b=110.4 gap=40.4 (face=52.7mm) n=[447, 806, 394, 307, 746, 472, 260]  tape=2.080km B=7.92T unif=0.365% hoop=281MPa
  [  56] OK     f=   1.865  a=60.2 b=68.1 gap=26.5 (face=25.0mm) n=[550, 501, 725, 821, 363, 619, 492]  tape=1.865km B=12.21T unif=0.736% hoop=400MPa
  [  57] viol   f=   2.128  a=48.7 b=90.8 gap=26.8 (face=25.7mm) n=[153, 622, 204, 826, 581, 224, 696]  tape=1.739km B=9.56T unif=0.607% hoop=272MPa
  [  58] INFEAS f=2439.940  a=29.9 b=121.9 gap=45.0 (face=61.9mm) n=[716, 527, 813, 724, 722, 615, 194]  no evaluation (geometry pre-check)
  [  59] INFEAS f=68193.284  a=106.4 b=70.4 gap=36.8 (face=45.6mm) n=[900, 504, 589, 811, 887, 390, 797]  no evaluation (geometry pre-check)
  [  60] INFEAS f=111136.608  a=94.7 b=47.2 gap=36.6 (face=45.3mm) n=[458, 768, 319, 726, 725, 168, 874]  no evaluation (geometry pre-check)
  [  61] viol   f=   3.576  a=73.7 b=104.6 gap=31.2 (face=34.5mm) n=[541, 671, 529, 738, 899, 493, 797]  tape=2.960km B=9.44T unif=0.543% hoop=400MPa
  [  62] INFEAS f=2292.646  a=61.3 b=60.6 gap=18.1 (face=8.2mm) n=[508, 539, 207, 846, 810, 425, 610]  no evaluation (geometry pre-check)
  [  63] OK     f=   1.650  a=44.7 b=62.3 gap=23.9 (face=19.9mm) n=[829, 500, 289, 869, 894, 231, 556]  tape=1.650km B=14.67T unif=0.614% hoop=282MPa
  [  64] viol   f=   2.077  a=50.6 b=84.9 gap=30.3 (face=32.7mm) n=[233, 484, 390, 661, 761, 300, 793]  tape=1.813km B=9.64T unif=0.404% hoop=306MPa
  [  65] viol   f=   2.535  a=61.5 b=82.1 gap=34.4 (face=40.8mm) n=[581, 429, 160, 841, 506, 562, 729]  tape=1.985km B=9.48T unif=0.239% hoop=362MPa
  [  66] viol   f=  19.154  a=86.7 b=104.5 gap=16.2 (face=4.5mm) n=[104, 522, 586, 759, 791, 101, 649]  tape=2.284km B=7.41T unif=1.131% hoop=400MPa
  [  67] INFEAS f=41327.770  a=67.2 b=40.4 gap=39.3 (face=50.6mm) n=[669, 71, 768, 806, 689, 212, 464]  no evaluation (geometry pre-check)
  [  68] INFEAS f=5908.138  a=28.4 b=69.5 gap=40.0 (face=51.9mm) n=[780, 739, 126, 764, 810, 524, 855]  no evaluation (geometry pre-check)
  [  69] INFEAS f=2195.845  a=33.5 b=84.6 gap=34.7 (face=41.4mm) n=[634, 565, 900, 583, 879, 616, 404]  no evaluation (geometry pre-check)
  [  70] INFEAS f=32094.858  a=90.1 b=67.3 gap=37.1 (face=46.1mm) n=[900, 705, 669, 889, 570, 374, 438]  no evaluation (geometry pre-check)
  [  71] INFEAS f=95687.167  a=7.0 b=66.6 gap=36.0 (face=44.0mm) n=[812, 846, 169, 884, 874, 425, 587]  no evaluation (geometry pre-check)
  [  72] INFEAS f=10454.641  a=53.3 b=42.9 gap=15.9 (face=3.8mm) n=[621, 262, 654, 826, 891, 851, 267]  no evaluation (geometry pre-check)
  [  73] viol   f=   2.642  a=46.1 b=79.6 gap=37.6 (face=47.2mm) n=[748, 177, 471, 865, 203, 861, 447]  tape=1.767km B=9.34T unif=0.151% hoop=248MPa
  [  74] OK     f=   1.924  a=56.8 b=78.3 gap=36.1 (face=44.2mm) n=[109, 596, 588, 773, 652, 607, 771]  tape=1.924km B=10.17T unif=0.258% hoop=380MPa
  [  75] viol   f=  15.585  a=77.3 b=86.6 gap=23.1 (face=18.2mm) n=[766, 561, 187, 694, 257, 436, 735]  tape=2.035km B=9.46T unif=1.255% hoop=400MPa
  [  76] viol   f=   3.634  a=54.9 b=73.6 gap=36.1 (face=44.3mm) n=[578, 289, 208, 781, 783, 296, 563]  tape=1.621km B=9.00T unif=0.252% hoop=259MPa
  [  77] INFEAS f=37383.925  a=84.2 b=59.0 gap=32.3 (face=36.6mm) n=[822, 404, 534, 810, 723, 141, 899]  no evaluation (geometry pre-check)
  [  78] INFEAS f=12410.167  a=31.0 b=21.8 gap=18.2 (face=8.4mm) n=[691, 525, 286, 800, 791, 531, 892]  no evaluation (geometry pre-check)
  [  79] INFEAS f=3728.839  a=62.4 b=59.1 gap=32.3 (face=36.6mm) n=[402, 734, 557, 352, 627, 497, 865]  no evaluation (geometry pre-check)
  [  80] viol   f=   4.069  a=44.2 b=93.3 gap=29.5 (face=31.0mm) n=[314, 512, 524, 614, 415, 55, 847]  tape=1.762km B=8.93T unif=0.449% hoop=323MPa
  [  81] OK     f=   1.885  a=34.8 b=81.3 gap=34.8 (face=41.6mm) n=[623, 420, 300, 720, 565, 828, 782]  tape=1.885km B=10.65T unif=0.410% hoop=225MPa
  [  82] OK     f=   1.960  a=48.4 b=79.8 gap=34.8 (face=41.5mm) n=[653, 596, 385, 631, 879, 482, 364]  tape=1.960km B=10.51T unif=0.372% hoop=314MPa
  [  83] viol   f=   5.309  a=41.5 b=79.2 gap=37.8 (face=47.5mm) n=[570, 275, 198, 530, 594, 663, 884]  tape=1.762km B=8.67T unif=0.118% hoop=255MPa
  [  84] INFEAS f=18039.795  a=24.3 b=47.8 gap=42.3 (face=56.6mm) n=[473, 146, 459, 610, 898, 850, 375]  no evaluation (geometry pre-check)
  [  85] INFEAS f=22313.382  a=22.1 b=81.6 gap=34.7 (face=41.3mm) n=[223, 178, 875, 597, 878, 707, 644]  no evaluation (geometry pre-check)
  [  86] OK     f=   2.554  a=52.5 b=96.9 gap=38.2 (face=48.5mm) n=[339, 595, 691, 864, 897, 461, 813]  tape=2.554km B=10.70T unif=0.265% hoop=330MPa
  [  87] viol   f=   2.457  a=55.3 b=86.0 gap=18.8 (face=9.6mm) n=[103, 612, 275, 418, 895, 544, 543]  tape=1.831km B=9.44T unif=0.898% hoop=400MPa
  [  88] OK     f=   1.799  a=48.0 b=80.6 gap=28.6 (face=29.3mm) n=[395, 59, 592, 719, 719, 765, 696]  tape=1.799km B=11.15T unif=0.349% hoop=272MPa
  [  89] INFEAS f=13262.522  a=76.4 b=63.9 gap=21.8 (face=15.5mm) n=[328, 494, 414, 898, 875, 468, 713]  no evaluation (geometry pre-check)
  [  90] viol   f=  17.764  a=56.0 b=96.7 gap=44.6 (face=61.1mm) n=[198, 382, 501, 430, 893, 438, 777]  tape=2.102km B=7.20T unif=0.099% hoop=343MPa
  [  91] INFEAS f=9385.359  a=28.1 b=46.4 gap=43.9 (face=59.8mm) n=[754, 435, 702, 704, 716, 900, 615]  no evaluation (geometry pre-check)
  [  92] viol   f=   5.919  a=52.6 b=96.4 gap=36.2 (face=44.4mm) n=[419, 340, 428, 765, 707, 486, 402]  tape=1.972km B=8.60T unif=0.352% hoop=320MPa
  [  93] viol   f=   2.334  a=45.0 b=69.6 gap=17.6 (face=7.1mm) n=[534, 815, 280, 699, 747, 192, 788]  tape=1.681km B=15.94T unif=1.057% hoop=358MPa
  [  94] OK     f=   1.627  a=41.3 b=95.9 gap=25.1 (face=22.2mm) n=[625, 98, 471, 560, 509, 182, 710]  tape=1.627km B=10.34T unif=0.501% hoop=276MPa
  [  95] viol   f=  21.116  a=56.1 b=97.5 gap=37.1 (face=46.2mm) n=[71, 60, 294, 751, 749, 720, 391]  tape=1.664km B=6.88T unif=0.212% hoop=235MPa
  [  96] INFEAS f=1825.197  a=57.4 b=57.8 gap=33.5 (face=39.0mm) n=[431, 398, 554, 365, 613, 785, 380]  no evaluation (geometry pre-check)
  [  97] viol   f= 470.856  a=32.8 b=56.2 gap=40.4 (face=52.7mm) n=[134, 570, 639, 760, 724, 541, 691]  tape=1.326km B=8.76T unif=2.527% hoop=189MPa
  [  98] INFEAS f=10889.271  a=59.6 b=48.9 gap=38.4 (face=48.8mm) n=[453, 419, 347, 343, 748, 284, 896]  no evaluation (geometry pre-check)
  [  99] OK     f=   2.255  a=44.1 b=88.9 gap=32.1 (face=36.3mm) n=[699, 161, 749, 873, 651, 616, 861]  tape=2.255km B=12.41T unif=0.486% hoop=292MPa
  [ 100] OK     f=   2.068  a=56.7 b=79.3 gap=25.0 (face=22.0mm) n=[464, 378, 619, 592, 642, 846, 604]  tape=2.068km B=11.52T unif=0.682% hoop=400MPa
  [ 101] OK     f=   2.299  a=52.5 b=88.4 gap=24.2 (face=20.4mm) n=[691, 105, 707, 615, 888, 708, 781]  tape=2.299km B=13.62T unif=0.664% hoop=393MPa
  [ 102] OK     f=   2.511  a=58.5 b=98.9 gap=22.6 (face=17.1mm) n=[399, 651, 549, 864, 743, 362, 821]  tape=2.511km B=11.76T unif=0.708% hoop=400MPa
  [ 103] OK     f=   2.011  a=54.9 b=101.8 gap=18.9 (face=9.9mm) n=[757, 102, 337, 484, 638, 276, 841]  tape=2.011km B=10.45T unif=0.745% hoop=367MPa
  [ 104] OK     f=   2.084  a=58.7 b=92.9 gap=26.7 (face=25.3mm) n=[800, 195, 528, 807, 299, 216, 898]  tape=2.084km B=10.24T unif=0.681% hoop=323MPa
  [ 105] viol   f=   2.108  a=40.0 b=106.8 gap=22.5 (face=16.9mm) n=[483, 60, 563, 899, 199, 441, 461]  tape=1.842km B=9.64T unif=0.615% hoop=311MPa
  [ 106] INFEAS f=3960.425  a=30.5 b=87.2 gap=19.2 (face=10.4mm) n=[273, 349, 872, 740, 816, 218, 537]  no evaluation (geometry pre-check)
  [ 107] INFEAS f=1248.052  a=35.2 b=90.6 gap=39.2 (face=50.4mm) n=[328, 429, 593, 864, 872, 525, 899]  no evaluation (geometry pre-check)
  [ 108] viol   f=   2.438  a=52.3 b=100.8 gap=42.3 (face=56.6mm) n=[720, 576, 616, 761, 427, 591, 731]  tape=2.427km B=9.92T unif=0.258% hoop=336MPa
  [ 109] OK     f=   1.845  a=36.7 b=82.3 gap=24.8 (face=21.6mm) n=[398, 299, 827, 608, 873, 438, 492]  tape=1.845km B=12.58T unif=0.750% hoop=275MPa
  [ 110] viol   f=   1.952  a=51.3 b=85.8 gap=30.5 (face=33.0mm) n=[847, 200, 380, 731, 347, 156, 779]  tape=1.755km B=9.69T unif=0.618% hoop=265MPa
  [ 111] INFEAS f=10110.562  a=26.1 b=68.2 gap=30.3 (face=32.6mm) n=[249, 525, 564, 509, 834, 252, 858]  no evaluation (geometry pre-check)
  [ 112] OK     f=   2.077  a=54.4 b=85.5 gap=28.5 (face=29.0mm) n=[533, 106, 834, 827, 763, 404, 705]  tape=2.077km B=12.02T unif=0.561% hoop=325MPa
  [ 113] INFEAS f=8105.791  a=24.2 b=83.7 gap=16.3 (face=4.7mm) n=[595, 674, 512, 723, 779, 424, 442]  no evaluation (geometry pre-check)
  [ 114] viol   f=   3.332  a=76.2 b=85.6 gap=33.6 (face=39.2mm) n=[696, 154, 763, 640, 668, 336, 765]  tape=2.178km B=9.24T unif=0.467% hoop=400MPa
  [ 115] viol   f=   1.782  a=43.9 b=90.0 gap=27.0 (face=26.0mm) n=[616, 242, 267, 842, 142, 495, 862]  tape=1.775km B=9.94T unif=0.570% hoop=261MPa
  [ 116] INFEAS f=7051.968  a=29.4 b=58.7 gap=20.5 (face=13.0mm) n=[385, 277, 255, 900, 377, 56, 151]  no evaluation (geometry pre-check)
  [ 117] OK     f=   2.357  a=42.8 b=81.8 gap=20.0 (face=12.0mm) n=[898, 483, 679, 728, 874, 719, 766]  tape=2.357km B=19.07T unif=0.890% hoop=384MPa
  [ 118] viol   f=   9.819  a=49.4 b=113.2 gap=41.0 (face=54.1mm) n=[172, 70, 824, 726, 840, 643, 513]  tape=2.273km B=8.06T unif=0.325% hoop=261MPa
  [ 119] viol   f=   7.122  a=31.4 b=75.4 gap=23.5 (face=19.0mm) n=[676, 421, 741, 622, 623, 321, 227]  tape=1.492km B=14.67T unif=1.168% hoop=236MPa
  [ 120] INFEAS f=5203.790  a=25.6 b=93.0 gap=18.5 (face=9.0mm) n=[127, 421, 628, 619, 767, 230, 462]  no evaluation (geometry pre-check)
  [ 121] OK     f=   1.724  a=36.8 b=71.2 gap=26.1 (face=24.3mm) n=[755, 310, 854, 780, 352, 634, 481]  tape=1.724km B=14.24T unif=0.921% hoop=254MPa
  [ 122] viol   f=  10.596  a=51.8 b=116.8 gap=39.9 (face=51.8mm) n=[583, 112, 591, 900, 344, 306, 883]  tape=2.377km B=7.97T unif=0.314% hoop=289MPa
  [ 123] viol   f=   3.064  a=53.9 b=107.2 gap=38.4 (face=48.8mm) n=[847, 344, 649, 531, 199, 772, 655]  tape=2.390km B=9.42T unif=0.358% hoop=315MPa
  [ 124] OK     f=   2.862  a=58.4 b=119.8 gap=34.6 (face=41.2mm) n=[528, 450, 121, 878, 830, 758, 874]  tape=2.862km B=10.11T unif=0.360% hoop=333MPa
  [ 125] viol   f=   4.706  a=36.9 b=78.6 gap=41.0 (face=53.9mm) n=[586, 239, 898, 538, 731, 461, 348]  tape=1.762km B=8.79T unif=0.271% hoop=245MPa
  [ 126] OK     f=   2.070  a=57.0 b=89.0 gap=25.6 (face=23.1mm) n=[572, 540, 529, 598, 704, 306, 740]  tape=2.070km B=10.94T unif=0.747% hoop=400MPa
  [ 127] OK     f=   2.047  a=45.8 b=96.5 gap=34.2 (face=40.4mm) n=[701, 338, 576, 687, 486, 543, 631]  tape=2.047km B=10.60T unif=0.468% hoop=287MPa
  [ 128] OK     f=   1.828  a=43.5 b=90.6 gap=29.4 (face=30.9mm) n=[533, 142, 797, 679, 235, 584, 651]  tape=1.828km B=10.57T unif=0.592% hoop=254MPa
  [ 129] OK     f=   2.049  a=61.8 b=81.3 gap=30.4 (face=32.8mm) n=[896, 82, 788, 812, 290, 597, 543]  tape=2.049km B=11.50T unif=0.688% hoop=363MPa
  [ 130] viol   f=   4.058  a=41.4 b=72.5 gap=19.0 (face=10.0mm) n=[763, 159, 624, 794, 526, 672, 786]  tape=1.770km B=16.81T unif=1.107% hoop=318MPa
  [ 131] INFEAS f=2832.707  a=31.3 b=63.5 gap=32.1 (face=36.2mm) n=[863, 201, 679, 831, 191, 603, 625]  no evaluation (geometry pre-check)
  [ 132] INFEAS f=2323.043  a=33.2 b=97.6 gap=20.4 (face=12.8mm) n=[891, 399, 897, 745, 691, 607, 548]  no evaluation (geometry pre-check)
  [ 133] OK     f=   1.589  a=43.3 b=71.8 gap=19.4 (face=10.8mm) n=[573, 105, 655, 739, 266, 620, 798]  tape=1.589km B=13.75T unif=0.902% hoop=302MPa
  [ 134] OK     f=   2.225  a=39.1 b=86.6 gap=23.2 (face=18.4mm) n=[716, 296, 867, 897, 418, 760, 751]  tape=2.225km B=16.11T unif=0.627% hoop=306MPa
  [ 135] OK     f=   1.817  a=66.7 b=74.7 gap=28.7 (face=29.4mm) n=[763, 172, 232, 855, 116, 814, 828]  tape=1.817km B=10.95T unif=0.335% hoop=351MPa
  [ 136] OK     f=   1.973  a=50.6 b=79.5 gap=24.2 (face=20.5mm) n=[899, 110, 664, 533, 440, 692, 713]  tape=1.973km B=13.19T unif=0.974% hoop=382MPa
  [ 137] INFEAS f=5603.733  a=27.5 b=46.1 gap=22.3 (face=16.7mm) n=[738, 99, 332, 677, 418, 508, 826]  no evaluation (geometry pre-check)
  [ 138] INFEAS f=17146.484  a=72.9 b=57.8 gap=32.0 (face=36.1mm) n=[274, 283, 367, 650, 645, 800, 704]  no evaluation (geometry pre-check)
  [ 139] OK     f=   2.006  a=58.5 b=86.4 gap=24.4 (face=20.8mm) n=[772, 212, 739, 415, 381, 323, 891]  tape=2.006km B=10.65T unif=0.853% hoop=400MPa
  [ 140] INFEAS f=29190.946  a=20.3 b=59.1 gap=30.6 (face=33.3mm) n=[886, 232, 760, 584, 77, 681, 488]  no evaluation (geometry pre-check)
  [ 141] INFEAS f=1344.647  a=69.4 b=71.4 gap=24.9 (face=21.8mm) n=[767, 342, 586, 898, 68, 344, 552]  no evaluation (geometry pre-check)
  [ 142] OK     f=   1.698  a=54.4 b=63.9 gap=22.9 (face=17.9mm) n=[717, 91, 822, 675, 90, 900, 831]  tape=1.698km B=14.20T unif=0.590% hoop=350MPa
  [ 143] OK     f=   1.949  a=40.7 b=80.8 gap=23.5 (face=19.0mm) n=[852, 461, 895, 660, 198, 396, 748]  tape=1.949km B=14.99T unif=0.969% hoop=305MPa
  [ 144] OK     f=   1.748  a=51.1 b=68.9 gap=26.8 (face=25.7mm) n=[681, 427, 227, 896, 100, 845, 900]  tape=1.748km B=12.08T unif=0.086% hoop=289MPa
  [ 145] INFEAS f=14017.738  a=68.0 b=55.0 gap=16.8 (face=5.5mm) n=[647, 110, 736, 522, 341, 421, 624]  no evaluation (geometry pre-check)
  [ 146] OK     f=   2.236  a=62.8 b=80.3 gap=30.1 (face=32.1mm) n=[299, 138, 889, 709, 694, 891, 899]  tape=2.236km B=11.75T unif=0.180% hoop=400MPa
  [ 147] viol   f=   1.987  a=44.3 b=72.7 gap=23.0 (face=18.0mm) n=[216, 76, 533, 574, 112, 874, 676]  tape=1.383km B=9.45T unif=0.459% hoop=269MPa
  [ 148] OK     f=   1.649  a=53.0 b=79.5 gap=25.7 (face=23.4mm) n=[735, 125, 678, 815, 101, 645, 344]  tape=1.649km B=11.24T unif=0.918% hoop=302MPa
  [ 149] viol   f=   5.764  a=53.5 b=87.0 gap=18.5 (face=9.0mm) n=[900, 66, 841, 838, 320, 580, 777]  tape=2.179km B=15.19T unif=1.134% hoop=383MPa
  [ 150] INFEAS f=21461.901  a=71.4 b=53.7 gap=25.6 (face=23.1mm) n=[839, 319, 275, 649, 170, 600, 670]  no evaluation (geometry pre-check)
  [ 151] OK     f=   1.573  a=52.4 b=64.3 gap=27.1 (face=26.3mm) n=[583, 332, 752, 785, 68, 871, 326]  tape=1.573km B=11.69T unif=0.213% hoop=287MPa
  [ 152] viol   f=   2.517  a=51.0 b=74.1 gap=17.2 (face=6.5mm) n=[693, 110, 899, 895, 124, 772, 816]  tape=1.896km B=16.21T unif=1.056% hoop=370MPa
  [ 153] OK     f=   1.603  a=42.9 b=58.7 gap=29.3 (face=30.7mm) n=[892, 385, 882, 879, 539, 162, 580]  tape=1.603km B=14.44T unif=0.977% hoop=258MPa
  [ 154] INFEAS f=1064.783  a=35.7 b=63.4 gap=24.5 (face=21.1mm) n=[892, 298, 776, 718, 485, 794, 887]  no evaluation (geometry pre-check)
  [ 155] OK     f=   1.989  a=63.2 b=74.8 gap=25.4 (face=22.8mm) n=[831, 129, 791, 830, 71, 876, 750]  tape=1.989km B=13.68T unif=0.941% hoop=400MPa
  [ 156] viol   f=   1.823  a=64.6 b=78.1 gap=29.7 (face=31.4mm) n=[460, 82, 756, 709, 407, 397, 732]  tape=1.753km B=9.81T unif=0.492% hoop=400MPa
  [ 157] viol   f=  10.987  a=55.2 b=82.5 gap=15.9 (face=3.9mm) n=[780, 184, 474, 898, 236, 724, 819]  tape=2.058km B=13.76T unif=1.211% hoop=400MPa
  [ 158] OK     f=   2.158  a=55.5 b=98.8 gap=34.3 (face=40.6mm) n=[826, 88, 666, 652, 138, 740, 826]  tape=2.158km B=10.04T unif=0.454% hoop=327MPa
  [ 159] OK     f=   2.049  a=53.8 b=74.8 gap=23.9 (face=19.8mm) n=[746, 364, 863, 861, 282, 631, 734]  tape=2.049km B=14.68T unif=0.837% hoop=351MPa
  [ 160] OK     f=   1.779  a=39.3 b=77.2 gap=17.8 (face=7.6mm) n=[704, 241, 782, 678, 281, 469, 854]  tape=1.779km B=15.23T unif=0.858% hoop=310MPa
  [ 161] INFEAS f=8233.567  a=81.0 b=72.5 gap=22.5 (face=16.9mm) n=[563, 359, 827, 899, 97, 899, 284]  no evaluation (geometry pre-check)
  [ 162] INFEAS f=1556.672  a=32.5 b=76.2 gap=38.0 (face=48.1mm) n=[725, 253, 846, 771, 591, 390, 407]  no evaluation (geometry pre-check)
  [ 163] INFEAS f=1047.460  a=56.8 b=60.7 gap=33.9 (face=39.8mm) n=[787, 211, 897, 502, 365, 829, 656]  no evaluation (geometry pre-check)
  [ 164] INFEAS f=1299.482  a=28.8 b=72.0 gap=24.7 (face=21.4mm) n=[718, 153, 658, 733, 396, 549, 416]  no evaluation (geometry pre-check)
  [ 165] viol   f=   4.020  a=52.6 b=88.6 gap=19.1 (face=10.1mm) n=[790, 327, 400, 898, 148, 399, 165]  tape=1.697km B=10.47T unif=1.108% hoop=357MPa
  [ 166] viol   f=  53.125  a=40.8 b=62.9 gap=23.3 (face=18.5mm) n=[871, 106, 805, 685, 454, 458, 81]  tape=1.358km B=14.04T unif=1.509% hoop=297MPa
  [ 167] INFEAS f=4961.264  a=53.6 b=48.7 gap=23.8 (face=19.6mm) n=[900, 658, 863, 898, 198, 761, 307]  no evaluation (geometry pre-check)
  [ 168] INFEAS f=9496.345  a=69.4 b=59.8 gap=22.4 (face=16.8mm) n=[897, 227, 896, 900, 51, 408, 434]  no evaluation (geometry pre-check)
  [ 169] OK     f=   1.989  a=58.5 b=84.0 gap=32.6 (face=37.3mm) n=[716, 65, 898, 884, 53, 503, 896]  tape=1.989km B=10.78T unif=0.327% hoop=293MPa
  [ 170] INFEAS f=1113.289  a=34.4 b=85.7 gap=32.6 (face=37.1mm) n=[667, 385, 864, 802, 124, 526, 511]  no evaluation (geometry pre-check)
  [ 171] viol   f=   6.548  a=46.5 b=72.7 gap=16.9 (face=5.8mm) n=[658, 439, 747, 802, 345, 839, 714]  tape=1.958km B=16.97T unif=1.152% hoop=400MPa
  [ 172] OK     f=   1.762  a=54.5 b=78.6 gap=29.0 (face=30.0mm) n=[766, 106, 730, 757, 305, 267, 811]  tape=1.762km B=11.38T unif=0.618% hoop=291MPa
  [ 173] OK     f=   1.728  a=52.9 b=68.3 gap=29.4 (face=30.7mm) n=[652, 100, 880, 467, 731, 410, 619]  tape=1.728km B=11.49T unif=0.231% hoop=317MPa
  [ 174] viol   f=   1.716  a=40.7 b=78.9 gap=26.5 (face=25.1mm) n=[783, 447, 724, 685, 312, 320, 434]  tape=1.680km B=12.72T unif=1.014% hoop=297MPa
  [ 175] OK     f=   2.124  a=52.6 b=89.5 gap=33.9 (face=39.8mm) n=[826, 211, 624, 809, 171, 700, 843]  tape=2.124km B=10.94T unif=0.403% hoop=288MPa
  [ 176] viol   f=   3.794  a=55.7 b=68.7 gap=22.6 (face=17.2mm) n=[893, 223, 881, 900, 108, 720, 697]  tape=1.902km B=15.66T unif=1.097% hoop=349MPa
  [ 177] viol   f=   7.651  a=63.5 b=84.5 gap=20.9 (face=13.8mm) n=[827, 290, 898, 799, 229, 503, 897]  tape=2.304km B=13.46T unif=1.164% hoop=400MPa
  [ 178] INFEAS f=1331.700  a=59.3 b=61.4 gap=32.2 (face=36.3mm) n=[779, 384, 793, 698, 168, 685, 751]  no evaluation (geometry pre-check)
  [ 179] INFEAS f=3347.725  a=62.0 b=59.3 gap=25.3 (face=22.6mm) n=[748, 106, 341, 710, 195, 633, 619]  no evaluation (geometry pre-check)
  [ 180] viol   f=   3.766  a=57.8 b=88.6 gap=29.1 (face=30.2mm) n=[501, 233, 672, 765, 157, 227, 659]  tape=1.705km B=8.99T unif=0.625% hoop=295MPa
  [ 181] OK     f=   1.775  a=65.4 b=77.5 gap=24.7 (face=21.3mm) n=[484, 205, 612, 721, 399, 418, 732]  tape=1.775km B=10.13T unif=0.902% hoop=400MPa
  [ 182] OK     f=   1.719  a=57.0 b=79.4 gap=36.0 (face=43.9mm) n=[758, 659, 708, 699, 122, 141, 527]  tape=1.719km B=10.02T unif=0.352% hoop=308MPa
  [ 183] OK     f=   1.494  a=44.5 b=68.6 gap=28.9 (face=29.7mm) n=[533, 122, 723, 826, 496, 348, 414]  tape=1.494km B=11.06T unif=0.491% hoop=283MPa
  [ 184] OK     f=   2.205  a=62.8 b=87.7 gap=36.1 (face=44.2mm) n=[868, 421, 704, 711, 291, 348, 698]  tape=2.205km B=10.09T unif=0.423% hoop=400MPa
  [ 185] viol   f=   2.653  a=58.2 b=71.0 gap=24.5 (face=20.9mm) n=[597, 251, 767, 698, 438, 100, 579]  tape=1.571km B=11.35T unif=1.074% hoop=345MPa
  [ 186] OK     f=   1.821  a=59.5 b=74.3 gap=31.5 (face=34.9mm) n=[625, 73, 834, 764, 723, 237, 629]  tape=1.821km B=10.98T unif=0.237% hoop=330MPa
  [ 187] viol   f=  12.437  a=50.5 b=80.0 gap=38.5 (face=48.9mm) n=[286, 368, 555, 544, 493, 248, 661]  tape=1.496km B=7.66T unif=0.097% hoop=282MPa
  [ 188] INFEAS f=1068.858  a=35.9 b=80.6 gap=33.9 (face=39.7mm) n=[894, 169, 899, 716, 280, 394, 895]  no evaluation (geometry pre-check)
  [ 189] INFEAS f=1415.847  a=33.1 b=72.0 gap=25.6 (face=23.3mm) n=[481, 130, 855, 696, 595, 680, 815]  no evaluation (geometry pre-check)
  [ 190] OK     f=   2.213  a=54.0 b=90.0 gap=32.4 (face=36.8mm) n=[807, 139, 790, 811, 206, 666, 880]  tape=2.213km B=11.69T unif=0.455% hoop=305MPa
  [ 191] OK     f=   1.958  a=50.0 b=81.1 gap=30.7 (face=33.4mm) n=[617, 140, 868, 896, 300, 427, 812]  tape=1.958km B=11.50T unif=0.473% hoop=282MPa
  [ 192] viol   f=   1.909  a=59.4 b=81.8 gap=24.4 (face=20.8mm) n=[566, 107, 526, 899, 426, 394, 492]  tape=1.830km B=9.80T unif=0.853% hoop=400MPa
  [ 193] INFEAS f=9036.853  a=28.2 b=62.8 gap=29.3 (face=30.6mm) n=[361, 181, 754, 900, 433, 383, 412]  no evaluation (geometry pre-check)
  [ 194] viol   f=   2.359  a=63.1 b=95.4 gap=31.6 (face=35.2mm) n=[863, 293, 551, 875, 455, 430, 612]  tape=2.358km B=9.97T unif=0.636% hoop=400MPa
  [ 195] viol   f=   2.397  a=64.6 b=75.6 gap=24.3 (face=20.7mm) n=[470, 113, 437, 859, 573, 276, 443]  tape=1.652km B=9.39T unif=0.844% hoop=398MPa
  [ 196] OK     f=   2.091  a=58.2 b=69.5 gap=34.5 (face=41.1mm) n=[588, 527, 887, 900, 434, 443, 816]  tape=2.091km B=11.50T unif=0.441% hoop=400MPa
  [ 197] OK     f=   1.388  a=40.7 b=77.3 gap=29.3 (face=30.6mm) n=[686, 235, 560, 615, 362, 274, 388]  tape=1.388km B=10.17T unif=0.787% hoop=239MPa
  [ 198] viol   f=   5.688  a=71.7 b=77.2 gap=35.5 (face=42.9mm) n=[616, 424, 604, 843, 400, 265, 262]  tape=1.835km B=8.61T unif=0.398% hoop=397MPa
  [ 199] viol   f=   7.561  a=60.0 b=71.7 gap=31.1 (face=34.3mm) n=[408, 417, 654, 705, 51, 136, 389]  tape=1.289km B=8.23T unif=0.501% hoop=386MPa
  [ 200] viol   f=   6.039  a=59.1 b=81.4 gap=34.1 (face=40.2mm) n=[438, 286, 784, 840, 504, 52, 326]  tape=1.666km B=8.52T unif=0.348% hoop=287MPa
  [ 201] OK     f=   1.462  a=51.5 b=69.6 gap=27.5 (face=27.0mm) n=[342, 639, 652, 877, 413, 103, 153]  tape=1.462km B=10.14T unif=0.584% hoop=322MPa
  [ 202] OK     f=   1.715  a=41.6 b=87.1 gap=28.7 (face=29.3mm) n=[710, 334, 607, 476, 313, 629, 490]  tape=1.715km B=11.12T unif=0.623% hoop=264MPa
  [ 203] viol   f=   1.880  a=61.1 b=79.1 gap=25.1 (face=22.2mm) n=[639, 312, 655, 838, 345, 293, 582]  tape=1.880km B=10.83T unif=1.000% hoop=377MPa
  [ 204] OK     f=   1.764  a=47.6 b=77.4 gap=27.0 (face=26.0mm) n=[560, 80, 801, 811, 554, 346, 750]  tape=1.764km B=12.36T unif=0.599% hoop=294MPa
  [ 205] OK     f=   1.393  a=45.3 b=75.9 gap=25.9 (face=23.8mm) n=[706, 84, 621, 726, 83, 475, 485]  tape=1.393km B=11.18T unif=0.881% hoop=289MPa
  [ 206] viol   f=   3.794  a=38.2 b=71.7 gap=21.8 (face=15.5mm) n=[770, 334, 698, 855, 184, 725, 171]  tape=1.559km B=14.34T unif=1.106% hoop=257MPa
  [ 207] INFEAS f=1819.317  a=66.3 b=66.8 gap=29.7 (face=31.4mm) n=[614, 203, 620, 840, 411, 230, 785]  no evaluation (geometry pre-check)
  [ 208] OK     f=   1.482  a=34.4 b=74.8 gap=28.8 (face=29.6mm) n=[720, 381, 716, 673, 305, 342, 450]  tape=1.482km B=12.09T unif=0.994% hoop=234MPa
  [ 209] viol   f=   1.806  a=51.0 b=86.3 gap=30.5 (face=33.0mm) n=[613, 238, 784, 861, 72, 286, 661]  tape=1.790km B=9.91T unif=0.553% hoop=260MPa
  [ 210] OK     f=   1.441  a=42.1 b=66.3 gap=24.6 (face=21.2mm) n=[883, 72, 458, 897, 133, 545, 500]  tape=1.441km B=12.71T unif=0.995% hoop=258MPa
  [ 211] viol   f=   8.109  a=41.3 b=68.5 gap=26.4 (face=24.8mm) n=[781, 269, 361, 793, 307, 340, 260]  tape=1.322km B=11.06T unif=1.184% hoop=286MPa
  [ 212] OK     f=   1.602  a=41.9 b=75.2 gap=25.1 (face=22.2mm) n=[825, 116, 667, 879, 302, 427, 335]  tape=1.602km B=12.63T unif=0.960% hoop=277MPa
  [ 213] viol   f=   1.538  a=49.0 b=73.3 gap=25.2 (face=22.4mm) n=[601, 51, 425, 700, 313, 249, 538]  tape=1.291km B=9.65T unif=0.906% hoop=278MPa
  [ 214] viol   f=   2.063  a=40.9 b=76.7 gap=28.6 (face=29.2mm) n=[601, 247, 445, 814, 149, 462, 386]  tape=1.445km B=9.44T unif=0.637% hoop=244MPa
  [ 215] viol   f=   2.429  a=43.6 b=59.5 gap=22.4 (face=16.8mm) n=[741, 136, 661, 787, 60, 519, 667]  tape=1.315km B=14.05T unif=1.075% hoop=256MPa
  [ 216] viol   f=   6.249  a=52.3 b=75.7 gap=25.2 (face=22.5mm) n=[808, 147, 701, 573, 165, 453, 546]  tape=1.602km B=11.39T unif=1.152% hoop=322MPa
  [ 217] viol   f=   2.260  a=38.8 b=72.6 gap=33.7 (face=39.5mm) n=[778, 160, 527, 813, 140, 518, 222]  tape=1.353km B=9.33T unif=0.581% hoop=200MPa
  [ 218] OK     f=   1.249  a=35.9 b=60.6 gap=25.7 (face=23.3mm) n=[688, 208, 861, 816, 147, 221, 383]  tape=1.249km B=12.38T unif=0.814% hoop=207MPa
  [ 219] OK     f=   1.493  a=45.6 b=75.3 gap=22.7 (face=17.5mm) n=[805, 185, 123, 843, 235, 447, 647]  tape=1.493km B=11.50T unif=0.757% hoop=247MPa
  [ 220] OK     f=   1.446  a=47.0 b=60.9 gap=26.4 (face=24.8mm) n=[660, 283, 636, 894, 56, 500, 465]  tape=1.446km B=11.40T unif=0.450% hoop=279MPa
  [ 221] OK     f=   1.518  a=41.9 b=68.1 gap=24.6 (face=21.3mm) n=[861, 211, 900, 892, 96, 315, 435]  tape=1.518km B=13.89T unif=0.783% hoop=240MPa
  [ 222] OK     f=   1.589  a=45.2 b=71.6 gap=24.9 (face=21.9mm) n=[599, 276, 749, 851, 95, 552, 472]  tape=1.589km B=12.09T unif=0.829% hoop=278MPa
  [ 223] INFEAS f=1251.150  a=34.3 b=53.4 gap=31.0 (face=34.1mm) n=[757, 290, 810, 876, 115, 287, 711]  no evaluation (geometry pre-check)
  [ 224] INFEAS f=12176.948  a=26.7 b=46.7 gap=21.2 (face=14.5mm) n=[677, 121, 899, 898, 115, 475, 432]  no evaluation (geometry pre-check)
  [ 225] OK     f=   1.076  a=41.9 b=61.8 gap=25.1 (face=22.2mm) n=[682, 52, 890, 739, 82, 174, 119]  tape=1.076km B=10.39T unif=0.559% hoop=192MPa
  [ 226] INFEAS f=1014.926  a=35.8 b=50.1 gap=20.6 (face=13.3mm) n=[747, 146, 436, 884, 103, 146, 401]  no evaluation (geometry pre-check)
  [ 227] INFEAS f=3648.516  a=30.2 b=67.0 gap=23.7 (face=19.5mm) n=[769, 343, 597, 856, 243, 201, 707]  no evaluation (geometry pre-check)
  [ 228] viol   f=   3.244  a=41.5 b=75.5 gap=22.0 (face=16.0mm) n=[589, 104, 489, 878, 289, 82, 122]  tape=1.194km B=8.99T unif=0.866% hoop=239MPa
  [ 229] OK     f=   1.177  a=40.7 b=53.8 gap=26.9 (face=25.7mm) n=[750, 56, 899, 696, 91, 475, 279]  tape=1.177km B=12.09T unif=0.207% hoop=210MPa
  [ 230] OK     f=   1.438  a=42.8 b=69.9 gap=24.5 (face=20.9mm) n=[511, 257, 703, 900, 271, 380, 169]  tape=1.438km B=10.78T unif=0.719% hoop=265MPa
  [ 231] OK     f=   1.550  a=44.0 b=72.6 gap=30.6 (face=33.2mm) n=[739, 264, 900, 895, 105, 474, 165]  tape=1.550km B=10.98T unif=0.493% hoop=223MPa
  [ 232] viol   f=  69.810  a=49.6 b=59.9 gap=19.1 (face=10.2mm) n=[771, 105, 638, 851, 57, 483, 442]  tape=1.342km B=13.34T unif=1.585% hoop=308MPa
  [ 233] OK     f=   1.066  a=35.5 b=65.0 gap=26.5 (face=25.0mm) n=[633, 101, 690, 642, 120, 290, 352]  tape=1.066km B=10.79T unif=0.865% hoop=187MPa
  [ 234] viol   f=   1.433  a=47.6 b=70.2 gap=29.0 (face=30.1mm) n=[474, 303, 881, 859, 59, 454, 191]  tape=1.433km B=9.99T unif=0.413% hoop=243MPa
  [ 235] viol   f=   2.056  a=52.7 b=74.9 gap=33.7 (face=39.3mm) n=[854, 99, 856, 547, 114, 574, 58]  tape=1.430km B=9.44T unif=0.386% hoop=248MPa
  [ 236] INFEAS f=1425.460  a=34.6 b=53.9 gap=24.2 (face=20.4mm) n=[523, 479, 896, 657, 224, 332, 129]  no evaluation (geometry pre-check)
  [ 237] INFEAS f=5708.130  a=29.5 b=60.8 gap=26.4 (face=24.8mm) n=[612, 437, 866, 879, 122, 210, 146]  no evaluation (geometry pre-check)
  [ 238] INFEAS f=1567.385  a=31.7 b=50.6 gap=25.1 (face=22.1mm) n=[606, 61, 826, 729, 117, 439, 232]  no evaluation (geometry pre-check)
  [ 239] INFEAS f=5102.997  a=28.9 b=76.0 gap=23.7 (face=19.3mm) n=[771, 222, 853, 609, 83, 193, 70]  no evaluation (geometry pre-check)
  [ 240] viol   f=   1.125  a=39.0 b=68.9 gap=29.0 (face=30.1mm) n=[741, 57, 797, 662, 83, 351, 81]  tape=1.117km B=9.93T unif=0.808% hoop=180MPa
  [ 241] OK     f=   1.520  a=47.0 b=65.1 gap=33.3 (face=38.7mm) n=[578, 107, 900, 765, 237, 458, 491]  tape=1.520km B=10.03T unif=0.512% hoop=268MPa
  [ 242] INFEAS f=1070.082  a=28.9 b=87.3 gap=24.0 (face=20.0mm) n=[686, 237, 371, 711, 246, 186, 182]  no evaluation (geometry pre-check)
  [ 243] OK     f=   1.259  a=46.2 b=65.7 gap=27.6 (face=27.2mm) n=[740, 217, 719, 658, 426, 278, 66]  tape=1.259km B=11.18T unif=0.920% hoop=244MPa
  [ 244] viol   f=  10.649  a=31.4 b=61.5 gap=21.2 (face=14.3mm) n=[482, 131, 622, 635, 209, 190, 336]  tape=0.927km B=11.31T unif=1.220% hoop=182MPa
  [ 245] viol   f=  11.952  a=39.4 b=74.8 gap=27.3 (face=26.5mm) n=[433, 142, 832, 467, 78, 256, 136]  tape=1.087km B=7.67T unif=0.762% hoop=205MPa
  [ 246] viol   f=  16.387  a=37.9 b=66.8 gap=24.9 (face=21.8mm) n=[794, 111, 592, 887, 108, 326, 71]  tape=1.177km B=11.01T unif=1.276% hoop=199MPa
  [ 247] OK     f=   1.480  a=38.0 b=74.0 gap=23.2 (face=18.5mm) n=[717, 153, 830, 810, 324, 583, 95]  tape=1.480km B=13.59T unif=0.991% hoop=240MPa
  [ 248] INFEAS f=1105.304  a=30.3 b=55.8 gap=29.4 (face=30.7mm) n=[753, 284, 705, 572, 271, 317, 291]  no evaluation (geometry pre-check)
  [ 249] INFEAS f=1643.000  a=51.4 b=52.4 gap=23.7 (face=19.5mm) n=[874, 230, 756, 874, 62, 519, 248]  no evaluation (geometry pre-check)
  [ 250] viol   f=   3.095  a=47.0 b=78.9 gap=33.5 (face=39.1mm) n=[642, 404, 765, 678, 258, 50, 323]  tape=1.459km B=9.10T unif=0.502% hoop=238MPa
  [ 251] OK     f=   1.427  a=42.8 b=74.1 gap=24.3 (face=20.5mm) n=[714, 88, 710, 847, 298, 239, 288]  tape=1.427km B=11.41T unif=0.958% hoop=246MPa
  [ 252] OK     f=   1.404  a=40.9 b=63.7 gap=26.6 (face=25.2mm) n=[660, 134, 855, 885, 122, 654, 261]  tape=1.404km B=12.54T unif=0.427% hoop=224MPa
  [ 253] OK     f=   1.777  a=47.2 b=87.2 gap=25.2 (face=22.4mm) n=[644, 218, 892, 687, 479, 130, 359]  tape=1.777km B=10.50T unif=0.745% hoop=284MPa
  [ 254] viol   f=   1.364  a=39.8 b=72.5 gap=27.3 (face=26.6mm) n=[596, 132, 883, 686, 266, 219, 137]  tape=1.305km B=9.83T unif=0.796% hoop=258MPa
  [ 255] OK     f=   1.767  a=51.4 b=82.5 gap=27.9 (face=27.8mm) n=[733, 266, 848, 731, 240, 361, 339]  tape=1.767km B=10.75T unif=0.773% hoop=344MPa
  [ 256] OK     f=   1.665  a=43.1 b=86.9 gap=28.7 (face=29.4mm) n=[680, 421, 900, 705, 281, 139, 144]  tape=1.665km B=10.24T unif=0.705% hoop=255MPa
  [ 257] OK     f=   1.262  a=42.3 b=60.3 gap=25.6 (face=23.1mm) n=[674, 161, 863, 823, 301, 123, 303]  tape=1.262km B=12.10T unif=0.520% hoop=230MPa
  [ 258] viol   f=   1.814  a=42.0 b=49.9 gap=25.8 (face=23.7mm) n=[433, 165, 633, 827, 199, 234, 50]  tape=0.917km B=9.33T unif=0.691% hoop=201MPa
  [ 259] viol   f=   5.961  a=46.9 b=69.3 gap=34.7 (face=41.4mm) n=[665, 169, 615, 812, 218, 300, 181]  tape=1.309km B=8.47T unif=0.195% hoop=214MPa
  [ 260] OK     f=   1.554  a=53.3 b=69.3 gap=29.1 (face=30.2mm) n=[583, 115, 844, 892, 314, 487, 181]  tape=1.554km B=10.73T unif=0.312% hoop=287MPa
  [ 261] OK     f=   1.864  a=44.0 b=80.6 gap=30.1 (face=32.2mm) n=[516, 363, 899, 885, 602, 236, 383]  tape=1.864km B=11.34T unif=0.663% hoop=284MPa
  [ 262] INFEAS f=7814.691  a=28.4 b=61.5 gap=23.1 (face=18.1mm) n=[741, 53, 886, 628, 207, 265, 267]  no evaluation (geometry pre-check)
  [ 263] INFEAS f=3524.636  a=31.9 b=57.8 gap=25.0 (face=22.1mm) n=[603, 211, 899, 788, 236, 249, 217]  no evaluation (geometry pre-check)
  [ 264] INFEAS f=1026.511  a=36.3 b=63.5 gap=24.9 (face=21.8mm) n=[576, 248, 900, 762, 236, 76, 239]  no evaluation (geometry pre-check)
  [ 265] OK     f=   1.279  a=37.8 b=71.4 gap=25.1 (face=22.3mm) n=[588, 121, 782, 642, 195, 354, 315]  tape=1.279km B=10.81T unif=0.887% hoop=235MPa
  [ 266] OK     f=   1.414  a=43.6 b=67.9 gap=27.8 (face=27.5mm) n=[833, 447, 887, 887, 169, 86, 155]  tape=1.414km B=12.25T unif=0.717% hoop=236MPa
  [ 267] viol   f=   1.368  a=37.6 b=71.9 gap=23.6 (face=19.1mm) n=[723, 99, 840, 788, 100, 305, 413]  tape=1.364km B=12.63T unif=1.004% hoop=217MPa
  [ 268] viol   f= 206.105  a=40.5 b=51.0 gap=26.4 (face=24.9mm) n=[886, 53, 824, 734, 95, 212, 425]  tape=1.103km B=13.01T unif=2.012% hoop=196MPa
  [ 269] OK     f=   1.388  a=42.6 b=72.5 gap=23.2 (face=18.5mm) n=[800, 216, 848, 836, 176, 274, 107]  tape=1.388km B=12.67T unif=0.876% hoop=228MPa
  [ 270] OK     f=   1.261  a=36.9 b=61.8 gap=26.0 (face=24.1mm) n=[736, 94, 878, 817, 180, 404, 209]  tape=1.261km B=12.46T unif=0.740% hoop=207MPa
  [ 271] OK     f=   1.363  a=47.2 b=60.1 gap=28.4 (face=28.8mm) n=[703, 159, 883, 867, 205, 359, 241]  tape=1.363km B=11.77T unif=0.451% hoop=243MPa
  [ 272] INFEAS f=1756.159  a=34.1 b=61.6 gap=22.8 (face=17.7mm) n=[519, 242, 900, 861, 186, 219, 256]  no evaluation (geometry pre-check)
  [ 273] INFEAS f=5312.305  a=30.4 b=68.8 gap=31.9 (face=35.8mm) n=[778, 151, 896, 652, 113, 420, 208]  no evaluation (geometry pre-check)
  [ 274] INFEAS f=1994.634  a=32.4 b=65.5 gap=21.0 (face=14.0mm) n=[651, 192, 863, 562, 127, 315, 152]  no evaluation (geometry pre-check)
  [ 275] OK     f=   1.540  a=45.9 b=75.0 gap=27.8 (face=27.6mm) n=[614, 61, 894, 759, 182, 643, 209]  tape=1.540km B=10.88T unif=0.641% hoop=254MPa
  [ 276] viol   f=   9.116  a=48.0 b=73.1 gap=32.5 (face=36.9mm) n=[583, 219, 882, 643, 55, 299, 58]  tape=1.276km B=8.02T unif=0.343% hoop=214MPa
  [ 277] OK     f=   1.393  a=41.3 b=60.4 gap=22.7 (face=17.4mm) n=[792, 227, 891, 814, 148, 482, 259]  tape=1.393km B=14.38T unif=0.764% hoop=245MPa
  [ 278] viol   f=   1.645  a=42.9 b=71.3 gap=30.2 (face=32.5mm) n=[708, 117, 898, 633, 127, 312, 174]  tape=1.326km B=9.60T unif=0.662% hoop=212MPa
  [ 279] OK     f=   1.305  a=40.6 b=66.7 gap=25.4 (face=22.7mm) n=[562, 217, 762, 799, 203, 366, 255]  tape=1.305km B=11.31T unif=0.824% hoop=234MPa
  [ 280] viol   f=  14.109  a=40.8 b=76.6 gap=26.3 (face=24.6mm) n=[863, 111, 749, 794, 125, 290, 135]  tape=1.362km B=11.32T unif=1.252% hoop=205MPa
  [ 281] OK     f=   1.625  a=42.7 b=69.1 gap=26.2 (face=24.4mm) n=[755, 214, 819, 900, 222, 635, 285]  tape=1.625km B=12.88T unif=0.712% hoop=243MPa
  [ 282] OK     f=   1.363  a=42.5 b=56.8 gap=24.0 (face=20.0mm) n=[811, 245, 833, 896, 214, 368, 264]  tape=1.363km B=13.80T unif=0.736% hoop=231MPa  [a=47 b=90 nt=4183] KSP converged reason: 4, iterations: 1
  [a=42 b=108 nt=2426] KSP converged reason: 4, iterations: 1
  [a=64 b=101 nt=3343] KSP converged reason: 4, iterations: 1
  [a=46 b=123 nt=4362] KSP converged reason: 4, iterations: 1
  [a=39 b=95 nt=2774] KSP converged reason: 4, iterations: 1
  [a=53 b=109 nt=4374] KSP converged reason: 4, iterations: 1
  [a=50 b=83 nt=4902] KSP converged reason: 4, iterations: 1
  [a=60 b=68 nt=4071] KSP converged reason: 4, iterations: 1
  [a=61 b=82 nt=3808] KSP converged reason: 4, iterations: 1
  [a=44 b=93 nt=3281] KSP converged reason: 4, iterations: 1
  [a=48 b=80 nt=3990] KSP converged reason: 4, iterations: 1
  [a=53 b=96 nt=3547] KSP converged reason: 4, iterations: 1
  [a=59 b=93 nt=3743] KSP converged reason: 4, iterations: 1
  [a=44 b=90 nt=3466] KSP converged reason: 4, iterations: 1
  [a=37 b=71 nt=4166] KSP converged reason: 4, iterations: 1
  [a=62 b=81 nt=4008] KSP converged reason: 4, iterations: 1
  [a=41 b=81 nt=4210] KSP converged reason: 4, iterations: 1
  [a=63 b=75 nt=4278] KSP converged reason: 4, iterations: 1
  [a=53 b=89 nt=3127] KSP converged reason: 4, iterations: 1
  [a=41 b=79 nt=3705] KSP converged reason: 4, iterations: 1
  [a=64 b=85 nt=4443] KSP converged reason: 4, iterations: 1
  [a=59 b=74 nt=3885] KSP converged reason: 4, iterations: 1
  [a=59 b=82 nt=3410] KSP converged reason: 4, iterations: 1
  [a=60 b=72 nt=2760] KSP converged reason: 4, iterations: 1
  [a=48 b=77 nt=3902] KSP converged reason: 4, iterations: 1
  [a=41 b=69 nt=3111] KSP converged reason: 4, iterations: 1
  [a=46 b=75 nt=3285] KSP converged reason: 4, iterations: 1
  [a=42 b=76 nt=2553] KSP converged reason: 4, iterations: 1
  [a=44 b=73 nt=3542] KSP converged reason: 4, iterations: 1
  [a=38 b=67 nt=2889] KSP converged reason: 4, iterations: 1
  [a=43 b=74 nt=3184] KSP converged reason: 4, iterations: 1
  [a=42 b=50 nt=2541] KSP converged reason: 4, iterations: 1
  [a=44 b=68 nt=3464] KSP converged reason: 4, iterations: 1
  [a=48 b=73 nt=2739] KSP converged reason: 4, iterations: 1
  [a=41 b=77 nt=3067] KSP converged reason: 4, iterations: 1
  [a=43 b=66 nt=3205] KSP converged reason: 4, iterations: 1
  [a=52 b=67 nt=3945] KSP converged reason: 4, iterations: 1
  [a=42 b=69 nt=3431] KSP converged reason: 4, iterations: 1
  [a=39 b=70 nt=2748] KSP converged reason: 4, iterations: 1
  [a=50 b=98 nt=2916] KSP converged reason: 4, iterations: 1
  [a=47 b=129 nt=2879] KSP converged reason: 4, iterations: 1
  [a=92 b=110 nt=3884] KSP converged reason: 4, iterations: 1
  [a=44 b=115 nt=4053] KSP converged reason: 4, iterations: 1
  [a=56 b=129 nt=4628] KSP converged reason: 4, iterations: 1
  [a=48 b=99 nt=4473] KSP converged reason: 4, iterations: 1
  [a=60 b=108 nt=3365] KSP converged reason: 4, iterations: 1
  [a=49 b=91 nt=3306] KSP converged reason: 4, iterations: 1
  [a=46 b=80 nt=3772] KSP converged reason: 4, iterations: 1
  [a=41 b=79 nt=3714] KSP converged reason: 4, iterations: 1
  [a=41 b=96 nt=3155] KSP converged reason: 4, iterations: 1
  [a=58 b=99 nt=4389] KSP converged reason: 4, iterations: 1
  [a=54 b=85 nt=4172] KSP converged reason: 4, iterations: 1
  [a=54 b=107 nt=3997] KSP converged reason: 4, iterations: 1
  [a=41 b=72 nt=4324] KSP converged reason: 4, iterations: 1
  [a=59 b=86 nt=3733] KSP converged reason: 4, iterations: 1
  [a=54 b=64 nt=4126] KSP converged reason: 4, iterations: 1
  [a=43 b=59 nt=4319] KSP converged reason: 4, iterations: 1
  [a=39 b=77 nt=4009] KSP converged reason: 4, iterations: 1
  [a=58 b=84 nt=4015] KSP converged reason: 4, iterations: 1
  [a=56 b=69 nt=4422] KSP converged reason: 4, iterations: 1
  [a=57 b=79 nt=3614] KSP converged reason: 4, iterations: 1
  [a=65 b=76 nt=3171] KSP converged reason: 4, iterations: 1
  [a=72 b=77 nt=3414] KSP converged reason: 4, iterations: 1
  [a=38 b=72 nt=3737] KSP converged reason: 4, iterations: 1
  [a=42 b=66 nt=3488] KSP converged reason: 4, iterations: 1
  [a=44 b=59 nt=3571] KSP converged reason: 4, iterations: 1
  [a=45 b=72 nt=3594] KSP converged reason: 4, iterations: 1
  [a=39 b=69 nt=2772] KSP converged reason: 4, iterations: 1
  [a=47 b=65 nt=3536] KSP converged reason: 4, iterations: 1
  [a=51 b=83 nt=3518] KSP converged reason: 4, iterations: 1
  [a=44 b=81 nt=3884] KSP converged reason: 4, iterations: 1
  [a=41 b=67 nt=3164] KSP converged reason: 4, iterations: 1
  [a=48 b=71 nt=3157] KSP converged reason: 4, iterations: 1
  [a=40 b=71 nt=3099] KSP converged reason: 4, iterations: 1
  [a=43 b=71 nt=3158] KSP converged reason: 4, iterations: 1
  [a=40 b=73 nt=3156] KSP converged reason: 4, iterations: 1
  [a=42 b=71 nt=3129] KSP converged reason: 4, iterations: 1
  [a=66 b=121 nt=4617] KSP converged reason: 4, iterations: 1
  [a=47 b=113 nt=4423] KSP converged reason: 4, iterations: 1
  [a=84 b=125 nt=4858] KSP converged reason: 4, iterations: 1
  [a=42 b=124 nt=3590] KSP converged reason: 4, iterations: 1
  [a=63 b=157 nt=4271] KSP converged reason: 4, iterations: 1
  [a=72 b=111 nt=4203] KSP converged reason: 4, iterations: 1
  [a=65 b=116 nt=4595] KSP converged reason: 4, iterations: 1
  [a=87 b=104 nt=3512] KSP converged reason: 4, iterations: 1
  [a=35 b=81 nt=4238] KSP converged reason: 4, iterations: 1
  [a=45 b=70 nt=4055] KSP converged reason: 4, iterations: 1
  [a=55 b=102 nt=3435] KSP converged reason: 4, iterations: 1
  [a=51 b=86 nt=3440] KSP converged reason: 4, iterations: 1
  [a=43 b=82 nt=5147] KSP converged reason: 4, iterations: 1
  [a=57 b=89 nt=3989] KSP converged reason: 4, iterations: 1
  [a=43 b=72 nt=3756] KSP converged reason: 4, iterations: 1
  [a=51 b=69 nt=4076] KSP converged reason: 4, iterations: 1
  [a=51 b=74 nt=4309] KSP converged reason: 4, iterations: 1
  [a=53 b=68 nt=3859] KSP converged reason: 4, iterations: 1
  [a=58 b=89 nt=3214] KSP converged reason: 4, iterations: 1
  [a=58 b=71 nt=3430] KSP converged reason: 4, iterations: 1
  [a=54 b=90 nt=4299] KSP converged reason: 4, iterations: 1
  [a=41 b=77 nt=3120] KSP converged reason: 4, iterations: 1
  [a=59 b=81 nt=3230] KSP converged reason: 4, iterations: 1
  [a=45 b=76 nt=3180] KSP converged reason: 4, iterations: 1
  [a=51 b=86 nt=3515] KSP converged reason: 4, iterations: 1
  [a=52 b=76 nt=3393] KSP converged reason: 4, iterations: 1
  [a=47 b=61 nt=3494] KSP converged reason: 4, iterations: 1
  [a=41 b=54 nt=3246] KSP converged reason: 4, iterations: 1
  [a=35 b=65 nt=2828] KSP converged reason: 4, iterations: 1
  [a=31 b=61 nt=2605] KSP converged reason: 4, iterations: 1
  [a=41 b=64 nt=3571] KSP converged reason: 4, iterations: 1
  [a=38 b=71 nt=2997] KSP converged reason: 4, iterations: 1
  [a=47 b=60 nt=3417] KSP converged reason: 4, iterations: 1
  [a=42 b=57 nt=3631] KSP converged reason: 4, iterations: 1
  [a=38 b=69 nt=3067] KSP converged reason: 4, iterations: 1
  [a=36 b=71 nt=3072] KSP converged reason: 4, iterations: 1
  [a=37 b=68 nt=2970] KSP converged reason: 4, iterations: 1
  [a=36 b=66 nt=3005] KSP converged reason: 4, iterations: 1
  [a=37 b=125 nt=3376] KSP converged reason: 4, iterations: 1
  [a=43 b=60 nt=4110] KSP converged reason: 4, iterations: 1
  [a=100 b=128 nt=4831] KSP converged reason: 4, iterations: 1
  [a=52 b=125 nt=4557] KSP converged reason: 4, iterations: 1
  [a=75 b=122 nt=3978] KSP converged reason: 4, iterations: 1
  [a=65 b=124 nt=3363] KSP converged reason: 4, iterations: 1
  [a=58 b=105 nt=3922] KSP converged reason: 4, iterations: 1
  [a=51 b=85 nt=3622] KSP converged reason: 4, iterations: 1
  [a=77 b=87 nt=3636] KSP converged reason: 4, iterations: 1
  [a=55 b=86 nt=3390] KSP converged reason: 4, iterations: 1
  [a=56 b=97 nt=3619] KSP converged reason: 4, iterations: 1
  [a=33 b=56 nt=4059] KSP converged reason: 4, iterations: 1
  [a=53 b=88 nt=4495] KSP converged reason: 4, iterations: 1
  [a=76 b=86 nt=4022] KSP converged reason: 4, iterations: 1
  [a=37 b=79 nt=3801] KSP converged reason: 4, iterations: 1
  [a=46 b=97 nt=3962] KSP converged reason: 4, iterations: 1
  [a=67 b=75 nt=3780] KSP converged reason: 4, iterations: 1
  [a=44 b=73 nt=3061] KSP converged reason: 4, iterations: 1
  [a=53 b=87 nt=4322] KSP converged reason: 4, iterations: 1
  [a=55 b=83 nt=4115] KSP converged reason: 4, iterations: 1
  [a=46 b=73 nt=4544] KSP converged reason: 4, iterations: 1
  [a=63 b=88 nt=4041] KSP converged reason: 4, iterations: 1
  [a=63 b=95 nt=4079] KSP converged reason: 4, iterations: 1
  [a=61 b=79 nt=3664] KSP converged reason: 4, iterations: 1
  [a=42 b=75 nt=3551] KSP converged reason: 4, iterations: 1
  [a=42 b=68 nt=3710] KSP converged reason: 4, iterations: 1
  [a=53 b=75 nt=3102] KSP converged reason: 4, iterations: 1
  [a=39 b=75 nt=2344] KSP converged reason: 4, iterations: 1
  [a=47 b=79 nt=3120] KSP converged reason: 4, iterations: 1
  [a=43 b=87 nt=3270] KSP converged reason: 4, iterations: 1
  [a=47 b=69 nt=2960] KSP converged reason: 4, iterations: 1
  [a=41 b=51 nt=3229] KSP converged reason: 4, iterations: 1
  [a=37 b=62 nt=3318] KSP converged reason: 4, iterations: 1
  [a=43 b=71 nt=2969] KSP converged reason: 4, iterations: 1
  [a=43 b=69 nt=3830] KSP converged reason: 4, iterations: 1
  [a=41 b=71 nt=3441] KSP converged reason: 4, iterations: 1
  [a=41 b=66 nt=3180] KSP converged reason: 4, iterations: 1
  [a=38 b=111 nt=3417] KSP converged reason: 4, iterations: 1
  [a=48 b=86 nt=3116] KSP converged reason: 4, iterations: 1
  [a=76 b=118 nt=4715] KSP converged reason: 4, iterations: 1
  [a=46 b=97 nt=4007] KSP converged reason: 4, iterations: 1
  [a=50 b=133 nt=3403] KSP converged reason: 4, iterations: 1
  [a=91 b=143 nt=3471] KSP converged reason: 4, iterations: 1
  [a=69 b=89 nt=4572] KSP converged reason: 4, iterations: 1
  [a=47 b=110 nt=3432] KSP converged reason: 4, iterations: 1
  [a=45 b=62 nt=4168] KSP converged reason: 4, iterations: 1
  [a=57 b=78 nt=4096] KSP converged reason: 4, iterations: 1
  [a=48 b=81 nt=3945] KSP converged reason: 4, iterations: 1
  [a=44 b=89 nt=4610] KSP converged reason: 4, iterations: 1
  [a=40 b=107 nt=3106] KSP converged reason: 4, iterations: 1
  [a=37 b=82 nt=3935] KSP converged reason: 4, iterations: 1
  [a=49 b=113 nt=3788] KSP converged reason: 4, iterations: 1
  [a=58 b=120 nt=4439] KSP converged reason: 4, iterations: 1
  [a=39 b=87 nt=4705] KSP converged reason: 4, iterations: 1
  [a=63 b=80 nt=4519] KSP converged reason: 4, iterations: 1
  [a=65 b=78 nt=3543] KSP converged reason: 4, iterations: 1
  [a=54 b=75 nt=4481] KSP converged reason: 4, iterations: 1
  [a=41 b=63 nt=3460] KSP converged reason: 4, iterations: 1
  [a=53 b=89 nt=4184] KSP converged reason: 4, iterations: 1
  [a=45 b=69 nt=3462] KSP converged reason: 4, iterations: 1
  [a=50 b=80 nt=3155] KSP converged reason: 4, iterations: 1
  [a=58 b=69 nt=4595] KSP converged reason: 4, iterations: 1
  [a=42 b=87 nt=3559] KSP converged reason: 4, iterations: 1
  [a=49 b=73 nt=2877] KSP converged reason: 4, iterations: 1
  [a=36 b=61 nt=3324] KSP converged reason: 4, iterations: 1
  [a=42 b=62 nt=2738] KSP converged reason: 4, iterations: 1
  [a=50 b=60 nt=3347] KSP converged reason: 4, iterations: 1
  [a=46 b=66 nt=3104] KSP converged reason: 4, iterations: 1
  [a=47 b=87 nt=3409] KSP converged reason: 4, iterations: 1
  [a=53 b=69 nt=3416] KSP converged reason: 4, iterations: 1
  [a=43 b=72 nt=3257] KSP converged reason: 4, iterations: 1
  [a=46 b=75 nt=3362] KSP converged reason: 4, iterations: 1
  [a=53 b=74 nt=3807] KSP converged reason: 4, iterations: 1
  [a=41 b=74 nt=3300] KSP converged reason: 4, iterations: 1
  [a=41 b=65 nt=3182] KSP converged reason: 4, iterations: 1
  [a=36 b=65 nt=2731] KSP converged reason: 4, iterations: 1
  [a=37 b=63 nt=2968] KSP converged reason: 4, iterations: 1
  [a=83 b=90 nt=3897] KSP converged reason: 4, iterations: 1
  [a=78 b=120 nt=3116] KSP converged reason: 4, iterations: 1
  [a=76 b=108 nt=4053] KSP converged reason: 4, iterations: 1
  [a=88 b=116 nt=4701] KSP converged reason: 4, iterations: 1
  [a=45 b=113 nt=4556] KSP converged reason: 4, iterations: 1
  [a=76 b=130 nt=3621] KSP converged reason: 4, iterations: 1
  [a=74 b=105 nt=4668] KSP converged reason: 4, iterations: 1
  [a=55 b=74 nt=3498] KSP converged reason: 4, iterations: 1
  [a=52 b=97 nt=4660] KSP converged reason: 4, iterations: 1
  [a=56 b=97 nt=3036] KSP converged reason: 4, iterations: 1
  [a=57 b=79 nt=4145] KSP converged reason: 4, iterations: 1
  [a=52 b=101 nt=4422] KSP converged reason: 4, iterations: 1
  [a=31 b=75 nt=3631] KSP converged reason: 4, iterations: 1
  [a=52 b=117 nt=3719] KSP converged reason: 4, iterations: 1
  [a=43 b=91 nt=3621] KSP converged reason: 4, iterations: 1
  [a=51 b=80 nt=4051] KSP converged reason: 4, iterations: 1
  [a=53 b=80 nt=3443] KSP converged reason: 4, iterations: 1
  [a=52 b=64 nt=3717] KSP converged reason: 4, iterations: 1
  [a=55 b=99 nt=3936] KSP converged reason: 4, iterations: 1
  [a=54 b=79 nt=3742] KSP converged reason: 4, iterations: 1
  [a=65 b=77 nt=3571] KSP converged reason: 4, iterations: 1
  [a=50 b=81 nt=4060] KSP converged reason: 4, iterations: 1
  [a=51 b=70 nt=3179] KSP converged reason: 4, iterations: 1
  [a=34 b=75 nt=3587] KSP converged reason: 4, iterations: 1
  [a=41 b=77 nt=3104] KSP converged reason: 4, iterations: 1
  [a=39 b=73 nt=3158] KSP converged reason: 4, iterations: 1
  [a=43 b=70 nt=3191] KSP converged reason: 4, iterations: 1
  [a=48 b=70 nt=3221] KSP converged reason: 4, iterations: 1
  [a=38 b=74 nt=3512] KSP converged reason: 4, iterations: 1
  [a=40 b=73 nt=2919] KSP converged reason: 4, iterations: 1
  [a=42 b=60 nt=3248] KSP converged reason: 4, iterations: 1
  [a=38 b=72 nt=3268] KSP converged reason: 4, iterations: 1
  [a=41 b=60 nt=3613] KSP converged reason: 4, iterations: 1
  [a=44 b=66 nt=3062] KSP converged reason: 4, iterations: 1
  [a=44 b=67 nt=3296] KSP converged reason: 4, iterations: 1
  [a=38 b=68 nt=2849] KSP converged reason: 4, iterations: 1
  [a=44 b=61 nt=3214] KSP converged reason: 4, iterations: 1
  [a=41 b=63 nt=2998] KSP converged reason: 4, iterations: 1
  [a=39 b=70 nt=2477] KSP converged reason: 4, iterations: 1

  [ 283] OK     f=   1.365  a=48.1 b=71.1 gap=29.4 (face=30.8mm) n=[630, 83, 753, 785, 59, 519, 328]  tape=1.365km B=10.23T unif=0.483% hoop=242MPa
  [ 284] viol   f=   2.305  a=52.6 b=73.5 gap=23.7 (face=19.4mm) n=[670, 357, 757, 873, 262, 369, 519]  tape=1.798km B=12.28T unif=1.050% hoop=329MPa
  [ 285] OK     f=   1.314  a=44.0 b=66.4 gap=26.5 (face=25.0mm) n=[609, 142, 683, 875, 148, 427, 178]  tape=1.314km B=10.40T unif=0.595% hoop=241MPa
  [ 286] OK     f=   1.380  a=43.3 b=66.4 gap=27.8 (face=27.6mm) n=[541, 135, 883, 744, 207, 363, 332]  tape=1.380km B=10.54T unif=0.485% hoop=278MPa
  [ 287] OK     f=   1.399  a=44.4 b=67.5 gap=25.8 (face=23.5mm) n=[621, 152, 896, 849, 101, 477, 200]  tape=1.399km B=11.60T unif=0.668% hoop=242MPa
  [ 288] OK     f=   1.707  a=51.5 b=66.9 gap=27.3 (face=26.6mm) n=[710, 176, 877, 866, 337, 386, 593]  tape=1.707km B=12.69T unif=0.438% hoop=302MPa
  [ 289] OK     f=   1.289  a=38.4 b=69.0 gap=25.4 (face=22.9mm) n=[590, 67, 763, 880, 131, 441, 195]  tape=1.289km B=10.80T unif=0.800% hoop=217MPa
  [ 290] OK     f=   1.351  a=40.5 b=71.1 gap=26.4 (face=24.8mm) n=[700, 274, 844, 653, 216, 231, 181]  tape=1.351km B=10.94T unif=0.870% hoop=280MPa
  [ 291] OK     f=   1.454  a=41.1 b=70.6 gap=26.1 (face=24.1mm) n=[759, 92, 803, 896, 60, 530, 301]  tape=1.454km B=12.26T unif=0.839% hoop=234MPa
  [ 292] OK     f=   1.437  a=40.7 b=74.0 gap=25.3 (face=22.6mm) n=[734, 144, 709, 808, 179, 409, 317]  tape=1.437km B=11.97T unif=0.882% hoop=238MPa
  [ 293] OK     f=   1.264  a=35.6 b=70.7 gap=27.6 (face=27.2mm) n=[543, 62, 829, 823, 210, 442, 163]  tape=1.264km B=10.36T unif=0.931% hoop=199MPa
  [ 294] OK     f=   1.157  a=38.0 b=67.8 gap=25.8 (face=23.5mm) n=[550, 145, 843, 773, 54, 425, 59]  tape=1.157km B=10.33T unif=0.946% hoop=197MPa
  [ 295] OK     f=   1.409  a=42.7 b=70.9 gap=25.9 (face=23.9mm) n=[643, 160, 689, 898, 146, 437, 185]  tape=1.409km B=10.67T unif=0.809% hoop=241MPa
  [ 296] OK     f=   1.446  a=42.5 b=69.1 gap=24.2 (face=20.4mm) n=[777, 167, 743, 872, 72, 516, 284]  tape=1.446km B=12.70T unif=0.923% hoop=245MPa
  [ 297] OK     f=   1.265  a=43.5 b=60.7 gap=26.0 (face=24.0mm) n=[502, 322, 748, 703, 341, 312, 286]  tape=1.265km B=11.12T unif=0.586% hoop=278MPa
  [ 298] OK     f=   1.239  a=36.6 b=68.0 gap=22.1 (face=16.3mm) n=[629, 154, 550, 800, 299, 241, 297]  tape=1.239km B=11.35T unif=0.939% hoop=243MPa
  [ 299] OK     f=   1.367  a=39.8 b=73.4 gap=25.3 (face=22.5mm) n=[636, 140, 822, 856, 94, 413, 195]  tape=1.367km B=11.26T unif=0.965% hoop=218MPa
  [ 300] OK     f=   1.277  a=41.3 b=65.5 gap=22.5 (face=17.0mm) n=[727, 100, 797, 871, 77, 443, 167]  tape=1.277km B=12.49T unif=0.983% hoop=227MPa
  [ 301] OK     f=   1.290  a=40.6 b=66.0 gap=25.5 (face=23.0mm) n=[549, 116, 785, 745, 194, 353, 438]  tape=1.290km B=11.39T unif=0.757% hoop=233MPa
  [ 302] OK     f=   1.094  a=38.6 b=69.9 gap=24.6 (face=21.1mm) n=[673, 61, 744, 738, 82, 335, 115]  tape=1.094km B=10.85T unif=0.958% hoop=185MPa
  [ 303] viol   f=   1.520  a=35.5 b=66.3 gap=24.0 (face=20.0mm) n=[626, 83, 778, 690, 124, 431, 273]  tape=1.178km B=11.65T unif=1.041% hoop=201MPa
  [ 304] INFEAS f=1207.941  a=30.8 b=72.0 gap=26.4 (face=24.8mm) n=[524, 102, 779, 755, 310, 308, 67]  no evaluation (geometry pre-check)
  [ 305] OK     f=   1.341  a=42.0 b=70.9 gap=27.2 (face=26.3mm) n=[693, 75, 719, 828, 224, 407, 183]  tape=1.341km B=10.84T unif=0.755% hoop=221MPa
  [ 306] OK     f=   1.232  a=41.2 b=63.2 gap=26.6 (face=25.3mm) n=[525, 100, 899, 760, 217, 383, 114]  tape=1.232km B=10.41T unif=0.464% hoop=225MPa
  [ 307] OK     f=   1.087  a=36.3 b=64.7 gap=23.8 (face=19.6mm) n=[559, 61, 607, 776, 220, 300, 208]  tape=1.087km B=10.30T unif=0.924% hoop=201MPa
  [ 308] INFEAS f=1773.557  a=30.7 b=66.2 gap=22.9 (face=17.7mm) n=[693, 62, 808, 726, 227, 353, 131]  no evaluation (geometry pre-check)
  [ 309] viol   f=   1.676  a=38.7 b=69.5 gap=26.2 (face=24.5mm) n=[676, 72, 711, 626, 81, 261, 50]  tape=0.984km B=9.69T unif=1.050% hoop=168MPa
  [ 310] OK     f=   1.199  a=37.2 b=63.5 gap=26.3 (face=24.5mm) n=[540, 94, 590, 865, 76, 510, 293]  tape=1.199km B=10.12T unif=0.635% hoop=217MPa

==========================================================================================
CMA-ES finished: 310 evaluations in 8.5 min
==========================================================================================

Best feasible design found:
  a_mm             35.473625488604945
  b_mm             65.02884286639038
  gap_mm           26.52043693945135
  face_gap_mm      25.0408738789027
  n_turns          [633, 101, 690, 642, 120, 290, 352]
  n_total          2828
  tape_km          1.0659143656705627
  B_target_T       10.785008046284359
  uniformity_pct   0.8645468906211585
  hoop_MPa         187.17861551321332
  delam_MPa        13.804873010698216
  I_quench_A       405.7130332098731
  I_op_A           223.1644847139016
  binding          quench/SF
  clip_frac        0.15273206056616195

Full evaluation history -> optimize/cmaes_history.csv
Best design            -> optimize/cmaes_results.csv
Appended 310 rows to cumulative master log -> optimize/cmaes_all_evaluations.csv

Figures -> /home/gerrityjack/fenicsx/Racetrack-Coil-Optimization/visualization/cmaes_convergence.png, cmaes_constraints.png, cmaes_variables.png, cmaes_overview.png
Cumulative parameter-space map -> visualization/cmaes_param_map.png (5410 evaluations, 17 runs)
