Starting CMA-ES: 10 variables, budget 300 evaluations, target B >= 10.0 T, uniformity <= 1.0%, hoop <= 400 MPa, coil-coil face gap >= 3 mm

Parallel mode: 6 worker processes per generation.
  [   1] INFEAS f=75211.773  a=5.8 b=145.1 gap=29.7 (face=31.5mm) n=[383, 581, 359, 379, 122, 765, 693]  no evaluation (geometry pre-check)
  [   2] viol   f=   4.453  a=57.7 b=95.0 gap=20.3 (face=12.6mm) n=[841, 780, 548, 79, 50, 697, 577]  tape=1.960km B=11.68T unif=1.112% hoop=374MPa
  [   3] OK     f=   1.844  a=28.5 b=127.1 gap=21.3 (face=14.7mm) n=[190, 570, 680, 252, 115, 626, 616]  tape=1.844km B=10.80T unif=0.748% hoop=190MPa
  [   4] INFEAS f=1032.839  a=34.7 b=101.3 gap=43.4 (face=58.8mm) n=[231, 439, 393, 278, 705, 861, 742]  no evaluation (geometry pre-check)
  [   5] INFEAS f=63790.847  a=9.1 b=148.8 gap=33.3 (face=38.6mm) n=[103, 562, 717, 265, 313, 797, 735]  no evaluation (geometry pre-check)
  [   6] viol   f=   5.976  a=59.5 b=94.8 gap=19.7 (face=11.5mm) n=[482, 534, 451, 58, 123, 865, 605]  tape=1.805km B=8.56T unif=0.807% hoop=400MPa
  [   7] OK     f=   1.758  a=40.7 b=89.3 gap=20.1 (face=12.3mm) n=[468, 708, 710, 170, 98, 784, 719]  tape=1.758km B=13.20T unif=0.595% hoop=285MPa
  [   8] INFEAS f=74889.162  a=-2.5 b=75.8 gap=20.6 (face=13.2mm) n=[209, 524, 526, 347, 93, 466, 456]  no evaluation (geometry pre-check)
  [   9] INFEAS f=92666.355  a=8.0 b=134.2 gap=20.1 (face=12.3mm) n=[293, 680, 284, 235, 222, 719, 900]  no evaluation (geometry pre-check)
  [  10] viol   f=  15.683  a=57.3 b=109.1 gap=24.2 (face=20.4mm) n=[382, 541, 223, 127, 411, 899, 237]  tape=1.835km B=7.37T unif=0.529% hoop=350MPa
  [  11] OK     f=   1.465  a=41.7 b=53.5 gap=16.0 (face=4.0mm) n=[554, 573, 883, 269, 145, 900, 895]  tape=1.465km B=17.46T unif=0.486% hoop=374MPa
  [  12] viol   f= 354.109  a=38.6 b=108.7 gap=17.7 (face=7.4mm) n=[890, 379, 75, 554, 387, 728, 757]  tape=2.173km B=13.67T unif=2.327% hoop=315MPa
  [  13] INFEAS f=5298.997  a=30.4 b=111.3 gap=17.0 (face=6.0mm) n=[607, 509, 669, 157, 108, 896, 475]  no evaluation (geometry pre-check)
  [  14] viol   f=   2.253  a=45.8 b=76.5 gap=38.7 (face=49.4mm) n=[540, 878, 746, 65, 173, 612, 848]  tape=1.737km B=9.49T unif=0.366% hoop=230MPa
  [  15] INFEAS f=7900.328  a=28.5 b=69.9 gap=25.9 (face=23.7mm) n=[851, 890, 666, 300, 110, 81, 824]  no evaluation (geometry pre-check)
  [  16] OK     f=   2.157  a=37.2 b=113.1 gap=17.7 (face=7.5mm) n=[240, 822, 747, 328, 223, 604, 755]  tape=2.157km B=14.18T unif=0.529% hoop=287MPa
  [  17] OK     f=   1.618  a=45.4 b=77.1 gap=27.1 (face=26.1mm) n=[622, 649, 340, 485, 225, 714, 598]  tape=1.618km B=11.65T unif=0.662% hoop=289MPa
  [  18] OK     f=   2.100  a=40.2 b=112.0 gap=17.9 (face=7.7mm) n=[479, 734, 540, 251, 622, 569, 414]  tape=2.100km B=13.25T unif=0.256% hoop=341MPa
  [  19] OK     f=   2.042  a=41.3 b=90.4 gap=20.1 (face=12.2mm) n=[333, 888, 850, 409, 192, 614, 780]  tape=2.042km B=14.92T unif=0.830% hoop=324MPa
  [  20] viol   f=  12.568  a=52.4 b=128.2 gap=25.5 (face=23.0mm) n=[194, 529, 687, 184, 111, 439, 892]  tape=2.128km B=7.72T unif=0.309% hoop=296MPa
  [  21] viol   f= 171.076  a=43.4 b=54.9 gap=32.4 (face=36.8mm) n=[878, 717, 808, 59, 285, 603, 753]  tape=1.460km B=12.93T unif=1.921% hoop=228MPa
  [  22] OK     f=   2.017  a=41.5 b=90.9 gap=17.8 (face=7.5mm) n=[877, 790, 883, 67, 69, 723, 801]  tape=2.017km B=17.28T unif=0.822% hoop=303MPa
  [  23] INFEAS f=16172.668  a=23.8 b=77.9 gap=25.7 (face=23.4mm) n=[221, 748, 867, 416, 205, 769, 477]  no evaluation (geometry pre-check)
  [  24] viol   f=   9.519  a=37.5 b=63.9 gap=16.5 (face=5.0mm) n=[617, 720, 387, 128, 232, 693, 792]  tape=1.360km B=14.76T unif=1.202% hoop=296MPa
  [  25] INFEAS f=24255.303  a=93.4 b=74.3 gap=24.2 (face=20.5mm) n=[580, 433, 386, 313, 658, 490, 624]  no evaluation (geometry pre-check)
  [  26] INFEAS f=1790.104  a=34.0 b=87.3 gap=16.5 (face=5.0mm) n=[425, 759, 385, 321, 283, 899, 544]  no evaluation (geometry pre-check)
  [  27] INFEAS f=60158.236  a=12.0 b=98.4 gap=19.1 (face=10.1mm) n=[158, 855, 569, 214, 50, 197, 839]  no evaluation (geometry pre-check)
  [  28] INFEAS f=10509.065  a=25.8 b=87.2 gap=31.1 (face=34.3mm) n=[343, 794, 772, 66, 97, 854, 769]  no evaluation (geometry pre-check)
  [  29] viol   f=  15.201  a=54.4 b=86.0 gap=18.6 (face=9.1mm) n=[900, 733, 895, 550, 256, 722, 806]  tape=2.438km B=15.75T unif=1.253% hoop=400MPa
  [  30] INFEAS f=1702.060  a=58.1 b=58.9 gap=16.5 (face=5.0mm) n=[624, 333, 898, 467, 191, 500, 786]  no evaluation (geometry pre-check)
  [  31] viol   f=   3.957  a=45.0 b=85.5 gap=16.6 (face=5.2mm) n=[633, 796, 429, 87, 121, 488, 638]  tape=1.574km B=12.12T unif=1.109% hoop=323MPa
  [  32] INFEAS f=1006.132  a=63.0 b=67.6 gap=15.8 (face=3.6mm) n=[658, 356, 789, 165, 260, 861, 665]  no evaluation (geometry pre-check)
  [  33] viol   f=  42.377  a=56.5 b=76.9 gap=16.9 (face=5.9mm) n=[736, 871, 883, 68, 394, 890, 873]  tape=2.154km B=16.19T unif=1.448% hoop=400MPa
  [  34] viol   f=  17.260  a=47.6 b=76.2 gap=16.0 (face=3.9mm) n=[883, 405, 871, 292, 767, 581, 875]  tape=2.085km B=18.07T unif=1.275% hoop=400MPa
  [  35] viol   f=  13.180  a=76.2 b=82.1 gap=17.0 (face=5.9mm) n=[362, 558, 621, 81, 470, 890, 721]  tape=2.079km B=8.88T unif=1.207% hoop=400MPa
  [  36] OK     f=   2.721  a=64.8 b=113.3 gap=22.2 (face=16.5mm) n=[751, 898, 817, 408, 57, 484, 851]  tape=2.721km B=11.23T unif=0.721% hoop=400MPa
  [  37] viol   f=  11.216  a=78.3 b=117.8 gap=23.0 (face=18.0mm) n=[706, 718, 813, 86, 67, 665, 895]  tape=2.711km B=7.94T unif=0.713% hoop=400MPa
  [  38] viol   f=   2.458  a=61.0 b=87.6 gap=23.8 (face=19.6mm) n=[707, 390, 859, 409, 53, 539, 503]  tape=1.899km B=10.05T unif=1.053% hoop=367MPa
  [  39] INFEAS f=12124.130  a=26.7 b=88.8 gap=16.1 (face=4.2mm) n=[680, 127, 630, 505, 621, 900, 611]  no evaluation (geometry pre-check)
  [  40] INFEAS f=23925.673  a=86.9 b=68.0 gap=16.3 (face=4.5mm) n=[678, 773, 826, 174, 176, 828, 683]  no evaluation (geometry pre-check)
  [  41] INFEAS f=34369.398  a=68.1 b=44.3 gap=15.6 (face=3.1mm) n=[396, 868, 667, 318, 130, 832, 851]  no evaluation (geometry pre-check)
  [  42] OK     f=   1.896  a=51.7 b=63.0 gap=21.1 (face=14.2mm) n=[581, 762, 900, 196, 548, 832, 847]  tape=1.896km B=16.61T unif=0.495% hoop=385MPa
  [  43] INFEAS f=7526.655  a=62.8 b=55.0 gap=21.6 (face=15.2mm) n=[668, 558, 891, 163, 237, 737, 524]  no evaluation (geometry pre-check)
  [  44] INFEAS f=263796.866  a=-11.2 b=127.0 gap=28.7 (face=29.4mm) n=[376, 860, 782, 293, 298, 587, 264]  no evaluation (geometry pre-check)
  [  45] viol   f= 295.579  a=59.9 b=69.5 gap=16.9 (face=5.7mm) n=[818, 851, 880, 314, 195, 536, 851]  tape=1.985km B=15.47T unif=2.212% hoop=400MPa
  [  46] viol   f=  26.732  a=81.5 b=90.4 gap=22.7 (face=17.4mm) n=[413, 553, 776, 253, 201, 98, 586]  tape=1.742km B=7.31T unif=1.229% hoop=400MPa
  [  47] viol   f=   5.545  a=38.7 b=133.0 gap=39.6 (face=51.3mm) n=[746, 809, 759, 132, 168, 807, 360]  tape=2.450km B=8.76T unif=0.516% hoop=192MPa
  [  48] viol   f=   2.845  a=62.8 b=98.2 gap=17.4 (face=6.8mm) n=[448, 864, 860, 896, 179, 898, 714]  tape=2.730km B=13.76T unif=1.024% hoop=400MPa
  [  49] OK     f=   2.336  a=54.5 b=92.9 gap=20.1 (face=12.2mm) n=[629, 857, 465, 450, 388, 551, 898]  tape=2.336km B=11.54T unif=0.860% hoop=400MPa
  [  50] viol   f=   3.543  a=70.2 b=99.8 gap=19.8 (face=11.6mm) n=[866, 388, 784, 339, 88, 126, 848]  tape=2.066km B=9.88T unif=1.085% hoop=400MPa
  [  51] viol   f=   2.349  a=56.0 b=92.2 gap=16.6 (face=5.3mm) n=[420, 867, 671, 525, 162, 886, 772]  tape=2.313km B=13.11T unif=1.013% hoop=400MPa
  [  52] OK     f=   2.551  a=45.2 b=105.5 gap=26.5 (face=25.0mm) n=[496, 868, 886, 340, 465, 701, 725]  tape=2.551km B=13.35T unif=0.559% hoop=331MPa
  [  53] viol   f=  13.423  a=82.1 b=89.7 gap=17.1 (face=6.2mm) n=[409, 611, 800, 646, 502, 860, 887]  tape=2.765km B=9.94T unif=1.231% hoop=400MPa
  [  54] viol   f=   8.431  a=69.4 b=160.2 gap=30.8 (face=33.6mm) n=[579, 893, 821, 103, 275, 613, 344]  tape=3.101km B=8.37T unif=0.285% hoop=400MPa
  [  55] OK     f=   2.329  a=43.3 b=109.0 gap=24.1 (face=20.3mm) n=[705, 556, 800, 498, 233, 616, 638]  tape=2.329km B=12.85T unif=0.373% hoop=314MPa
  [  56] viol   f= 131.825  a=41.1 b=69.2 gap=15.8 (face=3.6mm) n=[167, 838, 701, 351, 223, 586, 579]  tape=1.468km B=14.21T unif=1.807% hoop=306MPa
  [  57] INFEAS f=5686.957  a=30.2 b=84.7 gap=18.2 (face=8.4mm) n=[739, 849, 610, 641, 82, 898, 502]  no evaluation (geometry pre-check)
  [  58] viol   f=   9.667  a=56.0 b=84.6 gap=23.7 (face=19.4mm) n=[891, 881, 693, 455, 788, 145, 638]  tape=2.258km B=14.90T unif=1.192% hoop=400MPa
  [  59] OK     f=   2.185  a=50.5 b=84.9 gap=20.2 (face=12.3mm) n=[831, 694, 383, 449, 373, 687, 900]  tape=2.185km B=13.73T unif=1.000% hoop=400MPa
  [  60] INFEAS f=1056.719  a=35.9 b=76.7 gap=20.9 (face=13.7mm) n=[443, 897, 826, 498, 183, 759, 888]  no evaluation (geometry pre-check)
  [  61] viol   f=   3.937  a=38.2 b=155.1 gap=39.4 (face=50.9mm) n=[852, 632, 845, 311, 154, 832, 605]  tape=3.133km B=9.37T unif=0.489% hoop=229MPa
  [  62] OK     f=   2.599  a=46.9 b=126.4 gap=16.1 (face=4.2mm) n=[817, 505, 455, 202, 305, 900, 698]  tape=2.599km B=12.25T unif=0.408% hoop=400MPa
  [  63] viol   f=  15.374  a=76.2 b=92.0 gap=17.7 (face=7.4mm) n=[801, 521, 797, 364, 83, 896, 851]  tape=2.490km B=10.51T unif=1.254% hoop=400MPa
  [  64] OK     f=   1.702  a=53.8 b=65.4 gap=27.3 (face=26.6mm) n=[862, 738, 572, 100, 109, 893, 817]  tape=1.702km B=13.23T unif=0.461% hoop=325MPa
  [  65] INFEAS f=8758.437  a=28.4 b=118.6 gap=18.6 (face=9.3mm) n=[689, 540, 900, 751, 292, 807, 793]  no evaluation (geometry pre-check)
  [  66] OK     f=   2.283  a=47.6 b=98.5 gap=25.9 (face=23.9mm) n=[848, 596, 845, 380, 495, 460, 518]  tape=2.283km B=12.85T unif=0.529% hoop=365MPa
  [  67] OK     f=   2.741  a=66.6 b=108.4 gap=16.2 (face=4.3mm) n=[784, 527, 890, 481, 156, 650, 892]  tape=2.741km B=10.76T unif=0.891% hoop=400MPa
  [  68] INFEAS f=5605.704  a=29.9 b=114.0 gap=21.7 (face=15.4mm) n=[553, 615, 823, 845, 328, 863, 890]  no evaluation (geometry pre-check)
  [  69] OK     f=   1.876  a=38.6 b=88.5 gap=16.8 (face=5.7mm) n=[707, 674, 490, 617, 323, 655, 548]  tape=1.876km B=16.91T unif=0.951% hoop=335MPa
  [  70] viol   f=   1.946  a=37.5 b=78.2 gap=22.7 (face=17.5mm) n=[665, 885, 779, 449, 393, 655, 439]  tape=1.927km B=15.95T unif=1.010% hoop=325MPa
  [  71] OK     f=   1.779  a=49.1 b=72.2 gap=24.1 (face=20.2mm) n=[695, 690, 671, 325, 164, 813, 733]  tape=1.779km B=14.02T unif=0.884% hoop=357MPa
  [  72] viol   f=   3.819  a=52.9 b=73.3 gap=20.2 (face=12.5mm) n=[355, 497, 243, 145, 119, 666, 689]  tape=1.237km B=8.86T unif=0.769% hoop=301MPa
  [  73] viol   f=  18.086  a=50.4 b=72.6 gap=19.4 (face=10.7mm) n=[722, 371, 770, 823, 247, 787, 240]  tape=1.745km B=14.76T unif=1.286% hoop=354MPa
  [  74] INFEAS f=1163.380  a=65.0 b=67.9 gap=16.7 (face=5.3mm) n=[504, 878, 757, 374, 291, 752, 496]  no evaluation (geometry pre-check)
  [  75] OK     f=   2.157  a=46.5 b=89.5 gap=30.6 (face=33.1mm) n=[632, 656, 747, 458, 705, 437, 763]  tape=2.157km B=12.58T unif=0.567% hoop=308MPa
  [  76] viol   f=   4.210  a=50.7 b=91.4 gap=15.6 (face=3.2mm) n=[380, 878, 891, 341, 168, 660, 725]  tape=2.132km B=14.51T unif=1.102% hoop=400MPa
  [  77] OK     f=   1.889  a=49.1 b=75.0 gap=26.7 (face=25.5mm) n=[658, 763, 367, 823, 221, 728, 666]  tape=1.889km B=13.64T unif=0.622% hoop=321MPa
  [  78] OK     f=   2.208  a=52.5 b=82.1 gap=24.9 (face=21.7mm) n=[576, 664, 585, 440, 523, 885, 729]  tape=2.208km B=12.60T unif=0.704% hoop=400MPa
  [  79] OK     f=   2.100  a=39.8 b=83.9 gap=17.4 (face=6.8mm) n=[770, 777, 565, 274, 347, 899, 859]  tape=2.100km B=16.95T unif=0.687% hoop=355MPa
  [  80] viol   f=   2.388  a=53.6 b=89.8 gap=19.3 (face=10.6mm) n=[745, 872, 689, 350, 284, 831, 761]  tape=2.345km B=14.79T unif=1.015% hoop=400MPa
  [  81] OK     f=   1.629  a=49.6 b=61.1 gap=24.9 (face=21.9mm) n=[475, 757, 168, 671, 240, 900, 803]  tape=1.629km B=13.13T unif=0.127% hoop=311MPa
  [  82] OK     f=   2.386  a=50.1 b=104.9 gap=28.1 (face=28.1mm) n=[686, 895, 273, 745, 71, 875, 628]  tape=2.386km B=12.21T unif=0.494% hoop=325MPa
  [  83] viol   f=  13.046  a=68.0 b=83.2 gap=19.4 (face=10.8mm) n=[454, 473, 516, 622, 177, 690, 617]  tape=1.845km B=9.22T unif=1.224% hoop=400MPa
  [  84] OK     f=   2.462  a=56.9 b=97.1 gap=22.6 (face=17.2mm) n=[773, 615, 614, 647, 294, 654, 832]  tape=2.462km B=11.54T unif=0.817% hoop=400MPa
  [  85] INFEAS f=1005.373  a=35.8 b=59.1 gap=23.5 (face=19.0mm) n=[755, 880, 547, 477, 328, 788, 745]  no evaluation (geometry pre-check)
  [  86] INFEAS f=2867.614  a=32.6 b=105.0 gap=28.0 (face=28.0mm) n=[898, 756, 205, 888, 97, 816, 854]  no evaluation (geometry pre-check)
  [  87] INFEAS f=3310.350  a=78.2 b=75.6 gap=21.9 (face=15.8mm) n=[455, 715, 861, 220, 290, 886, 687]  no evaluation (geometry pre-check)
  [  88] OK     f=   2.218  a=43.3 b=98.4 gap=19.7 (face=11.5mm) n=[893, 778, 507, 294, 361, 662, 530]  tape=2.218km B=14.33T unif=0.514% hoop=349MPa
  [  89] INFEAS f=1541.034  a=33.2 b=70.5 gap=30.0 (face=32.0mm) n=[727, 863, 831, 53, 108, 489, 540]  no evaluation (geometry pre-check)
  [  90] OK     f=   2.307  a=48.9 b=95.3 gap=32.3 (face=36.7mm) n=[628, 722, 383, 889, 141, 847, 716]  tape=2.307km B=11.38T unif=0.440% hoop=302MPa
  [  91] OK     f=   2.467  a=62.3 b=94.9 gap=34.6 (face=41.2mm) n=[798, 889, 392, 719, 153, 678, 767]  tape=2.467km B=11.05T unif=0.458% hoop=369MPa
  [  92] INFEAS f=33163.580  a=19.7 b=107.0 gap=25.0 (face=22.0mm) n=[899, 845, 337, 490, 498, 747, 838]  no evaluation (geometry pre-check)
  [  93] viol   f=   1.921  a=46.7 b=94.0 gap=24.2 (face=20.4mm) n=[480, 608, 114, 287, 335, 888, 697]  tape=1.867km B=9.84T unif=0.545% hoop=315MPa
  [  94] INFEAS f=14418.791  a=25.8 b=77.5 gap=26.1 (face=24.2mm) n=[891, 667, 743, 366, 78, 900, 407]  no evaluation (geometry pre-check)
  [  95] OK     f=   2.248  a=70.4 b=80.9 gap=24.2 (face=20.5mm) n=[430, 824, 152, 818, 498, 887, 663]  tape=2.248km B=11.70T unif=0.914% hoop=400MPa
  [  96] viol   f=   8.098  a=68.6 b=79.7 gap=23.1 (face=18.3mm) n=[504, 618, 174, 209, 187, 354, 876]  tape=1.607km B=8.20T unif=0.852% hoop=391MPa
  [  97] OK     f=   1.953  a=45.9 b=76.6 gap=32.8 (face=37.5mm) n=[515, 832, 593, 632, 335, 633, 768]  tape=1.953km B=12.16T unif=0.370% hoop=316MPa
  [  98] INFEAS f=1512.487  a=34.3 b=51.1 gap=26.7 (face=25.4mm) n=[752, 606, 379, 792, 56, 892, 651]  no evaluation (geometry pre-check)
  [  99] OK     f=   2.019  a=47.5 b=87.0 gap=28.7 (face=29.4mm) n=[613, 648, 254, 475, 517, 826, 666]  tape=2.019km B=11.39T unif=0.531% hoop=338MPa
  [ 100] viol   f=   1.611  a=37.6 b=56.9 gap=17.7 (face=7.5mm) n=[758, 882, 375, 703, 287, 862, 657]  tape=1.594km B=19.88T unif=1.009% hoop=319MPa
  [ 101] OK     f=   2.107  a=60.5 b=97.4 gap=24.4 (face=20.8mm) n=[895, 156, 189, 899, 154, 823, 605]  tape=2.107km B=10.97T unif=0.769% hoop=318MPa
  [ 102] OK     f=   1.663  a=41.3 b=64.7 gap=24.2 (face=20.3mm) n=[638, 867, 235, 773, 149, 678, 899]  tape=1.663km B=15.03T unif=0.762% hoop=281MPa
  [ 103] OK     f=   2.457  a=53.3 b=106.5 gap=16.3 (face=4.6mm) n=[900, 821, 335, 402, 108, 805, 824]  tape=2.457km B=14.05T unif=0.811% hoop=400MPa
  [ 104] INFEAS f=18366.169  a=22.7 b=43.0 gap=25.2 (face=22.5mm) n=[859, 821, 418, 204, 243, 791, 741]  no evaluation (geometry pre-check)
  [ 105] INFEAS f=69815.372  a=11.9 b=69.4 gap=28.6 (face=29.3mm) n=[736, 632, 323, 300, 145, 900, 649]  no evaluation (geometry pre-check)
  [ 106] viol   f=   1.781  a=56.9 b=85.6 gap=24.6 (face=21.1mm) n=[539, 564, 234, 446, 102, 784, 673]  tape=1.738km B=9.85T unif=0.735% hoop=400MPa
  [ 107] OK     f=   1.766  a=38.2 b=85.2 gap=26.7 (face=25.4mm) n=[595, 726, 255, 572, 236, 625, 777]  tape=1.766km B=11.92T unif=0.635% hoop=236MPa
  [ 108] INFEAS f=3232.632  a=32.2 b=69.3 gap=28.5 (face=29.0mm) n=[600, 899, 670, 873, 325, 727, 560]  no evaluation (geometry pre-check)
  [ 109] viol   f=   4.942  a=50.2 b=64.2 gap=21.0 (face=14.0mm) n=[772, 900, 899, 381, 52, 806, 611]  tape=1.782km B=17.33T unif=1.126% hoop=359MPa
  [ 110] OK     f=   1.801  a=54.2 b=74.3 gap=20.8 (face=13.7mm) n=[507, 632, 165, 662, 223, 890, 688]  tape=1.801km B=12.10T unif=0.846% hoop=397MPa
  [ 111] OK     f=   2.412  a=48.0 b=101.6 gap=35.6 (face=43.3mm) n=[796, 806, 580, 595, 319, 786, 526]  tape=2.412km B=11.43T unif=0.493% hoop=333MPa
  [ 112] OK     f=   2.298  a=58.0 b=92.2 gap=26.7 (face=25.4mm) n=[816, 728, 266, 773, 89, 693, 900]  tape=2.298km B=12.33T unif=0.705% hoop=369MPa
  [ 113] INFEAS f=2837.038  a=53.3 b=51.5 gap=22.0 (face=15.9mm) n=[296, 777, 170, 810, 52, 785, 877]  no evaluation (geometry pre-check)
  [ 114] viol   f=  44.927  a=55.8 b=61.3 gap=38.5 (face=48.9mm) n=[720, 703, 195, 788, 163, 870, 789]  tape=1.718km B=10.60T unif=1.465% hoop=298MPa
  [ 115] OK     f=   1.408  a=48.0 b=65.1 gap=19.1 (face=10.1mm) n=[424, 742, 141, 896, 66, 241, 889]  tape=1.408km B=12.39T unif=0.643% hoop=291MPa
  [ 116] viol   f=   2.205  a=51.7 b=80.4 gap=34.1 (face=40.2mm) n=[325, 712, 118, 853, 360, 688, 667]  tape=1.818km B=9.56T unif=0.164% hoop=261MPa
  [ 117] INFEAS f=1028.143  a=35.3 b=80.4 gap=29.1 (face=30.2mm) n=[630, 875, 83, 702, 204, 724, 755]  no evaluation (geometry pre-check)
  [ 118] INFEAS f=2147.058  a=33.3 b=88.9 gap=23.2 (face=18.3mm) n=[610, 618, 559, 759, 437, 492, 895]  no evaluation (geometry pre-check)
  [ 119] OK     f=   1.010  a=29.8 b=55.5 gap=27.2 (face=26.3mm) n=[550, 353, 182, 489, 377, 611, 618]  tape=1.010km B=10.99T unif=0.413% hoop=172MPa
  [ 120] OK     f=   2.125  a=60.5 b=78.3 gap=32.4 (face=36.8mm) n=[490, 690, 357, 582, 330, 897, 885]  tape=2.125km B=10.72T unif=0.153% hoop=363MPa
  [ 121] viol   f=   1.349  a=48.1 b=58.8 gap=25.0 (face=22.0mm) n=[321, 710, 99, 591, 143, 331, 471]  tape=1.055km B=9.62T unif=0.744% hoop=236MPa
  [ 122] INFEAS f=25619.452  a=19.9 b=49.3 gap=21.1 (face=14.3mm) n=[547, 722, 337, 600, 94, 847, 824]  no evaluation (geometry pre-check)
  [ 123] viol   f=   1.609  a=49.9 b=63.6 gap=26.5 (face=25.0mm) n=[587, 270, 167, 742, 79, 447, 641]  tape=1.213km B=9.56T unif=0.354% hoop=241MPa
  [ 124] INFEAS f=2385.592  a=29.9 b=76.8 gap=35.3 (face=42.7mm) n=[812, 615, 103, 462, 497, 199, 179]  no evaluation (geometry pre-check)
  [ 125] OK     f=   1.788  a=54.0 b=69.2 gap=23.4 (face=18.9mm) n=[772, 481, 144, 572, 529, 513, 891]  tape=1.788km B=11.88T unif=0.915% hoop=400MPa
  [ 126] INFEAS f=2358.675  a=47.8 b=47.0 gap=29.6 (face=31.3mm) n=[548, 362, 398, 511, 347, 692, 845]  no evaluation (geometry pre-check)
  [ 127] INFEAS f=1356.262  a=33.8 b=69.0 gap=26.2 (face=24.5mm) n=[320, 545, 582, 717, 216, 431, 870]  no evaluation (geometry pre-check)
  [ 128] INFEAS f=11530.685  a=23.9 b=70.4 gap=28.1 (face=28.3mm) n=[506, 759, 817, 649, 194, 493, 794]  no evaluation (geometry pre-check)
  [ 129] viol   f=   1.266  a=30.7 b=77.2 gap=27.2 (face=26.4mm) n=[389, 672, 125, 491, 285, 422, 471]  tape=1.217km B=9.84T unif=0.873% hoop=194MPa
  [ 130] viol   f=  17.414  a=43.1 b=60.3 gap=36.2 (face=44.4mm) n=[268, 705, 63, 533, 130, 366, 736]  tape=1.072km B=7.45T unif=1.129% hoop=182MPa
  [ 131] viol   f=  10.169  a=36.8 b=62.7 gap=18.8 (face=9.7mm) n=[617, 282, 62, 302, 119, 220, 677]  tape=0.873km B=9.08T unif=1.195% hoop=203MPa
  [ 132] viol   f=  12.196  a=37.4 b=92.1 gap=32.8 (face=37.5mm) n=[369, 369, 872, 153, 203, 838, 195]  tape=1.544km B=7.69T unif=0.606% hoop=210MPa
  [ 133] INFEAS f=1289.899  a=34.9 b=44.0 gap=26.9 (face=25.7mm) n=[610, 620, 210, 835, 109, 829, 895]  no evaluation (geometry pre-check)
  [ 134] viol   f= 361.140  a=44.5 b=58.5 gap=41.7 (face=55.3mm) n=[139, 251, 78, 891, 321, 210, 886]  tape=1.087km B=5.89T unif=2.277% hoop=180MPa
  [ 135] INFEAS f=9174.237  a=21.4 b=79.4 gap=29.1 (face=30.3mm) n=[398, 719, 181, 389, 150, 164, 560]  no evaluation (geometry pre-check)
  [ 136] INFEAS f=4634.714  a=30.9 b=48.2 gap=24.9 (face=21.8mm) n=[855, 650, 132, 780, 164, 395, 897]  no evaluation (geometry pre-check)
  [ 137] viol   f= 321.690  a=36.5 b=54.0 gap=35.7 (face=43.4mm) n=[57, 500, 297, 500, 167, 438, 293]  tape=0.728km B=6.23T unif=2.209% hoop=154MPa
  [ 138] INFEAS f=1391.705  a=37.0 b=38.9 gap=31.0 (face=33.9mm) n=[316, 603, 317, 152, 62, 602, 817]  no evaluation (geometry pre-check)
  [ 139] OK     f=   1.718  a=42.3 b=99.2 gap=24.5 (face=21.0mm) n=[609, 543, 175, 727, 204, 511, 420]  tape=1.718km B=10.53T unif=0.506% hoop=264MPa
  [ 140] viol   f=   1.158  a=38.6 b=48.9 gap=19.0 (face=10.0mm) n=[563, 716, 578, 748, 86, 456, 486]  tape=1.158km B=16.76T unif=1.000% hoop=288MPa
  [ 141] INFEAS f=19601.159  a=22.2 b=53.1 gap=17.9 (face=7.9mm) n=[571, 858, 413, 398, 297, 78, 757]  no evaluation (geometry pre-check)
  [ 142] viol   f=   1.877  a=32.3 b=67.2 gap=25.0 (face=22.0mm) n=[335, 395, 392, 616, 214, 164, 745]  tape=1.146km B=9.40T unif=0.609% hoop=255MPa
  [ 143] INFEAS f=1050.686  a=27.9 b=53.8 gap=20.0 (face=12.0mm) n=[681, 318, 242, 268, 243, 231, 612]  no evaluation (geometry pre-check)
  [ 144] INFEAS f=3931.593  a=22.3 b=48.7 gap=23.8 (face=19.7mm) n=[651, 488, 589, 461, 123, 611, 518]  no evaluation (geometry pre-check)
  [ 145] viol   f=   1.396  a=28.9 b=93.6 gap=18.6 (face=9.1mm) n=[633, 533, 389, 290, 142, 447, 451]  tape=1.384km B=12.95T unif=1.008% hoop=221MPa
  [ 146] OK     f=   1.681  a=49.9 b=75.0 gap=25.0 (face=22.0mm) n=[330, 349, 576, 777, 552, 637, 400]  tape=1.681km B=11.43T unif=0.634% hoop=371MPa
  [ 147] viol   f=   8.623  a=59.7 b=83.4 gap=23.3 (face=18.5mm) n=[734, 230, 89, 329, 83, 900, 408]  tape=1.492km B=8.11T unif=0.822% hoop=269MPa
  [ 148] viol   f=   1.916  a=43.7 b=83.4 gap=24.4 (face=20.7mm) n=[336, 861, 102, 460, 374, 543, 241]  tape=1.487km B=9.54T unif=0.811% hoop=293MPa
  [ 149] OK     f=   1.425  a=51.2 b=67.4 gap=27.6 (face=27.1mm) n=[714, 505, 297, 732, 255, 387, 404]  tape=1.425km B=10.70T unif=0.808% hoop=304MPa
  [ 150] INFEAS f=1512.040  a=34.3 b=70.0 gap=25.7 (face=23.4mm) n=[482, 806, 66, 462, 151, 438, 893]  no evaluation (geometry pre-check)
  [ 151] OK     f=   1.296  a=46.3 b=54.9 gap=22.6 (face=17.1mm) n=[474, 377, 437, 872, 361, 83, 705]  tape=1.296km B=11.19T unif=0.228% hoop=312MPa
  [ 152] viol   f=  48.711  a=59.4 b=75.5 gap=22.0 (face=16.1mm) n=[686, 571, 350, 365, 159, 651, 445]  tape=1.534km B=10.40T unif=1.486% hoop=400MPa
  [ 153] viol   f=  71.497  a=57.5 b=83.4 gap=15.9 (face=3.8mm) n=[790, 549, 57, 288, 268, 774, 198]  tape=1.498km B=10.15T unif=1.592% hoop=359MPa
  [ 154] INFEAS f=3747.741  a=54.7 b=51.4 gap=21.9 (face=15.8mm) n=[898, 426, 883, 432, 292, 406, 136]  no evaluation (geometry pre-check)
  [ 155] viol   f=   6.021  a=61.9 b=96.2 gap=19.4 (face=10.9mm) n=[815, 510, 609, 744, 151, 301, 499]  tape=2.086km B=10.52T unif=1.140% hoop=400MPa
  [ 156] viol   f=  19.407  a=58.2 b=119.1 gap=31.1 (face=34.2mm) n=[608, 438, 403, 412, 341, 257, 344]  tape=1.828km B=7.04T unif=0.466% hoop=400MPa
  [ 157] viol   f=  36.836  a=36.2 b=65.3 gap=21.4 (face=14.8mm) n=[589, 283, 317, 218, 292, 160, 342]  tape=0.873km B=9.10T unif=1.414% hoop=239MPa
  [ 158] INFEAS f=1178.308  a=33.8 b=97.8 gap=22.9 (face=17.7mm) n=[855, 716, 428, 621, 276, 505, 466]  no evaluation (geometry pre-check)
  [ 159] viol   f=  15.368  a=40.8 b=62.2 gap=24.8 (face=21.7mm) n=[900, 242, 573, 385, 486, 364, 335]  tape=1.389km B=11.85T unif=1.264% hoop=306MPa
  [ 160] viol   f=  12.068  a=32.5 b=68.3 gap=23.6 (face=19.3mm) n=[723, 171, 454, 163, 57, 163, 698]  tape=0.950km B=9.31T unif=1.225% hoop=157MPa
  [ 161] viol   f=  12.567  a=50.5 b=72.4 gap=20.0 (face=12.0mm) n=[792, 333, 881, 579, 93, 158, 788]  tape=1.630km B=13.25T unif=1.234% hoop=323MPa
  [ 162] viol   f=  19.206  a=42.9 b=73.1 gap=20.6 (face=13.2mm) n=[578, 491, 756, 258, 60, 204, 469]  tape=1.253km B=10.69T unif=1.300% hoop=279MPa
  [ 163] viol   f=  10.387  a=63.7 b=89.1 gap=16.9 (face=5.7mm) n=[812, 249, 501, 766, 326, 420, 897]  tape=2.209km B=11.16T unif=1.202% hoop=400MPa
  [ 164] INFEAS f=1439.441  a=47.7 b=49.4 gap=27.1 (face=26.2mm) n=[597, 275, 458, 663, 179, 446, 821]  no evaluation (geometry pre-check)
  [ 165] OK     f=   1.419  a=40.8 b=72.0 gap=25.8 (face=23.5mm) n=[812, 394, 200, 867, 67, 186, 850]  tape=1.419km B=11.36T unif=0.703% hoop=217MPa
  [ 166] INFEAS f=45540.041  a=47.5 b=19.1 gap=17.8 (face=7.7mm) n=[815, 364, 854, 459, 182, 128, 890]  no evaluation (geometry pre-check)
  [ 167] OK     f=   1.819  a=55.1 b=68.8 gap=21.6 (face=15.1mm) n=[624, 502, 439, 644, 601, 212, 896]  tape=1.819km B=11.93T unif=0.945% hoop=400MPa
  [ 168] INFEAS f=5182.975  a=52.1 b=46.9 gap=20.5 (face=13.1mm) n=[439, 113, 609, 626, 536, 190, 713]  no evaluation (geometry pre-check)
  [ 169] viol   f=  12.876  a=34.9 b=99.6 gap=16.6 (face=5.3mm) n=[424, 185, 111, 828, 149, 280, 638]  tape=1.426km B=8.98T unif=1.217% hoop=246MPa
  [ 170] viol   f=  24.893  a=41.7 b=88.2 gap=17.3 (face=6.7mm) n=[897, 152, 732, 898, 66, 238, 423]  tape=1.679km B=13.89T unif=1.341% hoop=277MPa
  [ 171] OK     f=   1.673  a=48.3 b=78.5 gap=33.9 (face=39.8mm) n=[900, 85, 286, 887, 501, 89, 900]  tape=1.673km B=10.16T unif=0.275% hoop=239MPa
  [ 172] viol   f=   1.191  a=37.2 b=77.0 gap=21.5 (face=14.9mm) n=[319, 405, 404, 589, 194, 247, 492]  tape=1.145km B=9.85T unif=0.812% hoop=275MPa
  [ 173] INFEAS f=1422.677  a=34.8 b=80.0 gap=22.5 (face=17.0mm) n=[897, 421, 340, 900, 373, 51, 881]  no evaluation (geometry pre-check)
  [ 174] OK     f=   1.455  a=45.7 b=67.6 gap=21.5 (face=15.0mm) n=[428, 340, 552, 898, 260, 104, 685]  tape=1.455km B=10.98T unif=0.705% hoop=317MPa
  [ 175] OK     f=   1.992  a=52.5 b=94.8 gap=17.4 (face=6.8mm) n=[770, 242, 316, 507, 899, 202, 602]  tape=1.992km B=11.40T unif=0.884% hoop=379MPa
  [ 176] viol   f=  12.643  a=59.4 b=69.7 gap=17.3 (face=6.7mm) n=[692, 176, 482, 890, 208, 293, 839]  tape=1.677km B=12.30T unif=1.234% hoop=397MPa
  [ 177] OK     f=   1.961  a=47.3 b=94.9 gap=26.3 (face=24.6mm) n=[869, 258, 307, 619, 331, 294, 900]  tape=1.961km B=10.40T unif=0.660% hoop=305MPa
  [ 178] INFEAS f=8251.548  a=53.3 b=44.9 gap=21.5 (face=15.0mm) n=[896, 266, 115, 692, 167, 112, 550]  no evaluation (geometry pre-check)
  [ 179] INFEAS f=1713.869  a=28.6 b=81.4 gap=22.0 (face=16.0mm) n=[496, 316, 751, 160, 161, 182, 617]  no evaluation (geometry pre-check)
  [ 180] viol   f=   9.008  a=44.1 b=75.3 gap=20.1 (face=12.3mm) n=[898, 145, 465, 544, 317, 168, 827]  tape=1.557km B=12.18T unif=1.193% hoop=309MPa
  [ 181] viol   f=   0.979  a=29.2 b=57.0 gap=27.7 (face=27.4mm) n=[502, 358, 149, 697, 585, 103, 484]  tape=0.973km B=9.95T unif=0.361% hoop=165MPa
  [ 182] INFEAS f=2381.269  a=27.7 b=88.9 gap=25.2 (face=22.4mm) n=[495, 213, 468, 280, 77, 141, 752]  no evaluation (geometry pre-check)
  [ 183] OK     f=   1.711  a=47.0 b=94.7 gap=18.7 (face=9.5mm) n=[815, 266, 485, 502, 275, 96, 715]  tape=1.711km B=10.94T unif=0.828% hoop=366MPa
  [ 184] viol   f=   1.445  a=38.4 b=75.2 gap=23.1 (face=18.2mm) n=[345, 430, 414, 615, 234, 220, 683]  tape=1.281km B=9.71T unif=0.666% hoop=280MPa
  [ 185] viol   f=  10.736  a=38.5 b=91.3 gap=23.6 (face=19.2mm) n=[280, 467, 197, 451, 305, 66, 693]  tape=1.253km B=7.82T unif=0.508% hoop=228MPa
  [ 186] INFEAS f=1000.667  a=46.0 b=50.9 gap=15.9 (face=3.8mm) n=[867, 64, 720, 338, 164, 181, 659]  no evaluation (geometry pre-check)
  [ 187] viol   f=   3.001  a=61.9 b=80.7 gap=24.4 (face=20.8mm) n=[376, 442, 716, 568, 476, 153, 460]  tape=1.634km B=9.64T unif=1.075% hoop=400MPa
  [ 188] viol   f=   1.725  a=35.4 b=49.2 gap=29.1 (face=30.1mm) n=[528, 362, 341, 548, 233, 89, 497]  tape=0.790km B=9.32T unif=0.752% hoop=195MPa
  [ 189] viol   f=   8.899  a=54.4 b=104.5 gap=16.3 (face=4.6mm) n=[388, 383, 431, 897, 102, 101, 724]  tape=1.848km B=8.12T unif=0.658% hoop=400MPa
  [ 190] INFEAS f=4630.005  a=65.4 b=60.9 gap=19.6 (face=11.2mm) n=[807, 415, 430, 571, 801, 51, 900]  no evaluation (geometry pre-check)
  [ 191] viol   f=   2.949  a=43.3 b=98.4 gap=19.2 (face=10.4mm) n=[501, 785, 98, 71, 82, 556, 495]  tape=1.414km B=9.12T unif=0.656% hoop=256MPa
  [ 192] INFEAS f=1129.921  a=34.3 b=52.8 gap=39.4 (face=50.9mm) n=[143, 445, 374, 446, 863, 359, 366]  no evaluation (geometry pre-check)
  [ 193] viol   f=   4.396  a=38.6 b=54.4 gap=30.1 (face=32.3mm) n=[873, 249, 211, 409, 158, 343, 296]  tape=1.000km B=8.70T unif=0.509% hoop=228MPa
  [ 194] INFEAS f=12433.029  a=68.4 b=56.5 gap=28.1 (face=28.3mm) n=[304, 312, 635, 889, 166, 189, 331]  no evaluation (geometry pre-check)
  [ 195] viol   f=   9.725  a=32.8 b=67.2 gap=31.5 (face=35.0mm) n=[378, 385, 154, 525, 150, 487, 773]  tape=1.158km B=7.93T unif=0.218% hoop=228MPa
  [ 196] INFEAS f=11299.051  a=26.9 b=91.7 gap=18.6 (face=9.3mm) n=[661, 584, 248, 170, 383, 98, 893]  no evaluation (geometry pre-check)
  [ 197] INFEAS f=17996.081  a=24.2 b=58.4 gap=26.5 (face=25.0mm) n=[336, 634, 421, 896, 339, 238, 721]  no evaluation (geometry pre-check)
  [ 198] INFEAS f=2226.729  a=25.6 b=34.3 gap=35.1 (face=42.2mm) n=[409, 290, 330, 691, 102, 146, 512]  no evaluation (geometry pre-check)
  [ 199] viol   f=   2.659  a=58.1 b=96.1 gap=37.8 (face=47.7mm) n=[705, 876, 429, 811, 351, 97, 618]  tape=2.195km B=9.52T unif=0.383% hoop=312MPa
  [ 200] viol   f=   1.849  a=49.6 b=97.3 gap=26.5 (face=25.1mm) n=[725, 609, 220, 830, 420, 173, 198]  tape=1.773km B=9.81T unif=0.674% hoop=283MPa
  [ 201] viol   f=  14.078  a=86.7 b=107.1 gap=35.9 (face=43.8mm) n=[684, 725, 448, 900, 179, 230, 873]  tape=2.714km B=7.62T unif=0.491% hoop=400MPa
  [ 202] viol   f=   3.631  a=44.7 b=133.0 gap=35.9 (face=43.8mm) n=[689, 895, 362, 422, 259, 506, 791]  tape=2.719km B=9.32T unif=0.414% hoop=317MPa
  [ 203] OK     f=   2.389  a=53.7 b=105.1 gap=30.7 (face=33.5mm) n=[552, 724, 214, 889, 558, 332, 722]  tape=2.389km B=10.29T unif=0.433% hoop=335MPa
  [ 204] INFEAS f=17935.974  a=24.1 b=58.2 gap=23.7 (face=19.3mm) n=[669, 886, 317, 883, 141, 227, 891]  no evaluation (geometry pre-check)
  [ 205] INFEAS f=2397.958  a=67.5 b=66.6 gap=23.5 (face=19.0mm) n=[886, 580, 702, 702, 126, 269, 586]  no evaluation (geometry pre-check)
  [ 206] viol   f=   4.607  a=40.7 b=107.4 gap=34.8 (face=41.5mm) n=[763, 894, 146, 523, 137, 167, 798]  tape=1.957km B=8.85T unif=0.631% hoop=203MPa
  [ 207] OK     f=   2.326  a=55.2 b=82.5 gap=39.1 (face=50.2mm) n=[897, 734, 651, 898, 361, 456, 679]  tape=2.326km B=11.73T unif=0.168% hoop=351MPa
  [ 208] INFEAS f=1702.077  a=33.1 b=133.1 gap=32.5 (face=37.0mm) n=[714, 859, 62, 871, 63, 402, 316]  no evaluation (geometry pre-check)
  [ 209] OK     f=   2.922  a=43.4 b=139.4 gap=23.2 (face=18.3mm) n=[684, 831, 305, 743, 309, 601, 725]  tape=2.922km B=13.14T unif=0.303% hoop=315MPa
  [ 210] viol   f=  15.893  a=90.3 b=127.2 gap=28.6 (face=29.1mm) n=[729, 875, 321, 468, 540, 342, 900]  tape=3.201km B=7.48T unif=0.595% hoop=400MPa
  [ 211] OK     f=   2.250  a=46.6 b=91.6 gap=31.6 (face=35.2mm) n=[678, 884, 186, 762, 636, 394, 849]  tape=2.250km B=12.15T unif=0.483% hoop=289MPa
  [ 212] viol   f=  11.048  a=58.0 b=120.1 gap=32.7 (face=37.5mm) n=[842, 339, 208, 840, 104, 69, 734]  tape=2.042km B=7.88T unif=0.379% hoop=244MPa
  [ 213] viol   f=   5.206  a=41.4 b=106.7 gap=36.4 (face=44.9mm) n=[815, 692, 166, 873, 88, 91, 726]  tape=1.926km B=8.72T unif=0.574% hoop=188MPa
  [ 214] viol   f=   5.089  a=53.5 b=118.7 gap=42.4 (face=56.8mm) n=[609, 851, 194, 886, 484, 506, 570]  tape=2.660km B=8.90T unif=0.334% hoop=364MPa
  [ 215] INFEAS f=2100.240  a=33.5 b=97.2 gap=36.5 (face=44.9mm) n=[704, 880, 194, 541, 175, 200, 898]  no evaluation (geometry pre-check)
  [ 216] viol   f=   2.504  a=60.6 b=97.7 gap=33.9 (face=39.8mm) n=[510, 570, 124, 840, 691, 415, 862]  tape=2.303km B=9.68T unif=0.367% hoop=372MPa
  [ 217] viol   f=   2.251  a=62.5 b=104.1 gap=28.1 (face=28.2mm) n=[806, 873, 383, 576, 245, 61, 484]  tape=2.106km B=9.73T unif=0.807% hoop=368MPa
  [ 218] OK     f=   2.260  a=57.1 b=92.8 gap=24.1 (face=20.3mm) n=[893, 508, 624, 790, 113, 338, 896]  tape=2.260km B=12.43T unif=0.828% hoop=400MPa
  [ 219] OK     f=   1.849  a=34.8 b=105.0 gap=20.3 (face=12.7mm) n=[490, 553, 541, 686, 101, 135, 837]  tape=1.849km B=11.51T unif=0.386% hoop=282MPa
  [ 220] viol   f=  33.773  a=82.4 b=140.5 gap=36.4 (face=44.7mm) n=[886, 591, 160, 642, 123, 115, 387]  tape=2.373km B=6.04T unif=0.431% hoop=368MPa
  [ 221] viol   f=   2.666  a=52.6 b=88.7 gap=26.1 (face=24.2mm) n=[626, 130, 358, 810, 393, 74, 730]  tape=1.634km B=9.28T unif=0.628% hoop=292MPa
  [ 222] INFEAS f=1907.053  a=33.9 b=118.0 gap=20.9 (face=13.8mm) n=[657, 486, 406, 900, 51, 363, 747]  no evaluation (geometry pre-check)
  [ 223] viol   f=   9.216  a=51.6 b=84.8 gap=20.9 (face=13.9mm) n=[888, 744, 900, 889, 271, 416, 197]  tape=2.119km B=15.79T unif=1.188% hoop=378MPa
  [ 224] OK     f=   2.566  a=48.3 b=93.9 gap=27.8 (face=27.5mm) n=[782, 810, 888, 828, 350, 600, 687]  tape=2.566km B=15.15T unif=0.596% hoop=351MPa
  [ 225] viol   f=   3.834  a=55.4 b=150.6 gap=29.6 (face=31.1mm) n=[695, 890, 254, 460, 282, 311, 858]  tape=2.939km B=9.33T unif=0.214% hoop=352MPa
  [ 226] viol   f=   2.142  a=55.3 b=98.8 gap=22.2 (face=16.4mm) n=[654, 292, 582, 603, 194, 294, 369]  tape=1.671km B=9.52T unif=0.894% hoop=331MPa
  [ 227] OK     f=   2.012  a=57.0 b=90.0 gap=26.8 (face=25.5mm) n=[749, 900, 707, 616, 141, 86, 523]  tape=2.012km B=11.56T unif=0.948% hoop=373MPa
  [ 228] INFEAS f=1146.702  a=35.6 b=117.8 gap=23.2 (face=18.5mm) n=[858, 900, 536, 885, 681, 360, 712]  no evaluation (geometry pre-check)
  [ 229] OK     f=   1.687  a=42.3 b=88.1 gap=25.9 (face=23.7mm) n=[330, 873, 259, 718, 205, 147, 855]  tape=1.687km B=10.71T unif=0.430% hoop=247MPa
  [ 230] INFEAS f=4297.615  a=31.2 b=82.9 gap=32.9 (face=37.9mm) n=[370, 492, 896, 772, 95, 376, 897]  no evaluation (geometry pre-check)
  [ 231] OK     f=   2.017  a=47.9 b=94.3 gap=32.4 (face=36.9mm) n=[586, 853, 475, 837, 105, 197, 807]  tape=2.017km B=10.60T unif=0.526% hoop=275MPa
  [ 232] OK     f=   2.426  a=58.2 b=110.1 gap=25.5 (face=22.9mm) n=[699, 801, 709, 734, 302, 221, 516]  tape=2.426km B=11.79T unif=0.668% hoop=400MPa
  [ 233] INFEAS f=13681.546  a=25.8 b=97.3 gap=20.7 (face=13.4mm) n=[712, 832, 334, 893, 305, 181, 662]  no evaluation (geometry pre-check)
  [ 234] INFEAS f=1421.927  a=52.7 b=54.4 gap=33.7 (face=39.5mm) n=[491, 264, 692, 872, 77, 299, 629]  no evaluation (geometry pre-check)
  [ 235] viol   f=   4.273  a=58.4 b=75.9 gap=28.4 (face=28.8mm) n=[846, 896, 233, 649, 284, 233, 466]  tape=1.785km B=11.56T unif=1.112% hoop=326MPa
  [ 236] OK     f=   2.805  a=52.2 b=126.8 gap=24.0 (face=19.9mm) n=[584, 634, 428, 635, 594, 318, 888]  tape=2.805km B=10.61T unif=0.370% hoop=400MPa
  [ 237] OK     f=   1.130  a=37.1 b=58.2 gap=28.9 (face=29.8mm) n=[188, 802, 292, 682, 331, 124, 625]  tape=1.130km B=10.11T unif=0.669% hoop=207MPa
  [ 238] OK     f=   2.045  a=41.0 b=98.3 gap=25.4 (face=22.7mm) n=[714, 587, 772, 867, 202, 51, 697]  tape=2.045km B=12.75T unif=0.545% hoop=280MPa
  [ 239] OK     f=   2.199  a=44.3 b=87.6 gap=30.0 (face=32.0mm) n=[568, 882, 900, 883, 437, 55, 899]  tape=2.199km B=13.40T unif=0.736% hoop=285MPa
  [ 240] viol   f=  26.574  a=37.3 b=98.8 gap=18.3 (face=8.6mm) n=[597, 888, 357, 804, 153, 90, 282]  tape=1.708km B=12.48T unif=1.353% hoop=279MPa
  [ 241] INFEAS f=3930.133  a=31.5 b=47.5 gap=30.4 (face=32.8mm) n=[414, 805, 147, 897, 90, 299, 838]  no evaluation (geometry pre-check)
  [ 242] OK     f=   1.903  a=37.4 b=87.9 gap=20.2 (face=12.4mm) n=[285, 900, 272, 850, 433, 388, 735]  tape=1.903km B=14.34T unif=0.820% hoop=309MPa
  [ 243] OK     f=   1.800  a=46.1 b=71.7 gap=26.8 (face=25.5mm) n=[360, 877, 334, 899, 464, 481, 583]  tape=1.800km B=12.93T unif=0.613% hoop=361MPa
  [ 244] OK     f=   2.110  a=60.6 b=87.8 gap=31.1 (face=34.1mm) n=[607, 898, 689, 729, 155, 160, 674]  tape=2.110km B=10.90T unif=0.664% hoop=379MPa
  [ 245] viol   f=   1.946  a=57.7 b=79.5 gap=26.6 (face=25.2mm) n=[624, 891, 799, 502, 377, 91, 580]  tape=1.946km B=12.24T unif=1.001% hoop=396MPa
  [ 246] OK     f=   1.591  a=50.2 b=79.6 gap=25.0 (face=22.0mm) n=[345, 511, 762, 537, 124, 493, 503]  tape=1.591km B=10.46T unif=0.776% hoop=342MPa
  [ 247] OK     f=   2.136  a=54.9 b=84.4 gap=22.8 (face=17.5mm) n=[439, 785, 666, 818, 396, 203, 889]  tape=2.136km B=13.18T unif=0.868% hoop=400MPa
  [ 248] viol   f=   6.247  a=58.4 b=93.0 gap=30.9 (face=33.8mm) n=[110, 745, 568, 580, 101, 346, 673]  tape=1.700km B=8.49T unif=0.559% hoop=359MPa
  [ 249] OK     f=   1.451  a=34.2 b=77.8 gap=28.0 (face=27.9mm) n=[160, 586, 561, 627, 583, 471, 577]  tape=1.451km B=11.23T unif=0.804% hoop=202MPa
  [ 250] viol   f= 248.965  a=48.8 b=61.5 gap=18.5 (face=9.0mm) n=[195, 856, 872, 799, 334, 281, 520]  tape=1.551km B=16.07T unif=2.112% hoop=326MPa
  [ 251] INFEAS f=2018.989  a=29.3 b=85.4 gap=18.5 (face=9.0mm) n=[152, 783, 568, 724, 213, 321, 782]  no evaluation (geometry pre-check)
  [ 252] OK     f=   2.870  a=61.0 b=117.0 gap=30.5 (face=33.1mm) n=[537, 830, 665, 898, 395, 583, 435]  tape=2.870km B=10.60T unif=0.453% hoop=400MPa
  [ 253] OK     f=   2.053  a=40.7 b=79.4 gap=35.7 (face=43.5mm) n=[303, 723, 701, 883, 335, 879, 784]  tape=2.053km B=11.40T unif=0.238% hoop=250MPa
  [ 254] OK     f=   1.445  a=37.0 b=62.3 gap=31.3 (face=34.5mm) n=[355, 883, 325, 804, 564, 238, 487]  tape=1.445km B=11.09T unif=0.500% hoop=231MPa
  [ 255] viol   f=   5.582  a=53.4 b=71.6 gap=41.0 (face=53.9mm) n=[65, 772, 722, 668, 258, 553, 522]  tape=1.580km B=8.59T unif=0.881% hoop=283MPa
  [ 256] viol   f=  92.178  a=54.4 b=69.1 gap=20.7 (face=13.4mm) n=[644, 816, 729, 695, 663, 349, 509]  tape=1.924km B=15.40T unif=1.672% hoop=400MPa
  [ 257] INFEAS f=22686.429  a=18.8 b=31.6 gap=17.5 (face=7.0mm) n=[462, 388, 795, 530, 790, 516, 485]  no evaluation (geometry pre-check)
  [ 258] viol   f=   1.774  a=54.4 b=85.8 gap=23.7 (face=19.3mm) n=[319, 766, 729, 367, 778, 325, 86]  tape=1.704km B=10.80T unif=1.019% hoop=306MPa
  [ 259] INFEAS f=22877.981  a=22.4 b=93.2 gap=20.0 (face=12.1mm) n=[68, 512, 891, 866, 467, 522, 587]  no evaluation (geometry pre-check)
  [ 260] INFEAS f=19558.241  a=23.8 b=81.6 gap=25.9 (face=23.7mm) n=[106, 772, 517, 579, 241, 144, 900]  no evaluation (geometry pre-check)
  [ 261] viol   f=  34.214  a=38.3 b=97.4 gap=19.4 (face=10.7mm) n=[296, 292, 884, 362, 707, 531, 380]  tape=1.893km B=11.90T unif=1.402% hoop=381MPa
  [ 262] viol   f= 118.413  a=59.8 b=69.1 gap=18.6 (face=9.1mm) n=[357, 782, 455, 724, 299, 474, 544]  tape=1.681km B=12.30T unif=1.764% hoop=400MPa
  [ 263] viol   f=   9.343  a=37.6 b=97.8 gap=35.6 (face=43.2mm) n=[257, 852, 345, 431, 374, 545, 368]  tape=1.756km B=8.05T unif=0.581% hoop=271MPa
  [ 264] viol   f=   6.626  a=41.5 b=74.2 gap=40.5 (face=53.1mm) n=[150, 678, 418, 673, 514, 520, 681]  tape=1.509km B=8.40T unif=0.750% hoop=246MPa
  [ 265] viol   f=   2.199  a=51.8 b=98.8 gap=35.3 (face=42.7mm) n=[296, 744, 702, 457, 514, 544, 760]  tape=2.197km B=9.97T unif=0.390% hoop=338MPa
  [ 266] viol   f=  10.084  a=46.0 b=122.8 gap=41.7 (face=55.5mm) n=[309, 874, 627, 725, 462, 58, 576]  tape=2.365km B=8.04T unif=0.382% hoop=264MPa
  [ 267] OK     f=   1.382  a=44.5 b=59.1 gap=30.5 (face=33.0mm) n=[525, 531, 890, 231, 458, 590, 152]  tape=1.382km B=10.52T unif=0.236% hoop=322MPa
  [ 268] INFEAS f=1226.743  a=35.0 b=61.6 gap=26.1 (face=24.1mm) n=[213, 852, 491, 892, 697, 401, 313]  no evaluation (geometry pre-check)
  [ 269] INFEAS f=1105.055  a=31.4 b=90.0 gap=33.0 (face=38.1mm) n=[596, 784, 534, 347, 701, 507, 73]  no evaluation (geometry pre-check)
  [ 270] INFEAS f=1094.313  a=32.5 b=59.6 gap=35.6 (face=43.2mm) n=[251, 478, 784, 255, 673, 812, 57]  no evaluation (geometry pre-check)
  [ 271] INFEAS f=1057.521  a=49.7 b=53.5 gap=38.3 (face=48.5mm) n=[405, 574, 869, 354, 208, 435, 631]  no evaluation (geometry pre-check)
  [ 272] INFEAS f=1085.009  a=42.0 b=45.5 gap=35.6 (face=43.2mm) n=[444, 384, 675, 367, 291, 559, 529]  no evaluation (geometry pre-check)
  [ 273] OK     f=   1.913  a=59.2 b=77.3 gap=33.0 (face=38.0mm) n=[359, 862, 691, 304, 379, 537, 669]  tape=1.913km B=10.13T unif=0.355% hoop=328MPa
  [ 274] OK     f=   1.965  a=55.7 b=82.6 gap=31.8 (face=35.6mm) n=[449, 602, 771, 299, 599, 891, 194]  tape=1.965km B=10.04T unif=0.400% hoop=337MPa
  [ 275] viol   f=   7.442  a=62.1 b=81.9 gap=29.9 (face=31.8mm) n=[96, 496, 876, 171, 564, 752, 120]  tape=1.619km B=8.29T unif=0.463% hoop=289MPa
  [ 276] INFEAS f=1525.242  a=57.7 b=59.0 gap=36.0 (face=44.1mm) n=[134, 572, 764, 290, 501, 828, 251]  no evaluation (geometry pre-check)
  [ 277] viol   f=  14.714  a=61.6 b=79.7 gap=41.5 (face=55.0mm) n=[52, 602, 822, 234, 484, 606, 476]  tape=1.686km B=7.45T unif=0.276% hoop=311MPa
  [ 278] viol   f=   2.486  a=37.8 b=71.2 gap=32.9 (face=37.7mm) n=[600, 572, 900, 150, 167, 56, 705]  tape=1.354km B=9.25T unif=0.402% hoop=210MPa
  [ 279] viol   f=  22.482  a=42.3 b=85.5 gap=38.5 (face=49.0mm) n=[217, 731, 754, 173, 361, 175, 203]  tape=1.285km B=6.74T unif=0.436% hoop=191MPa
  [ 280] OK     f=   1.835  a=60.8 b=66.6 gap=33.6 (face=39.3mm) n=[441, 737, 814, 156, 704, 737, 596]  tape=1.835km B=11.43T unif=0.503% hoop=339MPa
  [ 281] OK     f=   2.305  a=70.2 b=85.9 gap=37.9 (face=47.7mm) n=[602, 777, 892, 253, 693, 892, 149]  tape=2.305km B=10.21T unif=0.165% hoop=400MPa
  [ 282] INFEAS f=66268.323  a=53.8 b=18.4 gap=36.8 (face=45.6mm) n=[110, 892, 731, 415, 546, 688, 250]  no evaluation (geometry pre-check)  [a=58 b=95 nt=3572] KSP converged reason: 4, iterations: 1
  [a=46 b=77 nt=3862] KSP converged reason: 4, iterations: 1
  [a=41 b=90 nt=4066] KSP converged reason: 4, iterations: 1
  [a=56 b=77 nt=4715] KSP converged reason: 4, iterations: 1
  [a=82 b=90 nt=2880] KSP converged reason: 4, iterations: 1
  [a=70 b=100 nt=3439] KSP converged reason: 4, iterations: 1
  [a=41 b=69 nt=3445] KSP converged reason: 4, iterations: 1
  [a=56 b=85 nt=4491] KSP converged reason: 4, iterations: 1
  [a=67 b=108 nt=4380] KSP converged reason: 4, iterations: 1
  [a=50 b=73 nt=3960] KSP converged reason: 4, iterations: 1
  [a=50 b=61 nt=4014] KSP converged reason: 4, iterations: 1
  [a=62 b=95 nt=4396] KSP converged reason: 4, iterations: 1
  [a=50 b=64 nt=4421] KSP converged reason: 4, iterations: 1
  [a=56 b=61 nt=4228] KSP converged reason: 4, iterations: 1
  [a=50 b=64 nt=2933] KSP converged reason: 4, iterations: 1
  [a=36 b=54 nt=2252] KSP converged reason: 4, iterations: 1
  [a=51 b=67 nt=3294] KSP converged reason: 4, iterations: 1
  [a=58 b=119 nt=2803] KSP converged reason: 4, iterations: 1
  [a=55 b=69 nt=3918] KSP converged reason: 4, iterations: 1
  [a=46 b=68 nt=3267] KSP converged reason: 4, iterations: 1
  [a=44 b=75 nt=3364] KSP converged reason: 4, iterations: 1
  [a=35 b=49 nt=2598] KSP converged reason: 4, iterations: 1
  [a=39 b=54 nt=2539] KSP converged reason: 4, iterations: 1
  [a=45 b=133 nt=3924] KSP converged reason: 4, iterations: 1
  [a=41 b=107 nt=3451] KSP converged reason: 4, iterations: 1
  [a=82 b=141 nt=2904] KSP converged reason: 4, iterations: 1
  [a=57 b=90 nt=3722] KSP converged reason: 4, iterations: 1
  [a=48 b=94 nt=3860] KSP converged reason: 4, iterations: 1
  [a=37 b=88 nt=3863] KSP converged reason: 4, iterations: 1
  [a=58 b=93 nt=3123] KSP converged reason: 4, iterations: 1
  [a=54 b=86 nt=3370] KSP converged reason: 4, iterations: 1
  [a=60 b=69 nt=3635] KSP converged reason: 4, iterations: 1
  [a=62 b=80 nt=3276] KSP converged reason: 4, iterations: 1
  [a=37 b=82 nt=4909] KSP converged reason: 4, iterations: 1
  [a=65 b=85 nt=4108] KSP converged reason: 4, iterations: 1
  [a=45 b=120 nt=3193] KSP converged reason: 4, iterations: 1
  [a=41 b=89 nt=3657] KSP converged reason: 4, iterations: 1
  [a=40 b=112 nt=3609] KSP converged reason: 4, iterations: 1
  [a=38 b=64 nt=3569] KSP converged reason: 4, iterations: 1
  [a=48 b=76 nt=4674] KSP converged reason: 4, iterations: 1
  [a=54 b=93 nt=4238] KSP converged reason: 4, iterations: 1
  [a=82 b=90 nt=4715] KSP converged reason: 4, iterations: 1
  [a=54 b=65 nt=4091] KSP converged reason: 4, iterations: 1
  [a=39 b=88 nt=4014] KSP converged reason: 4, iterations: 1
  [a=51 b=91 nt=4043] KSP converged reason: 4, iterations: 1
  [a=54 b=90 nt=4532] KSP converged reason: 4, iterations: 1
  [a=43 b=98 nt=4025] KSP converged reason: 4, iterations: 1
  [a=47 b=87 nt=3999] KSP converged reason: 4, iterations: 1
  [a=53 b=107 nt=4195] KSP converged reason: 4, iterations: 1
  [a=48 b=65 nt=3399] KSP converged reason: 4, iterations: 1
  [a=60 b=78 nt=4231] KSP converged reason: 4, iterations: 1
  [a=31 b=77 nt=2855] KSP converged reason: 4, iterations: 1
  [a=39 b=49 nt=3633] KSP converged reason: 4, iterations: 1
  [a=50 b=75 nt=3621] KSP converged reason: 4, iterations: 1
  [a=36 b=65 nt=2201] KSP converged reason: 4, iterations: 1
  [a=41 b=62 nt=3285] KSP converged reason: 4, iterations: 1
  [a=35 b=100 nt=2615] KSP converged reason: 4, iterations: 1
  [a=42 b=88 nt=3406] KSP converged reason: 4, iterations: 1
  [a=47 b=95 nt=3578] KSP converged reason: 4, iterations: 1
  [a=38 b=75 nt=2941] KSP converged reason: 4, iterations: 1
  [a=33 b=67 nt=2852] KSP converged reason: 4, iterations: 1
  [a=43 b=139 nt=4198] KSP converged reason: 4, iterations: 1
  [a=63 b=104 nt=3428] KSP converged reason: 4, iterations: 1
  [a=35 b=105 nt=3343] KSP converged reason: 4, iterations: 1
  [a=48 b=94 nt=4945] KSP converged reason: 4, iterations: 1
  [a=58 b=76 nt=3607] KSP converged reason: 4, iterations: 1
  [a=37 b=99 nt=3171] KSP converged reason: 4, iterations: 1
  [a=50 b=80 nt=3275] KSP converged reason: 4, iterations: 1
  [a=34 b=78 nt=3565] KSP converged reason: 4, iterations: 1
  [a=54 b=69 nt=4405] KSP converged reason: 4, iterations: 1
  [a=41 b=74 nt=3634] KSP converged reason: 4, iterations: 1
  [a=42 b=86 nt=2614] KSP converged reason: 4, iterations: 1
  [a=61 b=67 nt=4185] KSP converged reason: 4, iterations: 1
  [a=48 b=53 nt=3575] KSP converged reason: 4, iterations: 1
  [a=67 b=82 nt=4663] KSP converged reason: 4, iterations: 1
  [a=59 b=89 nt=3871] KSP converged reason: 4, iterations: 1
  [a=38 b=64 nt=3775] KSP converged reason: 4, iterations: 1
  [a=57 b=109 nt=2820] KSP converged reason: 4, iterations: 1
  [a=39 b=109 nt=3770] KSP converged reason: 4, iterations: 1
  [a=45 b=85 nt=3192] KSP converged reason: 4, iterations: 1
  [a=61 b=88 nt=3460] KSP converged reason: 4, iterations: 1
  [a=39 b=133 nt=3781] KSP converged reason: 4, iterations: 1
  [a=69 b=160 nt=3628] KSP converged reason: 4, iterations: 1
  [a=50 b=85 nt=4317] KSP converged reason: 4, iterations: 1
  [a=48 b=98 nt=4142] KSP converged reason: 4, iterations: 1
  [a=53 b=73 nt=2714] KSP converged reason: 4, iterations: 1
  [a=52 b=82 nt=4402] KSP converged reason: 4, iterations: 1
  [a=57 b=97 nt=4429] KSP converged reason: 4, iterations: 1
  [a=69 b=80 nt=2922] KSP converged reason: 4, iterations: 1
  [a=38 b=57 nt=4524] KSP converged reason: 4, iterations: 1
  [a=38 b=85 nt=3786] KSP converged reason: 4, iterations: 1
  [a=30 b=56 nt=3180] KSP converged reason: 4, iterations: 1
  [a=48 b=59 nt=2666] KSP converged reason: 4, iterations: 1
  [a=37 b=92 nt=2999] KSP converged reason: 4, iterations: 1
  [a=29 b=94 nt=2885] KSP converged reason: 4, iterations: 1
  [a=62 b=96 nt=3629] KSP converged reason: 4, iterations: 1
  [a=43 b=73 nt=2816] KSP converged reason: 4, iterations: 1
  [a=48 b=79 nt=3648] KSP converged reason: 4, iterations: 1
  [a=62 b=81 nt=3191] KSP converged reason: 4, iterations: 1
  [a=58 b=96 nt=3887] KSP converged reason: 4, iterations: 1
  [a=41 b=107 nt=3428] KSP converged reason: 4, iterations: 1
  [a=90 b=127 nt=4175] KSP converged reason: 4, iterations: 1
  [a=61 b=98 nt=4012] KSP converged reason: 4, iterations: 1
  [a=53 b=89 nt=3121] KSP converged reason: 4, iterations: 1
  [a=42 b=88 nt=3387] KSP converged reason: 4, iterations: 1
  [a=52 b=127 nt=4081] KSP converged reason: 4, iterations: 1
  [a=61 b=88 nt=3912] KSP converged reason: 4, iterations: 1
  [a=61 b=117 nt=4343] KSP converged reason: 4, iterations: 1
  [a=46 b=123 nt=3631] KSP converged reason: 4, iterations: 1
  [a=56 b=83 nt=3805] KSP converged reason: 4, iterations: 1
  [a=71 b=90 nt=3570] KSP converged reason: 4, iterations: 1
  [a=53 b=97 nt=3693] KSP converged reason: 4, iterations: 1
  [a=68 b=82 nt=3701] KSP converged reason: 4, iterations: 1
  [a=29 b=127 nt=3049] KSP converged reason: 4, iterations: 1
  [a=37 b=113 nt=3719] KSP converged reason: 4, iterations: 1
  [a=42 b=91 nt=4210] KSP converged reason: 4, iterations: 1
  [a=76 b=82 nt=3703] KSP converged reason: 4, iterations: 1
  [a=52 b=63 nt=4666] KSP converged reason: 4, iterations: 1
  [a=56 b=92 nt=4303] KSP converged reason: 4, iterations: 1
  [a=38 b=155 nt=4231] KSP converged reason: 4, iterations: 1
  [a=46 b=90 nt=4398] KSP converged reason: 4, iterations: 1
  [a=68 b=83 nt=3549] KSP converged reason: 4, iterations: 1
  [a=70 b=81 nt=4272] KSP converged reason: 4, iterations: 1
  [a=57 b=86 nt=3342] KSP converged reason: 4, iterations: 1
  [a=54 b=74 nt=3767] KSP converged reason: 4, iterations: 1
  [a=52 b=80 nt=3723] KSP converged reason: 4, iterations: 1
  [a=54 b=69 nt=3902] KSP converged reason: 4, iterations: 1
  [a=42 b=99 nt=3189] KSP converged reason: 4, iterations: 1
  [a=44 b=83 nt=2917] KSP converged reason: 4, iterations: 1
  [a=58 b=83 nt=2924] KSP converged reason: 4, iterations: 1
  [a=50 b=72 nt=3624] KSP converged reason: 4, iterations: 1
  [a=52 b=95 nt=3538] KSP converged reason: 4, iterations: 1
  [a=38 b=91 nt=2459] KSP converged reason: 4, iterations: 1
  [a=54 b=104 nt=3026] KSP converged reason: 4, iterations: 1
  [a=50 b=97 nt=3175] KSP converged reason: 4, iterations: 1
  [a=55 b=82 nt=4676] KSP converged reason: 4, iterations: 1
  [a=53 b=119 nt=4100] KSP converged reason: 4, iterations: 1
  [a=52 b=85 nt=4305] KSP converged reason: 4, iterations: 1
  [a=41 b=98 nt=3890] KSP converged reason: 4, iterations: 1
  [a=46 b=72 nt=3998] KSP converged reason: 4, iterations: 1
  [a=41 b=79 nt=4608] KSP converged reason: 4, iterations: 1
  [a=52 b=99 nt=4017] KSP converged reason: 4, iterations: 1
  [a=62 b=82 nt=3075] KSP converged reason: 4, iterations: 1
  [a=47 b=86 nt=4139] KSP converged reason: 4, iterations: 1
  [a=70 b=83 nt=3158] KSP converged reason: 4, iterations: 1
  [a=69 b=91 nt=3386] KSP converged reason: 4, iterations: 1
  [a=52 b=82 nt=4230] KSP converged reason: 4, iterations: 1
  [a=42 b=54 nt=4219] KSP converged reason: 4, iterations: 1
  [a=43 b=55 nt=4103] KSP converged reason: 4, iterations: 1
  [a=65 b=113 nt=4266] KSP converged reason: 4, iterations: 1
  [a=60 b=70 nt=4445] KSP converged reason: 4, iterations: 1
  [a=45 b=106 nt=4481] KSP converged reason: 4, iterations: 1
  [a=76 b=92 nt=4313] KSP converged reason: 4, iterations: 1
  [a=49 b=72 nt=4091] KSP converged reason: 4, iterations: 1
  [a=40 b=84 nt=4491] KSP converged reason: 4, iterations: 1
  [a=49 b=95 nt=4326] KSP converged reason: 4, iterations: 1
  [a=47 b=94 nt=3409] KSP converged reason: 4, iterations: 1
  [a=60 b=97 nt=3721] KSP converged reason: 4, iterations: 1
  [a=48 b=102 nt=4408] KSP converged reason: 4, iterations: 1
  [a=43 b=60 nt=2801] KSP converged reason: 4, iterations: 1
  [a=44 b=59 nt=2776] KSP converged reason: 4, iterations: 1
  [a=60 b=83 nt=2773] KSP converged reason: 4, iterations: 1
  [a=46 b=55 nt=3309] KSP converged reason: 4, iterations: 1
  [a=32 b=68 nt=2429] KSP converged reason: 4, iterations: 1
  [a=41 b=72 nt=3376] KSP converged reason: 4, iterations: 1
  [a=37 b=77 nt=2650] KSP converged reason: 4, iterations: 1
  [a=47 b=95 nt=3154] KSP converged reason: 4, iterations: 1
  [a=87 b=107 nt=4039] KSP converged reason: 4, iterations: 1
  [a=58 b=120 nt=3136] KSP converged reason: 4, iterations: 1
  [a=57 b=93 nt=4162] KSP converged reason: 4, iterations: 1
  [a=55 b=99 nt=2988] KSP converged reason: 4, iterations: 1
  [a=58 b=110 nt=3982] KSP converged reason: 4, iterations: 1
  [a=58 b=80 nt=3864] KSP converged reason: 4, iterations: 1
  [a=49 b=61 nt=3857] KSP converged reason: 4, iterations: 1
  [a=53 b=72 nt=3560] KSP converged reason: 4, iterations: 1
  [a=38 b=98 nt=3172] KSP converged reason: 4, iterations: 1
  [a=44 b=59 nt=3377] KSP converged reason: 4, iterations: 1
  [a=38 b=71 nt=3150] KSP converged reason: 4, iterations: 1
  [a=70 b=86 nt=4258] KSP converged reason: 4, iterations: 1
  [a=47 b=93 nt=2982] KSP converged reason: 4, iterations: 1
  [a=53 b=78 nt=4413] KSP converged reason: 4, iterations: 1
  [a=55 b=106 nt=3460] KSP converged reason: 4, iterations: 1
  [a=60 b=95 nt=3118] KSP converged reason: 4, iterations: 1
  [a=45 b=77 nt=3633] KSP converged reason: 4, iterations: 1
  [a=52 b=128 nt=3036] KSP converged reason: 4, iterations: 1
  [a=54 b=86 nt=4862] KSP converged reason: 4, iterations: 1
  [a=78 b=118 nt=3950] KSP converged reason: 4, iterations: 1
  [a=63 b=98 nt=4859] KSP converged reason: 4, iterations: 1
  [a=43 b=109 nt=4046] KSP converged reason: 4, iterations: 1
  [a=47 b=126 nt=3882] KSP converged reason: 4, iterations: 1
  [a=38 b=78 nt=4265] KSP converged reason: 4, iterations: 1
  [a=49 b=75 nt=4226] KSP converged reason: 4, iterations: 1
  [a=50 b=105 nt=4173] KSP converged reason: 4, iterations: 1
  [a=46 b=77 nt=4308] KSP converged reason: 4, iterations: 1
  [a=41 b=65 nt=4239] KSP converged reason: 4, iterations: 1
  [a=58 b=92 nt=4265] KSP converged reason: 4, iterations: 1
  [a=37 b=63 nt=2279] KSP converged reason: 4, iterations: 1
  [a=32 b=67 nt=2861] KSP converged reason: 4, iterations: 1
  [a=59 b=75 nt=3227] KSP converged reason: 4, iterations: 1
  [a=64 b=89 nt=3971] KSP converged reason: 4, iterations: 1
  [a=59 b=70 nt=3580] KSP converged reason: 4, iterations: 1
  [a=29 b=57 nt=2878] KSP converged reason: 4, iterations: 1
  [a=43 b=98 nt=2588] KSP converged reason: 4, iterations: 1
  [a=54 b=105 nt=3991] KSP converged reason: 4, iterations: 1
  [a=47 b=92 nt=4389] KSP converged reason: 4, iterations: 1
  [a=55 b=151 nt=3750] KSP converged reason: 4, iterations: 1
  [a=37 b=58 nt=3044] KSP converged reason: 4, iterations: 1
  [a=44 b=88 nt=4624] KSP converged reason: 4, iterations: 1
  [a=55 b=84 nt=4196] KSP converged reason: 4, iterations: 1
  [a=37 b=62 nt=3656] KSP converged reason: 4, iterations: 1
  [a=38 b=97 nt=3452] KSP converged reason: 4, iterations: 1
  [a=59 b=77 nt=3801] KSP converged reason: 4, iterations: 1
  [a=54 b=88 nt=3664] KSP converged reason: 4, iterations: 1
  [a=55 b=77 nt=4211] KSP converged reason: 4, iterations: 1
  [a=49 b=64 nt=4784] KSP converged reason: 4, iterations: 1

  [ 283] OK     f=   2.143  a=37.1 b=81.6 gap=27.4 (face=26.8mm) n=[730, 878, 763, 197, 822, 645, 874]  tape=2.143km B=15.82T unif=0.819% hoop=266MPa
  [ 284] viol   f=  18.567  a=71.5 b=90.3 gap=40.5 (face=53.1mm) n=[429, 699, 780, 155, 537, 540, 430]  tape=2.040km B=7.13T unif=0.221% hoop=400MPa
  [ 285] INFEAS f=64962.958  a=74.0 b=39.0 gap=28.9 (face=29.7mm) n=[278, 731, 737, 133, 144, 363, 767]  no evaluation (geometry pre-check)
  [ 286] viol   f=   5.625  a=46.9 b=86.5 gap=42.3 (face=56.5mm) n=[252, 493, 780, 132, 774, 846, 862]  tape=2.011km B=8.66T unif=0.393% hoop=237MPa
  [ 287] OK     f=   1.333  a=47.7 b=53.1 gap=23.4 (face=18.8mm) n=[69, 482, 715, 151, 526, 887, 745]  tape=1.333km B=11.76T unif=0.672% hoop=271MPa
  [ 288] viol   f=   4.928  a=53.9 b=87.5 gap=35.1 (face=42.2mm) n=[287, 579, 590, 190, 794, 369, 855]  tape=1.930km B=8.78T unif=0.218% hoop=341MPa
  [ 289] OK     f=   2.413  a=66.7 b=82.2 gap=37.4 (face=46.8mm) n=[195, 867, 896, 567, 600, 799, 739]  tape=2.413km B=10.63T unif=0.112% hoop=400MPa
  [ 290] INFEAS f=11053.407  a=65.3 b=54.5 gap=26.0 (face=24.1mm) n=[315, 897, 832, 128, 378, 851, 238]  no evaluation (geometry pre-check)
  [ 291] INFEAS f=11081.725  a=27.2 b=57.6 gap=30.5 (face=32.9mm) n=[347, 665, 513, 503, 694, 899, 814]  no evaluation (geometry pre-check)
  [ 292] OK     f=   1.995  a=52.5 b=97.3 gap=25.9 (face=23.7mm) n=[461, 760, 689, 197, 183, 730, 673]  tape=1.995km B=11.24T unif=0.614% hoop=337MPa
  [ 293] INFEAS f=1343.568  a=51.3 b=53.4 gap=37.5 (face=46.9mm) n=[269, 773, 812, 131, 897, 718, 882]  no evaluation (geometry pre-check)
  [ 294] OK     f=   2.000  a=55.2 b=77.3 gap=31.6 (face=35.2mm) n=[593, 797, 284, 201, 721, 866, 749]  tape=2.000km B=11.48T unif=0.277% hoop=310MPa
  [ 295] OK     f=   1.563  a=46.5 b=92.7 gap=21.0 (face=14.0mm) n=[717, 514, 459, 198, 234, 218, 642]  tape=1.563km B=10.29T unif=0.843% hoop=314MPa
  [ 296] viol   f=  74.890  a=69.9 b=82.5 gap=19.8 (face=11.5mm) n=[361, 702, 707, 104, 454, 562, 268]  tape=1.666km B=9.35T unif=1.602% hoop=400MPa
  [ 297] OK     f=   2.119  a=65.0 b=84.9 gap=34.7 (face=41.3mm) n=[124, 804, 701, 156, 850, 841, 632]  tape=2.119km B=10.16T unif=0.134% hoop=336MPa
  [ 298] viol   f=   3.655  a=58.6 b=89.4 gap=19.0 (face=10.0mm) n=[128, 896, 744, 190, 480, 889, 544]  tape=2.077km B=12.18T unif=1.089% hoop=365MPa
  [ 299] OK     f=   2.078  a=52.7 b=77.5 gap=29.4 (face=30.7mm) n=[180, 591, 663, 396, 785, 899, 899]  tape=2.078km B=11.81T unif=0.159% hoop=333MPa
  [ 300] viol   f=   7.298  a=68.6 b=90.8 gap=32.9 (face=37.8mm) n=[275, 445, 859, 186, 865, 558, 198]  tape=1.944km B=8.36T unif=0.440% hoop=324MPa
  [ 301] INFEAS f=11348.265  a=25.3 b=119.9 gap=31.5 (face=34.9mm) n=[497, 812, 268, 307, 545, 580, 853]  no evaluation (geometry pre-check)
  [ 302] viol   f=   6.578  a=45.5 b=120.0 gap=27.0 (face=26.0mm) n=[299, 722, 319, 122, 406, 427, 898]  tape=2.096km B=8.50T unif=0.323% hoop=346MPa
  [ 303] OK     f=   1.483  a=38.1 b=64.1 gap=18.0 (face=8.0mm) n=[493, 532, 893, 70, 251, 636, 900]  tape=1.483km B=14.38T unif=0.790% hoop=314MPa
  [ 304] OK     f=   1.957  a=48.5 b=64.1 gap=23.6 (face=19.1mm) n=[604, 888, 779, 659, 720, 424, 710]  tape=1.957km B=17.40T unif=0.904% hoop=394MPa
  [ 305] viol   f=   2.843  a=68.1 b=82.4 gap=33.5 (face=38.9mm) n=[396, 899, 536, 165, 516, 328, 861]  tape=2.015km B=9.36T unif=0.372% hoop=384MPa
  [ 306] INFEAS f=1694.905  a=32.1 b=106.0 gap=37.1 (face=46.2mm) n=[472, 145, 128, 164, 598, 428, 844]  no evaluation (geometry pre-check)
  [ 307] INFEAS f=4512.516  a=30.5 b=91.3 gap=28.8 (face=29.6mm) n=[71, 654, 522, 103, 646, 798, 882]  no evaluation (geometry pre-check)
  [ 308] INFEAS f=4174.811  a=87.3 b=83.4 gap=38.2 (face=48.5mm) n=[422, 64, 391, 188, 307, 686, 813]  no evaluation (geometry pre-check)
  [ 309] viol   f=   2.100  a=55.1 b=106.2 gap=25.7 (face=23.4mm) n=[381, 493, 683, 178, 547, 500, 678]  tape=2.015km B=9.79T unif=0.538% hoop=353MPa
  [ 310] viol   f=   8.337  a=51.9 b=82.3 gap=20.4 (face=12.7mm) n=[495, 893, 815, 75, 471, 750, 731]  tape=2.070km B=14.53T unif=1.177% hoop=387MPa

==========================================================================================
CMA-ES finished: 310 evaluations in 8.2 min
==========================================================================================

Best feasible design found:
  a_mm             29.829502998044383
  b_mm             55.52257512657481
  gap_mm           27.174064559798644
  face_gap_mm      26.348129119597285
  n_turns          [550, 353, 182, 489, 377, 611, 618]
  n_total          3180
  tape_km          1.0096537298376296
  B_target_T       10.986470405063926
  uniformity_pct   0.4129927486678519
  hoop_MPa         172.19021293234775
  delam_MPa        15.333802399989896
  I_quench_A       390.1791195669708
  I_op_A           214.6199777596099
  binding          quench/SF
  clip_frac        0.24853801169590642

Full evaluation history -> optimize/cmaes_history.csv
Best design            -> optimize/cmaes_results.csv
Appended 310 rows to cumulative master log -> optimize/cmaes_all_evaluations.csv

Figures -> /home/gerrityjack/fenicsx/Racetrack-Coil-Optimization/visualization/cmaes_convergence.png, cmaes_constraints.png, cmaes_variables.png, cmaes_overview.png
Cumulative parameter-space map -> visualization/cmaes_param_map.png (16880 evaluations, 54 runs)
