Starting CMA-ES: 10 variables, budget 300 evaluations, target B >= 10.0 T, uniformity <= 1.0%, hoop <= 400 MPa, coil-coil face gap >= 3 mm

Parallel mode: 6 worker processes per generation.
  [   1] INFEAS f=2032.941  a=32.9 b=157.4 gap=34.4 (face=40.9mm) n=[879, 353, 493, 591, 360, 116, 548]  no evaluation (geometry pre-check)
  [   2] viol   f=  20.498  a=63.8 b=156.9 gap=27.0 (face=26.0mm) n=[497, 154, 882, 752, 179, 307, 52]  tape=2.359km B=6.99T unif=0.273% hoop=314MPa
  [   3] viol   f=  25.823  a=78.3 b=195.2 gap=29.3 (face=30.7mm) n=[665, 238, 747, 668, 239, 78, 575]  tape=3.198km B=6.64T unif=0.212% hoop=400MPa
  [   4] viol   f=   9.506  a=62.8 b=166.6 gap=27.4 (face=26.8mm) n=[368, 494, 533, 768, 829, 389, 469]  tape=3.325km B=8.24T unif=0.225% hoop=400MPa
  [   5] INFEAS f=6403.490  a=29.7 b=155.6 gap=30.3 (face=32.6mm) n=[836, 493, 651, 815, 290, 266, 899]  no evaluation (geometry pre-check)
  [   6] INFEAS f=39255.844  a=18.2 b=163.0 gap=31.4 (face=34.9mm) n=[429, 392, 388, 436, 833, 502, 899]  no evaluation (geometry pre-check)
  [   7] viol   f=  35.860  a=77.5 b=168.2 gap=34.1 (face=40.3mm) n=[527, 415, 93, 882, 77, 359, 736]  tape=2.816km B=5.94T unif=0.237% hoop=381MPa
  [   8] viol   f=   3.059  a=47.2 b=156.1 gap=21.5 (face=15.1mm) n=[742, 287, 528, 372, 401, 179, 889]  tape=2.721km B=9.59T unif=0.231% hoop=386MPa
  [   9] viol   f=   7.748  a=72.2 b=153.6 gap=24.1 (face=20.3mm) n=[849, 144, 453, 821, 339, 63, 896]  tape=2.932km B=8.45T unif=0.351% hoop=400MPa
  [  10] OK     f=   3.040  a=37.1 b=159.7 gap=33.6 (face=39.1mm) n=[814, 648, 806, 890, 155, 94, 581]  tape=3.040km B=10.52T unif=0.530% hoop=226MPa
  [  11] INFEAS f=24441.523  a=20.3 b=155.3 gap=38.4 (face=48.9mm) n=[848, 823, 421, 771, 60, 266, 786]  no evaluation (geometry pre-check)
  [  12] OK     f=   3.598  a=58.2 b=184.8 gap=23.3 (face=18.5mm) n=[418, 752, 849, 537, 276, 293, 788]  tape=3.598km B=10.07T unif=0.181% hoop=400MPa
  [  13] OK     f=   3.445  a=49.4 b=178.8 gap=17.2 (face=6.4mm) n=[463, 361, 899, 823, 548, 71, 763]  tape=3.445km B=11.73T unif=0.207% hoop=400MPa
  [  14] viol   f=  24.977  a=59.6 b=149.8 gap=34.7 (face=41.5mm) n=[876, 551, 344, 389, 141, 167, 438]  tape=2.364km B=6.64T unif=0.233% hoop=348MPa
  [  15] OK     f=   3.385  a=46.7 b=177.5 gap=21.9 (face=15.8mm) n=[663, 670, 770, 483, 209, 263, 858]  tape=3.385km B=11.66T unif=0.138% hoop=366MPa
  [  16] viol   f=   3.475  a=41.8 b=154.2 gap=29.2 (face=30.4mm) n=[644, 123, 565, 455, 589, 141, 648]  tape=2.327km B=9.24T unif=0.326% hoop=244MPa
  [  17] viol   f=   8.070  a=54.5 b=156.3 gap=36.6 (face=45.1mm) n=[878, 521, 464, 462, 545, 400, 770]  tape=3.270km B=8.45T unif=0.196% hoop=400MPa
  [  18] viol   f=   5.482  a=68.2 b=133.3 gap=29.4 (face=30.9mm) n=[720, 710, 560, 560, 531, 162, 738]  tape=2.846km B=8.85T unif=0.449% hoop=400MPa
  [  19] OK     f=   2.786  a=37.5 b=160.6 gap=26.1 (face=24.1mm) n=[745, 354, 587, 817, 103, 433, 548]  tape=2.786km B=10.99T unif=0.187% hoop=255MPa
  [  20] viol   f=   8.744  a=78.8 b=182.8 gap=28.6 (face=29.2mm) n=[893, 418, 900, 858, 69, 279, 759]  tape=3.942km B=8.45T unif=0.246% hoop=400MPa
  [  21] OK     f=   3.125  a=43.3 b=153.4 gap=16.0 (face=4.0mm) n=[883, 334, 741, 541, 230, 484, 893]  tape=3.125km B=14.33T unif=0.297% hoop=389MPa
  [  22] INFEAS f=2435.185  a=27.5 b=172.4 gap=18.7 (face=9.4mm) n=[455, 305, 430, 750, 72, 384, 737]  no evaluation (geometry pre-check)
  [  23] INFEAS f=3772.826  a=30.1 b=179.6 gap=28.0 (face=27.9mm) n=[646, 459, 855, 454, 580, 792, 667]  no evaluation (geometry pre-check)
  [  24] OK     f=   3.256  a=42.2 b=200.3 gap=21.9 (face=15.7mm) n=[458, 692, 663, 534, 250, 281, 624]  tape=3.256km B=11.48T unif=0.083% hoop=307MPa
  [  25] INFEAS f=2970.203  a=31.2 b=187.3 gap=26.1 (face=24.2mm) n=[863, 359, 626, 704, 558, 78, 860]  no evaluation (geometry pre-check)
  [  26] viol   f=   8.858  a=61.2 b=160.8 gap=19.1 (face=10.2mm) n=[435, 208, 851, 247, 478, 425, 749]  tape=2.868km B=8.27T unif=0.279% hoop=400MPa
  [  27] viol   f=  24.552  a=58.4 b=166.1 gap=32.4 (face=36.9mm) n=[355, 474, 359, 816, 140, 488, 406]  tape=2.638km B=6.69T unif=0.166% hoop=348MPa
  [  28] INFEAS f=1030.342  a=32.3 b=183.4 gap=20.0 (face=12.1mm) n=[794, 498, 674, 430, 222, 339, 791]  no evaluation (geometry pre-check)
  [  29] INFEAS f=2860.724  a=27.4 b=174.7 gap=30.6 (face=33.2mm) n=[760, 631, 699, 495, 170, 104, 666]  no evaluation (geometry pre-check)
  [  30] viol   f=   4.102  a=62.7 b=181.9 gap=30.2 (face=32.4mm) n=[880, 614, 857, 347, 378, 568, 677]  tape=3.968km B=9.74T unif=0.168% hoop=400MPa
  [  31] viol   f=  23.106  a=74.1 b=172.5 gap=25.9 (face=23.8mm) n=[546, 143, 678, 736, 371, 50, 480]  tape=2.704km B=6.81T unif=0.286% hoop=400MPa
  [  32] viol   f=   3.650  a=62.9 b=158.1 gap=25.0 (face=22.1mm) n=[894, 376, 801, 669, 417, 280, 549]  tape=3.324km B=9.60T unif=0.292% hoop=400MPa
  [  33] OK     f=   2.949  a=59.8 b=143.5 gap=15.9 (face=3.9mm) n=[799, 676, 786, 122, 329, 416, 828]  tape=2.949km B=10.70T unif=0.442% hoop=400MPa
  [  34] viol   f=  22.984  a=65.5 b=158.3 gap=23.9 (face=19.8mm) n=[575, 423, 306, 487, 188, 228, 641]  tape=2.344km B=6.79T unif=0.310% hoop=373MPa
  [  35] OK     f=   4.003  a=62.0 b=184.9 gap=17.2 (face=6.3mm) n=[900, 693, 839, 501, 207, 464, 704]  tape=4.003km B=10.14T unif=0.291% hoop=400MPa
  [  36] OK     f=   3.171  a=33.5 b=169.6 gap=18.5 (face=8.9mm) n=[629, 647, 569, 455, 263, 612, 795]  tape=3.171km B=14.54T unif=0.195% hoop=307MPa
  [  37] viol   f=   3.038  a=56.5 b=148.7 gap=17.7 (face=7.4mm) n=[560, 479, 895, 562, 82, 414, 874]  tape=3.001km B=9.86T unif=0.284% hoop=400MPa
  [  38] OK     f=   3.985  a=50.9 b=165.1 gap=25.4 (face=22.8mm) n=[714, 602, 891, 757, 473, 577, 879]  tape=3.985km B=12.88T unif=0.196% hoop=400MPa
  [  39] INFEAS f=17967.537  a=21.9 b=152.8 gap=17.0 (face=6.0mm) n=[833, 664, 787, 529, 285, 219, 746]  no evaluation (geometry pre-check)
  [  40] OK     f=   3.368  a=37.3 b=172.4 gap=20.2 (face=12.5mm) n=[596, 411, 737, 748, 583, 412, 708]  tape=3.368km B=14.70T unif=0.172% hoop=312MPa
  [  41] viol   f=  17.508  a=86.7 b=135.5 gap=16.8 (face=5.6mm) n=[886, 495, 743, 565, 276, 549, 736]  tape=3.368km B=7.34T unif=0.650% hoop=400MPa
  [  42] OK     f=   3.322  a=44.9 b=172.3 gap=19.7 (face=11.4mm) n=[520, 344, 895, 213, 364, 854, 748]  tape=3.322km B=11.75T unif=0.285% hoop=372MPa
  [  43] viol   f=   8.532  a=37.2 b=147.0 gap=15.6 (face=3.2mm) n=[674, 436, 895, 660, 173, 589, 846]  tape=3.077km B=15.36T unif=1.165% hoop=363MPa
  [  44] OK     f=   3.140  a=47.9 b=163.1 gap=16.6 (face=5.2mm) n=[335, 674, 875, 358, 265, 491, 857]  tape=3.140km B=11.86T unif=0.109% hoop=397MPa
  [  45] OK     f=   3.044  a=66.2 b=123.7 gap=17.0 (face=6.1mm) n=[554, 761, 872, 557, 386, 423, 859]  tape=3.044km B=10.16T unif=0.638% hoop=400MPa
  [  46] OK     f=   2.281  a=51.0 b=127.6 gap=16.8 (face=5.7mm) n=[819, 428, 676, 68, 245, 315, 839]  tape=2.281km B=10.87T unif=0.498% hoop=360MPa
  [  47] viol   f=  36.320  a=77.7 b=138.4 gap=21.5 (face=14.9mm) n=[249, 314, 740, 296, 292, 467, 656]  tape=2.369km B=5.88T unif=0.492% hoop=400MPa
  [  48] viol   f=   3.377  a=55.3 b=170.3 gap=15.7 (face=3.4mm) n=[895, 442, 588, 60, 337, 349, 771]  tape=2.992km B=9.56T unif=0.354% hoop=400MPa
  [  49] OK     f=   3.501  a=53.3 b=153.6 gap=17.1 (face=6.2mm) n=[722, 685, 828, 708, 152, 514, 899]  tape=3.501km B=12.32T unif=0.299% hoop=400MPa
  [  50] viol   f=  12.403  a=70.7 b=173.9 gap=23.9 (face=19.8mm) n=[714, 731, 783, 97, 140, 498, 900]  tape=3.483km B=7.89T unif=0.259% hoop=400MPa
  [  51] OK     f=   2.055  a=39.3 b=106.4 gap=21.2 (face=14.3mm) n=[476, 421, 890, 426, 207, 270, 886]  tape=2.055km B=11.09T unif=0.907% hoop=330MPa
  [  52] OK     f=   3.039  a=56.7 b=158.2 gap=18.3 (face=8.5mm) n=[846, 378, 848, 243, 298, 287, 868]  tape=3.039km B=10.61T unif=0.303% hoop=400MPa
  [  53] INFEAS f=18477.393  a=24.2 b=124.8 gap=19.6 (face=11.2mm) n=[900, 50, 677, 303, 158, 171, 475]  no evaluation (geometry pre-check)
  [  54] viol   f=  18.344  a=66.2 b=143.9 gap=19.9 (face=11.7mm) n=[295, 481, 153, 526, 324, 480, 459]  tape=2.037km B=7.14T unif=0.417% hoop=400MPa
  [  55] viol   f=   2.520  a=49.2 b=150.6 gap=19.2 (face=10.3mm) n=[797, 128, 769, 75, 71, 383, 756]  tape=2.224km B=9.62T unif=0.267% hoop=253MPa
  [  56] INFEAS f=3376.288  a=28.5 b=204.4 gap=23.0 (face=18.0mm) n=[550, 222, 803, 86, 115, 82, 606]  no evaluation (geometry pre-check)
  [  57] viol   f=  12.757  a=56.5 b=175.1 gap=17.6 (face=7.2mm) n=[775, 423, 420, 53, 185, 391, 796]  tape=2.676km B=7.75T unif=0.255% hoop=400MPa
  [  58] viol   f=  10.788  a=69.3 b=129.6 gap=15.7 (face=3.3mm) n=[337, 654, 739, 409, 367, 257, 887]  tape=2.704km B=7.99T unif=0.572% hoop=400MPa
  [  59] INFEAS f=4378.812  a=27.1 b=131.0 gap=15.8 (face=3.7mm) n=[159, 199, 661, 614, 416, 791, 682]  no evaluation (geometry pre-check)
  [  60] INFEAS f=3026.414  a=32.5 b=142.8 gap=15.7 (face=3.4mm) n=[815, 251, 900, 380, 57, 498, 359]  no evaluation (geometry pre-check)
  [  61] OK     f=   2.298  a=53.6 b=104.6 gap=15.9 (face=3.9mm) n=[897, 422, 854, 61, 871, 82, 898]  tape=2.298km B=14.23T unif=0.773% hoop=375MPa
  [  62] viol   f=  15.896  a=42.9 b=106.8 gap=25.7 (face=23.4mm) n=[291, 110, 866, 205, 95, 126, 884]  tape=1.490km B=7.32T unif=0.546% hoop=194MPa
  [  63] viol   f=   2.629  a=54.3 b=152.4 gap=15.7 (face=3.4mm) n=[879, 65, 480, 296, 188, 571, 853]  tape=2.620km B=9.93T unif=0.369% hoop=365MPa
  [  64] viol   f=  11.192  a=38.4 b=132.7 gap=16.6 (face=5.1mm) n=[420, 269, 900, 116, 72, 219, 811]  tape=1.911km B=9.35T unif=1.205% hoop=283MPa
  [  65] OK     f=   2.316  a=38.7 b=124.3 gap=20.0 (face=12.0mm) n=[797, 244, 890, 471, 304, 103, 858]  tape=2.316km B=12.70T unif=0.912% hoop=286MPa
  [  66] viol   f=   2.605  a=45.5 b=127.9 gap=24.5 (face=21.1mm) n=[290, 553, 773, 252, 519, 164, 881]  tape=2.325km B=9.63T unif=0.297% hoop=307MPa
  [  67] viol   f=   2.931  a=45.9 b=166.2 gap=28.4 (face=28.8mm) n=[900, 298, 783, 78, 531, 481, 432]  tape=2.916km B=9.91T unif=0.180% hoop=324MPa
  [  68] INFEAS f=1313.403  a=30.9 b=108.7 gap=24.2 (face=20.4mm) n=[199, 141, 700, 367, 195, 766, 790]  no evaluation (geometry pre-check)
  [  69] OK     f=   2.367  a=39.7 b=138.9 gap=21.1 (face=14.3mm) n=[760, 50, 684, 532, 158, 294, 899]  tape=2.367km B=10.80T unif=0.205% hoop=261MPa
  [  70] viol   f=   2.493  a=36.9 b=140.1 gap=26.9 (face=25.9mm) n=[795, 94, 887, 82, 109, 371, 772]  tape=2.141km B=9.58T unif=0.685% hoop=185MPa
  [  71] OK     f=   1.877  a=39.4 b=111.1 gap=16.1 (face=4.1mm) n=[499, 214, 816, 277, 809, 76, 534]  tape=1.877km B=11.77T unif=0.967% hoop=312MPa
  [  72] INFEAS f=54958.462  a=13.6 b=118.1 gap=15.6 (face=3.1mm) n=[871, 690, 562, 526, 79, 295, 732]  no evaluation (geometry pre-check)
  [  73] INFEAS f=5723.582  a=29.9 b=142.2 gap=16.5 (face=5.0mm) n=[856, 144, 892, 410, 440, 382, 892]  no evaluation (geometry pre-check)
  [  74] OK     f=   2.034  a=44.4 b=104.6 gap=21.3 (face=14.5mm) n=[766, 494, 719, 98, 363, 535, 686]  tape=2.034km B=12.62T unif=0.418% hoop=317MPa
  [  75] viol   f=   3.306  a=36.8 b=111.2 gap=17.0 (face=6.0mm) n=[614, 220, 896, 581, 89, 281, 683]  tape=1.990km B=12.18T unif=1.081% hoop=286MPa
  [  76] OK     f=   1.826  a=49.2 b=86.8 gap=20.4 (face=12.9mm) n=[796, 97, 617, 875, 416, 57, 817]  tape=1.826km B=12.59T unif=0.872% hoop=318MPa
  [  77] viol   f= 157.924  a=59.3 b=81.9 gap=15.6 (face=3.3mm) n=[881, 366, 617, 239, 327, 226, 429]  tape=1.671km B=10.08T unif=1.884% hoop=400MPa
  [  78] viol   f= 133.574  a=33.3 b=148.5 gap=22.8 (face=17.6mm) n=[776, 246, 785, 487, 513, 244, 783]  tape=2.701km B=13.68T unif=1.809% hoop=256MPa
  [  79] INFEAS f=2388.162  a=33.1 b=149.5 gap=29.7 (face=31.4mm) n=[744, 170, 630, 201, 462, 103, 898]  no evaluation (geometry pre-check)
  [  80] INFEAS f=4445.350  a=31.2 b=119.5 gap=16.3 (face=4.5mm) n=[659, 273, 900, 512, 888, 76, 575]  no evaluation (geometry pre-check)
  [  81] viol   f=   3.911  a=54.9 b=116.9 gap=19.8 (face=11.5mm) n=[741, 341, 317, 312, 604, 524, 437]  tape=2.116km B=9.05T unif=0.595% hoop=400MPa
  [  82] INFEAS f=41269.620  a=71.9 b=45.2 gap=16.9 (face=5.9mm) n=[800, 166, 221, 596, 483, 356, 465]  no evaluation (geometry pre-check)
  [  83] OK     f=   2.472  a=53.0 b=129.1 gap=18.6 (face=9.3mm) n=[605, 399, 859, 188, 281, 448, 776]  tape=2.472km B=10.48T unif=0.407% hoop=399MPa
  [  84] OK     f=   2.046  a=52.9 b=111.3 gap=22.2 (face=16.4mm) n=[896, 279, 893, 541, 212, 107, 359]  tape=2.046km B=10.56T unif=0.608% hoop=323MPa
  [  85] INFEAS f=24606.780  a=58.4 b=39.1 gap=18.9 (face=9.7mm) n=[401, 751, 607, 87, 683, 176, 900]  no evaluation (geometry pre-check)
  [  86] viol   f=  21.048  a=85.1 b=117.8 gap=16.5 (face=4.9mm) n=[802, 542, 776, 138, 421, 226, 450]  tape=2.399km B=6.95T unif=0.959% hoop=400MPa
  [  87] viol   f=  25.916  a=74.1 b=93.6 gap=20.9 (face=13.8mm) n=[851, 151, 671, 768, 316, 207, 422]  tape=2.022km B=9.11T unif=1.334% hoop=400MPa
  [  88] INFEAS f=151013.676  a=-0.0 b=135.3 gap=17.2 (face=6.5mm) n=[824, 57, 572, 435, 442, 640, 896]  no evaluation (geometry pre-check)
  [  89] viol   f=   1.695  a=56.0 b=89.8 gap=19.4 (face=10.9mm) n=[661, 271, 756, 327, 140, 147, 826]  tape=1.682km B=9.92T unif=0.986% hoop=335MPa
  [  90] OK     f=   2.023  a=51.9 b=93.5 gap=19.5 (face=10.9mm) n=[864, 343, 244, 890, 532, 154, 696]  tape=2.023km B=12.33T unif=0.937% hoop=343MPa
  [  91] viol   f=   6.613  a=65.4 b=109.8 gap=19.5 (face=10.9mm) n=[632, 471, 665, 373, 328, 62, 839]  tape=2.175km B=8.51T unif=0.757% hoop=400MPa
  [  92] OK     f=   2.748  a=58.8 b=115.2 gap=18.5 (face=9.0mm) n=[642, 750, 766, 563, 634, 288, 782]  tape=2.748km B=12.08T unif=0.683% hoop=400MPa
  [  93] OK     f=   2.082  a=46.3 b=116.6 gap=15.5 (face=3.0mm) n=[578, 758, 704, 287, 278, 232, 534]  tape=2.082km B=12.21T unif=0.604% hoop=381MPa
  [  94] viol   f=   4.078  a=72.5 b=114.6 gap=22.7 (face=17.5mm) n=[495, 758, 827, 334, 380, 436, 723]  tape=2.654km B=9.16T unif=0.752% hoop=400MPa
  [  95] viol   f=   1.916  a=52.3 b=63.2 gap=22.4 (face=16.7mm) n=[898, 79, 682, 787, 133, 182, 889]  tape=1.486km B=13.42T unif=1.046% hoop=297MPa
  [  96] viol   f=   4.178  a=68.3 b=115.5 gap=20.6 (face=13.1mm) n=[677, 244, 887, 418, 555, 149, 726]  tape=2.474km B=9.08T unif=0.710% hoop=400MPa
  [  97] viol   f=   4.729  a=53.6 b=60.3 gap=16.6 (face=5.1mm) n=[393, 168, 311, 236, 811, 111, 419]  tape=1.081km B=8.65T unif=0.792% hoop=330MPa
  [  98] viol   f=   9.178  a=56.7 b=132.0 gap=15.7 (face=3.5mm) n=[726, 394, 295, 341, 484, 148, 454]  tape=2.037km B=8.11T unif=0.546% hoop=400MPa
  [  99] OK     f=   2.026  a=45.2 b=108.4 gap=18.0 (face=8.0mm) n=[762, 141, 749, 623, 115, 271, 844]  tape=2.026km B=12.13T unif=0.534% hoop=304MPa
  [ 100] viol   f=   7.337  a=57.2 b=82.2 gap=22.6 (face=17.3mm) n=[604, 894, 716, 707, 85, 397, 684]  tape=2.077km B=12.75T unif=1.162% hoop=400MPa
  [ 101] viol   f=  11.625  a=51.7 b=80.5 gap=23.8 (face=19.6mm) n=[435, 82, 476, 408, 99, 320, 829]  tape=1.356km B=7.73T unif=0.650% hoop=310MPa
  [ 102] OK     f=   2.573  a=45.5 b=124.3 gap=28.3 (face=28.7mm) n=[743, 454, 885, 685, 216, 212, 767]  tape=2.573km B=11.04T unif=0.428% hoop=323MPa
  [ 103] OK     f=   2.449  a=67.9 b=108.7 gap=20.5 (face=13.0mm) n=[685, 73, 817, 759, 828, 56, 830]  tape=2.449km B=11.02T unif=0.830% hoop=400MPa
  [ 104] viol   f=  55.127  a=50.8 b=78.7 gap=17.9 (face=7.9mm) n=[877, 488, 761, 431, 159, 488, 662]  tape=1.882km B=14.00T unif=1.516% hoop=400MPa
  [ 105] viol   f= 366.558  a=48.5 b=69.2 gap=15.5 (face=3.0mm) n=[891, 212, 504, 387, 210, 345, 618]  tape=1.471km B=12.33T unif=2.351% hoop=368MPa
  [ 106] OK     f=   1.737  a=50.0 b=96.1 gap=17.1 (face=6.3mm) n=[824, 107, 789, 697, 103, 54, 733]  tape=1.737km B=12.15T unif=0.973% hoop=297MPa
  [ 107] viol   f=  15.913  a=35.4 b=63.0 gap=18.0 (face=8.0mm) n=[692, 76, 793, 611, 492, 222, 837]  tape=1.389km B=15.29T unif=1.269% hoop=259MPa
  [ 108] OK     f=   2.554  a=56.4 b=124.6 gap=24.1 (face=20.1mm) n=[892, 83, 797, 491, 190, 547, 796]  tape=2.554km B=10.82T unif=0.463% hoop=361MPa
  [ 109] viol   f=  30.889  a=53.7 b=84.7 gap=19.8 (face=11.5mm) n=[900, 154, 418, 453, 155, 390, 202]  tape=1.463km B=8.94T unif=1.369% hoop=376MPa
  [ 110] viol   f=  30.604  a=78.6 b=91.7 gap=18.0 (face=8.0mm) n=[680, 310, 886, 846, 269, 525, 591]  tape=2.451km B=9.65T unif=1.374% hoop=400MPa
  [ 111] OK     f=   2.604  a=48.0 b=131.7 gap=25.6 (face=23.1mm) n=[778, 325, 891, 846, 88, 230, 685]  tape=2.604km B=11.47T unif=0.348% hoop=285MPa
  [ 112] viol   f=   9.744  a=66.2 b=78.0 gap=24.6 (face=21.2mm) n=[828, 557, 785, 899, 435, 65, 696]  tape=2.149km B=12.39T unif=1.195% hoop=400MPa
  [ 113] OK     f=   2.505  a=42.5 b=124.0 gap=29.4 (face=30.7mm) n=[428, 147, 892, 827, 216, 766, 643]  tape=2.505km B=10.43T unif=0.454% hoop=256MPa
  [ 114] viol   f=  14.284  a=59.1 b=83.7 gap=19.1 (face=10.2mm) n=[831, 205, 876, 750, 270, 238, 900]  tape=2.068km B=13.52T unif=1.247% hoop=393MPa
  [ 115] OK     f=   2.432  a=62.3 b=107.4 gap=24.6 (face=21.2mm) n=[899, 212, 890, 845, 205, 131, 884]  tape=2.432km B=11.79T unif=0.711% hoop=349MPa
  [ 116] viol   f=   2.633  a=64.4 b=103.9 gap=21.9 (face=15.8mm) n=[823, 83, 768, 558, 494, 234, 334]  tape=2.022km B=9.45T unif=0.944% hoop=400MPa
  [ 117] viol   f=  20.622  a=77.8 b=86.5 gap=22.3 (face=16.6mm) n=[655, 101, 897, 705, 433, 185, 551]  tape=2.058km B=9.10T unif=1.291% hoop=400MPa
  [ 118] viol   f=  14.497  a=74.8 b=115.4 gap=23.9 (face=19.7mm) n=[393, 262, 768, 827, 76, 54, 553]  tape=2.000km B=7.50T unif=0.731% hoop=366MPa
  [ 119] OK     f=   2.563  a=47.8 b=128.8 gap=20.2 (face=12.5mm) n=[456, 706, 536, 777, 497, 54, 830]  tape=2.563km B=12.01T unif=0.313% hoop=388MPa
  [ 120] viol   f=   8.164  a=60.0 b=109.3 gap=25.5 (face=23.0mm) n=[228, 424, 723, 439, 502, 55, 669]  tape=1.875km B=8.23T unif=0.595% hoop=359MPa
  [ 121] OK     f=   3.328  a=62.9 b=147.9 gap=21.7 (face=15.5mm) n=[778, 453, 787, 747, 489, 125, 896]  tape=3.328km B=10.31T unif=0.340% hoop=400MPa
  [ 122] OK     f=   2.772  a=58.4 b=117.3 gap=25.5 (face=23.0mm) n=[736, 570, 805, 895, 208, 232, 888]  tape=2.772km B=11.76T unif=0.491% hoop=394MPa
  [ 123] viol   f=  83.765  a=84.4 b=93.4 gap=16.0 (face=3.9mm) n=[889, 236, 664, 633, 356, 194, 475]  tape=2.185km B=7.55T unif=1.590% hoop=400MPa
  [ 124] OK     f=   2.588  a=56.4 b=113.1 gap=23.8 (face=19.7mm) n=[793, 80, 894, 788, 292, 478, 876]  tape=2.588km B=12.34T unif=0.515% hoop=363MPa
  [ 125] OK     f=   2.093  a=57.4 b=98.1 gap=16.2 (face=4.4mm) n=[562, 116, 849, 890, 177, 451, 587]  tape=2.093km B=11.32T unif=0.987% hoop=400MPa
  [ 126] OK     f=   2.727  a=50.2 b=140.2 gap=18.9 (face=9.8mm) n=[712, 53, 872, 793, 266, 238, 895]  tape=2.727km B=11.90T unif=0.332% hoop=335MPa
  [ 127] viol   f=  10.477  a=92.3 b=125.8 gap=31.1 (face=34.2mm) n=[870, 418, 806, 900, 331, 162, 897]  tape=3.274km B=8.10T unif=0.596% hoop=400MPa
  [ 128] viol   f=   3.005  a=85.7 b=93.0 gap=32.4 (face=36.8mm) n=[858, 77, 817, 859, 504, 707, 641]  tape=2.657km B=9.58T unif=0.737% hoop=400MPa
  [ 129] OK     f=   2.690  a=48.5 b=137.9 gap=24.1 (face=20.1mm) n=[524, 76, 775, 731, 473, 324, 875]  tape=2.690km B=10.65T unif=0.214% hoop=330MPa
  [ 130] viol   f=   3.826  a=69.4 b=105.4 gap=24.2 (face=20.5mm) n=[900, 144, 387, 886, 85, 70, 804]  tape=2.024km B=9.05T unif=0.822% hoop=324MPa
  [ 131] viol   f= 217.430  a=40.4 b=86.2 gap=15.7 (face=3.4mm) n=[892, 156, 749, 711, 261, 587, 894]  tape=2.023km B=17.01T unif=2.038% hoop=326MPa
  [ 132] OK     f=   2.100  a=46.9 b=102.6 gap=18.9 (face=9.7mm) n=[670, 118, 899, 841, 251, 307, 600]  tape=2.100km B=12.62T unif=0.574% hoop=324MPa
  [ 133] OK     f=   2.779  a=64.8 b=116.8 gap=19.6 (face=11.1mm) n=[849, 373, 623, 900, 348, 249, 874]  tape=2.779km B=10.93T unif=0.672% hoop=400MPa
  [ 134] viol   f=   2.888  a=52.8 b=159.1 gap=18.0 (face=8.0mm) n=[890, 59, 530, 705, 370, 265, 374]  tape=2.634km B=9.64T unif=0.353% hoop=377MPa
  [ 135] OK     f=   2.684  a=54.2 b=124.8 gap=19.3 (face=10.5mm) n=[809, 563, 665, 880, 274, 67, 798]  tape=2.684km B=12.15T unif=0.479% hoop=400MPa
  [ 136] viol   f=   9.841  a=57.1 b=126.3 gap=30.0 (face=31.9mm) n=[412, 147, 692, 509, 142, 600, 887]  tape=2.369km B=8.07T unif=0.313% hoop=337MPa
  [ 137] OK     f=   2.771  a=49.3 b=127.7 gap=34.9 (face=41.8mm) n=[697, 332, 620, 565, 755, 719, 567]  tape=2.771km B=10.31T unif=0.341% hoop=319MPa
  [ 138] INFEAS f=21673.097  a=23.1 b=105.7 gap=25.7 (face=23.5mm) n=[838, 517, 798, 893, 315, 900, 847]  no evaluation (geometry pre-check)
  [ 139] OK     f=   2.827  a=53.9 b=135.9 gap=15.9 (face=3.7mm) n=[834, 245, 726, 734, 131, 642, 720]  tape=2.827km B=12.62T unif=0.472% hoop=400MPa
  [ 140] INFEAS f=43602.342  a=16.8 b=113.1 gap=16.2 (face=4.4mm) n=[747, 132, 653, 890, 620, 500, 641]  no evaluation (geometry pre-check)
  [ 141] OK     f=   2.197  a=48.8 b=111.7 gap=25.4 (face=22.8mm) n=[515, 314, 800, 676, 273, 474, 536]  tape=2.197km B=10.32T unif=0.486% hoop=316MPa
  [ 142] OK     f=   2.399  a=59.3 b=128.0 gap=17.0 (face=5.9mm) n=[718, 237, 834, 736, 137, 115, 726]  tape=2.399km B=10.53T unif=0.551% hoop=395MPa
  [ 143] OK     f=   3.069  a=68.6 b=109.5 gap=31.3 (face=34.6mm) n=[807, 576, 865, 899, 400, 445, 893]  tape=3.069km B=11.26T unif=0.542% hoop=400MPa
  [ 144] OK     f=   2.197  a=38.0 b=96.8 gap=19.3 (face=10.5mm) n=[900, 331, 584, 869, 414, 422, 632]  tape=2.197km B=15.55T unif=0.785% hoop=367MPa
  [ 145] viol   f=  48.555  a=38.5 b=130.4 gap=18.4 (face=8.8mm) n=[900, 155, 637, 898, 204, 155, 861]  tape=2.457km B=14.04T unif=1.480% hoop=272MPa
  [ 146] viol   f=   1.957  a=52.5 b=84.9 gap=16.5 (face=5.0mm) n=[469, 96, 671, 810, 822, 213, 776]  tape=1.892km B=13.49T unif=1.018% hoop=373MPa
  [ 147] viol   f=  13.256  a=83.6 b=97.0 gap=22.2 (face=16.3mm) n=[598, 318, 553, 675, 429, 247, 849]  tape=2.342km B=7.66T unif=0.964% hoop=400MPa
  [ 148] OK     f=   2.037  a=50.8 b=106.0 gap=16.0 (face=4.0mm) n=[866, 73, 799, 886, 77, 318, 500]  tape=2.037km B=12.69T unif=0.820% hoop=333MPa
  [ 149] OK     f=   2.445  a=53.5 b=110.2 gap=31.1 (face=34.2mm) n=[662, 279, 744, 767, 470, 599, 585]  tape=2.445km B=10.85T unif=0.440% hoop=337MPa
  [ 150] viol   f=  12.562  a=79.2 b=119.8 gap=19.0 (face=9.9mm) n=[727, 135, 721, 580, 63, 389, 698]  tape=2.272km B=7.73T unif=0.808% hoop=400MPa
  [ 151] OK     f=   2.115  a=51.0 b=101.1 gap=17.7 (face=7.4mm) n=[871, 469, 536, 879, 73, 106, 884]  tape=2.115km B=13.12T unif=0.734% hoop=389MPa
  [ 152] OK     f=   1.985  a=51.7 b=99.1 gap=16.6 (face=5.1mm) n=[565, 313, 787, 788, 197, 129, 821]  tape=1.985km B=12.15T unif=0.796% hoop=387MPa
  [ 153] OK     f=   2.300  a=43.5 b=102.9 gap=15.7 (face=3.3mm) n=[735, 268, 845, 675, 518, 452, 623]  tape=2.300km B=15.22T unif=0.626% hoop=385MPa
  [ 154] INFEAS f=3670.823  a=31.8 b=99.9 gap=15.5 (face=3.0mm) n=[289, 269, 360, 900, 773, 102, 820]  no evaluation (geometry pre-check)
  [ 155] viol   f=   6.738  a=61.3 b=128.3 gap=26.1 (face=24.2mm) n=[622, 229, 552, 661, 274, 198, 637]  tape=2.166km B=8.49T unif=0.462% hoop=349MPa
  [ 156] OK     f=   0.971  a=38.3 b=53.9 gap=16.0 (face=4.0mm) n=[156, 163, 386, 874, 774, 85, 217]  tape=0.971km B=11.21T unif=0.710% hoop=222MPa
  [ 157] OK     f=   2.132  a=44.5 b=106.6 gap=15.5 (face=3.0mm) n=[770, 86, 575, 655, 680, 349, 699]  tape=2.132km B=14.22T unif=0.669% hoop=355MPa
  [ 158] OK     f=   2.185  a=40.3 b=95.6 gap=15.6 (face=3.3mm) n=[866, 285, 898, 781, 50, 565, 899]  tape=2.185km B=17.39T unif=0.957% hoop=329MPa
  [ 159] viol   f= 189.867  a=51.3 b=66.3 gap=15.8 (face=3.7mm) n=[818, 91, 898, 891, 282, 241, 441]  tape=1.560km B=15.11T unif=1.970% hoop=345MPa
  [ 160] INFEAS f=2290.546  a=33.3 b=97.9 gap=16.9 (face=5.7mm) n=[898, 878, 594, 735, 374, 535, 663]  no evaluation (geometry pre-check)
  [ 161] viol   f=  33.913  a=50.9 b=69.4 gap=15.6 (face=3.2mm) n=[278, 281, 841, 459, 629, 357, 645]  tape=1.592km B=12.24T unif=1.402% hoop=400MPa
  [ 162] OK     f=   1.286  a=42.5 b=60.9 gap=16.3 (face=4.6mm) n=[110, 373, 150, 893, 499, 647, 448]  tape=1.286km B=11.80T unif=0.820% hoop=296MPa
  [ 163] viol   f=  14.987  a=45.9 b=117.1 gap=15.5 (face=3.0mm) n=[59, 372, 97, 641, 506, 71, 442]  tape=1.344km B=7.39T unif=0.557% hoop=237MPa
  [ 164] INFEAS f=12364.230  a=26.5 b=60.5 gap=17.3 (face=6.6mm) n=[467, 158, 440, 897, 717, 349, 638]  no evaluation (geometry pre-check)
  [ 165] INFEAS f=1420.394  a=30.9 b=60.9 gap=17.1 (face=6.2mm) n=[313, 114, 398, 795, 87, 274, 721]  no evaluation (geometry pre-check)
  [ 166] viol   f=   1.628  a=50.9 b=93.1 gap=16.0 (face=4.0mm) n=[65, 437, 564, 630, 807, 184, 295]  tape=1.628km B=9.99T unif=0.925% hoop=358MPa
  [ 167] viol   f=  17.774  a=63.4 b=117.7 gap=15.5 (face=3.0mm) n=[375, 398, 467, 703, 230, 470, 300]  tape=1.975km B=7.19T unif=0.709% hoop=400MPa
  [ 168] OK     f=   1.526  a=41.5 b=75.6 gap=15.5 (face=3.1mm) n=[533, 434, 298, 483, 501, 77, 900]  tape=1.526km B=11.19T unif=0.980% hoop=394MPa
  [ 169] viol   f=  62.408  a=50.9 b=72.5 gap=15.8 (face=3.6mm) n=[591, 406, 657, 832, 113, 670, 404]  tape=1.679km B=13.29T unif=1.551% hoop=400MPa
  [ 170] OK     f=   2.107  a=54.2 b=113.0 gap=17.0 (face=6.0mm) n=[653, 186, 628, 475, 93, 575, 789]  tape=2.107km B=10.42T unif=0.628% hoop=388MPa
  [ 171] OK     f=   1.878  a=47.6 b=98.6 gap=15.6 (face=3.1mm) n=[637, 169, 316, 721, 592, 369, 698]  tape=1.878km B=12.28T unif=0.752% hoop=348MPa
  [ 172] INFEAS f=2581.743  a=32.8 b=92.3 gap=21.9 (face=15.8mm) n=[673, 249, 895, 887, 604, 69, 761]  no evaluation (geometry pre-check)
  [ 173] INFEAS f=3922.226  a=48.4 b=44.9 gap=15.5 (face=3.0mm) n=[139, 409, 276, 739, 867, 147, 641]  no evaluation (geometry pre-check)
  [ 174] INFEAS f=14707.590  a=14.9 b=48.8 gap=16.2 (face=4.4mm) n=[154, 77, 350, 300, 614, 293, 136]  no evaluation (geometry pre-check)
  [ 175] INFEAS f=6783.699  a=24.7 b=56.2 gap=18.9 (face=9.7mm) n=[688, 271, 293, 770, 369, 296, 516]  no evaluation (geometry pre-check)
  [ 176] OK     f=   1.256  a=36.9 b=93.3 gap=17.0 (face=5.9mm) n=[166, 483, 450, 414, 324, 491, 306]  tape=1.256km B=10.83T unif=0.735% hoop=251MPa
  [ 177] INFEAS f=19866.271  a=63.2 b=46.5 gap=15.9 (face=3.9mm) n=[163, 74, 87, 552, 782, 340, 269]  no evaluation (geometry pre-check)
  [ 178] viol   f=   2.109  a=59.6 b=106.9 gap=16.0 (face=4.1mm) n=[183, 129, 139, 870, 528, 800, 651]  tape=2.026km B=9.80T unif=0.737% hoop=360MPa
  [ 179] viol   f=  36.765  a=56.3 b=76.4 gap=15.6 (face=3.2mm) n=[131, 97, 456, 730, 472, 385, 530]  tape=1.363km B=9.53T unif=1.418% hoop=361MPa
  [ 180] OK     f=   1.162  a=42.2 b=58.4 gap=15.6 (face=3.1mm) n=[469, 118, 250, 900, 480, 95, 547]  tape=1.162km B=11.06T unif=0.970% hoop=281MPa
  [ 181] INFEAS f=27989.688  a=46.9 b=25.9 gap=27.3 (face=26.6mm) n=[154, 470, 195, 667, 633, 417, 599]  no evaluation (geometry pre-check)
  [ 182] viol   f=   1.983  a=63.5 b=70.7 gap=18.6 (face=9.2mm) n=[159, 122, 548, 383, 694, 854, 302]  tape=1.505km B=9.51T unif=0.946% hoop=357MPa
  [ 183] viol   f=  45.971  a=43.1 b=72.7 gap=15.7 (face=3.4mm) n=[507, 333, 416, 650, 77, 388, 463]  tape=1.223km B=11.28T unif=1.473% hoop=324MPa
  [ 184] viol   f=   7.569  a=42.1 b=75.7 gap=15.6 (face=3.2mm) n=[176, 512, 518, 658, 279, 535, 602]  tape=1.411km B=12.90T unif=1.175% hoop=326MPa
  [ 185] INFEAS f=9024.410  a=52.8 b=43.6 gap=16.9 (face=5.8mm) n=[437, 153, 775, 666, 837, 133, 568]  no evaluation (geometry pre-check)
  [ 186] INFEAS f=8616.989  a=32.5 b=24.9 gap=18.1 (face=8.2mm) n=[66, 322, 112, 877, 727, 259, 217]  no evaluation (geometry pre-check)
  [ 187] viol   f=  67.268  a=57.7 b=88.3 gap=15.6 (face=3.1mm) n=[757, 104, 788, 520, 76, 383, 120]  tape=1.455km B=9.67T unif=1.573% hoop=333MPa
  [ 188] INFEAS f=1134.144  a=33.7 b=66.4 gap=15.6 (face=3.2mm) n=[75, 660, 138, 849, 299, 142, 525]  no evaluation (geometry pre-check)
  [ 189] OK     f=   1.617  a=40.0 b=86.5 gap=18.5 (face=8.9mm) n=[448, 500, 343, 365, 272, 862, 335]  tape=1.617km B=10.31T unif=0.758% hoop=398MPa
  [ 190] OK     f=   1.444  a=37.1 b=64.9 gap=23.2 (face=18.3mm) n=[510, 233, 410, 700, 547, 197, 899]  tape=1.444km B=11.41T unif=0.524% hoop=268MPa
  [ 191] viol   f=  11.704  a=41.8 b=72.2 gap=19.5 (face=11.1mm) n=[803, 91, 349, 733, 91, 630, 510]  tape=1.373km B=12.49T unif=1.227% hoop=246MPa
  [ 192] OK     f=   1.687  a=49.8 b=98.2 gap=15.6 (face=3.1mm) n=[538, 85, 321, 517, 555, 482, 645]  tape=1.687km B=10.68T unif=0.829% hoop=362MPa
  [ 193] viol   f= 115.930  a=51.5 b=66.2 gap=15.9 (face=3.7mm) n=[190, 226, 658, 823, 527, 193, 273]  tape=1.292km B=10.92T unif=1.757% hoop=310MPa
  [ 194] viol   f=  19.858  a=47.5 b=77.9 gap=17.6 (face=7.1mm) n=[237, 626, 305, 51, 623, 505, 176]  tape=1.145km B=9.40T unif=1.300% hoop=260MPa
  [ 195] INFEAS f=1414.197  a=27.0 b=79.3 gap=34.9 (face=41.8mm) n=[619, 97, 609, 548, 335, 98, 691]  no evaluation (geometry pre-check)
  [ 196] INFEAS f=3793.413  a=33.8 b=32.0 gap=16.0 (face=4.0mm) n=[399, 131, 900, 743, 294, 395, 816]  no evaluation (geometry pre-check)
  [ 197] INFEAS f=37465.419  a=59.9 b=34.7 gap=17.8 (face=7.6mm) n=[89, 106, 561, 346, 829, 550, 480]  no evaluation (geometry pre-check)
  [ 198] viol   f=   2.126  a=31.8 b=125.6 gap=15.5 (face=3.1mm) n=[317, 175, 271, 474, 442, 375, 246]  tape=1.385km B=9.39T unif=0.330% hoop=218MPa
  [ 199] INFEAS f=5526.392  a=25.6 b=91.0 gap=15.5 (face=3.0mm) n=[773, 119, 137, 356, 681, 351, 724]  no evaluation (geometry pre-check)
  [ 200] viol   f=  12.904  a=60.3 b=94.9 gap=17.2 (face=6.3mm) n=[382, 92, 490, 376, 152, 349, 873]  tape=1.623km B=7.62T unif=0.799% hoop=397MPa
  [ 201] viol   f=   4.584  a=47.1 b=106.3 gap=15.9 (face=3.7mm) n=[586, 238, 91, 267, 419, 428, 503]  tape=1.441km B=8.75T unif=0.713% hoop=306MPa
  [ 202] viol   f=  11.233  a=49.3 b=125.5 gap=15.5 (face=3.0mm) n=[434, 217, 156, 393, 281, 440, 863]  tape=1.940km B=7.84T unif=0.391% hoop=381MPa
  [ 203] INFEAS f=1286.326  a=31.3 b=103.9 gap=16.7 (face=5.4mm) n=[237, 235, 798, 463, 655, 374, 796]  no evaluation (geometry pre-check)
  [ 204] OK     f=   2.120  a=47.5 b=115.4 gap=15.8 (face=3.5mm) n=[309, 359, 50, 634, 612, 606, 832]  tape=2.120km B=10.60T unif=0.452% hoop=355MPa
  [ 205] viol   f=  19.596  a=39.7 b=98.6 gap=17.0 (face=5.9mm) n=[363, 82, 169, 202, 517, 108, 844]  tape=1.280km B=6.97T unif=0.566% hoop=237MPa
  [ 206] viol   f=  15.467  a=42.9 b=73.1 gap=15.5 (face=3.1mm) n=[463, 413, 116, 823, 477, 324, 473]  tape=1.421km B=11.48T unif=1.265% hoop=364MPa
  [ 207] OK     f=   1.308  a=38.9 b=80.9 gap=16.2 (face=4.3mm) n=[474, 219, 148, 580, 491, 524, 582]  tape=1.308km B=11.92T unif=0.930% hoop=255MPa
  [ 208] viol   f=   3.829  a=48.9 b=77.3 gap=15.7 (face=3.3mm) n=[502, 350, 301, 246, 382, 212, 808]  tape=1.389km B=9.08T unif=1.061% hoop=400MPa
  [ 209] OK     f=   1.835  a=43.3 b=92.4 gap=15.5 (face=3.0mm) n=[777, 257, 575, 498, 176, 422, 823]  tape=1.835km B=12.97T unif=0.891% hoop=352MPa
  [ 210] viol   f= 126.403  a=55.1 b=76.9 gap=15.5 (face=3.0mm) n=[496, 711, 394, 645, 233, 314, 557]  tape=1.592km B=11.51T unif=1.790% hoop=400MPa
  [ 211] viol   f=   2.413  a=59.7 b=104.4 gap=16.4 (face=4.8mm) n=[339, 259, 336, 854, 428, 806, 327]  tape=2.066km B=9.58T unif=0.779% hoop=400MPa
  [ 212] OK     f=   2.312  a=39.5 b=123.8 gap=16.1 (face=4.3mm) n=[499, 123, 364, 819, 372, 637, 837]  tape=2.312km B=12.17T unif=0.759% hoop=332MPa
  [ 213] viol   f=   1.546  a=46.4 b=89.7 gap=15.5 (face=3.1mm) n=[196, 283, 106, 878, 453, 166, 876]  tape=1.539km B=9.94T unif=0.766% hoop=283MPa
  [ 214] INFEAS f=1126.912  a=51.0 b=54.2 gap=20.1 (face=12.2mm) n=[58, 213, 461, 309, 483, 735, 534]  no evaluation (geometry pre-check)
  [ 215] viol   f=  17.807  a=54.7 b=126.8 gap=16.4 (face=4.8mm) n=[340, 390, 104, 136, 460, 412, 626]  tape=1.671km B=7.16T unif=0.459% hoop=367MPa
  [ 216] INFEAS f=5375.727  a=30.2 b=50.9 gap=16.4 (face=4.8mm) n=[233, 227, 259, 118, 295, 100, 894]  no evaluation (geometry pre-check)
  [ 217] OK     f=   2.307  a=55.8 b=125.8 gap=16.7 (face=5.5mm) n=[721, 165, 435, 557, 477, 392, 701]  tape=2.307km B=10.06T unif=0.535% hoop=400MPa
  [ 218] OK     f=   2.644  a=50.5 b=127.9 gap=16.1 (face=4.2mm) n=[880, 611, 437, 342, 353, 385, 856]  tape=2.644km B=11.32T unif=0.497% hoop=400MPa
  [ 219] viol   f=  37.502  a=54.7 b=116.1 gap=24.2 (face=20.4mm) n=[570, 100, 63, 376, 59, 199, 900]  tape=1.503km B=5.76T unif=0.373% hoop=233MPa
  [ 220] INFEAS f=8158.566  a=28.7 b=87.9 gap=15.7 (face=3.4mm) n=[440, 302, 278, 656, 602, 460, 900]  no evaluation (geometry pre-check)
  [ 221] viol   f=   7.133  a=59.9 b=134.0 gap=16.3 (face=4.5mm) n=[102, 498, 211, 732, 169, 646, 633]  tape=2.131km B=8.42T unif=0.454% hoop=361MPa
  [ 222] viol   f=   8.791  a=55.6 b=79.8 gap=16.2 (face=4.4mm) n=[698, 295, 154, 832, 530, 598, 850]  tape=1.933km B=13.21T unif=1.185% hoop=400MPa
  [ 223] OK     f=   1.541  a=37.8 b=98.0 gap=16.4 (face=4.8mm) n=[446, 168, 545, 476, 520, 460, 503]  tape=1.541km B=12.42T unif=0.640% hoop=269MPa
  [ 224] viol   f=   4.658  a=67.6 b=134.2 gap=17.2 (face=6.4mm) n=[318, 785, 573, 863, 225, 344, 702]  tape=2.830km B=9.04T unif=0.532% hoop=400MPa
  [ 225] viol   f=   2.097  a=48.2 b=99.0 gap=15.8 (face=3.7mm) n=[443, 93, 98, 505, 606, 471, 816]  tape=1.711km B=9.56T unif=0.661% hoop=340MPa
  [ 226] INFEAS f=1101.910  a=35.4 b=152.1 gap=15.7 (face=3.3mm) n=[710, 78, 303, 851, 236, 778, 890]  no evaluation (geometry pre-check)
  [ 227] OK     f=   2.680  a=40.5 b=151.1 gap=15.6 (face=3.3mm) n=[309, 541, 142, 882, 716, 190, 802]  tape=2.680km B=11.92T unif=0.390% hoop=315MPa
  [ 228] OK     f=   2.409  a=41.5 b=120.4 gap=15.6 (face=3.2mm) n=[545, 340, 824, 730, 320, 610, 465]  tape=2.409km B=13.74T unif=0.253% hoop=378MPa
  [ 229] viol   f=   1.669  a=50.5 b=93.5 gap=16.6 (face=5.2mm) n=[125, 337, 103, 758, 404, 546, 745]  tape=1.608km B=9.83T unif=0.768% hoop=310MPa
  [ 230] viol   f=   3.133  a=46.4 b=58.3 gap=16.5 (face=5.1mm) n=[101, 243, 53, 568, 742, 83, 534]  tape=0.903km B=8.94T unif=0.777% hoop=213MPa
  [ 231] OK     f=   1.980  a=40.0 b=87.6 gap=15.6 (face=3.2mm) n=[354, 393, 403, 679, 666, 502, 900]  tape=1.980km B=12.51T unif=0.708% hoop=400MPa
  [ 232] OK     f=   1.649  a=30.2 b=120.7 gap=15.5 (face=3.0mm) n=[353, 51, 285, 642, 367, 450, 653]  tape=1.649km B=10.66T unif=0.436% hoop=228MPa
  [ 233] OK     f=   2.020  a=53.9 b=115.3 gap=15.5 (face=3.0mm) n=[216, 313, 183, 611, 677, 622, 679]  tape=2.020km B=10.33T unif=0.565% hoop=352MPa
  [ 234] OK     f=   2.290  a=50.1 b=96.7 gap=19.2 (face=10.5mm) n=[378, 408, 408, 854, 506, 710, 880]  tape=2.290km B=11.90T unif=0.602% hoop=400MPa
  [ 235] viol   f=   4.644  a=54.7 b=151.3 gap=15.5 (face=3.0mm) n=[452, 271, 209, 303, 858, 446, 874]  tape=2.697km B=9.01T unif=0.257% hoop=400MPa
  [ 236] viol   f=   7.152  a=64.5 b=120.4 gap=17.0 (face=5.9mm) n=[644, 286, 567, 510, 50, 529, 760]  tape=2.246km B=8.43T unif=0.645% hoop=400MPa
  [ 237] viol   f=   2.145  a=40.0 b=109.5 gap=15.7 (face=3.4mm) n=[416, 279, 250, 530, 499, 66, 702]  tape=1.589km B=9.47T unif=0.472% hoop=322MPa
  [ 238] OK     f=   1.948  a=44.6 b=98.7 gap=15.6 (face=3.2mm) n=[360, 253, 118, 867, 643, 590, 685]  tape=1.948km B=11.85T unif=0.715% hoop=327MPa
  [ 239] OK     f=   2.005  a=41.7 b=118.3 gap=15.6 (face=3.2mm) n=[579, 368, 476, 415, 705, 136, 618]  tape=2.005km B=11.79T unif=0.415% hoop=351MPa
  [ 240] INFEAS f=1438.486  a=34.7 b=67.6 gap=15.5 (face=3.0mm) n=[418, 79, 582, 897, 639, 657, 541]  no evaluation (geometry pre-check)
  [ 241] INFEAS f=3882.098  a=31.1 b=115.1 gap=18.6 (face=9.3mm) n=[258, 254, 415, 587, 527, 638, 886]  no evaluation (geometry pre-check)
  [ 242] INFEAS f=1012.403  a=34.8 b=119.3 gap=16.9 (face=5.8mm) n=[329, 81, 199, 839, 503, 348, 858]  no evaluation (geometry pre-check)
  [ 243] OK     f=   1.736  a=56.2 b=91.8 gap=17.0 (face=5.9mm) n=[53, 153, 123, 764, 899, 861, 373]  tape=1.736km B=10.29T unif=0.886% hoop=292MPa
  [ 244] INFEAS f=2175.556  a=30.2 b=112.9 gap=16.3 (face=4.6mm) n=[414, 196, 234, 813, 700, 643, 445]  no evaluation (geometry pre-check)
  [ 245] OK     f=   2.045  a=45.2 b=123.3 gap=16.1 (face=4.2mm) n=[354, 50, 309, 662, 690, 350, 773]  tape=2.045km B=10.28T unif=0.344% hoop=307MPa
  [ 246] viol   f=   6.085  a=56.3 b=106.8 gap=15.6 (face=3.2mm) n=[349, 63, 80, 685, 495, 395, 764]  tape=1.709km B=8.52T unif=0.699% hoop=340MPa
  [ 247] OK     f=   1.686  a=51.3 b=92.0 gap=15.7 (face=3.4mm) n=[580, 155, 512, 743, 369, 151, 689]  tape=1.686km B=10.94T unif=0.995% hoop=375MPa
  [ 248] viol   f=   1.708  a=52.6 b=76.9 gap=17.4 (face=6.7mm) n=[289, 131, 241, 750, 889, 549, 549]  tape=1.667km B=11.36T unif=1.014% hoop=348MPa
  [ 249] INFEAS f=3966.962  a=31.5 b=88.0 gap=16.3 (face=4.7mm) n=[50, 85, 73, 687, 758, 897, 784]  no evaluation (geometry pre-check)
  [ 250] OK     f=   1.652  a=36.1 b=82.7 gap=15.5 (face=3.0mm) n=[291, 248, 116, 712, 622, 726, 857]  tape=1.652km B=12.92T unif=0.806% hoop=291MPa
  [ 251] OK     f=   1.828  a=46.2 b=98.4 gap=16.0 (face=3.9mm) n=[408, 168, 108, 751, 566, 507, 820]  tape=1.828km B=10.95T unif=0.669% hoop=317MPa
  [ 252] OK     f=   1.638  a=46.4 b=81.1 gap=15.8 (face=3.5mm) n=[367, 276, 267, 605, 483, 566, 790]  tape=1.638km B=11.39T unif=0.955% hoop=381MPa
  [ 253] viol   f=   2.766  a=50.4 b=78.1 gap=17.0 (face=6.1mm) n=[97, 88, 233, 482, 651, 472, 856]  tape=1.415km B=9.18T unif=0.779% hoop=304MPa
  [ 254] viol   f=   4.520  a=42.1 b=92.6 gap=15.8 (face=3.6mm) n=[302, 97, 338, 408, 522, 187, 527]  tape=1.179km B=8.71T unif=0.742% hoop=262MPa
  [ 255] viol   f=   2.306  a=47.6 b=97.9 gap=15.7 (face=3.4mm) n=[179, 183, 111, 571, 784, 294, 900]  tape=1.702km B=9.45T unif=0.678% hoop=352MPa
  [ 256] OK     f=   1.212  a=39.6 b=60.7 gap=16.1 (face=4.3mm) n=[55, 302, 210, 662, 800, 690, 467]  tape=1.212km B=12.12T unif=0.913% hoop=235MPa
  [ 257] viol   f=   1.715  a=44.3 b=104.0 gap=15.7 (face=3.4mm) n=[243, 225, 60, 547, 751, 383, 763]  tape=1.670km B=9.85T unif=0.534% hoop=321MPa
  [ 258] OK     f=   1.782  a=55.4 b=82.1 gap=15.5 (face=3.0mm) n=[229, 228, 107, 773, 514, 893, 776]  tape=1.782km B=10.82T unif=0.982% hoop=400MPa
  [ 259] viol   f=   2.092  a=40.3 b=110.4 gap=15.9 (face=3.8mm) n=[281, 172, 289, 700, 474, 267, 889]  tape=1.866km B=9.66T unif=0.446% hoop=305MPa
  [ 260] viol   f=   2.209  a=65.9 b=92.0 gap=15.8 (face=3.6mm) n=[172, 134, 385, 627, 869, 856, 590]  tape=2.056km B=10.39T unif=1.028% hoop=400MPa
  [ 261] INFEAS f=1748.087  a=34.0 b=63.2 gap=16.3 (face=4.6mm) n=[79, 244, 180, 596, 652, 896, 510]  no evaluation (geometry pre-check)
  [ 262] OK     f=   1.940  a=37.6 b=102.8 gap=17.1 (face=6.1mm) n=[100, 339, 201, 790, 899, 794, 411]  tape=1.940km B=12.18T unif=0.608% hoop=270MPa
  [ 263] OK     f=   1.560  a=38.7 b=73.0 gap=15.6 (face=3.2mm) n=[463, 295, 333, 651, 704, 450, 771]  tape=1.560km B=14.08T unif=0.921% hoop=345MPa
  [ 264] INFEAS f=2444.429  a=53.4 b=52.4 gap=15.6 (face=3.3mm) n=[135, 233, 173, 890, 557, 473, 897]  no evaluation (geometry pre-check)
  [ 265] viol   f=   2.705  a=44.8 b=80.2 gap=15.8 (face=3.5mm) n=[187, 282, 128, 688, 672, 446, 445]  tape=1.324km B=10.57T unif=1.083% hoop=318MPa
  [ 266] viol   f=   7.251  a=54.9 b=77.6 gap=18.1 (face=8.2mm) n=[271, 609, 145, 884, 623, 330, 554]  tape=1.717km B=11.29T unif=1.166% hoop=370MPa
  [ 267] viol   f=  21.033  a=54.1 b=76.1 gap=16.0 (face=4.1mm) n=[404, 355, 256, 678, 729, 585, 648]  tape=1.696km B=12.37T unif=1.311% hoop=400MPa
  [ 268] OK     f=   1.411  a=37.6 b=73.5 gap=16.2 (face=4.4mm) n=[329, 154, 189, 603, 585, 766, 727]  tape=1.411km B=12.37T unif=0.865% hoop=250MPa
  [ 269] OK     f=   1.664  a=45.3 b=92.4 gap=19.6 (face=11.2mm) n=[384, 129, 313, 601, 700, 603, 527]  tape=1.664km B=10.87T unif=0.655% hoop=300MPa
  [ 270] OK     f=   1.773  a=43.7 b=86.8 gap=16.4 (face=4.8mm) n=[197, 436, 295, 585, 450, 734, 829]  tape=1.773km B=11.74T unif=0.818% hoop=349MPa
  [ 271] viol   f=   2.120  a=48.5 b=82.5 gap=15.5 (face=3.1mm) n=[287, 433, 300, 682, 697, 468, 626]  tape=1.660km B=12.60T unif=1.048% hoop=389MPa
  [ 272] OK     f=   2.080  a=45.6 b=109.1 gap=16.6 (face=5.1mm) n=[364, 164, 224, 536, 697, 765, 811]  tape=2.080km B=11.39T unif=0.525% hoop=322MPa
  [ 273] OK     f=   1.776  a=41.7 b=101.4 gap=15.5 (face=3.1mm) n=[272, 54, 179, 810, 543, 558, 832]  tape=1.776km B=11.12T unif=0.483% hoop=296MPa
  [ 274] INFEAS f=4720.391  a=31.0 b=76.7 gap=15.5 (face=3.0mm) n=[152, 289, 219, 635, 811, 648, 900]  no evaluation (geometry pre-check)
  [ 275] viol   f=   1.355  a=39.4 b=65.1 gap=15.7 (face=3.4mm) n=[371, 362, 97, 593, 580, 488, 811]  tape=1.350km B=12.40T unif=1.005% hoop=371MPa
  [ 276] viol   f=   1.619  a=42.7 b=78.0 gap=15.6 (face=3.2mm) n=[388, 398, 79, 513, 656, 378, 590]  tape=1.340km B=11.25T unif=1.037% hoop=355MPa
  [ 277] viol   f=   2.080  a=53.0 b=80.3 gap=16.1 (face=4.2mm) n=[517, 218, 140, 460, 304, 519, 885]  tape=1.582km B=9.50T unif=0.906% hoop=386MPa
  [ 278] OK     f=   1.967  a=49.3 b=87.3 gap=16.7 (face=5.4mm) n=[96, 483, 264, 897, 669, 750, 660]  tape=1.967km B=12.82T unif=0.785% hoop=358MPa
  [ 279] OK     f=   1.304  a=40.2 b=70.5 gap=16.5 (face=5.1mm) n=[114, 331, 244, 570, 650, 725, 496]  tape=1.304km B=11.82T unif=0.948% hoop=271MPa
  [ 280] OK     f=   1.426  a=36.8 b=87.2 gap=15.7 (face=3.5mm) n=[56, 53, 117, 689, 575, 732, 820]  tape=1.426km B=10.89T unif=0.748% hoop=220MPa
  [ 281] viol   f=   1.251  a=35.5 b=66.0 gap=15.9 (face=3.8mm) n=[120, 249, 74, 425, 805, 761, 624]  tape=1.193km B=11.69T unif=1.017% hoop=230MPa  [a=78 b=195 nt=3210] KSP converged reason: 4, iterations: 1
  [a=47 b=177 nt=3916] KSP converged reason: 4, iterations: 1
  [a=61 b=161 nt=3393] KSP converged reason: 4, iterations: 1
  [a=60 b=144 nt=3956] KSP converged reason: 4, iterations: 1
  [a=87 b=136 nt=4250] KSP converged reason: 4, iterations: 1
  [a=39 b=106 nt=3576] KSP converged reason: 4, iterations: 1
  [a=54 b=105 nt=4085] KSP converged reason: 4, iterations: 1
  [a=49 b=87 nt=3675] KSP converged reason: 4, iterations: 1
  [a=74 b=94 nt=3386] KSP converged reason: 4, iterations: 1
  [a=46 b=117 nt=3371] KSP converged reason: 4, iterations: 1
  [a=57 b=82 nt=4087] KSP converged reason: 4, iterations: 1
  [a=50 b=96 nt=3307] KSP converged reason: 4, iterations: 1
  [a=54 b=85 nt=2672] KSP converged reason: 4, iterations: 1
  [a=43 b=124 nt=3919] KSP converged reason: 4, iterations: 1
  [a=48 b=129 nt=3856] KSP converged reason: 4, iterations: 1
  [a=50 b=140 nt=3829] KSP converged reason: 4, iterations: 1
  [a=48 b=138 nt=3778] KSP converged reason: 4, iterations: 1
  [a=54 b=125 nt=4056] KSP converged reason: 4, iterations: 1
  [a=38 b=97 nt=4152] KSP converged reason: 4, iterations: 1
  [a=51 b=106 nt=3519] KSP converged reason: 4, iterations: 1
  [a=44 b=103 nt=4116] KSP converged reason: 4, iterations: 1
  [a=42 b=61 nt=3120] KSP converged reason: 4, iterations: 1
  [a=51 b=72 nt=3673] KSP converged reason: 4, iterations: 1
  [a=56 b=76 nt=2801] KSP converged reason: 4, iterations: 1
  [a=42 b=76 nt=3280] KSP converged reason: 4, iterations: 1
  [a=60 b=95 nt=2714] KSP converged reason: 4, iterations: 1
  [a=49 b=125 nt=2784] KSP converged reason: 4, iterations: 1
  [a=55 b=77 nt=3350] KSP converged reason: 4, iterations: 1
  [a=50 b=128 nt=3864] KSP converged reason: 4, iterations: 1
  [a=68 b=134 nt=3810] KSP converged reason: 4, iterations: 1
  [a=30 b=121 nt=2801] KSP converged reason: 4, iterations: 1
  [a=40 b=109 nt=2742] KSP converged reason: 4, iterations: 1
  [a=51 b=92 nt=3199] KSP converged reason: 4, iterations: 1
  [a=48 b=98 nt=3022] KSP converged reason: 4, iterations: 1
  [a=55 b=82 nt=3520] KSP converged reason: 4, iterations: 1
  [a=45 b=80 nt=2848] KSP converged reason: 4, iterations: 1
  [a=45 b=92 nt=3257] KSP converged reason: 4, iterations: 1
  [a=53 b=80 nt=3043] KSP converged reason: 4, iterations: 1
  [a=49 b=87 nt=3819] KSP converged reason: 4, iterations: 1
  [a=31 b=64 nt=3183] KSP converged reason: 4, iterations: 1
  [a=45 b=79 nt=3338] KSP converged reason: 4, iterations: 1
  [a=39 b=72 nt=2990] KSP converged reason: 4, iterations: 1
  [a=42 b=75 nt=4137] KSP converged reason: 4, iterations: 1
  [a=38 b=61 nt=2590] KSP converged reason: 4, iterations: 1
  [a=72 b=154 nt=3565] KSP converged reason: 4, iterations: 1
  [a=49 b=179 nt=3928] KSP converged reason: 4, iterations: 1
  [a=38 b=161 nt=3587] KSP converged reason: 4, iterations: 1
  [a=58 b=166 nt=3038] KSP converged reason: 4, iterations: 1
  [a=63 b=158 nt=3986] KSP converged reason: 4, iterations: 1
  [a=37 b=172 nt=4195] KSP converged reason: 4, iterations: 1
  [a=51 b=128 nt=3390] KSP converged reason: 4, iterations: 1
  [a=78 b=138 nt=3014] KSP converged reason: 4, iterations: 1
  [a=57 b=175 nt=3043] KSP converged reason: 4, iterations: 1
  [a=54 b=152 nt=3332] KSP converged reason: 4, iterations: 1
  [a=39 b=111 nt=3225] KSP converged reason: 4, iterations: 1
  [a=53 b=111 nt=3287] KSP converged reason: 4, iterations: 1
  [a=65 b=110 nt=3370] KSP converged reason: 4, iterations: 1
  [a=57 b=132 nt=2842] KSP converged reason: 4, iterations: 1
  [a=51 b=79 nt=3866] KSP converged reason: 4, iterations: 1
  [a=79 b=92 nt=4107] KSP converged reason: 4, iterations: 1
  [a=64 b=104 nt=3294] KSP converged reason: 4, iterations: 1
  [a=78 b=86 nt=3527] KSP converged reason: 4, iterations: 1
  [a=84 b=93 nt=3447] KSP converged reason: 4, iterations: 1
  [a=92 b=126 nt=4384] KSP converged reason: 4, iterations: 1
  [a=53 b=159 nt=3193] KSP converged reason: 4, iterations: 1
  [a=49 b=112 nt=3588] KSP converged reason: 4, iterations: 1
  [a=84 b=97 nt=3669] KSP converged reason: 4, iterations: 1
  [a=38 b=54 nt=2655] KSP converged reason: 4, iterations: 1
  [a=40 b=96 nt=4344] KSP converged reason: 4, iterations: 1
  [a=63 b=118 nt=2943] KSP converged reason: 4, iterations: 1
  [a=42 b=58 nt=2859] KSP converged reason: 4, iterations: 1
  [a=43 b=73 nt=2834] KSP converged reason: 4, iterations: 1
  [a=32 b=126 nt=2300] KSP converged reason: 4, iterations: 1
  [a=39 b=81 nt=3018] KSP converged reason: 4, iterations: 1
  [a=60 b=104 nt=3349] KSP converged reason: 4, iterations: 1
  [a=60 b=134 nt=2991] KSP converged reason: 4, iterations: 1
  [a=46 b=58 nt=2324] KSP converged reason: 4, iterations: 1
  [a=50 b=97 nt=4144] KSP converged reason: 4, iterations: 1
  [a=56 b=107 nt=2831] KSP converged reason: 4, iterations: 1
  [a=50 b=78 nt=2879] KSP converged reason: 4, iterations: 1
  [a=44 b=104 nt=2972] KSP converged reason: 4, iterations: 1
  [a=39 b=73 nt=3667] KSP converged reason: 4, iterations: 1
  [a=42 b=101 nt=3248] KSP converged reason: 4, iterations: 1
  [a=37 b=87 nt=3042] KSP converged reason: 4, iterations: 1
  [a=46 b=84 nt=3112] KSP converged reason: 4, iterations: 1
  [a=33 b=77 nt=3328] KSP converged reason: 4, iterations: 1
  [a=38 b=66 nt=3469] KSP converged reason: 4, iterations: 1
  [a=78 b=168 nt=3089] KSP converged reason: 4, iterations: 1
  [a=55 b=156 nt=4040] KSP converged reason: 4, iterations: 1
  [a=43 b=153 nt=4106] KSP converged reason: 4, iterations: 1
  [a=66 b=158 nt=2848] KSP converged reason: 4, iterations: 1
  [a=56 b=149 nt=3866] KSP converged reason: 4, iterations: 1
  [a=48 b=163 nt=3855] KSP converged reason: 4, iterations: 1
  [a=53 b=154 nt=4508] KSP converged reason: 4, iterations: 1
  [a=69 b=130 nt=3650] KSP converged reason: 4, iterations: 1
  [a=38 b=133 nt=2807] KSP converged reason: 4, iterations: 1
  [a=40 b=139 nt=3377] KSP converged reason: 4, iterations: 1
  [a=44 b=105 nt=3661] KSP converged reason: 4, iterations: 1
  [a=56 b=90 nt=3128] KSP converged reason: 4, iterations: 1
  [a=52 b=93 nt=3723] KSP converged reason: 4, iterations: 1
  [a=68 b=116 nt=3656] KSP converged reason: 4, iterations: 1
  [a=45 b=108 nt=3505] KSP converged reason: 4, iterations: 1
  [a=48 b=69 nt=3167] KSP converged reason: 4, iterations: 1
  [a=56 b=125 nt=3796] KSP converged reason: 4, iterations: 1
  [a=62 b=107 nt=4066] KSP converged reason: 4, iterations: 1
  [a=63 b=148 nt=4275] KSP converged reason: 4, iterations: 1
  [a=47 b=103 nt=3686] KSP converged reason: 4, iterations: 1
  [a=54 b=136 nt=4032] KSP converged reason: 4, iterations: 1
  [a=38 b=130 nt=3810] KSP converged reason: 4, iterations: 1
  [a=51 b=101 nt=3818] KSP converged reason: 4, iterations: 1
  [a=51 b=69 nt=3490] KSP converged reason: 4, iterations: 1
  [a=64 b=71 nt=3062] KSP converged reason: 4, iterations: 1
  [a=42 b=72 nt=3207] KSP converged reason: 4, iterations: 1
  [a=47 b=115 nt=3402] KSP converged reason: 4, iterations: 1
  [a=40 b=124 nt=3651] KSP converged reason: 4, iterations: 1
  [a=38 b=98 nt=3118] KSP converged reason: 4, iterations: 1
  [a=54 b=115 nt=3301] KSP converged reason: 4, iterations: 1
  [a=45 b=123 nt=3188] KSP converged reason: 4, iterations: 1
  [a=40 b=61 nt=3186] KSP converged reason: 4, iterations: 1
  [a=40 b=110 nt=3072] KSP converged reason: 4, iterations: 1
  [a=38 b=74 nt=3353] KSP converged reason: 4, iterations: 1
  [a=48 b=82 nt=3493] KSP converged reason: 4, iterations: 1
  [a=42 b=90 nt=3210] KSP converged reason: 4, iterations: 1
  [a=40 b=81 nt=2496] KSP converged reason: 4, iterations: 1
  [a=48 b=91 nt=2741] KSP converged reason: 4, iterations: 1
  [a=47 b=156 nt=3398] KSP converged reason: 4, iterations: 1
  [a=58 b=185 nt=3913] KSP converged reason: 4, iterations: 1
  [a=79 b=183 nt=4176] KSP converged reason: 4, iterations: 1
  [a=74 b=173 nt=3004] KSP converged reason: 4, iterations: 1
  [a=51 b=165 nt=4893] KSP converged reason: 4, iterations: 1
  [a=66 b=124 nt=4412] KSP converged reason: 4, iterations: 1
  [a=57 b=158 nt=3768] KSP converged reason: 4, iterations: 1
  [a=39 b=124 nt=3667] KSP converged reason: 4, iterations: 1
  [a=37 b=111 nt=3364] KSP converged reason: 4, iterations: 1
  [a=53 b=129 nt=3556] KSP converged reason: 4, iterations: 1
  [a=72 b=115 nt=3953] KSP converged reason: 4, iterations: 1
  [a=52 b=81 nt=2649] KSP converged reason: 4, iterations: 1
  [a=35 b=63 nt=3723] KSP converged reason: 4, iterations: 1
  [a=59 b=84 nt=4070] KSP converged reason: 4, iterations: 1
  [a=75 b=115 nt=2933] KSP converged reason: 4, iterations: 1
  [a=56 b=113 nt=4201] KSP converged reason: 4, iterations: 1
  [a=69 b=105 nt=3276] KSP converged reason: 4, iterations: 1
  [a=65 b=117 nt=4216] KSP converged reason: 4, iterations: 1
  [a=69 b=109 nt=4885] KSP converged reason: 4, iterations: 1
  [a=52 b=99 nt=3600] KSP converged reason: 4, iterations: 1
  [a=51 b=66 nt=3662] KSP converged reason: 4, iterations: 1
  [a=51 b=93 nt=2982] KSP converged reason: 4, iterations: 1
  [a=37 b=93 nt=2634] KSP converged reason: 4, iterations: 1
  [a=37 b=65 nt=3496] KSP converged reason: 4, iterations: 1
  [a=51 b=66 nt=2890] KSP converged reason: 4, iterations: 1
  [a=47 b=106 nt=2532] KSP converged reason: 4, iterations: 1
  [a=46 b=90 nt=2958] KSP converged reason: 4, iterations: 1
  [a=55 b=116 nt=2267] KSP converged reason: 4, iterations: 1
  [a=41 b=151 nt=3582] KSP converged reason: 4, iterations: 1
  [a=40 b=88 nt=3897] KSP converged reason: 4, iterations: 1
  [a=45 b=99 nt=3516] KSP converged reason: 4, iterations: 1
  [a=36 b=83 nt=3572] KSP converged reason: 4, iterations: 1
  [a=42 b=93 nt=2381] KSP converged reason: 4, iterations: 1
  [a=38 b=103 nt=3534] KSP converged reason: 4, iterations: 1
  [a=46 b=109 nt=3561] KSP converged reason: 4, iterations: 1
  [a=58 b=84 nt=2892] KSP converged reason: 4, iterations: 1
  [a=37 b=93 nt=3411] KSP converged reason: 4, iterations: 1
  [a=35 b=64 nt=3362] KSP converged reason: 4, iterations: 1
  [a=37 b=66 nt=3694] KSP converged reason: 4, iterations: 1
  [a=63 b=167 nt=3850] KSP converged reason: 4, iterations: 1
  [a=60 b=150 nt=2906] KSP converged reason: 4, iterations: 1
  [a=68 b=133 nt=3981] KSP converged reason: 4, iterations: 1
  [a=42 b=200 nt=3502] KSP converged reason: 4, iterations: 1
  [a=34 b=170 nt=3970] KSP converged reason: 4, iterations: 1
  [a=45 b=172 nt=3938] KSP converged reason: 4, iterations: 1
  [a=55 b=170 nt=3442] KSP converged reason: 4, iterations: 1
  [a=66 b=144 nt=2718] KSP converged reason: 4, iterations: 1
  [a=46 b=128 nt=3432] KSP converged reason: 4, iterations: 1
  [a=37 b=140 nt=3110] KSP converged reason: 4, iterations: 1
  [a=33 b=149 nt=3834] KSP converged reason: 4, iterations: 1
  [a=85 b=118 nt=3355] KSP converged reason: 4, iterations: 1
  [a=52 b=63 nt=3650] KSP converged reason: 4, iterations: 1
  [a=54 b=60 nt=2449] KSP converged reason: 4, iterations: 1
  [a=68 b=109 nt=4048] KSP converged reason: 4, iterations: 1
  [a=66 b=78 nt=4265] KSP converged reason: 4, iterations: 1
  [a=60 b=109 nt=3040] KSP converged reason: 4, iterations: 1
  [a=57 b=98 nt=3632] KSP converged reason: 4, iterations: 1
  [a=86 b=93 nt=4463] KSP converged reason: 4, iterations: 1
  [a=57 b=126 nt=3389] KSP converged reason: 4, iterations: 1
  [a=49 b=128 nt=4255] KSP converged reason: 4, iterations: 1
  [a=53 b=85 nt=3857] KSP converged reason: 4, iterations: 1
  [a=79 b=120 nt=3313] KSP converged reason: 4, iterations: 1
  [a=61 b=128 nt=3173] KSP converged reason: 4, iterations: 1
  [a=41 b=76 nt=3226] KSP converged reason: 4, iterations: 1
  [a=48 b=99 nt=3502] KSP converged reason: 4, iterations: 1
  [a=40 b=87 nt=3125] KSP converged reason: 4, iterations: 1
  [a=50 b=98 nt=3143] KSP converged reason: 4, iterations: 1
  [a=43 b=73 nt=3089] KSP converged reason: 4, iterations: 1
  [a=43 b=92 nt=3528] KSP converged reason: 4, iterations: 1
  [a=56 b=126 nt=3448] KSP converged reason: 4, iterations: 1
  [a=48 b=99 nt=3032] KSP converged reason: 4, iterations: 1
  [a=41 b=120 nt=3834] KSP converged reason: 4, iterations: 1
  [a=64 b=120 nt=3346] KSP converged reason: 4, iterations: 1
  [a=42 b=118 nt=3297] KSP converged reason: 4, iterations: 1
  [a=53 b=77 nt=3398] KSP converged reason: 4, iterations: 1
  [a=46 b=98 nt=3328] KSP converged reason: 4, iterations: 1
  [a=54 b=76 nt=3655] KSP converged reason: 4, iterations: 1
  [a=39 b=65 nt=3302] KSP converged reason: 4, iterations: 1
  [a=40 b=71 nt=3130] KSP converged reason: 4, iterations: 1
  [a=49 b=70 nt=3387] KSP converged reason: 4, iterations: 1
  [a=31 b=65 nt=2852] KSP converged reason: 4, iterations: 1
  [a=40 b=66 nt=3489] KSP converged reason: 4, iterations: 1
  [a=49 b=83 nt=3198] KSP converged reason: 4, iterations: 1
  [a=64 b=157 nt=2823] KSP converged reason: 4, iterations: 1
  [a=37 b=160 nt=3988] KSP converged reason: 4, iterations: 1
  [a=42 b=154 nt=3165] KSP converged reason: 4, iterations: 1
  [a=63 b=182 nt=4321] KSP converged reason: 4, iterations: 1
  [a=62 b=185 nt=4308] KSP converged reason: 4, iterations: 1
  [a=37 b=147 nt=4273] KSP converged reason: 4, iterations: 1
  [a=71 b=174 nt=3863] KSP converged reason: 4, iterations: 1
  [a=49 b=151 nt=2979] KSP converged reason: 4, iterations: 1
  [a=43 b=107 nt=2577] KSP converged reason: 4, iterations: 1
  [a=46 b=166 nt=3503] KSP converged reason: 4, iterations: 1
  [a=59 b=82 nt=3085] KSP converged reason: 4, iterations: 1
  [a=55 b=117 nt=3276] KSP converged reason: 4, iterations: 1
  [a=59 b=115 nt=4425] KSP converged reason: 4, iterations: 1
  [a=46 b=124 nt=3962] KSP converged reason: 4, iterations: 1
  [a=48 b=132 nt=3843] KSP converged reason: 4, iterations: 1
  [a=58 b=117 nt=4334] KSP converged reason: 4, iterations: 1
  [a=40 b=86 nt=4250] KSP converged reason: 4, iterations: 1
  [a=59 b=128 nt=3503] KSP converged reason: 4, iterations: 1
  [a=53 b=110 nt=4106] KSP converged reason: 4, iterations: 1
  [a=44 b=107 nt=3814] KSP converged reason: 4, iterations: 1
  [a=46 b=117 nt=2188] KSP converged reason: 4, iterations: 1
  [a=54 b=113 nt=3399] KSP converged reason: 4, iterations: 1
  [a=60 b=107 nt=3300] KSP converged reason: 4, iterations: 1
  [a=58 b=88 nt=2748] KSP converged reason: 4, iterations: 1
  [a=48 b=78 nt=2523] KSP converged reason: 4, iterations: 1
  [a=40 b=99 nt=2285] KSP converged reason: 4, iterations: 1
  [a=49 b=77 nt=2801] KSP converged reason: 4, iterations: 1
  [a=55 b=127 nt=2468] KSP converged reason: 4, iterations: 1
  [a=56 b=80 nt=3957] KSP converged reason: 4, iterations: 1
  [a=51 b=93 nt=3018] KSP converged reason: 4, iterations: 1
  [a=55 b=151 nt=3413] KSP converged reason: 4, iterations: 1
  [a=56 b=92 nt=3226] KSP converged reason: 4, iterations: 1
  [a=46 b=81 nt=3354] KSP converged reason: 4, iterations: 1
  [a=66 b=92 nt=3633] KSP converged reason: 4, iterations: 1
  [a=55 b=78 nt=3416] KSP converged reason: 4, iterations: 1
  [a=44 b=87 nt=3526] KSP converged reason: 4, iterations: 1
  [a=43 b=78 nt=3002] KSP converged reason: 4, iterations: 1
  [a=36 b=66 nt=3058] KSP converged reason: 4, iterations: 1
  [a=41 b=101 nt=2296] KSP converged reason: 4, iterations: 1
  [a=36 b=81 nt=3246] KSP converged reason: 4, iterations: 1
  [a=40 b=84 nt=3617] KSP converged reason: 4, iterations: 1

  [ 282] OK     f=   1.585  a=42.5 b=89.7 gap=15.8 (face=3.5mm) n=[326, 162, 404, 417, 684, 606, 611]  tape=1.585km B=11.44T unif=0.685% hoop=362MPa
  [ 283] viol   f=   7.213  a=58.4 b=83.8 gap=15.6 (face=3.3mm) n=[264, 112, 121, 509, 705, 648, 533]  tape=1.469km B=9.43T unif=1.160% hoop=347MPa
  [ 284] OK     f=   1.509  a=48.7 b=70.3 gap=15.6 (face=3.1mm) n=[249, 417, 111, 454, 657, 822, 677]  tape=1.509km B=11.98T unif=0.981% hoop=347MPa
  [ 285] INFEAS f=1036.615  a=31.4 b=73.1 gap=16.4 (face=4.7mm) n=[310, 273, 316, 614, 751, 773, 624]  no evaluation (geometry pre-check)
  [ 286] viol   f=   1.481  a=30.6 b=63.8 gap=15.6 (face=3.2mm) n=[151, 558, 288, 494, 464, 505, 723]  tape=1.187km B=13.34T unif=1.038% hoop=245MPa
  [ 287] OK     f=   1.554  a=45.8 b=84.3 gap=15.7 (face=3.5mm) n=[292, 299, 248, 454, 483, 582, 754]  tape=1.554km B=10.06T unif=0.830% hoop=400MPa
  [ 288] viol   f=  12.261  a=40.5 b=101.3 gap=15.5 (face=3.0mm) n=[85, 153, 53, 420, 391, 688, 506]  tape=1.258km B=7.65T unif=0.499% hoop=254MPa
  [ 289] OK     f=   1.506  a=45.5 b=79.3 gap=16.9 (face=5.8mm) n=[66, 472, 108, 589, 679, 746, 678]  tape=1.506km B=11.98T unif=0.864% hoop=299MPa
  [ 290] OK     f=   1.734  a=37.3 b=93.1 gap=15.5 (face=3.1mm) n=[181, 369, 115, 640, 829, 641, 636]  tape=1.734km B=12.15T unif=0.713% hoop=271MPa
  [ 291] viol   f=   6.447  a=31.3 b=64.7 gap=16.3 (face=4.7mm) n=[96, 417, 77, 444, 681, 589, 548]  tape=1.047km B=11.63T unif=1.164% hoop=206MPa
  [ 292] viol   f=   3.809  a=33.3 b=77.3 gap=15.7 (face=3.3mm) n=[93, 354, 198, 651, 697, 613, 722]  tape=1.382km B=13.08T unif=1.110% hoop=227MPa
  [ 293] viol   f=   3.150  a=39.9 b=80.6 gap=15.6 (face=3.2mm) n=[174, 108, 72, 353, 651, 452, 686]  tape=1.136km B=9.00T unif=0.779% hoop=224MPa
  [ 294] INFEAS f=10641.918  a=25.5 b=47.6 gap=17.1 (face=6.1mm) n=[138, 299, 143, 400, 497, 848, 738]  no evaluation (geometry pre-check)
  [ 295] OK     f=   1.459  a=36.4 b=80.7 gap=15.9 (face=3.8mm) n=[51, 732, 61, 296, 676, 584, 846]  tape=1.459km B=12.29T unif=0.809% hoop=229MPa
  [ 296] viol   f=   1.905  a=35.4 b=64.3 gap=15.5 (face=3.0mm) n=[122, 620, 111, 295, 753, 681, 780]  tape=1.250km B=13.64T unif=1.057% hoop=226MPa
  [ 297] OK     f=   1.320  a=38.9 b=72.2 gap=15.9 (face=3.7mm) n=[313, 59, 297, 356, 589, 554, 822]  tape=1.320km B=10.51T unif=0.794% hoop=287MPa
  [ 298] OK     f=   1.376  a=39.9 b=66.2 gap=15.5 (face=3.1mm) n=[97, 393, 186, 478, 761, 807, 767]  tape=1.376km B=13.26T unif=0.836% hoop=275MPa
  [ 299] INFEAS f=2253.822  a=31.4 b=85.3 gap=18.5 (face=9.1mm) n=[208, 203, 99, 323, 429, 815, 846]  no evaluation (geometry pre-check)
  [ 300] viol   f=   5.299  a=41.8 b=75.0 gap=16.3 (face=4.5mm) n=[272, 368, 203, 829, 876, 898, 691]  tape=1.807km B=15.29T unif=1.132% hoop=322MPa
  [ 301] viol   f=   3.359  a=47.8 b=91.5 gap=16.2 (face=4.4mm) n=[188, 112, 97, 410, 604, 613, 717]  tape=1.417km B=9.01T unif=0.728% hoop=272MPa
  [ 302] OK     f=   1.778  a=40.3 b=84.4 gap=16.2 (face=4.3mm) n=[542, 64, 350, 528, 607, 638, 888]  tape=1.778km B=12.33T unif=0.794% hoop=337MPa
  [ 303] INFEAS f=8367.165  a=27.1 b=74.5 gap=15.6 (face=3.3mm) n=[114, 232, 239, 237, 860, 702, 775]  no evaluation (geometry pre-check)
  [ 304] INFEAS f=1010.994  a=36.0 b=98.1 gap=16.5 (face=5.1mm) n=[541, 283, 391, 240, 371, 500, 889]  no evaluation (geometry pre-check)
  [ 305] INFEAS f=6024.446  a=28.9 b=49.6 gap=15.5 (face=3.0mm) n=[111, 254, 163, 422, 869, 713, 382]  no evaluation (geometry pre-check)
  [ 306] OK     f=   1.461  a=37.2 b=66.0 gap=17.4 (face=6.9mm) n=[348, 138, 124, 648, 651, 886, 899]  tape=1.461km B=13.01T unif=0.742% hoop=255MPa
  [ 307] OK     f=   1.623  a=48.9 b=83.3 gap=15.7 (face=3.3mm) n=[353, 168, 401, 272, 449, 725, 830]  tape=1.623km B=10.32T unif=0.774% hoop=369MPa
  [ 308] OK     f=   1.421  a=37.7 b=66.4 gap=16.3 (face=4.5mm) n=[331, 88, 466, 224, 755, 706, 899]  tape=1.421km B=12.49T unif=0.805% hoop=280MPa
  [ 309] INFEAS f=3948.984  a=31.6 b=87.9 gap=15.6 (face=3.2mm) n=[69, 403, 121, 485, 792, 523, 899]  no evaluation (geometry pre-check)
  [ 310] viol   f=   0.989  a=38.1 b=61.0 gap=15.6 (face=3.2mm) n=[80, 50, 220, 490, 539, 505, 706]  tape=0.972km B=9.91T unif=0.835% hoop=229MPa

==========================================================================================
CMA-ES finished: 310 evaluations in 9.5 min
==========================================================================================

Best feasible design found:
  a_mm             38.333738962797355
  b_mm             53.92561561325963
  gap_mm           16.003125598932886
  face_gap_mm      4.0062511978657716
  n_turns          [156, 163, 386, 874, 774, 85, 217]
  n_total          2655
  tape_km          0.9707755466723962
  B_target_T       11.209272236403802
  uniformity_pct   0.7102317272336213
  hoop_MPa         222.45712301873277
  delam_MPa        16.304491038472005
  I_quench_A       406.57485525649093
  I_op_A           223.63853424449445
  binding          quench/SF
  clip_frac        0.14075887392900857

Full evaluation history -> optimize/cmaes_history.csv
Best design            -> optimize/cmaes_results.csv
Appended 310 rows to cumulative master log -> optimize/cmaes_all_evaluations.csv

Figures -> /home/gerrityjack/fenicsx/Racetrack-Coil-Optimization/visualization/cmaes_convergence.png, cmaes_constraints.png, cmaes_variables.png, cmaes_overview.png
Cumulative parameter-space map -> visualization/cmaes_param_map.png (5720 evaluations, 18 runs)
