Starting CMA-ES: 10 variables, budget 300 evaluations, target B >= 10.0 T, uniformity <= 1.0%, hoop <= 400 MPa, coil-coil face gap >= 3 mm

Parallel mode: 6 worker processes per generation.
  [   1] viol   f=   1.544  a=37.6 b=67.2 gap=30.8 (face=33.6mm) n=[389, 612, 303, 677, 215, 363, 863]  tape=1.438km B=9.77T unif=0.258% hoop=231MPa
  [   2] viol   f=  68.031  a=35.2 b=58.4 gap=24.7 (face=21.5mm) n=[116, 807, 306, 572, 303, 251, 77]  tape=0.932km B=9.24T unif=1.574% hoop=203MPa
  [   3] viol   f=  30.837  a=47.7 b=53.0 gap=26.2 (face=24.5mm) n=[270, 120, 283, 869, 189, 546, 452]  tape=1.090km B=8.65T unif=1.361% hoop=225MPa
  [   4] INFEAS f=18431.670  a=35.8 b=19.9 gap=28.5 (face=29.0mm) n=[119, 319, 634, 446, 162, 179, 467]  no evaluation (geometry pre-check)
  [   5] INFEAS f=53592.538  a=13.6 b=44.9 gap=38.7 (face=49.4mm) n=[225, 644, 358, 863, 476, 414, 701]  no evaluation (geometry pre-check)
  [   6] INFEAS f=62964.007  a=12.6 b=63.7 gap=40.0 (face=51.9mm) n=[110, 451, 337, 885, 260, 725, 408]  no evaluation (geometry pre-check)
  [   7] INFEAS f=2039.933  a=29.8 b=49.1 gap=31.3 (face=34.7mm) n=[79, 135, 177, 796, 324, 210, 305]  no evaluation (geometry pre-check)
  [   8] INFEAS f=2956.591  a=32.5 b=52.2 gap=26.6 (face=25.3mm) n=[451, 788, 446, 899, 647, 387, 870]  no evaluation (geometry pre-check)
  [   9] INFEAS f=462056.024  a=-22.7 b=54.2 gap=26.1 (face=24.3mm) n=[116, 432, 306, 891, 103, 234, 240]  no evaluation (geometry pre-check)
  [  10] INFEAS f=88325.526  a=3.3 b=56.1 gap=40.6 (face=53.2mm) n=[156, 685, 51, 756, 661, 478, 109]  no evaluation (geometry pre-check)
  [  11] INFEAS f=2292.933  a=59.0 b=58.3 gap=23.1 (face=18.3mm) n=[52, 98, 126, 669, 481, 756, 885]  no evaluation (geometry pre-check)
  [  12] INFEAS f=16094.995  a=25.1 b=85.4 gap=26.2 (face=24.4mm) n=[401, 69, 50, 900, 557, 171, 287]  no evaluation (geometry pre-check)
  [  13] viol   f=  25.631  a=52.4 b=81.0 gap=41.3 (face=54.7mm) n=[677, 239, 174, 888, 217, 94, 474]  tape=1.423km B=6.52T unif=0.070% hoop=202MPa
  [  14] INFEAS f=148500.952  a=-0.6 b=66.9 gap=19.6 (face=11.3mm) n=[652, 735, 71, 872, 235, 276, 844]  no evaluation (geometry pre-check)
  [  15] INFEAS f=10127.851  a=25.7 b=55.1 gap=40.9 (face=53.8mm) n=[83, 371, 545, 589, 147, 453, 848]  no evaluation (geometry pre-check)
  [  16] INFEAS f=6627.242  a=45.3 b=38.4 gap=19.6 (face=11.2mm) n=[62, 66, 310, 678, 178, 267, 300]  no evaluation (geometry pre-check)
  [  17] INFEAS f=27084.909  a=22.3 b=17.2 gap=25.4 (face=22.8mm) n=[456, 410, 50, 889, 64, 362, 644]  no evaluation (geometry pre-check)
  [  18] viol   f=  32.055  a=54.0 b=95.2 gap=33.0 (face=38.0mm) n=[201, 238, 130, 773, 347, 281, 521]  tape=1.430km B=6.09T unif=0.416% hoop=271MPa
  [  19] INFEAS f=30331.490  a=16.2 b=57.0 gap=35.8 (face=43.6mm) n=[220, 785, 78, 780, 426, 422, 580]  no evaluation (geometry pre-check)
  [  20] INFEAS f=16588.808  a=21.8 b=71.1 gap=36.3 (face=44.7mm) n=[454, 310, 129, 818, 430, 243, 444]  no evaluation (geometry pre-check)
  [  21] viol   f=   3.286  a=47.2 b=85.9 gap=25.6 (face=23.3mm) n=[358, 313, 114, 886, 627, 149, 628]  tape=1.598km B=9.08T unif=0.631% hoop=283MPa
  [  22] viol   f=  29.049  a=56.3 b=73.7 gap=36.9 (face=45.8mm) n=[213, 206, 149, 757, 375, 123, 799]  tape=1.256km B=6.27T unif=0.482% hoop=350MPa
  [  23] viol   f=  16.509  a=51.8 b=60.0 gap=41.3 (face=54.7mm) n=[567, 256, 369, 896, 460, 160, 419]  tape=1.371km B=7.41T unif=1.093% hoop=260MPa
  [  24] viol   f=  21.286  a=37.2 b=73.5 gap=38.3 (face=48.5mm) n=[203, 335, 326, 860, 273, 482, 431]  tape=1.341km B=6.84T unif=0.241% hoop=283MPa
  [  25] viol   f=  11.802  a=41.4 b=112.4 gap=33.5 (face=38.9mm) n=[470, 351, 487, 669, 333, 270, 339]  tape=1.735km B=7.76T unif=0.375% hoop=244MPa
  [  26] viol   f=  28.702  a=41.7 b=57.2 gap=20.8 (face=13.7mm) n=[52, 72, 154, 708, 313, 50, 357]  tape=0.658km B=6.26T unif=0.154% hoop=164MPa
  [  27] viol   f=  35.052  a=68.5 b=92.5 gap=40.7 (face=53.5mm) n=[299, 321, 325, 782, 287, 81, 800]  tape=1.684km B=5.92T unif=0.077% hoop=400MPa
  [  28] viol   f=  67.178  a=45.2 b=50.7 gap=23.1 (face=18.2mm) n=[360, 245, 130, 863, 215, 461, 687]  tape=1.113km B=10.06T unif=1.575% hoop=230MPa
  [  29] INFEAS f=3006.881  a=58.1 b=56.0 gap=35.5 (face=43.1mm) n=[421, 213, 80, 534, 454, 95, 874]  no evaluation (geometry pre-check)
  [  30] viol   f=   1.606  a=47.3 b=69.2 gap=30.4 (face=32.9mm) n=[551, 195, 240, 881, 618, 462, 622]  tape=1.605km B=9.99T unif=0.120% hoop=271MPa
  [  31] INFEAS f=1108.517  a=26.3 b=83.3 gap=38.4 (face=48.7mm) n=[403, 378, 170, 649, 342, 271, 393]  no evaluation (geometry pre-check)
  [  32] viol   f=  21.900  a=44.0 b=79.4 gap=34.2 (face=40.4mm) n=[509, 99, 58, 681, 242, 326, 534]  tape=1.137km B=6.78T unif=0.318% hoop=195MPa
  [  33] INFEAS f=20882.041  a=71.6 b=54.3 gap=32.3 (face=36.5mm) n=[471, 308, 641, 897, 665, 311, 495]  no evaluation (geometry pre-check)
  [  34] INFEAS f=3699.892  a=35.3 b=32.3 gap=29.1 (face=30.1mm) n=[319, 175, 509, 894, 53, 250, 484]  no evaluation (geometry pre-check)
  [  35] INFEAS f=1747.865  a=57.9 b=58.5 gap=23.3 (face=18.6mm) n=[581, 130, 266, 780, 475, 618, 662]  no evaluation (geometry pre-check)
  [  36] INFEAS f=28994.433  a=19.2 b=77.9 gap=35.1 (face=42.2mm) n=[555, 169, 208, 856, 224, 390, 661]  no evaluation (geometry pre-check)
  [  37] INFEAS f=3078.984  a=31.7 b=88.1 gap=37.1 (face=46.2mm) n=[521, 212, 347, 880, 743, 116, 640]  no evaluation (geometry pre-check)
  [  38] INFEAS f=1615.670  a=34.3 b=68.3 gap=35.1 (face=42.3mm) n=[734, 169, 280, 898, 308, 270, 564]  no evaluation (geometry pre-check)
  [  39] viol   f=   1.614  a=44.1 b=76.2 gap=24.2 (face=20.3mm) n=[107, 382, 234, 621, 592, 354, 646]  tape=1.286km B=9.59T unif=0.619% hoop=242MPa
  [  40] OK     f=   1.542  a=51.0 b=78.9 gap=23.4 (face=18.8mm) n=[817, 78, 177, 898, 720, 130, 377]  tape=1.542km B=10.76T unif=0.948% hoop=255MPa
  [  41] viol   f=  21.886  a=47.5 b=66.3 gap=18.2 (face=8.4mm) n=[503, 215, 74, 700, 606, 82, 274]  tape=1.028km B=9.36T unif=1.317% hoop=255MPa
  [  42] INFEAS f=24133.692  a=18.7 b=66.2 gap=27.7 (face=27.5mm) n=[477, 162, 459, 565, 804, 375, 629]  no evaluation (geometry pre-check)
  [  43] OK     f=   0.938  a=36.3 b=41.8 gap=19.9 (face=11.8mm) n=[743, 71, 281, 842, 700, 386, 120]  tape=0.938km B=14.29T unif=0.877% hoop=188MPa
  [  44] viol   f=  21.668  a=76.9 b=110.4 gap=27.4 (face=26.7mm) n=[895, 69, 181, 605, 556, 326, 245]  tape=1.987km B=6.86T unif=0.792% hoop=400MPa
  [  45] viol   f=  20.542  a=72.0 b=85.0 gap=21.3 (face=14.6mm) n=[378, 161, 86, 741, 685, 191, 343]  tape=1.437km B=7.54T unif=1.187% hoop=323MPa
  [  46] viol   f=   2.866  a=47.3 b=86.4 gap=32.3 (face=36.5mm) n=[456, 477, 447, 899, 432, 312, 573]  tape=1.909km B=9.31T unif=0.429% hoop=367MPa
  [  47] viol   f=   5.579  a=36.2 b=74.8 gap=17.1 (face=6.2mm) n=[189, 101, 691, 729, 793, 374, 229]  tape=1.325km B=12.55T unif=1.146% hoop=236MPa
  [  48] OK     f=   2.273  a=62.7 b=98.2 gap=23.0 (face=18.1mm) n=[612, 150, 450, 876, 757, 475, 513]  tape=2.273km B=10.32T unif=0.785% hoop=400MPa
  [  49] viol   f=   2.118  a=34.3 b=114.5 gap=22.7 (face=17.3mm) n=[340, 180, 388, 721, 472, 354, 557]  tape=1.779km B=9.59T unif=0.402% hoop=243MPa
  [  50] viol   f=   7.312  a=50.1 b=70.7 gap=28.0 (face=27.9mm) n=[461, 63, 95, 619, 651, 200, 519]  tape=1.120km B=8.24T unif=0.422% hoop=224MPa
  [  51] INFEAS f=1284.355  a=31.0 b=53.3 gap=22.0 (face=16.1mm) n=[789, 332, 288, 789, 365, 532, 229]  no evaluation (geometry pre-check)
  [  52] INFEAS f=9955.044  a=42.5 b=32.5 gap=27.4 (face=26.8mm) n=[606, 155, 102, 763, 636, 254, 580]  no evaluation (geometry pre-check)
  [  53] INFEAS f=169157.237  a=-2.7 b=64.7 gap=15.8 (face=3.5mm) n=[644, 304, 315, 633, 875, 676, 232]  no evaluation (geometry pre-check)
  [  54] viol   f=  18.111  a=47.1 b=81.1 gap=30.8 (face=33.5mm) n=[614, 250, 227, 453, 144, 156, 539]  tape=1.131km B=7.09T unif=0.633% hoop=231MPa
  [  55] INFEAS f=9771.134  a=19.1 b=61.7 gap=18.4 (face=8.9mm) n=[274, 59, 537, 480, 482, 666, 439]  no evaluation (geometry pre-check)
  [  56] INFEAS f=4148.932  a=31.1 b=62.0 gap=24.4 (face=20.8mm) n=[761, 91, 530, 891, 779, 225, 812]  no evaluation (geometry pre-check)
  [  57] INFEAS f=5067.745  a=23.4 b=67.2 gap=19.9 (face=11.8mm) n=[690, 682, 156, 681, 535, 415, 705]  no evaluation (geometry pre-check)
  [  58] INFEAS f=11956.632  a=26.6 b=59.0 gap=15.9 (face=3.8mm) n=[501, 573, 92, 894, 576, 524, 293]  no evaluation (geometry pre-check)
  [  59] viol   f=   1.104  a=38.2 b=51.2 gap=25.9 (face=23.8mm) n=[585, 85, 265, 486, 658, 121, 304]  tape=0.837km B=9.63T unif=0.474% hoop=180MPa
  [  60] OK     f=   1.360  a=42.5 b=53.5 gap=17.4 (face=6.8mm) n=[604, 543, 288, 754, 876, 597, 77]  tape=1.360km B=15.40T unif=0.667% hoop=341MPa
  [  61] INFEAS f=10738.014  a=54.2 b=43.6 gap=19.9 (face=11.8mm) n=[828, 365, 409, 579, 603, 423, 387]  no evaluation (geometry pre-check)
  [  62] INFEAS f=20830.966  a=41.4 b=24.1 gap=21.9 (face=15.8mm) n=[897, 304, 475, 515, 849, 427, 258]  no evaluation (geometry pre-check)
  [  63] INFEAS f=18533.368  a=16.7 b=89.6 gap=38.7 (face=49.4mm) n=[699, 106, 557, 519, 609, 67, 303]  no evaluation (geometry pre-check)
  [  64] OK     f=   2.193  a=53.5 b=92.3 gap=28.7 (face=29.3mm) n=[731, 404, 190, 894, 868, 304, 692]  tape=2.193km B=11.26T unif=0.546% hoop=302MPa
  [  65] INFEAS f=5001.746  a=25.1 b=58.4 gap=26.5 (face=25.1mm) n=[287, 73, 409, 749, 288, 87, 651]  no evaluation (geometry pre-check)
  [  66] INFEAS f=53593.427  a=14.9 b=50.0 gap=24.7 (face=21.5mm) n=[738, 154, 294, 744, 897, 80, 127]  no evaluation (geometry pre-check)
  [  67] INFEAS f=5167.456  a=30.6 b=63.5 gap=26.0 (face=24.1mm) n=[896, 898, 176, 477, 491, 425, 165]  no evaluation (geometry pre-check)
  [  68] OK     f=   1.651  a=52.4 b=69.9 gap=21.7 (face=15.3mm) n=[656, 77, 699, 898, 832, 296, 236]  tape=1.651km B=13.00T unif=0.960% hoop=340MPa
  [  69] viol   f=  12.719  a=52.2 b=57.7 gap=19.2 (face=10.4mm) n=[697, 635, 88, 832, 772, 516, 249]  tape=1.477km B=15.04T unif=1.237% hoop=378MPa
  [  70] INFEAS f=1362.433  a=33.6 b=65.1 gap=20.3 (face=12.6mm) n=[840, 168, 101, 703, 864, 185, 189]  no evaluation (geometry pre-check)
  [  71] viol   f=  99.797  a=61.5 b=66.6 gap=16.2 (face=4.3mm) n=[764, 121, 605, 897, 890, 306, 256]  tape=1.732km B=13.60T unif=1.700% hoop=400MPa
  [  72] INFEAS f=16702.189  a=83.5 b=68.7 gap=30.6 (face=33.2mm) n=[751, 269, 540, 671, 885, 157, 56]  no evaluation (geometry pre-check)
  [  73] INFEAS f=94442.875  a=86.1 b=42.8 gap=22.3 (face=16.7mm) n=[638, 102, 454, 891, 896, 301, 181]  no evaluation (geometry pre-check)
  [  74] viol   f=  13.966  a=51.8 b=82.9 gap=26.9 (face=25.9mm) n=[697, 68, 91, 275, 651, 483, 76]  tape=1.146km B=7.47T unif=0.855% hoop=217MPa
  [  75] INFEAS f=28883.542  a=81.5 b=60.1 gap=19.4 (face=10.7mm) n=[899, 222, 142, 858, 755, 362, 176]  no evaluation (geometry pre-check)
  [  76] INFEAS f=32696.617  a=18.6 b=71.2 gap=18.0 (face=8.0mm) n=[849, 841, 708, 867, 480, 494, 62]  no evaluation (geometry pre-check)
  [  77] INFEAS f=1537.466  a=47.4 b=48.8 gap=30.4 (face=32.8mm) n=[900, 65, 419, 845, 853, 69, 430]  no evaluation (geometry pre-check)
  [  78] INFEAS f=1297.625  a=28.8 b=63.1 gap=22.5 (face=17.0mm) n=[715, 96, 367, 732, 595, 442, 104]  no evaluation (geometry pre-check)
  [  79] INFEAS f=1309.281  a=34.0 b=97.3 gap=18.6 (face=9.1mm) n=[721, 686, 275, 550, 871, 84, 77]  no evaluation (geometry pre-check)
  [  80] INFEAS f=1072.553  a=32.9 b=83.6 gap=27.0 (face=26.0mm) n=[820, 592, 220, 665, 705, 320, 400]  no evaluation (geometry pre-check)
  [  81] viol   f=  54.572  a=51.5 b=62.4 gap=18.7 (face=9.4mm) n=[850, 98, 690, 707, 852, 569, 181]  tape=1.583km B=15.87T unif=1.515% hoop=367MPa
  [  82] INFEAS f=1155.071  a=59.1 b=62.1 gap=29.6 (face=31.3mm) n=[366, 284, 62, 763, 898, 361, 158]  no evaluation (geometry pre-check)
  [  83] viol   f=   2.988  a=47.2 b=121.0 gap=18.9 (face=9.7mm) n=[769, 283, 299, 890, 349, 60, 158]  tape=1.850km B=9.25T unif=0.354% hoop=353MPa
  [  84] viol   f= 156.618  a=45.6 b=62.4 gap=19.4 (face=10.9mm) n=[699, 107, 492, 516, 447, 525, 136]  tape=1.161km B=11.86T unif=1.882% hoop=315MPa
  [  85] viol   f=   2.200  a=39.8 b=96.5 gap=20.1 (face=12.1mm) n=[375, 141, 425, 845, 600, 294, 174]  tape=1.568km B=9.44T unif=0.723% hoop=283MPa
  [  86] viol   f=   9.840  a=52.8 b=64.9 gap=23.1 (face=18.2mm) n=[519, 97, 108, 402, 239, 433, 576]  tape=0.982km B=8.16T unif=1.102% hoop=261MPa
  [  87] INFEAS f=4008.713  a=57.2 b=53.5 gap=19.8 (face=11.6mm) n=[636, 380, 561, 543, 783, 342, 109]  no evaluation (geometry pre-check)
  [  88] INFEAS f=1113.075  a=35.2 b=87.4 gap=28.0 (face=28.0mm) n=[742, 101, 228, 885, 795, 420, 119]  no evaluation (geometry pre-check)
  [  89] INFEAS f=17041.711  a=20.3 b=83.8 gap=27.2 (face=26.3mm) n=[721, 330, 431, 677, 781, 338, 303]  no evaluation (geometry pre-check)
  [  90] viol   f=   3.312  a=43.4 b=93.3 gap=26.2 (face=24.4mm) n=[881, 374, 141, 524, 285, 171, 542]  tape=1.604km B=9.08T unif=0.885% hoop=251MPa
  [  91] viol   f=  32.169  a=48.7 b=86.3 gap=15.6 (face=3.1mm) n=[855, 338, 348, 511, 500, 353, 138]  tape=1.621km B=10.52T unif=1.391% hoop=400MPa
  [  92] viol   f=  31.712  a=65.6 b=81.4 gap=19.4 (face=10.9mm) n=[803, 321, 492, 898, 851, 130, 440]  tape=2.060km B=11.93T unif=1.385% hoop=400MPa
  [  93] viol   f=   2.016  a=57.4 b=78.5 gap=24.4 (face=20.9mm) n=[753, 51, 226, 898, 533, 132, 433]  tape=1.535km B=9.51T unif=1.004% hoop=300MPa
  [  94] viol   f=  37.738  a=50.5 b=82.4 gap=15.7 (face=3.3mm) n=[634, 133, 253, 467, 458, 573, 129]  tape=1.277km B=9.71T unif=1.426% hoop=351MPa
  [  95] INFEAS f=35615.996  a=18.9 b=96.9 gap=31.9 (face=35.7mm) n=[896, 266, 229, 824, 378, 361, 54]  no evaluation (geometry pre-check)
  [  96] INFEAS f=1187.299  a=31.4 b=83.8 gap=22.0 (face=15.9mm) n=[593, 72, 277, 793, 638, 52, 238]  no evaluation (geometry pre-check)
  [  97] viol   f=   1.789  a=54.0 b=96.9 gap=19.1 (face=10.3mm) n=[509, 145, 347, 812, 839, 365, 138]  tape=1.784km B=9.95T unif=0.748% hoop=346MPa
  [  98] INFEAS f=7573.123  a=29.1 b=77.6 gap=16.7 (face=5.3mm) n=[900, 262, 336, 836, 643, 451, 267]  no evaluation (geometry pre-check)
  [  99] viol   f=   3.561  a=44.8 b=89.2 gap=17.4 (face=6.7mm) n=[698, 633, 735, 711, 501, 114, 330]  tape=1.809km B=14.97T unif=1.094% hoop=351MPa
  [ 100] OK     f=   1.725  a=65.9 b=74.4 gap=21.6 (face=15.1mm) n=[517, 162, 159, 892, 856, 243, 604]  tape=1.725km B=10.73T unif=0.919% hoop=356MPa
  [ 101] viol   f=   1.958  a=43.5 b=85.3 gap=22.7 (face=17.4mm) n=[348, 87, 356, 731, 887, 382, 226]  tape=1.542km B=9.54T unif=0.697% hoop=276MPa
  [ 102] INFEAS f=49160.856  a=66.9 b=37.2 gap=30.9 (face=33.8mm) n=[633, 490, 492, 899, 651, 275, 667]  no evaluation (geometry pre-check)
  [ 103] INFEAS f=16436.170  a=66.4 b=51.7 gap=17.4 (face=6.9mm) n=[395, 432, 201, 644, 667, 66, 813]  no evaluation (geometry pre-check)
  [ 104] viol   f=   1.937  a=57.2 b=96.7 gap=19.3 (face=10.7mm) n=[583, 262, 568, 535, 569, 197, 292]  tape=1.623km B=9.93T unif=1.039% hoop=380MPa
  [ 105] viol   f=  28.899  a=85.0 b=96.0 gap=16.2 (face=4.3mm) n=[673, 228, 593, 664, 744, 314, 730]  tape=2.389km B=8.50T unif=1.332% hoop=400MPa
  [ 106] OK     f=   1.621  a=46.8 b=92.6 gap=16.2 (face=4.5mm) n=[444, 73, 191, 898, 641, 80, 688]  tape=1.621km B=10.08T unif=0.771% hoop=292MPa
  [ 107] viol   f=   5.499  a=54.8 b=71.9 gap=29.1 (face=30.3mm) n=[110, 529, 95, 813, 900, 200, 285]  tape=1.386km B=8.57T unif=0.135% hoop=247MPa
  [ 108] INFEAS f=1479.052  a=49.6 b=51.2 gap=17.9 (face=7.7mm) n=[899, 188, 91, 740, 799, 123, 292]  no evaluation (geometry pre-check)
  [ 109] viol   f=   3.947  a=52.8 b=61.8 gap=22.7 (face=17.4mm) n=[179, 144, 528, 420, 686, 229, 393]  tape=1.086km B=8.80T unif=0.703% hoop=289MPa
  [ 110] viol   f=  10.969  a=53.1 b=77.4 gap=24.2 (face=20.5mm) n=[760, 149, 833, 449, 426, 69, 238]  tape=1.424km B=9.98T unif=1.218% hoop=356MPa
  [ 111] OK     f=   1.905  a=46.9 b=89.9 gap=17.5 (face=6.9mm) n=[62, 490, 293, 643, 666, 568, 894]  tape=1.905km B=11.33T unif=0.737% hoop=336MPa
  [ 112] INFEAS f=4058.799  a=30.8 b=95.6 gap=19.7 (face=11.3mm) n=[603, 125, 64, 880, 882, 314, 76]  no evaluation (geometry pre-check)
  [ 113] OK     f=   1.530  a=49.0 b=68.4 gap=19.7 (face=11.5mm) n=[498, 113, 854, 634, 855, 82, 545]  tape=1.530km B=13.23T unif=0.942% hoop=320MPa
  [ 114] INFEAS f=1028.390  a=29.8 b=113.8 gap=22.1 (face=16.3mm) n=[56, 141, 433, 727, 552, 157, 153]  no evaluation (geometry pre-check)
  [ 115] OK     f=   1.898  a=37.0 b=99.5 gap=24.9 (face=21.8mm) n=[790, 142, 365, 873, 899, 417, 107]  tape=1.898km B=11.84T unif=0.719% hoop=239MPa
  [ 116] viol   f=   1.641  a=39.8 b=93.1 gap=16.5 (face=5.0mm) n=[51, 334, 402, 734, 655, 222, 246]  tape=1.363km B=9.63T unif=0.798% hoop=282MPa
  [ 117] viol   f=  67.074  a=75.8 b=85.8 gap=15.5 (face=3.0mm) n=[61, 279, 208, 830, 885, 67, 348]  tape=1.535km B=8.03T unif=1.537% hoop=334MPa
  [ 118] viol   f=   1.810  a=43.8 b=101.8 gap=21.5 (face=14.9mm) n=[894, 64, 299, 349, 898, 408, 132]  tape=1.716km B=10.49T unif=1.022% hoop=287MPa
  [ 119] OK     f=   1.604  a=57.3 b=75.3 gap=16.3 (face=4.7mm) n=[297, 240, 62, 618, 873, 304, 900]  tape=1.604km B=10.74T unif=0.783% hoop=348MPa
  [ 120] viol   f=   5.109  a=35.4 b=68.6 gap=18.4 (face=8.8mm) n=[500, 160, 588, 755, 347, 329, 311]  tape=1.236km B=11.97T unif=1.139% hoop=292MPa
  [ 121] viol   f=   1.672  a=41.0 b=69.1 gap=18.1 (face=8.2mm) n=[50, 399, 270, 896, 859, 173, 524]  tape=1.352km B=11.47T unif=1.040% hoop=243MPa
  [ 122] INFEAS f=1250.761  a=35.2 b=102.4 gap=17.2 (face=6.4mm) n=[388, 366, 463, 900, 797, 58, 747]  no evaluation (geometry pre-check)
  [ 123] OK     f=   1.734  a=61.4 b=83.7 gap=21.5 (face=15.0mm) n=[401, 117, 476, 745, 842, 76, 648]  tape=1.734km B=10.08T unif=0.953% hoop=369MPa
  [ 124] OK     f=   1.587  a=47.6 b=55.1 gap=20.0 (face=12.1mm) n=[806, 383, 472, 867, 631, 186, 900]  tape=1.587km B=15.62T unif=0.738% hoop=337MPa
  [ 125] INFEAS f=2335.710  a=47.1 b=46.3 gap=15.8 (face=3.6mm) n=[878, 255, 595, 845, 780, 217, 193]  no evaluation (geometry pre-check)
  [ 126] viol   f=  11.303  a=70.3 b=108.0 gap=15.5 (face=3.0mm) n=[336, 227, 617, 469, 623, 182, 821]  tape=2.136km B=7.86T unif=0.846% hoop=400MPa
  [ 127] INFEAS f=1281.001  a=52.1 b=54.5 gap=16.0 (face=4.0mm) n=[121, 337, 512, 629, 830, 206, 765]  no evaluation (geometry pre-check)
  [ 128] viol   f=  30.368  a=50.4 b=78.5 gap=15.8 (face=3.7mm) n=[562, 107, 217, 723, 456, 422, 409]  tape=1.395km B=10.32T unif=1.381% hoop=366MPa
  [ 129] INFEAS f=1725.501  a=65.1 b=65.9 gap=21.2 (face=14.3mm) n=[82, 63, 894, 701, 900, 85, 803]  no evaluation (geometry pre-check)
  [ 130] OK     f=   1.617  a=51.3 b=92.8 gap=17.2 (face=6.4mm) n=[446, 268, 257, 636, 621, 271, 621]  tape=1.617km B=10.51T unif=0.883% hoop=364MPa
  [ 131] INFEAS f=16015.077  a=24.8 b=84.5 gap=15.9 (face=3.9mm) n=[413, 238, 320, 724, 892, 445, 443]  no evaluation (geometry pre-check)
  [ 132] OK     f=   1.241  a=45.1 b=54.1 gap=22.7 (face=17.4mm) n=[864, 97, 207, 565, 837, 109, 832]  tape=1.241km B=13.40T unif=0.575% hoop=240MPa
  [ 133] viol   f=   6.497  a=56.1 b=82.8 gap=19.1 (face=10.2mm) n=[397, 398, 582, 483, 249, 324, 684]  tape=1.575km B=8.99T unif=1.120% hoop=400MPa
  [ 134] OK     f=   1.607  a=36.8 b=68.1 gap=18.2 (face=8.4mm) n=[734, 431, 174, 791, 722, 242, 889]  tape=1.607km B=15.47T unif=0.879% hoop=300MPa
  [ 135] INFEAS f=83149.200  a=7.4 b=48.2 gap=19.5 (face=11.0mm) n=[699, 192, 153, 842, 728, 227, 744]  no evaluation (geometry pre-check)
  [ 136] viol   f=   8.179  a=58.7 b=91.2 gap=16.7 (face=5.3mm) n=[81, 240, 521, 773, 654, 143, 331]  tape=1.517km B=8.72T unif=1.130% hoop=343MPa
  [ 137] viol   f=   7.479  a=80.5 b=90.9 gap=21.0 (face=13.9mm) n=[431, 127, 415, 855, 568, 329, 805]  tape=2.130km B=8.36T unif=0.990% hoop=400MPa
  [ 138] OK     f=   2.015  a=48.9 b=86.2 gap=20.0 (face=12.0mm) n=[629, 514, 561, 701, 743, 413, 567]  tape=2.015km B=14.02T unif=0.966% hoop=400MPa
  [ 139] INFEAS f=5813.205  a=27.7 b=51.0 gap=20.1 (face=12.2mm) n=[236, 182, 733, 656, 444, 111, 833]  no evaluation (geometry pre-check)
  [ 140] viol   f=   6.678  a=67.4 b=101.4 gap=18.3 (face=8.6mm) n=[293, 56, 245, 810, 794, 218, 545]  tape=1.803km B=8.44T unif=0.921% hoop=339MPa
  [ 141] INFEAS f=11279.205  a=22.9 b=51.9 gap=19.2 (face=10.3mm) n=[81, 240, 165, 786, 550, 447, 757]  no evaluation (geometry pre-check)
  [ 142] INFEAS f=12190.904  a=69.1 b=57.4 gap=26.3 (face=24.6mm) n=[675, 435, 411, 673, 900, 554, 890]  no evaluation (geometry pre-check)
  [ 143] INFEAS f=30003.631  a=48.0 b=26.1 gap=26.5 (face=24.9mm) n=[662, 164, 290, 889, 176, 55, 807]  no evaluation (geometry pre-check)
  [ 144] OK     f=   1.563  a=56.8 b=68.8 gap=29.0 (face=30.1mm) n=[770, 276, 286, 499, 818, 180, 598]  tape=1.563km B=10.26T unif=0.577% hoop=332MPa
  [ 145] OK     f=   1.366  a=36.7 b=83.8 gap=21.6 (face=15.2mm) n=[732, 64, 342, 645, 429, 169, 569]  tape=1.366km B=11.22T unif=0.823% hoop=230MPa
  [ 146] viol   f=  14.393  a=56.0 b=83.2 gap=19.9 (face=11.9mm) n=[864, 391, 422, 318, 898, 195, 170]  tape=1.706km B=10.36T unif=1.252% hoop=400MPa
  [ 147] OK     f=   1.351  a=48.0 b=56.5 gap=17.6 (face=7.2mm) n=[290, 452, 275, 521, 566, 643, 766]  tape=1.351km B=13.06T unif=0.659% hoop=360MPa
  [ 148] viol   f=   2.264  a=58.7 b=104.4 gap=22.3 (face=16.7mm) n=[794, 364, 319, 271, 712, 163, 804]  tape=2.041km B=9.67T unif=0.706% hoop=365MPa
  [ 149] INFEAS f=2149.192  a=33.0 b=65.0 gap=20.0 (face=12.1mm) n=[581, 685, 181, 885, 601, 443, 803]  no evaluation (geometry pre-check)
  [ 150] OK     f=   1.688  a=53.8 b=69.1 gap=24.8 (face=21.5mm) n=[683, 86, 340, 505, 576, 594, 887]  tape=1.688km B=11.00T unif=0.703% hoop=367MPa
  [ 151] INFEAS f=17112.223  a=31.7 b=17.3 gap=30.2 (face=32.4mm) n=[848, 58, 114, 781, 512, 363, 842]  no evaluation (geometry pre-check)
  [ 152] INFEAS f=34307.694  a=19.3 b=33.3 gap=15.7 (face=3.4mm) n=[477, 896, 422, 562, 739, 217, 859]  no evaluation (geometry pre-check)
  [ 153] INFEAS f=12732.819  a=85.2 b=73.1 gap=19.5 (face=10.9mm) n=[331, 129, 76, 364, 422, 508, 766]  no evaluation (geometry pre-check)
  [ 154] INFEAS f=69073.292  a=60.9 b=24.7 gap=23.3 (face=18.5mm) n=[779, 169, 213, 284, 881, 74, 783]  no evaluation (geometry pre-check)
  [ 155] INFEAS f=16204.821  a=22.3 b=75.9 gap=18.6 (face=9.2mm) n=[826, 74, 310, 446, 184, 703, 580]  no evaluation (geometry pre-check)
  [ 156] viol   f=  14.763  a=70.3 b=94.5 gap=33.4 (face=38.7mm) n=[398, 232, 189, 327, 730, 650, 666]  tape=1.854km B=7.46T unif=0.344% hoop=363MPa
  [ 157] INFEAS f=9122.997  a=59.3 b=50.1 gap=18.7 (face=9.3mm) n=[137, 97, 240, 121, 342, 759, 774]  no evaluation (geometry pre-check)
  [ 158] INFEAS f=3836.081  a=27.1 b=83.9 gap=26.1 (face=24.2mm) n=[614, 68, 592, 601, 576, 245, 778]  no evaluation (geometry pre-check)
  [ 159] OK     f=   1.832  a=47.5 b=73.1 gap=18.7 (face=9.5mm) n=[538, 206, 372, 752, 820, 525, 873]  tape=1.832km B=14.17T unif=0.843% hoop=373MPa
  [ 160] viol   f= 116.374  a=38.3 b=51.5 gap=19.0 (face=10.1mm) n=[887, 256, 308, 340, 116, 166, 400]  tape=0.945km B=11.15T unif=1.760% hoop=273MPa
  [ 161] viol   f=   2.771  a=47.8 b=72.9 gap=34.1 (face=40.2mm) n=[783, 462, 255, 141, 472, 862, 439]  tape=1.574km B=9.23T unif=0.280% hoop=250MPa
  [ 162] viol   f=  15.312  a=48.7 b=70.7 gap=31.2 (face=34.3mm) n=[376, 248, 345, 161, 778, 331, 522]  tape=1.280km B=7.35T unif=0.066% hoop=248MPa
  [ 163] viol   f=   8.962  a=62.2 b=88.1 gap=20.4 (face=12.9mm) n=[226, 197, 363, 523, 860, 174, 603]  tape=1.670km B=8.09T unif=0.844% hoop=348MPa
  [ 164] viol   f=  34.374  a=59.2 b=75.6 gap=38.0 (face=48.0mm) n=[491, 560, 199, 247, 96, 221, 434]  tape=1.068km B=5.92T unif=0.208% hoop=233MPa
  [ 165] OK     f=   2.283  a=53.1 b=92.3 gap=15.7 (face=3.4mm) n=[669, 401, 567, 411, 900, 387, 842]  tape=2.283km B=12.17T unif=0.885% hoop=400MPa
  [ 166] INFEAS f=1576.129  a=28.8 b=82.2 gap=28.4 (face=28.9mm) n=[418, 547, 194, 314, 664, 749, 262]  no evaluation (geometry pre-check)
  [ 167] INFEAS f=25513.670  a=69.5 b=49.7 gap=24.1 (face=20.2mm) n=[683, 522, 319, 547, 887, 790, 835]  no evaluation (geometry pre-check)
  [ 168] OK     f=   1.821  a=47.2 b=69.2 gap=18.5 (face=8.9mm) n=[391, 613, 571, 590, 851, 405, 776]  tape=1.821km B=14.43T unif=0.966% hoop=400MPa
  [ 169] viol   f=   1.144  a=39.8 b=60.3 gap=19.0 (face=10.1mm) n=[276, 449, 94, 305, 519, 400, 796]  tape=1.136km B=9.93T unif=0.679% hoop=272MPa
  [ 170] INFEAS f=1308.434  a=34.9 b=86.5 gap=16.4 (face=4.8mm) n=[312, 398, 250, 192, 894, 564, 529]  no evaluation (geometry pre-check)
  [ 171] INFEAS f=1316.867  a=53.1 b=55.3 gap=19.0 (face=10.0mm) n=[389, 302, 206, 159, 230, 326, 676]  no evaluation (geometry pre-check)
  [ 172] INFEAS f=2134.457  a=22.3 b=84.1 gap=15.5 (face=3.0mm) n=[352, 130, 160, 425, 494, 288, 599]  no evaluation (geometry pre-check)
  [ 173] INFEAS f=14081.490  a=23.9 b=55.0 gap=20.7 (face=13.4mm) n=[86, 92, 118, 139, 848, 283, 727]  no evaluation (geometry pre-check)
  [ 174] INFEAS f=3621.313  a=62.7 b=59.6 gap=24.8 (face=21.5mm) n=[238, 111, 314, 650, 469, 703, 709]  no evaluation (geometry pre-check)
  [ 175] viol   f=  40.339  a=62.6 b=79.6 gap=16.4 (face=4.7mm) n=[447, 385, 647, 862, 500, 239, 582]  tape=1.926km B=10.16T unif=1.438% hoop=400MPa
  [ 176] OK     f=   1.511  a=59.2 b=68.3 gap=21.5 (face=15.0mm) n=[695, 288, 50, 791, 348, 209, 886]  tape=1.511km B=10.58T unif=0.842% hoop=320MPa
  [ 177] viol   f= 313.389  a=31.7 b=77.2 gap=19.2 (face=10.4mm) n=[677, 63, 237, 533, 451, 264, 562]  tape=1.179km B=11.67T unif=2.249% hoop=202MPa
  [ 178] viol   f=   6.257  a=47.7 b=89.0 gap=16.9 (face=5.7mm) n=[548, 153, 182, 219, 357, 414, 750]  tape=1.385km B=8.44T unif=0.835% hoop=305MPa
  [ 179] OK     f=   1.405  a=48.6 b=58.8 gap=16.1 (face=4.2mm) n=[144, 217, 437, 415, 900, 595, 670]  tape=1.405km B=12.11T unif=0.113% hoop=397MPa
  [ 180] INFEAS f=1377.511  a=34.3 b=72.4 gap=19.7 (face=11.4mm) n=[410, 425, 158, 757, 526, 176, 884]  no evaluation (geometry pre-check)
  [ 181] OK     f=   1.673  a=59.0 b=74.6 gap=16.7 (face=5.3mm) n=[162, 271, 227, 470, 870, 496, 897]  tape=1.673km B=10.76T unif=0.694% hoop=378MPa
  [ 182] viol   f=   4.660  a=39.6 b=70.7 gap=15.5 (face=3.0mm) n=[401, 317, 165, 793, 863, 406, 894]  tape=1.622km B=14.03T unif=1.123% hoop=327MPa
  [ 183] viol   f=   6.635  a=37.1 b=79.6 gap=19.9 (face=11.8mm) n=[570, 754, 217, 399, 334, 189, 450]  tape=1.350km B=11.46T unif=1.163% hoop=275MPa
  [ 184] OK     f=   1.403  a=41.3 b=51.2 gap=25.8 (face=23.5mm) n=[809, 174, 671, 743, 483, 585, 778]  tape=1.403km B=15.70T unif=0.981% hoop=262MPa
  [ 185] OK     f=   1.600  a=56.3 b=76.1 gap=17.3 (face=6.5mm) n=[237, 224, 440, 856, 430, 185, 876]  tape=1.600km B=10.57T unif=0.856% hoop=369MPa
  [ 186] OK     f=   1.680  a=48.9 b=81.5 gap=17.3 (face=6.6mm) n=[318, 321, 251, 795, 686, 359, 721]  tape=1.680km B=11.36T unif=0.957% hoop=400MPa
  [ 187] viol   f=  17.254  a=43.6 b=65.1 gap=15.8 (face=3.6mm) n=[247, 310, 582, 822, 689, 135, 626]  tape=1.403km B=13.42T unif=1.282% hoop=312MPa
  [ 188] INFEAS f=16927.119  a=65.6 b=50.6 gap=19.4 (face=10.7mm) n=[192, 154, 351, 497, 846, 606, 698]  no evaluation (geometry pre-check)
  [ 189] INFEAS f=1275.560  a=69.5 b=71.9 gap=16.3 (face=4.5mm) n=[428, 238, 174, 812, 365, 255, 825]  no evaluation (geometry pre-check)
  [ 190] viol   f=   3.417  a=49.3 b=66.1 gap=16.0 (face=3.9mm) n=[379, 106, 494, 827, 876, 455, 504]  tape=1.580km B=13.61T unif=1.096% hoop=376MPa
  [ 191] OK     f=   1.931  a=55.0 b=68.6 gap=22.4 (face=16.8mm) n=[579, 539, 693, 416, 659, 400, 900]  tape=1.931km B=12.47T unif=0.886% hoop=400MPa
  [ 192] INFEAS f=1358.263  a=34.2 b=44.5 gap=25.2 (face=22.3mm) n=[802, 126, 430, 880, 362, 176, 833]  no evaluation (geometry pre-check)
  [ 193] OK     f=   1.399  a=43.6 b=49.9 gap=20.2 (face=12.4mm) n=[534, 395, 738, 781, 574, 774, 417]  tape=1.399km B=17.31T unif=0.280% hoop=331MPa
  [ 194] viol   f=   1.741  a=62.8 b=82.3 gap=21.4 (face=14.7mm) n=[353, 106, 251, 646, 625, 518, 706]  tape=1.630km B=9.76T unif=0.934% hoop=383MPa
  [ 195] OK     f=   1.341  a=45.5 b=76.2 gap=18.4 (face=8.8mm) n=[390, 59, 495, 295, 689, 343, 708]  tape=1.341km B=10.33T unif=0.810% hoop=290MPa
  [ 196] INFEAS f=35752.481  a=56.6 b=32.2 gap=17.1 (face=6.2mm) n=[222, 241, 837, 812, 509, 550, 451]  no evaluation (geometry pre-check)
  [ 197] OK     f=   1.771  a=52.1 b=66.3 gap=23.4 (face=18.7mm) n=[132, 450, 737, 890, 703, 389, 821]  tape=1.771km B=13.22T unif=0.276% hoop=331MPa
  [ 198] OK     f=   1.765  a=45.3 b=56.3 gap=22.0 (face=16.1mm) n=[731, 331, 722, 764, 626, 738, 890]  tape=1.765km B=17.70T unif=0.788% hoop=349MPa
  [ 199] OK     f=   2.088  a=53.4 b=104.9 gap=22.5 (face=16.9mm) n=[341, 98, 373, 787, 686, 548, 764]  tape=2.088km B=10.55T unif=0.556% hoop=350MPa
  [ 200] OK     f=   1.883  a=45.5 b=82.7 gap=16.0 (face=4.0mm) n=[528, 198, 305, 560, 891, 454, 899]  tape=1.883km B=12.91T unif=0.726% hoop=380MPa
  [ 201] viol   f=   3.014  a=53.4 b=73.5 gap=31.9 (face=35.7mm) n=[271, 198, 421, 692, 833, 607, 485]  tape=1.660km B=9.18T unif=0.080% hoop=297MPa
  [ 202] viol   f=  14.698  a=52.3 b=77.7 gap=19.5 (face=11.0mm) n=[888, 150, 479, 201, 699, 566, 695]  tape=1.794km B=12.63T unif=1.254% hoop=349MPa
  [ 203] OK     f=   1.675  a=44.7 b=68.0 gap=17.5 (face=7.0mm) n=[581, 194, 218, 766, 737, 520, 900]  tape=1.675km B=14.13T unif=0.893% hoop=336MPa
  [ 204] OK     f=   2.423  a=62.2 b=83.6 gap=24.4 (face=20.8mm) n=[670, 433, 746, 879, 894, 343, 735]  tape=2.423km B=13.20T unif=0.824% hoop=400MPa
  [ 205] OK     f=   1.509  a=36.9 b=78.0 gap=30.6 (face=33.1mm) n=[486, 257, 707, 602, 208, 569, 697]  tape=1.509km B=10.20T unif=0.532% hoop=205MPa
  [ 206] viol   f=  19.499  a=48.2 b=70.5 gap=17.4 (face=6.8mm) n=[301, 224, 806, 862, 669, 771, 437]  tape=1.770km B=15.25T unif=1.298% hoop=349MPa
  [ 207] OK     f=   1.674  a=41.5 b=77.6 gap=19.1 (face=10.2mm) n=[562, 85, 350, 853, 683, 406, 733]  tape=1.674km B=13.02T unif=0.825% hoop=302MPa
  [ 208] OK     f=   1.483  a=41.0 b=61.4 gap=21.7 (face=15.4mm) n=[374, 393, 453, 686, 824, 327, 750]  tape=1.483km B=13.49T unif=0.447% hoop=350MPa
  [ 209] OK     f=   1.288  a=46.2 b=60.8 gap=19.4 (face=10.8mm) n=[229, 107, 596, 540, 895, 424, 248]  tape=1.288km B=10.75T unif=0.627% hoop=301MPa
  [ 210] viol   f=   3.216  a=52.7 b=77.2 gap=18.8 (face=9.7mm) n=[491, 73, 566, 351, 723, 341, 653]  tape=1.503km B=10.83T unif=1.093% hoop=347MPa
  [ 211] INFEAS f=2037.560  a=30.6 b=67.3 gap=28.4 (face=28.9mm) n=[221, 76, 818, 319, 749, 662, 362]  no evaluation (geometry pre-check)
  [ 212] viol   f=   2.997  a=56.7 b=90.9 gap=19.0 (face=10.1mm) n=[542, 142, 248, 454, 621, 255, 737]  tape=1.628km B=9.17T unif=0.899% hoop=353MPa
  [ 213] OK     f=   1.819  a=37.6 b=79.8 gap=25.8 (face=23.6mm) n=[422, 113, 785, 787, 891, 334, 717]  tape=1.819km B=12.39T unif=0.751% hoop=248MPa
  [ 214] viol   f=   1.509  a=51.5 b=69.9 gap=17.5 (face=7.0mm) n=[308, 81, 457, 684, 567, 524, 780]  tape=1.509km B=11.83T unif=1.001% hoop=365MPa
  [ 215] OK     f=   1.630  a=41.7 b=77.4 gap=18.2 (face=8.4mm) n=[596, 290, 406, 883, 475, 56, 852]  tape=1.630km B=12.57T unif=0.726% hoop=317MPa
  [ 216] OK     f=   1.446  a=45.0 b=57.3 gap=21.0 (face=14.0mm) n=[360, 199, 346, 858, 483, 891, 559]  tape=1.446km B=12.96T unif=0.475% hoop=314MPa
  [ 217] INFEAS f=4732.895  a=36.8 b=32.1 gap=26.5 (face=24.9mm) n=[689, 59, 553, 884, 708, 355, 691]  no evaluation (geometry pre-check)
  [ 218] OK     f=   1.514  a=44.7 b=70.2 gap=19.1 (face=10.2mm) n=[408, 277, 462, 644, 884, 403, 228]  tape=1.514km B=11.38T unif=0.921% hoop=336MPa
  [ 219] viol   f=   8.426  a=69.4 b=80.2 gap=24.5 (face=21.0mm) n=[265, 213, 305, 340, 458, 776, 744]  tape=1.655km B=8.16T unif=0.505% hoop=395MPa
  [ 220] OK     f=   1.421  a=47.3 b=61.1 gap=20.6 (face=13.1mm) n=[451, 161, 512, 834, 476, 510, 450]  tape=1.421km B=12.06T unif=0.685% hoop=354MPa
  [ 221] OK     f=   1.237  a=40.2 b=60.8 gap=23.4 (face=18.8mm) n=[348, 130, 116, 778, 554, 638, 737]  tape=1.237km B=11.22T unif=0.360% hoop=237MPa
  [ 222] viol   f=   1.815  a=57.2 b=66.4 gap=21.7 (face=15.4mm) n=[163, 108, 453, 764, 132, 791, 485]  tape=1.285km B=9.48T unif=0.410% hoop=286MPa
  [ 223] viol   f=   3.938  a=45.8 b=62.4 gap=23.9 (face=19.7mm) n=[254, 180, 289, 443, 574, 786, 354]  tape=1.211km B=8.83T unif=0.207% hoop=259MPa
  [ 224] OK     f=   1.444  a=42.6 b=64.1 gap=20.6 (face=13.3mm) n=[579, 161, 174, 887, 516, 604, 513]  tape=1.444km B=12.14T unif=0.726% hoop=298MPa
  [ 225] OK     f=   1.376  a=53.3 b=64.1 gap=20.4 (face=12.8mm) n=[402, 62, 386, 809, 695, 738, 165]  tape=1.376km B=11.57T unif=0.603% hoop=317MPa
  [ 226] INFEAS f=1049.670  a=34.7 b=58.2 gap=20.2 (face=12.4mm) n=[218, 304, 160, 862, 347, 657, 644]  no evaluation (geometry pre-check)
  [ 227] INFEAS f=2069.180  a=40.0 b=39.8 gap=23.8 (face=19.6mm) n=[360, 251, 307, 896, 426, 635, 762]  no evaluation (geometry pre-check)
  [ 228] viol   f=   1.596  a=38.8 b=52.5 gap=29.2 (face=30.3mm) n=[492, 60, 275, 611, 623, 889, 287]  tape=1.183km B=9.55T unif=0.817% hoop=206MPa
  [ 229] viol   f=  74.474  a=33.3 b=41.0 gap=19.0 (face=10.1mm) n=[729, 335, 445, 759, 78, 464, 359]  tape=0.911km B=15.24T unif=1.606% hoop=204MPa
  [ 230] INFEAS f=10764.271  a=40.7 b=30.1 gap=23.6 (face=19.2mm) n=[416, 219, 53, 875, 330, 466, 305]  no evaluation (geometry pre-check)
  [ 231] OK     f=   1.205  a=40.7 b=55.1 gap=16.3 (face=4.5mm) n=[251, 411, 339, 649, 735, 555, 394]  tape=1.205km B=13.87T unif=0.903% hoop=334MPa
  [ 232] viol   f=   2.221  a=47.8 b=71.9 gap=32.6 (face=37.2mm) n=[423, 124, 72, 828, 659, 734, 643]  tape=1.525km B=9.41T unif=0.447% hoop=255MPa
  [ 233] OK     f=   1.529  a=45.4 b=72.5 gap=24.0 (face=19.9mm) n=[313, 100, 162, 702, 861, 707, 597]  tape=1.529km B=10.73T unif=0.424% hoop=264MPa
  [ 234] OK     f=   1.458  a=50.2 b=64.8 gap=19.7 (face=11.4mm) n=[384, 119, 420, 698, 842, 289, 617]  tape=1.458km B=11.75T unif=0.719% hoop=331MPa
  [ 235] viol   f=   2.403  a=62.6 b=76.7 gap=31.4 (face=34.7mm) n=[894, 75, 125, 794, 406, 279, 699]  tape=1.646km B=9.39T unif=0.590% hoop=290MPa
  [ 236] viol   f=   1.433  a=39.6 b=52.0 gap=20.0 (face=12.0mm) n=[224, 368, 65, 630, 344, 896, 161]  tape=1.008km B=9.54T unif=0.273% hoop=223MPa
  [ 237] OK     f=   1.425  a=41.8 b=58.7 gap=28.9 (face=29.8mm) n=[540, 330, 344, 897, 558, 327, 504]  tape=1.425km B=10.66T unif=0.189% hoop=316MPa
  [ 238] OK     f=   1.436  a=41.5 b=65.6 gap=28.1 (face=28.2mm) n=[294, 95, 303, 893, 736, 704, 413]  tape=1.436km B=10.17T unif=0.457% hoop=238MPa
  [ 239] OK     f=   1.552  a=50.2 b=69.7 gap=21.3 (face=14.7mm) n=[479, 58, 88, 879, 605, 656, 752]  tape=1.552km B=11.73T unif=0.423% hoop=313MPa
  [ 240] INFEAS f=6271.207  a=52.7 b=46.2 gap=22.3 (face=16.6mm) n=[807, 55, 384, 705, 889, 245, 403]  no evaluation (geometry pre-check)
  [ 241] OK     f=   1.258  a=49.5 b=64.8 gap=18.5 (face=9.0mm) n=[206, 141, 124, 738, 865, 497, 315]  tape=1.258km B=10.24T unif=0.788% hoop=268MPa
  [ 242] INFEAS f=2049.798  a=40.0 b=39.9 gap=17.9 (face=7.8mm) n=[614, 368, 86, 615, 899, 724, 57]  no evaluation (geometry pre-check)
  [ 243] INFEAS f=1087.034  a=33.9 b=37.9 gap=16.8 (face=5.6mm) n=[299, 249, 243, 842, 650, 159, 380]  no evaluation (geometry pre-check)
  [ 244] OK     f=   1.472  a=45.4 b=62.5 gap=17.3 (face=6.6mm) n=[413, 472, 151, 864, 575, 272, 868]  tape=1.472km B=13.28T unif=0.371% hoop=367MPa
  [ 245] INFEAS f=6787.025  a=29.3 b=64.6 gap=19.9 (face=11.9mm) n=[469, 145, 492, 874, 721, 478, 895]  no evaluation (geometry pre-check)
  [ 246] viol   f=   1.577  a=44.4 b=51.9 gap=24.1 (face=20.2mm) n=[406, 361, 431, 239, 252, 896, 405]  tape=1.185km B=9.56T unif=0.019% hoop=309MPa
  [ 247] OK     f=   1.371  a=45.3 b=63.5 gap=23.2 (face=18.4mm) n=[374, 196, 80, 892, 651, 510, 512]  tape=1.371km B=10.71T unif=0.177% hoop=337MPa
  [ 248] OK     f=   1.187  a=38.4 b=45.6 gap=24.5 (face=21.1mm) n=[577, 495, 161, 878, 669, 615, 198]  tape=1.187km B=12.90T unif=0.949% hoop=217MPa
  [ 249] OK     f=   1.277  a=45.9 b=58.8 gap=19.9 (face=11.9mm) n=[127, 57, 492, 882, 774, 518, 354]  tape=1.277km B=11.34T unif=0.183% hoop=257MPa
  [ 250] INFEAS f=1752.987  a=37.4 b=38.0 gap=17.7 (face=7.4mm) n=[204, 317, 365, 579, 798, 585, 406]  no evaluation (geometry pre-check)
  [ 251] INFEAS f=1506.543  a=33.5 b=69.6 gap=22.3 (face=16.6mm) n=[440, 482, 285, 870, 553, 503, 357]  no evaluation (geometry pre-check)
  [ 252] INFEAS f=1001.496  a=36.1 b=42.1 gap=20.7 (face=13.4mm) n=[605, 595, 101, 887, 735, 334, 599]  no evaluation (geometry pre-check)
  [ 253] OK     f=   1.421  a=45.5 b=51.7 gap=20.4 (face=12.8mm) n=[621, 501, 157, 863, 798, 665, 358]  tape=1.421km B=15.51T unif=0.367% hoop=331MPa
  [ 254] OK     f=   1.181  a=36.3 b=47.6 gap=24.3 (face=20.6mm) n=[432, 637, 353, 552, 860, 362, 255]  tape=1.181km B=12.89T unif=0.221% hoop=250MPa
  [ 255] viol   f=   9.310  a=38.0 b=63.0 gap=21.7 (face=15.4mm) n=[92, 308, 132, 436, 626, 424, 153]  tape=0.842km B=7.94T unif=0.677% hoop=196MPa
  [ 256] viol   f=  20.184  a=42.3 b=52.4 gap=22.6 (face=17.3mm) n=[393, 313, 86, 828, 698, 727, 162]  tape=1.140km B=11.78T unif=1.309% hoop=242MPa
  [ 257] INFEAS f=4185.341  a=31.0 b=42.3 gap=23.8 (face=19.7mm) n=[379, 186, 266, 890, 520, 515, 731]  no evaluation (geometry pre-check)
  [ 258] INFEAS f=1902.176  a=33.9 b=72.6 gap=19.7 (face=11.4mm) n=[377, 97, 289, 900, 819, 757, 479]  no evaluation (geometry pre-check)
  [ 259] OK     f=   1.119  a=42.6 b=56.5 gap=17.2 (face=6.3mm) n=[285, 65, 233, 864, 888, 344, 242]  tape=1.119km B=11.66T unif=0.539% hoop=235MPa
  [ 260] OK     f=   1.400  a=52.2 b=67.2 gap=20.5 (face=13.0mm) n=[210, 417, 98, 852, 667, 518, 326]  tape=1.400km B=10.49T unif=0.770% hoop=309MPa
  [ 261] viol   f=   3.361  a=50.6 b=65.9 gap=16.0 (face=4.0mm) n=[317, 181, 72, 782, 523, 104, 647]  tape=1.138km B=9.62T unif=1.099% hoop=267MPa
  [ 262] viol   f=   4.243  a=43.4 b=64.1 gap=16.6 (face=5.2mm) n=[303, 113, 307, 897, 846, 568, 87]  tape=1.286km B=12.24T unif=1.122% hoop=263MPa
  [ 263] INFEAS f=1051.245  a=34.6 b=56.7 gap=25.6 (face=23.2mm) n=[285, 388, 79, 289, 860, 308, 99]  no evaluation (geometry pre-check)
  [ 264] viol   f=   2.624  a=40.4 b=63.8 gap=16.7 (face=5.3mm) n=[386, 65, 164, 890, 838, 377, 101]  tape=1.141km B=11.28T unif=1.086% hoop=230MPa
  [ 265] OK     f=   1.297  a=40.9 b=58.5 gap=15.5 (face=3.0mm) n=[155, 493, 59, 682, 897, 672, 388]  tape=1.297km B=13.26T unif=0.798% hoop=279MPa
  [ 266] INFEAS f=2957.450  a=44.7 b=42.7 gap=21.5 (face=15.0mm) n=[444, 550, 362, 810, 641, 761, 71]  no evaluation (geometry pre-check)
  [ 267] INFEAS f=22340.268  a=56.8 b=38.7 gap=23.1 (face=18.2mm) n=[54, 81, 334, 658, 569, 545, 275]  no evaluation (geometry pre-check)
  [ 268] viol   f=  13.967  a=57.0 b=67.1 gap=26.7 (face=25.5mm) n=[470, 121, 178, 330, 899, 346, 247]  tape=1.260km B=7.48T unif=0.184% hoop=282MPa
  [ 269] viol   f=  20.625  a=40.0 b=51.9 gap=23.8 (face=19.6mm) n=[285, 531, 464, 864, 717, 774, 63]  tape=1.284km B=13.46T unif=1.311% hoop=295MPa
  [ 270] viol   f=   8.730  a=59.9 b=73.1 gap=16.1 (face=4.2mm) n=[142, 370, 208, 472, 899, 138, 397]  tape=1.351km B=8.38T unif=1.103% hoop=358MPa
  [ 271] OK     f=   1.578  a=52.8 b=63.5 gap=19.0 (face=10.0mm) n=[523, 219, 323, 892, 900, 349, 422]  tape=1.578km B=12.91T unif=0.575% hoop=356MPa
  [ 272] viol   f=  12.871  a=34.4 b=67.7 gap=15.9 (face=3.7mm) n=[340, 95, 628, 655, 433, 578, 152]  tape=1.099km B=13.02T unif=1.243% hoop=227MPa
  [ 273] OK     f=   1.102  a=42.9 b=53.7 gap=17.7 (face=7.4mm) n=[428, 104, 63, 631, 899, 588, 190]  tape=1.102km B=11.05T unif=0.097% hoop=248MPa
  [ 274] viol   f=  36.770  a=41.3 b=64.0 gap=15.6 (face=3.1mm) n=[171, 101, 51, 891, 805, 376, 106]  tape=1.015km B=10.18T unif=1.423% hoop=202MPa
  [ 275] viol   f=   2.191  a=40.4 b=69.9 gap=15.5 (face=3.0mm) n=[319, 282, 237, 839, 842, 765, 103]  tape=1.403km B=13.68T unif=1.063% hoop=334MPa
  [ 276] viol   f=  44.774  a=43.3 b=58.2 gap=15.5 (face=3.1mm) n=[383, 502, 158, 746, 606, 105, 275]  tape=1.071km B=11.64T unif=1.467% hoop=294MPa
  [ 277] viol   f=  15.136  a=34.8 b=59.3 gap=16.6 (face=5.3mm) n=[105, 397, 240, 765, 788, 624, 184]  tape=1.121km B=13.01T unif=1.265% hoop=235MPa
  [ 278] INFEAS f=9321.905  a=27.0 b=42.2 gap=16.6 (face=5.2mm) n=[396, 103, 187, 872, 871, 237, 469]  no evaluation (geometry pre-check)
  [ 279] OK     f=   1.343  a=47.1 b=65.6 gap=26.1 (face=24.2mm) n=[588, 97, 98, 754, 600, 487, 696]  tape=1.343km B=11.00T unif=0.334% hoop=277MPa
  [ 280] viol   f=  51.678  a=34.0 b=60.2 gap=15.6 (face=3.3mm) n=[92, 148, 154, 778, 514, 387, 525]  tape=0.986km B=10.52T unif=1.503% hoop=232MPa
  [ 281] OK     f=   1.364  a=42.0 b=59.2 gap=18.6 (face=9.2mm) n=[494, 94, 275, 800, 892, 585, 335]  tape=1.364km B=13.23T unif=0.641% hoop=285MPa
  [ 282] OK     f=   1.469  a=47.8 b=58.3 gap=17.4 (face=6.8mm) n=[520, 78, 278, 875, 746, 593, 632]  tape=1.469km B=14.30T unif=0.588% hoop=327MPa
  [ 283] OK     f=   1.241  a=47.7 b=55.8 gap=20.6 (face=13.3mm) n=[579, 123, 101, 694, 631, 787, 406]  tape=1.241km B=12.50T unif=0.569% hoop=277MPa
  [ 284] OK     f=   1.380  a=45.4 b=59.1 gap=23.0 (face=18.0mm) n=[555, 175, 388, 821, 781, 238, 592]  tape=1.380km B=12.34T unif=0.236% hoop=269MPa
  [ 285] viol   f=   4.719  a=57.7 b=79.0 gap=18.3 (face=8.7mm) n=[330, 100, 77, 858, 890, 417, 381]  tape=1.542km B=10.01T unif=1.126% hoop=338MPa  [a=54 b=95 nt=2491] KSP converged reason: 4, iterations: 1
  [a=41 b=112 nt=2919] KSP converged reason: 4, iterations: 1
  [a=47 b=66 nt=2454] KSP converged reason: 4, iterations: 1
  [a=34 b=114 nt=3012] KSP converged reason: 4, iterations: 1
  [a=51 b=62 nt=3947] KSP converged reason: 4, iterations: 1
  [a=45 b=89 nt=3722] KSP converged reason: 4, iterations: 1
  [a=55 b=72 nt=2932] KSP converged reason: 4, iterations: 1
  [a=47 b=90 nt=3616] KSP converged reason: 4, iterations: 1
  [a=61 b=84 nt=3305] KSP converged reason: 4, iterations: 1
  [a=45 b=54 nt=3511] KSP converged reason: 4, iterations: 1
  [a=54 b=69 nt=3671] KSP converged reason: 4, iterations: 1
  [a=48 b=73 nt=3414] KSP converged reason: 4, iterations: 1
  [a=32 b=77 nt=2787] KSP converged reason: 4, iterations: 1
  [a=41 b=51 nt=4243] KSP converged reason: 4, iterations: 1
  [a=63 b=82 nt=3205] KSP converged reason: 4, iterations: 1
  [a=53 b=74 nt=3507] KSP converged reason: 4, iterations: 1
  [a=41 b=78 nt=3672] KSP converged reason: 4, iterations: 1
  [a=42 b=77 nt=3558] KSP converged reason: 4, iterations: 1
  [a=46 b=62 nt=2880] KSP converged reason: 4, iterations: 1
  [a=41 b=55 nt=3334] KSP converged reason: 4, iterations: 1
  [a=50 b=65 nt=2886] KSP converged reason: 4, iterations: 1
  [a=46 b=52 nt=3963] KSP converged reason: 4, iterations: 1
  [a=57 b=67 nt=2591] KSP converged reason: 4, iterations: 1
  [a=60 b=73 nt=2626] KSP converged reason: 4, iterations: 1
  [a=43 b=58 nt=2775] KSP converged reason: 4, iterations: 1
  [a=34 b=60 nt=2598] KSP converged reason: 4, iterations: 1
  [a=58 b=79 nt=3053] KSP converged reason: 4, iterations: 1
  [a=46 b=71 nt=3505] KSP converged reason: 4, iterations: 1
  [a=34 b=68 nt=3420] KSP converged reason: 4, iterations: 1
  [a=47 b=60 nt=3202] KSP converged reason: 4, iterations: 1
  [a=48 b=53 nt=2729] KSP converged reason: 4, iterations: 1
  [a=37 b=73 nt=2910] KSP converged reason: 4, iterations: 1
  [a=47 b=69 nt=3569] KSP converged reason: 4, iterations: 1
  [a=44 b=76 nt=2936] KSP converged reason: 4, iterations: 1
  [a=36 b=75 nt=3106] KSP converged reason: 4, iterations: 1
  [a=38 b=51 nt=2504] KSP converged reason: 4, iterations: 1
  [a=52 b=70 nt=3694] KSP converged reason: 4, iterations: 1
  [a=46 b=62 nt=2922] KSP converged reason: 4, iterations: 1
  [a=51 b=82 nt=2647] KSP converged reason: 4, iterations: 1
  [a=47 b=93 nt=3015] KSP converged reason: 4, iterations: 1
  [a=49 b=68 nt=3581] KSP converged reason: 4, iterations: 1
  [a=50 b=79 nt=2896] KSP converged reason: 4, iterations: 1
  [a=56 b=83 nt=3117] KSP converged reason: 4, iterations: 1
  [a=57 b=69 nt=3427] KSP converged reason: 4, iterations: 1
  [a=62 b=88 nt=2946] KSP converged reason: 4, iterations: 1
  [a=63 b=80 nt=3662] KSP converged reason: 4, iterations: 1
  [a=49 b=81 nt=3451] KSP converged reason: 4, iterations: 1
  [a=44 b=50 nt=4213] KSP converged reason: 4, iterations: 1
  [a=45 b=68 nt=3916] KSP converged reason: 4, iterations: 1
  [a=41 b=61 nt=3807] KSP converged reason: 4, iterations: 1
  [a=45 b=70 nt=3306] KSP converged reason: 4, iterations: 1
  [a=69 b=80 nt=3101] KSP converged reason: 4, iterations: 1
  [a=39 b=52 nt=3237] KSP converged reason: 4, iterations: 1
  [a=33 b=41 nt=3169] KSP converged reason: 4, iterations: 1
  [a=40 b=52 nt=2688] KSP converged reason: 4, iterations: 1
  [a=42 b=59 nt=3500] KSP converged reason: 4, iterations: 1
  [a=44 b=52 nt=2990] KSP converged reason: 4, iterations: 1
  [a=36 b=48 nt=3451] KSP converged reason: 4, iterations: 1
  [a=40 b=64 nt=2821] KSP converged reason: 4, iterations: 1
  [a=53 b=63 nt=3628] KSP converged reason: 4, iterations: 1
  [a=48 b=56 nt=3321] KSP converged reason: 4, iterations: 1
  [a=44 b=55 nt=3164] KSP converged reason: 4, iterations: 1
  [a=36 b=57 nt=3227] KSP converged reason: 4, iterations: 1
  [a=52 b=81 nt=2763] KSP converged reason: 4, iterations: 1
  [a=42 b=57 nt=1706] KSP converged reason: 4, iterations: 1
  [a=69 b=93 nt=2895] KSP converged reason: 4, iterations: 1
  [a=36 b=42 nt=3143] KSP converged reason: 4, iterations: 1
  [a=63 b=98 nt=3833] KSP converged reason: 4, iterations: 1
  [a=52 b=83 nt=2341] KSP converged reason: 4, iterations: 1
  [a=40 b=96 nt=2854] KSP converged reason: 4, iterations: 1
  [a=49 b=86 nt=3043] KSP converged reason: 4, iterations: 1
  [a=43 b=85 nt=3017] KSP converged reason: 4, iterations: 1
  [a=37 b=100 nt=3593] KSP converged reason: 4, iterations: 1
  [a=48 b=55 nt=4245] KSP converged reason: 4, iterations: 1
  [a=81 b=91 nt=3530] KSP converged reason: 4, iterations: 1
  [a=37 b=84 nt=2950] KSP converged reason: 4, iterations: 1
  [a=47 b=73 nt=4086] KSP converged reason: 4, iterations: 1
  [a=47 b=69 nt=4197] KSP converged reason: 4, iterations: 1
  [a=59 b=68 nt=3267] KSP converged reason: 4, iterations: 1
  [a=56 b=76 nt=3248] KSP converged reason: 4, iterations: 1
  [a=49 b=66 nt=3641] KSP converged reason: 4, iterations: 1
  [a=45 b=56 nt=4802] KSP converged reason: 4, iterations: 1
  [a=62 b=84 nt=4700] KSP converged reason: 4, iterations: 1
  [a=57 b=91 nt=2999] KSP converged reason: 4, iterations: 1
  [a=40 b=61 nt=3301] KSP converged reason: 4, iterations: 1
  [a=50 b=65 nt=3369] KSP converged reason: 4, iterations: 1
  [a=42 b=66 nt=3438] KSP converged reason: 4, iterations: 1
  [a=45 b=64 nt=3215] KSP converged reason: 4, iterations: 1
  [a=38 b=63 nt=2171] KSP converged reason: 4, iterations: 1
  [a=51 b=66 nt=2626] KSP converged reason: 4, iterations: 1
  [a=34 b=68 nt=2881] KSP converged reason: 4, iterations: 1
  [a=42 b=59 nt=3475] KSP converged reason: 4, iterations: 1
  [a=46 b=58 nt=2964] KSP converged reason: 4, iterations: 1
  [a=35 b=66 nt=3106] KSP converged reason: 4, iterations: 1
  [a=56 b=74 nt=2622] KSP converged reason: 4, iterations: 1
  [a=45 b=51 nt=2961] KSP converged reason: 4, iterations: 1
  [a=77 b=110 nt=2877] KSP converged reason: 4, iterations: 1
  [a=53 b=92 nt=4083] KSP converged reason: 4, iterations: 1
  [a=47 b=121 nt=2808] KSP converged reason: 4, iterations: 1
  [a=54 b=97 nt=3155] KSP converged reason: 4, iterations: 1
  [a=57 b=97 nt=3006] KSP converged reason: 4, iterations: 1
  [a=76 b=86 nt=2678] KSP converged reason: 4, iterations: 1
  [a=57 b=75 nt=3294] KSP converged reason: 4, iterations: 1
  [a=51 b=93 nt=3120] KSP converged reason: 4, iterations: 1
  [a=59 b=91 nt=2743] KSP converged reason: 4, iterations: 1
  [a=67 b=101 nt=2961] KSP converged reason: 4, iterations: 1
  [a=59 b=104 nt=3427] KSP converged reason: 4, iterations: 1
  [a=49 b=71 nt=2761] KSP converged reason: 4, iterations: 1
  [a=40 b=60 nt=2839] KSP converged reason: 4, iterations: 1
  [a=48 b=89 nt=2623] KSP converged reason: 4, iterations: 1
  [a=40 b=71 nt=3839] KSP converged reason: 4, iterations: 1
  [a=52 b=66 nt=4122] KSP converged reason: 4, iterations: 1
  [a=45 b=83 nt=3835] KSP converged reason: 4, iterations: 1
  [a=48 b=70 nt=4070] KSP converged reason: 4, iterations: 1
  [a=53 b=77 nt=3198] KSP converged reason: 4, iterations: 1
  [a=45 b=57 nt=3696] KSP converged reason: 4, iterations: 1
  [a=47 b=61 nt=3394] KSP converged reason: 4, iterations: 1
  [a=53 b=64 nt=3257] KSP converged reason: 4, iterations: 1
  [a=45 b=72 nt=3442] KSP converged reason: 4, iterations: 1
  [a=45 b=63 nt=3615] KSP converged reason: 4, iterations: 1
  [a=42 b=52 nt=3207] KSP converged reason: 4, iterations: 1
  [a=40 b=52 nt=3698] KSP converged reason: 4, iterations: 1
  [a=40 b=70 nt=3387] KSP converged reason: 4, iterations: 1
  [a=48 b=58 nt=3722] KSP converged reason: 4, iterations: 1
  [a=36 b=59 nt=2921] KSP converged reason: 4, iterations: 1
  [a=37 b=59 nt=3290] KSP converged reason: 4, iterations: 1
  [a=35 b=58 nt=2432] KSP converged reason: 4, iterations: 1
  [a=52 b=60 nt=3127] KSP converged reason: 4, iterations: 1
  [a=51 b=79 nt=3197] KSP converged reason: 4, iterations: 1
  [a=47 b=86 nt=3596] KSP converged reason: 4, iterations: 1
  [a=47 b=81 nt=2383] KSP converged reason: 4, iterations: 1
  [a=52 b=58 nt=3789] KSP converged reason: 4, iterations: 1
  [a=43 b=93 nt=2918] KSP converged reason: 4, iterations: 1
  [a=57 b=78 nt=3026] KSP converged reason: 4, iterations: 1
  [a=66 b=74 nt=3433] KSP converged reason: 4, iterations: 1
  [a=53 b=62 nt=2579] KSP converged reason: 4, iterations: 1
  [a=53 b=77 nt=2924] KSP converged reason: 4, iterations: 1
  [a=44 b=102 nt=3044] KSP converged reason: 4, iterations: 1
  [a=41 b=69 nt=3171] KSP converged reason: 4, iterations: 1
  [a=49 b=86 nt=4128] KSP converged reason: 4, iterations: 1
  [a=48 b=56 nt=3513] KSP converged reason: 4, iterations: 1
  [a=70 b=94 nt=3192] KSP converged reason: 4, iterations: 1
  [a=53 b=92 nt=4177] KSP converged reason: 4, iterations: 1
  [a=59 b=75 nt=3393] KSP converged reason: 4, iterations: 1
  [a=55 b=69 nt=4186] KSP converged reason: 4, iterations: 1
  [a=52 b=78 nt=3678] KSP converged reason: 4, iterations: 1
  [a=46 b=61 nt=3039] KSP converged reason: 4, iterations: 1
  [a=52 b=70 nt=3401] KSP converged reason: 4, iterations: 1
  [a=57 b=66 nt=2896] KSP converged reason: 4, iterations: 1
  [a=48 b=72 nt=3483] KSP converged reason: 4, iterations: 1
  [a=46 b=59 nt=3204] KSP converged reason: 4, iterations: 1
  [a=43 b=57 nt=2921] KSP converged reason: 4, iterations: 1
  [a=43 b=64 nt=3121] KSP converged reason: 4, iterations: 1
  [a=43 b=54 nt=2903] KSP converged reason: 4, iterations: 1
  [a=47 b=66 nt=3320] KSP converged reason: 4, iterations: 1
  [a=44 b=67 nt=3403] KSP converged reason: 4, iterations: 1
  [a=56 b=68 nt=3563] KSP converged reason: 4, iterations: 1
  [a=41 b=58 nt=4018] KSP converged reason: 4, iterations: 1
  [a=42 b=63 nt=3175] KSP converged reason: 4, iterations: 1
  [a=38 b=67 nt=3422] KSP converged reason: 4, iterations: 1
  [a=47 b=86 nt=3075] KSP converged reason: 4, iterations: 1
  [a=44 b=79 nt=2449] KSP converged reason: 4, iterations: 1
  [a=72 b=85 nt=2585] KSP converged reason: 4, iterations: 1
  [a=50 b=71 nt=2608] KSP converged reason: 4, iterations: 1
  [a=43 b=54 nt=3739] KSP converged reason: 4, iterations: 1
  [a=61 b=67 nt=3839] KSP converged reason: 4, iterations: 1
  [a=53 b=65 nt=2374] KSP converged reason: 4, iterations: 1
  [a=66 b=81 nt=3935] KSP converged reason: 4, iterations: 1
  [a=85 b=96 nt=3946] KSP converged reason: 4, iterations: 1
  [a=40 b=93 nt=2644] KSP converged reason: 4, iterations: 1
  [a=35 b=69 nt=2990] KSP converged reason: 4, iterations: 1
  [a=70 b=108 nt=3275] KSP converged reason: 4, iterations: 1
  [a=37 b=68 nt=3983] KSP converged reason: 4, iterations: 1
  [a=56 b=83 nt=3258] KSP converged reason: 4, iterations: 1
  [a=38 b=52 nt=2473] KSP converged reason: 4, iterations: 1
  [a=59 b=76 nt=2248] KSP converged reason: 4, iterations: 1
  [a=49 b=59 nt=3378] KSP converged reason: 4, iterations: 1
  [a=37 b=80 nt=2913] KSP converged reason: 4, iterations: 1
  [a=44 b=65 nt=3411] KSP converged reason: 4, iterations: 1
  [a=45 b=76 nt=2979] KSP converged reason: 4, iterations: 1
  [a=53 b=105 nt=3597] KSP converged reason: 4, iterations: 1
  [a=37 b=78 nt=3526] KSP converged reason: 4, iterations: 1
  [a=38 b=80 nt=4049] KSP converged reason: 4, iterations: 1
  [a=43 b=64 nt=3434] KSP converged reason: 4, iterations: 1
  [a=63 b=77 nt=3272] KSP converged reason: 4, iterations: 1
  [a=50 b=70 nt=3517] KSP converged reason: 4, iterations: 1
  [a=38 b=46 nt=3593] KSP converged reason: 4, iterations: 1
  [a=52 b=67 nt=3088] KSP converged reason: 4, iterations: 1
  [a=41 b=58 nt=3346] KSP converged reason: 4, iterations: 1
  [a=41 b=64 nt=2501] KSP converged reason: 4, iterations: 1
  [a=35 b=59 nt=3103] KSP converged reason: 4, iterations: 1
  [a=45 b=59 nt=3550] KSP converged reason: 4, iterations: 1
  [a=43 b=59 nt=3318] KSP converged reason: 4, iterations: 1
  [a=36 b=62 nt=2753] KSP converged reason: 4, iterations: 1
  [a=40 b=57 nt=3022] KSP converged reason: 4, iterations: 1

  [ 286] OK     f=   1.411  a=43.7 b=66.8 gap=19.7 (face=11.5mm) n=[684, 234, 108, 808, 881, 578, 110]  tape=1.411km B=12.84T unif=0.809% hoop=259MPa
  [ 287] viol   f=   2.879  a=46.2 b=70.6 gap=15.5 (face=3.0mm) n=[471, 202, 306, 879, 885, 425, 337]  tape=1.572km B=13.19T unif=1.081% hoop=372MPa
  [ 288] INFEAS f=1859.165  a=33.8 b=63.9 gap=19.3 (face=10.7mm) n=[444, 380, 378, 896, 748, 330, 558]  no evaluation (geometry pre-check)
  [ 289] OK     f=   1.227  a=43.8 b=54.8 gap=18.5 (face=8.9mm) n=[539, 158, 199, 613, 862, 493, 300]  tape=1.227km B=11.99T unif=0.495% hoop=285MPa
  [ 290] viol   f=  16.858  a=56.5 b=67.5 gap=18.2 (face=8.5mm) n=[555, 320, 95, 728, 782, 511, 572]  tape=1.572km B=12.64T unif=1.276% hoop=383MPa
  [ 291] OK     f=   1.248  a=43.3 b=59.0 gap=17.6 (face=7.2mm) n=[566, 77, 84, 741, 755, 846, 249]  tape=1.248km B=13.11T unif=0.695% hoop=270MPa
  [ 292] INFEAS f=1170.976  a=48.3 b=51.3 gap=20.4 (face=12.8mm) n=[508, 105, 146, 757, 897, 313, 148]  no evaluation (geometry pre-check)
  [ 293] INFEAS f=3684.518  a=58.4 b=55.2 gap=24.0 (face=20.1mm) n=[661, 197, 85, 749, 899, 240, 454]  no evaluation (geometry pre-check)
  [ 294] INFEAS f=2584.179  a=31.5 b=48.7 gap=18.4 (face=8.8mm) n=[399, 90, 418, 605, 862, 767, 186]  no evaluation (geometry pre-check)
  [ 295] viol   f=   1.472  a=33.7 b=67.8 gap=19.7 (face=11.4mm) n=[474, 273, 298, 688, 775, 623, 289]  tape=1.360km B=13.12T unif=1.024% hoop=265MPa
  [ 296] INFEAS f=1093.701  a=50.1 b=53.6 gap=19.0 (face=9.9mm) n=[601, 103, 116, 759, 651, 570, 422]  no evaluation (geometry pre-check)
  [ 297] OK     f=   1.113  a=35.5 b=58.7 gap=20.1 (face=12.2mm) n=[420, 319, 58, 515, 823, 572, 214]  tape=1.113km B=10.78T unif=0.648% hoop=239MPa
  [ 298] viol   f=   3.870  a=41.4 b=58.0 gap=20.5 (face=13.1mm) n=[728, 375, 323, 689, 692, 556, 655]  tape=1.420km B=16.16T unif=1.111% hoop=304MPa
  [ 299] viol   f=   3.332  a=45.5 b=58.4 gap=23.4 (face=18.9mm) n=[703, 179, 59, 685, 479, 531, 328]  tape=1.110km B=11.45T unif=1.105% hoop=259MPa
  [ 300] INFEAS f=3217.079  a=49.4 b=46.9 gap=17.0 (face=6.1mm) n=[548, 157, 263, 865, 874, 545, 344]  no evaluation (geometry pre-check)
  [ 301] INFEAS f=1143.284  a=33.2 b=56.7 gap=20.0 (face=12.1mm) n=[515, 520, 99, 573, 751, 835, 102]  no evaluation (geometry pre-check)
  [ 302] OK     f=   1.205  a=36.5 b=59.4 gap=19.4 (face=10.8mm) n=[495, 373, 163, 711, 643, 789, 116]  tape=1.205km B=13.04T unif=0.847% hoop=265MPa
  [ 303] OK     f=   1.049  a=36.2 b=61.7 gap=21.3 (face=14.5mm) n=[556, 82, 183, 381, 610, 752, 189]  tape=1.049km B=10.27T unif=0.796% hoop=207MPa
  [ 304] OK     f=   1.147  a=36.4 b=57.2 gap=18.5 (face=8.9mm) n=[503, 221, 84, 825, 830, 621, 143]  tape=1.147km B=13.15T unif=0.767% hoop=234MPa
  [ 305] OK     f=   1.303  a=46.9 b=59.9 gap=18.5 (face=8.9mm) n=[310, 329, 401, 633, 841, 631, 57]  tape=1.303km B=11.90T unif=0.672% hoop=343MPa
  [ 306] viol   f=   3.431  a=41.5 b=63.2 gap=16.4 (face=4.8mm) n=[383, 151, 138, 690, 789, 585, 439]  tape=1.265km B=12.49T unif=1.104% hoop=269MPa
  [ 307] INFEAS f=2020.283  a=30.0 b=70.5 gap=15.5 (face=3.0mm) n=[361, 291, 271, 712, 800, 532, 102]  no evaluation (geometry pre-check)
  [ 308] viol   f=   2.698  a=35.2 b=66.3 gap=17.1 (face=6.2mm) n=[617, 178, 126, 639, 819, 676, 51]  tape=1.209km B=12.65T unif=1.086% hoop=222MPa
  [ 309] INFEAS f=1983.242  a=33.6 b=80.4 gap=16.9 (face=5.8mm) n=[473, 204, 110, 622, 894, 437, 210]  no evaluation (geometry pre-check)
  [ 310] OK     f=   1.065  a=39.9 b=57.0 gap=19.0 (face=10.0mm) n=[468, 180, 89, 669, 702, 654, 260]  tape=1.065km B=12.26T unif=0.755% hoop=232MPa

==========================================================================================
CMA-ES finished: 310 evaluations in 6.7 min
==========================================================================================

Best feasible design found:
  a_mm             36.311991239873336
  b_mm             41.77215651385002
  gap_mm           19.92027475569988
  face_gap_mm      11.840549511399757
  n_turns          [743, 71, 281, 842, 700, 386, 120]
  n_total          3143
  tape_km          0.9384164928761629
  B_target_T       14.292787829692692
  uniformity_pct   0.8770049042915092
  hoop_MPa         187.70640081757207
  delam_MPa        16.877674979255456
  I_quench_A       402.5561143984169
  I_op_A           221.42800571970128
  binding          quench/SF
  clip_frac        0.20961538461538462

Full evaluation history -> optimize/cmaes_history.csv
Best design            -> optimize/cmaes_results.csv
Appended 310 rows to cumulative master log -> optimize/cmaes_all_evaluations.csv

Figures -> /home/gerrityjack/fenicsx/Racetrack-Coil-Optimization/visualization/cmaes_convergence.png, cmaes_constraints.png, cmaes_variables.png, cmaes_overview.png
Cumulative parameter-space map -> visualization/cmaes_param_map.png (4170 evaluations, 13 runs)
