Starting CMA-ES: 10 variables, budget 300 evaluations, target B >= 10.0 T, uniformity <= 1.0%, hoop <= 400 MPa, coil-coil face gap >= 3 mm

Parallel mode: 6 worker processes per generation.
  [   1] INFEAS f=281290.079  a=-11.8 b=123.5 gap=33.1 (face=38.1mm) n=[784, 66, 843, 68, 720, 219, 885]  no evaluation (geometry pre-check)
  [   2] INFEAS f=160420.145  a=-0.9 b=113.5 gap=40.5 (face=53.0mm) n=[871, 359, 607, 671, 898, 372, 900]  no evaluation (geometry pre-check)
  [   3] viol   f=   3.814  a=36.8 b=98.6 gap=38.6 (face=49.1mm) n=[603, 430, 711, 299, 379, 724, 756]  tape=2.000km B=9.05T unif=0.432% hoop=234MPa
  [   4] OK     f=   2.857  a=44.1 b=113.0 gap=42.4 (face=56.8mm) n=[871, 750, 712, 452, 892, 346, 863]  tape=2.857km B=10.60T unif=0.421% hoop=287MPa
  [   5] INFEAS f=157910.754  a=-0.7 b=111.1 gap=39.2 (face=50.4mm) n=[860, 749, 898, 279, 858, 533, 477]  no evaluation (geometry pre-check)
  [   6] INFEAS f=21303.234  a=17.8 b=94.9 gap=22.5 (face=17.0mm) n=[540, 461, 681, 456, 694, 175, 754]  no evaluation (geometry pre-check)
  [   7] viol   f=   2.830  a=50.8 b=99.7 gap=39.8 (face=51.6mm) n=[593, 232, 819, 560, 435, 765, 883]  tape=2.405km B=9.54T unif=0.279% hoop=316MPa
  [   8] INFEAS f=29524.884  a=16.7 b=97.3 gap=24.4 (face=20.8mm) n=[792, 568, 567, 672, 496, 607, 573]  no evaluation (geometry pre-check)
  [   9] INFEAS f=8534.357  a=27.1 b=115.1 gap=34.9 (face=41.9mm) n=[806, 576, 809, 456, 678, 862, 493]  no evaluation (geometry pre-check)
  [  10] INFEAS f=430620.638  a=-22.9 b=74.1 gap=32.2 (face=36.4mm) n=[687, 597, 632, 248, 816, 338, 654]  no evaluation (geometry pre-check)
  [  11] viol   f=   4.470  a=63.1 b=97.8 gap=39.1 (face=50.3mm) n=[631, 649, 895, 138, 721, 450, 398]  tape=2.303km B=8.96T unif=0.334% hoop=400MPa
  [  12] viol   f=   6.486  a=81.5 b=105.0 gap=34.4 (face=40.8mm) n=[518, 481, 888, 349, 842, 543, 872]  tape=2.915km B=8.66T unif=0.464% hoop=400MPa
  [  13] viol   f=   8.841  a=35.9 b=125.1 gap=40.6 (face=53.3mm) n=[731, 245, 417, 370, 813, 572, 674]  tape=2.405km B=8.21T unif=0.462% hoop=249MPa
  [  14] OK     f=   2.736  a=64.5 b=102.4 gap=40.0 (face=52.0mm) n=[630, 360, 900, 559, 893, 442, 759]  tape=2.736km B=10.03T unif=0.251% hoop=397MPa
  [  15] viol   f=  11.586  a=81.0 b=120.9 gap=41.8 (face=55.5mm) n=[714, 360, 650, 412, 891, 532, 875]  tape=3.171km B=7.95T unif=0.277% hoop=400MPa
  [  16] INFEAS f=10502.425  a=26.8 b=89.6 gap=43.3 (face=58.7mm) n=[835, 403, 881, 463, 637, 703, 617]  no evaluation (geometry pre-check)
  [  17] INFEAS f=7105.390  a=92.3 b=84.9 gap=38.8 (face=49.5mm) n=[507, 280, 511, 447, 670, 790, 898]  no evaluation (geometry pre-check)
  [  18] INFEAS f=22019.681  a=23.0 b=103.9 gap=41.6 (face=55.2mm) n=[360, 688, 562, 618, 361, 900, 835]  no evaluation (geometry pre-check)
  [  19] OK     f=   3.178  a=55.3 b=111.0 gap=33.1 (face=38.3mm) n=[795, 646, 754, 500, 899, 859, 863]  tape=3.178km B=13.14T unif=0.409% hoop=400MPa
  [  20] OK     f=   3.059  a=61.7 b=120.1 gap=31.4 (face=34.7mm) n=[817, 523, 824, 732, 299, 771, 785]  tape=3.059km B=11.86T unif=0.412% hoop=397MPa
  [  21] OK     f=   2.576  a=50.0 b=86.7 gap=28.1 (face=28.2mm) n=[632, 852, 896, 514, 739, 775, 849]  tape=2.576km B=15.47T unif=0.564% hoop=373MPa
  [  22] OK     f=   2.270  a=49.9 b=83.3 gap=39.8 (face=51.6mm) n=[828, 866, 651, 528, 850, 234, 833]  tape=2.270km B=11.70T unif=0.184% hoop=315MPa
  [  23] OK     f=   3.027  a=47.2 b=123.3 gap=38.3 (face=48.6mm) n=[851, 682, 840, 413, 307, 781, 893]  tape=3.027km B=11.04T unif=0.409% hoop=302MPa
  [  24] OK     f=   3.111  a=66.2 b=110.1 gap=31.4 (face=34.8mm) n=[896, 470, 812, 585, 542, 787, 868]  tape=3.111km B=10.93T unif=0.517% hoop=400MPa
  [  25] viol   f=   3.426  a=44.0 b=142.8 gap=37.7 (face=47.4mm) n=[543, 147, 655, 688, 890, 872, 690]  tape=3.189km B=9.66T unif=0.331% hoop=288MPa
  [  26] INFEAS f=1007.463  a=36.3 b=80.6 gap=29.7 (face=31.3mm) n=[753, 675, 896, 423, 683, 321, 673]  no evaluation (geometry pre-check)
  [  27] viol   f=   9.246  a=75.3 b=125.6 gap=32.0 (face=36.0mm) n=[511, 288, 736, 329, 765, 564, 636]  tape=2.729km B=8.19T unif=0.447% hoop=400MPa
  [  28] viol   f=  17.998  a=91.2 b=170.3 gap=36.2 (face=44.5mm) n=[833, 611, 683, 854, 665, 872, 677]  tape=4.763km B=7.43T unif=0.280% hoop=400MPa
  [  29] viol   f=   2.297  a=53.4 b=88.2 gap=36.6 (face=45.2mm) n=[505, 447, 656, 202, 885, 667, 766]  tape=2.175km B=9.75T unif=0.201% hoop=331MPa
  [  30] OK     f=   2.936  a=66.6 b=94.3 gap=37.3 (face=46.5mm) n=[893, 760, 899, 783, 898, 347, 742]  tape=2.936km B=12.33T unif=0.343% hoop=400MPa
  [  31] OK     f=   2.709  a=63.7 b=88.8 gap=37.0 (face=45.9mm) n=[880, 837, 869, 551, 774, 478, 734]  tape=2.709km B=12.75T unif=0.363% hoop=400MPa
  [  32] INFEAS f=1072.107  a=34.8 b=77.7 gap=42.2 (face=56.3mm) n=[774, 373, 358, 59, 611, 870, 719]  no evaluation (geometry pre-check)
  [  33] viol   f= 100.716  a=44.4 b=65.3 gap=43.2 (face=58.4mm) n=[792, 796, 780, 397, 769, 763, 887]  tape=2.025km B=11.52T unif=1.702% hoop=271MPa
  [  34] OK     f=   2.310  a=52.9 b=88.4 gap=40.5 (face=53.1mm) n=[497, 874, 888, 271, 860, 368, 778]  tape=2.310km B=10.49T unif=0.137% hoop=291MPa
  [  35] OK     f=   2.515  a=67.9 b=85.2 gap=41.2 (face=54.4mm) n=[900, 816, 832, 452, 895, 241, 620]  tape=2.515km B=11.29T unif=0.043% hoop=400MPa
  [  36] OK     f=   2.349  a=48.1 b=92.1 gap=23.6 (face=19.2mm) n=[304, 547, 772, 452, 767, 881, 800]  tape=2.349km B=13.82T unif=0.637% hoop=377MPa
  [  37] OK     f=   3.095  a=61.8 b=114.3 gap=30.6 (face=33.2mm) n=[900, 815, 892, 111, 541, 897, 865]  tape=3.095km B=12.91T unif=0.438% hoop=380MPa
  [  38] INFEAS f=1096.945  a=47.9 b=51.4 gap=34.1 (face=40.2mm) n=[900, 755, 493, 799, 720, 252, 858]  no evaluation (geometry pre-check)
  [  39] INFEAS f=101488.871  a=97.0 b=51.9 gap=42.3 (face=56.7mm) n=[899, 792, 501, 381, 898, 640, 673]  no evaluation (geometry pre-check)
  [  40] INFEAS f=45832.099  a=16.6 b=114.7 gap=38.8 (face=49.7mm) n=[763, 893, 874, 550, 820, 663, 898]  no evaluation (geometry pre-check)
  [  41] viol   f=   3.606  a=43.7 b=78.6 gap=22.6 (face=17.1mm) n=[679, 900, 684, 225, 897, 486, 455]  tape=1.994km B=15.31T unif=1.090% hoop=355MPa
  [  42] OK     f=   2.481  a=68.1 b=86.7 gap=30.7 (face=33.4mm) n=[706, 899, 812, 133, 647, 562, 855]  tape=2.481km B=11.84T unif=0.666% hoop=400MPa
  [  43] INFEAS f=10145.121  a=87.9 b=77.8 gap=31.0 (face=34.1mm) n=[356, 346, 885, 324, 759, 681, 635]  no evaluation (geometry pre-check)
  [  44] viol   f=   3.461  a=74.8 b=107.8 gap=41.9 (face=55.8mm) n=[762, 683, 872, 757, 791, 754, 896]  tape=3.453km B=9.94T unif=0.222% hoop=400MPa
  [  45] OK     f=   2.578  a=47.7 b=87.7 gap=39.3 (face=50.6mm) n=[601, 899, 798, 662, 832, 709, 736]  tape=2.578km B=12.51T unif=0.203% hoop=336MPa
  [  46] viol   f=   4.783  a=82.5 b=110.5 gap=30.5 (face=33.0mm) n=[780, 888, 784, 200, 832, 261, 558]  tape=2.877km B=9.02T unif=0.739% hoop=400MPa
  [  47] INFEAS f=5310.593  a=30.5 b=61.1 gap=43.6 (face=59.3mm) n=[514, 895, 457, 98, 899, 263, 571]  no evaluation (geometry pre-check)
  [  48] OK     f=   2.221  a=62.8 b=74.0 gap=31.9 (face=35.8mm) n=[858, 883, 899, 470, 802, 162, 654]  tape=2.221km B=13.74T unif=0.321% hoop=383MPa
  [  49] INFEAS f=1082.451  a=35.4 b=50.1 gap=41.5 (face=55.0mm) n=[790, 717, 887, 138, 844, 613, 804]  no evaluation (geometry pre-check)
  [  50] INFEAS f=53576.292  a=79.8 b=48.5 gap=22.9 (face=17.7mm) n=[570, 828, 892, 740, 814, 561, 881]  no evaluation (geometry pre-check)
  [  51] INFEAS f=1594.047  a=89.8 b=90.9 gap=27.4 (face=26.7mm) n=[477, 899, 886, 291, 836, 383, 674]  no evaluation (geometry pre-check)
  [  52] OK     f=   2.621  a=37.1 b=105.1 gap=39.1 (face=50.2mm) n=[899, 350, 900, 585, 762, 535, 804]  tape=2.621km B=10.88T unif=0.597% hoop=265MPa
  [  53] viol   f=   6.710  a=75.9 b=84.9 gap=33.4 (face=38.8mm) n=[596, 650, 534, 516, 754, 453, 398]  tape=2.161km B=8.49T unif=0.641% hoop=400MPa
  [  54] viol   f=   2.311  a=38.3 b=71.9 gap=35.1 (face=42.3mm) n=[386, 636, 819, 149, 521, 346, 697]  tape=1.519km B=9.37T unif=0.221% hoop=224MPa
  [  55] INFEAS f=4507.920  a=91.2 b=86.8 gap=21.8 (face=15.5mm) n=[662, 804, 896, 315, 526, 402, 598]  no evaluation (geometry pre-check)
  [  56] OK     f=   2.444  a=71.7 b=92.0 gap=28.1 (face=28.2mm) n=[439, 788, 791, 585, 533, 316, 831]  tape=2.444km B=10.08T unif=0.804% hoop=400MPa
  [  57] viol   f=   2.210  a=39.1 b=73.7 gap=26.3 (face=24.7mm) n=[873, 895, 494, 352, 897, 128, 900]  tape=1.867km B=15.63T unif=1.041% hoop=292MPa
  [  58] OK     f=   2.415  a=70.1 b=84.9 gap=32.4 (face=36.8mm) n=[825, 613, 652, 534, 753, 295, 843]  tape=2.415km B=10.50T unif=0.641% hoop=400MPa
  [  59] viol   f=   6.659  a=69.5 b=78.9 gap=19.7 (face=11.3mm) n=[680, 632, 446, 92, 844, 238, 892]  tape=1.997km B=10.34T unif=1.153% hoop=400MPa
  [  60] INFEAS f=13738.222  a=66.1 b=53.3 gap=41.0 (face=54.0mm) n=[897, 564, 830, 513, 521, 274, 749]  no evaluation (geometry pre-check)
  [  61] viol   f=   2.044  a=52.1 b=65.7 gap=36.9 (face=45.8mm) n=[897, 814, 294, 722, 886, 103, 598]  tape=1.798km B=11.76T unif=1.035% hoop=277MPa
  [  62] INFEAS f=8697.603  a=57.9 b=49.1 gap=35.6 (face=43.2mm) n=[864, 749, 888, 386, 889, 343, 777]  no evaluation (geometry pre-check)
  [  63] OK     f=   1.814  a=34.2 b=80.1 gap=28.4 (face=28.7mm) n=[359, 810, 615, 603, 734, 511, 463]  tape=1.814km B=12.89T unif=0.907% hoop=248MPa
  [  64] INFEAS f=1243.520  a=52.8 b=55.3 gap=34.7 (face=41.3mm) n=[734, 729, 761, 329, 896, 298, 854]  no evaluation (geometry pre-check)
  [  65] INFEAS f=1799.848  a=34.0 b=92.5 gap=22.0 (face=16.0mm) n=[611, 867, 513, 274, 899, 175, 801]  no evaluation (geometry pre-check)
  [  66] OK     f=   2.628  a=49.3 b=91.4 gap=18.8 (face=9.5mm) n=[864, 895, 692, 578, 720, 560, 835]  tape=2.628km B=17.27T unif=0.913% hoop=400MPa
  [  67] OK     f=   1.836  a=49.4 b=69.2 gap=23.9 (face=19.8mm) n=[734, 892, 399, 548, 892, 54, 836]  tape=1.836km B=15.27T unif=0.685% hoop=350MPa
  [  68] OK     f=   2.423  a=38.3 b=95.2 gap=21.1 (face=14.1mm) n=[839, 720, 811, 859, 745, 248, 701]  tape=2.423km B=19.06T unif=0.347% hoop=318MPa
  [  69] INFEAS f=3178.964  a=32.3 b=76.7 gap=27.4 (face=26.7mm) n=[552, 792, 900, 122, 697, 293, 631]  no evaluation (geometry pre-check)
  [  70] INFEAS f=23880.725  a=73.9 b=55.0 gap=34.5 (face=41.0mm) n=[187, 405, 769, 507, 677, 239, 832]  no evaluation (geometry pre-check)
  [  71] INFEAS f=1699.275  a=59.5 b=60.3 gap=25.6 (face=23.2mm) n=[411, 737, 206, 652, 733, 846, 193]  no evaluation (geometry pre-check)
  [  72] INFEAS f=13230.672  a=24.3 b=55.1 gap=23.7 (face=19.5mm) n=[238, 721, 129, 742, 496, 311, 847]  no evaluation (geometry pre-check)
  [  73] INFEAS f=4885.699  a=73.8 b=69.0 gap=32.4 (face=36.7mm) n=[801, 894, 353, 579, 594, 506, 886]  no evaluation (geometry pre-check)
  [  74] viol   f= 284.329  a=33.2 b=57.8 gap=16.2 (face=4.4mm) n=[380, 795, 309, 766, 708, 265, 411]  tape=1.278km B=17.26T unif=2.190% hoop=279MPa
  [  75] INFEAS f=5574.081  a=28.1 b=51.8 gap=22.5 (face=16.9mm) n=[627, 840, 574, 159, 599, 430, 183]  no evaluation (geometry pre-check)
  [  76] OK     f=   1.735  a=36.1 b=83.9 gap=32.8 (face=37.6mm) n=[734, 868, 839, 103, 634, 186, 413]  tape=1.735km B=11.42T unif=0.734% hoop=212MPa
  [  77] INFEAS f=1021.666  a=30.5 b=46.1 gap=24.4 (face=20.8mm) n=[567, 743, 271, 568, 745, 194, 291]  no evaluation (geometry pre-check)
  [  78] INFEAS f=5154.753  a=28.9 b=78.9 gap=17.0 (face=6.0mm) n=[491, 735, 434, 855, 840, 322, 808]  no evaluation (geometry pre-check)
  [  79] INFEAS f=6389.175  a=29.8 b=82.1 gap=32.2 (face=36.3mm) n=[553, 890, 867, 746, 900, 329, 732]  no evaluation (geometry pre-check)
  [  80] INFEAS f=1478.601  a=30.3 b=77.9 gap=30.3 (face=32.5mm) n=[667, 783, 153, 737, 726, 479, 323]  no evaluation (geometry pre-check)
  [  81] INFEAS f=89516.830  a=6.8 b=45.4 gap=33.1 (face=38.3mm) n=[718, 657, 705, 412, 854, 207, 234]  no evaluation (geometry pre-check)
  [  82] viol   f=   9.358  a=44.5 b=69.0 gap=21.2 (face=14.3mm) n=[818, 871, 141, 732, 833, 592, 621]  tape=1.882km B=18.07T unif=1.193% hoop=329MPa
  [  83] OK     f=   1.026  a=42.1 b=49.2 gap=15.5 (face=3.0mm) n=[530, 349, 270, 249, 738, 160, 734]  tape=1.026km B=12.58T unif=0.236% hoop=311MPa
  [  84] INFEAS f=80201.388  a=9.8 b=53.5 gap=20.3 (face=12.7mm) n=[894, 860, 202, 396, 621, 164, 438]  no evaluation (geometry pre-check)
  [  85] INFEAS f=6306.523  a=24.9 b=54.9 gap=17.5 (face=7.0mm) n=[769, 483, 343, 109, 587, 177, 291]  no evaluation (geometry pre-check)
  [  86] OK     f=   1.616  a=39.4 b=89.2 gap=20.3 (face=12.7mm) n=[265, 532, 763, 155, 900, 99, 446]  tape=1.616km B=10.83T unif=0.772% hoop=268MPa
  [  87] INFEAS f=8444.083  a=27.8 b=65.3 gap=18.3 (face=8.6mm) n=[540, 880, 293, 195, 519, 245, 130]  no evaluation (geometry pre-check)
  [  88] INFEAS f=1002.337  a=53.2 b=58.0 gap=20.0 (face=12.1mm) n=[488, 712, 279, 229, 884, 203, 462]  no evaluation (geometry pre-check)
  [  89] viol   f= 353.943  a=37.7 b=56.9 gap=17.4 (face=6.8mm) n=[435, 624, 246, 376, 352, 153, 107]  tape=0.836km B=10.69T unif=2.329% hoop=248MPa
  [  90] INFEAS f=10714.548  a=18.5 b=72.1 gap=17.5 (face=7.0mm) n=[533, 544, 561, 663, 370, 348, 144]  no evaluation (geometry pre-check)
  [  91] INFEAS f=11217.693  a=60.5 b=49.5 gap=22.0 (face=15.9mm) n=[382, 806, 751, 417, 688, 420, 232]  no evaluation (geometry pre-check)
  [  92] INFEAS f=166504.440  a=-5.1 b=79.0 gap=22.4 (face=16.7mm) n=[776, 584, 538, 320, 657, 791, 133]  no evaluation (geometry pre-check)
  [  93] viol   f=  26.083  a=49.4 b=84.3 gap=15.5 (face=3.0mm) n=[467, 708, 260, 114, 608, 397, 225]  tape=1.389km B=10.20T unif=1.351% hoop=350MPa
  [  94] OK     f=   1.281  a=34.3 b=86.6 gap=19.5 (face=11.0mm) n=[319, 700, 99, 146, 723, 307, 419]  tape=1.281km B=10.44T unif=0.669% hoop=205MPa
  [  95] INFEAS f=50605.871  a=15.5 b=42.2 gap=15.6 (face=3.2mm) n=[240, 851, 462, 201, 897, 239, 888]  no evaluation (geometry pre-check)
  [  96] INFEAS f=11224.618  a=42.7 b=31.7 gap=18.0 (face=8.0mm) n=[445, 878, 621, 477, 512, 207, 627]  no evaluation (geometry pre-check)
  [  97] OK     f=   2.880  a=45.8 b=128.3 gap=15.8 (face=3.5mm) n=[848, 892, 613, 168, 682, 801, 377]  tape=2.880km B=15.93T unif=0.487% hoop=400MPa
  [  98] OK     f=   2.507  a=44.0 b=127.6 gap=31.4 (face=34.8mm) n=[474, 892, 685, 897, 638, 94, 153]  tape=2.507km B=10.48T unif=0.417% hoop=272MPa
  [  99] INFEAS f=27989.000  a=17.9 b=55.4 gap=19.4 (face=10.9mm) n=[231, 814, 356, 280, 688, 251, 130]  no evaluation (geometry pre-check)
  [ 100] viol   f=  55.733  a=39.7 b=75.3 gap=15.7 (face=3.3mm) n=[869, 750, 218, 610, 630, 621, 524]  tape=1.861km B=18.28T unif=1.519% hoop=364MPa
  [ 101] INFEAS f=19526.883  a=21.7 b=122.9 gap=18.3 (face=8.6mm) n=[240, 572, 842, 258, 720, 377, 650]  no evaluation (geometry pre-check)
  [ 102] INFEAS f=2181.911  a=70.8 b=70.4 gap=21.4 (face=14.7mm) n=[328, 555, 56, 50, 805, 727, 324]  no evaluation (geometry pre-check)
  [ 103] INFEAS f=1118.828  a=35.7 b=62.7 gap=17.4 (face=6.7mm) n=[562, 900, 530, 128, 703, 886, 737]  no evaluation (geometry pre-check)
  [ 104] viol   f=   8.807  a=83.9 b=105.6 gap=15.5 (face=3.0mm) n=[509, 745, 778, 306, 868, 501, 755]  tape=2.925km B=8.74T unif=1.116% hoop=400MPa
  [ 105] viol   f=  55.678  a=71.6 b=141.0 gap=34.9 (face=41.7mm) n=[288, 566, 113, 56, 858, 68, 313]  tape=1.806km B=4.81T unif=0.305% hoop=271MPa
  [ 106] OK     f=   1.528  a=33.4 b=89.7 gap=21.1 (face=14.2mm) n=[268, 589, 525, 368, 803, 338, 168]  tape=1.528km B=10.92T unif=0.540% hoop=256MPa
  [ 107] INFEAS f=1002.357  a=34.5 b=105.4 gap=17.0 (face=6.0mm) n=[746, 713, 843, 313, 630, 425, 631]  no evaluation (geometry pre-check)
  [ 108] INFEAS f=807405.810  a=-38.0 b=86.6 gap=16.4 (face=4.9mm) n=[623, 767, 339, 84, 898, 674, 335]  no evaluation (geometry pre-check)
  [ 109] OK     f=   2.260  a=39.0 b=110.7 gap=16.6 (face=5.2mm) n=[309, 765, 220, 733, 805, 892, 195]  tape=2.260km B=14.24T unif=0.410% hoop=307MPa
  [ 110] INFEAS f=20168.758  a=23.6 b=64.2 gap=16.8 (face=5.7mm) n=[303, 899, 198, 370, 852, 302, 492]  no evaluation (geometry pre-check)
  [ 111] viol   f=  10.272  a=62.9 b=90.2 gap=16.9 (face=5.9mm) n=[65, 829, 450, 600, 868, 635, 543]  tape=2.191km B=11.38T unif=1.201% hoop=400MPa
  [ 112] OK     f=   1.811  a=34.0 b=90.1 gap=15.7 (face=3.5mm) n=[540, 645, 591, 484, 805, 666, 50]  tape=1.811km B=15.61T unif=0.630% hoop=330MPa
  [ 113] viol   f=   2.350  a=34.5 b=63.1 gap=20.0 (face=12.0mm) n=[103, 429, 315, 72, 768, 453, 425]  tape=1.013km B=9.18T unif=0.768% hoop=215MPa
  [ 114] viol   f=   2.023  a=38.0 b=113.0 gap=23.9 (face=19.8mm) n=[397, 611, 475, 898, 341, 374, 139]  tape=1.994km B=9.88T unif=0.429% hoop=303MPa
  [ 115] INFEAS f=12292.702  a=24.3 b=97.9 gap=27.4 (face=26.9mm) n=[560, 55, 227, 130, 394, 490, 838]  no evaluation (geometry pre-check)
  [ 116] INFEAS f=37489.628  a=17.8 b=62.1 gap=16.3 (face=4.7mm) n=[289, 864, 105, 571, 878, 76, 416]  no evaluation (geometry pre-check)
  [ 117] viol   f=  11.319  a=43.3 b=104.2 gap=29.0 (face=30.1mm) n=[609, 386, 512, 51, 635, 99, 164]  tape=1.345km B=7.77T unif=0.509% hoop=213MPa
  [ 118] viol   f=   7.861  a=74.6 b=113.0 gap=17.3 (face=6.6mm) n=[72, 618, 857, 586, 765, 392, 316]  tape=2.429km B=8.35T unif=0.888% hoop=400MPa
  [ 119] viol   f=   3.289  a=43.1 b=148.0 gap=36.4 (face=44.8mm) n=[593, 654, 462, 741, 892, 585, 241]  tape=3.108km B=9.70T unif=0.284% hoop=299MPa
  [ 120] viol   f=   3.800  a=64.5 b=109.0 gap=16.0 (face=4.0mm) n=[493, 524, 123, 859, 675, 712, 442]  tape=2.435km B=9.17T unif=0.809% hoop=400MPa
  [ 121] viol   f=  39.148  a=55.7 b=78.9 gap=21.0 (face=14.1mm) n=[296, 764, 325, 422, 411, 246, 82]  tape=1.305km B=8.30T unif=1.401% hoop=400MPa
  [ 122] viol   f=   2.074  a=50.7 b=93.1 gap=18.0 (face=7.9mm) n=[341, 418, 527, 482, 897, 274, 339]  tape=1.871km B=9.68T unif=0.816% hoop=400MPa
  [ 123] INFEAS f=10916.064  a=25.3 b=115.8 gap=27.0 (face=26.0mm) n=[169, 96, 313, 517, 370, 846, 82]  no evaluation (geometry pre-check)
  [ 124] INFEAS f=14749.543  a=24.0 b=73.8 gap=24.4 (face=20.8mm) n=[409, 856, 113, 386, 638, 287, 94]  no evaluation (geometry pre-check)
  [ 125] INFEAS f=2263.137  a=33.4 b=116.8 gap=17.2 (face=6.4mm) n=[65, 549, 388, 900, 846, 557, 272]  no evaluation (geometry pre-check)
  [ 126] INFEAS f=1404.798  a=30.9 b=117.5 gap=19.5 (face=11.0mm) n=[144, 616, 616, 122, 795, 524, 76]  no evaluation (geometry pre-check)
  [ 127] INFEAS f=41792.145  a=17.6 b=61.2 gap=24.6 (face=21.3mm) n=[650, 476, 356, 703, 852, 900, 119]  no evaluation (geometry pre-check)
  [ 128] INFEAS f=2026.251  a=29.1 b=104.1 gap=18.0 (face=8.0mm) n=[141, 531, 778, 590, 624, 374, 58]  no evaluation (geometry pre-check)
  [ 129] OK     f=   2.394  a=52.1 b=106.8 gap=16.7 (face=5.4mm) n=[136, 791, 219, 886, 879, 898, 337]  tape=2.394km B=13.74T unif=0.596% hoop=347MPa
  [ 130] viol   f=   3.013  a=42.9 b=98.2 gap=31.3 (face=34.6mm) n=[174, 663, 814, 494, 476, 430, 292]  tape=1.840km B=9.23T unif=0.546% hoop=309MPa
  [ 131] INFEAS f=3473.303  a=76.2 b=73.4 gap=16.2 (face=4.3mm) n=[181, 806, 826, 289, 536, 316, 409]  no evaluation (geometry pre-check)
  [ 132] INFEAS f=1202.923  a=30.9 b=116.8 gap=15.6 (face=3.3mm) n=[67, 505, 708, 121, 779, 636, 369]  no evaluation (geometry pre-check)
  [ 133] INFEAS f=18346.498  a=20.6 b=88.7 gap=15.5 (face=3.0mm) n=[50, 453, 690, 369, 803, 103, 80]  no evaluation (geometry pre-check)
  [ 134] viol   f=   2.975  a=65.5 b=88.8 gap=18.7 (face=9.3mm) n=[50, 740, 427, 328, 886, 819, 275]  tape=1.957km B=10.40T unif=1.071% hoop=384MPa
  [ 135] viol   f=  11.403  a=44.1 b=110.8 gap=24.2 (face=20.4mm) n=[85, 583, 281, 492, 849, 282, 140]  tape=1.668km B=7.79T unif=0.432% hoop=251MPa
  [ 136] OK     f=   2.019  a=38.7 b=94.6 gap=17.1 (face=6.1mm) n=[442, 800, 791, 321, 843, 376, 365]  tape=2.019km B=15.78T unif=0.436% hoop=343MPa
  [ 137] OK     f=   1.890  a=40.0 b=89.0 gap=16.2 (face=4.4mm) n=[285, 745, 346, 579, 880, 898, 93]  tape=1.890km B=14.18T unif=0.795% hoop=326MPa
  [ 138] OK     f=   2.081  a=40.9 b=111.1 gap=15.5 (face=3.1mm) n=[331, 491, 257, 399, 849, 899, 228]  tape=2.081km B=11.46T unif=0.650% hoop=368MPa
  [ 139] OK     f=   2.654  a=68.7 b=108.4 gap=30.8 (face=33.6mm) n=[198, 860, 188, 889, 900, 756, 453]  tape=2.654km B=10.58T unif=0.516% hoop=382MPa
  [ 140] viol   f=   6.425  a=44.0 b=99.5 gap=18.2 (face=8.4mm) n=[96, 395, 387, 668, 531, 257, 98]  tape=1.331km B=8.40T unif=0.652% hoop=322MPa
  [ 141] INFEAS f=5634.768  a=28.1 b=95.8 gap=16.2 (face=4.5mm) n=[413, 775, 638, 751, 717, 842, 418]  no evaluation (geometry pre-check)
  [ 142] INFEAS f=2213.078  a=33.4 b=110.0 gap=16.5 (face=5.0mm) n=[302, 811, 617, 553, 881, 898, 181]  no evaluation (geometry pre-check)
  [ 143] INFEAS f=2089.860  a=32.5 b=133.8 gap=19.5 (face=11.0mm) n=[201, 748, 400, 870, 637, 576, 122]  no evaluation (geometry pre-check)
  [ 144] OK     f=   1.906  a=41.9 b=110.1 gap=20.6 (face=13.2mm) n=[117, 655, 196, 769, 897, 399, 168]  tape=1.906km B=10.21T unif=0.418% hoop=255MPa
  [ 145] viol   f=  69.871  a=39.0 b=102.8 gap=17.4 (face=6.8mm) n=[208, 893, 276, 91, 785, 526, 372]  tape=1.778km B=11.62T unif=1.583% hoop=264MPa
  [ 146] OK     f=   1.434  a=42.8 b=74.0 gap=27.3 (face=26.6mm) n=[137, 778, 209, 446, 618, 784, 303]  tape=1.434km B=10.57T unif=0.660% hoop=254MPa
  [ 147] OK     f=   1.788  a=37.0 b=98.2 gap=16.0 (face=3.9mm) n=[131, 778, 311, 406, 537, 897, 231]  tape=1.788km B=11.81T unif=0.629% hoop=294MPa
  [ 148] OK     f=   2.141  a=41.8 b=103.6 gap=17.1 (face=6.1mm) n=[177, 895, 299, 594, 843, 832, 221]  tape=2.141km B=14.16T unif=0.460% hoop=311MPa
  [ 149] OK     f=   1.777  a=41.4 b=86.5 gap=20.5 (face=13.0mm) n=[207, 852, 621, 708, 678, 485, 88]  tape=1.777km B=13.50T unif=0.545% hoop=306MPa
  [ 150] INFEAS f=17276.539  a=24.4 b=112.0 gap=26.0 (face=23.9mm) n=[356, 766, 638, 482, 893, 803, 220]  no evaluation (geometry pre-check)
  [ 151] INFEAS f=2945.627  a=31.5 b=103.6 gap=22.0 (face=16.0mm) n=[351, 579, 255, 504, 871, 854, 146]  no evaluation (geometry pre-check)
  [ 152] OK     f=   1.578  a=45.0 b=74.9 gap=20.5 (face=13.1mm) n=[385, 747, 220, 436, 551, 800, 330]  tape=1.578km B=12.18T unif=0.879% hoop=323MPa
  [ 153] INFEAS f=18744.310  a=24.0 b=78.0 gap=30.1 (face=32.3mm) n=[337, 725, 146, 173, 897, 468, 245]  no evaluation (geometry pre-check)
  [ 154] INFEAS f=18373.954  a=80.6 b=64.8 gap=25.8 (face=23.6mm) n=[380, 898, 384, 558, 567, 543, 297]  no evaluation (geometry pre-check)
  [ 155] viol   f=  35.873  a=36.5 b=80.5 gap=19.0 (face=10.0mm) n=[228, 858, 767, 457, 863, 779, 196]  tape=1.823km B=16.60T unif=1.413% hoop=283MPa
  [ 156] viol   f=   5.582  a=69.9 b=96.8 gap=22.1 (face=16.2mm) n=[92, 737, 345, 509, 619, 619, 255]  tape=1.873km B=8.65T unif=1.014% hoop=400MPa
  [ 157] OK     f=   2.078  a=45.0 b=85.0 gap=24.1 (face=20.2mm) n=[201, 796, 110, 899, 880, 900, 644]  tape=2.078km B=14.35T unif=0.745% hoop=286MPa
  [ 158] OK     f=   1.363  a=46.2 b=58.6 gap=22.6 (face=17.1mm) n=[357, 900, 230, 769, 705, 327, 120]  tape=1.363km B=13.09T unif=0.964% hoop=276MPa
  [ 159] OK     f=   1.672  a=39.1 b=72.7 gap=19.2 (face=10.3mm) n=[145, 589, 218, 801, 898, 842, 433]  tape=1.672km B=14.19T unif=0.908% hoop=279MPa
  [ 160] INFEAS f=1993.125  a=33.8 b=66.3 gap=22.8 (face=17.6mm) n=[50, 717, 392, 539, 900, 685, 207]  no evaluation (geometry pre-check)
  [ 161] viol   f= 179.991  a=60.3 b=74.6 gap=16.0 (face=4.0mm) n=[701, 889, 110, 337, 563, 817, 431]  tape=1.876km B=12.70T unif=1.944% hoop=400MPa
  [ 162] INFEAS f=1113.216  a=33.4 b=46.1 gap=17.8 (face=7.6mm) n=[75, 667, 366, 832, 591, 838, 546]  no evaluation (geometry pre-check)
  [ 163] viol   f=   4.844  a=55.4 b=83.5 gap=19.5 (face=11.0mm) n=[240, 800, 249, 776, 595, 726, 466]  tape=1.920km B=12.95T unif=1.121% hoop=380MPa
  [ 164] OK     f=   1.268  a=32.8 b=74.5 gap=21.6 (face=15.2mm) n=[217, 602, 265, 504, 343, 536, 646]  tape=1.268km B=11.44T unif=0.712% hoop=214MPa
  [ 165] INFEAS f=11983.933  a=26.5 b=47.0 gap=17.9 (face=7.9mm) n=[210, 892, 72, 795, 386, 535, 384]  no evaluation (geometry pre-check)
  [ 166] INFEAS f=15360.045  a=22.0 b=56.1 gap=27.5 (face=27.0mm) n=[373, 522, 310, 663, 810, 562, 481]  no evaluation (geometry pre-check)
  [ 167] OK     f=   1.616  a=34.9 b=100.1 gap=24.9 (face=21.7mm) n=[216, 468, 315, 670, 647, 641, 198]  tape=1.616km B=10.14T unif=0.571% hoop=221MPa
  [ 168] INFEAS f=1099.068  a=62.4 b=65.9 gap=22.6 (face=17.2mm) n=[376, 520, 455, 500, 820, 822, 333]  no evaluation (geometry pre-check)
  [ 169] OK     f=   0.948  a=42.7 b=50.2 gap=21.3 (face=14.6mm) n=[173, 591, 160, 644, 364, 563, 332]  tape=0.948km B=11.54T unif=0.690% hoop=238MPa
  [ 170] OK     f=   1.981  a=48.2 b=81.4 gap=20.9 (face=13.8mm) n=[154, 827, 553, 900, 838, 880, 112]  tape=1.981km B=14.78T unif=0.856% hoop=324MPa
  [ 171] OK     f=   1.786  a=54.5 b=79.3 gap=20.9 (face=13.8mm) n=[357, 721, 117, 769, 366, 890, 357]  tape=1.786km B=11.48T unif=0.950% hoop=346MPa
  [ 172] INFEAS f=9231.282  a=24.3 b=86.7 gap=31.1 (face=34.2mm) n=[87, 797, 615, 148, 410, 735, 178]  no evaluation (geometry pre-check)
  [ 173] INFEAS f=1022.048  a=36.0 b=84.0 gap=32.7 (face=37.5mm) n=[59, 893, 232, 670, 793, 613, 69]  no evaluation (geometry pre-check)
  [ 174] INFEAS f=1024.786  a=56.4 b=60.6 gap=18.6 (face=9.1mm) n=[270, 834, 331, 572, 717, 586, 653]  no evaluation (geometry pre-check)
  [ 175] INFEAS f=2090.861  a=31.7 b=47.1 gap=15.7 (face=3.5mm) n=[145, 634, 434, 523, 848, 409, 165]  no evaluation (geometry pre-check)
  [ 176] INFEAS f=1215.698  a=45.7 b=48.4 gap=26.5 (face=25.0mm) n=[552, 539, 482, 526, 896, 311, 798]  no evaluation (geometry pre-check)
  [ 177] INFEAS f=11001.982  a=66.7 b=55.9 gap=17.3 (face=6.7mm) n=[169, 647, 192, 695, 832, 791, 443]  no evaluation (geometry pre-check)
  [ 178] viol   f=   5.272  a=45.6 b=81.8 gap=34.5 (face=41.0mm) n=[370, 590, 145, 766, 328, 663, 433]  tape=1.585km B=8.64T unif=0.309% hoop=244MPa
  [ 179] OK     f=   1.927  a=46.6 b=96.3 gap=29.0 (face=30.0mm) n=[318, 822, 272, 849, 900, 308, 101]  tape=1.927km B=10.45T unif=0.570% hoop=260MPa
  [ 180] viol   f=  21.189  a=49.6 b=58.2 gap=26.0 (face=24.1mm) n=[152, 53, 136, 411, 127, 671, 803]  tape=0.947km B=6.84T unif=1.035% hoop=193MPa
  [ 181] viol   f=  10.264  a=82.6 b=91.0 gap=32.5 (face=37.1mm) n=[395, 624, 306, 658, 90, 753, 653]  tape=2.052km B=7.97T unif=0.541% hoop=400MPa
  [ 182] viol   f=   4.225  a=70.2 b=113.3 gap=28.1 (face=28.1mm) n=[370, 832, 288, 858, 64, 697, 447]  tape=2.349km B=9.03T unif=0.606% hoop=371MPa
  [ 183] viol   f=   4.140  a=42.4 b=53.7 gap=17.9 (face=7.9mm) n=[433, 879, 755, 472, 226, 870, 179]  tape=1.369km B=16.63T unif=1.118% hoop=324MPa
  [ 184] viol   f=   3.244  a=66.6 b=78.0 gap=31.0 (face=34.0mm) n=[404, 656, 209, 828, 672, 408, 121]  tape=1.713km B=9.12T unif=0.525% hoop=350MPa
  [ 185] viol   f=   2.578  a=44.2 b=65.1 gap=29.2 (face=30.5mm) n=[89, 584, 182, 796, 452, 897, 149]  tape=1.321km B=9.21T unif=0.277% hoop=226MPa
  [ 186] INFEAS f=1982.595  a=33.8 b=60.3 gap=23.6 (face=19.3mm) n=[150, 763, 89, 900, 894, 770, 340]  no evaluation (geometry pre-check)
  [ 187] viol   f= 232.401  a=48.1 b=53.8 gap=32.8 (face=37.6mm) n=[148, 843, 246, 497, 510, 708, 537]  tape=1.335km B=10.00T unif=2.075% hoop=311MPa
  [ 188] OK     f=   2.093  a=56.7 b=98.1 gap=27.2 (face=26.3mm) n=[266, 745, 130, 885, 673, 580, 337]  tape=2.093km B=10.06T unif=0.619% hoop=340MPa
  [ 189] OK     f=   1.769  a=46.5 b=79.0 gap=19.0 (face=10.1mm) n=[305, 511, 428, 756, 465, 892, 255]  tape=1.769km B=11.99T unif=0.797% hoop=378MPa
  [ 190] viol   f=  62.262  a=59.4 b=81.1 gap=17.1 (face=6.1mm) n=[372, 799, 213, 641, 704, 626, 179]  tape=1.784km B=11.88T unif=1.550% hoop=400MPa
  [ 191] INFEAS f=7547.552  a=28.4 b=82.3 gap=18.7 (face=9.4mm) n=[227, 407, 432, 595, 202, 883, 377]  no evaluation (geometry pre-check)
  [ 192] viol   f=   4.486  a=50.5 b=75.5 gap=24.4 (face=20.7mm) n=[88, 654, 197, 416, 767, 518, 141]  tape=1.304km B=8.74T unif=0.843% hoop=248MPa
  [ 193] viol   f=   2.913  a=54.4 b=102.1 gap=29.7 (face=31.5mm) n=[217, 875, 316, 619, 683, 698, 56]  tape=2.028km B=9.33T unif=0.504% hoop=306MPa
  [ 194] OK     f=   1.582  a=53.7 b=58.9 gap=18.0 (face=8.0mm) n=[428, 352, 632, 807, 202, 899, 451]  tape=1.582km B=13.39T unif=0.522% hoop=393MPa
  [ 195] viol   f=  16.842  a=52.5 b=78.9 gap=16.7 (face=5.4mm) n=[250, 719, 397, 890, 77, 755, 245]  tape=1.640km B=11.69T unif=1.276% hoop=347MPa
  [ 196] viol   f=  57.882  a=52.6 b=65.8 gap=19.2 (face=10.3mm) n=[172, 662, 151, 493, 722, 362, 83]  tape=1.135km B=9.81T unif=1.532% hoop=283MPa
  [ 197] OK     f=   1.955  a=58.4 b=88.6 gap=22.5 (face=17.0mm) n=[170, 882, 298, 854, 448, 758, 231]  tape=1.955km B=11.38T unif=0.910% hoop=345MPa
  [ 198] viol   f=   6.583  a=51.9 b=129.7 gap=18.3 (face=8.7mm) n=[237, 792, 239, 446, 436, 502, 199]  tape=2.014km B=8.49T unif=0.435% hoop=388MPa
  [ 199] viol   f=   2.162  a=45.4 b=85.3 gap=17.6 (face=7.2mm) n=[372, 852, 110, 626, 508, 899, 89]  tape=1.717km B=12.38T unif=1.047% hoop=315MPa
  [ 200] viol   f=   1.727  a=52.1 b=83.7 gap=20.8 (face=13.6mm) n=[62, 526, 273, 580, 513, 537, 401]  tape=1.376km B=9.77T unif=1.035% hoop=315MPa
  [ 201] INFEAS f=8799.631  a=64.7 b=55.7 gap=21.0 (face=13.9mm) n=[371, 854, 490, 847, 374, 625, 98]  no evaluation (geometry pre-check)
  [ 202] INFEAS f=1066.765  a=55.0 b=58.7 gap=25.0 (face=21.9mm) n=[128, 617, 540, 856, 625, 515, 442]  no evaluation (geometry pre-check)
  [ 203] viol   f=  16.279  a=49.9 b=79.6 gap=19.9 (face=11.9mm) n=[417, 899, 265, 401, 320, 394, 60]  tape=1.428km B=9.50T unif=1.268% hoop=359MPa
  [ 204] INFEAS f=6800.855  a=87.4 b=80.4 gap=19.6 (face=11.3mm) n=[373, 602, 895, 872, 190, 890, 194]  no evaluation (geometry pre-check)
  [ 205] INFEAS f=4595.579  a=76.7 b=72.2 gap=17.5 (face=7.0mm) n=[139, 543, 514, 895, 251, 732, 599]  no evaluation (geometry pre-check)
  [ 206] INFEAS f=3812.623  a=30.7 b=59.6 gap=18.4 (face=8.8mm) n=[620, 600, 85, 587, 490, 873, 86]  no evaluation (geometry pre-check)
  [ 207] OK     f=   1.499  a=42.6 b=74.6 gap=20.3 (face=12.6mm) n=[81, 471, 619, 895, 441, 603, 133]  tape=1.499km B=11.22T unif=0.997% hoop=293MPa
  [ 208] viol   f=  28.320  a=47.1 b=81.0 gap=16.3 (face=4.6mm) n=[406, 613, 532, 649, 502, 554, 171]  tape=1.570km B=13.35T unif=1.366% hoop=385MPa
  [ 209] INFEAS f=5696.478  a=61.2 b=55.4 gap=16.8 (face=5.5mm) n=[82, 897, 459, 856, 872, 655, 457]  no evaluation (geometry pre-check)
  [ 210] viol   f=  12.183  a=50.7 b=60.0 gap=16.3 (face=4.6mm) n=[222, 687, 256, 895, 125, 343, 297]  tape=1.222km B=10.87T unif=1.234% hoop=291MPa
  [ 211] INFEAS f=1025.457  a=47.9 b=52.1 gap=16.6 (face=5.1mm) n=[196, 646, 899, 900, 799, 502, 260]  no evaluation (geometry pre-check)
  [ 212] INFEAS f=2853.044  a=56.5 b=54.7 gap=17.0 (face=6.0mm) n=[156, 855, 198, 817, 284, 619, 331]  no evaluation (geometry pre-check)
  [ 213] INFEAS f=9894.515  a=25.3 b=71.9 gap=22.0 (face=16.0mm) n=[176, 833, 292, 486, 130, 368, 121]  no evaluation (geometry pre-check)
  [ 214] viol   f=   5.017  a=46.9 b=81.3 gap=17.6 (face=7.3mm) n=[429, 785, 147, 581, 511, 755, 56]  tape=1.545km B=12.11T unif=1.132% hoop=327MPa
  [ 215] INFEAS f=1644.401  a=69.7 b=70.6 gap=18.5 (face=9.1mm) n=[641, 526, 682, 845, 300, 150, 119]  no evaluation (geometry pre-check)
  [ 216] OK     f=   1.300  a=45.9 b=61.7 gap=20.0 (face=12.0mm) n=[252, 827, 548, 509, 252, 740, 80]  tape=1.300km B=12.53T unif=0.946% hoop=313MPa
  [ 217] viol   f=   6.561  a=35.8 b=87.1 gap=15.6 (face=3.2mm) n=[316, 255, 853, 814, 197, 635, 65]  tape=1.507km B=13.17T unif=1.159% hoop=291MPa
  [ 218] OK     f=   1.590  a=37.2 b=77.7 gap=24.4 (face=20.7mm) n=[209, 745, 504, 895, 63, 848, 322]  tape=1.590km B=12.09T unif=0.876% hoop=248MPa
  [ 219] INFEAS f=56995.173  a=12.0 b=60.5 gap=21.1 (face=14.1mm) n=[246, 385, 321, 838, 277, 707, 474]  no evaluation (geometry pre-check)
  [ 220] INFEAS f=2453.312  a=39.8 b=38.7 gap=15.9 (face=3.7mm) n=[440, 362, 707, 870, 403, 467, 182]  no evaluation (geometry pre-check)
  [ 221] OK     f=   1.733  a=51.0 b=61.5 gap=22.8 (face=17.6mm) n=[350, 557, 877, 759, 517, 751, 375]  tape=1.733km B=14.90T unif=0.451% hoop=391MPa
  [ 222] OK     f=   1.858  a=44.6 b=100.3 gap=18.3 (face=8.7mm) n=[233, 427, 325, 522, 879, 848, 83]  tape=1.858km B=10.72T unif=0.685% hoop=337MPa
  [ 223] INFEAS f=9116.272  a=27.7 b=81.8 gap=15.6 (face=3.2mm) n=[152, 886, 376, 549, 372, 176, 189]  no evaluation (geometry pre-check)
  [ 224] OK     f=   1.443  a=53.0 b=61.1 gap=30.1 (face=32.3mm) n=[224, 466, 485, 667, 494, 693, 613]  tape=1.443km B=10.65T unif=0.572% hoop=358MPa
  [ 225] viol   f=   1.869  a=43.2 b=96.3 gap=25.5 (face=22.9mm) n=[189, 504, 257, 746, 580, 586, 408]  tape=1.743km B=9.75T unif=0.600% hoop=259MPa
  [ 226] viol   f=  63.269  a=48.1 b=60.0 gap=17.0 (face=6.1mm) n=[141, 828, 423, 782, 425, 646, 56]  tape=1.304km B=13.69T unif=1.557% hoop=319MPa
  [ 227] viol   f=   2.283  a=40.2 b=77.1 gap=22.3 (face=16.7mm) n=[112, 899, 87, 890, 329, 797, 290]  tape=1.507km B=12.45T unif=1.062% hoop=226MPa
  [ 228] INFEAS f=1926.574  a=28.1 b=84.9 gap=16.8 (face=5.7mm) n=[149, 453, 561, 747, 113, 737, 176]  no evaluation (geometry pre-check)
  [ 229] OK     f=   1.743  a=36.4 b=77.5 gap=29.0 (face=30.0mm) n=[223, 885, 505, 728, 440, 890, 267]  tape=1.743km B=11.71T unif=0.657% hoop=252MPa
  [ 230] INFEAS f=2123.111  a=72.8 b=72.5 gap=23.2 (face=18.4mm) n=[497, 735, 83, 445, 274, 498, 529]  no evaluation (geometry pre-check)
  [ 231] OK     f=   2.114  a=40.2 b=91.8 gap=26.7 (face=25.4mm) n=[289, 818, 461, 899, 414, 691, 527]  tape=2.114km B=12.36T unif=0.601% hoop=313MPa
  [ 232] INFEAS f=1003.822  a=36.4 b=82.5 gap=27.3 (face=26.6mm) n=[245, 789, 323, 776, 474, 896, 182]  no evaluation (geometry pre-check)
  [ 233] OK     f=   1.833  a=56.2 b=73.9 gap=25.3 (face=22.6mm) n=[663, 471, 804, 892, 173, 687, 180]  tape=1.833km B=12.17T unif=0.838% hoop=346MPa
  [ 234] OK     f=   1.880  a=51.2 b=72.7 gap=23.7 (face=19.4mm) n=[215, 384, 409, 888, 817, 846, 584]  tape=1.880km B=13.20T unif=0.423% hoop=392MPa
  [ 235] INFEAS f=22296.324  a=22.7 b=53.2 gap=30.8 (face=33.6mm) n=[456, 894, 171, 609, 790, 429, 441]  no evaluation (geometry pre-check)
  [ 236] viol   f=  33.691  a=61.3 b=85.2 gap=18.0 (face=7.9mm) n=[399, 899, 162, 751, 890, 589, 50]  tape=1.954km B=12.46T unif=1.398% hoop=399MPa
  [ 237] OK     f=   2.029  a=34.8 b=93.7 gap=23.8 (face=19.5mm) n=[352, 500, 705, 633, 322, 836, 690]  tape=2.029km B=12.95T unif=0.594% hoop=278MPa
  [ 238] INFEAS f=1367.202  a=74.0 b=76.0 gap=33.7 (face=39.4mm) n=[329, 460, 790, 785, 473, 581, 494]  no evaluation (geometry pre-check)
  [ 239] OK     f=   1.840  a=63.7 b=70.1 gap=28.0 (face=27.9mm) n=[65, 681, 258, 804, 875, 773, 493]  tape=1.840km B=11.54T unif=0.134% hoop=355MPa
  [ 240] INFEAS f=10773.431  a=56.2 b=45.6 gap=29.4 (face=30.8mm) n=[435, 70, 605, 900, 712, 813, 541]  no evaluation (geometry pre-check)
  [ 241] OK     f=   1.829  a=45.7 b=70.8 gap=27.1 (face=26.2mm) n=[338, 727, 605, 205, 753, 899, 640]  tape=1.829km B=12.88T unif=0.386% hoop=316MPa
  [ 242] OK     f=   1.903  a=57.9 b=67.6 gap=25.0 (face=22.0mm) n=[524, 445, 895, 897, 477, 900, 161]  tape=1.903km B=13.77T unif=0.374% hoop=384MPa
  [ 243] viol   f=   3.144  a=73.9 b=106.9 gap=35.0 (face=42.0mm) n=[508, 887, 673, 177, 900, 783, 323]  tape=2.716km B=9.54T unif=0.487% hoop=400MPa
  [ 244] viol   f=  42.784  a=73.8 b=86.8 gap=18.1 (face=8.2mm) n=[258, 714, 459, 793, 714, 524, 262]  tape=2.082km B=9.81T unif=1.451% hoop=400MPa
  [ 245] INFEAS f=5850.100  a=64.5 b=58.5 gap=27.6 (face=27.2mm) n=[778, 492, 555, 878, 203, 723, 497]  no evaluation (geometry pre-check)
  [ 246] viol   f=  24.201  a=54.4 b=67.4 gap=19.0 (face=10.1mm) n=[206, 321, 665, 816, 544, 595, 168]  tape=1.488km B=11.81T unif=1.337% hoop=360MPa
  [ 247] OK     f=   1.210  a=43.7 b=62.2 gap=25.0 (face=22.0mm) n=[171, 480, 691, 297, 461, 590, 381]  tape=1.210km B=10.74T unif=0.458% hoop=270MPa
  [ 248] INFEAS f=1504.008  a=69.6 b=71.0 gap=23.9 (face=19.9mm) n=[861, 444, 707, 863, 658, 891, 221]  no evaluation (geometry pre-check)
  [ 249] INFEAS f=3500.094  a=60.8 b=57.9 gap=30.8 (face=33.6mm) n=[858, 489, 895, 847, 537, 865, 161]  no evaluation (geometry pre-check)
  [ 250] INFEAS f=6241.949  a=21.6 b=55.6 gap=16.2 (face=4.3mm) n=[127, 464, 680, 654, 300, 581, 151]  no evaluation (geometry pre-check)
  [ 251] viol   f=  29.541  a=34.7 b=78.0 gap=20.1 (face=12.2mm) n=[379, 796, 482, 232, 339, 714, 313]  tape=1.463km B=12.51T unif=1.375% hoop=269MPa
  [ 252] viol   f=   1.504  a=52.6 b=80.6 gap=26.7 (face=25.5mm) n=[539, 669, 652, 120, 392, 406, 201]  tape=1.425km B=9.82T unif=1.009% hoop=325MPa
  [ 253] OK     f=   2.090  a=43.9 b=82.9 gap=34.6 (face=41.1mm) n=[718, 390, 880, 764, 689, 819, 192]  tape=2.090km B=11.98T unif=0.406% hoop=270MPa
  [ 254] OK     f=   1.783  a=54.4 b=74.5 gap=24.3 (face=20.6mm) n=[304, 702, 899, 617, 616, 268, 258]  tape=1.783km B=11.35T unif=0.998% hoop=400MPa
  [ 255] INFEAS f=1903.629  a=53.0 b=53.2 gap=20.9 (face=13.9mm) n=[399, 850, 768, 390, 461, 697, 299]  no evaluation (geometry pre-check)
  [ 256] OK     f=   2.212  a=59.6 b=90.3 gap=19.9 (face=11.9mm) n=[441, 289, 729, 583, 608, 891, 413]  tape=2.212km B=10.46T unif=0.922% hoop=400MPa
  [ 257] INFEAS f=81578.601  a=61.6 b=21.7 gap=35.1 (face=42.1mm) n=[385, 294, 350, 882, 238, 796, 380]  no evaluation (geometry pre-check)
  [ 258] INFEAS f=2455.062  a=32.8 b=68.1 gap=19.1 (face=10.2mm) n=[382, 433, 57, 176, 892, 727, 608]  no evaluation (geometry pre-check)
  [ 259] INFEAS f=1049.916  a=47.4 b=51.3 gap=25.3 (face=22.7mm) n=[129, 454, 340, 656, 361, 548, 293]  no evaluation (geometry pre-check)
  [ 260] OK     f=   2.011  a=50.3 b=89.5 gap=23.4 (face=18.8mm) n=[288, 327, 883, 158, 507, 827, 894]  tape=2.011km B=11.74T unif=0.496% hoop=328MPa
  [ 261] viol   f=   5.174  a=84.6 b=94.2 gap=33.8 (face=39.5mm) n=[784, 503, 885, 289, 98, 342, 867]  tape=2.318km B=8.80T unif=0.629% hoop=400MPa
  [ 262] INFEAS f=6316.324  a=29.5 b=67.7 gap=24.7 (face=21.4mm) n=[467, 380, 891, 242, 824, 355, 120]  no evaluation (geometry pre-check)
  [ 263] INFEAS f=1273.369  a=30.5 b=61.4 gap=22.5 (face=17.0mm) n=[400, 292, 776, 442, 505, 345, 284]  no evaluation (geometry pre-check)
  [ 264] viol   f=  56.691  a=48.3 b=67.7 gap=19.2 (face=10.4mm) n=[265, 859, 508, 479, 134, 163, 106]  tape=1.149km B=9.61T unif=1.526% hoop=314MPa
  [ 265] INFEAS f=3061.474  a=63.8 b=61.6 gap=36.1 (face=44.2mm) n=[695, 649, 777, 238, 272, 297, 140]  no evaluation (geometry pre-check)
  [ 266] viol   f=   2.167  a=59.0 b=96.5 gap=33.6 (face=39.1mm) n=[897, 655, 899, 440, 178, 138, 419]  tape=2.076km B=9.79T unif=0.598% hoop=328MPa
  [ 267] OK     f=   1.907  a=61.3 b=90.9 gap=29.9 (face=31.7mm) n=[377, 854, 763, 404, 845, 133, 120]  tape=1.907km B=10.05T unif=0.687% hoop=327MPa
  [ 268] OK     f=   1.205  a=44.4 b=59.7 gap=27.0 (face=26.0mm) n=[524, 287, 480, 413, 221, 568, 671]  tape=1.205km B=10.21T unif=0.411% hoop=271MPa
  [ 269] viol   f=   5.576  a=50.9 b=84.7 gap=31.9 (face=35.8mm) n=[316, 636, 849, 643, 331, 86, 185]  tape=1.574km B=8.59T unif=0.549% hoop=260MPa
  [ 270] INFEAS f=3089.389  a=77.3 b=75.1 gap=23.8 (face=19.6mm) n=[747, 191, 752, 363, 545, 626, 729]  no evaluation (geometry pre-check)
  [ 271] INFEAS f=1718.899  a=80.6 b=81.4 gap=28.4 (face=28.9mm) n=[701, 674, 650, 494, 226, 60, 450]  no evaluation (geometry pre-check)
  [ 272] OK     f=   1.638  a=55.6 b=62.8 gap=31.9 (face=35.8mm) n=[375, 646, 801, 336, 310, 685, 754]  tape=1.638km B=11.02T unif=0.612% hoop=314MPa
  [ 273] OK     f=   1.291  a=49.5 b=56.3 gap=24.6 (face=21.2mm) n=[896, 477, 365, 144, 114, 380, 885]  tape=1.291km B=11.40T unif=0.438% hoop=280MPa
  [ 274] OK     f=   2.231  a=69.8 b=84.7 gap=31.0 (face=33.9mm) n=[894, 156, 736, 873, 731, 91, 730]  tape=2.231km B=11.36T unif=0.715% hoop=400MPa
  [ 275] OK     f=   2.068  a=43.9 b=90.2 gap=35.5 (face=43.0mm) n=[724, 804, 880, 106, 900, 236, 495]  tape=2.068km B=11.00T unif=0.524% hoop=239MPa
  [ 276] viol   f=   1.738  a=50.1 b=65.1 gap=36.1 (face=44.2mm) n=[714, 336, 797, 117, 452, 714, 421]  tape=1.488km B=9.65T unif=0.590% hoop=250MPa
  [ 277] INFEAS f=1478.863  a=56.5 b=58.0 gap=32.4 (face=36.9mm) n=[666, 372, 899, 369, 587, 651, 733]  no evaluation (geometry pre-check)
  [ 278] INFEAS f=1023.581  a=55.5 b=59.7 gap=27.6 (face=27.2mm) n=[417, 769, 899, 316, 122, 178, 316]  no evaluation (geometry pre-check)
  [ 279] viol   f=   7.373  a=52.6 b=63.3 gap=41.4 (face=54.7mm) n=[897, 383, 404, 432, 146, 558, 628]  tape=1.538km B=8.50T unif=1.082% hoop=346MPa
  [ 280] OK     f=   1.322  a=41.7 b=58.0 gap=22.2 (face=16.4mm) n=[504, 193, 644, 388, 246, 576, 842]  tape=1.322km B=11.81T unif=0.533% hoop=285MPa
  [ 281] viol   f=  18.796  a=36.3 b=83.6 gap=28.5 (face=29.0mm) n=[812, 236, 241, 549, 449, 118, 524]  tape=1.414km B=9.52T unif=1.291% hoop=243MPa
  [ 282] INFEAS f=39755.145  a=52.0 b=25.9 gap=17.4 (face=6.8mm) n=[424, 65, 310, 118, 219, 433, 578]  no evaluation (geometry pre-check)
  [ 283] viol   f=   6.677  a=43.6 b=68.2 gap=20.4 (face=12.7mm) n=[422, 566, 811, 310, 664, 373, 232]  tape=1.458km B=12.63T unif=1.162% hoop=330MPa
  [ 284] viol   f=  11.750  a=62.3 b=86.6 gap=30.8 (face=33.6mm) n=[605, 464, 655, 201, 86, 274, 452]  tape=1.444km B=7.73T unif=0.859% hoop=302MPa  [a=37 b=99 nt=3902] KSP converged reason: 4, iterations: 1
  [a=81 b=121 nt=4434] KSP converged reason: 4, iterations: 1
  [a=66 b=110 nt=4960] KSP converged reason: 4, iterations: 1
  [a=44 b=65 nt=5184] KSP converged reason: 4, iterations: 1
  [a=75 b=108 nt=5515] KSP converged reason: 4, iterations: 1
  [a=72 b=92 nt=4283] KSP converged reason: 4, iterations: 1
  [a=49 b=91 nt=5144] KSP converged reason: 4, iterations: 1
  [a=38 b=57 nt=2293] KSP converged reason: 4, iterations: 1
  [a=40 b=75 nt=4222] KSP converged reason: 4, iterations: 1
  [a=84 b=106 nt=4462] KSP converged reason: 4, iterations: 1
  [a=75 b=113 nt=3606] KSP converged reason: 4, iterations: 1
  [a=43 b=98 nt=3343] KSP converged reason: 4, iterations: 1
  [a=44 b=111 nt=2712] KSP converged reason: 4, iterations: 1
  [a=44 b=99 nt=2432] KSP converged reason: 4, iterations: 1
  [a=42 b=104 nt=3861] KSP converged reason: 4, iterations: 1
  [a=70 b=97 nt=3176] KSP converged reason: 4, iterations: 1
  [a=33 b=74 nt=3113] KSP converged reason: 4, iterations: 1
  [a=83 b=91 nt=3479] KSP converged reason: 4, iterations: 1
  [a=54 b=102 nt=3464] KSP converged reason: 4, iterations: 1
  [a=43 b=75 nt=3243] KSP converged reason: 4, iterations: 1
  [a=36 b=87 nt=3135] KSP converged reason: 4, iterations: 1
  [a=40 b=77 nt=3404] KSP converged reason: 4, iterations: 1
  [a=40 b=92 nt=4099] KSP converged reason: 4, iterations: 1
  [a=44 b=62 nt=3071] KSP converged reason: 4, iterations: 1
  [a=53 b=81 nt=2979] KSP converged reason: 4, iterations: 1
  [a=61 b=91 nt=3496] KSP converged reason: 4, iterations: 1
  [a=70 b=85 nt=4211] KSP converged reason: 4, iterations: 1
  [a=63 b=76 nt=2759] KSP converged reason: 4, iterations: 1
  [a=79 b=94 nt=3223] KSP converged reason: 4, iterations: 1
  [a=31 b=47 nt=3207] KSP converged reason: 4, iterations: 1
  [a=76 b=91 nt=3116] KSP converged reason: 4, iterations: 1
  [a=60 b=95 nt=3606] KSP converged reason: 4, iterations: 1
  [a=81 b=105 nt=4493] KSP converged reason: 4, iterations: 1
  [a=47 b=123 nt=4767] KSP converged reason: 4, iterations: 1
  [a=64 b=89 nt=5123] KSP converged reason: 4, iterations: 1
  [a=82 b=111 nt=4303] KSP converged reason: 4, iterations: 1
  [a=38 b=72 nt=3554] KSP converged reason: 4, iterations: 1
  [a=70 b=79 nt=3824] KSP converged reason: 4, iterations: 1
  [a=49 b=69 nt=4355] KSP converged reason: 4, iterations: 1
  [a=36 b=84 nt=3777] KSP converged reason: 4, iterations: 1
  [a=46 b=128 nt=4381] KSP converged reason: 4, iterations: 1
  [a=39 b=111 nt=3919] KSP converged reason: 4, iterations: 1
  [a=43 b=104 nt=2456] KSP converged reason: 4, iterations: 1
  [a=56 b=79 nt=2546] KSP converged reason: 4, iterations: 1
  [a=69 b=108 nt=4244] KSP converged reason: 4, iterations: 1
  [a=43 b=74 nt=3275] KSP converged reason: 4, iterations: 1
  [a=45 b=75 nt=3469] KSP converged reason: 4, iterations: 1
  [a=35 b=100 nt=3155] KSP converged reason: 4, iterations: 1
  [a=47 b=96 nt=3570] KSP converged reason: 4, iterations: 1
  [a=67 b=78 nt=3298] KSP converged reason: 4, iterations: 1
  [a=59 b=81 nt=3534] KSP converged reason: 4, iterations: 1
  [a=53 b=66 nt=2645] KSP converged reason: 4, iterations: 1
  [a=52 b=130 nt=2851] KSP converged reason: 4, iterations: 1
  [a=46 b=62 nt=3208] KSP converged reason: 4, iterations: 1
  [a=53 b=61 nt=3642] KSP converged reason: 4, iterations: 1
  [a=51 b=73 nt=4143] KSP converged reason: 4, iterations: 1
  [a=58 b=68 nt=4299] KSP converged reason: 4, iterations: 1
  [a=50 b=90 nt=3884] KSP converged reason: 4, iterations: 1
  [a=44 b=60 nt=3164] KSP converged reason: 4, iterations: 1
  [a=44 b=90 nt=4145] KSP converged reason: 4, iterations: 1
  [a=62 b=87 nt=2737] KSP converged reason: 4, iterations: 1
  [a=53 b=82 nt=3406] KSP converged reason: 4, iterations: 1
  [a=51 b=122 nt=4377] KSP converged reason: 4, iterations: 1
  [a=51 b=100 nt=4287] KSP converged reason: 4, iterations: 1
  [a=65 b=102 nt=4543] KSP converged reason: 4, iterations: 1
  [a=50 b=83 nt=4790] KSP converged reason: 4, iterations: 1
  [a=53 b=88 nt=4128] KSP converged reason: 4, iterations: 1
  [a=53 b=88 nt=4536] KSP converged reason: 4, iterations: 1
  [a=68 b=87 nt=4614] KSP converged reason: 4, iterations: 1
  [a=70 b=85 nt=4515] KSP converged reason: 4, iterations: 1
  [a=42 b=49 nt=3030] KSP converged reason: 4, iterations: 1
  [a=34 b=87 nt=2713] KSP converged reason: 4, iterations: 1
  [a=72 b=141 nt=2262] KSP converged reason: 4, iterations: 1
  [a=35 b=63 nt=2565] KSP converged reason: 4, iterations: 1
  [a=43 b=148 nt=4168] KSP converged reason: 4, iterations: 1
  [a=52 b=107 nt=4146] KSP converged reason: 4, iterations: 1
  [a=41 b=111 nt=3454] KSP converged reason: 4, iterations: 1
  [a=41 b=86 nt=3639] KSP converged reason: 4, iterations: 1
  [a=39 b=73 nt=3926] KSP converged reason: 4, iterations: 1
  [a=55 b=83 nt=3852] KSP converged reason: 4, iterations: 1
  [a=50 b=58 nt=2353] KSP converged reason: 4, iterations: 1
  [a=42 b=54 nt=3814] KSP converged reason: 4, iterations: 1
  [a=54 b=59 nt=3771] KSP converged reason: 4, iterations: 1
  [a=50 b=80 nt=2756] KSP converged reason: 4, iterations: 1
  [a=45 b=100 nt=3317] KSP converged reason: 4, iterations: 1
  [a=56 b=74 nt=3870] KSP converged reason: 4, iterations: 1
  [a=74 b=87 nt=3724] KSP converged reason: 4, iterations: 1
  [a=54 b=74 nt=3664] KSP converged reason: 4, iterations: 1
  [a=48 b=68 nt=2514] KSP converged reason: 4, iterations: 1
  [a=50 b=56 nt=3261] KSP converged reason: 4, iterations: 1
  [a=42 b=58 nt=3393] KSP converged reason: 4, iterations: 1
  [a=43 b=72 nt=3150] KSP converged reason: 4, iterations: 1
  [a=36 b=45 nt=2924] KSP converged reason: 4, iterations: 1
  [a=56 b=103 nt=3196] KSP converged reason: 4, iterations: 1
  [a=49 b=148 nt=4663] KSP converged reason: 4, iterations: 1
  [a=63 b=98 nt=3882] KSP converged reason: 4, iterations: 1
  [a=62 b=120 nt=4751] KSP converged reason: 4, iterations: 1
  [a=75 b=126 nt=3829] KSP converged reason: 4, iterations: 1
  [a=91 b=170 nt=5195] KSP converged reason: 4, iterations: 1
  [a=48 b=92 nt=4523] KSP converged reason: 4, iterations: 1
  [a=44 b=79 nt=4326] KSP converged reason: 4, iterations: 1
  [a=37 b=105 nt=4835] KSP converged reason: 4, iterations: 1
  [a=38 b=95 nt=4923] KSP converged reason: 4, iterations: 1
  [a=45 b=69 nt=4608] KSP converged reason: 4, iterations: 1
  [a=44 b=128 nt=3833] KSP converged reason: 4, iterations: 1
  [a=33 b=90 nt=3059] KSP converged reason: 4, iterations: 1
  [a=38 b=113 nt=3235] KSP converged reason: 4, iterations: 1
  [a=64 b=109 nt=3828] KSP converged reason: 4, iterations: 1
  [a=39 b=95 nt=3938] KSP converged reason: 4, iterations: 1
  [a=37 b=98 nt=3291] KSP converged reason: 4, iterations: 1
  [a=36 b=80 nt=4148] KSP converged reason: 4, iterations: 1
  [a=48 b=81 nt=4264] KSP converged reason: 4, iterations: 1
  [a=70 b=113 nt=3556] KSP converged reason: 4, iterations: 1
  [a=51 b=76 nt=2781] KSP converged reason: 4, iterations: 1
  [a=45 b=85 nt=3456] KSP converged reason: 4, iterations: 1
  [a=51 b=61 nt=4186] KSP converged reason: 4, iterations: 1
  [a=61 b=85 nt=3740] KSP converged reason: 4, iterations: 1
  [a=46 b=71 nt=4167] KSP converged reason: 4, iterations: 1
  [a=44 b=83 nt=4452] KSP converged reason: 4, iterations: 1
  [a=51 b=85 nt=3046] KSP converged reason: 4, iterations: 1
  [a=56 b=63 nt=3907] KSP converged reason: 4, iterations: 1
  [a=44 b=68 nt=3378] KSP converged reason: 4, iterations: 1
  [a=53 b=102 nt=3923] KSP converged reason: 4, iterations: 1
  [a=37 b=83 nt=2839] KSP converged reason: 4, iterations: 1
  [a=68 b=93 nt=2943] KSP converged reason: 4, iterations: 1
  [a=36 b=125 nt=3822] KSP converged reason: 4, iterations: 1
  [a=50 b=87 nt=5257] KSP converged reason: 4, iterations: 1
  [a=67 b=94 nt=5322] KSP converged reason: 4, iterations: 1
  [a=68 b=85 nt=4756] KSP converged reason: 4, iterations: 1
  [a=48 b=88 nt=5237] KSP converged reason: 4, iterations: 1
  [a=39 b=74 nt=4539] KSP converged reason: 4, iterations: 1
  [a=52 b=66 nt=4314] KSP converged reason: 4, iterations: 1
  [a=33 b=58 nt=3634] KSP converged reason: 4, iterations: 1
  [a=39 b=89 nt=3160] KSP converged reason: 4, iterations: 1
  [a=63 b=90 nt=3990] KSP converged reason: 4, iterations: 1
  [a=66 b=89 nt=3525] KSP converged reason: 4, iterations: 1
  [a=39 b=103 nt=3151] KSP converged reason: 4, iterations: 1
  [a=45 b=85 nt=4430] KSP converged reason: 4, iterations: 1
  [a=43 b=50 nt=2827] KSP converged reason: 4, iterations: 1
  [a=55 b=79 nt=3577] KSP converged reason: 4, iterations: 1
  [a=48 b=54 nt=3489] KSP converged reason: 4, iterations: 1
  [a=47 b=79 nt=3612] KSP converged reason: 4, iterations: 1
  [a=58 b=89 nt=3641] KSP converged reason: 4, iterations: 1
  [a=47 b=81 nt=3427] KSP converged reason: 4, iterations: 1
  [a=37 b=78 nt=3586] KSP converged reason: 4, iterations: 1
  [a=43 b=96 nt=3270] KSP converged reason: 4, iterations: 1
  [a=64 b=70 nt=3949] KSP converged reason: 4, iterations: 1
  [a=54 b=67 nt=3315] KSP converged reason: 4, iterations: 1
  [a=35 b=78 nt=3255] KSP converged reason: 4, iterations: 1
  [a=85 b=94 nt=3768] KSP converged reason: 4, iterations: 1
  [a=50 b=65 nt=3551] KSP converged reason: 4, iterations: 1
  [a=28 b=51 nt=3044] KSP converged reason: 4, iterations: 1
  [a=65 b=97 nt=3276] KSP converged reason: 4, iterations: 1
  [a=58 b=88 nt=4000] KSP converged reason: 4, iterations: 1
  [a=77 b=136 nt=3621] KSP converged reason: 4, iterations: 1
  [a=44 b=113 nt=4886] KSP converged reason: 4, iterations: 1
  [a=55 b=111 nt=5316] KSP converged reason: 4, iterations: 1
  [a=44 b=143 nt=4485] KSP converged reason: 4, iterations: 1
  [a=62 b=114 nt=5021] KSP converged reason: 4, iterations: 1
  [a=63 b=74 nt=4728] KSP converged reason: 4, iterations: 1
  [a=76 b=85 nt=3901] KSP converged reason: 4, iterations: 1
  [a=34 b=80 nt=4095] KSP converged reason: 4, iterations: 1
  [a=49 b=84 nt=2779] KSP converged reason: 4, iterations: 1
  [a=34 b=90 nt=3781] KSP converged reason: 4, iterations: 1
  [a=51 b=93 nt=3278] KSP converged reason: 4, iterations: 1
  [a=40 b=89 nt=3826] KSP converged reason: 4, iterations: 1
  [a=42 b=110 nt=3201] KSP converged reason: 4, iterations: 1
  [a=46 b=59 nt=3408] KSP converged reason: 4, iterations: 1
  [a=60 b=75 nt=3848] KSP converged reason: 4, iterations: 1
  [a=46 b=82 nt=3295] KSP converged reason: 4, iterations: 1
  [a=44 b=65 nt=3149] KSP converged reason: 4, iterations: 1
  [a=57 b=98 nt=3616] KSP converged reason: 4, iterations: 1
  [a=52 b=79 nt=3333] KSP converged reason: 4, iterations: 1
  [a=52 b=84 nt=2892] KSP converged reason: 4, iterations: 1
  [a=51 b=60 nt=2825] KSP converged reason: 4, iterations: 1
  [a=47 b=81 nt=3264] KSP converged reason: 4, iterations: 1
  [a=48 b=60 nt=3301] KSP converged reason: 4, iterations: 1
  [a=36 b=77 nt=3938] KSP converged reason: 4, iterations: 1
  [a=35 b=94 nt=4038] KSP converged reason: 4, iterations: 1
  [a=74 b=107 nt=4251] KSP converged reason: 4, iterations: 1
  [a=60 b=90 nt=3954] KSP converged reason: 4, iterations: 1
  [a=59 b=96 nt=3626] KSP converged reason: 4, iterations: 1
  [a=53 b=63 nt=3448] KSP converged reason: 4, iterations: 1
  [a=36 b=84 nt=2929] KSP converged reason: 4, iterations: 1
  [a=53 b=112 nt=4030] KSP converged reason: 4, iterations: 1
  [a=59 b=101 nt=2588] KSP converged reason: 4, iterations: 1
  [a=61 b=119 nt=4110] KSP converged reason: 4, iterations: 1

  [ 285] viol   f=  22.529  a=63.1 b=76.3 gap=41.3 (face=54.5mm) n=[897, 314, 514, 67, 51, 526, 390]  tape=1.445km B=6.75T unif=0.057% hoop=262MPa
  [ 286] viol   f=  16.110  a=43.5 b=72.1 gap=21.3 (face=14.6mm) n=[572, 601, 328, 417, 411, 188, 633]  tape=1.320km B=11.99T unif=1.272% hoop=343MPa
  [ 287] viol   f= 550.601  a=27.8 b=50.8 gap=16.8 (face=5.6mm) n=[565, 624, 435, 574, 143, 52, 651]  tape=0.885km B=16.02T unif=2.658% hoop=200MPa
  [ 288] INFEAS f=42951.836  a=61.0 b=33.6 gap=29.7 (face=31.4mm) n=[529, 793, 834, 299, 89, 565, 389]  no evaluation (geometry pre-check)
  [ 289] viol   f=  10.018  a=79.1 b=94.1 gap=25.9 (face=23.8mm) n=[590, 306, 802, 209, 297, 418, 601]  tape=1.991km B=8.00T unif=0.981% hoop=400MPa
  [ 290] INFEAS f=3396.535  a=50.9 b=48.1 gap=16.3 (face=4.6mm) n=[591, 401, 650, 62, 666, 299, 605]  no evaluation (geometry pre-check)
  [ 291] OK     f=   2.427  a=53.4 b=112.2 gap=27.3 (face=26.6mm) n=[702, 635, 731, 476, 604, 430, 452]  tape=2.427km B=11.67T unif=0.528% hoop=378MPa
  [ 292] viol   f=  13.951  a=65.0 b=96.7 gap=15.7 (face=3.4mm) n=[497, 426, 880, 581, 618, 156, 118]  tape=1.971km B=8.61T unif=1.201% hoop=400MPa
  [ 293] OK     f=   2.204  a=53.5 b=102.0 gap=19.5 (face=11.0mm) n=[790, 407, 778, 91, 707, 511, 639]  tape=2.204km B=12.92T unif=0.790% hoop=376MPa
  [ 294] INFEAS f=3775.430  a=66.4 b=63.1 gap=21.8 (face=15.5mm) n=[75, 646, 848, 336, 189, 584, 841]  no evaluation (geometry pre-check)
  [ 295] viol   f=  10.376  a=52.6 b=82.0 gap=20.9 (face=13.8mm) n=[733, 361, 899, 231, 446, 489, 247]  tape=1.770km B=11.38T unif=1.207% hoop=372MPa
  [ 296] INFEAS f=4141.354  a=23.8 b=71.7 gap=18.3 (face=8.7mm) n=[525, 666, 674, 211, 685, 696, 175]  no evaluation (geometry pre-check)
  [ 297] viol   f= 117.441  a=31.1 b=47.1 gap=27.7 (face=27.3mm) n=[734, 532, 696, 54, 479, 253, 459]  tape=0.959km B=12.67T unif=1.763% hoop=180MPa
  [ 298] viol   f=  89.756  a=35.9 b=44.8 gap=16.9 (face=5.8mm) n=[578, 308, 360, 609, 375, 469, 225]  tape=0.868km B=14.50T unif=1.667% hoop=267MPa
  [ 299] viol   f=   2.845  a=56.3 b=102.6 gap=22.3 (face=16.6mm) n=[521, 229, 875, 215, 765, 243, 348]  tape=1.933km B=9.32T unif=0.663% hoop=340MPa
  [ 300] viol   f=  10.225  a=75.9 b=90.5 gap=28.6 (face=29.2mm) n=[549, 211, 644, 483, 391, 169, 669]  tape=1.777km B=7.94T unif=0.843% hoop=400MPa
  [ 301] OK     f=   2.849  a=51.2 b=121.8 gap=25.5 (face=23.0mm) n=[881, 583, 870, 363, 638, 642, 400]  tape=2.849km B=12.92T unif=0.405% hoop=400MPa
  [ 302] OK     f=   2.093  a=57.6 b=87.6 gap=22.4 (face=16.7mm) n=[706, 627, 496, 128, 677, 546, 820]  tape=2.093km B=11.88T unif=0.937% hoop=400MPa
  [ 303] OK     f=   1.351  a=36.6 b=83.4 gap=16.7 (face=5.3mm) n=[719, 154, 475, 281, 403, 401, 406]  tape=1.351km B=11.79T unif=0.716% hoop=308MPa
  [ 304] viol   f=  13.238  a=59.4 b=100.7 gap=25.6 (face=23.1mm) n=[691, 251, 553, 245, 396, 82, 370]  tape=1.531km B=7.58T unif=0.846% hoop=311MPa
  [ 305] OK     f=   3.497  a=49.1 b=148.4 gap=25.7 (face=23.4mm) n=[900, 565, 897, 440, 552, 788, 521]  tape=3.497km B=13.22T unif=0.056% hoop=390MPa
  [ 306] viol   f=   2.149  a=59.8 b=94.8 gap=27.0 (face=26.1mm) n=[668, 358, 463, 251, 802, 297, 767]  tape=2.029km B=9.75T unif=0.636% hoop=366MPa
  [ 307] viol   f=  19.801  a=68.3 b=92.6 gap=17.7 (face=7.3mm) n=[344, 332, 618, 477, 338, 265, 569]  tape=1.660km B=7.67T unif=1.191% hoop=400MPa
  [ 308] OK     f=   2.611  a=61.2 b=118.7 gap=16.0 (face=4.0mm) n=[441, 381, 693, 699, 634, 574, 688]  tape=2.611km B=10.74T unif=0.657% hoop=400MPa
  [ 309] INFEAS f=1733.227  a=31.4 b=147.5 gap=18.5 (face=9.1mm) n=[676, 622, 826, 716, 822, 364, 247]  no evaluation (geometry pre-check)
  [ 310] viol   f=  27.227  a=77.3 b=136.1 gap=24.9 (face=21.8mm) n=[530, 527, 614, 492, 805, 559, 94]  tape=2.792km B=6.50T unif=0.504% hoop=400MPa

==========================================================================================
CMA-ES finished: 310 evaluations in 7.3 min
==========================================================================================

Best feasible design found:
  a_mm             42.748683148534695
  b_mm             50.214668585812305
  gap_mm           21.283880565980397
  face_gap_mm      14.567761131960792
  n_turns          [173, 591, 160, 644, 364, 563, 332]
  n_total          2827
  tape_km          0.947742971258362
  B_target_T       11.543263705329014
  uniformity_pct   0.6903928821408061
  hoop_MPa         237.93695574909202
  delam_MPa        18.163499283887305
  I_quench_A       406.347933222485
  I_op_A           223.51371464383112
  binding          quench/SF
  clip_frac        0.20056899004267426

Full evaluation history -> optimize/cmaes_history.csv
Best design            -> optimize/cmaes_results.csv
Appended 310 rows to cumulative master log -> optimize/cmaes_all_evaluations.csv

Figures -> /home/gerrityjack/fenicsx/Racetrack-Coil-Optimization/visualization/cmaes_convergence.png, cmaes_constraints.png, cmaes_variables.png, cmaes_overview.png
Cumulative parameter-space map -> visualization/cmaes_param_map.png (3550 evaluations, 11 runs)
