Starting CMA-ES: 10 variables, budget 300 evaluations, target B >= 10.0 T, uniformity <= 1.0%, hoop <= 400 MPa, coil-coil face gap >= 3 mm

Parallel mode: 6 worker processes per generation.
  [   1] viol   f=  26.861  a=64.9 b=215.8 gap=28.9 (face=29.8mm) n=[795, 263, 286, 315, 423, 296, 863]  tape=3.491km B=6.58T unif=0.129% hoop=400MPa
  [   2] viol   f=  52.604  a=88.5 b=155.0 gap=36.2 (face=44.4mm) n=[263, 122, 151, 370, 543, 610, 880]  tape=2.629km B=5.00T unif=0.269% hoop=400MPa
  [   3] viol   f=  11.609  a=61.2 b=206.1 gap=18.8 (face=9.6mm) n=[128, 670, 587, 95, 520, 758, 308]  tape=3.090km B=7.94T unif=0.191% hoop=389MPa
  [   4] viol   f=  42.511  a=49.4 b=209.4 gap=34.9 (face=41.9mm) n=[117, 124, 425, 92, 891, 249, 755]  tape=2.691km B=5.54T unif=0.177% hoop=226MPa
  [   5] viol   f=  16.921  a=60.6 b=213.8 gap=21.0 (face=14.1mm) n=[719, 403, 79, 187, 582, 191, 726]  tape=2.981km B=7.36T unif=0.168% hoop=329MPa
  [   6] viol   f= 100.746  a=94.9 b=197.7 gap=41.2 (face=54.4mm) n=[310, 276, 59, 187, 98, 250, 606]  tape=1.901km B=2.97T unif=0.179% hoop=400MPa
  [   7] viol   f=  75.596  a=62.0 b=227.6 gap=42.6 (face=57.3mm) n=[391, 127, 289, 291, 270, 114, 800]  tape=2.580km B=3.96T unif=0.079% hoop=400MPa
  [   8] viol   f=  51.194  a=96.4 b=182.8 gap=34.6 (face=41.3mm) n=[273, 558, 605, 534, 661, 343, 804]  tape=3.782km B=5.13T unif=0.250% hoop=400MPa
  [   9] viol   f=  79.700  a=106.2 b=196.3 gap=39.6 (face=51.1mm) n=[486, 575, 136, 540, 59, 145, 520]  tape=2.587km B=3.79T unif=0.233% hoop=400MPa
  [  10] viol   f=  63.620  a=85.6 b=223.3 gap=35.5 (face=43.0mm) n=[676, 452, 189, 427, 314, 189, 389]  tape=3.014km B=4.50T unif=0.154% hoop=400MPa
  [  11] viol   f=  22.016  a=62.4 b=241.3 gap=33.3 (face=38.5mm) n=[54, 772, 492, 334, 506, 896, 396]  tape=4.039km B=7.00T unif=0.040% hoop=371MPa
  [  12] viol   f=  20.223  a=63.6 b=213.3 gap=21.1 (face=14.1mm) n=[551, 462, 476, 80, 606, 437, 711]  tape=3.447km B=7.10T unif=0.159% hoop=400MPa
  [  13] viol   f=  26.771  a=61.5 b=200.1 gap=18.6 (face=9.3mm) n=[50, 289, 645, 74, 530, 554, 387]  tape=2.471km B=6.51T unif=0.189% hoop=389MPa
  [  14] INFEAS f=9682.080  a=27.3 b=196.3 gap=20.0 (face=12.0mm) n=[415, 323, 458, 61, 880, 885, 821]  no evaluation (geometry pre-check)
  [  15] viol   f=  61.095  a=85.8 b=234.5 gap=25.8 (face=23.5mm) n=[94, 526, 121, 257, 381, 751, 391]  tape=3.015km B=4.61T unif=0.141% hoop=400MPa
  [  16] OK     f=   5.642  a=59.7 b=275.0 gap=15.7 (face=3.4mm) n=[423, 881, 366, 778, 516, 617, 818]  tape=5.642km B=10.03T unif=0.151% hoop=400MPa
  [  17] OK     f=   2.937  a=50.9 b=165.6 gap=17.3 (face=6.7mm) n=[239, 508, 772, 180, 537, 791, 541]  tape=2.937km B=10.55T unif=0.190% hoop=379MPa
  [  18] viol   f=  22.457  a=68.6 b=230.7 gap=19.1 (face=10.2mm) n=[673, 579, 332, 106, 368, 777, 386]  tape=3.643km B=6.93T unif=0.165% hoop=400MPa
  [  19] viol   f=  52.937  a=82.7 b=191.4 gap=17.8 (face=7.7mm) n=[183, 411, 189, 350, 88, 845, 582]  tape=2.720km B=4.99T unif=0.234% hoop=400MPa
  [  20] viol   f=  15.633  a=71.5 b=205.1 gap=17.4 (face=6.8mm) n=[515, 895, 672, 470, 86, 499, 772]  tape=4.059km B=7.59T unif=0.218% hoop=400MPa
  [  21] INFEAS f=310361.173  a=-14.2 b=220.5 gap=15.9 (face=3.8mm) n=[350, 511, 415, 871, 468, 360, 856]  no evaluation (geometry pre-check)
  [  22] OK     f=   4.254  a=47.5 b=215.2 gap=16.2 (face=4.4mm) n=[651, 369, 277, 783, 509, 667, 897]  tape=4.254km B=11.65T unif=0.069% hoop=400MPa
  [  23] viol   f=   4.196  a=50.2 b=210.5 gap=16.1 (face=4.2mm) n=[53, 656, 337, 248, 579, 715, 525]  tape=3.095km B=9.26T unif=0.130% hoop=328MPa
  [  24] OK     f=   2.846  a=42.6 b=177.4 gap=16.4 (face=4.9mm) n=[311, 470, 292, 680, 832, 104, 602]  tape=2.846km B=10.32T unif=0.122% hoop=348MPa
  [  25] viol   f=  19.902  a=77.3 b=259.6 gap=15.6 (face=3.3mm) n=[536, 827, 750, 730, 592, 443, 585]  tape=5.595km B=7.33T unif=0.163% hoop=400MPa
  [  26] OK     f=   3.504  a=49.0 b=184.1 gap=23.2 (face=18.4mm) n=[513, 692, 754, 347, 268, 707, 710]  tape=3.504km B=11.60T unif=0.085% hoop=362MPa
  [  27] viol   f= 575.760  a=33.1 b=215.1 gap=15.7 (face=3.4mm) n=[756, 709, 642, 235, 721, 466, 741]  tape=4.090km B=18.39T unif=2.691% hoop=301MPa
  [  28] INFEAS f=169737.871  a=-2.4 b=214.5 gap=19.3 (face=10.6mm) n=[88, 642, 500, 698, 616, 885, 732]  no evaluation (geometry pre-check)
  [  29] viol   f=  19.241  a=78.5 b=186.7 gap=28.2 (face=28.5mm) n=[179, 866, 703, 583, 57, 900, 583]  tape=3.754km B=7.22T unif=0.225% hoop=400MPa
  [  30] viol   f=  40.553  a=88.3 b=204.4 gap=15.6 (face=3.3mm) n=[152, 888, 360, 597, 447, 741, 335]  tape=3.815km B=5.71T unif=0.240% hoop=400MPa
  [  31] INFEAS f=50327.996  a=14.7 b=214.3 gap=16.8 (face=5.6mm) n=[353, 619, 401, 358, 505, 875, 422]  no evaluation (geometry pre-check)
  [  32] viol   f=  10.229  a=64.2 b=212.8 gap=19.2 (face=10.5mm) n=[261, 723, 497, 762, 51, 274, 844]  tape=3.563km B=8.17T unif=0.164% hoop=400MPa
  [  33] INFEAS f=1169.826  a=30.6 b=172.8 gap=16.2 (face=4.4mm) n=[354, 461, 478, 769, 263, 169, 419]  no evaluation (geometry pre-check)
  [  34] viol   f=   4.158  a=43.7 b=190.5 gap=16.0 (face=4.0mm) n=[234, 179, 569, 573, 504, 169, 412]  tape=2.351km B=9.05T unif=0.147% hoop=265MPa
  [  35] INFEAS f=1399.268  a=34.9 b=177.8 gap=15.6 (face=3.2mm) n=[618, 900, 297, 582, 374, 763, 438]  no evaluation (geometry pre-check)
  [  36] INFEAS f=3445.935  a=32.0 b=210.9 gap=19.4 (face=10.8mm) n=[229, 520, 159, 54, 483, 500, 898]  no evaluation (geometry pre-check)
  [  37] viol   f=  31.871  a=82.1 b=198.2 gap=15.5 (face=3.0mm) n=[208, 518, 327, 682, 791, 454, 595]  tape=3.684km B=6.25T unif=0.238% hoop=400MPa
  [  38] viol   f=  20.322  a=68.9 b=222.5 gap=17.0 (face=6.1mm) n=[404, 608, 138, 230, 545, 594, 677]  tape=3.453km B=7.10T unif=0.169% hoop=400MPa
  [  39] viol   f=  12.523  a=66.0 b=137.7 gap=29.3 (face=30.7mm) n=[462, 477, 725, 536, 566, 283, 870]  tape=2.985km B=7.82T unif=0.346% hoop=400MPa
  [  40] viol   f=   4.252  a=58.8 b=171.1 gap=22.7 (face=17.5mm) n=[462, 197, 598, 548, 763, 602, 811]  tape=3.428km B=9.36T unif=0.183% hoop=400MPa
  [  41] viol   f=  14.713  a=58.8 b=212.8 gap=29.7 (face=31.5mm) n=[562, 265, 470, 612, 474, 276, 691]  tape=3.431km B=7.62T unif=0.097% hoop=365MPa
  [  42] viol   f=  25.311  a=97.5 b=157.5 gap=19.8 (face=11.5mm) n=[765, 237, 900, 684, 810, 755, 327]  tape=4.001km B=6.74T unif=0.477% hoop=400MPa
  [  43] viol   f=  61.180  a=76.7 b=176.1 gap=30.6 (face=33.2mm) n=[319, 265, 588, 307, 233, 73, 470]  tape=2.085km B=4.56T unif=0.248% hoop=341MPa
  [  44] viol   f=  18.554  a=64.5 b=214.3 gap=16.4 (face=4.7mm) n=[657, 101, 467, 455, 603, 625, 276]  tape=3.290km B=7.24T unif=0.205% hoop=400MPa
  [  45] OK     f=   3.405  a=57.2 b=163.0 gap=15.7 (face=3.5mm) n=[638, 405, 764, 368, 899, 233, 766]  tape=3.405km B=10.15T unif=0.259% hoop=400MPa
  [  46] INFEAS f=35738.571  a=18.4 b=154.8 gap=21.1 (face=14.2mm) n=[375, 225, 509, 588, 883, 460, 565]  no evaluation (geometry pre-check)
  [  47] viol   f=  26.184  a=70.9 b=152.1 gap=23.5 (face=18.9mm) n=[370, 302, 574, 486, 448, 263, 670]  tape=2.533km B=6.56T unif=0.358% hoop=400MPa
  [  48] viol   f=  14.278  a=70.0 b=148.2 gap=15.5 (face=3.0mm) n=[413, 429, 821, 665, 248, 381, 784]  tape=2.999km B=7.63T unif=0.430% hoop=400MPa
  [  49] viol   f=   4.367  a=54.6 b=189.3 gap=15.9 (face=3.7mm) n=[600, 232, 350, 442, 563, 316, 605]  tape=2.827km B=9.12T unif=0.236% hoop=395MPa
  [  50] viol   f=  12.413  a=68.4 b=201.6 gap=15.6 (face=3.3mm) n=[490, 322, 849, 675, 225, 766, 482]  tape=3.865km B=7.93T unif=0.222% hoop=400MPa
  [  51] INFEAS f=2511.034  a=33.0 b=145.7 gap=18.0 (face=8.0mm) n=[898, 87, 594, 67, 702, 217, 700]  no evaluation (geometry pre-check)
  [  52] viol   f=  34.425  a=97.4 b=177.0 gap=20.2 (face=12.4mm) n=[762, 135, 777, 134, 899, 483, 774]  tape=3.853km B=6.09T unif=0.343% hoop=400MPa
  [  53] viol   f=   3.225  a=51.4 b=145.3 gap=21.6 (face=15.1mm) n=[530, 536, 885, 101, 694, 117, 642]  tape=2.645km B=9.46T unif=0.213% hoop=400MPa
  [  54] INFEAS f=1117.160  a=25.6 b=171.7 gap=15.6 (face=3.2mm) n=[478, 261, 629, 187, 382, 449, 539]  no evaluation (geometry pre-check)
  [  55] viol   f=  11.215  a=63.8 b=221.4 gap=22.0 (face=16.1mm) n=[382, 292, 693, 447, 793, 165, 895]  tape=3.998km B=8.10T unif=0.112% hoop=400MPa
  [  56] OK     f=   2.591  a=44.4 b=150.7 gap=15.5 (face=3.0mm) n=[477, 64, 892, 511, 691, 410, 312]  tape=2.591km B=11.01T unif=0.198% hoop=362MPa
  [  57] INFEAS f=29123.100  a=20.4 b=177.1 gap=19.6 (face=11.3mm) n=[478, 138, 620, 464, 781, 570, 889]  no evaluation (geometry pre-check)
  [  58] viol   f=   5.423  a=68.4 b=151.1 gap=15.5 (face=3.0mm) n=[450, 348, 828, 583, 891, 407, 805]  tape=3.488km B=9.02T unif=0.392% hoop=400MPa
  [  59] INFEAS f=8658.010  a=22.6 b=170.4 gap=16.4 (face=4.7mm) n=[447, 177, 240, 55, 534, 166, 744]  no evaluation (geometry pre-check)
  [  60] OK     f=   3.446  a=58.2 b=149.9 gap=21.5 (face=15.0mm) n=[898, 285, 869, 332, 567, 864, 643]  tape=3.446km B=12.01T unif=0.301% hoop=400MPa
  [  61] OK     f=   3.338  a=39.3 b=185.8 gap=16.3 (face=4.5mm) n=[287, 678, 786, 477, 673, 250, 673]  tape=3.338km B=13.76T unif=0.060% hoop=334MPa
  [  62] OK     f=   2.847  a=51.9 b=168.4 gap=16.5 (face=4.9mm) n=[874, 171, 643, 396, 755, 375, 133]  tape=2.847km B=10.48T unif=0.347% hoop=383MPa
  [  63] viol   f=  15.394  a=70.1 b=161.5 gap=16.4 (face=4.8mm) n=[510, 402, 900, 162, 681, 433, 649]  tape=3.256km B=7.54T unif=0.345% hoop=400MPa
  [  64] OK     f=   2.255  a=41.1 b=126.4 gap=15.8 (face=3.6mm) n=[524, 411, 841, 58, 462, 562, 558]  tape=2.255km B=11.80T unif=0.476% hoop=373MPa
  [  65] OK     f=   3.286  a=47.8 b=157.2 gap=17.5 (face=6.9mm) n=[583, 414, 753, 171, 821, 631, 855]  tape=3.286km B=12.43T unif=0.120% hoop=400MPa
  [  66] viol   f=   3.030  a=56.0 b=133.7 gap=17.8 (face=7.6mm) n=[412, 650, 509, 67, 879, 257, 656]  tape=2.483km B=9.48T unif=0.406% hoop=400MPa
  [  67] viol   f=   6.961  a=66.1 b=131.1 gap=15.5 (face=3.1mm) n=[179, 194, 746, 646, 799, 221, 371]  tape=2.284km B=8.47T unif=0.577% hoop=400MPa
  [  68] OK     f=   2.754  a=44.8 b=147.4 gap=23.6 (face=19.1mm) n=[730, 52, 793, 189, 838, 565, 620]  tape=2.754km B=11.63T unif=0.136% hoop=288MPa
  [  69] OK     f=   3.102  a=51.3 b=173.6 gap=17.9 (face=7.7mm) n=[524, 107, 641, 498, 728, 270, 834]  tape=3.102km B=10.23T unif=0.171% hoop=399MPa
  [  70] OK     f=   2.048  a=58.3 b=98.5 gap=16.2 (face=4.5mm) n=[873, 173, 430, 364, 865, 110, 774]  tape=2.048km B=11.41T unif=0.996% hoop=400MPa
  [  71] viol   f=  12.328  a=66.5 b=122.8 gap=16.3 (face=4.7mm) n=[281, 139, 545, 277, 807, 355, 613]  tape=2.131km B=7.74T unif=0.600% hoop=400MPa
  [  72] INFEAS f=45102.092  a=15.4 b=174.1 gap=21.0 (face=14.0mm) n=[863, 478, 654, 140, 651, 256, 517]  no evaluation (geometry pre-check)
  [  73] viol   f= 253.045  a=34.9 b=72.9 gap=15.9 (face=3.7mm) n=[783, 160, 771, 60, 809, 735, 622]  tape=1.550km B=17.49T unif=2.121% hoop=251MPa
  [  74] viol   f=   5.163  a=77.8 b=142.9 gap=32.7 (face=37.3mm) n=[798, 243, 898, 103, 900, 489, 859]  tape=3.346km B=9.05T unif=0.360% hoop=400MPa
  [  75] INFEAS f=1886.216  a=31.6 b=160.0 gap=19.1 (face=10.3mm) n=[568, 58, 704, 60, 522, 838, 404]  no evaluation (geometry pre-check)
  [  76] INFEAS f=16886.266  a=87.8 b=72.9 gap=20.4 (face=12.8mm) n=[681, 137, 528, 502, 318, 149, 703]  no evaluation (geometry pre-check)
  [  77] OK     f=   1.979  a=36.4 b=137.6 gap=15.5 (face=3.0mm) n=[353, 352, 603, 567, 484, 233, 374]  tape=1.979km B=11.64T unif=0.316% hoop=372MPa
  [  78] INFEAS f=1424.650  a=34.6 b=129.6 gap=22.7 (face=17.4mm) n=[638, 151, 374, 357, 721, 68, 894]  no evaluation (geometry pre-check)
  [  79] viol   f=  13.184  a=57.9 b=127.9 gap=23.0 (face=18.0mm) n=[623, 86, 355, 77, 691, 252, 708]  tape=1.894km B=7.62T unif=0.404% hoop=275MPa
  [  80] OK     f=   2.417  a=43.5 b=92.9 gap=15.9 (face=3.7mm) n=[719, 441, 827, 455, 857, 705, 810]  tape=2.417km B=17.30T unif=0.713% hoop=400MPa
  [  81] viol   f=  25.305  a=85.5 b=132.9 gap=16.1 (face=4.2mm) n=[560, 273, 746, 564, 835, 170, 489]  tape=2.834km B=6.65T unif=0.666% hoop=400MPa
  [  82] OK     f=   2.182  a=39.3 b=95.9 gap=17.1 (face=6.2mm) n=[674, 265, 633, 614, 869, 432, 664]  tape=2.182km B=14.95T unif=0.589% hoop=358MPa
  [  83] viol   f=  13.718  a=71.6 b=150.9 gap=20.2 (face=12.3mm) n=[546, 471, 772, 439, 622, 359, 584]  tape=3.090km B=7.69T unif=0.400% hoop=400MPa
  [  84] INFEAS f=5321.284  a=54.6 b=49.2 gap=15.5 (face=3.1mm) n=[733, 152, 550, 551, 430, 568, 140]  no evaluation (geometry pre-check)
  [  85] OK     f=   2.190  a=46.9 b=118.3 gap=21.9 (face=15.8mm) n=[538, 451, 896, 368, 560, 145, 378]  tape=2.190km B=10.07T unif=0.426% hoop=359MPa
  [  86] viol   f=  24.081  a=84.9 b=149.1 gap=15.5 (face=3.0mm) n=[340, 282, 212, 892, 900, 90, 681]  tape=2.859km B=6.74T unif=0.489% hoop=400MPa
  [  87] INFEAS f=11163.093  a=27.1 b=110.8 gap=15.7 (face=3.4mm) n=[739, 555, 899, 353, 486, 828, 280]  no evaluation (geometry pre-check)
  [  88] viol   f=  20.186  a=81.9 b=138.6 gap=25.3 (face=22.7mm) n=[587, 490, 898, 84, 813, 146, 505]  tape=2.807km B=7.05T unif=0.505% hoop=400MPa
  [  89] INFEAS f=1362.646  a=31.0 b=109.1 gap=26.2 (face=24.4mm) n=[62, 723, 218, 796, 549, 181, 719]  no evaluation (geometry pre-check)
  [  90] OK     f=   2.813  a=41.5 b=148.8 gap=21.9 (face=15.7mm) n=[626, 605, 880, 418, 679, 256, 278]  tape=2.813km B=11.85T unif=0.163% hoop=351MPa
  [  91] viol   f=   8.977  a=75.5 b=99.5 gap=26.3 (face=24.7mm) n=[751, 96, 448, 200, 400, 567, 694]  tape=1.940km B=8.12T unif=0.846% hoop=400MPa
  [  92] viol   f=  15.433  a=77.0 b=147.2 gap=24.4 (face=20.7mm) n=[810, 163, 780, 401, 771, 57, 72]  tape=2.434km B=7.45T unif=0.461% hoop=394MPa
  [  93] viol   f=  13.417  a=80.7 b=110.6 gap=15.6 (face=3.1mm) n=[641, 188, 607, 160, 896, 631, 584]  tape=2.545km B=7.67T unif=0.927% hoop=400MPa
  [  94] viol   f=  33.538  a=89.9 b=123.3 gap=20.9 (face=13.9mm) n=[233, 399, 539, 898, 650, 342, 127]  tape=2.462km B=6.06T unif=0.734% hoop=400MPa
  [  95] viol   f=   8.201  a=53.2 b=161.3 gap=20.4 (face=12.9mm) n=[273, 197, 673, 259, 879, 249, 695]  tape=2.680km B=8.34T unif=0.155% hoop=303MPa
  [  96] INFEAS f=1276.403  a=30.9 b=138.5 gap=15.5 (face=3.1mm) n=[762, 543, 482, 424, 787, 137, 463]  no evaluation (geometry pre-check)
  [  97] OK     f=   2.301  a=47.0 b=109.1 gap=28.1 (face=28.1mm) n=[692, 585, 244, 882, 584, 68, 873]  tape=2.301km B=10.69T unif=0.483% hoop=298MPa
  [  98] OK     f=   2.734  a=35.3 b=154.8 gap=21.5 (face=15.1mm) n=[696, 553, 710, 186, 785, 235, 532]  tape=2.734km B=13.17T unif=0.120% hoop=267MPa
  [  99] viol   f=   3.692  a=56.2 b=154.0 gap=17.7 (face=7.4mm) n=[784, 359, 452, 366, 784, 327, 388]  tape=2.754km B=9.32T unif=0.343% hoop=400MPa
  [ 100] viol   f=  12.601  a=78.7 b=130.6 gap=19.6 (face=11.3mm) n=[234, 548, 900, 509, 833, 497, 408]  tape=2.996km B=7.81T unif=0.607% hoop=400MPa
  [ 101] OK     f=   3.849  a=59.4 b=181.1 gap=15.7 (face=3.4mm) n=[755, 894, 129, 815, 600, 666, 399]  tape=3.849km B=10.91T unif=0.297% hoop=400MPa
  [ 102] OK     f=   3.080  a=44.8 b=107.9 gap=19.2 (face=10.3mm) n=[893, 778, 817, 618, 682, 883, 886]  tape=3.080km B=19.11T unif=0.750% hoop=400MPa
  [ 103] viol   f=   4.460  a=67.3 b=170.2 gap=23.6 (face=19.2mm) n=[834, 515, 281, 802, 757, 95, 612]  tape=3.396km B=9.27T unif=0.283% hoop=400MPa
  [ 104] viol   f=  10.905  a=43.9 b=75.3 gap=17.5 (face=6.9mm) n=[795, 586, 297, 675, 874, 216, 663]  tape=1.840km B=15.75T unif=1.213% hoop=371MPa
  [ 105] viol   f=  12.723  a=43.2 b=66.2 gap=23.5 (face=19.0mm) n=[899, 581, 898, 814, 850, 293, 478]  tape=1.908km B=18.44T unif=1.233% hoop=329MPa
  [ 106] OK     f=   1.879  a=54.9 b=73.1 gap=31.6 (face=35.2mm) n=[615, 359, 156, 686, 598, 861, 787]  tape=1.879km B=10.78T unif=0.057% hoop=321MPa
  [ 107] INFEAS f=7310.655  a=73.8 b=66.2 gap=21.8 (face=15.7mm) n=[878, 613, 897, 598, 374, 414, 465]  no evaluation (geometry pre-check)
  [ 108] viol   f=   5.679  a=34.8 b=84.8 gap=23.3 (face=18.7mm) n=[721, 155, 503, 297, 443, 446, 624]  tape=1.483km B=11.75T unif=1.145% hoop=266MPa
  [ 109] viol   f=   4.513  a=87.4 b=95.1 gap=31.4 (face=34.8mm) n=[709, 231, 900, 900, 203, 52, 883]  tape=2.365km B=8.96T unif=0.663% hoop=400MPa
  [ 110] viol   f=  21.861  a=83.4 b=136.8 gap=18.3 (face=8.7mm) n=[892, 277, 307, 767, 471, 281, 485]  tape=2.806km B=6.91T unif=0.609% hoop=400MPa
  [ 111] INFEAS f=1027.732  a=30.5 b=72.3 gap=16.2 (face=4.3mm) n=[665, 737, 244, 722, 740, 746, 483]  no evaluation (geometry pre-check)
  [ 112] viol   f=  12.754  a=58.6 b=80.4 gap=16.0 (face=3.9mm) n=[730, 510, 264, 493, 889, 611, 826]  tape=2.180km B=12.65T unif=1.230% hoop=400MPa
  [ 113] viol   f=   5.852  a=74.5 b=159.5 gap=25.8 (face=23.6mm) n=[872, 900, 304, 401, 644, 734, 612]  tape=3.814km B=8.99T unif=0.349% hoop=400MPa
  [ 114] INFEAS f=19169.896  a=23.1 b=117.7 gap=21.9 (face=15.7mm) n=[497, 515, 393, 546, 876, 767, 834]  no evaluation (geometry pre-check)
  [ 115] viol   f=  11.481  a=93.3 b=117.8 gap=21.8 (face=15.5mm) n=[764, 811, 213, 817, 899, 626, 469]  tape=3.326km B=7.98T unif=0.870% hoop=400MPa
  [ 116] INFEAS f=20962.422  a=23.3 b=138.0 gap=24.6 (face=21.3mm) n=[272, 423, 197, 424, 724, 121, 898]  no evaluation (geometry pre-check)
  [ 117] viol   f=   8.485  a=35.5 b=120.5 gap=31.6 (face=35.1mm) n=[790, 284, 340, 362, 557, 99, 410]  tape=1.791km B=8.17T unif=0.706% hoop=273MPa
  [ 118] OK     f=   2.512  a=43.0 b=102.8 gap=33.8 (face=39.5mm) n=[897, 775, 137, 695, 610, 885, 609]  tape=2.512km B=12.32T unif=0.593% hoop=294MPa
  [ 119] viol   f=  64.246  a=69.3 b=82.4 gap=21.3 (face=14.5mm) n=[830, 427, 569, 265, 717, 101, 404]  tape=1.803km B=9.60T unif=1.557% hoop=400MPa
  [ 120] OK     f=   2.930  a=59.5 b=101.8 gap=35.7 (face=43.4mm) n=[466, 896, 428, 687, 895, 895, 889]  tape=2.930km B=12.20T unif=0.341% hoop=384MPa
  [ 121] viol   f=  36.651  a=107.1 b=152.8 gap=32.7 (face=37.4mm) n=[811, 408, 69, 841, 248, 900, 435]  tape=3.352km B=5.92T unif=0.430% hoop=400MPa
  [ 122] INFEAS f=79792.909  a=8.6 b=99.1 gap=43.7 (face=59.4mm) n=[499, 431, 560, 791, 782, 860, 806]  no evaluation (geometry pre-check)
  [ 123] viol   f=   4.904  a=63.2 b=204.0 gap=38.5 (face=48.9mm) n=[526, 898, 354, 835, 865, 875, 538]  tape=4.858km B=9.85T unif=0.126% hoop=387MPa
  [ 124] viol   f=  13.343  a=51.7 b=109.1 gap=42.7 (face=57.5mm) n=[492, 618, 314, 524, 618, 442, 369]  tape=1.962km B=7.61T unif=0.320% hoop=282MPa
  [ 125] viol   f=   3.586  a=82.0 b=91.0 gap=43.6 (face=59.3mm) n=[746, 890, 120, 825, 780, 824, 897]  tape=2.901km B=9.41T unif=0.122% hoop=400MPa
  [ 126] viol   f=   4.055  a=80.7 b=97.3 gap=36.4 (face=44.7mm) n=[654, 881, 263, 753, 767, 778, 847]  tape=2.977km B=9.27T unif=0.417% hoop=400MPa
  [ 127] viol   f=  36.599  a=118.3 b=143.2 gap=34.6 (face=41.2mm) n=[865, 633, 466, 890, 579, 772, 196]  tape=3.895km B=5.96T unif=0.519% hoop=400MPa
  [ 128] viol   f=   4.459  a=66.8 b=118.7 gap=29.2 (face=30.5mm) n=[500, 658, 148, 420, 503, 794, 821]  tape=2.579km B=9.03T unif=0.443% hoop=400MPa
  [ 129] OK     f=   2.566  a=47.5 b=102.9 gap=39.7 (face=51.4mm) n=[785, 865, 327, 568, 822, 813, 449]  tape=2.566km B=10.84T unif=0.376% hoop=292MPa
  [ 130] INFEAS f=16813.496  a=68.7 b=53.8 gap=42.4 (face=56.8mm) n=[875, 759, 203, 718, 765, 638, 817]  no evaluation (geometry pre-check)
  [ 131] viol   f=   5.059  a=54.8 b=127.0 gap=40.9 (face=53.7mm) n=[562, 750, 83, 540, 684, 855, 764]  tape=2.840km B=8.95T unif=0.283% hoop=316MPa
  [ 132] viol   f=   4.301  a=46.1 b=144.7 gap=43.0 (face=58.1mm) n=[569, 752, 505, 534, 706, 811, 626]  tape=3.240km B=9.27T unif=0.313% hoop=337MPa
  [ 133] viol   f=  22.020  a=91.9 b=100.1 gap=39.8 (face=51.5mm) n=[122, 866, 250, 390, 569, 895, 367]  tape=2.313km B=6.86T unif=0.333% hoop=400MPa
  [ 134] viol   f=  60.482  a=120.1 b=158.8 gap=31.9 (face=35.8mm) n=[562, 439, 402, 183, 899, 899, 61]  tape=3.315km B=4.65T unif=0.417% hoop=400MPa
  [ 135] OK     f=   2.447  a=75.6 b=89.0 gap=27.7 (face=27.3mm) n=[857, 317, 146, 877, 899, 777, 467]  tape=2.447km B=11.13T unif=0.846% hoop=400MPa
  [ 136] viol   f= 158.291  a=56.3 b=63.0 gap=42.2 (face=56.4mm) n=[848, 423, 418, 717, 897, 739, 894]  tape=2.041km B=11.01T unif=1.884% hoop=400MPa
  [ 137] OK     f=   3.384  a=61.3 b=124.6 gap=41.8 (face=55.7mm) n=[722, 751, 254, 847, 787, 899, 821]  tape=3.384km B=10.59T unif=0.276% hoop=384MPa
  [ 138] INFEAS f=1067.123  a=83.7 b=87.4 gap=39.9 (face=51.9mm) n=[900, 861, 333, 541, 424, 541, 893]  no evaluation (geometry pre-check)
  [ 139] INFEAS f=9748.435  a=26.5 b=66.9 gap=40.0 (face=52.0mm) n=[864, 819, 607, 764, 823, 668, 439]  no evaluation (geometry pre-check)
  [ 140] viol   f=  33.275  a=107.4 b=187.6 gap=22.6 (face=17.2mm) n=[843, 710, 434, 878, 660, 866, 702]  tape=5.217km B=6.25T unif=0.321% hoop=400MPa
  [ 141] INFEAS f=145889.121  a=91.3 b=36.2 gap=43.2 (face=58.3mm) n=[336, 763, 123, 458, 753, 864, 899]  no evaluation (geometry pre-check)
  [ 142] viol   f=   2.441  a=42.2 b=92.2 gap=44.9 (face=61.8mm) n=[622, 856, 340, 802, 534, 900, 767]  tape=2.426km B=9.91T unif=0.228% hoop=284MPa
  [ 143] OK     f=   2.141  a=64.9 b=83.5 gap=37.1 (face=46.1mm) n=[554, 900, 134, 661, 900, 842, 149]  tape=2.141km B=10.25T unif=0.117% hoop=340MPa
  [ 144] OK     f=   3.245  a=59.4 b=136.5 gap=22.0 (face=16.0mm) n=[800, 894, 86, 572, 624, 688, 868]  tape=3.245km B=11.80T unif=0.414% hoop=400MPa
  [ 145] INFEAS f=50558.354  a=121.2 b=91.0 gap=43.7 (face=59.3mm) n=[708, 760, 249, 845, 571, 694, 540]  no evaluation (geometry pre-check)
  [ 146] viol   f=  30.167  a=86.9 b=117.9 gap=42.0 (face=56.0mm) n=[335, 684, 69, 502, 866, 573, 198]  tape=2.360km B=6.27T unif=0.348% hoop=395MPa
  [ 147] viol   f=  37.610  a=97.7 b=107.2 gap=29.6 (face=31.1mm) n=[271, 462, 259, 629, 622, 775, 510]  tape=2.473km B=5.81T unif=0.678% hoop=400MPa
  [ 148] viol   f=   5.316  a=52.8 b=193.9 gap=40.5 (face=53.0mm) n=[859, 868, 648, 739, 434, 246, 425]  tape=3.964km B=9.18T unif=0.221% hoop=323MPa
  [ 149] INFEAS f=20981.854  a=23.0 b=83.9 gap=16.3 (face=4.6mm) n=[890, 888, 210, 865, 864, 799, 779]  no evaluation (geometry pre-check)
  [ 150] OK     f=   2.341  a=61.2 b=88.5 gap=41.8 (face=55.6mm) n=[818, 772, 136, 709, 821, 739, 542]  tape=2.341km B=10.55T unif=0.077% hoop=351MPa
  [ 151] INFEAS f=143166.266  a=45.0 b=-9.6 gap=43.5 (face=59.1mm) n=[214, 839, 227, 806, 722, 688, 240]  no evaluation (geometry pre-check)
  [ 152] viol   f=  11.095  a=73.3 b=98.9 gap=34.9 (face=41.7mm) n=[465, 630, 142, 483, 876, 489, 530]  tape=2.273km B=7.90T unif=0.470% hoop=400MPa
  [ 153] INFEAS f=35839.960  a=63.6 b=39.1 gap=42.1 (face=56.2mm) n=[890, 795, 426, 387, 630, 899, 111]  no evaluation (geometry pre-check)
  [ 154] INFEAS f=18234.611  a=24.3 b=61.8 gap=25.9 (face=23.7mm) n=[616, 502, 93, 893, 836, 899, 643]  no evaluation (geometry pre-check)
  [ 155] viol   f=   3.129  a=59.7 b=146.4 gap=23.8 (face=19.6mm) n=[83, 414, 276, 813, 769, 731, 898]  tape=3.047km B=9.80T unif=0.255% hoop=367MPa
  [ 156] viol   f=  16.779  a=35.0 b=116.6 gap=44.9 (face=61.9mm) n=[682, 754, 350, 222, 566, 623, 344]  tape=2.085km B=7.29T unif=0.505% hoop=197MPa
  [ 157] INFEAS f=12685.590  a=49.2 b=37.1 gap=42.6 (face=57.2mm) n=[383, 585, 280, 735, 609, 489, 419]  no evaluation (geometry pre-check)
  [ 158] OK     f=   2.529  a=61.1 b=99.2 gap=41.4 (face=54.9mm) n=[774, 727, 122, 776, 669, 617, 825]  tape=2.529km B=10.16T unif=0.211% hoop=363MPa
  [ 159] INFEAS f=1165.479  a=34.0 b=90.1 gap=39.4 (face=50.7mm) n=[824, 858, 404, 720, 836, 528, 581]  no evaluation (geometry pre-check)
  [ 160] OK     f=   2.237  a=49.6 b=104.8 gap=30.9 (face=33.8mm) n=[869, 896, 118, 334, 822, 619, 237]  tape=2.237km B=11.39T unif=0.545% hoop=276MPa
  [ 161] OK     f=   2.875  a=49.1 b=106.5 gap=40.5 (face=52.9mm) n=[877, 766, 581, 867, 565, 894, 485]  tape=2.875km B=11.65T unif=0.411% hoop=340MPa
  [ 162] viol   f=   2.431  a=37.3 b=139.0 gap=21.5 (face=15.0mm) n=[191, 656, 222, 241, 574, 561, 899]  tape=2.375km B=9.83T unif=0.192% hoop=286MPa
  [ 163] viol   f=   2.924  a=83.7 b=94.1 gap=34.9 (face=41.8mm) n=[887, 830, 511, 437, 707, 893, 362]  tape=2.808km B=9.76T unif=0.619% hoop=400MPa
  [ 164] OK     f=   1.966  a=32.6 b=127.4 gap=22.2 (face=16.5mm) n=[124, 441, 77, 591, 579, 704, 696]  tape=1.966km B=10.12T unif=0.451% hoop=200MPa
  [ 165] viol   f=   4.467  a=82.7 b=128.5 gap=25.2 (face=22.4mm) n=[857, 899, 354, 851, 794, 640, 522]  tape=3.624km B=9.35T unif=0.645% hoop=400MPa
  [ 166] INFEAS f=1796.533  a=34.0 b=95.2 gap=37.7 (face=47.4mm) n=[656, 635, 569, 760, 825, 858, 899]  no evaluation (geometry pre-check)
  [ 167] OK     f=   2.655  a=57.4 b=119.5 gap=27.0 (face=25.9mm) n=[724, 654, 248, 625, 719, 646, 610]  tape=2.655km B=11.55T unif=0.467% hoop=381MPa
  [ 168] viol   f=  13.984  a=94.5 b=110.4 gap=40.9 (face=53.8mm) n=[826, 572, 502, 760, 878, 726, 130]  tape=3.055km B=7.66T unif=0.438% hoop=400MPa
  [ 169] INFEAS f=62047.214  a=145.1 b=111.0 gap=43.2 (face=58.3mm) n=[815, 236, 358, 896, 884, 688, 406]  no evaluation (geometry pre-check)
  [ 170] INFEAS f=2357.701  a=30.7 b=73.8 gap=42.2 (face=56.5mm) n=[557, 424, 140, 179, 832, 806, 730]  no evaluation (geometry pre-check)
  [ 171] OK     f=   3.331  a=38.0 b=211.6 gap=18.2 (face=8.5mm) n=[88, 751, 66, 473, 808, 325, 888]  tape=3.331km B=10.78T unif=0.431% hoop=259MPa
  [ 172] viol   f=  12.739  a=37.4 b=132.8 gap=20.5 (face=13.0mm) n=[92, 370, 251, 583, 251, 247, 530]  tape=1.527km B=7.63T unif=0.286% hoop=255MPa
  [ 173] INFEAS f=71319.991  a=9.2 b=38.0 gap=30.0 (face=32.1mm) n=[353, 632, 325, 223, 835, 454, 608]  no evaluation (geometry pre-check)
  [ 174] viol   f=   3.889  a=46.9 b=97.3 gap=25.8 (face=23.6mm) n=[525, 461, 56, 127, 435, 889, 746]  tape=1.805km B=8.98T unif=0.511% hoop=292MPa
  [ 175] INFEAS f=62968.682  a=62.4 b=28.0 gap=39.9 (face=51.9mm) n=[770, 749, 73, 318, 604, 669, 662]  no evaluation (geometry pre-check)
  [ 176] INFEAS f=32508.510  a=16.3 b=75.9 gap=16.9 (face=5.7mm) n=[239, 690, 347, 413, 728, 805, 688]  no evaluation (geometry pre-check)
  [ 177] viol   f=  14.096  a=53.5 b=232.8 gap=29.1 (face=30.2mm) n=[147, 386, 248, 730, 766, 308, 782]  tape=3.682km B=7.72T unif=0.105% hoop=282MPa
  [ 178] viol   f=   7.253  a=78.4 b=144.5 gap=27.6 (face=27.1mm) n=[598, 811, 184, 875, 566, 816, 583]  tape=3.530km B=8.64T unif=0.410% hoop=400MPa
  [ 179] viol   f=   5.795  a=60.3 b=175.1 gap=31.0 (face=33.9mm) n=[611, 317, 390, 617, 807, 557, 732]  tape=3.555km B=8.94T unif=0.143% hoop=387MPa
  [ 180] INFEAS f=44514.453  a=6.2 b=165.6 gap=24.7 (face=21.4mm) n=[332, 612, 215, 92, 69, 593, 476]  no evaluation (geometry pre-check)
  [ 181] INFEAS f=156273.469  a=-6.6 b=77.1 gap=21.5 (face=14.9mm) n=[255, 397, 159, 372, 691, 494, 708]  no evaluation (geometry pre-check)
  [ 182] OK     f=   2.454  a=58.7 b=103.2 gap=25.9 (face=23.7mm) n=[406, 653, 671, 896, 844, 51, 639]  tape=2.454km B=11.01T unif=0.600% hoop=400MPa
  [ 183] INFEAS f=4057.677  a=30.0 b=253.1 gap=22.5 (face=17.0mm) n=[372, 805, 119, 490, 747, 752, 859]  no evaluation (geometry pre-check)
  [ 184] INFEAS f=34447.946  a=86.6 b=62.7 gap=16.8 (face=5.6mm) n=[893, 206, 103, 208, 664, 691, 468]  no evaluation (geometry pre-check)
  [ 185] viol   f=  17.164  a=76.2 b=151.8 gap=23.9 (face=19.8mm) n=[876, 403, 160, 343, 624, 455, 697]  tape=3.006km B=7.34T unif=0.393% hoop=400MPa
  [ 186] viol   f=  22.981  a=69.0 b=168.6 gap=22.1 (face=16.1mm) n=[313, 595, 175, 135, 403, 897, 536]  tape=2.772km B=6.82T unif=0.248% hoop=400MPa
  [ 187] INFEAS f=155120.044  a=-1.3 b=209.1 gap=35.4 (face=42.9mm) n=[451, 607, 136, 286, 871, 602, 694]  no evaluation (geometry pre-check)
  [ 188] viol   f=   5.472  a=57.3 b=175.0 gap=23.7 (face=19.4mm) n=[216, 897, 214, 259, 385, 736, 801]  tape=3.115km B=8.91T unif=0.141% hoop=356MPa
  [ 189] INFEAS f=1047.836  a=35.9 b=156.7 gap=17.0 (face=6.0mm) n=[406, 64, 785, 869, 206, 487, 896]  no evaluation (geometry pre-check)
  [ 190] viol   f=   4.766  a=54.4 b=238.5 gap=28.4 (face=28.8mm) n=[542, 779, 473, 135, 853, 662, 693]  tape=4.634km B=9.74T unif=0.023% hoop=356MPa
  [ 191] OK     f=   2.978  a=41.5 b=163.8 gap=26.9 (face=25.9mm) n=[167, 677, 118, 662, 696, 787, 723]  tape=2.978km B=10.52T unif=0.271% hoop=252MPa
  [ 192] INFEAS f=34519.367  a=18.8 b=196.0 gap=32.6 (face=37.3mm) n=[518, 462, 293, 571, 850, 733, 884]  no evaluation (geometry pre-check)
  [ 193] INFEAS f=31395.616  a=89.7 b=67.1 gap=32.4 (face=36.7mm) n=[749, 886, 87, 318, 851, 656, 292]  no evaluation (geometry pre-check)
  [ 194] viol   f=   3.014  a=44.3 b=159.5 gap=22.1 (face=16.2mm) n=[407, 826, 306, 342, 364, 303, 698]  tape=2.614km B=9.55T unif=0.286% hoop=398MPa
  [ 195] INFEAS f=97136.186  a=7.1 b=129.1 gap=33.3 (face=38.5mm) n=[487, 894, 275, 552, 831, 840, 779]  no evaluation (geometry pre-check)
  [ 196] viol   f=  15.832  a=38.3 b=147.8 gap=31.0 (face=34.0mm) n=[181, 284, 489, 367, 870, 178, 839]  tape=2.368km B=7.41T unif=0.343% hoop=239MPa
  [ 197] viol   f=  43.418  a=63.5 b=71.9 gap=16.4 (face=4.8mm) n=[92, 799, 229, 281, 645, 311, 865]  tape=1.570km B=10.62T unif=1.457% hoop=351MPa
  [ 198] viol   f=  14.096  a=85.9 b=167.2 gap=31.3 (face=34.7mm) n=[558, 897, 554, 636, 887, 578, 884]  tape=4.497km B=7.81T unif=0.294% hoop=400MPa
  [ 199] OK     f=   3.480  a=62.7 b=159.8 gap=22.3 (face=16.6mm) n=[766, 836, 185, 867, 427, 505, 637]  tape=3.480km B=10.58T unif=0.305% hoop=400MPa
  [ 200] INFEAS f=17511.298  a=23.1 b=177.9 gap=21.7 (face=15.4mm) n=[770, 573, 452, 424, 862, 488, 590]  no evaluation (geometry pre-check)
  [ 201] viol   f=   3.143  a=52.3 b=160.4 gap=22.3 (face=16.6mm) n=[622, 496, 301, 249, 696, 589, 860]  tape=3.119km B=9.89T unif=0.191% hoop=370MPa
  [ 202] OK     f=   2.545  a=40.6 b=135.9 gap=22.5 (face=17.0mm) n=[492, 395, 68, 888, 856, 369, 627]  tape=2.545km B=10.91T unif=0.429% hoop=302MPa
  [ 203] INFEAS f=11865.515  a=25.0 b=216.2 gap=34.5 (face=41.0mm) n=[354, 822, 199, 383, 337, 361, 851]  no evaluation (geometry pre-check)
  [ 204] INFEAS f=6919.374  a=27.4 b=157.5 gap=26.0 (face=24.0mm) n=[407, 836, 113, 585, 257, 369, 845]  no evaluation (geometry pre-check)
  [ 205] INFEAS f=35682.456  a=19.1 b=151.5 gap=27.2 (face=26.5mm) n=[76, 752, 469, 900, 539, 417, 767]  no evaluation (geometry pre-check)
  [ 206] viol   f=  43.815  a=85.2 b=91.2 gap=22.8 (face=17.6mm) n=[533, 689, 80, 308, 426, 389, 413]  tape=1.727km B=6.55T unif=1.302% hoop=400MPa
  [ 207] OK     f=   2.918  a=29.0 b=242.6 gap=17.2 (face=6.4mm) n=[199, 575, 278, 661, 221, 343, 411]  tape=2.918km B=10.53T unif=0.268% hoop=216MPa
  [ 208] viol   f=  43.028  a=84.0 b=204.9 gap=20.8 (face=13.6mm) n=[303, 542, 52, 98, 410, 749, 723]  tape=3.029km B=5.53T unif=0.200% hoop=400MPa
  [ 209] INFEAS f=55880.868  a=14.4 b=133.1 gap=31.2 (face=34.3mm) n=[211, 741, 94, 740, 284, 897, 791]  no evaluation (geometry pre-check)
  [ 210] viol   f=   5.398  a=64.9 b=172.8 gap=26.7 (face=25.5mm) n=[580, 784, 179, 711, 360, 574, 888]  tape=3.630km B=9.06T unif=0.221% hoop=400MPa
  [ 211] INFEAS f=32411.134  a=18.9 b=208.0 gap=18.6 (face=9.2mm) n=[513, 643, 419, 649, 872, 682, 376]  no evaluation (geometry pre-check)
  [ 212] viol   f=  37.354  a=82.9 b=206.6 gap=30.7 (face=33.4mm) n=[284, 472, 95, 470, 700, 669, 784]  tape=3.679km B=5.90T unif=0.162% hoop=400MPa
  [ 213] viol   f=   3.800  a=60.8 b=121.5 gap=33.8 (face=39.6mm) n=[852, 441, 71, 681, 627, 393, 876]  tape=2.638km B=9.24T unif=0.366% hoop=348MPa
  [ 214] viol   f=   4.494  a=34.4 b=132.3 gap=27.4 (face=26.9mm) n=[159, 524, 279, 520, 624, 476, 421]  tape=1.928km B=8.87T unif=0.403% hoop=202MPa
  [ 215] INFEAS f=69912.927  a=5.7 b=198.3 gap=16.7 (face=5.5mm) n=[210, 556, 517, 735, 389, 423, 733]  no evaluation (geometry pre-check)
  [ 216] OK     f=   3.174  a=42.2 b=165.3 gap=25.5 (face=23.0mm) n=[225, 500, 503, 773, 879, 300, 733]  tape=3.174km B=10.39T unif=0.204% hoop=356MPa
  [ 217] INFEAS f=251256.102  a=-11.6 b=191.7 gap=18.2 (face=8.5mm) n=[51, 815, 148, 620, 471, 260, 454]  no evaluation (geometry pre-check)
  [ 218] INFEAS f=10392.304  a=25.8 b=201.9 gap=16.1 (face=4.3mm) n=[427, 249, 409, 800, 854, 248, 52]  no evaluation (geometry pre-check)
  [ 219] viol   f=   3.480  a=27.6 b=168.7 gap=17.0 (face=5.9mm) n=[88, 515, 60, 555, 621, 52, 264]  tape=1.660km B=9.05T unif=0.346% hoop=140MPa
  [ 220] OK     f=   3.751  a=44.2 b=201.7 gap=16.7 (face=5.3mm) n=[342, 578, 203, 857, 795, 519, 620]  tape=3.751km B=12.25T unif=0.290% hoop=366MPa
  [ 221] OK     f=   3.213  a=46.5 b=170.3 gap=20.0 (face=12.0mm) n=[313, 572, 212, 768, 750, 517, 781]  tape=3.213km B=11.75T unif=0.086% hoop=335MPa
  [ 222] viol   f=   7.309  a=48.0 b=172.0 gap=31.9 (face=35.8mm) n=[258, 689, 161, 773, 535, 377, 820]  tape=3.045km B=8.54T unif=0.201% hoop=278MPa
  [ 223] INFEAS f=259254.920  a=-9.8 b=128.6 gap=22.2 (face=16.5mm) n=[285, 458, 290, 883, 898, 132, 593]  no evaluation (geometry pre-check)
  [ 224] INFEAS f=3855.231  a=31.4 b=139.3 gap=20.1 (face=12.3mm) n=[429, 694, 163, 627, 892, 303, 794]  no evaluation (geometry pre-check)
  [ 225] INFEAS f=8388.338  a=28.6 b=171.9 gap=21.0 (face=14.0mm) n=[486, 899, 414, 698, 738, 430, 411]  no evaluation (geometry pre-check)
  [ 226] OK     f=   2.098  a=51.9 b=114.0 gap=16.3 (face=4.6mm) n=[252, 558, 453, 276, 706, 326, 777]  tape=2.098km B=10.14T unif=0.557% hoop=400MPa
  [ 227] viol   f=   8.191  a=51.6 b=250.1 gap=16.9 (face=5.8mm) n=[368, 235, 362, 650, 666, 50, 876]  tape=3.786km B=8.52T unif=0.071% hoop=371MPa
  [ 228] viol   f=   4.827  a=40.4 b=165.0 gap=23.9 (face=19.9mm) n=[109, 56, 553, 814, 784, 98, 636]  tape=2.406km B=8.90T unif=0.337% hoop=221MPa
  [ 229] INFEAS f=347759.875  a=-16.1 b=175.4 gap=15.8 (face=3.6mm) n=[168, 240, 569, 892, 509, 112, 191]  no evaluation (geometry pre-check)
  [ 230] viol   f=  13.355  a=45.9 b=170.9 gap=32.6 (face=37.3mm) n=[75, 476, 81, 850, 884, 199, 698]  tape=2.718km B=7.69T unif=0.296% hoop=231MPa
  [ 231] viol   f=  10.587  a=56.8 b=108.7 gap=21.5 (face=15.0mm) n=[137, 379, 332, 65, 836, 291, 872]  tape=1.813km B=7.91T unif=0.527% hoop=348MPa
  [ 232] OK     f=   2.552  a=53.6 b=144.4 gap=16.9 (face=5.8mm) n=[115, 608, 491, 219, 681, 635, 735]  tape=2.552km B=10.29T unif=0.323% hoop=387MPa
  [ 233] viol   f=   5.165  a=64.9 b=166.4 gap=24.2 (face=20.5mm) n=[280, 830, 414, 599, 714, 412, 862]  tape=3.539km B=9.10T unif=0.245% hoop=400MPa
  [ 234] viol   f=   3.530  a=56.8 b=160.5 gap=22.3 (face=16.5mm) n=[59, 899, 73, 440, 873, 393, 736]  tape=2.834km B=9.41T unif=0.168% hoop=331MPa
  [ 235] INFEAS f=1018.559  a=73.8 b=78.1 gap=32.3 (face=36.7mm) n=[623, 680, 139, 250, 770, 225, 677]  no evaluation (geometry pre-check)
  [ 236] OK     f=   2.385  a=42.1 b=111.6 gap=18.9 (face=9.8mm) n=[488, 326, 563, 764, 789, 430, 767]  tape=2.385km B=13.94T unif=0.489% hoop=360MPa
  [ 237] viol   f=  15.240  a=77.8 b=104.8 gap=20.6 (face=13.3mm) n=[294, 509, 263, 294, 899, 88, 778]  tape=2.074km B=7.43T unif=0.787% hoop=400MPa
  [ 238] INFEAS f=187329.390  a=-4.5 b=136.5 gap=16.6 (face=5.3mm) n=[439, 283, 579, 454, 776, 322, 873]  no evaluation (geometry pre-check)
  [ 239] viol   f=  25.417  a=72.6 b=140.3 gap=20.4 (face=12.8mm) n=[240, 571, 561, 798, 297, 168, 574]  tape=2.516km B=6.62T unif=0.477% hoop=400MPa
  [ 240] INFEAS f=4296.366  a=23.8 b=212.5 gap=23.6 (face=19.2mm) n=[126, 612, 691, 551, 701, 209, 355]  no evaluation (geometry pre-check)
  [ 241] viol   f=   5.245  a=79.4 b=90.3 gap=22.8 (face=17.5mm) n=[371, 710, 380, 667, 740, 371, 674]  tape=2.246km B=9.40T unif=1.107% hoop=400MPa
  [ 242] INFEAS f=17856.612  a=86.9 b=71.3 gap=15.8 (face=3.7mm) n=[628, 781, 770, 392, 742, 447, 697]  no evaluation (geometry pre-check)
  [ 243] INFEAS f=12636.451  a=24.8 b=116.6 gap=17.4 (face=6.8mm) n=[238, 575, 757, 854, 306, 223, 795]  no evaluation (geometry pre-check)
  [ 244] INFEAS f=1095.337  a=35.7 b=98.9 gap=17.4 (face=6.9mm) n=[296, 651, 130, 358, 765, 599, 896]  no evaluation (geometry pre-check)
  [ 245] viol   f=  12.033  a=68.6 b=117.3 gap=15.7 (face=3.5mm) n=[358, 548, 470, 307, 705, 127, 697]  tape=2.133km B=7.78T unif=0.739% hoop=400MPa
  [ 246] INFEAS f=102606.275  a=5.4 b=168.5 gap=24.1 (face=20.3mm) n=[298, 871, 455, 401, 763, 385, 644]  no evaluation (geometry pre-check)
  [ 247] viol   f=   4.750  a=55.8 b=189.7 gap=17.9 (face=7.7mm) n=[163, 533, 333, 618, 697, 393, 549]  tape=3.040km B=9.08T unif=0.200% hoop=388MPa
  [ 248] OK     f=   2.355  a=46.8 b=127.0 gap=17.7 (face=7.4mm) n=[256, 530, 523, 656, 724, 117, 787]  tape=2.355km B=11.28T unif=0.367% hoop=400MPa
  [ 249] INFEAS f=88974.709  a=7.1 b=108.8 gap=17.8 (face=7.6mm) n=[187, 826, 298, 470, 650, 859, 829]  no evaluation (geometry pre-check)
  [ 250] OK     f=   3.633  a=42.9 b=184.1 gap=16.3 (face=4.6mm) n=[165, 241, 615, 889, 853, 788, 598]  tape=3.633km B=13.57T unif=0.307% hoop=345MPa
  [ 251] viol   f=  12.137  a=63.1 b=167.0 gap=18.3 (face=8.5mm) n=[267, 513, 567, 893, 341, 148, 709]  tape=3.021km B=7.87T unif=0.258% hoop=400MPa
  [ 252] viol   f=  21.016  a=88.7 b=147.7 gap=27.7 (face=27.4mm) n=[176, 649, 410, 899, 711, 527, 778]  tape=3.508km B=7.04T unif=0.426% hoop=400MPa
  [ 253] viol   f=   3.484  a=63.3 b=152.5 gap=19.5 (face=11.0mm) n=[390, 717, 483, 671, 839, 460, 763]  tape=3.445km B=9.86T unif=0.325% hoop=400MPa
  [ 254] viol   f=  19.209  a=66.3 b=201.2 gap=15.8 (face=3.6mm) n=[77, 580, 310, 552, 539, 652, 792]  tape=3.510km B=7.20T unif=0.189% hoop=400MPa
  [ 255] INFEAS f=128166.222  a=1.3 b=151.5 gap=15.5 (face=3.1mm) n=[92, 205, 363, 854, 857, 72, 457]  no evaluation (geometry pre-check)
  [ 256] INFEAS f=63250.775  a=8.4 b=140.7 gap=17.5 (face=6.9mm) n=[325, 698, 642, 770, 775, 296, 529]  no evaluation (geometry pre-check)
  [ 257] INFEAS f=1999.955  a=31.7 b=90.2 gap=18.2 (face=8.3mm) n=[116, 678, 196, 589, 844, 315, 825]  no evaluation (geometry pre-check)
  [ 258] viol   f=   6.414  a=54.2 b=234.5 gap=15.6 (face=3.2mm) n=[255, 434, 530, 528, 746, 492, 752]  tape=4.116km B=8.93T unif=0.104% hoop=400MPa
  [ 259] OK     f=   2.539  a=52.0 b=140.7 gap=17.0 (face=6.1mm) n=[132, 58, 836, 774, 690, 262, 818]  tape=2.539km B=11.17T unif=0.307% hoop=316MPa
  [ 260] viol   f=   3.591  a=37.0 b=120.7 gap=17.8 (face=7.7mm) n=[154, 478, 185, 294, 877, 54, 869]  tape=1.805km B=9.05T unif=0.560% hoop=239MPa
  [ 261] OK     f=   2.126  a=37.6 b=144.5 gap=17.9 (face=7.8mm) n=[188, 81, 518, 658, 780, 102, 693]  tape=2.126km B=10.10T unif=0.281% hoop=237MPa
  [ 262] OK     f=   3.240  a=43.5 b=156.9 gap=23.9 (face=19.7mm) n=[505, 557, 555, 886, 787, 246, 610]  tape=3.240km B=11.60T unif=0.106% hoop=400MPa
  [ 263] viol   f=  11.296  a=74.1 b=151.6 gap=18.2 (face=8.4mm) n=[65, 469, 739, 660, 791, 115, 749]  tape=2.884km B=7.95T unif=0.413% hoop=400MPa
  [ 264] viol   f=  16.850  a=74.1 b=168.3 gap=17.3 (face=6.6mm) n=[77, 520, 598, 869, 898, 280, 424]  tape=3.286km B=7.40T unif=0.327% hoop=400MPa
  [ 265] viol   f=  11.507  a=75.0 b=182.4 gap=16.6 (face=5.3mm) n=[116, 230, 350, 880, 860, 145, 900]  tape=3.277km B=7.97T unif=0.260% hoop=400MPa
  [ 266] OK     f=   3.037  a=44.5 b=171.1 gap=16.0 (face=3.9mm) n=[267, 519, 509, 899, 811, 124, 455]  tape=3.037km B=10.92T unif=0.112% hoop=400MPa
  [ 267] OK     f=   3.455  a=48.7 b=172.3 gap=18.5 (face=9.1mm) n=[364, 304, 405, 807, 832, 445, 896]  tape=3.455km B=11.66T unif=0.118% hoop=399MPa
  [ 268] viol   f=   2.516  a=60.1 b=124.5 gap=18.6 (face=9.1mm) n=[248, 258, 614, 669, 789, 150, 700]  tape=2.322km B=9.69T unif=0.521% hoop=398MPa
  [ 269] viol   f=   3.461  a=58.3 b=168.3 gap=15.6 (face=3.1mm) n=[171, 294, 661, 895, 635, 191, 733]  tape=3.092km B=9.57T unif=0.239% hoop=400MPa
  [ 270] OK     f=   3.282  a=52.4 b=184.3 gap=15.8 (face=3.7mm) n=[254, 642, 208, 873, 675, 251, 690]  tape=3.282km B=10.37T unif=0.163% hoop=387MPa
  [ 271] OK     f=   2.917  a=45.7 b=169.9 gap=19.0 (face=10.1mm) n=[89, 119, 696, 865, 784, 191, 827]  tape=2.917km B=10.96T unif=0.159% hoop=276MPa
  [ 272] viol   f=  13.807  a=67.0 b=143.4 gap=16.8 (face=5.5mm) n=[73, 367, 517, 725, 436, 406, 803]  tape=2.592km B=7.63T unif=0.411% hoop=400MPa
  [ 273] viol   f=   3.667  a=44.1 b=187.9 gap=16.6 (face=5.2mm) n=[277, 116, 348, 583, 743, 271, 722]  tape=2.744km B=9.32T unif=0.118% hoop=305MPa
  [ 274] viol   f=   3.974  a=67.0 b=128.5 gap=19.2 (face=10.3mm) n=[534, 169, 879, 658, 475, 138, 894]  tape=2.684km B=9.20T unif=0.523% hoop=400MPa
  [ 275] INFEAS f=8886.142  a=28.0 b=144.6 gap=17.4 (face=6.9mm) n=[366, 246, 360, 891, 792, 156, 828]  no evaluation (geometry pre-check)
  [ 276] viol   f=   3.274  a=54.5 b=176.2 gap=19.4 (face=10.8mm) n=[150, 110, 588, 702, 900, 419, 865]  tape=3.274km B=9.99T unif=0.121% hoop=380MPa
  [ 277] viol   f=   8.105  a=63.4 b=194.4 gap=18.9 (face=9.8mm) n=[299, 366, 897, 391, 796, 137, 727]  tape=3.541km B=8.49T unif=0.228% hoop=400MPa
  [ 278] INFEAS f=6042.414  a=30.0 b=155.4 gap=16.4 (face=4.7mm) n=[242, 130, 609, 665, 900, 56, 838]  no evaluation (geometry pre-check)
  [ 279] viol   f=   7.823  a=65.4 b=98.7 gap=17.6 (face=7.1mm) n=[160, 410, 168, 496, 897, 206, 644]  tape=1.844km B=8.27T unif=0.859% hoop=399MPa
  [ 280] INFEAS f=6224.000  a=27.2 b=159.7 gap=19.6 (face=11.3mm) n=[494, 181, 637, 818, 719, 144, 829]  no evaluation (geometry pre-check)
  [ 281] viol   f=   2.812  a=61.1 b=142.2 gap=18.0 (face=7.9mm) n=[202, 157, 623, 773, 823, 166, 900]  tape=2.750km B=9.82T unif=0.338% hoop=400MPa  [a=65 b=216 nt=3241] KSP converged reason: 4, iterations: 1
  [a=86 b=223 nt=2636] KSP converged reason: 4, iterations: 1
  [a=86 b=235 nt=2521] KSP converged reason: 4, iterations: 1
  [a=72 b=205 nt=3909] KSP converged reason: 4, iterations: 1
  [a=77 b=260 nt=4463] KSP converged reason: 4, iterations: 1
  [a=44 b=191 nt=2640] KSP converged reason: 4, iterations: 1
  [a=64 b=214 nt=3184] KSP converged reason: 4, iterations: 1
  [a=51 b=145 nt=3505] KSP converged reason: 4, iterations: 1
  [a=52 b=168 nt=3347] KSP converged reason: 4, iterations: 1
  [a=51 b=174 nt=3602] KSP converged reason: 4, iterations: 1
  [a=43 b=93 nt=4814] KSP converged reason: 4, iterations: 1
  [a=85 b=149 nt=3397] KSP converged reason: 4, iterations: 1
  [a=76 b=100 nt=3156] KSP converged reason: 4, iterations: 1
  [a=56 b=154 nt=3460] KSP converged reason: 4, iterations: 1
  [a=44 b=75 nt=4106] KSP converged reason: 4, iterations: 1
  [a=35 b=85 nt=3189] KSP converged reason: 4, iterations: 1
  [a=43 b=103 nt=4608] KSP converged reason: 4, iterations: 1
  [a=63 b=204 nt=4891] KSP converged reason: 4, iterations: 1
  [a=120 b=159 nt=3445] KSP converged reason: 4, iterations: 1
  [a=42 b=92 nt=4821] KSP converged reason: 4, iterations: 1
  [a=61 b=99 nt=4510] KSP converged reason: 4, iterations: 1
  [a=57 b=119 nt=4226] KSP converged reason: 4, iterations: 1
  [a=78 b=145 nt=4433] KSP converged reason: 4, iterations: 1
  [a=57 b=175 nt=3508] KSP converged reason: 4, iterations: 1
  [a=63 b=160 nt=4223] KSP converged reason: 4, iterations: 1
  [a=65 b=173 nt=4076] KSP converged reason: 4, iterations: 1
  [a=44 b=202 nt=3914] KSP converged reason: 4, iterations: 1
  [a=46 b=171 nt=3263] KSP converged reason: 4, iterations: 1
  [a=57 b=109 nt=2912] KSP converged reason: 4, iterations: 1
  [a=73 b=140 nt=3209] KSP converged reason: 4, iterations: 1
  [a=43 b=184 nt=4149] KSP converged reason: 4, iterations: 1
  [a=52 b=141 nt=3570] KSP converged reason: 4, iterations: 1
  [a=38 b=144 nt=3020] KSP converged reason: 4, iterations: 1
  [a=49 b=172 nt=4053] KSP converged reason: 4, iterations: 1
  [a=67 b=128 nt=3747] KSP converged reason: 4, iterations: 1
  [a=61 b=142 nt=3644] KSP converged reason: 4, iterations: 1
  [a=54 b=143 nt=3652] KSP converged reason: 4, iterations: 1
  [a=62 b=147 nt=4133] KSP converged reason: 4, iterations: 1
  [a=40 b=94 nt=3868] KSP converged reason: 4, iterations: 1
  [a=49 b=209 nt=2653] KSP converged reason: 4, iterations: 1
  [a=62 b=228 nt=2282] KSP converged reason: 4, iterations: 1
  [a=62 b=200 nt=2529] KSP converged reason: 4, iterations: 1
  [a=83 b=191 nt=2648] KSP converged reason: 4, iterations: 1
  [a=33 b=215 nt=4270] KSP converged reason: 4, iterations: 1
  [a=59 b=171 nt=3981] KSP converged reason: 4, iterations: 1
  [a=57 b=163 nt=4073] KSP converged reason: 4, iterations: 1
  [a=55 b=189 nt=3108] KSP converged reason: 4, iterations: 1
  [a=68 b=151 nt=4312] KSP converged reason: 4, iterations: 1
  [a=70 b=161 nt=3737] KSP converged reason: 4, iterations: 1
  [a=58 b=98 nt=3589] KSP converged reason: 4, iterations: 1
  [a=78 b=143 nt=4290] KSP converged reason: 4, iterations: 1
  [a=47 b=118 nt=3336] KSP converged reason: 4, iterations: 1
  [a=42 b=149 nt=3742] KSP converged reason: 4, iterations: 1
  [a=47 b=109 nt=3928] KSP converged reason: 4, iterations: 1
  [a=67 b=170 nt=3896] KSP converged reason: 4, iterations: 1
  [a=36 b=121 nt=2842] KSP converged reason: 4, iterations: 1
  [a=60 b=102 nt=5156] KSP converged reason: 4, iterations: 1
  [a=118 b=143 nt=4401] KSP converged reason: 4, iterations: 1
  [a=92 b=100 nt=3459] KSP converged reason: 4, iterations: 1
  [a=61 b=125 nt=5081] KSP converged reason: 4, iterations: 1
  [a=87 b=118 nt=3227] KSP converged reason: 4, iterations: 1
  [a=61 b=88 nt=4537] KSP converged reason: 4, iterations: 1
  [a=49 b=107 nt=5035] KSP converged reason: 4, iterations: 1
  [a=47 b=97 nt=3239] KSP converged reason: 4, iterations: 1
  [a=54 b=238 nt=4137] KSP converged reason: 4, iterations: 1
  [a=86 b=167 nt=4994] KSP converged reason: 4, iterations: 1
  [a=85 b=91 nt=2838] KSP converged reason: 4, iterations: 1
  [a=83 b=207 nt=3474] KSP converged reason: 4, iterations: 1
  [a=52 b=114 nt=3348] KSP converged reason: 4, iterations: 1
  [a=54 b=144 nt=3484] KSP converged reason: 4, iterations: 1
  [a=63 b=167 nt=3438] KSP converged reason: 4, iterations: 1
  [a=37 b=121 nt=2911] KSP converged reason: 4, iterations: 1
  [a=44 b=171 nt=3584] KSP converged reason: 4, iterations: 1
  [a=60 b=124 nt=3428] KSP converged reason: 4, iterations: 1
  [a=44 b=188 nt=3060] KSP converged reason: 4, iterations: 1
  [a=80 b=215 nt=3602] KSP converged reason: 4, iterations: 1
  [a=77 b=132 nt=4078] KSP converged reason: 4, iterations: 1
  [a=63 b=118 nt=3590] KSP converged reason: 4, iterations: 1
  [a=61 b=206 nt=3066] KSP converged reason: 4, iterations: 1
  [a=62 b=241 nt=3450] KSP converged reason: 4, iterations: 1
  [a=43 b=177 nt=3291] KSP converged reason: 4, iterations: 1
  [a=79 b=187 nt=3871] KSP converged reason: 4, iterations: 1
  [a=69 b=223 nt=3196] KSP converged reason: 4, iterations: 1
  [a=71 b=152 nt=3113] KSP converged reason: 4, iterations: 1
  [a=70 b=148 nt=3741] KSP converged reason: 4, iterations: 1
  [a=64 b=221 nt=3667] KSP converged reason: 4, iterations: 1
  [a=41 b=126 nt=3416] KSP converged reason: 4, iterations: 1
  [a=45 b=147 nt=3787] KSP converged reason: 4, iterations: 1
  [a=58 b=128 nt=2792] KSP converged reason: 4, iterations: 1
  [a=39 b=96 nt=4151] KSP converged reason: 4, iterations: 1
  [a=81 b=111 nt=3707] KSP converged reason: 4, iterations: 1
  [a=79 b=131 nt=3929] KSP converged reason: 4, iterations: 1
  [a=55 b=73 nt=4062] KSP converged reason: 4, iterations: 1
  [a=87 b=95 nt=3878] KSP converged reason: 4, iterations: 1
  [a=93 b=118 nt=4599] KSP converged reason: 4, iterations: 1
  [a=52 b=109 nt=3377] KSP converged reason: 4, iterations: 1
  [a=47 b=103 nt=4629] KSP converged reason: 4, iterations: 1
  [a=56 b=63 nt=4936] KSP converged reason: 4, iterations: 1
  [a=107 b=188 nt=5093] KSP converged reason: 4, iterations: 1
  [a=53 b=194 nt=4219] KSP converged reason: 4, iterations: 1
  [a=50 b=105 nt=3895] KSP converged reason: 4, iterations: 1
  [a=84 b=94 nt=4627] KSP converged reason: 4, iterations: 1
  [a=37 b=133 nt=2324] KSP converged reason: 4, iterations: 1
  [a=59 b=103 nt=4160] KSP converged reason: 4, iterations: 1
  [a=44 b=160 nt=3246] KSP converged reason: 4, iterations: 1
  [a=29 b=243 nt=2688] KSP converged reason: 4, iterations: 1
  [a=42 b=165 nt=3913] KSP converged reason: 4, iterations: 1
  [a=40 b=165 nt=3050] KSP converged reason: 4, iterations: 1
  [a=65 b=166 nt=4111] KSP converged reason: 4, iterations: 1
  [a=56 b=190 nt=3286] KSP converged reason: 4, iterations: 1
  [a=54 b=234 nt=3737] KSP converged reason: 4, iterations: 1
  [a=75 b=182 nt=3481] KSP converged reason: 4, iterations: 1
  [a=58 b=168 nt=3580] KSP converged reason: 4, iterations: 1
  [a=63 b=194 nt=3613] KSP converged reason: 4, iterations: 1
  [a=72 b=197 nt=3571] KSP converged reason: 4, iterations: 1
  [a=58 b=92 nt=3738] KSP converged reason: 4, iterations: 1
  [a=61 b=154 nt=3747] KSP converged reason: 4, iterations: 1
  [a=55 b=142 nt=3778] KSP converged reason: 4, iterations: 1
  [a=89 b=155 nt=2939] KSP converged reason: 4, iterations: 1
  [a=96 b=183 nt=3778] KSP converged reason: 4, iterations: 1
  [a=60 b=275 nt=4399] KSP converged reason: 4, iterations: 1
  [a=50 b=211 nt=3113] KSP converged reason: 4, iterations: 1
  [a=88 b=204 nt=3520] KSP converged reason: 4, iterations: 1
  [a=82 b=198 nt=3575] KSP converged reason: 4, iterations: 1
  [a=77 b=176 nt=2255] KSP converged reason: 4, iterations: 1
  [a=68 b=202 nt=3809] KSP converged reason: 4, iterations: 1
  [a=44 b=151 nt=3357] KSP converged reason: 4, iterations: 1
  [a=39 b=186 nt=3824] KSP converged reason: 4, iterations: 1
  [a=36 b=138 nt=2966] KSP converged reason: 4, iterations: 1
  [a=82 b=139 nt=3523] KSP converged reason: 4, iterations: 1
  [a=77 b=147 nt=3054] KSP converged reason: 4, iterations: 1
  [a=59 b=181 nt=4258] KSP converged reason: 4, iterations: 1
  [a=59 b=80 nt=4323] KSP converged reason: 4, iterations: 1
  [a=82 b=91 nt=5082] KSP converged reason: 4, iterations: 1
  [a=55 b=127 nt=4238] KSP converged reason: 4, iterations: 1
  [a=65 b=84 nt=4140] KSP converged reason: 4, iterations: 1
  [a=35 b=117 nt=3541] KSP converged reason: 4, iterations: 1
  [a=33 b=127 nt=3212] KSP converged reason: 4, iterations: 1
  [a=38 b=212 nt=3399] KSP converged reason: 4, iterations: 1
  [a=42 b=164 nt=3830] KSP converged reason: 4, iterations: 1
  [a=84 b=205 nt=2877] KSP converged reason: 4, iterations: 1
  [a=28 b=169 nt=2155] KSP converged reason: 4, iterations: 1
  [a=47 b=170 nt=3913] KSP converged reason: 4, iterations: 1
  [a=42 b=112 nt=4127] KSP converged reason: 4, iterations: 1
  [a=69 b=117 nt=3212] KSP converged reason: 4, iterations: 1
  [a=89 b=148 nt=4150] KSP converged reason: 4, iterations: 1
  [a=43 b=157 nt=4146] KSP converged reason: 4, iterations: 1
  [a=46 b=170 nt=3571] KSP converged reason: 4, iterations: 1
  [a=42 b=158 nt=3765] KSP converged reason: 4, iterations: 1
  [a=81 b=169 nt=3802] KSP converged reason: 4, iterations: 1
  [a=74 b=143 nt=3814] KSP converged reason: 4, iterations: 1
  [a=51 b=180 nt=3657] KSP converged reason: 4, iterations: 1
  [a=64 b=136 nt=3887] KSP converged reason: 4, iterations: 1
  [a=61 b=214 nt=2887] KSP converged reason: 4, iterations: 1
  [a=64 b=213 nt=3323] KSP converged reason: 4, iterations: 1
  [a=48 b=215 nt=4153] KSP converged reason: 4, iterations: 1
  [a=66 b=138 nt=3919] KSP converged reason: 4, iterations: 1
  [a=59 b=213 nt=3350] KSP converged reason: 4, iterations: 1
  [a=97 b=177 nt=3964] KSP converged reason: 4, iterations: 1
  [a=56 b=134 nt=3430] KSP converged reason: 4, iterations: 1
  [a=66 b=131 nt=3156] KSP converged reason: 4, iterations: 1
  [a=35 b=73 nt=3940] KSP converged reason: 4, iterations: 1
  [a=72 b=151 nt=3793] KSP converged reason: 4, iterations: 1
  [a=53 b=161 nt=3225] KSP converged reason: 4, iterations: 1
  [a=45 b=108 nt=5557] KSP converged reason: 4, iterations: 1
  [a=75 b=159 nt=4467] KSP converged reason: 4, iterations: 1
  [a=81 b=97 nt=4943] KSP converged reason: 4, iterations: 1
  [a=46 b=145 nt=4503] KSP converged reason: 4, iterations: 1
  [a=59 b=137 nt=4532] KSP converged reason: 4, iterations: 1
  [a=60 b=146 nt=3984] KSP converged reason: 4, iterations: 1
  [a=83 b=128 nt=4917] KSP converged reason: 4, iterations: 1
  [a=60 b=175 nt=4031] KSP converged reason: 4, iterations: 1
  [a=69 b=169 nt=3054] KSP converged reason: 4, iterations: 1
  [a=63 b=72 nt=3222] KSP converged reason: 4, iterations: 1
  [a=52 b=160 nt=3813] KSP converged reason: 4, iterations: 1
  [a=34 b=132 nt=3003] KSP converged reason: 4, iterations: 1
  [a=48 b=172 nt=3613] KSP converged reason: 4, iterations: 1
  [a=57 b=160 nt=3473] KSP converged reason: 4, iterations: 1
  [a=47 b=127 nt=3593] KSP converged reason: 4, iterations: 1
  [a=63 b=153 nt=4323] KSP converged reason: 4, iterations: 1
  [a=74 b=168 nt=3666] KSP converged reason: 4, iterations: 1
  [a=52 b=184 nt=3593] KSP converged reason: 4, iterations: 1
  [a=55 b=176 nt=3734] KSP converged reason: 4, iterations: 1
  [a=53 b=166 nt=3836] KSP converged reason: 4, iterations: 1
  [a=56 b=165 nt=3868] KSP converged reason: 4, iterations: 1
  [a=48 b=158 nt=3319] KSP converged reason: 4, iterations: 1
  [a=95 b=198 nt=1786] KSP converged reason: 4, iterations: 1
  [a=106 b=196 nt=2461] KSP converged reason: 4, iterations: 1
  [a=51 b=166 nt=3568] KSP converged reason: 4, iterations: 1
  [a=69 b=231 nt=3221] KSP converged reason: 4, iterations: 1
  [a=49 b=184 nt=3991] KSP converged reason: 4, iterations: 1
  [a=64 b=213 nt=3412] KSP converged reason: 4, iterations: 1
  [a=97 b=158 nt=4478] KSP converged reason: 4, iterations: 1
  [a=58 b=150 nt=4458] KSP converged reason: 4, iterations: 1
  [a=48 b=157 nt=4228] KSP converged reason: 4, iterations: 1
  [a=66 b=123 nt=3017] KSP converged reason: 4, iterations: 1
  [a=86 b=133 nt=3637] KSP converged reason: 4, iterations: 1
  [a=90 b=123 nt=3188] KSP converged reason: 4, iterations: 1
  [a=35 b=155 nt=3697] KSP converged reason: 4, iterations: 1
  [a=43 b=66 nt=4813] KSP converged reason: 4, iterations: 1
  [a=83 b=137 nt=3480] KSP converged reason: 4, iterations: 1
  [a=69 b=82 nt=3313] KSP converged reason: 4, iterations: 1
  [a=107 b=153 nt=3712] KSP converged reason: 4, iterations: 1
  [a=67 b=119 nt=3844] KSP converged reason: 4, iterations: 1
  [a=76 b=89 nt=4340] KSP converged reason: 4, iterations: 1
  [a=98 b=107 nt=3528] KSP converged reason: 4, iterations: 1
  [a=73 b=99 nt=3615] KSP converged reason: 4, iterations: 1
  [a=37 b=139 nt=3344] KSP converged reason: 4, iterations: 1
  [a=95 b=110 nt=4394] KSP converged reason: 4, iterations: 1
  [a=53 b=233 nt=3367] KSP converged reason: 4, iterations: 1
  [a=76 b=152 nt=3558] KSP converged reason: 4, iterations: 1
  [a=38 b=148 nt=3208] KSP converged reason: 4, iterations: 1
  [a=41 b=136 nt=3695] KSP converged reason: 4, iterations: 1
  [a=61 b=121 nt=3941] KSP converged reason: 4, iterations: 1
  [a=52 b=250 nt=3207] KSP converged reason: 4, iterations: 1
  [a=78 b=105 nt=3125] KSP converged reason: 4, iterations: 1
  [a=79 b=90 nt=3913] KSP converged reason: 4, iterations: 1
  [a=66 b=201 nt=3502] KSP converged reason: 4, iterations: 1
  [a=74 b=152 nt=3588] KSP converged reason: 4, iterations: 1
  [a=67 b=143 nt=3327] KSP converged reason: 4, iterations: 1
  [a=65 b=99 nt=2981] KSP converged reason: 4, iterations: 1
  [a=46 b=169 nt=3648] KSP converged reason: 4, iterations: 1
  [a=48 b=154 nt=3842] KSP converged reason: 4, iterations: 1
  [a=69 b=118 nt=4097] KSP converged reason: 4, iterations: 1
  [a=67 b=150 nt=2992] KSP converged reason: 4, iterations: 1
  [a=81 b=92 nt=3614] KSP converged reason: 4, iterations: 1

  [ 282] OK     f=   2.910  a=42.0 b=157.6 gap=15.6 (face=3.1mm) n=[92, 147, 629, 900, 688, 450, 859]  tape=2.910km B=12.24T unif=0.382% hoop=323MPa
  [ 283] viol   f=  21.764  a=79.7 b=214.5 gap=18.1 (face=8.3mm) n=[83, 62, 788, 889, 708, 269, 803]  tape=3.878km B=7.01T unif=0.195% hoop=400MPa
  [ 284] viol   f=  11.207  a=71.8 b=196.6 gap=16.3 (face=4.7mm) n=[182, 82, 749, 809, 815, 184, 750]  tape=3.486km B=8.04T unif=0.230% hoop=400MPa
  [ 285] OK     f=   3.133  a=53.1 b=166.3 gap=19.9 (face=11.7mm) n=[57, 133, 722, 848, 897, 286, 893]  tape=3.133km B=10.92T unif=0.101% hoop=323MPa
  [ 286] INFEAS f=10294.342  a=24.4 b=169.0 gap=19.0 (face=9.9mm) n=[122, 282, 586, 479, 701, 173, 814]  no evaluation (geometry pre-check)
  [ 287] viol   f=   3.610  a=46.2 b=169.0 gap=23.4 (face=18.8mm) n=[240, 109, 359, 649, 850, 563, 878]  tape=3.033km B=9.46T unif=0.255% hoop=295MPa
  [ 288] OK     f=   2.677  a=54.1 b=142.5 gap=17.0 (face=5.9mm) n=[222, 249, 814, 864, 730, 80, 693]  tape=2.677km B=11.23T unif=0.335% hoop=351MPa
  [ 289] viol   f=  16.847  a=80.7 b=169.2 gap=19.8 (face=11.6mm) n=[238, 464, 838, 752, 605, 59, 846]  tape=3.414km B=7.41T unif=0.330% hoop=400MPa
  [ 290] OK     f=   3.007  a=48.1 b=153.7 gap=18.8 (face=9.6mm) n=[225, 266, 478, 900, 759, 470, 744]  tape=3.007km B=11.22T unif=0.254% hoop=365MPa
  [ 291] OK     f=   3.218  a=55.9 b=165.0 gap=15.6 (face=3.1mm) n=[249, 295, 619, 811, 731, 320, 843]  tape=3.218km B=10.66T unif=0.242% hoop=400MPa
  [ 292] INFEAS f=19003.081  a=24.0 b=135.4 gap=18.4 (face=8.7mm) n=[300, 118, 721, 899, 713, 225, 819]  no evaluation (geometry pre-check)
  [ 293] OK     f=   2.040  a=57.6 b=91.5 gap=18.6 (face=9.3mm) n=[250, 68, 584, 700, 873, 485, 778]  tape=2.040km B=11.38T unif=0.863% hoop=400MPa
  [ 294] OK     f=   3.189  a=61.9 b=147.5 gap=15.5 (face=3.0mm) n=[288, 167, 478, 853, 883, 615, 849]  tape=3.189km B=10.59T unif=0.342% hoop=400MPa
  [ 295] INFEAS f=37085.380  a=15.3 b=100.0 gap=15.5 (face=3.0mm) n=[60, 63, 806, 600, 808, 330, 653]  no evaluation (geometry pre-check)
  [ 296] viol   f=  10.591  a=73.7 b=143.2 gap=19.2 (face=10.3mm) n=[470, 85, 758, 706, 900, 370, 525]  tape=3.041km B=8.06T unif=0.460% hoop=400MPa
  [ 297] viol   f=  14.747  a=77.0 b=132.2 gap=24.9 (face=21.8mm) n=[391, 448, 495, 757, 886, 427, 674]  tape=3.114km B=7.59T unif=0.492% hoop=400MPa
  [ 298] OK     f=   2.746  a=69.1 b=118.0 gap=15.5 (face=3.0mm) n=[171, 354, 761, 864, 788, 260, 899]  tape=2.746km B=10.16T unif=0.728% hoop=400MPa
  [ 299] viol   f=   3.028  a=61.0 b=153.5 gap=16.3 (face=4.6mm) n=[481, 117, 837, 687, 794, 289, 542]  tape=2.991km B=9.86T unif=0.357% hoop=400MPa
  [ 300] OK     f=   3.173  a=50.5 b=179.6 gap=15.8 (face=3.6mm) n=[185, 80, 821, 655, 882, 141, 893]  tape=3.173km B=11.18T unif=0.092% hoop=332MPa
  [ 301] OK     f=   2.647  a=48.5 b=158.4 gap=15.7 (face=3.5mm) n=[190, 188, 790, 598, 839, 255, 459]  tape=2.647km B=10.24T unif=0.194% hoop=334MPa
  [ 302] viol   f=  17.602  a=67.2 b=150.2 gap=16.3 (face=4.6mm) n=[121, 64, 541, 484, 786, 99, 897]  tape=2.423km B=7.25T unif=0.354% hoop=400MPa
  [ 303] viol   f=   2.759  a=63.1 b=118.2 gap=17.7 (face=7.5mm) n=[199, 380, 493, 703, 875, 88, 852]  tape=2.384km B=9.57T unif=0.580% hoop=400MPa
  [ 304] OK     f=   1.963  a=40.1 b=94.0 gap=15.9 (face=3.7mm) n=[165, 181, 600, 838, 898, 287, 899]  tape=1.963km B=13.78T unif=0.642% hoop=294MPa
  [ 305] OK     f=   2.807  a=55.3 b=141.7 gap=16.6 (face=5.2mm) n=[130, 143, 629, 749, 755, 472, 900]  tape=2.807km B=10.67T unif=0.324% hoop=400MPa
  [ 306] viol   f=   2.966  a=64.4 b=136.1 gap=16.5 (face=5.0mm) n=[308, 164, 388, 844, 893, 506, 784]  tape=2.881km B=9.79T unif=0.460% hoop=400MPa
  [ 307] INFEAS f=13731.339  a=81.4 b=68.6 gap=19.0 (face=10.0mm) n=[372, 103, 772, 628, 642, 440, 753]  no evaluation (geometry pre-check)
  [ 308] INFEAS f=43864.166  a=74.2 b=46.4 gap=19.6 (face=11.3mm) n=[69, 68, 338, 639, 810, 394, 890]  no evaluation (geometry pre-check)
  [ 309] viol   f=  16.039  a=81.0 b=92.0 gap=15.9 (face=3.7mm) n=[474, 378, 720, 220, 765, 160, 897]  tape=2.209km B=8.26T unif=1.197% hoop=400MPa
  [ 310] INFEAS f=71545.017  a=70.5 b=33.5 gap=17.8 (face=7.5mm) n=[432, 72, 593, 648, 898, 139, 594]  no evaluation (geometry pre-check)

==========================================================================================
CMA-ES finished: 310 evaluations in 10.3 min
==========================================================================================

Best feasible design found:
  a_mm             54.87040696847024
  b_mm             73.06907189606248
  gap_mm           31.595447481526172
  face_gap_mm      35.190894963052344
  n_turns          [615, 359, 156, 686, 598, 861, 787]
  n_total          4062
  tape_km          1.8791989180184632
  B_target_T       10.779563345952463
  uniformity_pct   0.056677818691867624
  hoop_MPa         320.9861851660092
  delam_MPa        22.534153272578777
  I_quench_A       390.1260414921303
  I_op_A           214.59078189886154
  binding          quench/SF
  clip_frac        0.24899598393574296

Full evaluation history -> optimize/cmaes_history.csv
Best design            -> optimize/cmaes_results.csv
Appended 310 rows to cumulative master log -> optimize/cmaes_all_evaluations.csv

Figures -> /home/gerrityjack/fenicsx/Racetrack-Coil-Optimization/visualization/cmaes_convergence.png, cmaes_constraints.png, cmaes_variables.png, cmaes_overview.png
Cumulative parameter-space map -> visualization/cmaes_param_map.png (7580 evaluations, 24 runs)
