Starting CMA-ES: 10 variables, budget 300 evaluations, target B >= 10.0 T, uniformity <= 1.0%, hoop <= 400 MPa, coil-coil face gap >= 3 mm

Parallel mode: 6 worker processes per generation.
  [a=78 b=83 nt=4274] KSP converged reason: 4, iterations: 1
  [a=43 b=73 nt=3922] KSP converged reason: 4, iterations: 1
  [a=51 b=103 nt=3375] KSP converged reason: 4, iterations: 1
  [a=48 b=120 nt=3126] KSP converged reason: 4, iterations: 1
  [a=38 b=80 nt=4119] KSP converged reason: 4, iterations: 1
  [a=48 b=102 nt=3407] KSP converged reason: 4, iterations: 1
  [a=53 b=108 nt=3311] KSP converged reason: 4, iterations: 1
  [a=58 b=107 nt=3317] KSP converged reason: 4, iterations: 1
  [a=61 b=81 nt=3550] KSP converged reason: 4, iterations: 1
  [a=55 b=83 nt=3683] KSP converged reason: 4, iterations: 1
  [a=51 b=108 nt=3739] KSP converged reason: 4, iterations: 1
  [a=69 b=81 nt=4189] KSP converged reason: 4, iterations: 1
  [a=61 b=90 nt=3522] KSP converged reason: 4, iterations: 1
  [a=49 b=102 nt=3789] KSP converged reason: 4, iterations: 1
  [a=52 b=82 nt=3358] KSP converged reason: 4, iterations: 1
  [a=49 b=67 nt=2883] KSP converged reason: 4, iterations: 1
  [a=68 b=105 nt=3040] KSP converged reason: 4, iterations: 1
  [a=52 b=88 nt=3758] KSP converged reason: 4, iterations: 1
  [a=37 b=117 nt=3422] KSP converged reason: 4, iterations: 1
  [a=54 b=103 nt=3212] KSP converged reason: 4, iterations: 1
  [a=47 b=128 nt=4013] KSP converged reason: 4, iterations: 1
  [a=34 b=106 nt=3572] KSP converged reason: 4, iterations: 1
  [a=62 b=74 nt=3832] KSP converged reason: 4, iterations: 1
  [a=58 b=85 nt=4380] KSP converged reason: 4, iterations: 1
  [a=47 b=110 nt=3975] KSP converged reason: 4, iterations: 1
  [a=62 b=116 nt=3466] KSP converged reason: 4, iterations: 1
  [a=41 b=111 nt=3004] KSP converged reason: 4, iterations: 1
  [a=61 b=111 nt=3696] KSP converged reason: 4, iterations: 1
  [a=54 b=91 nt=3022] KSP converged reason: 4, iterations: 1
  [a=51 b=89 nt=3794] KSP converged reason: 4, iterations: 1
  [a=64 b=96 nt=3706] KSP converged reason: 4, iterations: 1
  [a=53 b=81 nt=3847] KSP converged reason: 4, iterations: 1
  [a=56 b=76 nt=3912] KSP converged reason: 4, iterations: 1
  [a=76 b=92 nt=3480] KSP converged reason: 4, iterations: 1
  [a=57 b=104 nt=3843] KSP converged reason: 4, iterations: 1
  [a=58 b=126 nt=3752] KSP converged reason: 4, iterations: 1
  [a=70 b=75 nt=3599] KSP converged reason: 4, iterations: 1
  [a=48 b=107 nt=3594] KSP converged reason: 4, iterations: 1
  [a=56 b=114 nt=3725] KSP converged reason: 4, iterations: 1
  [a=64 b=80 nt=3682] KSP converged reason: 4, iterations: 1
  [a=51 b=111 nt=4101] KSP converged reason: 4, iterations: 1
  [a=49 b=92 nt=3575] KSP converged reason: 4, iterations: 1
  [a=40 b=128 nt=3266] KSP converged reason: 4, iterations: 1
  [a=38 b=102 nt=3061] KSP converged reason: 4, iterations: 1
  [a=34 b=101 nt=3454] KSP converged reason: 4, iterations: 1
  [   1] INFEAS f=21881.412  a=94.7 b=76.8 gap=22.6 (face=17.3mm) n=[406, 537, 405, 365, 465, 157, 726]  no evaluation (geometry pre-check)
  [   2] viol   f=  19.440  a=78.3 b=83.3 gap=23.3 (face=18.7mm) n=[204, 861, 780, 650, 844, 347, 588]  tape=2.350km B=10.63T unif=1.292% hoop=400MPa
  [   3] INFEAS f=24321.263  a=66.3 b=47.1 gap=30.9 (face=33.9mm) n=[138, 802, 228, 72, 837, 178, 548]  no evaluation (geometry pre-check)
  [   4] viol   f= 263.505  a=69.7 b=74.8 gap=16.9 (face=5.7mm) n=[273, 815, 756, 226, 733, 453, 343]  tape=1.817km B=11.34T unif=2.144% hoop=400MPa
  [   5] INFEAS f=22564.522  a=106.1 b=87.9 gap=20.0 (face=12.1mm) n=[199, 726, 226, 383, 324, 386, 770]  no evaluation (geometry pre-check)
  [   6] OK     f=   1.765  a=61.9 b=74.0 gap=34.3 (face=40.6mm) n=[50, 885, 857, 254, 842, 102, 842]  tape=1.765km B=10.19T unif=0.480% hoop=279MPa
  [   7] viol   f=   6.173  a=57.6 b=106.7 gap=29.9 (face=31.7mm) n=[558, 663, 191, 259, 898, 239, 509]  tape=2.088km B=8.57T unif=0.486% hoop=342MPa
  [   8] INFEAS f=5277.984  a=90.2 b=84.8 gap=43.7 (face=59.3mm) n=[272, 846, 893, 329, 672, 208, 674]  no evaluation (geometry pre-check)
  [   9] viol   f=   6.808  a=52.5 b=82.2 gap=38.5 (face=49.0mm) n=[270, 893, 798, 110, 602, 117, 568]  tape=1.690km B=8.40T unif=0.141% hoop=270MPa
  [  10] INFEAS f=40003.681  a=102.0 b=75.7 gap=42.5 (face=56.9mm) n=[463, 737, 898, 170, 378, 440, 467]  no evaluation (geometry pre-check)
  [  11] viol   f=   4.099  a=63.9 b=96.1 gap=32.7 (face=37.3mm) n=[452, 602, 722, 225, 889, 261, 555]  tape=2.199km B=9.03T unif=0.476% hoop=369MPa
  [  12] viol   f=  14.137  a=48.9 b=67.1 gap=37.7 (face=47.4mm) n=[414, 595, 516, 81, 795, 64, 418]  tape=1.257km B=7.46T unif=0.384% hoop=238MPa
  [  13] INFEAS f=32502.072  a=76.0 b=52.9 gap=31.6 (face=35.1mm) n=[50, 671, 515, 146, 796, 104, 777]  no evaluation (geometry pre-check)
  [  14] OK     f=   2.020  a=48.4 b=107.0 gap=26.3 (face=24.7mm) n=[104, 833, 889, 86, 882, 56, 744]  tape=2.020km B=10.84T unif=0.583% hoop=240MPa
  [  15] INFEAS f=7627.463  a=56.2 b=48.3 gap=22.2 (face=16.5mm) n=[465, 877, 894, 221, 845, 313, 485]  no evaluation (geometry pre-check)
  [  16] viol   f=   3.539  a=43.4 b=73.5 gap=40.4 (face=52.8mm) n=[225, 834, 424, 586, 702, 254, 897]  tape=1.750km B=9.05T unif=0.584% hoop=253MPa
  [  17] viol   f=   2.726  a=61.4 b=80.7 gap=33.6 (face=39.1mm) n=[164, 879, 519, 71, 899, 367, 651]  tape=1.820km B=9.33T unif=0.249% hoop=304MPa
  [  18] viol   f=   2.285  a=57.6 b=85.3 gap=42.7 (face=57.4mm) n=[494, 900, 880, 337, 724, 256, 789]  tape=2.257km B=9.88T unif=0.264% hoop=303MPa
  [  19] INFEAS f=1613.805  a=67.5 b=68.6 gap=38.5 (face=49.1mm) n=[444, 704, 221, 203, 900, 106, 798]  no evaluation (geometry pre-check)
  [  20] viol   f=  26.140  a=68.3 b=104.9 gap=35.7 (face=43.5mm) n=[104, 497, 510, 215, 859, 286, 569]  tape=1.962km B=6.52T unif=0.343% hoop=400MPa
  [  21] viol   f=   2.609  a=55.0 b=83.1 gap=36.4 (face=44.8mm) n=[384, 710, 872, 252, 683, 78, 704]  tape=1.868km B=9.39T unif=0.183% hoop=280MPa
  [  22] INFEAS f=44521.649  a=14.9 b=118.6 gap=35.8 (face=43.6mm) n=[324, 637, 773, 91, 564, 105, 845]  no evaluation (geometry pre-check)
  [  23] viol   f=   2.377  a=51.1 b=103.4 gap=31.9 (face=35.8mm) n=[560, 710, 807, 67, 706, 127, 398]  tape=1.925km B=9.52T unif=0.488% hoop=284MPa
  [  24] OK     f=   1.874  a=53.1 b=81.1 gap=26.4 (face=24.8mm) n=[114, 836, 829, 216, 893, 315, 644]  tape=1.874km B=11.67T unif=0.684% hoop=279MPa
  [  25] OK     f=   2.302  a=47.4 b=110.2 gap=34.3 (face=40.6mm) n=[224, 896, 893, 102, 752, 227, 881]  tape=2.302km B=10.05T unif=0.517% hoop=241MPa
  [  26] viol   f=   2.411  a=52.4 b=88.2 gap=35.1 (face=42.1mm) n=[139, 767, 882, 175, 867, 221, 707]  tape=1.916km B=9.50T unif=0.271% hoop=243MPa
  [  27] viol   f=   2.795  a=56.4 b=114.0 gap=28.7 (face=29.5mm) n=[276, 484, 897, 492, 712, 282, 582]  tape=2.428km B=9.57T unif=0.459% hoop=371MPa
  [  28] INFEAS f=1687.498  a=34.3 b=99.1 gap=35.5 (face=43.0mm) n=[194, 762, 456, 322, 740, 199, 900]  no evaluation (geometry pre-check)
  [  29] viol   f=   2.939  a=56.2 b=75.7 gap=39.3 (face=50.6mm) n=[260, 793, 617, 348, 900, 375, 619]  tape=1.920km B=9.29T unif=0.320% hoop=302MPa
  [  30] viol   f=   7.776  a=50.5 b=107.6 gap=40.9 (face=53.9mm) n=[186, 766, 644, 454, 682, 270, 737]  tape=2.168km B=8.33T unif=0.315% hoop=278MPa
  [  31] viol   f=   9.636  a=48.0 b=119.6 gap=33.8 (face=39.6mm) n=[177, 632, 835, 433, 753, 159, 137]  tape=1.999km B=8.05T unif=0.396% hoop=250MPa
  [  32] viol   f=   3.317  a=37.2 b=117.5 gap=28.9 (face=29.7mm) n=[56, 806, 500, 207, 876, 175, 802]  tape=2.042km B=9.20T unif=0.578% hoop=202MPa
  [  33] viol   f=   9.506  a=62.3 b=116.2 gap=37.6 (face=47.2mm) n=[190, 872, 838, 144, 894, 283, 245]  tape=2.255km B=8.10T unif=0.390% hoop=313MPa
  [  34] OK     f=   1.886  a=63.8 b=79.7 gap=25.6 (face=23.3mm) n=[248, 740, 884, 198, 748, 160, 704]  tape=1.886km B=11.01T unif=0.847% hoop=361MPa
  [  35] viol   f=  44.070  a=75.5 b=91.9 gap=19.2 (face=10.4mm) n=[139, 851, 887, 275, 750, 166, 412]  tape=2.049km B=9.79T unif=1.458% hoop=400MPa
  [  36] viol   f=   2.191  a=68.5 b=80.7 gap=24.0 (face=20.0mm) n=[113, 796, 885, 388, 896, 566, 545]  tape=2.185km B=11.26T unif=1.006% hoop=400MPa
  [  37] INFEAS f=65464.226  a=12.0 b=85.4 gap=19.0 (face=10.0mm) n=[197, 739, 702, 108, 882, 435, 635]  no evaluation (geometry pre-check)
  [  38] viol   f=   3.657  a=50.7 b=111.4 gap=39.5 (face=50.9mm) n=[393, 750, 883, 236, 897, 375, 567]  tape=2.504km B=9.24T unif=0.348% hoop=289MPa
  [  39] viol   f=   3.901  a=38.1 b=79.6 gap=41.2 (face=54.3mm) n=[63, 900, 768, 357, 872, 489, 670]  tape=1.841km B=8.99T unif=0.529% hoop=229MPa
  [  40] viol   f=   1.862  a=53.5 b=103.3 gap=25.7 (face=23.4mm) n=[95, 882, 821, 61, 900, 133, 320]  tape=1.836km B=9.89T unif=0.571% hoop=255MPa
  [  41] OK     f=   2.280  a=57.2 b=104.4 gap=27.3 (face=26.5mm) n=[362, 891, 898, 253, 773, 106, 560]  tape=2.280km B=11.14T unif=0.619% hoop=331MPa
  [  42] OK     f=   1.809  a=40.6 b=111.2 gap=19.8 (face=11.6mm) n=[94, 626, 900, 145, 678, 155, 406]  tape=1.809km B=10.14T unif=0.974% hoop=250MPa
  [  43] viol   f=   2.290  a=61.3 b=89.5 gap=27.5 (face=27.1mm) n=[50, 665, 900, 480, 730, 119, 578]  tape=1.943km B=9.58T unif=0.693% hoop=338MPa
  [  44] INFEAS f=1726.248  a=32.6 b=101.7 gap=27.3 (face=26.7mm) n=[460, 686, 746, 355, 857, 445, 484]  no evaluation (geometry pre-check)
  [  45] OK     f=   2.684  a=47.4 b=128.2 gap=20.6 (face=13.1mm) n=[269, 795, 898, 458, 900, 227, 466]  tape=2.684km B=12.86T unif=0.245% hoop=353MPa
  [  46] OK     f=   1.923  a=47.7 b=102.3 gap=25.2 (face=22.4mm) n=[184, 897, 764, 121, 898, 271, 272]  tape=1.923km B=10.81T unif=0.608% hoop=323MPa
  [  47] OK     f=   1.886  a=48.5 b=92.2 gap=17.9 (face=7.7mm) n=[394, 685, 867, 160, 870, 149, 450]  tape=1.886km B=12.51T unif=0.859% hoop=350MPa
  [  48] OK     f=   2.271  a=61.3 b=111.1 gap=29.1 (face=30.2mm) n=[162, 896, 892, 62, 892, 171, 621]  tape=2.271km B=10.12T unif=0.525% hoop=310MPa
  [  49] INFEAS f=2244.456  a=31.9 b=93.5 gap=18.0 (face=7.9mm) n=[79, 739, 584, 186, 859, 256, 360]  no evaluation (geometry pre-check)
  [  50] viol   f=   6.888  a=39.9 b=127.7 gap=30.8 (face=33.6mm) n=[217, 560, 726, 121, 850, 300, 492]  tape=2.159km B=8.46T unif=0.358% hoop=224MPa
concurrent.futures.process._RemoteTraceback: 
"""
Traceback (most recent call last):
  File "/home/gerrityjack/miniconda3/envs/fenicsx-env/lib/python3.11/concurrent/futures/process.py", line 261, in _process_worker
    r = call_item.fn(*call_item.args, **call_item.kwargs)
        ^^^^^^^^^^^^^^^^^^^^^^^^^^^^^^^^^^^^^^^^^^^^^^^^^
  File "/home/gerrityjack/miniconda3/envs/fenicsx-env/lib/python3.11/concurrent/futures/process.py", line 210, in _process_chunk
    return [fn(*args) for args in chunk]
           ^^^^^^^^^^^^^^^^^^^^^^^^^^^^^
  File "/home/gerrityjack/miniconda3/envs/fenicsx-env/lib/python3.11/concurrent/futures/process.py", line 210, in <listcomp>
    return [fn(*args) for args in chunk]
            ^^^^^^^^^
  File "/home/gerrityjack/fenicsx/Racetrack-Coil-Optimization/optimize/cmaes_search.py", line 167, in _evaluate_candidate
    r = og.evaluate(cand, _ic_model, _comm)
        ^^^^^^^^^^^^^^^^^^^^^^^^^^^^^^^^^^^
  File "/home/gerrityjack/fenicsx/Racetrack-Coil-Optimization/optimize/optimize_geometry.py", line 285, in evaluate
    md = gmshio.read_from_msh(params.mesh_filename, comm, rank=0, gdim=3)
         ^^^^^^^^^^^^^^^^^^^^^^^^^^^^^^^^^^^^^^^^^^^^^^^^^^^^^^^^^^^^^^^^
  File "/home/gerrityjack/miniconda3/envs/fenicsx-env/lib/python3.11/site-packages/dolfinx/io/gmsh.py", line 543, in read_from_msh
    gmsh.merge(str(filename))
  File "/home/gerrityjack/miniconda3/envs/fenicsx-env/lib/python3.11/site-packages/gmsh.py", line 364, in merge
    raise Exception(logger.getLastError())
Exception: Unknown node 0 in element 1975
"""

The above exception was the direct cause of the following exception:

Traceback (most recent call last):
  File "/home/gerrityjack/fenicsx/Racetrack-Coil-Optimization/optimize/cmaes_search.py", line 761, in <module>
    main()
  File "/home/gerrityjack/fenicsx/Racetrack-Coil-Optimization/optimize/cmaes_search.py", line 335, in main
    _run_parallel(es, n_workers)
  File "/home/gerrityjack/fenicsx/Racetrack-Coil-Optimization/optimize/cmaes_search.py", line 276, in _run_parallel
    results = list(pool.map(_evaluate_candidate, solutions))
              ^^^^^^^^^^^^^^^^^^^^^^^^^^^^^^^^^^^^^^^^^^^^^^
  File "/home/gerrityjack/miniconda3/envs/fenicsx-env/lib/python3.11/concurrent/futures/process.py", line 620, in _chain_from_iterable_of_lists
    for element in iterable:
  File "/home/gerrityjack/miniconda3/envs/fenicsx-env/lib/python3.11/concurrent/futures/_base.py", line 619, in result_iterator
    yield _result_or_cancel(fs.pop())
          ^^^^^^^^^^^^^^^^^^^^^^^^^^^
  File "/home/gerrityjack/miniconda3/envs/fenicsx-env/lib/python3.11/concurrent/futures/_base.py", line 317, in _result_or_cancel
    return fut.result(timeout)
           ^^^^^^^^^^^^^^^^^^^
  File "/home/gerrityjack/miniconda3/envs/fenicsx-env/lib/python3.11/concurrent/futures/_base.py", line 449, in result
    return self.__get_result()
           ^^^^^^^^^^^^^^^^^^^
  File "/home/gerrityjack/miniconda3/envs/fenicsx-env/lib/python3.11/concurrent/futures/_base.py", line 401, in __get_result
    raise self._exception
Exception: Unknown node 0 in element 1975
ERROR conda.cli.main_run:execute(148): `conda run python3 optimize/cmaes_search.py` failed. (See above for error)
