Starting CMA-ES: 10 variables, budget 300 evaluations, target B >= 10.0 T, uniformity <= 1.0%, hoop <= 400 MPa, coil-coil face gap >= 3 mm

Parallel mode: 6 worker processes per generation.
  [   1] INFEAS f=39913.183  a=3.1 b=84.6 gap=16.3 (face=4.6mm) n=[118, 404, 501, 123, 217, 318, 129]  no evaluation (geometry pre-check)
  [   2] INFEAS f=260289.284  a=-17.0 b=152.2 gap=18.2 (face=8.5mm) n=[445, 247, 261, 229, 521, 641, 120]  no evaluation (geometry pre-check)
  [   3] viol   f=  20.157  a=35.9 b=91.3 gap=30.0 (face=31.9mm) n=[454, 142, 847, 125, 251, 100, 456]  tape=1.244km B=6.92T unif=0.537% hoop=180MPa
  [   4] viol   f=  41.952  a=62.8 b=117.0 gap=16.9 (face=5.7mm) n=[168, 127, 60, 170, 476, 433, 533]  tape=1.267km B=5.49T unif=0.629% hoop=302MPa
  [   5] INFEAS f=244526.395  a=-9.8 b=93.1 gap=18.1 (face=8.2mm) n=[774, 244, 858, 728, 148, 288, 128]  no evaluation (geometry pre-check)
  [   6] viol   f=  26.276  a=35.2 b=113.9 gap=32.4 (face=36.7mm) n=[459, 60, 367, 128, 463, 284, 680]  tape=1.434km B=6.48T unif=0.338% hoop=184MPa
  [   7] INFEAS f=6145.567  a=23.1 b=97.8 gap=17.7 (face=7.4mm) n=[185, 233, 357, 717, 400, 558, 447]  no evaluation (geometry pre-check)
  [   8] viol   f=  10.326  a=46.0 b=102.5 gap=23.5 (face=19.1mm) n=[374, 165, 478, 366, 170, 608, 390]  tape=1.425km B=7.89T unif=0.529% hoop=273MPa
  [   9] INFEAS f=36825.461  a=7.5 b=128.4 gap=15.8 (face=3.6mm) n=[258, 250, 600, 358, 190, 241, 88]  no evaluation (geometry pre-check)
  [  10] INFEAS f=1602.228  a=26.8 b=113.6 gap=15.5 (face=3.1mm) n=[437, 90, 322, 696, 276, 222, 100]  no evaluation (geometry pre-check)
  [  11] viol   f=  19.159  a=61.8 b=117.7 gap=25.4 (face=22.9mm) n=[109, 319, 880, 149, 570, 451, 313]  tape=1.925km B=7.06T unif=0.510% hoop=325MPa
  [  12] viol   f=  33.921  a=58.1 b=75.3 gap=32.9 (face=37.7mm) n=[517, 143, 311, 155, 137, 723, 207]  tape=1.091km B=5.95T unif=0.379% hoop=234MPa
  [  13] viol   f=  37.183  a=55.6 b=119.7 gap=26.8 (face=25.7mm) n=[174, 295, 334, 302, 315, 340, 391]  tape=1.339km B=5.77T unif=0.440% hoop=315MPa
  [  14] INFEAS f=44344.863  a=16.8 b=76.7 gap=22.2 (face=16.5mm) n=[741, 524, 528, 478, 368, 300, 896]  no evaluation (geometry pre-check)
  [  15] INFEAS f=6974.490  a=28.6 b=101.7 gap=28.2 (face=28.3mm) n=[201, 488, 158, 155, 406, 257, 878]  no evaluation (geometry pre-check)
  [  16] INFEAS f=29380.714  a=15.4 b=131.5 gap=24.0 (face=19.9mm) n=[222, 120, 757, 415, 132, 52, 235]  no evaluation (geometry pre-check)
  [  17] viol   f=  18.932  a=45.1 b=113.2 gap=17.6 (face=7.3mm) n=[412, 117, 263, 194, 644, 97, 467]  tape=1.333km B=7.03T unif=0.445% hoop=252MPa
  [  18] INFEAS f=4353.435  a=17.2 b=112.1 gap=16.1 (face=4.3mm) n=[92, 310, 451, 526, 262, 270, 342]  no evaluation (geometry pre-check)
  [  19] INFEAS f=2097.535  a=22.5 b=112.9 gap=25.1 (face=22.1mm) n=[214, 279, 333, 227, 521, 457, 603]  no evaluation (geometry pre-check)
  [  20] INFEAS f=14856.120  a=10.5 b=108.4 gap=27.4 (face=26.8mm) n=[50, 323, 497, 373, 222, 139, 263]  no evaluation (geometry pre-check)
  [  21] viol   f=   4.521  a=39.2 b=97.2 gap=21.4 (face=14.8mm) n=[469, 258, 426, 247, 697, 104, 404]  tape=1.394km B=8.75T unif=0.514% hoop=254MPa
  [  22] viol   f= 141.370  a=68.6 b=84.2 gap=15.5 (face=3.0mm) n=[260, 275, 77, 52, 251, 300, 153]  tape=0.695km B=4.46T unif=1.629% hoop=339MPa
  [  23] INFEAS f=1000.597  a=69.4 b=74.3 gap=34.5 (face=40.9mm) n=[576, 136, 362, 216, 302, 207, 320]  no evaluation (geometry pre-check)
  [  24] viol   f=  31.378  a=75.5 b=120.9 gap=21.6 (face=15.1mm) n=[376, 424, 395, 185, 782, 253, 609]  tape=2.174km B=6.18T unif=0.625% hoop=400MPa
  [  25] viol   f=  42.980  a=54.1 b=90.4 gap=35.3 (face=42.7mm) n=[106, 345, 398, 285, 513, 179, 313]  tape=1.117km B=5.42T unif=0.360% hoop=249MPa
  [  26] viol   f=  10.589  a=51.1 b=123.7 gap=18.7 (face=9.4mm) n=[507, 89, 598, 231, 245, 900, 222]  tape=1.923km B=7.92T unif=0.380% hoop=372MPa
  [  27] viol   f=  33.489  a=49.5 b=105.1 gap=22.9 (face=17.7mm) n=[236, 153, 558, 95, 361, 93, 451]  tape=1.120km B=5.98T unif=0.591% hoop=210MPa
  [  28] OK     f=   1.759  a=57.4 b=80.0 gap=24.3 (face=20.7mm) n=[150, 234, 723, 499, 565, 427, 852]  tape=1.759km B=10.01T unif=0.660% hoop=396MPa
  [  29] viol   f=   2.304  a=45.9 b=98.5 gap=16.7 (face=5.3mm) n=[479, 83, 254, 754, 604, 464, 82]  tape=1.497km B=9.37T unif=0.691% hoop=293MPa
  [  30] viol   f=  24.799  a=71.7 b=124.3 gap=16.5 (face=5.0mm) n=[365, 84, 762, 249, 628, 96, 351]  tape=1.822km B=6.61T unif=0.689% hoop=372MPa
  [  31] viol   f=   2.672  a=52.5 b=108.5 gap=26.7 (face=25.5mm) n=[130, 154, 487, 406, 795, 900, 896]  tape=2.252km B=9.54T unif=0.443% hoop=321MPa
  [  32] INFEAS f=2421.803  a=26.3 b=76.5 gap=16.0 (face=4.1mm) n=[80, 230, 469, 519, 717, 336, 353]  no evaluation (geometry pre-check)
  [  33] viol   f=  10.721  a=49.2 b=98.7 gap=22.5 (face=16.9mm) n=[170, 153, 517, 606, 900, 102, 225]  tape=1.555km B=7.86T unif=0.624% hoop=277MPa
  [  34] viol   f=   2.954  a=53.1 b=63.8 gap=21.8 (face=15.6mm) n=[197, 327, 557, 395, 698, 337, 188]  tape=1.166km B=9.39T unif=1.072% hoop=324MPa
  [  35] viol   f=  36.401  a=39.6 b=65.7 gap=27.0 (face=26.1mm) n=[205, 126, 676, 334, 159, 113, 55]  tape=0.698km B=5.77T unif=0.633% hoop=166MPa
  [  36] INFEAS f=1582.620  a=31.1 b=97.8 gap=17.0 (face=6.0mm) n=[269, 125, 51, 570, 810, 555, 591]  no evaluation (geometry pre-check)
  [  37] INFEAS f=1593.183  a=34.0 b=99.6 gap=16.0 (face=4.0mm) n=[176, 745, 494, 477, 888, 356, 666]  no evaluation (geometry pre-check)
  [  38] viol   f=   1.912  a=51.8 b=77.4 gap=20.8 (face=13.5mm) n=[235, 138, 609, 319, 439, 486, 694]  tape=1.384km B=9.49T unif=0.897% hoop=324MPa
  [  39] INFEAS f=36971.221  a=113.5 b=88.6 gap=16.7 (face=5.5mm) n=[677, 265, 598, 238, 786, 834, 611]  no evaluation (geometry pre-check)
  [  40] INFEAS f=1014.539  a=35.8 b=95.6 gap=18.4 (face=8.7mm) n=[138, 91, 585, 406, 883, 771, 579]  no evaluation (geometry pre-check)
  [  41] viol   f=   2.952  a=38.4 b=82.3 gap=28.8 (face=29.5mm) n=[68, 185, 610, 449, 637, 591, 779]  tape=1.528km B=9.16T unif=0.480% hoop=222MPa
  [  42] viol   f=  17.630  a=77.1 b=95.2 gap=18.1 (face=8.3mm) n=[449, 99, 489, 447, 641, 530, 571]  tape=1.891km B=7.59T unif=1.144% hoop=400MPa
  [  43] INFEAS f=1433.915  a=61.6 b=63.3 gap=36.2 (face=44.5mm) n=[125, 110, 410, 70, 900, 161, 759]  no evaluation (geometry pre-check)
  [  44] viol   f=  11.649  a=53.9 b=91.8 gap=23.8 (face=19.6mm) n=[143, 110, 500, 265, 645, 365, 666]  tape=1.427km B=7.74T unif=0.576% hoop=270MPa
  [  45] viol   f=  15.265  a=41.2 b=124.0 gap=17.3 (face=6.7mm) n=[69, 380, 167, 172, 699, 327, 517]  tape=1.508km B=7.38T unif=0.336% hoop=262MPa
  [  46] viol   f=   6.024  a=53.2 b=77.6 gap=22.3 (face=16.6mm) n=[217, 253, 677, 114, 590, 476, 339]  tape=1.277km B=8.46T unif=1.013% hoop=262MPa
  [  47] viol   f=  12.607  a=33.6 b=90.0 gap=23.8 (face=19.7mm) n=[319, 133, 396, 160, 274, 804, 556]  tape=1.341km B=7.63T unif=0.601% hoop=206MPa
  [  48] viol   f=   5.027  a=62.2 b=74.1 gap=19.4 (face=10.8mm) n=[468, 79, 498, 337, 432, 791, 388]  tape=1.505km B=9.22T unif=1.107% hoop=400MPa
  [  49] viol   f=  32.750  a=61.7 b=108.0 gap=22.9 (face=17.9mm) n=[224, 226, 556, 277, 524, 151, 218]  tape=1.335km B=6.04T unif=0.735% hoop=342MPa
  [  50] INFEAS f=12643.093  a=25.5 b=61.5 gap=25.9 (face=23.7mm) n=[273, 232, 285, 133, 433, 657, 874]  no evaluation (geometry pre-check)
  [  51] viol   f=  40.999  a=36.6 b=63.2 gap=22.6 (face=17.2mm) n=[553, 239, 373, 98, 190, 362, 125]  tape=0.742km B=8.09T unif=1.406% hoop=185MPa
  [  52] OK     f=   2.060  a=59.8 b=94.0 gap=18.3 (face=8.6mm) n=[164, 188, 837, 480, 804, 687, 540]  tape=2.060km B=11.40T unif=0.956% hoop=400MPa
  [  53] INFEAS f=107671.522  a=4.7 b=96.6 gap=18.7 (face=9.4mm) n=[202, 162, 625, 566, 647, 872, 619]  no evaluation (geometry pre-check)
  [  54] viol   f=   8.242  a=55.1 b=103.0 gap=25.8 (face=23.5mm) n=[276, 164, 739, 418, 54, 563, 738]  tape=1.704km B=8.19T unif=0.508% hoop=274MPa
  [  55] viol   f=   6.435  a=60.6 b=87.6 gap=25.7 (face=23.4mm) n=[333, 387, 310, 342, 417, 843, 709]  tape=1.858km B=8.49T unif=0.522% hoop=400MPa
  [  56] INFEAS f=21204.973  a=20.5 b=51.6 gap=34.0 (face=39.9mm) n=[158, 52, 826, 427, 513, 612, 525]  no evaluation (geometry pre-check)
  [  57] OK     f=   1.571  a=58.9 b=74.9 gap=21.0 (face=13.9mm) n=[199, 155, 438, 781, 438, 509, 725]  tape=1.571km B=10.18T unif=0.839% hoop=371MPa
  [  58] INFEAS f=5875.574  a=22.5 b=91.0 gap=23.7 (face=19.5mm) n=[235, 77, 538, 431, 696, 627, 504]  no evaluation (geometry pre-check)
  [  59] INFEAS f=2739.174  a=19.1 b=61.8 gap=20.1 (face=12.2mm) n=[346, 259, 222, 262, 479, 534, 435]  no evaluation (geometry pre-check)
  [  60] viol   f=  25.293  a=68.5 b=87.8 gap=27.8 (face=27.7mm) n=[311, 58, 464, 314, 438, 261, 890]  tape=1.617km B=6.56T unif=0.431% hoop=357MPa
  [  61] INFEAS f=27183.484  a=73.8 b=53.2 gap=28.0 (face=28.1mm) n=[831, 70, 883, 807, 613, 829, 607]  no evaluation (geometry pre-check)
  [  62] viol   f=   2.396  a=60.5 b=90.2 gap=21.3 (face=14.6mm) n=[139, 169, 424, 565, 828, 612, 550]  tape=1.831km B=9.47T unif=0.782% hoop=392MPa
  [  63] INFEAS f=1084.949  a=34.8 b=81.0 gap=24.6 (face=21.3mm) n=[231, 113, 429, 515, 624, 592, 870]  no evaluation (geometry pre-check)
  [  64] viol   f=  36.288  a=80.2 b=102.5 gap=33.7 (face=39.4mm) n=[81, 253, 392, 594, 355, 878, 195]  tape=1.841km B=5.85T unif=0.418% hoop=355MPa
  [  65] OK     f=   2.214  a=53.8 b=91.6 gap=17.4 (face=6.9mm) n=[492, 370, 881, 581, 396, 727, 580]  tape=2.214km B=11.72T unif=0.943% hoop=400MPa
  [  66] viol   f=  17.466  a=56.9 b=75.5 gap=37.3 (face=46.5mm) n=[90, 305, 289, 189, 865, 845, 564]  tape=1.530km B=7.18T unif=0.676% hoop=292MPa
  [  67] viol   f=   3.711  a=51.5 b=85.4 gap=28.2 (face=28.5mm) n=[144, 141, 628, 613, 680, 361, 463]  tape=1.496km B=8.95T unif=0.549% hoop=275MPa
  [  68] OK     f=   1.113  a=34.1 b=62.3 gap=21.1 (face=14.1mm) n=[165, 108, 292, 738, 453, 644, 595]  tape=1.113km B=10.78T unif=0.611% hoop=216MPa
  [  69] viol   f=  10.555  a=73.6 b=83.9 gap=29.1 (face=30.2mm) n=[88, 469, 409, 590, 387, 567, 890]  tape=1.952km B=7.93T unif=0.461% hoop=400MPa
  [  70] viol   f=   6.940  a=68.1 b=83.7 gap=21.7 (face=15.5mm) n=[335, 51, 765, 637, 433, 638, 568]  tape=1.821km B=9.91T unif=1.160% hoop=400MPa
  [  71] INFEAS f=3968.253  a=28.8 b=63.2 gap=17.0 (face=6.0mm) n=[146, 133, 532, 826, 140, 448, 448]  no evaluation (geometry pre-check)
  [  72] INFEAS f=1372.522  a=56.9 b=58.8 gap=25.1 (face=22.2mm) n=[61, 105, 666, 744, 553, 890, 895]  no evaluation (geometry pre-check)
  [  73] viol   f=  61.187  a=50.5 b=68.9 gap=16.1 (face=4.3mm) n=[392, 328, 606, 659, 619, 478, 663]  tape=1.551km B=14.44T unif=1.546% hoop=400MPa
  [  74] OK     f=   1.364  a=41.5 b=76.5 gap=22.8 (face=17.7mm) n=[159, 169, 607, 824, 525, 646, 76]  tape=1.364km B=10.15T unif=0.751% hoop=251MPa
  [  75] OK     f=   2.637  a=68.1 b=102.9 gap=18.1 (face=8.2mm) n=[489, 303, 497, 735, 873, 636, 748]  tape=2.637km B=10.26T unif=0.872% hoop=400MPa
  [  76] INFEAS f=2394.217  a=65.4 b=64.5 gap=27.6 (face=27.1mm) n=[277, 155, 889, 875, 552, 572, 899]  no evaluation (geometry pre-check)
  [  77] viol   f=   2.075  a=58.1 b=100.7 gap=18.9 (face=9.9mm) n=[129, 81, 503, 739, 555, 806, 501]  tape=1.925km B=9.73T unif=0.745% hoop=368MPa
  [  78] OK     f=   1.116  a=44.1 b=57.6 gap=20.0 (face=12.0mm) n=[169, 62, 488, 753, 345, 638, 479]  tape=1.116km B=10.88T unif=0.307% hoop=265MPa
  [  79] INFEAS f=9148.158  a=27.0 b=49.3 gap=22.4 (face=16.7mm) n=[154, 243, 214, 869, 723, 792, 354]  no evaluation (geometry pre-check)
  [  80] OK     f=   1.994  a=33.7 b=106.8 gap=21.5 (face=15.0mm) n=[310, 340, 737, 433, 358, 621, 796]  tape=1.994km B=11.86T unif=0.378% hoop=298MPa
  [  81] viol   f=   6.670  a=46.6 b=64.1 gap=35.5 (face=42.9mm) n=[390, 81, 825, 383, 533, 569, 349]  tape=1.340km B=8.37T unif=0.698% hoop=262MPa
  [  82] OK     f=   1.227  a=46.0 b=60.4 gap=25.0 (face=22.1mm) n=[307, 176, 651, 649, 409, 633, 449]  tape=1.227km B=11.32T unif=0.133% hoop=268MPa
  [  83] viol   f=   1.620  a=46.6 b=88.9 gap=18.6 (face=9.1mm) n=[313, 98, 425, 464, 526, 660, 416]  tape=1.465km B=9.72T unif=0.801% hoop=332MPa
  [  84] viol   f=  12.593  a=48.6 b=81.7 gap=21.0 (face=14.1mm) n=[205, 74, 326, 612, 175, 899, 239]  tape=1.308km B=7.62T unif=0.639% hoop=256MPa
  [  85] OK     f=   1.878  a=47.3 b=74.8 gap=21.5 (face=15.0mm) n=[408, 120, 893, 887, 802, 489, 578]  tape=1.878km B=14.68T unif=0.917% hoop=331MPa
  [  86] OK     f=   1.741  a=48.2 b=78.1 gap=25.9 (face=23.9mm) n=[309, 88, 688, 713, 514, 864, 480]  tape=1.741km B=11.01T unif=0.566% hoop=308MPa
  [  87] INFEAS f=1000.115  a=54.8 b=59.8 gap=21.3 (face=14.5mm) n=[244, 230, 245, 581, 328, 694, 339]  no evaluation (geometry pre-check)
  [  88] OK     f=   1.692  a=41.1 b=82.7 gap=17.5 (face=7.1mm) n=[460, 283, 762, 719, 314, 663, 421]  tape=1.692km B=13.87T unif=0.867% hoop=325MPa
  [  89] viol   f=   2.855  a=54.7 b=81.0 gap=20.8 (face=13.6mm) n=[143, 76, 599, 337, 614, 494, 526]  tape=1.327km B=9.15T unif=1.020% hoop=306MPa
  [  90] OK     f=   1.757  a=53.4 b=79.2 gap=18.8 (face=9.5mm) n=[345, 163, 607, 492, 500, 612, 824]  tape=1.757km B=10.65T unif=0.921% hoop=400MPa
  [  91] viol   f=  33.906  a=54.0 b=77.3 gap=17.8 (face=7.5mm) n=[215, 338, 598, 602, 350, 518, 493]  tape=1.432km B=11.09T unif=1.403% hoop=359MPa
  [  92] OK     f=   1.423  a=58.1 b=67.5 gap=26.2 (face=24.3mm) n=[392, 142, 720, 595, 373, 674, 304]  tape=1.423km B=10.29T unif=0.587% hoop=327MPa
  [  93] INFEAS f=1003.115  a=34.0 b=66.2 gap=22.8 (face=17.6mm) n=[261, 282, 674, 431, 424, 830, 633]  no evaluation (geometry pre-check)
  [  94] OK     f=   1.687  a=34.1 b=93.2 gap=19.3 (face=10.7mm) n=[449, 345, 709, 277, 374, 737, 503]  tape=1.687km B=12.32T unif=0.951% hoop=285MPa
  [  95] viol   f=   2.087  a=42.7 b=87.4 gap=25.2 (face=22.4mm) n=[331, 253, 534, 876, 144, 520, 558]  tape=1.670km B=9.54T unif=0.630% hoop=273MPa
  [  96] OK     f=   1.592  a=42.2 b=93.3 gap=22.2 (face=16.4mm) n=[506, 238, 305, 666, 354, 710, 301]  tape=1.592km B=10.14T unif=0.594% hoop=281MPa
  [  97] INFEAS f=1001.332  a=31.8 b=63.4 gap=29.6 (face=31.2mm) n=[441, 454, 594, 379, 488, 771, 390]  no evaluation (geometry pre-check)
  [  98] viol   f=   4.217  a=37.8 b=82.3 gap=34.2 (face=40.4mm) n=[313, 206, 775, 453, 384, 696, 666]  tape=1.612km B=8.86T unif=0.375% hoop=229MPa
  [  99] INFEAS f=28781.395  a=20.4 b=47.5 gap=22.4 (face=16.8mm) n=[460, 88, 886, 597, 590, 576, 684]  no evaluation (geometry pre-check)
  [ 100] INFEAS f=9415.004  a=15.0 b=73.0 gap=21.9 (face=15.8mm) n=[253, 294, 350, 448, 350, 553, 385]  no evaluation (geometry pre-check)
  [ 101] viol   f=   2.423  a=40.8 b=119.8 gap=24.6 (face=21.3mm) n=[466, 154, 497, 473, 683, 834, 187]  tape=2.082km B=9.59T unif=0.358% hoop=306MPa
  [ 102] OK     f=   1.496  a=47.7 b=72.7 gap=29.8 (face=31.5mm) n=[328, 288, 727, 773, 646, 450, 153]  tape=1.496km B=10.05T unif=0.363% hoop=258MPa
  [ 103] viol   f=   5.192  a=37.1 b=79.5 gap=18.2 (face=8.4mm) n=[157, 144, 443, 661, 123, 894, 99]  tape=1.192km B=8.59T unif=0.751% hoop=223MPa
  [ 104] viol   f=   5.345  a=40.6 b=96.5 gap=26.5 (face=24.9mm) n=[325, 57, 862, 213, 329, 771, 354]  tape=1.579km B=8.63T unif=0.646% hoop=237MPa
  [ 105] INFEAS f=2481.763  a=61.4 b=60.3 gap=27.9 (face=27.8mm) n=[536, 72, 421, 555, 318, 855, 390]  no evaluation (geometry pre-check)
  [ 106] INFEAS f=1079.289  a=53.5 b=57.1 gap=21.2 (face=14.5mm) n=[391, 205, 826, 684, 576, 436, 105]  no evaluation (geometry pre-check)
  [ 107] OK     f=   1.512  a=41.3 b=83.8 gap=25.0 (face=22.1mm) n=[154, 177, 520, 816, 684, 701, 125]  tape=1.512km B=10.15T unif=0.634% hoop=243MPa
  [ 108] OK     f=   1.922  a=51.4 b=85.3 gap=23.0 (face=18.0mm) n=[825, 264, 724, 372, 441, 661, 476]  tape=1.922km B=12.41T unif=0.972% hoop=383MPa
  [ 109] viol   f=   6.140  a=40.3 b=99.6 gap=25.9 (face=23.8mm) n=[321, 140, 624, 409, 324, 796, 306]  tape=1.623km B=8.50T unif=0.444% hoop=273MPa
  [ 110] viol   f=  11.932  a=45.7 b=96.3 gap=25.2 (face=22.4mm) n=[333, 102, 606, 143, 199, 568, 558]  tape=1.308km B=7.70T unif=0.494% hoop=208MPa
  [ 111] viol   f=   1.763  a=40.5 b=66.3 gap=32.5 (face=37.0mm) n=[187, 135, 721, 900, 793, 596, 119]  tape=1.405km B=9.58T unif=0.751% hoop=212MPa
  [ 112] OK     f=   1.483  a=33.0 b=86.8 gap=27.3 (face=26.6mm) n=[457, 354, 404, 623, 691, 613, 95]  tape=1.483km B=10.29T unif=0.609% hoop=228MPa
  [ 113] viol   f=   7.014  a=48.1 b=88.6 gap=28.9 (face=29.8mm) n=[63, 74, 607, 600, 539, 621, 437]  tape=1.418km B=8.33T unif=0.503% hoop=250MPa
  [ 114] OK     f=   1.764  a=51.2 b=83.9 gap=18.8 (face=9.6mm) n=[418, 323, 710, 353, 443, 834, 330]  tape=1.764km B=10.91T unif=0.935% hoop=400MPa
  [ 115] OK     f=   1.588  a=38.6 b=72.4 gap=21.8 (face=15.6mm) n=[55, 589, 668, 876, 743, 683, 155]  tape=1.588km B=13.38T unif=0.958% hoop=261MPa
  [ 116] viol   f=   8.387  a=50.4 b=76.9 gap=25.0 (face=22.0mm) n=[198, 217, 403, 527, 498, 467, 268]  tape=1.159km B=8.10T unif=0.753% hoop=261MPa
  [ 117] INFEAS f=5882.731  a=22.5 b=78.0 gap=38.7 (face=49.5mm) n=[461, 289, 697, 503, 575, 531, 84]  no evaluation (geometry pre-check)
  [ 118] INFEAS f=1012.030  a=71.9 b=76.3 gap=27.1 (face=26.2mm) n=[523, 618, 679, 703, 673, 885, 166]  no evaluation (geometry pre-check)
  [ 119] INFEAS f=1005.235  a=36.3 b=107.3 gap=29.8 (face=31.7mm) n=[364, 350, 893, 450, 303, 612, 596]  no evaluation (geometry pre-check)
  [ 120] OK     f=   1.667  a=60.0 b=73.8 gap=23.0 (face=17.9mm) n=[238, 66, 805, 875, 818, 514, 199]  tape=1.667km B=11.43T unif=0.827% hoop=331MPa
  [ 121] INFEAS f=4771.852  a=30.7 b=66.0 gap=26.2 (face=24.3mm) n=[62, 497, 689, 887, 532, 893, 249]  no evaluation (geometry pre-check)
  [ 122] INFEAS f=15537.573  a=25.2 b=83.2 gap=33.9 (face=39.7mm) n=[517, 335, 699, 897, 315, 639, 90]  no evaluation (geometry pre-check)
  [ 123] INFEAS f=8389.431  a=25.7 b=74.0 gap=20.2 (face=12.3mm) n=[418, 369, 824, 705, 552, 657, 102]  no evaluation (geometry pre-check)
  [ 124] viol   f=   1.472  a=47.2 b=77.2 gap=27.1 (face=26.1mm) n=[228, 107, 727, 700, 543, 715, 247]  tape=1.461km B=9.93T unif=0.536% hoop=244MPa
  [ 125] viol   f=   2.113  a=43.7 b=73.3 gap=28.1 (face=28.1mm) n=[132, 249, 546, 720, 779, 509, 124]  tape=1.346km B=9.38T unif=0.420% hoop=238MPa
  [ 126] OK     f=   1.635  a=51.9 b=100.8 gap=16.9 (face=5.8mm) n=[288, 297, 539, 520, 542, 536, 306]  tape=1.635km B=10.37T unif=0.844% hoop=377MPa
  [ 127] OK     f=   1.720  a=40.7 b=84.9 gap=22.0 (face=16.1mm) n=[493, 411, 297, 865, 711, 673, 73]  tape=1.720km B=11.49T unif=0.805% hoop=295MPa
  [ 128] INFEAS f=4589.677  a=30.8 b=80.9 gap=24.7 (face=21.5mm) n=[447, 336, 496, 716, 892, 891, 345]  no evaluation (geometry pre-check)
  [ 129] OK     f=   1.540  a=42.5 b=67.5 gap=25.9 (face=23.8mm) n=[377, 203, 689, 840, 836, 713, 149]  tape=1.540km B=12.40T unif=0.344% hoop=249MPa
  [ 130] OK     f=   1.240  a=33.3 b=66.0 gap=29.6 (face=31.2mm) n=[466, 149, 510, 777, 739, 514, 80]  tape=1.240km B=10.00T unif=0.421% hoop=198MPa
  [ 131] INFEAS f=1654.816  a=54.4 b=55.3 gap=25.8 (face=23.7mm) n=[425, 112, 752, 512, 659, 823, 80]  no evaluation (geometry pre-check)
  [ 132] OK     f=   1.795  a=48.6 b=81.4 gap=29.0 (face=30.0mm) n=[253, 312, 524, 804, 824, 808, 245]  tape=1.795km B=10.51T unif=0.418% hoop=275MPa
  [ 133] INFEAS f=9631.735  a=47.8 b=38.1 gap=33.8 (face=39.5mm) n=[583, 103, 686, 882, 620, 391, 197]  no evaluation (geometry pre-check)
  [ 134] INFEAS f=1658.598  a=34.0 b=45.0 gap=36.2 (face=44.4mm) n=[173, 127, 852, 891, 582, 874, 230]  no evaluation (geometry pre-check)
  [ 135] viol   f=  12.408  a=37.2 b=104.7 gap=25.7 (face=23.4mm) n=[162, 274, 218, 611, 888, 258, 276]  tape=1.573km B=7.67T unif=0.579% hoop=267MPa
  [ 136] INFEAS f=2139.055  a=27.5 b=87.6 gap=28.2 (face=28.5mm) n=[287, 155, 546, 463, 738, 548, 233]  no evaluation (geometry pre-check)
  [ 137] OK     f=   1.899  a=52.7 b=83.7 gap=25.2 (face=22.4mm) n=[420, 323, 583, 890, 789, 591, 110]  tape=1.899km B=10.86T unif=0.675% hoop=330MPa
  [ 138] INFEAS f=1647.527  a=56.4 b=57.3 gap=21.8 (face=15.5mm) n=[409, 142, 603, 709, 719, 605, 215]  no evaluation (geometry pre-check)
  [ 139] OK     f=   1.410  a=44.3 b=68.9 gap=22.9 (face=17.7mm) n=[526, 161, 619, 752, 721, 582, 85]  tape=1.410km B=12.62T unif=0.809% hoop=280MPa
  [ 140] OK     f=   1.271  a=36.1 b=69.0 gap=19.6 (face=11.3mm) n=[648, 104, 312, 734, 613, 542, 233]  tape=1.271km B=12.88T unif=0.990% hoop=233MPa
  [ 141] INFEAS f=9686.674  a=22.7 b=89.2 gap=16.7 (face=5.4mm) n=[457, 55, 322, 761, 739, 467, 520]  no evaluation (geometry pre-check)
  [ 142] viol   f=   1.355  a=52.4 b=72.4 gap=25.7 (face=23.4mm) n=[488, 86, 600, 444, 690, 587, 116]  tape=1.336km B=9.90T unif=0.768% hoop=306MPa
  [ 143] OK     f=   1.237  a=40.8 b=65.1 gap=26.8 (face=25.5mm) n=[662, 76, 436, 746, 490, 597, 132]  tape=1.237km B=11.09T unif=0.684% hoop=241MPa
  [ 144] OK     f=   1.957  a=58.3 b=86.8 gap=28.6 (face=29.3mm) n=[769, 245, 414, 667, 773, 605, 308]  tape=1.957km B=10.80T unif=0.776% hoop=332MPa
  [ 145] OK     f=   1.386  a=43.2 b=86.8 gap=18.3 (face=8.6mm) n=[564, 202, 324, 506, 638, 310, 299]  tape=1.386km B=10.42T unif=0.919% hoop=311MPa
  [ 146] INFEAS f=1036.997  a=34.7 b=74.9 gap=21.1 (face=14.2mm) n=[412, 199, 661, 862, 723, 668, 172]  no evaluation (geometry pre-check)
  [ 147] OK     f=   1.874  a=53.4 b=73.2 gap=21.3 (face=14.6mm) n=[641, 56, 505, 865, 833, 742, 495]  tape=1.874km B=14.11T unif=0.902% hoop=377MPa
  [ 148] INFEAS f=1027.894  a=29.7 b=58.8 gap=24.1 (face=20.2mm) n=[528, 366, 383, 726, 554, 507, 425]  no evaluation (geometry pre-check)
  [ 149] OK     f=   2.049  a=55.7 b=85.4 gap=18.7 (face=9.3mm) n=[417, 188, 401, 811, 899, 900, 351]  tape=2.049km B=12.74T unif=0.851% hoop=394MPa
  [ 150] INFEAS f=2013.913  a=33.4 b=81.3 gap=19.7 (face=11.4mm) n=[373, 87, 346, 892, 783, 409, 123]  no evaluation (geometry pre-check)
  [ 151] INFEAS f=5318.457  a=53.5 b=48.1 gap=29.3 (face=30.5mm) n=[533, 275, 342, 809, 760, 827, 357]  no evaluation (geometry pre-check)
  [ 152] viol   f=   4.055  a=53.0 b=68.0 gap=22.4 (face=16.7mm) n=[777, 94, 495, 853, 650, 700, 184]  tape=1.633km B=13.29T unif=1.110% hoop=343MPa
  [ 153] viol   f=   5.593  a=45.3 b=67.9 gap=17.1 (face=6.1mm) n=[657, 269, 211, 776, 842, 504, 292]  tape=1.519km B=13.52T unif=1.143% hoop=317MPa
  [ 154] OK     f=   1.810  a=50.7 b=83.2 gap=24.6 (face=21.2mm) n=[561, 240, 453, 782, 455, 834, 270]  tape=1.810km B=10.92T unif=0.648% hoop=342MPa
  [ 155] INFEAS f=7489.386  a=25.9 b=84.1 gap=29.3 (face=30.5mm) n=[394, 196, 426, 815, 788, 574, 55]  no evaluation (geometry pre-check)
  [ 156] OK     f=   1.550  a=39.5 b=83.8 gap=31.3 (face=34.7mm) n=[771, 77, 522, 813, 529, 403, 163]  tape=1.550km B=10.13T unif=0.754% hoop=242MPa
  [ 157] viol   f=  19.336  a=39.7 b=76.7 gap=29.4 (face=30.8mm) n=[895, 181, 123, 696, 677, 618, 110]  tape=1.493km B=10.68T unif=1.299% hoop=210MPa
  [ 158] OK     f=   1.382  a=46.8 b=66.7 gap=23.7 (face=19.4mm) n=[338, 76, 467, 853, 815, 548, 149]  tape=1.382km B=11.02T unif=0.426% hoop=280MPa
  [ 159] OK     f=   1.319  a=37.2 b=75.6 gap=25.2 (face=22.4mm) n=[370, 102, 583, 709, 683, 566, 130]  tape=1.319km B=10.85T unif=0.757% hoop=219MPa
  [ 160] OK     f=   1.562  a=46.5 b=86.6 gap=24.6 (face=21.1mm) n=[645, 234, 514, 800, 450, 297, 112]  tape=1.562km B=10.05T unif=0.771% hoop=297MPa
  [ 161] OK     f=   1.414  a=42.0 b=61.6 gap=24.3 (face=20.7mm) n=[533, 226, 557, 883, 747, 467, 102]  tape=1.414km B=12.05T unif=0.406% hoop=276MPa
  [ 162] OK     f=   1.507  a=38.7 b=76.2 gap=22.2 (face=16.4mm) n=[409, 56, 597, 883, 686, 453, 217]  tape=1.507km B=11.35T unif=0.866% hoop=268MPa
  [ 163] OK     f=   1.650  a=39.4 b=77.2 gap=31.1 (face=34.2mm) n=[370, 176, 545, 870, 751, 816, 175]  tape=1.650km B=10.13T unif=0.370% hoop=234MPa
  [ 164] INFEAS f=7478.368  a=29.0 b=67.3 gap=28.0 (face=28.0mm) n=[444, 198, 480, 797, 896, 525, 190]  no evaluation (geometry pre-check)
  [ 165] viol   f=   5.683  a=41.7 b=53.4 gap=25.8 (face=23.7mm) n=[269, 94, 791, 604, 623, 521, 108]  tape=1.080km B=10.74T unif=1.152% hoop=230MPa
  [ 166] viol   f=   2.260  a=45.5 b=93.2 gap=26.1 (face=24.2mm) n=[315, 282, 398, 819, 843, 395, 135]  tape=1.706km B=9.47T unif=0.628% hoop=300MPa
  [ 167] OK     f=   1.416  a=40.5 b=77.0 gap=22.1 (face=16.2mm) n=[445, 54, 522, 848, 732, 328, 162]  tape=1.416km B=10.74T unif=0.890% hoop=261MPa
  [ 168] OK     f=   1.515  a=41.7 b=81.4 gap=23.0 (face=18.1mm) n=[318, 119, 478, 886, 878, 333, 155]  tape=1.515km B=10.41T unif=0.922% hoop=264MPa
  [ 169] viol   f=   2.428  a=48.8 b=101.8 gap=22.7 (face=17.5mm) n=[502, 101, 557, 714, 371, 497, 226]  tape=1.681km B=9.39T unif=0.650% hoop=305MPa
  [ 170] INFEAS f=1443.475  a=34.4 b=71.3 gap=32.9 (face=37.9mm) n=[123, 55, 588, 888, 890, 490, 317]  no evaluation (geometry pre-check)
  [ 171] OK     f=   1.536  a=46.4 b=70.9 gap=23.5 (face=19.0mm) n=[529, 75, 554, 894, 713, 548, 116]  tape=1.536km B=11.53T unif=0.712% hoop=312MPa
  [ 172] INFEAS f=3980.769  a=31.6 b=69.3 gap=20.8 (face=13.7mm) n=[692, 165, 503, 900, 787, 227, 207]  no evaluation (geometry pre-check)
  [ 173] viol   f=   1.800  a=47.5 b=71.5 gap=26.4 (face=24.8mm) n=[492, 71, 266, 900, 580, 588, 245]  tape=1.465km B=9.59T unif=0.491% hoop=300MPa
  [ 174] viol   f=   1.517  a=48.8 b=82.5 gap=24.4 (face=20.8mm) n=[462, 161, 678, 546, 657, 358, 64]  tape=1.392km B=9.75T unif=0.850% hoop=274MPa
  [ 175] viol   f=   1.410  a=55.8 b=74.1 gap=22.6 (face=17.2mm) n=[323, 66, 664, 781, 733, 199, 166]  tape=1.366km B=9.85T unif=0.953% hoop=292MPa
  [ 176] OK     f=   1.457  a=49.0 b=65.6 gap=27.2 (face=26.5mm) n=[254, 184, 755, 896, 825, 469, 61]  tape=1.457km B=10.62T unif=0.263% hoop=245MPa
  [ 177] OK     f=   1.278  a=36.6 b=59.7 gap=20.1 (face=12.2mm) n=[317, 290, 516, 837, 670, 483, 197]  tape=1.278km B=12.61T unif=0.927% hoop=283MPa
  [ 178] viol   f=   4.204  a=41.0 b=82.7 gap=29.0 (face=29.9mm) n=[542, 89, 343, 878, 456, 481, 223]  tape=1.506km B=8.84T unif=0.495% hoop=272MPa
  [ 179] INFEAS f=10789.568  a=27.0 b=80.6 gap=24.1 (face=20.1mm) n=[541, 309, 185, 891, 871, 220, 178]  no evaluation (geometry pre-check)
  [ 180] OK     f=   1.753  a=48.5 b=81.7 gap=26.1 (face=24.1mm) n=[471, 50, 879, 886, 793, 470, 129]  tape=1.753km B=11.53T unif=0.772% hoop=267MPa
  [ 181] viol   f=  19.517  a=49.9 b=71.1 gap=19.0 (face=10.0mm) n=[89, 249, 752, 833, 601, 196, 220]  tape=1.330km B=10.80T unif=1.302% hoop=270MPa
  [ 182] OK     f=   1.291  a=39.6 b=58.2 gap=29.3 (face=30.6mm) n=[268, 361, 452, 744, 804, 385, 376]  tape=1.291km B=10.25T unif=0.756% hoop=278MPa
  [ 183] OK     f=   1.350  a=44.5 b=54.8 gap=23.7 (face=19.4mm) n=[499, 219, 737, 876, 692, 436, 126]  tape=1.350km B=12.90T unif=0.156% hoop=265MPa
  [ 184] OK     f=   1.616  a=54.1 b=73.9 gap=28.8 (face=29.7mm) n=[466, 54, 691, 855, 880, 415, 119]  tape=1.616km B=10.23T unif=0.259% hoop=279MPa
  [ 185] viol   f=   3.226  a=42.2 b=67.8 gap=18.9 (face=9.8mm) n=[592, 107, 440, 887, 523, 378, 227]  tape=1.392km B=11.54T unif=1.096% hoop=303MPa
  [ 186] viol   f=   1.373  a=45.0 b=76.2 gap=22.6 (face=17.1mm) n=[273, 132, 610, 870, 732, 267, 62]  tape=1.373km B=9.99T unif=0.942% hoop=249MPa
  [ 187] viol   f=   1.466  a=39.0 b=75.6 gap=17.9 (face=7.9mm) n=[143, 430, 638, 900, 532, 350, 87]  tape=1.427km B=11.29T unif=1.014% hoop=289MPa
  [ 188] viol   f=   6.761  a=53.0 b=76.5 gap=22.3 (face=16.6mm) n=[342, 145, 390, 803, 329, 287, 378]  tape=1.349km B=8.35T unif=0.870% hoop=323MPa
  [ 189] viol   f=   2.157  a=38.6 b=73.5 gap=19.2 (face=10.5mm) n=[326, 93, 687, 897, 666, 315, 52]  tape=1.345km B=11.36T unif=1.064% hoop=242MPa
  [ 190] viol   f=  62.303  a=58.0 b=74.7 gap=19.2 (face=10.4mm) n=[73, 280, 735, 750, 711, 221, 154]  tape=1.362km B=10.30T unif=1.552% hoop=299MPa
  [ 191] OK     f=   0.888  a=35.3 b=48.1 gap=19.1 (face=10.2mm) n=[302, 208, 406, 516, 718, 205, 299]  tape=0.888km B=10.92T unif=0.511% hoop=232MPa
  [ 192] viol   f=   2.430  a=50.2 b=72.3 gap=30.0 (face=32.0mm) n=[335, 294, 697, 724, 674, 232, 135]  tape=1.367km B=9.27T unif=0.354% hoop=257MPa
  [ 193] viol   f=   3.586  a=45.2 b=60.8 gap=23.5 (face=19.0mm) n=[257, 363, 264, 693, 744, 114, 63]  tape=0.993km B=8.86T unif=0.360% hoop=246MPa
  [ 194] viol   f=   9.633  a=38.6 b=76.8 gap=31.0 (face=33.9mm) n=[114, 266, 598, 843, 646, 243, 56]  tape=1.258km B=7.95T unif=0.453% hoop=191MPa
  [ 195] viol   f=   1.523  a=49.2 b=57.8 gap=29.5 (face=30.9mm) n=[387, 297, 542, 893, 723, 241, 97]  tape=1.309km B=9.67T unif=0.816% hoop=259MPa
  [ 196] INFEAS f=3641.070  a=31.9 b=55.2 gap=20.4 (face=12.9mm) n=[212, 380, 627, 900, 895, 382, 73]  no evaluation (geometry pre-check)
  [ 197] OK     f=   0.908  a=44.3 b=51.8 gap=22.9 (face=17.8mm) n=[139, 252, 568, 652, 649, 277, 114]  tape=0.908km B=10.22T unif=0.697% hoop=215MPa
  [ 198] OK     f=   1.168  a=41.2 b=65.0 gap=19.4 (face=10.7mm) n=[79, 253, 584, 716, 628, 268, 406]  tape=1.168km B=11.23T unif=0.931% hoop=242MPa
  [ 199] INFEAS f=1003.438  a=34.4 b=59.8 gap=37.0 (face=45.9mm) n=[336, 214, 639, 841, 782, 415, 158]  no evaluation (geometry pre-check)
  [ 200] INFEAS f=1228.326  a=32.7 b=55.9 gap=24.8 (face=21.6mm) n=[83, 177, 830, 760, 721, 447, 300]  no evaluation (geometry pre-check)
  [ 201] OK     f=   1.437  a=42.7 b=63.9 gap=22.6 (face=17.1mm) n=[349, 242, 543, 430, 881, 392, 500]  tape=1.437km B=10.91T unif=0.504% hoop=309MPa
  [ 202] INFEAS f=1094.958  a=40.3 b=43.8 gap=22.2 (face=16.4mm) n=[155, 272, 531, 713, 814, 295, 329]  no evaluation (geometry pre-check)
  [ 203] INFEAS f=1186.564  a=47.6 b=50.4 gap=20.0 (face=12.0mm) n=[416, 99, 500, 678, 585, 126, 586]  no evaluation (geometry pre-check)
  [ 204] INFEAS f=1309.853  a=31.8 b=46.1 gap=22.4 (face=16.9mm) n=[181, 320, 672, 515, 812, 220, 53]  no evaluation (geometry pre-check)
  [ 205] INFEAS f=1631.774  a=33.6 b=58.9 gap=20.5 (face=13.1mm) n=[179, 294, 521, 880, 757, 224, 52]  no evaluation (geometry pre-check)
  [ 206] INFEAS f=14137.001  a=37.1 b=24.0 gap=20.2 (face=12.3mm) n=[325, 129, 440, 224, 882, 304, 87]  no evaluation (geometry pre-check)
  [ 207] INFEAS f=2739.243  a=49.2 b=47.6 gap=21.9 (face=15.7mm) n=[151, 61, 537, 734, 899, 257, 167]  no evaluation (geometry pre-check)
  [ 208] INFEAS f=16079.140  a=39.4 b=25.0 gap=21.8 (face=15.6mm) n=[341, 87, 687, 109, 895, 69, 211]  no evaluation (geometry pre-check)
  [ 209] viol   f=   4.587  a=60.6 b=70.6 gap=18.2 (face=8.4mm) n=[485, 72, 315, 895, 716, 325, 563]  tape=1.640km B=11.14T unif=1.121% hoop=384MPa
  [ 210] OK     f=   1.094  a=40.6 b=56.3 gap=19.6 (face=11.1mm) n=[338, 68, 367, 699, 803, 250, 367]  tape=1.094km B=10.93T unif=0.482% hoop=246MPa
  [ 211] OK     f=   1.348  a=43.8 b=62.8 gap=19.9 (face=11.8mm) n=[436, 132, 389, 521, 803, 382, 618]  tape=1.348km B=11.64T unif=0.674% hoop=331MPa
  [ 212] viol   f=   3.090  a=48.1 b=59.4 gap=17.7 (face=7.3mm) n=[399, 305, 588, 768, 737, 117, 208]  tape=1.228km B=12.54T unif=1.096% hoop=325MPa
  [ 213] viol   f=   2.132  a=40.1 b=55.7 gap=28.0 (face=28.0mm) n=[540, 238, 289, 602, 877, 193, 211]  tape=1.149km B=9.30T unif=0.085% hoop=228MPa
  [ 214] viol   f=  21.617  a=38.3 b=67.5 gap=16.4 (face=4.8mm) n=[237, 71, 658, 605, 648, 129, 364]  tape=1.053km B=11.80T unif=1.321% hoop=217MPa
  [ 215] OK     f=   1.390  a=37.7 b=72.8 gap=18.2 (face=8.4mm) n=[368, 113, 448, 618, 832, 271, 484]  tape=1.390km B=11.36T unif=0.934% hoop=283MPa
  [ 216] OK     f=   1.293  a=42.4 b=67.4 gap=22.6 (face=17.2mm) n=[523, 191, 418, 811, 748, 223, 154]  tape=1.293km B=11.06T unif=0.729% hoop=265MPa
  [ 217] INFEAS f=6552.258  a=24.1 b=47.3 gap=22.6 (face=17.2mm) n=[245, 646, 374, 640, 751, 246, 143]  no evaluation (geometry pre-check)
  [ 218] INFEAS f=1183.196  a=49.5 b=52.3 gap=20.3 (face=12.6mm) n=[560, 98, 358, 894, 863, 288, 393]  no evaluation (geometry pre-check)
  [ 219] OK     f=   1.052  a=39.6 b=56.4 gap=17.2 (face=6.4mm) n=[222, 245, 231, 686, 796, 242, 344]  tape=1.052km B=10.98T unif=0.781% hoop=282MPa
  [ 220] viol   f=   1.448  a=43.6 b=69.0 gap=18.0 (face=8.0mm) n=[409, 73, 468, 657, 827, 250, 298]  tape=1.310km B=10.91T unif=1.026% hoop=298MPa
  [ 221] INFEAS f=1015.189  a=40.3 b=44.7 gap=15.5 (face=3.0mm) n=[85, 134, 384, 457, 398, 375, 606]  no evaluation (geometry pre-check)
  [ 222] viol   f=   3.840  a=49.5 b=76.2 gap=24.9 (face=21.8mm) n=[422, 222, 429, 848, 525, 130, 387]  tape=1.460km B=8.91T unif=0.696% hoop=302MPa
  [ 223] OK     f=   1.242  a=40.6 b=57.2 gap=18.8 (face=9.5mm) n=[365, 130, 309, 817, 762, 430, 478]  tape=1.242km B=12.83T unif=0.335% hoop=274MPa
  [ 224] INFEAS f=29523.522  a=19.9 b=60.9 gap=18.1 (face=8.3mm) n=[242, 171, 350, 775, 877, 385, 182]  no evaluation (geometry pre-check)
  [ 225] OK     f=   1.362  a=47.2 b=59.8 gap=16.3 (face=4.6mm) n=[428, 321, 282, 900, 564, 483, 205]  tape=1.362km B=11.81T unif=0.741% hoop=367MPa
  [ 226] OK     f=   1.299  a=37.4 b=68.2 gap=22.9 (face=17.8mm) n=[249, 413, 321, 644, 860, 118, 416]  tape=1.299km B=10.06T unif=0.629% hoop=267MPa
  [ 227] OK     f=   0.980  a=44.0 b=52.5 gap=19.2 (face=10.3mm) n=[92, 279, 231, 778, 669, 438, 171]  tape=0.980km B=10.44T unif=0.319% hoop=229MPa
  [ 228] viol   f=   6.415  a=36.9 b=55.5 gap=16.2 (face=4.4mm) n=[298, 111, 377, 692, 670, 214, 486]  tape=0.994km B=12.29T unif=1.165% hoop=243MPa
  [ 229] INFEAS f=2070.623  a=23.9 b=59.3 gap=17.3 (face=6.6mm) n=[101, 121, 278, 577, 641, 407, 228]  no evaluation (geometry pre-check)
  [ 230] INFEAS f=2456.572  a=31.1 b=68.3 gap=18.4 (face=8.7mm) n=[385, 398, 504, 719, 847, 324, 241]  no evaluation (geometry pre-check)
  [ 231] OK     f=   1.007  a=40.6 b=58.7 gap=15.7 (face=3.4mm) n=[295, 84, 87, 571, 798, 517, 235]  tape=1.007km B=10.19T unif=0.954% hoop=225MPa
  [ 232] viol   f=   1.961  a=34.7 b=58.2 gap=17.7 (face=7.4mm) n=[397, 223, 120, 835, 722, 255, 335]  tape=1.088km B=11.56T unif=1.066% hoop=234MPa
  [ 233] viol   f=   5.136  a=34.8 b=48.7 gap=17.5 (face=7.0mm) n=[52, 84, 246, 747, 545, 309, 587]  tape=0.835km B=10.60T unif=1.147% hoop=186MPa
  [ 234] viol   f=   3.289  a=49.5 b=63.6 gap=22.3 (face=16.6mm) n=[203, 126, 241, 756, 731, 419, 58]  tape=1.053km B=8.94T unif=0.414% hoop=227MPa
  [ 235] INFEAS f=1707.276  a=42.5 b=43.3 gap=20.6 (face=13.3mm) n=[356, 90, 311, 841, 691, 778, 135]  no evaluation (geometry pre-check)
  [ 236] INFEAS f=1000.088  a=43.0 b=47.9 gap=20.6 (face=13.1mm) n=[52, 198, 144, 572, 631, 272, 285]  no evaluation (geometry pre-check)
  [ 237] INFEAS f=1153.670  a=39.7 b=42.8 gap=24.8 (face=21.6mm) n=[303, 90, 105, 672, 665, 396, 267]  no evaluation (geometry pre-check)
  [ 238] viol   f=   1.247  a=42.5 b=53.8 gap=19.3 (face=10.6mm) n=[106, 135, 124, 888, 631, 206, 505]  tape=0.992km B=9.64T unif=0.788% hoop=205MPa
  [ 239] viol   f=   4.463  a=55.5 b=76.7 gap=26.1 (face=24.2mm) n=[369, 50, 314, 835, 569, 359, 478]  tape=1.494km B=8.78T unif=0.544% hoop=320MPa
  [ 240] viol   f=   1.457  a=50.2 b=72.8 gap=18.9 (face=9.8mm) n=[281, 164, 276, 745, 794, 225, 447]  tape=1.357km B=10.17T unif=1.022% hoop=289MPa
  [ 241] viol   f=   1.286  a=46.4 b=67.6 gap=18.0 (face=8.1mm) n=[293, 157, 115, 829, 777, 51, 557]  tape=1.182km B=10.30T unif=1.023% hoop=227MPa
  [ 242] OK     f=   1.043  a=38.2 b=54.2 gap=16.7 (face=5.3mm) n=[216, 329, 237, 787, 488, 406, 308]  tape=1.043km B=11.11T unif=0.502% hoop=269MPa
  [ 243] OK     f=   1.261  a=42.9 b=64.7 gap=19.1 (face=10.2mm) n=[320, 150, 110, 870, 788, 579, 225]  tape=1.261km B=11.23T unif=0.792% hoop=235MPa
  [ 244] OK     f=   1.274  a=41.3 b=63.9 gap=20.0 (face=12.0mm) n=[282, 58, 251, 802, 573, 549, 661]  tape=1.274km B=11.43T unif=0.571% hoop=266MPa
  [ 245] OK     f=   0.859  a=39.9 b=54.1 gap=16.2 (face=4.4mm) n=[122, 156, 84, 734, 638, 196, 474]  tape=0.859km B=10.12T unif=0.533% hoop=189MPa
  [ 246] viol   f=   1.818  a=42.9 b=70.1 gap=19.9 (face=11.7mm) n=[203, 82, 258, 845, 470, 514, 402]  tape=1.254km B=9.47T unif=0.898% hoop=280MPa
  [ 247] OK     f=   1.315  a=41.6 b=67.4 gap=19.0 (face=10.0mm) n=[364, 194, 72, 649, 824, 666, 364]  tape=1.315km B=11.24T unif=0.807% hoop=253MPa
  [ 248] INFEAS f=3612.704  a=31.6 b=63.7 gap=16.1 (face=4.1mm) n=[448, 130, 225, 891, 732, 495, 220]  no evaluation (geometry pre-check)
  [ 249] OK     f=   1.460  a=49.0 b=68.4 gap=19.3 (face=10.7mm) n=[158, 373, 356, 828, 705, 357, 485]  tape=1.460km B=11.36T unif=0.926% hoop=400MPa
  [ 250] viol   f=   1.227  a=44.0 b=71.6 gap=20.4 (face=12.8mm) n=[301, 113, 386, 690, 553, 422, 328]  tape=1.224km B=9.96T unif=0.925% hoop=278MPa
  [ 251] OK     f=   1.174  a=42.5 b=61.9 gap=18.0 (face=8.1mm) n=[50, 228, 284, 770, 728, 499, 430]  tape=1.174km B=11.36T unif=0.829% hoop=246MPa
  [ 252] viol   f=   8.971  a=42.4 b=84.4 gap=16.5 (face=5.0mm) n=[212, 469, 199, 892, 236, 192, 89]  tape=1.192km B=8.03T unif=0.739% hoop=265MPa
  [ 253] viol   f=   2.140  a=33.5 b=72.3 gap=18.2 (face=8.4mm) n=[296, 289, 58, 812, 522, 153, 390]  tape=1.101km B=9.30T unif=1.017% hoop=281MPa
  [ 254] viol   f=   3.138  a=49.6 b=75.9 gap=18.0 (face=8.0mm) n=[226, 294, 112, 899, 613, 178, 384]  tape=1.345km B=9.05T unif=0.986% hoop=304MPa
  [ 255] viol   f=  12.594  a=48.2 b=57.6 gap=16.5 (face=5.1mm) n=[164, 278, 87, 699, 644, 177, 268]  tape=0.907km B=9.28T unif=1.231% hoop=228MPa
  [ 256] INFEAS f=1310.290  a=50.7 b=52.9 gap=15.6 (face=3.2mm) n=[137, 93, 102, 371, 827, 104, 562]  no evaluation (geometry pre-check)
  [ 257] viol   f= 114.576  a=33.2 b=60.4 gap=15.5 (face=3.1mm) n=[91, 154, 145, 795, 431, 464, 521]  tape=0.994km B=10.42T unif=1.754% hoop=222MPa
  [ 258] INFEAS f=1071.732  a=43.7 b=47.3 gap=20.4 (face=12.7mm) n=[234, 200, 141, 844, 613, 203, 448]  no evaluation (geometry pre-check)
  [ 259] viol   f=  10.265  a=48.1 b=74.7 gap=19.4 (face=10.7mm) n=[325, 74, 277, 542, 552, 185, 408]  tape=1.040km B=8.53T unif=1.156% hoop=251MPa
  [ 260] INFEAS f=1008.079  a=40.4 b=45.0 gap=17.9 (face=7.8mm) n=[366, 57, 178, 668, 518, 385, 323]  no evaluation (geometry pre-check)
  [ 261] viol   f=  25.078  a=46.4 b=73.1 gap=18.5 (face=9.1mm) n=[276, 102, 388, 516, 490, 171, 296]  tape=0.962km B=8.40T unif=1.308% hoop=256MPa
  [ 262] viol   f=   2.087  a=41.9 b=74.9 gap=16.9 (face=5.9mm) n=[455, 85, 75, 803, 709, 342, 432]  tape=1.301km B=10.87T unif=1.063% hoop=255MPa
  [ 263] viol   f=   4.555  a=44.5 b=77.7 gap=20.5 (face=13.1mm) n=[63, 323, 228, 785, 658, 268, 266]  tape=1.229km B=8.71T unif=0.892% hoop=304MPa
  [ 264] viol   f=   1.620  a=48.2 b=74.0 gap=18.4 (face=8.9mm) n=[134, 177, 137, 846, 819, 411, 289]  tape=1.301km B=9.97T unif=1.040% hoop=270MPa
  [ 265] INFEAS f=4077.455  a=26.6 b=65.6 gap=15.9 (face=3.9mm) n=[289, 239, 187, 769, 614, 448, 197]  no evaluation (geometry pre-check)
  [ 266] viol   f=   8.594  a=50.1 b=82.7 gap=22.8 (face=17.5mm) n=[126, 165, 255, 900, 708, 125, 333]  tape=1.352km B=8.10T unif=0.774% hoop=237MPa
  [ 267] OK     f=   1.009  a=36.9 b=53.6 gap=15.8 (face=3.5mm) n=[73, 239, 122, 900, 575, 314, 456]  tape=1.009km B=10.73T unif=0.656% hoop=219MPa
  [ 268] viol   f=   8.011  a=45.9 b=65.3 gap=16.6 (face=5.2mm) n=[85, 114, 56, 779, 627, 130, 389]  tape=0.918km B=8.32T unif=1.084% hoop=196MPa
  [ 269] viol   f=   5.434  a=46.9 b=58.6 gap=18.7 (face=9.4mm) n=[90, 82, 73, 814, 616, 181, 424]  tape=0.916km B=8.50T unif=0.366% hoop=200MPa
  [ 270] OK     f=   0.958  a=36.4 b=58.8 gap=15.6 (face=3.2mm) n=[157, 52, 93, 682, 436, 755, 451]  tape=0.958km B=10.68T unif=0.834% hoop=216MPa
  [ 271] viol   f=   1.084  a=42.1 b=62.5 gap=16.2 (face=4.5mm) n=[127, 138, 55, 900, 401, 707, 283]  tape=1.083km B=9.98T unif=0.794% hoop=228MPa
  [ 272] OK     f=   1.265  a=43.4 b=74.1 gap=16.1 (face=4.3mm) n=[100, 95, 264, 803, 582, 422, 503]  tape=1.265km B=10.07T unif=0.973% hoop=271MPa
  [ 273] INFEAS f=1000.803  a=35.5 b=58.3 gap=15.6 (face=3.1mm) n=[149, 247, 119, 870, 494, 789, 459]  no evaluation (geometry pre-check)
  [ 274] viol   f=   8.722  a=38.1 b=61.8 gap=15.8 (face=3.5mm) n=[93, 142, 169, 823, 575, 462, 586]  tape=1.123km B=11.30T unif=1.195% hoop=233MPa
  [ 275] viol   f=  16.487  a=38.9 b=71.5 gap=16.3 (face=4.6mm) n=[148, 403, 66, 898, 411, 261, 647]  tape=1.273km B=10.27T unif=1.276% hoop=259MPa
  [ 276] INFEAS f=2528.678  a=32.3 b=49.4 gap=15.7 (face=3.3mm) n=[120, 221, 77, 881, 391, 658, 438]  no evaluation (geometry pre-check)
  [ 277] viol   f=  14.456  a=32.9 b=66.2 gap=15.5 (face=3.0mm) n=[66, 146, 74, 705, 676, 794, 360]  tape=1.076km B=11.37T unif=1.259% hoop=190MPa
  [ 278] viol   f=   1.716  a=49.7 b=66.5 gap=18.5 (face=9.0mm) n=[124, 67, 64, 814, 577, 529, 507]  tape=1.165km B=9.47T unif=0.703% hoop=314MPa
  [ 279] viol   f=  13.753  a=38.6 b=61.9 gap=15.5 (face=3.0mm) n=[51, 272, 139, 681, 518, 632, 154]  tape=0.920km B=10.28T unif=1.253% hoop=205MPa
  [ 280] viol   f=   1.443  a=41.6 b=64.3 gap=16.9 (face=5.7mm) n=[74, 70, 281, 891, 584, 367, 376]  tape=1.132km B=9.61T unif=0.982% hoop=296MPa
  [ 281] OK     f=   1.355  a=45.9 b=65.5 gap=16.9 (face=5.8mm) n=[50, 482, 166, 898, 507, 752, 294]  tape=1.355km B=11.60T unif=0.901% hoop=295MPa
  [ 282] viol   f=   2.464  a=37.2 b=74.4 gap=16.4 (face=4.8mm) n=[211, 79, 123, 900, 284, 541, 420]  tape=1.185km B=9.20T unif=0.917% hoop=225MPa
  [ 283] viol   f=   1.133  a=39.4 b=61.4 gap=15.5 (face=3.0mm) n=[101, 192, 298, 693, 568, 709, 464]  tape=1.131km B=12.45T unif=1.003% hoop=250MPa
  [ 284] OK     f=   1.382  a=48.3 b=66.4 gap=15.8 (face=3.7mm) n=[78, 281, 171, 856, 408, 628, 821]  tape=1.382km B=11.78T unif=0.755% hoop=290MPa
  [ 285] INFEAS f=1718.399  a=33.6 b=47.5 gap=15.9 (face=3.8mm) n=[105, 159, 157, 884, 420, 435, 614]  no evaluation (geometry pre-check)  [a=58 b=75 nt=2193] KSP converged reason: 4, iterations: 1
  [a=54 b=90 nt=2139] KSP converged reason: 4, iterations: 1
  [a=52 b=108 nt=3768] KSP converged reason: 4, iterations: 1
  [a=53 b=78 nt=2666] KSP converged reason: 4, iterations: 1
  [a=62 b=108 nt=2176] KSP converged reason: 4, iterations: 1
  [a=68 b=88 nt=2736] KSP converged reason: 4, iterations: 1
  [a=60 b=90 nt=3287] KSP converged reason: 4, iterations: 1
  [a=51 b=69 nt=3745] KSP converged reason: 4, iterations: 1
  [a=47 b=75 nt=4177] KSP converged reason: 4, iterations: 1
  [a=43 b=87 nt=3216] KSP converged reason: 4, iterations: 1
  [a=41 b=120 nt=3294] KSP converged reason: 4, iterations: 1
  [a=48 b=89 nt=2941] KSP converged reason: 4, iterations: 1
  [a=47 b=77 nt=3267] KSP converged reason: 4, iterations: 1
  [a=36 b=69 nt=3186] KSP converged reason: 4, iterations: 1
  [a=41 b=65 nt=3139] KSP converged reason: 4, iterations: 1
  [a=45 b=68 nt=3551] KSP converged reason: 4, iterations: 1
  [a=39 b=76 nt=3301] KSP converged reason: 4, iterations: 1
  [a=46 b=71 nt=3429] KSP converged reason: 4, iterations: 1
  [a=45 b=55 nt=3585] KSP converged reason: 4, iterations: 1
  [a=58 b=75 nt=2924] KSP converged reason: 4, iterations: 1
  [a=44 b=52 nt=2651] KSP converged reason: 4, iterations: 1
  [a=43 b=64 nt=3337] KSP converged reason: 4, iterations: 1
  [a=38 b=73 nt=3134] KSP converged reason: 4, iterations: 1
  [a=37 b=55 nt=2848] KSP converged reason: 4, iterations: 1
  [a=42 b=54 nt=2595] KSP converged reason: 4, iterations: 1
  [a=50 b=73 nt=2932] KSP converged reason: 4, iterations: 1
  [a=43 b=70 nt=2774] KSP converged reason: 4, iterations: 1
  [a=49 b=68 nt=3262] KSP converged reason: 4, iterations: 1
  [a=33 b=60 nt=2601] KSP converged reason: 4, iterations: 1
  [a=46 b=73 nt=2239] KSP converged reason: 4, iterations: 1
  [a=39 b=72 nt=2834] KSP converged reason: 4, iterations: 1
  [a=39 b=62 nt=2447] KSP converged reason: 4, iterations: 1
  [a=40 b=83 nt=2866] KSP converged reason: 4, iterations: 1
  [a=51 b=80 nt=3493] KSP converged reason: 4, iterations: 1
  [a=49 b=59 nt=3364] KSP converged reason: 4, iterations: 1
  [a=62 b=118 nt=2791] KSP converged reason: 4, iterations: 1
  [a=51 b=124 nt=2792] KSP converged reason: 4, iterations: 1
  [a=57 b=80 nt=3450] KSP converged reason: 4, iterations: 1
  [a=38 b=82 nt=3319] KSP converged reason: 4, iterations: 1
  [a=60 b=94 nt=3700] KSP converged reason: 4, iterations: 1
  [a=34 b=62 nt=2995] KSP converged reason: 4, iterations: 1
  [a=68 b=84 nt=3427] KSP converged reason: 4, iterations: 1
  [a=44 b=58 nt=2934] KSP converged reason: 4, iterations: 1
  [a=47 b=64 nt=3130] KSP converged reason: 4, iterations: 1
  [a=55 b=81 nt=2789] KSP converged reason: 4, iterations: 1
  [a=42 b=93 nt=3080] KSP converged reason: 4, iterations: 1
  [a=37 b=79 nt=2521] KSP converged reason: 4, iterations: 1
  [a=40 b=100 nt=2920] KSP converged reason: 4, iterations: 1
  [a=39 b=72 nt=3769] KSP converged reason: 4, iterations: 1
  [a=43 b=68 nt=3807] KSP converged reason: 4, iterations: 1
  [a=37 b=105 nt=2687] KSP converged reason: 4, iterations: 1
  [a=52 b=72 nt=3011] KSP converged reason: 4, iterations: 1
  [a=53 b=68 nt=3753] KSP converged reason: 4, iterations: 1
  [a=39 b=77 nt=3703] KSP converged reason: 4, iterations: 1
  [a=49 b=83 nt=2926] KSP converged reason: 4, iterations: 1
  [a=54 b=74 nt=3480] KSP converged reason: 4, iterations: 1
  [a=50 b=72 nt=3091] KSP converged reason: 4, iterations: 1
  [a=40 b=56 nt=2950] KSP converged reason: 4, iterations: 1
  [a=40 b=56 nt=2766] KSP converged reason: 4, iterations: 1
  [a=47 b=60 nt=3183] KSP converged reason: 4, iterations: 1
  [a=50 b=64 nt=2534] KSP converged reason: 4, iterations: 1
  [a=38 b=54 nt=2771] KSP converged reason: 4, iterations: 1
  [a=44 b=72 nt=2793] KSP converged reason: 4, iterations: 1
  [a=48 b=58 nt=2317] KSP converged reason: 4, iterations: 1
  [a=44 b=78 nt=2591] KSP converged reason: 4, iterations: 1
  [a=42 b=62 nt=2611] KSP converged reason: 4, iterations: 1
  [a=42 b=64 nt=2643] KSP converged reason: 4, iterations: 1
  [a=40 b=60 nt=3095] KSP converged reason: 4, iterations: 1
  [a=41 b=64 nt=3153] KSP converged reason: 4, iterations: 1
  [a=43 b=64 nt=3162] KSP converged reason: 4, iterations: 1
  [a=49 b=72 nt=3033] KSP converged reason: 4, iterations: 1
  [a=63 b=117 nt=1967] KSP converged reason: 4, iterations: 1
  [a=69 b=84 nt=1368] KSP converged reason: 4, iterations: 1
  [a=49 b=99 nt=2673] KSP converged reason: 4, iterations: 1
  [a=34 b=90 nt=2642] KSP converged reason: 4, iterations: 1
  [a=62 b=74 nt=2993] KSP converged reason: 4, iterations: 1
  [a=61 b=88 nt=3341] KSP converged reason: 4, iterations: 1
  [a=54 b=92 nt=4027] KSP converged reason: 4, iterations: 1
  [a=58 b=101 nt=3314] KSP converged reason: 4, iterations: 1
  [a=47 b=89 nt=2902] KSP converged reason: 4, iterations: 1
  [a=58 b=68 nt=3200] KSP converged reason: 4, iterations: 1
  [a=48 b=73 nt=3365] KSP converged reason: 4, iterations: 1
  [a=33 b=87 nt=3237] KSP converged reason: 4, iterations: 1
  [a=44 b=73 nt=3059] KSP converged reason: 4, iterations: 1
  [a=49 b=81 nt=3770] KSP converged reason: 4, iterations: 1
  [a=56 b=85 nt=3967] KSP converged reason: 4, iterations: 1
  [a=39 b=84 nt=3278] KSP converged reason: 4, iterations: 1
  [a=42 b=62 nt=3515] KSP converged reason: 4, iterations: 1
  [a=47 b=72 nt=3142] KSP converged reason: 4, iterations: 1
  [a=48 b=82 nt=3678] KSP converged reason: 4, iterations: 1
  [a=45 b=76 nt=2946] KSP converged reason: 4, iterations: 1
  [a=53 b=76 nt=2674] KSP converged reason: 4, iterations: 1
  [a=45 b=61 nt=2498] KSP converged reason: 4, iterations: 1
  [a=44 b=63 nt=3281] KSP converged reason: 4, iterations: 1
  [a=44 b=53 nt=2658] KSP converged reason: 4, iterations: 1
  [a=41 b=59 nt=2587] KSP converged reason: 4, iterations: 1
  [a=41 b=64 nt=3176] KSP converged reason: 4, iterations: 1
  [a=33 b=72 nt=2520] KSP converged reason: 4, iterations: 1
  [a=48 b=74 nt=2813] KSP converged reason: 4, iterations: 1
  [a=36 b=59 nt=2626] KSP converged reason: 4, iterations: 1
  [a=33 b=66 nt=2821] KSP converged reason: 4, iterations: 1
  [a=39 b=61 nt=3025] KSP converged reason: 4, iterations: 1
  [a=41 b=69 nt=3001] KSP converged reason: 4, iterations: 1
  [a=41 b=77 nt=2893] KSP converged reason: 4, iterations: 1
  [a=43 b=77 nt=3235] KSP converged reason: 4, iterations: 1
  [a=36 b=91 nt=2375] KSP converged reason: 4, iterations: 1
  [a=56 b=120 nt=2151] KSP converged reason: 4, iterations: 1
  [a=49 b=105 nt=1947] KSP converged reason: 4, iterations: 1
  [a=72 b=124 nt=2535] KSP converged reason: 4, iterations: 1
  [a=52 b=77 nt=2920] KSP converged reason: 4, iterations: 1
  [a=41 b=124 nt=2331] KSP converged reason: 4, iterations: 1
  [a=37 b=63 nt=1940] KSP converged reason: 4, iterations: 1
  [a=80 b=102 nt=2748] KSP converged reason: 4, iterations: 1
  [a=74 b=84 nt=3400] KSP converged reason: 4, iterations: 1
  [a=34 b=107 nt=3595] KSP converged reason: 4, iterations: 1
  [a=49 b=82 nt=2530] KSP converged reason: 4, iterations: 1
  [a=41 b=83 nt=3622] KSP converged reason: 4, iterations: 1
  [a=34 b=93 nt=3394] KSP converged reason: 4, iterations: 1
  [a=41 b=97 nt=2911] KSP converged reason: 4, iterations: 1
  [a=46 b=96 nt=2509] KSP converged reason: 4, iterations: 1
  [a=50 b=77 nt=2578] KSP converged reason: 4, iterations: 1
  [a=33 b=66 nt=3235] KSP converged reason: 4, iterations: 1
  [a=58 b=87 nt=3781] KSP converged reason: 4, iterations: 1
  [a=40 b=77 nt=3300] KSP converged reason: 4, iterations: 1
  [a=47 b=87 nt=3052] KSP converged reason: 4, iterations: 1
  [a=42 b=53 nt=3010] KSP converged reason: 4, iterations: 1
  [a=42 b=81 nt=3167] KSP converged reason: 4, iterations: 1
  [a=56 b=74 nt=2932] KSP converged reason: 4, iterations: 1
  [a=50 b=71 nt=2940] KSP converged reason: 4, iterations: 1
  [a=39 b=76 nt=3080] KSP converged reason: 4, iterations: 1
  [a=39 b=77 nt=2766] KSP converged reason: 4, iterations: 1
  [a=41 b=56 nt=2892] KSP converged reason: 4, iterations: 1
  [a=38 b=67 nt=2712] KSP converged reason: 4, iterations: 1
  [a=50 b=76 nt=2963] KSP converged reason: 4, iterations: 1
  [a=35 b=49 nt=2570] KSP converged reason: 4, iterations: 1
  [a=46 b=68 nt=2779] KSP converged reason: 4, iterations: 1
  [a=43 b=62 nt=2989] KSP converged reason: 4, iterations: 1
  [a=37 b=54 nt=2679] KSP converged reason: 4, iterations: 1
  [a=46 b=65 nt=2180] KSP converged reason: 4, iterations: 1
  [a=50 b=66 nt=2682] KSP converged reason: 4, iterations: 1
  [a=37 b=74 nt=2558] KSP converged reason: 4, iterations: 1
  [a=44 b=65 nt=3425] KSP converged reason: 4, iterations: 1
  [a=39 b=76 nt=2280] KSP converged reason: 4, iterations: 1
  [a=44 b=74 nt=2878] KSP converged reason: 4, iterations: 1
  [a=40 b=60 nt=2732] KSP converged reason: 4, iterations: 1
  [a=41 b=73 nt=3358] KSP converged reason: 4, iterations: 1
  [a=35 b=114 nt=2441] KSP converged reason: 4, iterations: 1
  [a=45 b=113 nt=2194] KSP converged reason: 4, iterations: 1
  [a=76 b=121 nt=3024] KSP converged reason: 4, iterations: 1
  [a=40 b=66 nt=1668] KSP converged reason: 4, iterations: 1
  [a=77 b=95 nt=3226] KSP converged reason: 4, iterations: 1
  [a=55 b=103 nt=2952] KSP converged reason: 4, iterations: 1
  [a=57 b=76 nt=3147] KSP converged reason: 4, iterations: 1
  [a=41 b=77 nt=3006] KSP converged reason: 4, iterations: 1
  [a=46 b=60 nt=3274] KSP converged reason: 4, iterations: 1
  [a=54 b=77 nt=3114] KSP converged reason: 4, iterations: 1
  [a=51 b=85 nt=3763] KSP converged reason: 4, iterations: 1
  [a=51 b=84 nt=3411] KSP converged reason: 4, iterations: 1
  [a=41 b=85 nt=3523] KSP converged reason: 4, iterations: 1
  [a=44 b=69 nt=3446] KSP converged reason: 4, iterations: 1
  [a=53 b=73 nt=4137] KSP converged reason: 4, iterations: 1
  [a=47 b=67 nt=3246] KSP converged reason: 4, iterations: 1
  [a=37 b=76 nt=3143] KSP converged reason: 4, iterations: 1
  [a=40 b=77 nt=3091] KSP converged reason: 4, iterations: 1
  [a=49 b=102 nt=2968] KSP converged reason: 4, iterations: 1
  [a=49 b=66 nt=3444] KSP converged reason: 4, iterations: 1
  [a=40 b=58 nt=3390] KSP converged reason: 4, iterations: 1
  [a=35 b=48 nt=2654] KSP converged reason: 4, iterations: 1
  [a=41 b=65 nt=2934] KSP converged reason: 4, iterations: 1
  [a=48 b=59 nt=3122] KSP converged reason: 4, iterations: 1
  [a=41 b=57 nt=3291] KSP converged reason: 4, iterations: 1
  [a=55 b=77 nt=2974] KSP converged reason: 4, iterations: 1
  [a=40 b=54 nt=2404] KSP converged reason: 4, iterations: 1
  [a=42 b=67 nt=3133] KSP converged reason: 4, iterations: 1
  [a=50 b=76 nt=2706] KSP converged reason: 4, iterations: 1
  [a=42 b=75 nt=2901] KSP converged reason: 4, iterations: 1
  [a=43 b=74 nt=2769] KSP converged reason: 4, iterations: 1
  [a=48 b=66 nt=3243] KSP converged reason: 4, iterations: 1
  [a=40 b=82 nt=2557] KSP converged reason: 4, iterations: 1
  [a=45 b=80 nt=2966] KSP converged reason: 4, iterations: 1
  [a=49 b=73 nt=3318] KSP converged reason: 4, iterations: 1
  [a=46 b=103 nt=2551] KSP converged reason: 4, iterations: 1
  [a=39 b=97 nt=2605] KSP converged reason: 4, iterations: 1
  [a=46 b=99 nt=2720] KSP converged reason: 4, iterations: 1
  [a=53 b=64 nt=2699] KSP converged reason: 4, iterations: 1
  [a=54 b=92 nt=2694] KSP converged reason: 4, iterations: 1
  [a=59 b=75 nt=3245] KSP converged reason: 4, iterations: 1
  [a=51 b=85 nt=3030] KSP converged reason: 4, iterations: 1
  [a=68 b=103 nt=4281] KSP converged reason: 4, iterations: 1
  [a=48 b=78 nt=3656] KSP converged reason: 4, iterations: 1
  [a=53 b=79 nt=3543] KSP converged reason: 4, iterations: 1
  [a=38 b=82 nt=3493] KSP converged reason: 4, iterations: 1
  [a=41 b=84 nt=3177] KSP converged reason: 4, iterations: 1
  [a=41 b=66 nt=3451] KSP converged reason: 4, iterations: 1
  [a=60 b=74 nt=3515] KSP converged reason: 4, iterations: 1
  [a=52 b=101 nt=3028] KSP converged reason: 4, iterations: 1
  [a=53 b=84 nt=3706] KSP converged reason: 4, iterations: 1
  [a=43 b=87 nt=2843] KSP converged reason: 4, iterations: 1
  [a=51 b=83 nt=3595] KSP converged reason: 4, iterations: 1
  [a=46 b=93 nt=3187] KSP converged reason: 4, iterations: 1
  [a=37 b=60 nt=3310] KSP converged reason: 4, iterations: 1
  [a=41 b=83 nt=3012] KSP converged reason: 4, iterations: 1
  [a=42 b=68 nt=3154] KSP converged reason: 4, iterations: 1
  [a=39 b=73 nt=3036] KSP converged reason: 4, iterations: 1
  [a=49 b=58 nt=3180] KSP converged reason: 4, iterations: 1
  [a=61 b=71 nt=3371] KSP converged reason: 4, iterations: 1
  [a=42 b=67 nt=3068] KSP converged reason: 4, iterations: 1
  [a=44 b=69 nt=2982] KSP converged reason: 4, iterations: 1
  [a=37 b=68 nt=3021] KSP converged reason: 4, iterations: 1
  [a=35 b=58 nt=2887] KSP converged reason: 4, iterations: 1
  [a=43 b=65 nt=3042] KSP converged reason: 4, iterations: 1
  [a=42 b=84 nt=2289] KSP converged reason: 4, iterations: 1
  [a=48 b=75 nt=2363] KSP converged reason: 4, iterations: 1
  [a=50 b=83 nt=2612] KSP converged reason: 4, iterations: 1
  [a=47 b=59 nt=2280] KSP converged reason: 4, iterations: 1
  [a=38 b=62 nt=2850] KSP converged reason: 4, iterations: 1
  [a=46 b=66 nt=3149] KSP converged reason: 4, iterations: 1
  [a=42 b=71 nt=2685] KSP converged reason: 4, iterations: 1
  [a=44 b=74 nt=3209] KSP converged reason: 4, iterations: 1
  [a=42 b=80 nt=2972] KSP converged reason: 4, iterations: 1
  [a=53 b=74 nt=3190] KSP converged reason: 4, iterations: 1

  [ 286] OK     f=   1.222  a=40.4 b=60.5 gap=17.5 (face=7.0mm) n=[63, 89, 415, 878, 697, 590, 363]  tape=1.222km B=11.62T unif=0.857% hoop=243MPa
  [ 287] OK     f=   1.343  a=40.0 b=82.7 gap=16.1 (face=4.3mm) n=[167, 60, 152, 809, 751, 624, 303]  tape=1.343km B=10.91T unif=0.941% hoop=224MPa
  [ 288] OK     f=   1.434  a=43.6 b=65.2 gap=16.2 (face=4.4mm) n=[408, 202, 211, 845, 557, 761, 441]  tape=1.434km B=12.99T unif=0.941% hoop=311MPa
  [ 289] OK     f=   1.344  a=41.5 b=64.1 gap=18.9 (face=9.8mm) n=[247, 166, 255, 897, 658, 452, 478]  tape=1.344km B=11.30T unif=0.675% hoop=296MPa
  [ 290] INFEAS f=1024.854  a=54.1 b=58.3 gap=16.1 (face=4.2mm) n=[285, 291, 125, 900, 503, 385, 271]  no evaluation (geometry pre-check)
  [ 291] INFEAS f=2804.233  a=32.5 b=63.3 gap=17.9 (face=7.7mm) n=[231, 60, 80, 749, 894, 306, 400]  no evaluation (geometry pre-check)
  [ 292] viol   f=   2.112  a=40.8 b=69.0 gap=16.0 (face=4.0mm) n=[232, 133, 95, 670, 717, 705, 449]  tape=1.204km B=11.73T unif=1.067% hoop=232MPa
  [ 293] OK     f=   1.710  a=50.7 b=79.6 gap=19.5 (face=11.0mm) n=[255, 338, 205, 768, 852, 395, 680]  tape=1.710km B=11.10T unif=0.833% hoop=313MPa
  [ 294] viol   f=   2.636  a=42.0 b=70.5 gap=16.1 (face=4.1mm) n=[115, 128, 65, 687, 794, 570, 326]  tape=1.148km B=10.24T unif=1.086% hoop=223MPa
  [ 295] viol   f=   4.719  a=38.7 b=75.9 gap=17.3 (face=6.5mm) n=[224, 52, 58, 680, 567, 404, 295]  tape=1.002km B=8.70T unif=1.041% hoop=207MPa
  [ 296] OK     f=   1.320  a=43.1 b=64.5 gap=21.9 (face=15.8mm) n=[396, 56, 220, 644, 846, 584, 416]  tape=1.320km B=10.81T unif=0.521% hoop=261MPa
  [ 297] viol   f=   2.150  a=40.3 b=82.4 gap=16.3 (face=4.7mm) n=[82, 56, 76, 692, 558, 789, 304]  tape=1.194km B=9.31T unif=0.770% hoop=209MPa
  [ 298] viol   f=   1.525  a=44.1 b=73.7 gap=15.6 (face=3.2mm) n=[115, 85, 160, 651, 772, 507, 588]  tape=1.269km B=10.65T unif=1.036% hoop=257MPa
  [ 299] viol   f=   1.630  a=44.0 b=73.6 gap=16.2 (face=4.4mm) n=[90, 309, 57, 834, 634, 738, 547]  tape=1.416km B=11.88T unif=1.033% hoop=271MPa
  [ 300] INFEAS f=4597.790  a=31.1 b=60.0 gap=15.5 (face=3.1mm) n=[56, 252, 129, 900, 574, 554, 677]  no evaluation (geometry pre-check)
  [ 301] OK     f=   1.440  a=44.6 b=80.0 gap=16.3 (face=4.7mm) n=[240, 194, 62, 744, 868, 399, 459]  tape=1.440km B=10.46T unif=0.930% hoop=286MPa
  [ 302] OK     f=   1.339  a=48.8 b=71.8 gap=19.9 (face=11.7mm) n=[305, 121, 185, 611, 723, 622, 466]  tape=1.339km B=10.42T unif=0.813% hoop=281MPa
  [ 303] viol   f=  12.923  a=40.5 b=76.6 gap=16.4 (face=4.8mm) n=[259, 147, 60, 823, 679, 615, 310]  tape=1.313km B=10.86T unif=1.241% hoop=239MPa
  [ 304] OK     f=   1.370  a=49.4 b=59.2 gap=20.4 (face=12.7mm) n=[93, 205, 364, 829, 882, 478, 513]  tape=1.370km B=11.90T unif=0.127% hoop=306MPa
  [ 305] OK     f=   1.392  a=41.8 b=79.5 gap=18.7 (face=9.5mm) n=[159, 93, 189, 777, 851, 578, 325]  tape=1.392km B=10.49T unif=0.921% hoop=237MPa
  [ 306] OK     f=   1.021  a=39.8 b=60.1 gap=17.0 (face=5.9mm) n=[199, 60, 94, 748, 702, 374, 555]  tape=1.021km B=11.05T unif=0.963% hoop=214MPa
  [ 307] viol   f=   1.782  a=41.1 b=72.9 gap=16.6 (face=5.1mm) n=[383, 165, 201, 637, 779, 744, 449]  tape=1.443km B=12.54T unif=1.041% hoop=299MPa
  [ 308] OK     f=   1.487  a=42.6 b=76.9 gap=19.5 (face=10.9mm) n=[174, 153, 195, 629, 866, 797, 421]  tape=1.487km B=10.90T unif=0.778% hoop=255MPa
  [ 309] OK     f=   1.481  a=48.6 b=73.1 gap=18.7 (face=9.4mm) n=[184, 153, 105, 850, 838, 691, 497]  tape=1.481km B=11.77T unif=0.935% hoop=273MPa
  [ 310] OK     f=   1.514  a=52.7 b=74.3 gap=20.7 (face=13.4mm) n=[57, 123, 364, 783, 876, 533, 454]  tape=1.514km B=10.40T unif=0.806% hoop=306MPa

==========================================================================================
CMA-ES finished: 310 evaluations in 7.2 min
==========================================================================================

Best feasible design found:
  a_mm             39.871600794196965
  b_mm             54.081080591816146
  gap_mm           16.199575606314596
  face_gap_mm      4.399151212629192
  n_turns          [122, 156, 84, 734, 638, 196, 474]
  n_total          2404
  tape_km          0.8589070229482587
  B_target_T       10.119244373998496
  uniformity_pct   0.5334895375167644
  hoop_MPa         188.77322241199295
  delam_MPa        13.941656845243715
  I_quench_A       406.5297910511342
  I_op_A           223.6137464527691
  binding          quench/SF
  clip_frac        0.09842845326716294

Full evaluation history -> optimize/cmaes_history.csv
Best design            -> optimize/cmaes_results.csv
Appended 310 rows to cumulative master log -> optimize/cmaes_all_evaluations.csv

Figures -> /home/gerrityjack/fenicsx/Racetrack-Coil-Optimization/visualization/cmaes_convergence.png, cmaes_constraints.png, cmaes_variables.png, cmaes_overview.png
Cumulative parameter-space map -> visualization/cmaes_param_map.png (15950 evaluations, 51 runs)
