Starting CMA-ES: 10 variables, budget 300 evaluations, target B >= 10.0 T, uniformity <= 1.0%, hoop <= 400 MPa, coil-coil face gap >= 3 mm

Parallel mode: 6 worker processes per generation.
  [   1] viol   f=  27.257  a=62.1 b=147.2 gap=31.6 (face=35.1mm) n=[328, 555, 51, 427, 58, 850, 687]  tape=2.328km B=6.47T unif=0.242% hoop=302MPa
  [   2] INFEAS f=46979.957  a=8.2 b=123.5 gap=43.2 (face=58.4mm) n=[339, 663, 422, 105, 143, 682, 191]  no evaluation (geometry pre-check)
  [   3] viol   f=  37.026  a=82.9 b=125.8 gap=44.1 (face=60.3mm) n=[69, 836, 570, 102, 141, 604, 747]  tape=2.263km B=5.83T unif=0.265% hoop=342MPa
  [   4] INFEAS f=6072.976  a=19.7 b=128.1 gap=41.4 (face=54.7mm) n=[131, 463, 493, 212, 268, 626, 609]  no evaluation (geometry pre-check)
  [   5] INFEAS f=1134101.409  a=-49.7 b=103.4 gap=44.2 (face=60.3mm) n=[216, 581, 816, 169, 198, 892, 195]  no evaluation (geometry pre-check)
  [   6] INFEAS f=41714.387  a=7.0 b=141.5 gap=45.0 (face=62.0mm) n=[74, 276, 286, 308, 312, 618, 493]  no evaluation (geometry pre-check)
  [   7] INFEAS f=9890.994  a=26.5 b=166.4 gap=44.2 (face=60.4mm) n=[54, 680, 417, 312, 614, 864, 389]  no evaluation (geometry pre-check)
  [   8] INFEAS f=9755.322  a=27.3 b=100.0 gap=38.6 (face=49.1mm) n=[223, 216, 167, 136, 241, 886, 874]  no evaluation (geometry pre-check)
  [   9] viol   f=  22.217  a=57.4 b=121.3 gap=38.6 (face=49.2mm) n=[344, 823, 235, 184, 105, 567, 796]  tape=2.038km B=6.82T unif=0.303% hoop=252MPa
  [  10] viol   f=  71.831  a=18.6 b=103.3 gap=34.0 (face=39.9mm) n=[152, 182, 324, 223, 352, 354, 65]  tape=0.781km B=4.06T unif=1.047% hoop=84MPa
  [  11] viol   f=  14.913  a=56.2 b=121.1 gap=39.1 (face=50.2mm) n=[449, 625, 356, 483, 87, 746, 679]  tape=2.234km B=7.48T unif=0.296% hoop=304MPa
  [  12] viol   f=  25.036  a=79.2 b=130.5 gap=36.6 (face=45.1mm) n=[78, 898, 386, 93, 239, 894, 678]  tape=2.449km B=6.64T unif=0.340% hoop=321MPa
  [  13] viol   f=  59.358  a=112.7 b=121.7 gap=39.1 (face=50.2mm) n=[219, 790, 210, 79, 201, 185, 845]  tape=2.029km B=4.65T unif=0.450% hoop=400MPa
  [  14] viol   f=  55.398  a=76.3 b=97.3 gap=24.9 (face=21.9mm) n=[81, 561, 59, 93, 280, 343, 397]  tape=1.100km B=4.79T unif=0.956% hoop=328MPa
  [  15] INFEAS f=12272.619  a=25.8 b=118.3 gap=29.5 (face=31.1mm) n=[607, 659, 343, 318, 97, 543, 877]  no evaluation (geometry pre-check)
  [  16] viol   f=  15.323  a=64.7 b=105.2 gap=37.3 (face=46.5mm) n=[453, 672, 332, 313, 64, 703, 900]  tape=2.171km B=7.44T unif=0.307% hoop=358MPa
  [  17] viol   f=  32.329  a=59.4 b=152.0 gap=44.9 (face=61.8mm) n=[573, 413, 467, 133, 376, 595, 541]  tape=2.379km B=6.13T unif=0.217% hoop=317MPa
  [  18] viol   f=  37.680  a=39.5 b=113.2 gap=42.7 (face=57.3mm) n=[101, 874, 346, 336, 120, 780, 174]  tape=1.654km B=5.76T unif=0.416% hoop=257MPa
  [  19] viol   f=  15.186  a=67.5 b=127.8 gap=40.7 (face=53.4mm) n=[148, 776, 669, 347, 74, 820, 895]  tape=2.638km B=7.50T unif=0.263% hoop=328MPa
  [  20] viol   f=  18.303  a=55.4 b=144.4 gap=34.3 (face=40.5mm) n=[368, 584, 331, 237, 460, 500, 657]  tape=2.333km B=7.17T unif=0.242% hoop=311MPa
  [  21] viol   f=  22.715  a=37.9 b=113.7 gap=37.8 (face=47.6mm) n=[377, 872, 177, 373, 56, 378, 614]  tape=1.750km B=6.76T unif=0.514% hoop=201MPa
  [  22] viol   f=  14.559  a=64.8 b=117.1 gap=39.6 (face=51.1mm) n=[336, 900, 203, 246, 69, 845, 900]  tape=2.297km B=7.52T unif=0.283% hoop=268MPa
  [  23] viol   f=  15.909  a=73.0 b=116.2 gap=39.9 (face=51.7mm) n=[616, 882, 303, 326, 614, 584, 456]  tape=2.636km B=7.42T unif=0.382% hoop=400MPa
  [  24] viol   f=   6.810  a=77.5 b=128.8 gap=36.4 (face=44.8mm) n=[522, 900, 292, 763, 226, 659, 889]  tape=3.131km B=8.64T unif=0.368% hoop=400MPa
  [  25] INFEAS f=6761.088  a=28.3 b=147.8 gap=25.1 (face=22.3mm) n=[218, 470, 67, 296, 388, 868, 786]  no evaluation (geometry pre-check)
  [  26] viol   f=  28.775  a=71.3 b=134.2 gap=42.8 (face=57.7mm) n=[418, 416, 210, 899, 69, 899, 841]  tape=2.779km B=6.39T unif=0.241% hoop=400MPa
  [  27] viol   f=  34.861  a=56.5 b=161.7 gap=38.9 (face=49.8mm) n=[559, 466, 120, 191, 237, 794, 591]  tape=2.467km B=5.98T unif=0.184% hoop=260MPa
  [  28] viol   f=  25.085  a=44.3 b=151.2 gap=37.5 (face=46.9mm) n=[881, 153, 202, 71, 166, 735, 653]  tape=2.179km B=6.62T unif=0.425% hoop=186MPa
  [  29] viol   f=  24.943  a=82.3 b=118.6 gap=42.3 (face=56.6mm) n=[307, 785, 108, 494, 272, 609, 900]  tape=2.516km B=6.65T unif=0.285% hoop=366MPa
  [  30] viol   f=  27.239  a=49.6 b=70.9 gap=41.3 (face=54.7mm) n=[206, 700, 176, 339, 165, 661, 461]  tape=1.202km B=6.39T unif=0.674% hoop=207MPa
  [  31] viol   f=  33.142  a=98.8 b=122.3 gap=38.8 (face=49.6mm) n=[261, 887, 129, 411, 362, 847, 627]  tape=2.717km B=6.10T unif=0.436% hoop=400MPa
  [  32] viol   f=  14.596  a=69.9 b=138.3 gap=33.9 (face=39.9mm) n=[747, 779, 392, 299, 171, 73, 869]  tape=2.537km B=7.54T unif=0.356% hoop=361MPa
  [  33] viol   f=   7.151  a=56.4 b=132.9 gap=42.5 (face=57.0mm) n=[689, 852, 238, 900, 237, 556, 574]  tape=2.878km B=8.54T unif=0.300% hoop=364MPa
  [  34] viol   f=  17.475  a=83.3 b=149.4 gap=29.8 (face=31.6mm) n=[397, 891, 377, 734, 109, 724, 654]  tape=3.266km B=7.33T unif=0.387% hoop=400MPa
  [  35] viol   f=  31.562  a=102.7 b=125.7 gap=30.8 (face=33.5mm) n=[259, 732, 194, 484, 363, 729, 774]  tape=2.747km B=6.20T unif=0.567% hoop=400MPa
  [  36] viol   f=  32.347  a=63.2 b=133.3 gap=42.3 (face=56.6mm) n=[310, 689, 136, 292, 135, 743, 802]  tape=2.247km B=6.12T unif=0.241% hoop=251MPa
  [  37] viol   f=  32.001  a=72.4 b=102.7 gap=43.2 (face=58.4mm) n=[306, 707, 80, 195, 258, 658, 887]  tape=1.973km B=6.13T unif=0.142% hoop=282MPa
  [  38] viol   f=  11.393  a=68.6 b=147.4 gap=35.8 (face=43.6mm) n=[822, 801, 104, 662, 174, 466, 572]  tape=2.833km B=7.93T unif=0.293% hoop=350MPa
  [  39] viol   f=  24.821  a=51.4 b=141.0 gap=40.7 (face=53.3mm) n=[218, 772, 293, 387, 130, 607, 808]  tape=2.351km B=6.65T unif=0.278% hoop=258MPa
  [  40] viol   f=  11.389  a=67.9 b=128.2 gap=30.2 (face=32.4mm) n=[520, 662, 305, 488, 148, 805, 505]  tape=2.481km B=7.89T unif=0.418% hoop=400MPa
  [  41] viol   f=  26.244  a=65.8 b=154.2 gap=42.4 (face=56.8mm) n=[667, 712, 83, 890, 67, 551, 236]  tape=2.633km B=6.56T unif=0.224% hoop=341MPa
  [  42] viol   f=  21.294  a=75.5 b=123.8 gap=40.8 (face=53.6mm) n=[638, 607, 141, 626, 223, 779, 432]  tape=2.454km B=6.93T unif=0.335% hoop=400MPa
  [  43] viol   f=   5.039  a=47.4 b=165.6 gap=33.9 (face=39.8mm) n=[769, 633, 91, 746, 218, 578, 568]  tape=2.896km B=8.97T unif=0.243% hoop=265MPa
  [  44] viol   f=   7.855  a=55.5 b=119.6 gap=40.5 (face=52.9mm) n=[708, 898, 348, 729, 50, 706, 255]  tape=2.422km B=8.35T unif=0.376% hoop=276MPa
  [  45] viol   f=  18.413  a=65.7 b=164.5 gap=33.0 (face=38.0mm) n=[615, 601, 241, 834, 101, 435, 625]  tape=2.976km B=7.22T unif=0.211% hoop=400MPa
  [  46] viol   f=  10.250  a=68.1 b=143.1 gap=38.8 (face=49.6mm) n=[849, 371, 157, 613, 399, 705, 899]  tape=3.112km B=8.11T unif=0.259% hoop=375MPa
  [  47] viol   f=   8.427  a=45.6 b=147.3 gap=40.9 (face=53.8mm) n=[820, 885, 285, 851, 122, 584, 134]  tape=2.698km B=8.31T unif=0.395% hoop=222MPa
  [  48] viol   f=  10.687  a=66.9 b=129.5 gap=29.7 (face=31.5mm) n=[359, 605, 286, 759, 54, 765, 611]  tape=2.428km B=7.97T unif=0.382% hoop=340MPa
  [  49] viol   f=   9.200  a=53.3 b=152.0 gap=42.7 (face=57.4mm) n=[622, 839, 335, 554, 342, 865, 473]  tape=3.150km B=8.26T unif=0.249% hoop=329MPa
  [  50] viol   f=  40.437  a=87.6 b=156.1 gap=35.9 (face=43.9mm) n=[503, 900, 222, 520, 531, 665, 598]  tape=3.503km B=5.70T unif=0.328% hoop=400MPa
  [  51] viol   f=   7.488  a=69.8 b=165.2 gap=27.3 (face=26.5mm) n=[895, 516, 251, 556, 673, 853, 488]  tape=3.690km B=8.62T unif=0.282% hoop=400MPa
  [  52] OK     f=   2.940  a=40.4 b=156.3 gap=29.4 (face=30.9mm) n=[825, 517, 75, 676, 364, 640, 797]  tape=2.940km B=10.92T unif=0.355% hoop=268MPa
  [  53] INFEAS f=78709.257  a=9.9 b=162.0 gap=38.3 (face=48.6mm) n=[886, 890, 233, 627, 236, 573, 294]  no evaluation (geometry pre-check)
  [  54] viol   f=  37.883  a=57.8 b=156.5 gap=35.7 (face=43.3mm) n=[511, 287, 68, 534, 308, 592, 260]  tape=2.028km B=5.77T unif=0.189% hoop=254MPa
  [  55] INFEAS f=25257.828  a=21.0 b=100.3 gap=31.8 (face=35.5mm) n=[767, 874, 72, 776, 114, 693, 91]  no evaluation (geometry pre-check)
  [  56] viol   f=  13.469  a=41.0 b=167.5 gap=41.8 (face=55.6mm) n=[708, 789, 488, 567, 61, 399, 486]  tape=2.831km B=7.69T unif=0.329% hoop=243MPa
  [  57] OK     f=   2.751  a=51.9 b=137.9 gap=27.3 (face=26.7mm) n=[805, 897, 299, 312, 302, 776, 395]  tape=2.751km B=10.26T unif=0.244% hoop=380MPa
  [  58] viol   f=  28.899  a=75.0 b=122.2 gap=42.2 (face=56.3mm) n=[459, 731, 136, 889, 107, 224, 615]  tape=2.279km B=6.35T unif=0.306% hoop=311MPa
  [  59] viol   f=  13.107  a=55.6 b=148.6 gap=31.4 (face=34.8mm) n=[273, 710, 61, 755, 172, 762, 381]  tape=2.356km B=7.68T unif=0.247% hoop=254MPa
  [  60] viol   f=  15.795  a=68.8 b=130.8 gap=36.3 (face=44.7mm) n=[634, 522, 125, 886, 116, 772, 405]  tape=2.546km B=7.43T unif=0.312% hoop=360MPa
  [  61] viol   f=   4.572  a=42.9 b=196.5 gap=20.5 (face=13.0mm) n=[692, 321, 165, 724, 222, 435, 195]  tape=2.572km B=9.00T unif=0.130% hoop=266MPa
  [  62] INFEAS f=1769.877  a=34.1 b=130.8 gap=39.3 (face=50.6mm) n=[656, 900, 134, 431, 675, 764, 273]  no evaluation (geometry pre-check)
  [  63] OK     f=   2.265  a=43.3 b=108.3 gap=27.8 (face=27.7mm) n=[900, 882, 208, 791, 73, 722, 399]  tape=2.265km B=12.53T unif=0.760% hoop=248MPa
  [  64] INFEAS f=34593.447  a=17.8 b=158.3 gap=33.2 (face=38.4mm) n=[305, 601, 89, 601, 859, 820, 361]  no evaluation (geometry pre-check)
  [  65] OK     f=   3.248  a=50.5 b=157.0 gap=22.1 (face=16.1mm) n=[527, 855, 551, 539, 324, 719, 553]  tape=3.248km B=10.83T unif=0.131% hoop=400MPa
  [  66] OK     f=   3.624  a=61.0 b=156.9 gap=19.5 (face=11.0mm) n=[755, 872, 164, 889, 457, 884, 512]  tape=3.624km B=11.64T unif=0.307% hoop=400MPa
  [  67] INFEAS f=1001.191  a=36.6 b=156.6 gap=18.2 (face=8.4mm) n=[846, 487, 149, 900, 419, 658, 365]  no evaluation (geometry pre-check)
  [  68] INFEAS f=4538.027  a=30.4 b=119.1 gap=38.3 (face=48.7mm) n=[880, 565, 151, 676, 196, 744, 255]  no evaluation (geometry pre-check)
  [  69] viol   f=   2.925  a=41.0 b=126.1 gap=36.9 (face=45.9mm) n=[870, 677, 163, 515, 360, 829, 572]  tape=2.576km B=9.58T unif=0.516% hoop=261MPa
  [  70] viol   f=   8.672  a=75.4 b=137.5 gap=37.4 (face=46.8mm) n=[895, 899, 341, 495, 365, 403, 795]  tape=3.233km B=8.35T unif=0.358% hoop=400MPa
  [  71] viol   f=  33.181  a=49.4 b=128.2 gap=31.5 (face=35.1mm) n=[588, 188, 205, 315, 187, 701, 220]  tape=1.642km B=6.03T unif=0.297% hoop=243MPa
  [  72] INFEAS f=2023.201  a=32.2 b=116.9 gap=36.6 (face=45.3mm) n=[729, 860, 429, 555, 608, 421, 393]  no evaluation (geometry pre-check)
  [  73] OK     f=   3.040  a=52.0 b=158.2 gap=21.5 (face=15.0mm) n=[898, 816, 782, 629, 67, 446, 182]  tape=3.040km B=12.08T unif=0.394% hoop=374MPa
  [  74] INFEAS f=92983.198  a=7.9 b=165.6 gap=20.0 (face=12.1mm) n=[898, 897, 144, 859, 51, 483, 236]  no evaluation (geometry pre-check)
  [  75] OK     f=   2.255  a=51.4 b=95.5 gap=34.2 (face=40.5mm) n=[759, 865, 95, 785, 299, 810, 628]  tape=2.255km B=11.34T unif=0.407% hoop=287MPa
  [  76] INFEAS f=60464.186  a=13.1 b=131.7 gap=32.6 (face=37.1mm) n=[540, 585, 285, 619, 139, 885, 598]  no evaluation (geometry pre-check)
  [  77] viol   f=   5.038  a=35.8 b=142.8 gap=39.5 (face=50.9mm) n=[797, 727, 146, 753, 314, 820, 466]  tape=2.759km B=8.93T unif=0.489% hoop=206MPa
  [  78] viol   f=   3.906  a=62.6 b=122.9 gap=25.3 (face=22.5mm) n=[834, 593, 180, 467, 251, 900, 255]  tape=2.419km B=9.14T unif=0.503% hoop=388MPa
  [  79] OK     f=   1.774  a=36.2 b=107.7 gap=24.5 (face=20.9mm) n=[625, 595, 125, 695, 58, 833, 231]  tape=1.774km B=10.34T unif=0.384% hoop=225MPa
  [  80] INFEAS f=5679.125  a=29.2 b=142.5 gap=33.6 (face=39.3mm) n=[680, 872, 222, 388, 379, 789, 318]  no evaluation (geometry pre-check)
  [  81] viol   f=  13.180  a=38.4 b=102.0 gap=40.9 (face=53.9mm) n=[532, 367, 340, 643, 106, 900, 677]  tape=1.999km B=7.64T unif=0.319% hoop=260MPa
  [  82] OK     f=   3.298  a=67.9 b=137.6 gap=23.7 (face=19.4mm) n=[885, 772, 271, 721, 450, 820, 484]  tape=3.298km B=10.24T unif=0.467% hoop=400MPa
  [  83] OK     f=   2.601  a=49.8 b=114.5 gap=32.3 (face=36.6mm) n=[857, 679, 459, 826, 690, 666, 105]  tape=2.601km B=11.56T unif=0.467% hoop=312MPa
  [  84] INFEAS f=1253.971  a=35.2 b=119.0 gap=42.7 (face=57.4mm) n=[706, 876, 239, 724, 222, 899, 243]  no evaluation (geometry pre-check)
  [  85] OK     f=   3.305  a=58.5 b=179.1 gap=21.0 (face=14.0mm) n=[760, 699, 209, 552, 144, 728, 672]  tape=3.305km B=10.41T unif=0.241% hoop=390MPa
  [  86] viol   f=   4.903  a=74.3 b=117.9 gap=27.4 (face=26.9mm) n=[582, 757, 408, 896, 538, 376, 722]  tape=2.980km B=9.02T unif=0.595% hoop=400MPa
  [  87] OK     f=   1.977  a=41.4 b=107.9 gap=19.3 (face=10.6mm) n=[712, 570, 472, 771, 395, 370, 159]  tape=1.977km B=12.77T unif=0.490% hoop=339MPa
  [  88] INFEAS f=25614.334  a=20.0 b=152.4 gap=26.9 (face=25.8mm) n=[601, 175, 152, 458, 200, 850, 303]  no evaluation (geometry pre-check)
  [  89] OK     f=   2.814  a=62.4 b=116.3 gap=19.6 (face=11.1mm) n=[858, 899, 443, 692, 492, 467, 398]  tape=2.814km B=10.41T unif=0.739% hoop=400MPa
  [  90] INFEAS f=5037.746  a=28.4 b=124.7 gap=37.2 (face=46.4mm) n=[691, 648, 237, 782, 335, 838, 70]  no evaluation (geometry pre-check)
  [  91] OK     f=   1.620  a=43.3 b=85.2 gap=20.8 (face=13.5mm) n=[789, 358, 358, 840, 91, 742, 164]  tape=1.620km B=12.13T unif=0.810% hoop=292MPa
  [  92] viol   f=   8.139  a=67.1 b=111.5 gap=28.6 (face=29.1mm) n=[664, 483, 93, 900, 66, 714, 343]  tape=2.146km B=8.27T unif=0.572% hoop=370MPa
  [  93] INFEAS f=2534.299  a=31.1 b=112.2 gap=17.8 (face=7.6mm) n=[640, 468, 521, 514, 263, 849, 118]  no evaluation (geometry pre-check)
  [  94] OK     f=   2.168  a=46.2 b=101.6 gap=21.8 (face=15.6mm) n=[693, 719, 780, 758, 206, 502, 335]  tape=2.168km B=14.12T unif=0.656% hoop=333MPa
  [  95] viol   f=  10.592  a=72.7 b=125.7 gap=22.0 (face=16.0mm) n=[435, 667, 424, 694, 363, 388, 587]  tape=2.508km B=7.99T unif=0.612% hoop=400MPa
  [  96] viol   f=  13.468  a=88.8 b=107.3 gap=27.5 (face=26.9mm) n=[509, 777, 483, 716, 152, 713, 420]  tape=2.527km B=7.66T unif=0.840% hoop=400MPa
  [  97] OK     f=   3.078  a=55.9 b=144.8 gap=20.3 (face=12.6mm) n=[797, 898, 776, 507, 210, 394, 465]  tape=3.078km B=11.62T unif=0.392% hoop=400MPa
  [  98] INFEAS f=18027.020  a=14.9 b=125.3 gap=16.0 (face=3.9mm) n=[617, 648, 233, 639, 127, 524, 489]  no evaluation (geometry pre-check)
  [  99] viol   f=  14.975  a=67.0 b=95.7 gap=26.8 (face=25.7mm) n=[427, 389, 558, 835, 83, 394, 233]  tape=1.772km B=7.43T unif=0.804% hoop=400MPa
  [ 100] INFEAS f=1614.911  a=33.8 b=84.4 gap=24.4 (face=20.9mm) n=[814, 669, 362, 884, 852, 677, 653]  no evaluation (geometry pre-check)
  [ 101] viol   f=   3.966  a=51.7 b=123.2 gap=23.4 (face=18.8mm) n=[328, 440, 635, 772, 155, 441, 346]  tape=2.085km B=9.03T unif=0.425% hoop=351MPa
  [ 102] OK     f=   2.631  a=38.5 b=120.0 gap=28.9 (face=29.8mm) n=[660, 620, 639, 735, 327, 812, 556]  tape=2.631km B=12.46T unif=0.405% hoop=274MPa
  [ 103] viol   f=  14.532  a=71.2 b=113.6 gap=16.7 (face=5.4mm) n=[288, 741, 686, 173, 402, 295, 150]  tape=1.835km B=7.48T unif=0.915% hoop=400MPa
  [ 104] INFEAS f=48949.383  a=14.8 b=98.1 gap=21.9 (face=15.9mm) n=[390, 536, 292, 868, 135, 692, 148]  no evaluation (geometry pre-check)
  [ 105] viol   f=  11.683  a=70.3 b=120.7 gap=22.6 (face=17.1mm) n=[832, 90, 611, 899, 154, 257, 52]  tape=2.010km B=7.80T unif=0.707% hoop=352MPa
  [ 106] OK     f=   2.113  a=51.8 b=107.5 gap=18.7 (face=9.5mm) n=[721, 480, 235, 611, 340, 865, 212]  tape=2.113km B=10.75T unif=0.658% hoop=383MPa
  [ 107] INFEAS f=17999.748  a=78.6 b=63.0 gap=18.3 (face=8.6mm) n=[275, 250, 440, 651, 501, 612, 314]  no evaluation (geometry pre-check)
  [ 108] viol   f=  23.116  a=74.7 b=117.7 gap=15.6 (face=3.2mm) n=[783, 476, 478, 652, 242, 485, 175]  tape=2.290km B=6.77T unif=0.868% hoop=400MPa
  [ 109] INFEAS f=26746.715  a=21.3 b=69.2 gap=33.5 (face=39.1mm) n=[828, 633, 489, 894, 285, 691, 104]  no evaluation (geometry pre-check)
  [ 110] INFEAS f=35001.693  a=16.5 b=116.2 gap=26.6 (face=25.3mm) n=[826, 733, 658, 513, 553, 683, 334]  no evaluation (geometry pre-check)
  [ 111] OK     f=   3.105  a=53.5 b=129.2 gap=17.0 (face=6.0mm) n=[897, 895, 262, 632, 559, 854, 481]  tape=3.105km B=13.86T unif=0.513% hoop=400MPa
  [ 112] OK     f=   2.797  a=48.1 b=132.3 gap=25.9 (face=23.7mm) n=[897, 889, 577, 568, 181, 731, 243]  tape=2.797km B=12.74T unif=0.178% hoop=379MPa
  [ 113] viol   f=   8.708  a=72.6 b=144.6 gap=21.2 (face=14.3mm) n=[765, 676, 491, 624, 285, 793, 183]  tape=2.985km B=8.31T unif=0.465% hoop=400MPa
  [ 114] OK     f=   2.228  a=46.8 b=106.0 gap=21.2 (face=14.4mm) n=[884, 324, 171, 673, 771, 581, 392]  tape=2.228km B=12.48T unif=0.458% hoop=332MPa
  [ 115] OK     f=   2.672  a=45.0 b=133.0 gap=19.6 (face=11.1mm) n=[608, 701, 812, 884, 85, 662, 197]  tape=2.672km B=13.42T unif=0.249% hoop=370MPa
  [ 116] OK     f=   2.017  a=55.1 b=97.9 gap=23.9 (face=19.8mm) n=[706, 527, 150, 895, 268, 884, 138]  tape=2.017km B=10.65T unif=0.640% hoop=342MPa
  [ 117] INFEAS f=12837.830  a=26.4 b=101.1 gap=19.7 (face=11.5mm) n=[900, 92, 194, 380, 513, 671, 689]  no evaluation (geometry pre-check)
  [ 118] OK     f=   2.947  a=51.1 b=143.9 gap=16.3 (face=4.7mm) n=[898, 811, 532, 752, 298, 228, 428]  tape=2.947km B=12.69T unif=0.456% hoop=400MPa
  [ 119] viol   f=  12.385  a=75.7 b=93.7 gap=18.4 (face=8.7mm) n=[874, 591, 370, 892, 208, 780, 893]  tape=2.669km B=11.17T unif=1.220% hoop=400MPa
  [ 120] viol   f=  32.380  a=60.0 b=89.1 gap=37.0 (face=46.1mm) n=[799, 313, 100, 514, 182, 317, 129]  tape=1.330km B=6.06T unif=0.550% hoop=243MPa
  [ 121] INFEAS f=4404.510  a=30.2 b=95.4 gap=24.7 (face=21.4mm) n=[869, 656, 191, 547, 232, 874, 87]  no evaluation (geometry pre-check)
  [ 122] OK     f=   2.150  a=45.5 b=114.4 gap=26.8 (face=25.7mm) n=[640, 859, 327, 334, 214, 729, 350]  tape=2.150km B=10.19T unif=0.394% hoop=363MPa
  [ 123] viol   f=   2.155  a=45.8 b=97.0 gap=34.7 (face=41.3mm) n=[703, 436, 486, 890, 102, 786, 530]  tape=2.145km B=9.93T unif=0.429% hoop=300MPa
  [ 124] OK     f=   3.065  a=60.8 b=130.3 gap=18.2 (face=8.4mm) n=[895, 753, 614, 835, 438, 759, 96]  tape=3.065km B=11.45T unif=0.549% hoop=400MPa
  [ 125] viol   f=  10.886  a=40.9 b=128.0 gap=40.4 (face=52.9mm) n=[838, 596, 83, 814, 274, 601, 165]  tape=2.191km B=7.91T unif=0.467% hoop=208MPa
  [ 126] OK     f=   2.756  a=64.1 b=129.4 gap=21.8 (face=15.6mm) n=[900, 865, 51, 768, 269, 890, 229]  tape=2.756km B=11.35T unif=0.543% hoop=400MPa
  [ 127] INFEAS f=22636.394  a=22.7 b=96.0 gap=31.1 (face=34.1mm) n=[898, 72, 262, 774, 105, 828, 204]  no evaluation (geometry pre-check)
  [ 128] OK     f=   1.970  a=50.1 b=103.5 gap=23.9 (face=19.7mm) n=[819, 434, 353, 589, 247, 707, 215]  tape=1.970km B=10.52T unif=0.618% hoop=360MPa
  [ 129] OK     f=   2.606  a=50.6 b=129.4 gap=24.5 (face=21.1mm) n=[886, 638, 218, 513, 471, 570, 423]  tape=2.606km B=10.51T unif=0.367% hoop=388MPa
  [ 130] viol   f=   8.815  a=48.0 b=117.6 gap=27.0 (face=26.1mm) n=[821, 191, 374, 539, 194, 580, 59]  tape=1.776km B=8.12T unif=0.403% hoop=262MPa
  [ 131] OK     f=   2.318  a=61.7 b=104.6 gap=23.6 (face=19.3mm) n=[716, 867, 309, 840, 234, 454, 377]  tape=2.318km B=11.08T unif=0.814% hoop=400MPa
  [ 132] INFEAS f=9923.280  a=27.8 b=134.6 gap=36.1 (face=44.3mm) n=[891, 705, 73, 540, 352, 900, 80]  no evaluation (geometry pre-check)
  [ 133] viol   f=   4.516  a=50.0 b=119.0 gap=34.6 (face=41.2mm) n=[817, 495, 128, 784, 323, 750, 231]  tape=2.228km B=8.93T unif=0.346% hoop=254MPa
  [ 134] viol   f=   3.811  a=76.3 b=115.3 gap=19.6 (face=11.1mm) n=[784, 502, 298, 805, 198, 873, 719]  tape=2.826km B=9.30T unif=0.782% hoop=400MPa
  [ 135] viol   f=   6.589  a=55.3 b=103.0 gap=28.6 (face=29.2mm) n=[884, 441, 549, 270, 369, 463, 109]  tape=1.899km B=8.47T unif=0.606% hoop=337MPa
  [ 136] OK     f=   1.892  a=46.7 b=86.0 gap=34.6 (face=41.2mm) n=[862, 546, 454, 498, 302, 702, 317]  tape=1.892km B=10.02T unif=0.473% hoop=317MPa
  [ 137] viol   f=  18.690  a=72.7 b=126.9 gap=29.1 (face=30.1mm) n=[746, 483, 130, 434, 296, 815, 84]  tape=2.173km B=7.13T unif=0.510% hoop=377MPa
  [ 138] viol   f=  13.019  a=43.4 b=145.0 gap=39.9 (face=51.7mm) n=[653, 561, 386, 859, 116, 891, 57]  tape=2.557km B=7.71T unif=0.291% hoop=241MPa
  [ 139] OK     f=   2.286  a=51.4 b=121.8 gap=19.3 (face=10.7mm) n=[827, 759, 356, 505, 148, 813, 143]  tape=2.286km B=11.75T unif=0.567% hoop=355MPa
  [ 140] viol   f=  53.296  a=67.3 b=93.3 gap=16.6 (face=5.2mm) n=[857, 869, 242, 861, 164, 612, 365]  tape=2.239km B=11.63T unif=1.505% hoop=400MPa
  [ 141] viol   f=  13.778  a=71.7 b=98.0 gap=20.2 (face=12.4mm) n=[594, 574, 271, 628, 182, 778, 164]  tape=1.931km B=7.63T unif=1.054% hoop=400MPa
  [ 142] viol   f=   7.616  a=74.5 b=91.3 gap=25.5 (face=22.9mm) n=[894, 802, 188, 538, 89, 900, 158]  tape=2.053km B=10.10T unif=1.167% hoop=400MPa
  [ 143] viol   f=   6.257  a=41.2 b=127.2 gap=31.6 (face=35.3mm) n=[867, 170, 228, 847, 248, 610, 139]  tape=2.038km B=8.55T unif=0.655% hoop=219MPa
  [ 144] OK     f=   2.018  a=32.4 b=102.2 gap=23.1 (face=18.2mm) n=[694, 534, 532, 500, 392, 774, 389]  tape=2.018km B=13.70T unif=0.260% hoop=270MPa
  [ 145] viol   f=   4.608  a=63.7 b=72.6 gap=36.6 (face=45.2mm) n=[762, 263, 168, 497, 648, 874, 280]  tape=1.726km B=8.80T unif=0.045% hoop=312MPa
  [ 146] INFEAS f=1835.275  a=31.3 b=99.3 gap=31.8 (face=35.5mm) n=[828, 457, 356, 756, 194, 741, 253]  no evaluation (geometry pre-check)
  [ 147] viol   f=   3.237  a=65.8 b=105.7 gap=24.5 (face=21.1mm) n=[836, 720, 137, 355, 337, 886, 133]  tape=2.124km B=9.25T unif=0.801% hoop=400MPa
  [ 148] viol   f=   6.818  a=74.0 b=106.0 gap=28.1 (face=28.3mm) n=[897, 510, 207, 739, 266, 573, 166]  tape=2.210km B=8.48T unif=0.815% hoop=399MPa
  [ 149] viol   f=   9.330  a=68.8 b=118.4 gap=29.4 (face=30.9mm) n=[503, 767, 661, 187, 460, 535, 93]  tape=2.172km B=8.11T unif=0.600% hoop=394MPa
  [ 150] OK     f=   2.227  a=45.2 b=114.5 gap=25.9 (face=23.9mm) n=[708, 433, 786, 834, 88, 713, 170]  tape=2.227km B=11.71T unif=0.422% hoop=284MPa
  [ 151] INFEAS f=14876.660  a=24.7 b=84.5 gap=24.4 (face=20.8mm) n=[834, 490, 541, 481, 543, 876, 619]  no evaluation (geometry pre-check)
  [ 152] OK     f=   2.100  a=43.7 b=84.5 gap=31.5 (face=35.0mm) n=[661, 469, 882, 794, 480, 495, 485]  tape=2.100km B=12.15T unif=0.564% hoop=351MPa
  [ 153] viol   f=   5.455  a=65.1 b=112.6 gap=23.2 (face=18.5mm) n=[772, 860, 549, 333, 238, 193, 87]  tape=1.995km B=8.68T unif=0.825% hoop=372MPa
  [ 154] OK     f=   1.923  a=50.2 b=91.2 gap=30.0 (face=32.0mm) n=[640, 516, 538, 781, 81, 868, 208]  tape=1.923km B=10.01T unif=0.546% hoop=342MPa
  [ 155] viol   f=   2.458  a=47.9 b=73.7 gap=35.6 (face=43.2mm) n=[650, 446, 438, 772, 88, 801, 326]  tape=1.577km B=9.34T unif=0.105% hoop=323MPa
  [ 156] viol   f=   4.461  a=65.3 b=112.0 gap=17.5 (face=6.9mm) n=[780, 346, 321, 451, 515, 757, 461]  tape=2.343km B=8.97T unif=0.792% hoop=400MPa
  [ 157] OK     f=   1.926  a=42.5 b=112.2 gap=23.3 (face=18.6mm) n=[638, 369, 379, 679, 405, 606, 231]  tape=1.926km B=10.80T unif=0.399% hoop=322MPa
  [ 158] OK     f=   1.794  a=49.4 b=104.8 gap=20.2 (face=12.4mm) n=[575, 547, 583, 654, 212, 126, 507]  tape=1.794km B=10.96T unif=0.715% hoop=353MPa
  [ 159] OK     f=   2.312  a=52.5 b=107.8 gap=28.1 (face=28.2mm) n=[881, 447, 553, 228, 316, 740, 615]  tape=2.312km B=10.49T unif=0.482% hoop=361MPa
  [ 160] viol   f=   6.868  a=55.7 b=99.9 gap=25.7 (face=23.4mm) n=[598, 497, 404, 418, 124, 393, 311]  tape=1.548km B=8.37T unif=0.818% hoop=400MPa
  [ 161] viol   f=  11.035  a=51.8 b=88.7 gap=17.2 (face=6.4mm) n=[600, 658, 749, 845, 542, 132, 135]  tape=1.896km B=12.64T unif=1.214% hoop=400MPa
  [ 162] viol   f=   8.294  a=65.5 b=115.3 gap=18.2 (face=8.5mm) n=[562, 644, 466, 696, 166, 387, 122]  tape=1.975km B=8.22T unif=0.813% hoop=400MPa
  [ 163] OK     f=   2.246  a=48.1 b=94.2 gap=30.6 (face=33.1mm) n=[862, 758, 517, 898, 260, 822, 169]  tape=2.246km B=12.41T unif=0.590% hoop=294MPa
  [ 164] viol   f=   4.193  a=71.8 b=97.3 gap=24.5 (face=21.0mm) n=[502, 486, 887, 877, 579, 314, 408]  tape=2.466km B=9.07T unif=0.904% hoop=400MPa
  [ 165] viol   f=  10.316  a=47.5 b=80.0 gap=17.8 (face=7.5mm) n=[600, 709, 360, 900, 199, 368, 192]  tape=1.657km B=12.01T unif=1.208% hoop=365MPa
  [ 166] OK     f=   1.344  a=46.1 b=80.7 gap=27.7 (face=27.5mm) n=[657, 384, 605, 635, 96, 475, 96]  tape=1.344km B=10.03T unif=0.837% hoop=244MPa
  [ 167] viol   f=   5.581  a=67.2 b=123.2 gap=16.0 (face=4.1mm) n=[711, 570, 393, 838, 458, 688, 166]  tape=2.661km B=8.79T unif=0.686% hoop=400MPa
  [ 168] INFEAS f=2637.571  a=31.1 b=92.2 gap=23.1 (face=18.3mm) n=[474, 57, 852, 829, 155, 374, 478]  no evaluation (geometry pre-check)
  [ 169] OK     f=   2.488  a=59.4 b=102.6 gap=34.1 (face=40.1mm) n=[722, 686, 441, 881, 404, 697, 318]  tape=2.488km B=10.25T unif=0.464% hoop=372MPa
  [ 170] viol   f=   3.080  a=73.9 b=98.6 gap=28.0 (face=28.0mm) n=[893, 624, 282, 756, 335, 711, 92]  tape=2.277km B=9.37T unif=0.914% hoop=400MPa
  [ 171] OK     f=   1.705  a=48.9 b=72.0 gap=29.2 (face=30.3mm) n=[609, 390, 900, 826, 249, 411, 303]  tape=1.705km B=11.17T unif=0.528% hoop=294MPa
  [ 172] viol   f=   3.610  a=50.3 b=98.4 gap=26.8 (face=25.7mm) n=[758, 440, 642, 500, 298, 76, 132]  tape=1.592km B=9.00T unif=0.725% hoop=289MPa
  [ 173] OK     f=   2.055  a=36.7 b=109.4 gap=27.4 (face=26.7mm) n=[846, 703, 471, 892, 63, 602, 68]  tape=2.055km B=12.33T unif=0.660% hoop=249MPa
  [ 174] OK     f=   2.006  a=40.6 b=104.1 gap=25.8 (face=23.7mm) n=[675, 629, 295, 898, 193, 622, 193]  tape=2.006km B=10.86T unif=0.517% hoop=269MPa
  [ 175] viol   f=   8.527  a=65.2 b=79.9 gap=37.4 (face=46.9mm) n=[548, 393, 560, 888, 225, 483, 291]  tape=1.843km B=8.17T unif=0.196% hoop=365MPa
  [ 176] viol   f=  40.838  a=61.6 b=80.4 gap=21.4 (face=14.8mm) n=[796, 684, 556, 823, 100, 774, 64]  tape=1.855km B=12.43T unif=1.441% hoop=400MPa
  [ 177] viol   f=   2.026  a=49.2 b=99.5 gap=29.7 (face=31.3mm) n=[615, 584, 501, 596, 214, 458, 258]  tape=1.725km B=9.61T unif=0.559% hoop=280MPa
  [ 178] INFEAS f=1032.611  a=60.1 b=64.2 gap=30.8 (face=33.5mm) n=[383, 242, 69, 772, 416, 604, 316]  no evaluation (geometry pre-check)
  [ 179] viol   f=   4.616  a=63.4 b=70.0 gap=38.8 (face=49.7mm) n=[719, 310, 659, 497, 433, 624, 128]  tape=1.558km B=8.76T unif=0.241% hoop=342MPa
  [ 180] viol   f=   1.713  a=52.0 b=73.2 gap=33.5 (face=39.1mm) n=[689, 527, 428, 818, 216, 537, 256]  tape=1.625km B=9.79T unif=0.393% hoop=308MPa
  [ 181] viol   f=   4.032  a=53.8 b=90.2 gap=30.7 (face=33.3mm) n=[855, 432, 614, 899, 57, 53, 128]  tape=1.613km B=8.90T unif=0.672% hoop=258MPa
  [ 182] viol   f=  11.739  a=54.1 b=93.8 gap=37.6 (face=47.2mm) n=[541, 567, 293, 842, 271, 427, 298]  tape=1.844km B=7.78T unif=0.370% hoop=319MPa
  [ 183] INFEAS f=8784.639  a=28.4 b=61.0 gap=27.6 (face=27.1mm) n=[718, 584, 871, 900, 243, 493, 534]  no evaluation (geometry pre-check)
  [ 184] viol   f=   5.634  a=57.9 b=89.5 gap=27.1 (face=26.2mm) n=[676, 469, 118, 856, 139, 271, 430]  tape=1.647km B=8.59T unif=0.776% hoop=309MPa
  [ 185] INFEAS f=4301.215  a=64.5 b=60.4 gap=34.9 (face=41.8mm) n=[339, 579, 794, 738, 251, 188, 220]  no evaluation (geometry pre-check)
  [ 186] viol   f=   5.086  a=59.1 b=79.9 gap=24.6 (face=21.3mm) n=[74, 850, 799, 470, 324, 525, 553]  tape=1.819km B=10.94T unif=1.128% hoop=356MPa
  [ 187] OK     f=   1.526  a=39.1 b=85.1 gap=27.2 (face=26.3mm) n=[337, 705, 897, 838, 112, 164, 124]  tape=1.526km B=10.58T unif=0.805% hoop=224MPa
  [ 188] viol   f=   5.435  a=51.2 b=86.7 gap=28.0 (face=27.9mm) n=[361, 589, 495, 535, 53, 837, 110]  tape=1.563km B=8.61T unif=0.602% hoop=329MPa
  [ 189] OK     f=   1.949  a=49.6 b=88.5 gap=21.5 (face=14.9mm) n=[548, 399, 500, 900, 194, 570, 497]  tape=1.949km B=11.07T unif=0.760% hoop=400MPa
  [ 190] OK     f=   1.683  a=48.3 b=86.4 gap=29.5 (face=30.9mm) n=[507, 608, 759, 759, 111, 601, 110]  tape=1.683km B=10.41T unif=0.566% hoop=271MPa
  [ 191] viol   f=   7.737  a=42.9 b=104.9 gap=27.5 (face=27.0mm) n=[50, 620, 704, 756, 50, 125, 294]  tape=1.441km B=8.23T unif=0.555% hoop=199MPa
  [ 192] INFEAS f=1245.933  a=35.3 b=73.0 gap=25.3 (face=22.6mm) n=[761, 300, 665, 900, 204, 320, 340]  no evaluation (geometry pre-check)
  [ 193] viol   f=  16.257  a=58.3 b=84.4 gap=19.3 (face=10.6mm) n=[135, 551, 635, 760, 223, 516, 214]  tape=1.579km B=9.92T unif=1.271% hoop=377MPa
  [ 194] OK     f=   2.114  a=40.1 b=99.6 gap=22.9 (face=17.8mm) n=[220, 899, 849, 451, 338, 569, 524]  tape=2.114km B=13.28T unif=0.834% hoop=319MPa
  [ 195] INFEAS f=6462.624  a=29.7 b=104.3 gap=32.0 (face=36.0mm) n=[272, 899, 669, 496, 202, 284, 157]  no evaluation (geometry pre-check)
  [ 196] OK     f=   1.802  a=38.9 b=96.7 gap=25.9 (face=23.8mm) n=[342, 791, 798, 710, 322, 373, 142]  tape=1.802km B=11.63T unif=0.806% hoop=249MPa
  [ 197] viol   f=   2.740  a=58.1 b=85.9 gap=31.4 (face=34.8mm) n=[56, 653, 895, 876, 131, 303, 375]  tape=1.730km B=9.29T unif=0.518% hoop=287MPa
  [ 198] viol   f=   6.494  a=50.0 b=104.0 gap=41.5 (face=55.0mm) n=[244, 768, 859, 778, 202, 385, 583]  tape=2.204km B=8.54T unif=0.348% hoop=257MPa
  [ 199] INFEAS f=7974.803  a=27.5 b=67.8 gap=33.1 (face=38.1mm) n=[545, 505, 542, 864, 371, 597, 171]  no evaluation (geometry pre-check)
  [ 200] OK     f=   2.051  a=60.5 b=93.1 gap=24.8 (face=21.6mm) n=[314, 774, 879, 763, 283, 622, 50]  tape=2.051km B=11.13T unif=0.915% hoop=371MPa
  [ 201] OK     f=   1.850  a=52.0 b=97.5 gap=22.9 (face=17.8mm) n=[92, 869, 898, 774, 91, 213, 414]  tape=1.850km B=11.16T unif=0.745% hoop=282MPa
  [ 202] OK     f=   2.208  a=49.5 b=115.7 gap=20.3 (face=12.7mm) n=[359, 847, 894, 421, 213, 589, 155]  tape=2.208km B=11.43T unif=0.529% hoop=352MPa
  [ 203] INFEAS f=64012.659  a=11.9 b=86.1 gap=23.7 (face=19.3mm) n=[590, 873, 525, 796, 246, 715, 50]  no evaluation (geometry pre-check)
  [ 204] viol   f=   4.617  a=50.3 b=81.6 gap=35.7 (face=43.4mm) n=[103, 853, 686, 682, 264, 424, 307]  tape=1.655km B=8.78T unif=0.340% hoop=272MPa
  [ 205] OK     f=   2.221  a=56.7 b=102.7 gap=34.2 (face=40.4mm) n=[696, 784, 596, 729, 266, 632, 168]  tape=2.221km B=10.12T unif=0.499% hoop=335MPa
  [ 206] OK     f=   2.174  a=36.9 b=114.9 gap=20.6 (face=13.2mm) n=[342, 753, 775, 821, 337, 621, 86]  tape=2.174km B=13.91T unif=0.470% hoop=283MPa
  [ 207] OK     f=   1.874  a=49.9 b=97.0 gap=27.9 (face=27.8mm) n=[283, 849, 790, 859, 241, 132, 283]  tape=1.874km B=10.69T unif=0.632% hoop=270MPa
  [ 208] OK     f=   2.318  a=51.1 b=104.0 gap=27.5 (face=27.0mm) n=[214, 712, 889, 899, 80, 872, 430]  tape=2.318km B=12.00T unif=0.568% hoop=307MPa
  [ 209] viol   f=   8.805  a=49.3 b=104.1 gap=29.8 (face=31.5mm) n=[197, 453, 748, 900, 201, 198, 232]  tape=1.759km B=8.12T unif=0.504% hoop=344MPa
  [ 210] viol   f=   2.991  a=58.9 b=91.2 gap=22.1 (face=16.3mm) n=[510, 887, 862, 632, 225, 713, 251]  tape=2.227km B=12.58T unif=1.062% hoop=400MPa
  [ 211] OK     f=   2.169  a=50.6 b=109.7 gap=21.6 (face=15.2mm) n=[261, 877, 717, 867, 265, 438, 166]  tape=2.169km B=11.66T unif=0.591% hoop=328MPa
  [ 212] viol   f=   4.189  a=55.5 b=83.5 gap=23.5 (face=19.0mm) n=[119, 788, 474, 606, 164, 126, 549]  tape=1.456km B=8.99T unif=1.060% hoop=315MPa
  [ 213] INFEAS f=1033.869  a=36.0 b=101.1 gap=21.8 (face=15.5mm) n=[261, 827, 731, 896, 188, 135, 146]  no evaluation (geometry pre-check)
  [ 214] OK     f=   1.809  a=52.3 b=110.1 gap=21.4 (face=14.8mm) n=[107, 883, 808, 825, 67, 177, 160]  tape=1.809km B=10.16T unif=0.598% hoop=263MPa
  [ 215] viol   f=  15.171  a=61.3 b=72.2 gap=27.3 (face=26.6mm) n=[149, 408, 647, 737, 191, 82, 128]  tape=1.126km B=7.35T unif=0.843% hoop=266MPa
  [ 216] viol   f=   4.909  a=53.2 b=119.2 gap=24.6 (face=21.3mm) n=[170, 761, 832, 336, 200, 204, 488]  tape=1.967km B=8.79T unif=0.471% hoop=343MPa
  [ 217] INFEAS f=1013.997  a=34.6 b=85.6 gap=34.0 (face=40.0mm) n=[439, 852, 841, 72, 222, 52, 848]  no evaluation (geometry pre-check)
  [ 218] INFEAS f=3193.119  a=32.3 b=103.4 gap=24.6 (face=21.2mm) n=[144, 899, 598, 739, 480, 343, 268]  no evaluation (geometry pre-check)
  [ 219] viol   f=  15.015  a=82.9 b=120.6 gap=17.9 (face=7.7mm) n=[59, 896, 605, 812, 172, 287, 587]  tape=2.478km B=7.50T unif=0.838% hoop=400MPa
  [ 220] OK     f=   1.820  a=45.6 b=96.7 gap=21.7 (face=15.4mm) n=[214, 800, 749, 535, 278, 110, 752]  tape=1.820km B=11.84T unif=0.522% hoop=289MPa
  [ 221] OK     f=   2.175  a=44.1 b=117.5 gap=23.9 (face=19.8mm) n=[97, 624, 813, 672, 277, 550, 474]  tape=2.175km B=10.57T unif=0.429% hoop=276MPa
  [ 222] viol   f=  16.722  a=55.0 b=86.9 gap=17.8 (face=7.6mm) n=[290, 866, 704, 523, 96, 536, 466]  tape=1.858km B=11.70T unif=1.273% hoop=396MPa
  [ 223] OK     f=   2.071  a=48.1 b=116.5 gap=18.4 (face=8.9mm) n=[189, 882, 568, 434, 101, 347, 713]  tape=2.071km B=10.34T unif=0.439% hoop=351MPa
  [ 224] viol   f=   1.779  a=42.6 b=118.0 gap=20.4 (face=12.7mm) n=[105, 675, 732, 620, 261, 160, 104]  tape=1.619km B=9.72T unif=0.378% hoop=232MPa
  [ 225] OK     f=   2.490  a=57.5 b=128.9 gap=21.1 (face=14.1mm) n=[556, 864, 899, 682, 177, 317, 81]  tape=2.490km B=10.80T unif=0.526% hoop=396MPa
  [ 226] OK     f=   2.040  a=47.0 b=113.0 gap=25.0 (face=22.0mm) n=[357, 740, 520, 216, 733, 491, 325]  tape=2.040km B=10.41T unif=0.428% hoop=312MPa
  [ 227] viol   f=   5.970  a=69.8 b=99.9 gap=18.8 (face=9.6mm) n=[73, 736, 584, 873, 316, 285, 410]  tape=2.035km B=8.78T unif=1.068% hoop=400MPa
  [ 228] OK     f=   1.657  a=38.1 b=109.6 gap=18.3 (face=8.7mm) n=[107, 607, 697, 436, 430, 334, 280]  tape=1.657km B=11.02T unif=0.426% hoop=307MPa
  [ 229] OK     f=   2.170  a=45.7 b=119.5 gap=21.0 (face=14.0mm) n=[114, 756, 700, 870, 412, 193, 362]  tape=2.170km B=11.13T unif=0.331% hoop=302MPa
  [ 230] OK     f=   2.288  a=41.7 b=109.8 gap=23.4 (face=18.8mm) n=[52, 888, 893, 547, 316, 527, 738]  tape=2.288km B=12.74T unif=0.625% hoop=275MPa
  [ 231] viol   f=   3.474  a=39.9 b=114.9 gap=23.4 (face=18.8mm) n=[103, 885, 342, 245, 662, 493, 205]  tape=1.829km B=9.09T unif=0.604% hoop=241MPa
  [ 232] INFEAS f=14474.566  a=25.6 b=105.6 gap=27.0 (face=26.1mm) n=[65, 897, 445, 407, 505, 358, 143]  no evaluation (geometry pre-check)
  [ 233] viol   f=  12.200  a=60.8 b=118.7 gap=21.5 (face=15.0mm) n=[587, 569, 800, 88, 244, 204, 188]  tape=1.808km B=7.72T unif=0.651% hoop=397MPa
  [ 234] INFEAS f=1232.631  a=34.6 b=102.5 gap=18.9 (face=9.9mm) n=[241, 761, 882, 74, 377, 164, 142]  no evaluation (geometry pre-check)
  [ 235] INFEAS f=2788.357  a=32.4 b=133.7 gap=25.3 (face=22.5mm) n=[159, 686, 890, 632, 419, 210, 609]  no evaluation (geometry pre-check)
  [ 236] OK     f=   2.359  a=46.5 b=107.3 gap=27.8 (face=27.5mm) n=[571, 873, 804, 422, 899, 53, 462]  tape=2.359km B=12.04T unif=0.541% hoop=305MPa
  [ 237] viol   f=  15.503  a=44.3 b=131.1 gap=23.4 (face=18.7mm) n=[69, 665, 475, 289, 392, 332, 87]  tape=1.564km B=7.36T unif=0.361% hoop=262MPa
  [ 238] INFEAS f=5668.810  a=25.5 b=117.3 gap=17.1 (face=6.1mm) n=[415, 773, 486, 444, 479, 175, 227]  no evaluation (geometry pre-check)
  [ 239] viol   f=   7.694  a=63.0 b=102.3 gap=37.1 (face=46.2mm) n=[454, 797, 786, 121, 186, 502, 638]  tape=2.071km B=8.32T unif=0.414% hoop=295MPa
  [ 240] OK     f=   2.346  a=49.3 b=101.7 gap=26.6 (face=25.2mm) n=[557, 655, 731, 783, 360, 585, 557]  tape=2.346km B=12.79T unif=0.540% hoop=365MPa
  [ 241] OK     f=   2.284  a=38.4 b=111.7 gap=27.3 (face=26.6mm) n=[180, 734, 881, 797, 352, 318, 651]  tape=2.284km B=11.65T unif=0.574% hoop=280MPa
  [ 242] viol   f=  17.773  a=53.5 b=106.6 gap=38.8 (face=49.6mm) n=[439, 599, 696, 373, 271, 138, 464]  tape=1.774km B=7.17T unif=0.376% hoop=274MPa
  [ 243] OK     f=   2.466  a=56.3 b=94.3 gap=39.8 (face=51.6mm) n=[212, 712, 837, 894, 712, 856, 339]  tape=2.466km B=10.48T unif=0.184% hoop=323MPa
  [ 244] OK     f=   1.903  a=47.0 b=95.4 gap=19.7 (face=11.4mm) n=[412, 894, 649, 599, 172, 113, 609]  tape=1.903km B=11.75T unif=0.788% hoop=348MPa
  [ 245] viol   f=   5.161  a=61.1 b=88.5 gap=36.8 (face=45.5mm) n=[397, 640, 616, 341, 829, 312, 518]  tape=2.018km B=8.75T unif=0.317% hoop=363MPa
  [ 246] viol   f=   7.625  a=66.3 b=96.5 gap=18.9 (face=9.8mm) n=[296, 887, 644, 740, 455, 188, 415]  tape=2.176km B=9.77T unif=1.163% hoop=400MPa
  [ 247] viol   f=  11.161  a=65.0 b=140.8 gap=19.3 (face=10.7mm) n=[511, 385, 503, 322, 744, 327, 849]  tape=2.813km B=7.96T unif=0.391% hoop=400MPa
  [ 248] viol   f=   4.905  a=48.2 b=120.7 gap=23.3 (face=18.6mm) n=[51, 526, 640, 377, 865, 517, 131]  tape=2.036km B=8.80T unif=0.366% hoop=305MPa
  [ 249] viol   f=  11.604  a=63.1 b=114.6 gap=21.4 (face=14.8mm) n=[74, 893, 436, 276, 679, 260, 348]  tape=2.006km B=7.81T unif=0.683% hoop=339MPa
  [ 250] OK     f=   1.928  a=51.1 b=98.0 gap=17.3 (face=6.5mm) n=[279, 551, 842, 530, 745, 240, 218]  tape=1.928km B=11.38T unif=0.823% hoop=391MPa
  [ 251] INFEAS f=1994.495  a=89.5 b=89.5 gap=24.3 (face=20.5mm) n=[428, 765, 899, 862, 339, 335, 625]  no evaluation (geometry pre-check)
  [ 252] viol   f=   7.422  a=66.7 b=102.6 gap=20.1 (face=12.2mm) n=[469, 589, 567, 314, 678, 361, 247]  tape=1.944km B=8.34T unif=0.974% hoop=400MPa
  [ 253] INFEAS f=6460.888  a=27.0 b=126.7 gap=15.7 (face=3.4mm) n=[461, 640, 826, 685, 105, 131, 511]  no evaluation (geometry pre-check)
  [ 254] viol   f=   1.681  a=55.8 b=74.4 gap=24.5 (face=21.0mm) n=[114, 647, 895, 452, 321, 206, 515]  tape=1.568km B=9.76T unif=0.920% hoop=324MPa
  [ 255] viol   f=   2.688  a=49.7 b=68.6 gap=20.4 (face=12.8mm) n=[282, 886, 359, 872, 282, 342, 584]  tape=1.613km B=13.13T unif=1.073% hoop=335MPa
  [ 256] OK     f=   2.273  a=57.9 b=97.5 gap=30.7 (face=33.4mm) n=[153, 830, 305, 494, 888, 749, 564]  tape=2.273km B=10.37T unif=0.496% hoop=347MPa
  [ 257] OK     f=   2.270  a=57.8 b=110.8 gap=19.7 (face=11.3mm) n=[265, 621, 800, 881, 86, 225, 793]  tape=2.270km B=11.05T unif=0.658% hoop=384MPa
  [ 258] viol   f= 123.555  a=54.4 b=73.1 gap=18.1 (face=8.2mm) n=[474, 608, 518, 532, 651, 316, 274]  tape=1.511km B=12.07T unif=1.781% hoop=400MPa
  [ 259] OK     f=   1.944  a=52.2 b=105.8 gap=19.8 (face=11.7mm) n=[79, 666, 649, 447, 759, 407, 314]  tape=1.944km B=10.43T unif=0.687% hoop=344MPa
  [ 260] viol   f=   2.485  a=61.8 b=95.5 gap=22.3 (face=16.6mm) n=[620, 882, 723, 565, 696, 377, 441]  tape=2.480km B=11.35T unif=1.005% hoop=400MPa
  [ 261] OK     f=   2.508  a=68.8 b=94.9 gap=33.5 (face=39.1mm) n=[446, 880, 816, 895, 262, 317, 730]  tape=2.508km B=10.78T unif=0.502% hoop=380MPa
  [ 262] OK     f=   1.651  a=41.3 b=91.2 gap=21.9 (face=15.8mm) n=[56, 761, 703, 716, 329, 356, 395]  tape=1.651km B=12.03T unif=0.675% hoop=291MPa
  [ 263] viol   f=   3.907  a=47.0 b=126.2 gap=28.1 (face=28.2mm) n=[249, 891, 447, 420, 396, 342, 734]  tape=2.379km B=9.13T unif=0.413% hoop=390MPa
  [ 264] OK     f=   2.536  a=64.0 b=92.4 gap=36.6 (face=45.3mm) n=[514, 546, 754, 900, 846, 198, 814]  tape=2.536km B=10.57T unif=0.239% hoop=400MPa
  [ 265] OK     f=   2.712  a=65.1 b=116.3 gap=21.3 (face=14.6mm) n=[406, 761, 746, 880, 421, 201, 677]  tape=2.712km B=10.42T unif=0.675% hoop=400MPa
  [ 266] OK     f=   1.997  a=38.7 b=105.5 gap=17.8 (face=7.6mm) n=[68, 895, 807, 737, 207, 301, 550]  tape=1.997km B=14.10T unif=0.607% hoop=276MPa
  [ 267] INFEAS f=1135.232  a=73.6 b=76.7 gap=37.9 (face=47.9mm) n=[505, 686, 485, 899, 510, 499, 312]  no evaluation (geometry pre-check)
  [ 268] viol   f=   2.889  a=73.2 b=95.6 gap=30.5 (face=33.0mm) n=[509, 897, 558, 826, 641, 422, 153]  tape=2.420km B=9.52T unif=0.776% hoop=400MPa
  [ 269] viol   f=  15.639  a=48.9 b=73.8 gap=19.1 (face=10.1mm) n=[317, 865, 658, 509, 607, 246, 718]  tape=1.809km B=14.13T unif=1.263% hoop=383MPa
  [ 270] OK     f=   1.603  a=38.2 b=89.6 gap=17.7 (face=7.4mm) n=[544, 531, 683, 692, 63, 394, 459]  tape=1.603km B=13.64T unif=0.602% hoop=295MPa
  [ 271] OK     f=   2.361  a=42.2 b=107.8 gap=20.8 (face=13.6mm) n=[284, 788, 680, 812, 236, 592, 827]  tape=2.361km B=14.39T unif=0.352% hoop=317MPa
  [ 272] OK     f=   1.979  a=37.3 b=107.5 gap=15.6 (face=3.2mm) n=[77, 686, 888, 862, 413, 101, 497]  tape=1.979km B=14.40T unif=0.823% hoop=284MPa
  [ 273] viol   f= 400.653  a=30.2 b=92.5 gap=18.1 (face=8.3mm) n=[696, 358, 709, 646, 96, 538, 64]  tape=1.451km B=14.68T unif=2.413% hoop=223MPa
  [ 274] OK     f=   1.484  a=38.2 b=73.5 gap=19.4 (face=10.7mm) n=[473, 438, 719, 612, 173, 76, 879]  tape=1.484km B=12.07T unif=0.963% hoop=324MPa
  [ 275] OK     f=   1.655  a=44.0 b=84.3 gap=21.1 (face=14.3mm) n=[465, 242, 677, 657, 560, 527, 400]  tape=1.655km B=12.74T unif=0.863% hoop=305MPa
  [ 276] viol   f=  17.033  a=38.2 b=74.2 gap=19.7 (face=11.3mm) n=[302, 765, 657, 632, 50, 94, 421]  tape=1.249km B=12.15T unif=1.281% hoop=236MPa
  [ 277] OK     f=   1.867  a=45.6 b=78.5 gap=20.9 (face=13.8mm) n=[648, 428, 655, 891, 487, 517, 244]  tape=1.867km B=13.27T unif=0.997% hoop=376MPa
  [ 278] OK     f=   2.030  a=49.6 b=100.8 gap=30.0 (face=31.9mm) n=[326, 889, 807, 740, 118, 250, 432]  tape=2.030km B=10.33T unif=0.588% hoop=281MPa
  [ 279] INFEAS f=2445.003  a=32.3 b=104.7 gap=17.3 (face=6.7mm) n=[335, 687, 865, 878, 224, 295, 450]  no evaluation (geometry pre-check)
  [ 280] OK     f=   1.694  a=32.3 b=100.1 gap=19.1 (face=10.2mm) n=[516, 580, 640, 711, 78, 604, 223]  tape=1.694km B=13.91T unif=0.383% hoop=242MPa  [a=62 b=147 nt=2956] KSP converged reason: 4, iterations: 1
  [a=113 b=122 nt=2529] KSP converged reason: 4, iterations: 1
  [a=39 b=113 nt=2731] KSP converged reason: 4, iterations: 1
  [a=77 b=129 nt=4251] KSP converged reason: 4, iterations: 1
  [a=56 b=133 nt=4046] KSP converged reason: 4, iterations: 1
  [a=66 b=154 nt=3206] KSP converged reason: 4, iterations: 1
  [a=67 b=129 nt=3439] KSP converged reason: 4, iterations: 1
  [a=58 b=157 nt=2560] KSP converged reason: 4, iterations: 1
  [a=43 b=196 nt=2754] KSP converged reason: 4, iterations: 1
  [a=51 b=96 nt=4241] KSP converged reason: 4, iterations: 1
  [a=74 b=118 nt=4279] KSP converged reason: 4, iterations: 1
  [a=67 b=112 nt=3263] KSP converged reason: 4, iterations: 1
  [a=52 b=123 nt=3117] KSP converged reason: 4, iterations: 1
  [a=73 b=145 nt=3817] KSP converged reason: 4, iterations: 1
  [a=46 b=114 nt=3453] KSP converged reason: 4, iterations: 1
  [a=51 b=129 nt=3719] KSP converged reason: 4, iterations: 1
  [a=73 b=127 nt=2988] KSP converged reason: 4, iterations: 1
  [a=51 b=122 nt=3551] KSP converged reason: 4, iterations: 1
  [a=32 b=102 nt=3815] KSP converged reason: 4, iterations: 1
  [a=50 b=91 nt=3632] KSP converged reason: 4, iterations: 1
  [a=56 b=100 nt=2745] KSP converged reason: 4, iterations: 1
  [a=72 b=97 nt=4053] KSP converged reason: 4, iterations: 1
  [a=50 b=98 nt=2846] KSP converged reason: 4, iterations: 1
  [a=63 b=70 nt=3370] KSP converged reason: 4, iterations: 1
  [a=59 b=80 nt=3595] KSP converged reason: 4, iterations: 1
  [a=40 b=100 nt=3850] KSP converged reason: 4, iterations: 1
  [a=50 b=82 nt=3319] KSP converged reason: 4, iterations: 1
  [a=51 b=104 nt=4096] KSP converged reason: 4, iterations: 1
  [a=53 b=119 nt=2991] KSP converged reason: 4, iterations: 1
  [a=48 b=116 nt=3234] KSP converged reason: 4, iterations: 1
  [a=38 b=110 nt=2891] KSP converged reason: 4, iterations: 1
  [a=44 b=131 nt=2309] KSP converged reason: 4, iterations: 1
  [a=56 b=94 nt=4562] KSP converged reason: 4, iterations: 1
  [a=67 b=103 nt=3225] KSP converged reason: 4, iterations: 1
  [a=47 b=126 nt=3479] KSP converged reason: 4, iterations: 1
  [a=49 b=74 nt=3920] KSP converged reason: 4, iterations: 1
  [a=38 b=74 nt=3370] KSP converged reason: 4, iterations: 1
  [a=50 b=101 nt=3562] KSP converged reason: 4, iterations: 1
  [a=36 b=64 nt=3756] KSP converged reason: 4, iterations: 1
  [a=57 b=75 nt=3485] KSP converged reason: 4, iterations: 1
  [a=43 b=94 nt=2560] KSP converged reason: 4, iterations: 1
  [a=83 b=126 nt=3069] KSP converged reason: 4, iterations: 1
  [a=76 b=97 nt=1814] KSP converged reason: 4, iterations: 1
  [a=68 b=128 nt=3729] KSP converged reason: 4, iterations: 1
  [a=71 b=134 nt=3752] KSP converged reason: 4, iterations: 1
  [a=50 b=71 nt=2708] KSP converged reason: 4, iterations: 1
  [a=103 b=126 nt=3535] KSP converged reason: 4, iterations: 1
  [a=68 b=128 nt=3433] KSP converged reason: 4, iterations: 1
  [a=66 b=164 nt=3452] KSP converged reason: 4, iterations: 1
  [a=88 b=156 nt=3939] KSP converged reason: 4, iterations: 1
  [a=75 b=122 nt=3161] KSP converged reason: 4, iterations: 1
  [a=56 b=149 nt=3114] KSP converged reason: 4, iterations: 1
  [a=41 b=126 nt=3986] KSP converged reason: 4, iterations: 1
  [a=52 b=158 nt=3820] KSP converged reason: 4, iterations: 1
  [a=59 b=179 nt=3764] KSP converged reason: 4, iterations: 1
  [a=89 b=107 nt=3770] KSP converged reason: 4, iterations: 1
  [a=71 b=114 nt=2735] KSP converged reason: 4, iterations: 1
  [a=48 b=132 nt=4086] KSP converged reason: 4, iterations: 1
  [a=60 b=89 nt=2354] KSP converged reason: 4, iterations: 1
  [a=50 b=104 nt=3364] KSP converged reason: 4, iterations: 1
  [a=48 b=118 nt=2758] KSP converged reason: 4, iterations: 1
  [a=55 b=103 nt=3085] KSP converged reason: 4, iterations: 1
  [a=43 b=145 nt=3523] KSP converged reason: 4, iterations: 1
  [a=64 b=73 nt=3492] KSP converged reason: 4, iterations: 1
  [a=69 b=118 nt=3206] KSP converged reason: 4, iterations: 1
  [a=65 b=112 nt=3631] KSP converged reason: 4, iterations: 1
  [a=66 b=115 nt=3043] KSP converged reason: 4, iterations: 1
  [a=49 b=72 nt=3688] KSP converged reason: 4, iterations: 1
  [a=52 b=73 nt=3471] KSP converged reason: 4, iterations: 1
  [a=58 b=90 nt=2959] KSP converged reason: 4, iterations: 1
  [a=48 b=86 nt=3455] KSP converged reason: 4, iterations: 1
  [a=39 b=97 nt=3478] KSP converged reason: 4, iterations: 1
  [a=50 b=97 nt=3437] KSP converged reason: 4, iterations: 1
  [a=51 b=110 nt=3591] KSP converged reason: 4, iterations: 1
  [a=43 b=118 nt=2657] KSP converged reason: 4, iterations: 1
  [a=70 b=100 nt=3277] KSP converged reason: 4, iterations: 1
  [a=49 b=102 nt=4228] KSP converged reason: 4, iterations: 1
  [a=66 b=97 nt=3625] KSP converged reason: 4, iterations: 1
  [a=63 b=115 nt=2966] KSP converged reason: 4, iterations: 1
  [a=56 b=74 nt=3150] KSP converged reason: 4, iterations: 1
  [a=52 b=106 nt=3321] KSP converged reason: 4, iterations: 1
  [a=65 b=116 nt=4092] KSP converged reason: 4, iterations: 1
  [a=37 b=108 nt=3524] KSP converged reason: 4, iterations: 1
  [a=44 b=107 nt=3622] KSP converged reason: 4, iterations: 1
  [a=52 b=87 nt=2479] KSP converged reason: 4, iterations: 1
  [a=30 b=106 nt=2900] KSP converged reason: 4, iterations: 1
  [a=19 b=103 nt=1652] KSP converged reason: 4, iterations: 1
  [a=65 b=105 nt=3437] KSP converged reason: 4, iterations: 1
  [a=55 b=144 nt=3137] KSP converged reason: 4, iterations: 1
  [a=56 b=162 nt=2958] KSP converged reason: 4, iterations: 1
  [a=99 b=122 nt=3524] KSP converged reason: 4, iterations: 1
  [a=51 b=141 nt=3215] KSP converged reason: 4, iterations: 1
  [a=56 b=120 nt=3694] KSP converged reason: 4, iterations: 1
  [a=46 b=147 nt=3681] KSP converged reason: 4, iterations: 1
  [a=41 b=168 nt=3498] KSP converged reason: 4, iterations: 1
  [a=51 b=157 nt=4068] KSP converged reason: 4, iterations: 1
  [a=36 b=108 nt=3162] KSP converged reason: 4, iterations: 1
  [a=68 b=138 nt=4403] KSP converged reason: 4, iterations: 1
  [a=46 b=102 nt=3993] KSP converged reason: 4, iterations: 1
  [a=39 b=120 nt=4349] KSP converged reason: 4, iterations: 1
  [a=55 b=98 nt=3568] KSP converged reason: 4, iterations: 1
  [a=51 b=144 nt=3947] KSP converged reason: 4, iterations: 1
  [a=41 b=128 nt=3371] KSP converged reason: 4, iterations: 1
  [a=62 b=105 nt=3797] KSP converged reason: 4, iterations: 1
  [a=74 b=91 nt=3569] KSP converged reason: 4, iterations: 1
  [a=65 b=113 nt=3032] KSP converged reason: 4, iterations: 1
  [a=49 b=105 nt=3204] KSP converged reason: 4, iterations: 1
  [a=46 b=81 nt=2948] KSP converged reason: 4, iterations: 1
  [a=59 b=103 nt=4149] KSP converged reason: 4, iterations: 1
  [a=62 b=80 nt=3797] KSP converged reason: 4, iterations: 1
  [a=51 b=87 nt=2980] KSP converged reason: 4, iterations: 1
  [a=43 b=105 nt=2599] KSP converged reason: 4, iterations: 1
  [a=61 b=93 nt=3685] KSP converged reason: 4, iterations: 1
  [a=37 b=115 nt=3735] KSP converged reason: 4, iterations: 1
  [a=55 b=83 nt=2826] KSP converged reason: 4, iterations: 1
  [a=44 b=118 nt=3507] KSP converged reason: 4, iterations: 1
  [a=40 b=115 nt=2935] KSP converged reason: 4, iterations: 1
  [a=54 b=107 nt=2980] KSP converged reason: 4, iterations: 1
  [a=51 b=98 nt=3405] KSP converged reason: 4, iterations: 1
  [a=50 b=69 nt=3607] KSP converged reason: 4, iterations: 1
  [a=62 b=95 nt=4304] KSP converged reason: 4, iterations: 1
  [a=39 b=106 nt=3565] KSP converged reason: 4, iterations: 1
  [a=73 b=96 nt=4006] KSP converged reason: 4, iterations: 1
  [a=38 b=74 nt=2921] KSP converged reason: 4, iterations: 1
  [a=46 b=78 nt=3870] KSP converged reason: 4, iterations: 1
  [a=43 b=83 nt=2704] KSP converged reason: 4, iterations: 1
  [a=40 b=105 nt=3046] KSP converged reason: 4, iterations: 1
  [a=57 b=121 nt=3054] KSP converged reason: 4, iterations: 1
  [a=59 b=152 nt=3098] KSP converged reason: 4, iterations: 1
  [a=73 b=116 nt=3781] KSP converged reason: 4, iterations: 1
  [a=70 b=138 nt=3330] KSP converged reason: 4, iterations: 1
  [a=69 b=147 nt=3601] KSP converged reason: 4, iterations: 1
  [a=68 b=143 nt=3993] KSP converged reason: 4, iterations: 1
  [a=70 b=165 nt=4232] KSP converged reason: 4, iterations: 1
  [a=75 b=137 nt=4193] KSP converged reason: 4, iterations: 1
  [a=36 b=143 nt=4023] KSP converged reason: 4, iterations: 1
  [a=41 b=108 nt=3449] KSP converged reason: 4, iterations: 1
  [a=43 b=85 nt=3342] KSP converged reason: 4, iterations: 1
  [a=67 b=96 nt=2919] KSP converged reason: 4, iterations: 1
  [a=75 b=118 nt=3291] KSP converged reason: 4, iterations: 1
  [a=45 b=133 nt=3949] KSP converged reason: 4, iterations: 1
  [a=46 b=97 nt=3933] KSP converged reason: 4, iterations: 1
  [a=76 b=115 nt=4179] KSP converged reason: 4, iterations: 1
  [a=41 b=127 nt=3109] KSP converged reason: 4, iterations: 1
  [a=74 b=106 nt=3358] KSP converged reason: 4, iterations: 1
  [a=48 b=74 nt=3521] KSP converged reason: 4, iterations: 1
  [a=53 b=108 nt=3780] KSP converged reason: 4, iterations: 1
  [a=47 b=80 nt=3328] KSP converged reason: 4, iterations: 1
  [a=67 b=123 nt=3824] KSP converged reason: 4, iterations: 1
  [a=65 b=80 nt=3388] KSP converged reason: 4, iterations: 1
  [a=49 b=99 nt=3226] KSP converged reason: 4, iterations: 1
  [a=39 b=85 nt=3177] KSP converged reason: 4, iterations: 1
  [a=50 b=88 nt=3608] KSP converged reason: 4, iterations: 1
  [a=50 b=104 nt=3819] KSP converged reason: 4, iterations: 1
  [a=57 b=103 nt=3871] KSP converged reason: 4, iterations: 1
  [a=61 b=72 nt=2342] KSP converged reason: 4, iterations: 1
  [a=46 b=97 nt=3438] KSP converged reason: 4, iterations: 1
  [a=47 b=113 nt=3382] KSP converged reason: 4, iterations: 1
  [a=42 b=110 nt=3961] KSP converged reason: 4, iterations: 1
  [a=46 b=107 nt=4084] KSP converged reason: 4, iterations: 1
  [a=61 b=89 nt=3653] KSP converged reason: 4, iterations: 1
  [a=48 b=121 nt=3107] KSP converged reason: 4, iterations: 1
  [a=54 b=73 nt=3373] KSP converged reason: 4, iterations: 1
  [a=69 b=95 nt=4346] KSP converged reason: 4, iterations: 1
  [a=42 b=108 nt=4219] KSP converged reason: 4, iterations: 1
  [a=37 b=62 nt=3206] KSP converged reason: 4, iterations: 1
  [a=42 b=59 nt=3975] KSP converged reason: 4, iterations: 1
  [a=47 b=87 nt=2175] KSP converged reason: 4, iterations: 1
  [a=45 b=84 nt=3858] KSP converged reason: 4, iterations: 1
  [a=79 b=131 nt=3266] KSP converged reason: 4, iterations: 1
  [a=38 b=114 nt=2847] KSP converged reason: 4, iterations: 1
  [a=44 b=151 nt=2861] KSP converged reason: 4, iterations: 1
  [a=83 b=149 nt=3886] KSP converged reason: 4, iterations: 1
  [a=76 b=124 nt=3446] KSP converged reason: 4, iterations: 1
  [a=53 b=152 nt=4030] KSP converged reason: 4, iterations: 1
  [a=52 b=138 nt=3786] KSP converged reason: 4, iterations: 1
  [a=69 b=131 nt=3460] KSP converged reason: 4, iterations: 1
  [a=61 b=157 nt=4533] KSP converged reason: 4, iterations: 1
  [a=63 b=123 nt=3480] KSP converged reason: 4, iterations: 1
  [a=50 b=114 nt=4282] KSP converged reason: 4, iterations: 1
  [a=73 b=126 nt=3558] KSP converged reason: 4, iterations: 1
  [a=70 b=121 nt=2895] KSP converged reason: 4, iterations: 1
  [a=53 b=129 nt=4580] KSP converged reason: 4, iterations: 1
  [a=61 b=130 nt=4390] KSP converged reason: 4, iterations: 1
  [a=47 b=86 nt=3681] KSP converged reason: 4, iterations: 1
  [a=67 b=93 nt=3970] KSP converged reason: 4, iterations: 1
  [a=66 b=106 nt=3404] KSP converged reason: 4, iterations: 1
  [a=44 b=85 nt=4266] KSP converged reason: 4, iterations: 1
  [a=48 b=94 nt=4286] KSP converged reason: 4, iterations: 1
  [a=37 b=109 nt=3645] KSP converged reason: 4, iterations: 1
  [a=54 b=94 nt=3239] KSP converged reason: 4, iterations: 1
  [a=58 b=84 nt=3034] KSP converged reason: 4, iterations: 1
  [a=52 b=97 nt=3351] KSP converged reason: 4, iterations: 1
  [a=49 b=104 nt=2929] KSP converged reason: 4, iterations: 1
  [a=52 b=110 nt=3027] KSP converged reason: 4, iterations: 1
  [a=55 b=87 nt=3481] KSP converged reason: 4, iterations: 1
  [a=46 b=119 nt=3407] KSP converged reason: 4, iterations: 1
  [a=63 b=102 nt=3484] KSP converged reason: 4, iterations: 1
  [a=47 b=95 nt=3448] KSP converged reason: 4, iterations: 1
  [a=65 b=141 nt=3641] KSP converged reason: 4, iterations: 1
  [a=58 b=97 nt=3983] KSP converged reason: 4, iterations: 1
  [a=64 b=92 nt=4572] KSP converged reason: 4, iterations: 1
  [a=30 b=93 nt=3107] KSP converged reason: 4, iterations: 1
  [a=32 b=100 nt=3352] KSP converged reason: 4, iterations: 1
  [a=38 b=116 nt=3699] KSP converged reason: 4, iterations: 1
  [a=48 b=90 nt=1760] KSP converged reason: 4, iterations: 1
  [a=57 b=93 nt=3951] KSP converged reason: 4, iterations: 1
  [a=56 b=121 nt=3425] KSP converged reason: 4, iterations: 1
  [a=65 b=117 nt=3499] KSP converged reason: 4, iterations: 1
  [a=82 b=119 nt=3475] KSP converged reason: 4, iterations: 1
  [a=63 b=133 nt=3107] KSP converged reason: 4, iterations: 1
  [a=72 b=103 nt=3091] KSP converged reason: 4, iterations: 1
  [a=47 b=166 nt=3603] KSP converged reason: 4, iterations: 1
  [a=40 b=156 nt=3894] KSP converged reason: 4, iterations: 1
  [a=43 b=108 nt=3975] KSP converged reason: 4, iterations: 1
  [a=49 b=128 nt=2404] KSP converged reason: 4, iterations: 1
  [a=38 b=102 nt=3565] KSP converged reason: 4, iterations: 1
  [a=62 b=116 nt=4249] KSP converged reason: 4, iterations: 1
  [a=56 b=145 nt=4047] KSP converged reason: 4, iterations: 1
  [a=52 b=107 nt=3464] KSP converged reason: 4, iterations: 1
  [a=47 b=106 nt=3796] KSP converged reason: 4, iterations: 1
  [a=76 b=94 nt=4608] KSP converged reason: 4, iterations: 1
  [a=64 b=129 nt=3972] KSP converged reason: 4, iterations: 1
  [a=50 b=119 nt=3528] KSP converged reason: 4, iterations: 1
  [a=72 b=98 nt=3191] KSP converged reason: 4, iterations: 1
  [a=45 b=114 nt=3732] KSP converged reason: 4, iterations: 1
  [a=43 b=112 nt=3307] KSP converged reason: 4, iterations: 1
  [a=52 b=89 nt=3661] KSP converged reason: 4, iterations: 1
  [a=74 b=99 nt=3693] KSP converged reason: 4, iterations: 1
  [a=41 b=104 nt=3505] KSP converged reason: 4, iterations: 1
  [a=54 b=90 nt=3038] KSP converged reason: 4, iterations: 1
  [a=58 b=86 nt=3289] KSP converged reason: 4, iterations: 1
  [a=49 b=116 nt=3478] KSP converged reason: 4, iterations: 1
  [a=59 b=91 nt=4080] KSP converged reason: 4, iterations: 1
  [a=83 b=121 nt=3418] KSP converged reason: 4, iterations: 1
  [a=58 b=129 nt=3576] KSP converged reason: 4, iterations: 1
  [a=61 b=119 nt=2680] KSP converged reason: 4, iterations: 1
  [a=38 b=112 nt=3913] KSP converged reason: 4, iterations: 1
  [a=58 b=111 nt=3671] KSP converged reason: 4, iterations: 1
  [a=41 b=91 nt=3316] KSP converged reason: 4, iterations: 1
  [a=38 b=90 nt=3366] KSP converged reason: 4, iterations: 1
  [a=44 b=84 nt=3528] KSP converged reason: 4, iterations: 1
  [a=44 b=91 nt=3401] KSP converged reason: 4, iterations: 1
  [a=39 b=76 nt=2849] KSP converged reason: 4, iterations: 1
  [a=42 b=94 nt=2580] KSP converged reason: 4, iterations: 1
  [a=49 b=100 nt=3425] KSP converged reason: 4, iterations: 1

  [ 281] INFEAS f=9963.183  a=27.7 b=73.1 gap=21.3 (face=14.7mm) n=[279, 454, 794, 899, 221, 79, 863]  no evaluation (geometry pre-check)
  [ 282] INFEAS f=1246.990  a=35.3 b=76.1 gap=20.5 (face=13.0mm) n=[173, 256, 900, 219, 410, 247, 189]  no evaluation (geometry pre-check)
  [ 283] INFEAS f=5827.637  a=56.9 b=50.9 gap=20.5 (face=13.0mm) n=[602, 476, 854, 486, 220, 194, 519]  no evaluation (geometry pre-check)
  [ 284] OK     f=   2.043  a=44.2 b=106.7 gap=16.7 (face=5.4mm) n=[425, 495, 731, 745, 307, 153, 766]  tape=2.043km B=12.87T unif=0.558% hoop=368MPa
  [ 285] INFEAS f=11356.595  a=21.1 b=61.0 gap=19.4 (face=10.7mm) n=[424, 60, 741, 97, 79, 203, 220]  no evaluation (geometry pre-check)
  [ 286] OK     f=   1.678  a=43.5 b=91.3 gap=16.7 (face=5.5mm) n=[517, 558, 680, 593, 180, 226, 647]  tape=1.678km B=13.02T unif=0.890% hoop=347MPa
  [ 287] INFEAS f=8156.726  a=37.3 b=28.9 gap=18.5 (face=9.1mm) n=[751, 112, 898, 224, 112, 123, 482]  no evaluation (geometry pre-check)
  [ 288] INFEAS f=8002.270  a=54.5 b=46.3 gap=20.2 (face=12.4mm) n=[445, 441, 502, 630, 362, 160, 709]  no evaluation (geometry pre-check)
  [ 289] viol   f=  33.551  a=36.0 b=64.0 gap=19.5 (face=10.9mm) n=[808, 483, 629, 747, 716, 123, 250]  tape=1.414km B=16.75T unif=1.401% hoop=281MPa
  [ 290] INFEAS f=5003.380  a=30.7 b=98.6 gap=15.5 (face=3.0mm) n=[600, 113, 817, 899, 272, 211, 769]  no evaluation (geometry pre-check)
  [ 291] OK     f=   2.236  a=37.6 b=116.5 gap=15.5 (face=3.0mm) n=[459, 603, 534, 874, 897, 114, 218]  tape=2.236km B=13.82T unif=0.735% hoop=374MPa
  [ 292] viol   f=   3.754  a=42.9 b=83.0 gap=19.1 (face=10.1mm) n=[535, 330, 483, 485, 263, 142, 466]  tape=1.228km B=10.53T unif=1.112% hoop=275MPa
  [ 293] viol   f=10979.225  a=36.7 b=62.2 gap=16.8 (face=5.6mm) n=[898, 247, 686, 526, 321, 299, 229]  tape=1.307km B=14.41T unif=8.409% hoop=309MPa
  [ 294] viol   f=  78.745  a=56.6 b=74.5 gap=16.7 (face=5.3mm) n=[69, 478, 880, 900, 607, 123, 428]  tape=1.666km B=12.57T unif=1.621% hoop=373MPa
  [ 295] INFEAS f=1119.756  a=43.4 b=46.7 gap=19.7 (face=11.4mm) n=[583, 370, 870, 764, 168, 60, 608]  no evaluation (geometry pre-check)
  [ 296] INFEAS f=1000.001  a=35.6 b=106.6 gap=18.9 (face=9.7mm) n=[840, 124, 704, 870, 429, 148, 444]  no evaluation (geometry pre-check)
  [ 297] viol   f=  17.650  a=51.6 b=87.1 gap=16.6 (face=5.2mm) n=[537, 64, 699, 687, 194, 208, 90]  tape=1.248km B=9.11T unif=1.272% hoop=293MPa
  [ 298] INFEAS f=19424.746  a=20.3 b=77.6 gap=17.8 (face=7.7mm) n=[557, 186, 641, 806, 173, 131, 518]  no evaluation (geometry pre-check)
  [ 299] viol   f=   8.970  a=38.5 b=76.4 gap=15.5 (face=3.0mm) n=[595, 331, 384, 500, 69, 285, 685]  tape=1.247km B=11.44T unif=1.196% hoop=315MPa
  [ 300] viol   f=  37.494  a=41.8 b=58.8 gap=16.2 (face=4.3mm) n=[623, 544, 875, 900, 110, 553, 370]  tape=1.519km B=17.20T unif=1.424% hoop=367MPa
  [ 301] viol   f=   1.966  a=42.5 b=93.8 gap=18.9 (face=9.8mm) n=[512, 78, 683, 554, 260, 229, 264]  tape=1.343km B=9.44T unif=0.752% hoop=259MPa
  [ 302] viol   f=  41.986  a=30.0 b=105.6 gap=15.5 (face=3.0mm) n=[622, 362, 385, 439, 174, 539, 379]  tape=1.537km B=13.21T unif=1.450% hoop=260MPa
  [ 303] OK     f=   1.292  a=42.6 b=93.9 gap=15.6 (face=3.1mm) n=[532, 250, 622, 634, 95, 67, 360]  tape=1.292km B=10.22T unif=0.872% hoop=266MPa
  [ 304] viol   f=  44.526  a=48.0 b=89.6 gap=15.6 (face=3.1mm) n=[647, 53, 273, 466, 179, 54, 88]  tape=0.914km B=6.66T unif=1.327% hoop=223MPa
  [ 305] OK     f=   1.637  a=39.5 b=104.8 gap=15.5 (face=3.0mm) n=[333, 516, 605, 575, 512, 345, 160]  tape=1.637km B=12.30T unif=0.551% hoop=302MPa
  [ 306] viol   f=  11.039  a=46.8 b=86.9 gap=17.3 (face=6.7mm) n=[238, 195, 708, 361, 543, 55, 75]  tape=1.109km B=7.79T unif=1.031% hoop=259MPa
  [ 307] viol   f=   8.769  a=57.5 b=93.4 gap=17.4 (face=6.7mm) n=[875, 488, 406, 790, 762, 309, 321]  tape=2.203km B=11.92T unif=1.181% hoop=400MPa
  [ 308] INFEAS f=1480.437  a=31.8 b=87.8 gap=15.5 (face=3.1mm) n=[225, 443, 518, 823, 407, 121, 53]  no evaluation (geometry pre-check)
  [ 309] viol   f=   1.974  a=45.2 b=84.5 gap=18.7 (face=9.4mm) n=[885, 605, 617, 810, 320, 105, 516]  tape=1.902km B=14.72T unif=1.019% hoop=380MPa
  [ 310] OK     f=   1.846  a=48.5 b=100.0 gap=16.7 (face=5.4mm) n=[587, 673, 541, 553, 619, 143, 309]  tape=1.846km B=12.63T unif=0.906% hoop=394MPa

==========================================================================================
CMA-ES finished: 310 evaluations in 9.3 min
==========================================================================================

Best feasible design found:
  a_mm             42.59945252541156
  b_mm             93.9211803050737
  gap_mm           15.571012968171551
  face_gap_mm      3.1420259363431033
  n_turns          [532, 250, 622, 634, 95, 67, 360]
  n_total          2560
  tape_km          1.2921658712617192
  B_target_T       10.217858582456065
  uniformity_pct   0.8720415212188988
  hoop_MPa         265.5543242396432
  delam_MPa        18.296610293206616
  I_quench_A       406.0684558775433
  I_op_A           223.35998673132192
  binding          quench/SF
  clip_frac        0.21316783594171615

Full evaluation history -> optimize/cmaes_history.csv
Best design            -> optimize/cmaes_results.csv
Appended 310 rows to cumulative master log -> optimize/cmaes_all_evaluations.csv

Figures -> /home/gerrityjack/fenicsx/Racetrack-Coil-Optimization/visualization/cmaes_convergence.png, cmaes_constraints.png, cmaes_variables.png, cmaes_overview.png
Cumulative parameter-space map -> visualization/cmaes_param_map.png (17810 evaluations, 57 runs)
