Starting CMA-ES: 10 variables, budget 300 evaluations, target B >= 10.0 T, uniformity <= 1.0%, hoop <= 400 MPa, coil-coil face gap >= 3 mm

Parallel mode: 6 worker processes per generation.
  [   1] viol   f=   5.239  a=63.1 b=161.1 gap=17.4 (face=6.9mm) n=[682, 398, 800, 817, 206, 66, 402]  tape=2.802km B=8.90T unif=0.341% hoop=400MPa
  [   2] OK     f=   2.224  a=39.4 b=151.2 gap=15.6 (face=3.1mm) n=[562, 205, 845, 588, 477, 170, 84]  tape=2.224km B=10.62T unif=0.332% hoop=310MPa
  [   3] viol   f=  10.341  a=59.1 b=179.8 gap=15.5 (face=3.0mm) n=[894, 402, 715, 280, 55, 210, 270]  tape=2.615km B=8.03T unif=0.366% hoop=400MPa
  [   4] INFEAS f=3944.780  a=25.3 b=180.8 gap=15.9 (face=3.9mm) n=[633, 275, 733, 141, 381, 315, 231]  no evaluation (geometry pre-check)
  [   5] viol   f= 200.020  a=38.8 b=188.6 gap=17.1 (face=6.3mm) n=[878, 298, 840, 568, 513, 272, 93]  tape=3.109km B=13.52T unif=1.992% hoop=319MPa
  [   6] viol   f=   7.346  a=51.6 b=195.7 gap=15.8 (face=3.6mm) n=[812, 273, 649, 256, 403, 264, 63]  tape=2.627km B=8.46T unif=0.362% hoop=341MPa
  [   7] INFEAS f=6403.799  a=23.4 b=204.6 gap=16.3 (face=4.6mm) n=[372, 77, 725, 396, 730, 54, 494]  no evaluation (geometry pre-check)
  [   8] viol   f=  27.590  a=52.3 b=132.0 gap=16.4 (face=4.7mm) n=[272, 56, 560, 626, 130, 208, 179]  tape=1.408km B=6.38T unif=0.480% hoop=247MPa
  [   9] viol   f=  71.279  a=91.1 b=155.5 gap=17.2 (face=6.4mm) n=[416, 83, 674, 152, 255, 201, 248]  tape=1.812km B=4.11T unif=0.474% hoop=400MPa
  [  10] viol   f= 505.902  a=30.1 b=188.1 gap=18.8 (face=9.5mm) n=[667, 363, 414, 406, 102, 281, 116]  tape=2.059km B=9.84T unif=2.587% hoop=227MPa
  [  11] viol   f=   5.926  a=46.1 b=164.9 gap=15.9 (face=3.8mm) n=[598, 368, 425, 214, 414, 327, 205]  tape=2.065km B=8.61T unif=0.375% hoop=349MPa
  [  12] INFEAS f=58057.929  a=14.1 b=152.1 gap=16.4 (face=4.8mm) n=[891, 757, 863, 900, 313, 175, 410]  no evaluation (geometry pre-check)
  [  13] viol   f=  30.784  a=77.0 b=169.6 gap=16.8 (face=5.7mm) n=[795, 178, 701, 419, 477, 233, 162]  tape=2.702km B=6.25T unif=0.359% hoop=400MPa
  [  14] viol   f=  13.116  a=69.5 b=171.0 gap=17.4 (face=6.7mm) n=[702, 371, 898, 657, 564, 229, 227]  tape=3.307km B=7.79T unif=0.319% hoop=400MPa
  [  15] viol   f=  24.640  a=67.1 b=173.4 gap=20.6 (face=13.2mm) n=[198, 703, 633, 514, 512, 453, 75]  tape=2.732km B=6.69T unif=0.292% hoop=400MPa
  [  16] viol   f=  15.288  a=64.6 b=166.7 gap=15.5 (face=3.1mm) n=[448, 461, 786, 698, 601, 59, 307]  tape=2.892km B=7.51T unif=0.330% hoop=400MPa
  [  17] viol   f=   8.001  a=60.4 b=170.8 gap=19.9 (face=11.7mm) n=[772, 497, 719, 443, 204, 55, 341]  tape=2.635km B=8.36T unif=0.323% hoop=400MPa
  [  18] INFEAS f=92370.547  a=8.1 b=146.3 gap=16.6 (face=5.3mm) n=[746, 74, 900, 411, 284, 354, 397]  no evaluation (geometry pre-check)
  [  19] INFEAS f=1115.588  a=34.6 b=157.1 gap=15.8 (face=3.7mm) n=[870, 386, 811, 405, 193, 324, 214]  no evaluation (geometry pre-check)
  [  20] INFEAS f=91663.284  a=-0.2 b=156.1 gap=15.5 (face=3.1mm) n=[673, 558, 666, 516, 502, 188, 604]  no evaluation (geometry pre-check)
  [  21] viol   f= 187.159  a=37.2 b=172.9 gap=20.2 (face=12.5mm) n=[859, 240, 418, 528, 377, 303, 144]  tape=2.454km B=10.00T unif=1.961% hoop=295MPa
  [  22] viol   f=  32.097  a=69.6 b=183.6 gap=21.1 (face=14.1mm) n=[795, 118, 569, 129, 475, 161, 329]  tape=2.466km B=6.15T unif=0.270% hoop=372MPa
  [  23] OK     f=   2.497  a=38.7 b=201.4 gap=15.5 (face=3.0mm) n=[807, 319, 689, 309, 76, 124, 290]  tape=2.497km B=10.54T unif=0.960% hoop=279MPa
  [  24] viol   f=  36.407  a=80.8 b=185.9 gap=15.7 (face=3.5mm) n=[794, 266, 771, 335, 187, 112, 368]  tape=2.785km B=5.90T unif=0.305% hoop=400MPa
  [  25] viol   f=   3.428  a=49.0 b=181.4 gap=17.3 (face=6.7mm) n=[874, 94, 285, 420, 304, 350, 774]  tape=2.801km B=9.44T unif=0.226% hoop=358MPa
  [  26] viol   f=   5.439  a=61.6 b=151.2 gap=19.5 (face=11.1mm) n=[689, 212, 629, 223, 482, 423, 623]  tape=2.563km B=8.80T unif=0.359% hoop=400MPa
  [  27] viol   f=  30.857  a=62.1 b=165.1 gap=18.9 (face=9.7mm) n=[822, 56, 682, 69, 311, 167, 132]  tape=1.925km B=6.20T unif=0.362% hoop=277MPa
  [  28] viol   f=  26.298  a=67.0 b=132.8 gap=15.5 (face=3.0mm) n=[888, 291, 227, 108, 452, 286, 190]  tape=1.885km B=6.51T unif=0.613% hoop=396MPa
  [  29] viol   f=   9.566  a=53.3 b=170.8 gap=17.4 (face=6.8mm) n=[866, 66, 415, 64, 295, 447, 627]  tape=2.426km B=8.11T unif=0.322% hoop=317MPa
  [  30] viol   f=  48.165  a=81.8 b=169.2 gap=15.7 (face=3.4mm) n=[881, 115, 359, 191, 511, 210, 187]  tape=2.324km B=5.21T unif=0.374% hoop=400MPa
  [  31] INFEAS f=40942.181  a=14.6 b=200.0 gap=15.7 (face=3.4mm) n=[816, 54, 545, 444, 250, 67, 563]  no evaluation (geometry pre-check)
  [  32] viol   f=   9.364  a=60.1 b=199.6 gap=15.7 (face=3.3mm) n=[411, 171, 655, 711, 362, 266, 596]  tape=3.101km B=8.23T unif=0.228% hoop=400MPa
  [  33] INFEAS f=4957.677  a=29.5 b=160.2 gap=20.7 (face=13.5mm) n=[867, 262, 314, 181, 458, 452, 788]  no evaluation (geometry pre-check)
  [  34] INFEAS f=28732.723  a=11.8 b=184.8 gap=16.5 (face=5.0mm) n=[657, 383, 386, 312, 203, 231, 245]  no evaluation (geometry pre-check)
  [  35] viol   f=  44.139  a=70.1 b=165.9 gap=20.3 (face=12.5mm) n=[584, 104, 745, 77, 88, 140, 470]  tape=1.933km B=5.41T unif=0.327% hoop=323MPa
  [  36] viol   f=  31.233  a=29.1 b=205.8 gap=16.4 (face=4.7mm) n=[626, 221, 669, 212, 188, 318, 517]  tape=2.566km B=11.59T unif=1.379% hoop=218MPa
  [  37] viol   f=  20.164  a=58.1 b=153.7 gap=15.5 (face=3.0mm) n=[324, 61, 771, 281, 216, 170, 693]  tape=2.023km B=6.99T unif=0.326% hoop=320MPa
  [  38] viol   f=   2.940  a=42.0 b=149.8 gap=16.3 (face=4.6mm) n=[460, 388, 349, 461, 619, 113, 285]  tape=1.973km B=9.30T unif=0.290% hoop=335MPa
  [  39] OK     f=   3.280  a=48.6 b=181.9 gap=17.7 (face=7.4mm) n=[858, 683, 648, 118, 365, 371, 630]  tape=3.280km B=11.37T unif=0.281% hoop=400MPa
  [  40] viol   f=   8.097  a=59.2 b=160.6 gap=26.8 (face=25.6mm) n=[857, 367, 853, 287, 85, 441, 419]  tape=2.757km B=8.37T unif=0.250% hoop=400MPa
  [  41] viol   f=   7.299  a=42.0 b=162.2 gap=21.8 (face=15.6mm) n=[289, 526, 457, 742, 155, 384, 123]  tape=2.153km B=8.40T unif=0.089% hoop=285MPa
  [  42] viol   f=  16.084  a=48.1 b=174.4 gap=38.8 (face=49.7mm) n=[635, 859, 83, 67, 682, 206, 805]  tape=2.826km B=7.43T unif=0.245% hoop=224MPa
  [  43] viol   f=  27.712  a=64.4 b=180.9 gap=23.1 (face=18.2mm) n=[438, 581, 420, 343, 314, 396, 71]  tape=2.326km B=6.44T unif=0.253% hoop=400MPa
  [  44] viol   f=   4.784  a=44.7 b=140.1 gap=15.8 (face=3.7mm) n=[552, 385, 846, 335, 343, 347, 127]  tape=2.168km B=8.86T unif=0.168% hoop=400MPa
  [  45] viol   f=   8.405  a=66.1 b=158.1 gap=19.6 (face=11.2mm) n=[872, 64, 679, 511, 713, 369, 109]  tape=2.775km B=8.32T unif=0.367% hoop=400MPa
  [  46] viol   f=  10.613  a=35.0 b=148.9 gap=18.5 (face=9.1mm) n=[825, 358, 492, 193, 780, 127, 598]  tape=2.446km B=12.61T unif=1.202% hoop=282MPa
  [  47] viol   f=  38.603  a=80.0 b=173.0 gap=15.8 (face=3.6mm) n=[336, 581, 413, 194, 690, 486, 346]  tape=2.808km B=5.77T unif=0.331% hoop=400MPa
  [  48] viol   f=2051.497  a=35.0 b=187.3 gap=15.8 (face=3.6mm) n=[158, 844, 326, 526, 377, 444, 764]  tape=3.053km B=12.27T unif=4.200% hoop=315MPa
  [  49] OK     f=   2.336  a=40.7 b=156.0 gap=15.6 (face=3.2mm) n=[573, 532, 320, 50, 674, 375, 590]  tape=2.336km B=11.13T unif=0.259% hoop=306MPa
  [  50] INFEAS f=1010.700  a=31.6 b=197.2 gap=16.8 (face=5.7mm) n=[770, 110, 407, 664, 529, 359, 442]  no evaluation (geometry pre-check)
  [  51] INFEAS f=9763.896  a=22.4 b=130.7 gap=15.6 (face=3.1mm) n=[694, 494, 753, 161, 622, 469, 426]  no evaluation (geometry pre-check)
  [  52] viol   f=  18.187  a=48.9 b=149.4 gap=17.5 (face=7.0mm) n=[416, 52, 752, 386, 237, 179, 313]  tape=1.816km B=7.14T unif=0.264% hoop=299MPa
  [  53] INFEAS f=1074.261  a=33.3 b=130.2 gap=18.1 (face=8.2mm) n=[73, 829, 391, 197, 631, 68, 274]  no evaluation (geometry pre-check)
  [  54] INFEAS f=7928.849  a=26.8 b=153.3 gap=18.6 (face=9.2mm) n=[436, 265, 388, 411, 846, 261, 317]  no evaluation (geometry pre-check)
  [  55] INFEAS f=13515.670  a=18.9 b=161.6 gap=17.2 (face=6.4mm) n=[346, 706, 399, 359, 699, 79, 522]  no evaluation (geometry pre-check)
  [  56] OK     f=   2.823  a=36.5 b=202.2 gap=22.5 (face=17.0mm) n=[387, 457, 592, 105, 613, 572, 349]  tape=2.823km B=10.14T unif=0.188% hoop=243MPa
  [  57] viol   f=   5.438  a=50.0 b=143.1 gap=19.8 (face=11.5mm) n=[304, 822, 186, 184, 518, 442, 519]  tape=2.248km B=8.74T unif=0.260% hoop=356MPa
  [  58] viol   f=   2.570  a=50.5 b=137.9 gap=17.6 (face=7.3mm) n=[431, 839, 82, 228, 900, 146, 498]  tape=2.268km B=9.61T unif=0.291% hoop=328MPa
  [  59] viol   f=  13.250  a=58.3 b=160.1 gap=15.6 (face=3.2mm) n=[551, 53, 325, 560, 616, 430, 81]  tape=2.098km B=7.64T unif=0.338% hoop=369MPa
  [  60] viol   f=   8.443  a=41.7 b=125.2 gap=19.3 (face=10.5mm) n=[662, 191, 354, 374, 199, 305, 241]  tape=1.530km B=8.14T unif=0.378% hoop=291MPa
  [  61] viol   f=   8.949  a=42.8 b=167.9 gap=15.8 (face=3.5mm) n=[496, 548, 250, 180, 881, 97, 135]  tape=2.186km B=8.16T unif=0.153% hoop=344MPa
  [  62] INFEAS f=7626.474  a=28.6 b=167.3 gap=26.0 (face=24.0mm) n=[540, 776, 649, 106, 889, 806, 712]  no evaluation (geometry pre-check)
  [  63] INFEAS f=3242.582  a=27.9 b=148.7 gap=15.9 (face=3.9mm) n=[784, 728, 224, 538, 662, 94, 628]  no evaluation (geometry pre-check)
  [  64] OK     f=   2.367  a=50.1 b=116.3 gap=20.1 (face=12.1mm) n=[253, 899, 193, 489, 790, 444, 628]  tape=2.367km B=11.38T unif=0.468% hoop=367MPa
  [  65] INFEAS f=1203.824  a=35.4 b=150.5 gap=17.0 (face=6.1mm) n=[143, 770, 754, 340, 900, 93, 556]  no evaluation (geometry pre-check)
  [  66] viol   f=   2.215  a=46.2 b=144.0 gap=16.1 (face=4.1mm) n=[671, 422, 363, 181, 458, 210, 605]  tape=2.110km B=9.77T unif=0.406% hoop=350MPa
  [  67] viol   f=   6.059  a=53.7 b=167.5 gap=18.4 (face=8.8mm) n=[247, 886, 250, 185, 593, 336, 620]  tape=2.700km B=8.70T unif=0.174% hoop=342MPa
  [  68] viol   f=  40.551  a=82.3 b=164.4 gap=29.0 (face=29.9mm) n=[506, 509, 463, 809, 891, 107, 415]  tape=3.349km B=5.69T unif=0.310% hoop=400MPa
  [  69] viol   f=  29.602  a=56.1 b=146.5 gap=32.2 (face=36.4mm) n=[306, 509, 569, 190, 683, 198, 177]  tape=2.008km B=6.29T unif=0.238% hoop=270MPa
  [  70] viol   f=   4.537  a=59.8 b=113.7 gap=33.0 (face=37.9mm) n=[587, 888, 316, 60, 693, 494, 640]  tape=2.386km B=8.96T unif=0.400% hoop=336MPa
  [  71] viol   f=  15.407  a=58.5 b=108.2 gap=15.5 (face=3.0mm) n=[306, 146, 755, 358, 203, 411, 402]  tape=1.641km B=7.38T unif=0.803% hoop=400MPa
  [  72] OK     f=   2.403  a=36.3 b=174.1 gap=15.5 (face=3.0mm) n=[231, 760, 355, 364, 408, 298, 416]  tape=2.403km B=10.36T unif=0.968% hoop=360MPa
  [  73] OK     f=   2.447  a=49.2 b=117.2 gap=17.2 (face=6.3mm) n=[576, 725, 487, 117, 900, 241, 831]  tape=2.447km B=11.92T unif=0.476% hoop=400MPa
  [  74] viol   f=  51.137  a=37.0 b=114.3 gap=23.1 (face=18.2mm) n=[81, 873, 320, 274, 289, 373, 692]  tape=1.781km B=8.90T unif=1.484% hoop=275MPa
  [  75] viol   f=  13.611  a=63.5 b=140.0 gap=16.4 (face=4.9mm) n=[375, 682, 306, 226, 703, 238, 360]  tape=2.179km B=7.61T unif=0.472% hoop=400MPa
  [  76] viol   f=   4.239  a=43.3 b=138.9 gap=19.9 (face=11.9mm) n=[421, 381, 403, 207, 504, 266, 560]  tape=1.881km B=8.91T unif=0.280% hoop=324MPa
  [  77] viol   f=  55.785  a=52.1 b=76.4 gap=16.1 (face=4.2mm) n=[371, 713, 222, 609, 734, 344, 473]  tape=1.613km B=12.70T unif=1.520% hoop=384MPa
  [  78] viol   f=   8.654  a=60.4 b=131.3 gap=21.0 (face=13.9mm) n=[609, 745, 312, 166, 274, 198, 618]  tape=2.087km B=8.19T unif=0.505% hoop=357MPa
  [  79] INFEAS f=1093.222  a=33.5 b=159.0 gap=16.7 (face=5.4mm) n=[749, 839, 95, 132, 233, 169, 740]  no evaluation (geometry pre-check)
  [  80] viol   f=  39.433  a=70.0 b=142.7 gap=34.0 (face=39.9mm) n=[513, 331, 527, 131, 396, 68, 750]  tape=2.136km B=5.68T unif=0.321% hoop=332MPa
  [  81] viol   f=   9.180  a=51.2 b=175.1 gap=16.6 (face=5.2mm) n=[441, 226, 488, 59, 689, 223, 757]  tape=2.497km B=8.17T unif=0.158% hoop=363MPa
  [  82] OK     f=   2.864  a=34.3 b=194.0 gap=15.7 (face=3.3mm) n=[581, 628, 257, 151, 699, 248, 665]  tape=2.864km B=12.45T unif=0.071% hoop=265MPa
  [  83] INFEAS f=22650.593  a=20.7 b=165.7 gap=15.9 (face=3.9mm) n=[170, 315, 844, 158, 331, 459, 152]  no evaluation (geometry pre-check)
  [  84] viol   f=  11.632  a=66.5 b=131.8 gap=16.0 (face=4.1mm) n=[686, 381, 769, 106, 429, 157, 448]  tape=2.176km B=7.83T unif=0.598% hoop=400MPa
  [  85] OK     f=   2.840  a=44.2 b=147.4 gap=16.2 (face=4.4mm) n=[895, 476, 540, 550, 291, 705, 293]  tape=2.840km B=12.45T unif=0.372% hoop=400MPa
  [  86] OK     f=   2.361  a=44.4 b=165.1 gap=17.1 (face=6.1mm) n=[272, 738, 694, 248, 596, 126, 252]  tape=2.361km B=10.27T unif=0.310% hoop=297MPa
  [  87] viol   f=   4.036  a=60.3 b=191.8 gap=20.1 (face=12.2mm) n=[670, 900, 600, 394, 258, 436, 895]  tape=3.971km B=9.82T unif=0.187% hoop=400MPa
  [  88] viol   f=   5.737  a=40.2 b=132.0 gap=16.2 (face=4.3mm) n=[285, 777, 191, 54, 327, 105, 890]  tape=1.796km B=8.60T unif=0.235% hoop=253MPa
  [  89] INFEAS f=9411.236  a=27.5 b=143.8 gap=16.6 (face=5.1mm) n=[133, 886, 392, 363, 772, 98, 408]  no evaluation (geometry pre-check)
  [  90] viol   f=   2.851  a=46.8 b=162.4 gap=18.5 (face=9.1mm) n=[660, 875, 157, 462, 409, 199, 158]  tape=2.417km B=9.53T unif=0.122% hoop=337MPa
  [  91] OK     f=   2.190  a=26.3 b=160.8 gap=15.9 (face=3.8mm) n=[316, 527, 595, 590, 477, 217, 274]  tape=2.190km B=14.19T unif=0.513% hoop=214MPa
  [  92] viol   f=   4.103  a=50.0 b=150.5 gap=16.8 (face=5.6mm) n=[722, 617, 434, 405, 233, 207, 93]  tape=2.082km B=8.99T unif=0.458% hoop=368MPa
  [  93] OK     f=   1.963  a=27.3 b=160.1 gap=16.1 (face=4.2mm) n=[393, 580, 527, 288, 397, 193, 276]  tape=1.963km B=12.33T unif=0.944% hoop=222MPa
  [  94] OK     f=   2.344  a=40.2 b=158.0 gap=15.7 (face=3.5mm) n=[57, 765, 882, 331, 530, 383, 50]  tape=2.344km B=11.18T unif=0.106% hoop=286MPa
  [  95] OK     f=   2.488  a=38.0 b=146.8 gap=15.8 (face=3.5mm) n=[433, 380, 813, 632, 679, 91, 397]  tape=2.488km B=12.53T unif=0.259% hoop=357MPa
  [  96] viol   f=   2.260  a=43.3 b=163.9 gap=16.4 (face=4.8mm) n=[601, 390, 360, 453, 383, 150, 503]  tape=2.246km B=9.92T unif=0.335% hoop=353MPa
  [  97] viol   f=   6.668  a=48.4 b=177.3 gap=15.5 (face=3.0mm) n=[296, 574, 347, 658, 222, 225, 377]  tape=2.345km B=8.53T unif=0.258% hoop=348MPa
  [  98] viol   f=  10.985  a=61.5 b=197.2 gap=16.0 (face=4.0mm) n=[188, 674, 785, 627, 302, 213, 151]  tape=2.885km B=7.99T unif=0.260% hoop=397MPa
  [  99] OK     f=   2.994  a=51.0 b=188.5 gap=15.6 (face=3.3mm) n=[842, 890, 196, 266, 714, 247, 94]  tape=2.994km B=10.87T unif=0.357% hoop=349MPa
  [ 100] OK     f=   2.710  a=46.3 b=166.9 gap=18.8 (face=9.6mm) n=[523, 881, 383, 134, 658, 291, 336]  tape=2.710km B=10.03T unif=0.075% hoop=365MPa
  [ 101] INFEAS f=22162.713  a=16.9 b=174.1 gap=15.6 (face=3.3mm) n=[443, 687, 739, 614, 693, 322, 142]  no evaluation (geometry pre-check)
  [ 102] viol   f=  27.069  a=69.1 b=168.3 gap=16.4 (face=4.9mm) n=[346, 168, 780, 434, 666, 89, 112]  tape=2.301km B=6.48T unif=0.326% hoop=390MPa
  [ 103] INFEAS f=29638.919  a=14.4 b=208.2 gap=20.2 (face=12.5mm) n=[130, 198, 732, 571, 398, 62, 298]  no evaluation (geometry pre-check)
  [ 104] INFEAS f=4408.215  a=25.3 b=135.5 gap=16.2 (face=4.5mm) n=[408, 539, 743, 265, 212, 145, 249]  no evaluation (geometry pre-check)
  [ 105] viol   f=   3.689  a=36.5 b=162.8 gap=15.5 (face=3.0mm) n=[258, 447, 357, 88, 569, 402, 349]  tape=1.907km B=9.06T unif=0.164% hoop=258MPa
  [ 106] INFEAS f=6550.598  a=23.5 b=185.9 gap=15.9 (face=3.7mm) n=[148, 734, 447, 219, 605, 198, 219]  no evaluation (geometry pre-check)
  [ 107] OK     f=   1.983  a=27.5 b=174.3 gap=15.6 (face=3.1mm) n=[383, 510, 433, 405, 507, 118, 182]  tape=1.983km B=12.16T unif=0.190% hoop=206MPa
  [ 108] INFEAS f=5439.517  a=30.3 b=150.9 gap=15.9 (face=3.8mm) n=[479, 344, 897, 616, 186, 578, 173]  no evaluation (geometry pre-check)
  [ 109] viol   f=   4.673  a=39.6 b=163.6 gap=15.8 (face=3.6mm) n=[516, 443, 343, 442, 270, 73, 114]  tape=1.703km B=8.78T unif=0.427% hoop=265MPa
  [ 110] INFEAS f=108684.250  a=4.8 b=152.0 gap=18.3 (face=8.7mm) n=[186, 294, 879, 99, 335, 199, 234]  no evaluation (geometry pre-check)
  [ 111] INFEAS f=2626.844  a=31.2 b=152.4 gap=15.5 (face=3.1mm) n=[526, 665, 853, 695, 483, 175, 140]  no evaluation (geometry pre-check)
  [ 112] INFEAS f=14325.280  a=14.8 b=153.9 gap=16.5 (face=5.0mm) n=[436, 606, 363, 261, 402, 149, 276]  no evaluation (geometry pre-check)
  [ 113] OK     f=   2.001  a=28.7 b=185.6 gap=15.8 (face=3.5mm) n=[301, 239, 429, 504, 407, 68, 457]  tape=2.001km B=10.12T unif=0.066% hoop=208MPa
  [ 114] viol   f=   5.218  a=37.6 b=194.5 gap=15.8 (face=3.7mm) n=[523, 375, 892, 338, 524, 256, 338]  tape=3.067km B=11.14T unif=1.104% hoop=369MPa
  [ 115] INFEAS f=1965.318  a=19.1 b=164.8 gap=16.5 (face=5.1mm) n=[178, 509, 444, 402, 444, 158, 356]  no evaluation (geometry pre-check)
  [ 116] INFEAS f=10158.404  a=18.8 b=172.9 gap=15.6 (face=3.2mm) n=[236, 150, 663, 303, 561, 589, 263]  no evaluation (geometry pre-check)
  [ 117] INFEAS f=4852.700  a=26.7 b=165.3 gap=18.7 (face=9.5mm) n=[390, 715, 790, 117, 709, 307, 151]  no evaluation (geometry pre-check)
  [ 118] OK     f=   2.074  a=34.2 b=152.0 gap=15.7 (face=3.4mm) n=[219, 512, 307, 314, 579, 496, 468]  tape=2.074km B=10.94T unif=0.108% hoop=289MPa
  [ 119] viol   f=   4.340  a=26.1 b=172.3 gap=15.7 (face=3.3mm) n=[510, 364, 137, 205, 74, 58, 438]  tape=1.398km B=8.79T unif=0.577% hoop=150MPa
  [ 120] viol   f=   4.577  a=51.8 b=171.6 gap=15.5 (face=3.0mm) n=[486, 612, 197, 651, 392, 241, 288]  tape=2.424km B=8.96T unif=0.309% hoop=384MPa
  [ 121] viol   f=  41.666  a=45.3 b=166.5 gap=17.3 (face=6.7mm) n=[135, 304, 381, 361, 168, 118, 148]  tape=1.282km B=5.51T unif=0.297% hoop=229MPa
  [ 122] INFEAS f=7903.059  a=14.8 b=190.0 gap=16.6 (face=5.1mm) n=[447, 525, 479, 368, 206, 358, 61]  no evaluation (geometry pre-check)
  [ 123] viol   f=   9.324  a=41.2 b=209.8 gap=15.6 (face=3.3mm) n=[412, 387, 381, 384, 229, 124, 196]  tape=2.008km B=8.09T unif=0.325% hoop=278MPa
  [ 124] viol   f=  14.432  a=38.5 b=200.4 gap=17.8 (face=7.6mm) n=[392, 284, 254, 445, 368, 211, 68]  tape=1.850km B=7.49T unif=0.209% hoop=244MPa
  [ 125] viol   f=  20.541  a=48.7 b=169.7 gap=16.0 (face=3.9mm) n=[382, 708, 368, 231, 216, 64, 212]  tape=1.868km B=6.94T unif=0.339% hoop=333MPa
  [ 126] viol   f=   3.947  a=29.9 b=183.3 gap=15.7 (face=3.4mm) n=[260, 271, 460, 353, 563, 54, 284]  tape=1.890km B=8.99T unif=0.066% hoop=242MPa
  [ 127] OK     f=   2.413  a=42.2 b=151.2 gap=15.6 (face=3.3mm) n=[349, 733, 192, 574, 631, 317, 424]  tape=2.413km B=11.34T unif=0.193% hoop=341MPa
  [ 128] viol   f=  26.996  a=49.7 b=170.2 gap=16.0 (face=4.0mm) n=[105, 559, 303, 314, 59, 309, 436]  tape=1.741km B=6.45T unif=0.276% hoop=322MPa
  [ 129] INFEAS f=2660.098  a=26.7 b=129.4 gap=18.4 (face=8.9mm) n=[375, 544, 59, 265, 734, 297, 212]  no evaluation (geometry pre-check)
  [ 130] INFEAS f=2092.635  a=25.4 b=167.2 gap=15.7 (face=3.5mm) n=[429, 680, 138, 437, 371, 445, 261]  no evaluation (geometry pre-check)
  [ 131] viol   f=  21.973  a=73.1 b=184.7 gap=15.6 (face=3.2mm) n=[404, 713, 210, 444, 644, 620, 311]  tape=3.166km B=6.93T unif=0.275% hoop=400MPa
  [ 132] OK     f=   3.070  a=37.6 b=177.4 gap=16.0 (face=4.0mm) n=[404, 645, 393, 882, 755, 83, 432]  tape=3.070km B=12.43T unif=0.260% hoop=350MPa
  [ 133] OK     f=   2.592  a=28.8 b=180.6 gap=15.8 (face=3.6mm) n=[488, 488, 510, 427, 618, 157, 481]  tape=2.592km B=13.68T unif=0.133% hoop=247MPa
  [ 134] viol   f=  15.815  a=63.2 b=161.5 gap=16.6 (face=5.2mm) n=[263, 619, 199, 484, 804, 77, 416]  tape=2.438km B=7.41T unif=0.315% hoop=400MPa
  [ 135] OK     f=   2.001  a=34.1 b=171.5 gap=15.7 (face=3.4mm) n=[364, 628, 112, 453, 599, 133, 206]  tape=2.001km B=10.12T unif=0.195% hoop=244MPa
  [ 136] viol   f=   2.342  a=30.8 b=185.6 gap=16.9 (face=5.8mm) n=[393, 649, 118, 189, 736, 102, 421]  tape=2.253km B=9.79T unif=0.628% hoop=219MPa
  [ 137] viol   f=  14.718  a=50.9 b=185.5 gap=20.7 (face=13.4mm) n=[612, 312, 235, 146, 514, 327, 449]  tape=2.337km B=7.51T unif=0.215% hoop=302MPa
  [ 138] OK     f=   2.691  a=48.9 b=163.4 gap=15.6 (face=3.1mm) n=[342, 599, 352, 808, 820, 151, 227]  tape=2.691km B=10.45T unif=0.172% hoop=384MPa
  [ 139] OK     f=   2.249  a=35.9 b=189.8 gap=15.7 (face=3.3mm) n=[694, 191, 306, 480, 484, 259, 95]  tape=2.249km B=10.10T unif=0.496% hoop=261MPa
  [ 140] INFEAS f=2298.200  a=25.9 b=159.3 gap=15.5 (face=3.0mm) n=[183, 702, 365, 463, 392, 485, 270]  no evaluation (geometry pre-check)
  [ 141] viol   f=   4.897  a=32.8 b=183.0 gap=15.6 (face=3.1mm) n=[382, 474, 153, 462, 749, 54, 138]  tape=2.092km B=8.82T unif=0.053% hoop=261MPa
  [ 142] viol   f=   2.424  a=35.9 b=154.1 gap=15.7 (face=3.4mm) n=[527, 362, 153, 431, 463, 70, 279]  tape=1.664km B=9.38T unif=0.367% hoop=236MPa
  [ 143] INFEAS f=10892.598  a=25.2 b=174.4 gap=15.6 (face=3.2mm) n=[214, 840, 314, 532, 844, 306, 93]  no evaluation (geometry pre-check)
  [ 144] OK     f=   2.347  a=37.7 b=183.1 gap=16.7 (face=5.4mm) n=[771, 375, 354, 601, 448, 50, 85]  tape=2.347km B=10.58T unif=0.721% hoop=323MPa
  [ 145] viol   f=   9.222  a=31.5 b=168.2 gap=17.9 (face=7.7mm) n=[660, 442, 53, 309, 552, 341, 476]  tape=2.226km B=11.32T unif=1.187% hoop=221MPa
  [ 146] viol   f=   4.154  a=42.9 b=189.9 gap=16.1 (face=4.2mm) n=[782, 488, 167, 423, 404, 197, 66]  tape=2.335km B=9.05T unif=0.427% hoop=324MPa
  [ 147] INFEAS f=1742.523  a=29.1 b=190.6 gap=18.6 (face=9.2mm) n=[766, 599, 291, 457, 592, 589, 102]  no evaluation (geometry pre-check)
  [ 148] OK     f=   1.966  a=34.6 b=169.6 gap=16.7 (face=5.5mm) n=[614, 528, 93, 590, 491, 52, 145]  tape=1.966km B=10.94T unif=0.207% hoop=207MPa
  [ 149] viol   f= 482.162  a=30.7 b=212.6 gap=15.6 (face=3.1mm) n=[470, 728, 221, 520, 443, 388, 369]  tape=3.062km B=12.89T unif=2.548% hoop=279MPa
  [ 150] INFEAS f=5409.583  a=19.5 b=192.1 gap=17.0 (face=6.0mm) n=[608, 368, 76, 540, 222, 224, 99]  no evaluation (geometry pre-check)
  [ 151] viol   f=   5.759  a=48.1 b=203.9 gap=15.7 (face=3.5mm) n=[781, 376, 370, 729, 242, 138, 142]  tape=2.724km B=8.77T unif=0.328% hoop=400MPa
  [ 152] viol   f=   3.257  a=41.9 b=158.6 gap=15.6 (face=3.1mm) n=[784, 187, 293, 521, 280, 223, 253]  tape=2.042km B=9.22T unif=0.482% hoop=302MPa
  [ 153] OK     f=   2.260  a=36.4 b=163.3 gap=15.5 (face=3.0mm) n=[266, 805, 74, 637, 613, 267, 188]  tape=2.260km B=11.02T unif=0.929% hoop=253MPa
  [ 154] INFEAS f=2257.129  a=30.0 b=152.9 gap=15.5 (face=3.0mm) n=[809, 568, 462, 202, 321, 171, 165]  no evaluation (geometry pre-check)
  [ 155] viol   f=   5.212  a=44.5 b=156.6 gap=16.0 (face=3.9mm) n=[490, 369, 129, 495, 649, 146, 354]  tape=2.034km B=8.74T unif=0.257% hoop=334MPa
  [ 156] OK     f=   2.080  a=28.6 b=161.6 gap=16.0 (face=4.0mm) n=[561, 381, 306, 635, 638, 113, 162]  tape=2.080km B=12.21T unif=0.416% hoop=236MPa
  [ 157] OK     f=   2.458  a=37.6 b=160.9 gap=16.0 (face=3.9mm) n=[686, 719, 110, 339, 737, 68, 585]  tape=2.458km B=12.98T unif=0.254% hoop=262MPa
  [ 158] viol   f=   2.372  a=34.5 b=144.8 gap=15.5 (face=3.0mm) n=[421, 637, 231, 238, 754, 86, 95]  tape=1.756km B=9.44T unif=0.094% hoop=265MPa
  [ 159] INFEAS f=6371.022  a=29.4 b=176.9 gap=18.3 (face=8.5mm) n=[890, 286, 195, 321, 478, 57, 113]  no evaluation (geometry pre-check)
  [ 160] OK     f=   1.857  a=25.7 b=173.0 gap=18.1 (face=8.2mm) n=[402, 552, 208, 393, 521, 53, 248]  tape=1.857km B=10.61T unif=0.769% hoop=169MPa
  [ 161] OK     f=   2.090  a=35.3 b=171.4 gap=16.1 (face=4.2mm) n=[398, 565, 500, 221, 563, 216, 167]  tape=2.090km B=10.80T unif=0.114% hoop=262MPa
  [ 162] viol   f=   2.999  a=32.3 b=167.5 gap=24.2 (face=20.4mm) n=[739, 442, 55, 397, 391, 341, 345]  tape=2.183km B=9.36T unif=0.624% hoop=283MPa
  [ 163] INFEAS f=16222.613  a=23.3 b=133.8 gap=15.5 (face=3.0mm) n=[140, 675, 50, 733, 854, 127, 222]  no evaluation (geometry pre-check)
  [ 164] viol   f=   3.278  a=38.4 b=140.3 gap=15.7 (face=3.3mm) n=[603, 99, 128, 493, 577, 71, 355]  tape=1.582km B=9.08T unif=0.345% hoop=205MPa
  [ 165] viol   f=   5.060  a=34.2 b=145.0 gap=15.6 (face=3.1mm) n=[504, 756, 141, 239, 674, 320, 300]  tape=2.089km B=11.61T unif=1.122% hoop=269MPa
  [ 166] viol   f=   3.091  a=38.3 b=159.4 gap=15.5 (face=3.1mm) n=[388, 439, 238, 416, 552, 50, 386]  tape=1.869km B=9.22T unif=0.233% hoop=287MPa
  [ 167] INFEAS f=1000.002  a=21.3 b=131.5 gap=15.6 (face=3.1mm) n=[329, 489, 341, 434, 340, 57, 92]  no evaluation (geometry pre-check)
  [ 168] viol   f=  10.912  a=30.6 b=153.1 gap=16.4 (face=4.7mm) n=[157, 431, 60, 462, 609, 140, 167]  tape=1.474km B=7.83T unif=0.139% hoop=169MPa
  [ 169] OK     f=   1.951  a=27.7 b=164.7 gap=15.7 (face=3.3mm) n=[401, 417, 86, 554, 480, 241, 416]  tape=1.951km B=11.02T unif=0.159% hoop=209MPa
  [ 170] OK     f=   2.670  a=33.8 b=155.6 gap=15.8 (face=3.6mm) n=[429, 738, 278, 685, 708, 205, 602]  tape=2.670km B=14.64T unif=0.980% hoop=303MPa
  [ 171] OK     f=   2.225  a=31.1 b=173.3 gap=16.6 (face=5.2mm) n=[409, 515, 284, 242, 590, 186, 571]  tape=2.225km B=10.88T unif=0.089% hoop=240MPa
  [ 172] viol   f=   2.436  a=30.9 b=167.8 gap=15.5 (face=3.0mm) n=[265, 385, 103, 675, 550, 51, 473]  tape=1.968km B=9.52T unif=0.669% hoop=223MPa
  [ 173] INFEAS f=5964.446  a=23.8 b=170.3 gap=15.5 (face=3.0mm) n=[84, 374, 124, 235, 732, 339, 179]  no evaluation (geometry pre-check)
  [ 174] viol   f=  11.404  a=58.6 b=163.7 gap=18.6 (face=9.1mm) n=[543, 653, 189, 475, 540, 137, 211]  tape=2.275km B=7.86T unif=0.329% hoop=376MPa
  [ 175] INFEAS f=34177.620  a=16.4 b=184.0 gap=15.6 (face=3.3mm) n=[244, 371, 90, 817, 254, 67, 648]  no evaluation (geometry pre-check)
  [ 176] viol   f=   6.298  a=23.7 b=176.2 gap=15.5 (face=3.0mm) n=[443, 221, 165, 216, 217, 64, 397]  tape=1.363km B=8.43T unif=0.921% hoop=158MPa
  [ 177] INFEAS f=19145.421  a=19.8 b=161.1 gap=16.3 (face=4.6mm) n=[467, 790, 423, 180, 412, 279, 278]  no evaluation (geometry pre-check)
  [ 178] viol   f=14805.210  a=28.4 b=177.9 gap=15.5 (face=3.1mm) n=[673, 336, 415, 434, 539, 142, 473]  tape=2.472km B=13.16T unif=9.603% hoop=254MPa
  [ 179] OK     f=   2.374  a=34.4 b=145.1 gap=16.4 (face=4.9mm) n=[691, 599, 404, 533, 668, 98, 455]  tape=2.374km B=14.65T unif=0.625% hoop=280MPa
  [ 180] OK     f=   2.507  a=39.6 b=169.4 gap=15.5 (face=3.0mm) n=[583, 636, 307, 570, 469, 171, 398]  tape=2.507km B=12.19T unif=0.307% hoop=305MPa
  [ 181] INFEAS f=56267.776  a=12.9 b=165.6 gap=15.7 (face=3.4mm) n=[641, 705, 363, 627, 488, 419, 858]  no evaluation (geometry pre-check)
  [ 182] INFEAS f=1675.846  a=23.1 b=169.1 gap=15.6 (face=3.3mm) n=[507, 470, 590, 433, 602, 97, 355]  no evaluation (geometry pre-check)
  [ 183] OK     f=   2.524  a=39.8 b=140.5 gap=16.4 (face=4.7mm) n=[712, 612, 439, 592, 671, 204, 456]  tape=2.524km B=14.38T unif=0.344% hoop=338MPa
  [ 184] viol   f=  10.198  a=59.9 b=125.4 gap=15.5 (face=3.1mm) n=[267, 722, 461, 431, 601, 283, 156]  tape=2.018km B=7.98T unif=0.621% hoop=400MPa
  [ 185] OK     f=   2.505  a=32.5 b=182.8 gap=16.0 (face=3.9mm) n=[325, 545, 434, 548, 570, 124, 488]  tape=2.505km B=12.58T unif=0.077% hoop=252MPa
  [ 186] INFEAS f=51072.593  a=8.6 b=178.3 gap=15.7 (face=3.4mm) n=[502, 335, 159, 437, 593, 208, 715]  no evaluation (geometry pre-check)
  [ 187] INFEAS f=1387.181  a=34.7 b=154.1 gap=15.5 (face=3.0mm) n=[509, 585, 409, 440, 894, 78, 375]  no evaluation (geometry pre-check)
  [ 188] OK     f=   2.284  a=33.3 b=163.1 gap=15.6 (face=3.1mm) n=[384, 630, 479, 381, 502, 152, 453]  tape=2.284km B=12.15T unif=0.329% hoop=285MPa
  [ 189] INFEAS f=9185.873  a=20.2 b=195.0 gap=16.1 (face=4.1mm) n=[687, 494, 329, 300, 634, 86, 325]  no evaluation (geometry pre-check)
  [ 190] viol   f=   5.997  a=40.5 b=173.5 gap=16.4 (face=4.9mm) n=[629, 347, 206, 159, 409, 190, 473]  tape=2.017km B=8.59T unif=0.346% hoop=264MPa
  [ 191] viol   f=  62.557  a=37.0 b=158.1 gap=15.5 (face=3.0mm) n=[468, 890, 310, 459, 462, 258, 453]  tape=2.633km B=11.96T unif=1.547% hoop=380MPa
  [ 192] OK     f=   2.571  a=33.3 b=148.5 gap=16.1 (face=4.1mm) n=[378, 507, 663, 684, 707, 280, 440]  tape=2.571km B=14.73T unif=0.351% hoop=304MPa
  [ 193] OK     f=   2.580  a=30.4 b=169.8 gap=15.6 (face=3.2mm) n=[449, 330, 545, 479, 719, 118, 621]  tape=2.580km B=12.39T unif=0.217% hoop=283MPa
  [ 194] OK     f=   2.389  a=38.3 b=166.4 gap=15.7 (face=3.5mm) n=[348, 640, 611, 525, 156, 191, 585]  tape=2.389km B=11.94T unif=0.347% hoop=287MPa
  [ 195] INFEAS f=4912.226  a=19.5 b=146.9 gap=15.7 (face=3.4mm) n=[245, 599, 143, 596, 312, 125, 214]  no evaluation (geometry pre-check)
  [ 196] OK     f=   1.931  a=24.7 b=165.4 gap=16.0 (face=4.1mm) n=[387, 487, 305, 433, 384, 214, 396]  tape=1.931km B=12.47T unif=0.339% hoop=189MPa
  [ 197] viol   f=  33.122  a=54.8 b=183.9 gap=16.3 (face=4.6mm) n=[481, 406, 344, 234, 258, 88, 192]  tape=1.791km B=6.04T unif=0.307% hoop=341MPa
  [ 198] INFEAS f=1699.359  a=23.0 b=164.4 gap=15.6 (face=3.2mm) n=[236, 564, 460, 599, 274, 218, 396]  no evaluation (geometry pre-check)
  [ 199] OK     f=   3.253  a=37.7 b=171.4 gap=15.8 (face=3.5mm) n=[107, 482, 780, 872, 890, 89, 846]  tape=3.253km B=14.75T unif=0.595% hoop=295MPa
  [ 200] OK     f=   3.335  a=51.6 b=165.4 gap=15.5 (face=3.0mm) n=[475, 669, 638, 576, 532, 288, 836]  tape=3.335km B=10.58T unif=0.258% hoop=400MPa
  [ 201] OK     f=   2.544  a=38.5 b=158.2 gap=19.6 (face=11.3mm) n=[533, 276, 560, 666, 332, 119, 799]  tape=2.544km B=10.44T unif=0.136% hoop=286MPa
  [ 202] OK     f=   2.195  a=39.9 b=162.6 gap=15.7 (face=3.5mm) n=[411, 603, 278, 313, 381, 337, 480]  tape=2.195km B=10.08T unif=0.239% hoop=330MPa
  [ 203] OK     f=   2.644  a=44.9 b=146.4 gap=15.5 (face=3.0mm) n=[580, 517, 388, 544, 447, 175, 854]  tape=2.644km B=10.37T unif=0.272% hoop=400MPa
  [ 204] INFEAS f=1370.936  a=31.1 b=187.0 gap=17.1 (face=6.2mm) n=[362, 798, 640, 582, 279, 268, 680]  no evaluation (geometry pre-check)
  [ 205] INFEAS f=1276.542  a=24.3 b=150.5 gap=17.1 (face=6.1mm) n=[253, 537, 610, 504, 528, 255, 603]  no evaluation (geometry pre-check)
  [ 206] INFEAS f=1351.161  a=29.0 b=165.2 gap=15.6 (face=3.1mm) n=[480, 694, 422, 500, 740, 50, 733]  no evaluation (geometry pre-check)
  [ 207] INFEAS f=3868.197  a=18.1 b=162.5 gap=15.8 (face=3.6mm) n=[187, 538, 371, 490, 487, 131, 340]  no evaluation (geometry pre-check)
  [ 208] INFEAS f=1166.917  a=34.1 b=149.7 gap=16.6 (face=5.1mm) n=[599, 494, 407, 687, 436, 103, 862]  no evaluation (geometry pre-check)
  [ 209] OK     f=   2.533  a=45.0 b=145.4 gap=15.8 (face=3.7mm) n=[298, 480, 893, 634, 550, 57, 454]  tape=2.533km B=11.01T unif=0.170% hoop=383MPa
  [ 210] OK     f=   2.293  a=30.5 b=173.1 gap=15.5 (face=3.0mm) n=[209, 649, 484, 509, 294, 352, 339]  tape=2.293km B=11.93T unif=0.918% hoop=246MPa
  [ 211] OK     f=   2.822  a=42.1 b=159.2 gap=15.7 (face=3.3mm) n=[147, 534, 545, 870, 488, 471, 466]  tape=2.822km B=11.18T unif=0.111% hoop=400MPa
  [ 212] OK     f=   1.662  a=29.9 b=141.3 gap=18.5 (face=8.9mm) n=[493, 466, 434, 479, 323, 199, 152]  tape=1.662km B=11.90T unif=0.430% hoop=194MPa
  [ 213] OK     f=   2.043  a=37.8 b=158.2 gap=15.6 (face=3.2mm) n=[415, 473, 241, 339, 278, 495, 514]  tape=2.043km B=10.28T unif=0.245% hoop=282MPa
  [ 214] viol   f=  15.954  a=50.6 b=167.5 gap=16.6 (face=5.3mm) n=[247, 448, 180, 578, 355, 238, 396]  tape=2.023km B=7.36T unif=0.267% hoop=319MPa
  [ 215] OK     f=   2.395  a=38.6 b=174.8 gap=15.7 (face=3.5mm) n=[343, 793, 425, 256, 400, 64, 523]  tape=2.395km B=10.01T unif=0.618% hoop=315MPa
  [ 216] viol   f=   2.547  a=44.0 b=157.4 gap=20.7 (face=13.4mm) n=[342, 695, 416, 808, 233, 144, 499]  tape=2.475km B=9.81T unif=0.126% hoop=320MPa
  [ 217] OK     f=   2.354  a=41.0 b=164.8 gap=15.6 (face=3.3mm) n=[384, 809, 861, 308, 338, 55, 146]  tape=2.354km B=11.08T unif=0.201% hoop=319MPa
  [ 218] viol   f=  12.055  a=52.8 b=157.2 gap=17.5 (face=7.1mm) n=[238, 714, 397, 467, 478, 176, 182]  tape=2.142km B=7.77T unif=0.338% hoop=400MPa
  [ 219] INFEAS f=1947.826  a=26.4 b=148.1 gap=15.5 (face=3.1mm) n=[161, 452, 703, 445, 493, 366, 326]  no evaluation (geometry pre-check)
  [ 220] INFEAS f=11766.696  a=26.2 b=165.3 gap=15.7 (face=3.3mm) n=[587, 882, 861, 431, 417, 289, 386]  no evaluation (geometry pre-check)
  [ 221] INFEAS f=6479.027  a=23.3 b=153.2 gap=15.6 (face=3.3mm) n=[392, 357, 431, 729, 447, 318, 427]  no evaluation (geometry pre-check)
  [ 222] INFEAS f=1024.529  a=26.0 b=187.8 gap=15.5 (face=3.0mm) n=[346, 225, 367, 627, 323, 498, 56]  no evaluation (geometry pre-check)
  [ 223] INFEAS f=1550.010  a=25.9 b=163.7 gap=15.5 (face=3.0mm) n=[363, 669, 335, 319, 224, 297, 269]  no evaluation (geometry pre-check)
  [ 224] OK     f=   2.008  a=42.9 b=139.0 gap=15.6 (face=3.2mm) n=[621, 687, 522, 352, 364, 182, 150]  tape=2.008km B=10.97T unif=0.485% hoop=348MPa
  [ 225] viol   f=   2.328  a=37.1 b=156.3 gap=16.5 (face=5.0mm) n=[684, 328, 301, 503, 94, 358, 139]  tape=1.843km B=9.51T unif=0.314% hoop=288MPa
  [ 226] OK     f=   1.767  a=37.8 b=123.8 gap=16.2 (face=4.4mm) n=[240, 643, 432, 507, 292, 350, 347]  tape=1.767km B=10.77T unif=0.168% hoop=303MPa
  [ 227] OK     f=   2.095  a=44.2 b=138.8 gap=15.7 (face=3.4mm) n=[720, 676, 334, 493, 106, 345, 306]  tape=2.095km B=11.11T unif=0.545% hoop=333MPa
  [ 228] OK     f=   2.244  a=32.7 b=163.6 gap=17.2 (face=6.4mm) n=[254, 581, 709, 369, 504, 246, 208]  tape=2.244km B=11.31T unif=0.373% hoop=256MPa
  [ 229] viol   f=   2.530  a=41.0 b=146.2 gap=19.8 (face=11.6mm) n=[464, 539, 469, 497, 134, 361, 67]  tape=1.774km B=9.39T unif=0.288% hoop=260MPa
  [ 230] viol   f=  71.869  a=31.6 b=159.1 gap=16.4 (face=4.8mm) n=[382, 753, 319, 277, 564, 75, 343]  tape=2.090km B=10.77T unif=1.591% hoop=272MPa
  [ 231] OK     f=   2.130  a=45.2 b=109.8 gap=17.5 (face=6.9mm) n=[376, 896, 705, 460, 401, 431, 196]  tape=2.130km B=11.94T unif=0.549% hoop=400MPa
  [ 232] OK     f=   2.114  a=40.2 b=123.9 gap=15.6 (face=3.2mm) n=[344, 689, 322, 668, 392, 387, 578]  tape=2.114km B=12.59T unif=0.251% hoop=346MPa
  [ 233] OK     f=   1.951  a=35.5 b=130.4 gap=19.6 (face=11.2mm) n=[512, 804, 592, 610, 291, 116, 54]  tape=1.951km B=11.47T unif=0.301% hoop=266MPa
  [ 234] OK     f=   2.494  a=43.3 b=145.0 gap=17.8 (face=7.7mm) n=[536, 739, 529, 437, 534, 211, 443]  tape=2.494km B=11.87T unif=0.240% hoop=371MPa
  [ 235] INFEAS f=2885.084  a=26.4 b=136.9 gap=16.1 (face=4.2mm) n=[482, 733, 522, 554, 462, 176, 388]  no evaluation (geometry pre-check)
  [ 236] viol   f=   2.549  a=44.8 b=133.2 gap=15.9 (face=3.7mm) n=[396, 676, 466, 402, 471, 170, 58]  tape=1.803km B=9.39T unif=0.437% hoop=339MPa
  [ 237] viol   f=   4.520  a=46.9 b=152.5 gap=15.5 (face=3.0mm) n=[451, 323, 622, 509, 153, 334, 258]  tape=2.017km B=8.88T unif=0.340% hoop=349MPa
  [ 238] OK     f=   2.119  a=43.6 b=128.7 gap=19.6 (face=11.2mm) n=[364, 855, 566, 316, 647, 51, 320]  tape=2.119km B=10.44T unif=0.469% hoop=328MPa
  [ 239] viol   f=   7.725  a=44.3 b=154.6 gap=16.5 (face=5.0mm) n=[477, 900, 228, 237, 400, 169, 93]  tape=2.017km B=8.31T unif=0.514% hoop=400MPa
  [ 240] OK     f=   1.780  a=40.5 b=115.3 gap=15.5 (face=3.1mm) n=[359, 601, 407, 635, 282, 372, 343]  tape=1.780km B=11.36T unif=0.434% hoop=329MPa
  [ 241] viol   f=   1.904  a=36.6 b=149.0 gap=15.5 (face=3.1mm) n=[207, 706, 417, 341, 548, 210, 150]  tape=1.899km B=9.95T unif=0.271% hoop=278MPa
  [ 242] OK     f=   2.102  a=41.5 b=129.8 gap=16.5 (face=5.0mm) n=[406, 561, 446, 900, 180, 58, 500]  tape=2.102km B=10.07T unif=0.455% hoop=357MPa
  [ 243] viol   f=   3.083  a=41.7 b=110.0 gap=15.6 (face=3.2mm) n=[90, 897, 68, 312, 209, 529, 417]  tape=1.550km B=9.12T unif=0.697% hoop=268MPa
  [ 244] OK     f=   1.949  a=42.1 b=106.4 gap=16.5 (face=5.1mm) n=[242, 502, 299, 899, 318, 373, 610]  tape=1.949km B=10.52T unif=0.705% hoop=345MPa
  [ 245] OK     f=   2.018  a=43.2 b=124.1 gap=16.2 (face=4.4mm) n=[97, 898, 406, 450, 516, 164, 466]  tape=2.018km B=10.22T unif=0.645% hoop=366MPa
  [ 246] INFEAS f=1230.611  a=30.7 b=110.8 gap=15.8 (face=3.6mm) n=[411, 776, 590, 402, 126, 258, 129]  no evaluation (geometry pre-check)
  [ 247] OK     f=   2.116  a=33.5 b=118.9 gap=16.1 (face=4.2mm) n=[259, 637, 592, 762, 528, 402, 346]  tape=2.116km B=14.15T unif=0.156% hoop=290MPa
  [ 248] INFEAS f=21044.836  a=23.2 b=131.5 gap=21.1 (face=14.2mm) n=[419, 897, 513, 427, 531, 236, 58]  no evaluation (geometry pre-check)
  [ 249] viol   f=  12.097  a=33.8 b=91.4 gap=15.6 (face=3.2mm) n=[713, 588, 361, 564, 236, 296, 266]  tape=1.490km B=13.98T unif=1.230% hoop=274MPa
  [ 250] OK     f=   2.270  a=38.2 b=117.0 gap=17.5 (face=7.1mm) n=[573, 841, 796, 742, 463, 336, 60]  tape=2.270km B=15.70T unif=0.384% hoop=333MPa
  [ 251] OK     f=   2.180  a=36.9 b=132.5 gap=15.6 (face=3.2mm) n=[52, 620, 503, 733, 679, 300, 465]  tape=2.180km B=12.83T unif=0.231% hoop=289MPa
  [ 252] viol   f=  25.340  a=51.3 b=148.5 gap=16.0 (face=4.1mm) n=[209, 734, 277, 385, 191, 266, 57]  tape=1.657km B=6.56T unif=0.393% hoop=321MPa
  [ 253] OK     f=   1.887  a=36.0 b=141.5 gap=16.1 (face=4.2mm) n=[124, 656, 522, 784, 249, 78, 270]  tape=1.887km B=10.30T unif=0.064% hoop=245MPa
  [ 254] OK     f=   2.138  a=49.2 b=110.1 gap=15.7 (face=3.4mm) n=[96, 795, 581, 638, 499, 351, 604]  tape=2.138km B=12.10T unif=0.677% hoop=400MPa
  [ 255] OK     f=   2.131  a=36.7 b=141.5 gap=15.7 (face=3.4mm) n=[171, 764, 409, 649, 626, 323, 110]  tape=2.131km B=11.98T unif=0.818% hoop=281MPa
  [ 256] viol   f=   5.877  a=38.5 b=154.3 gap=15.8 (face=3.5mm) n=[204, 451, 217, 677, 415, 308, 188]  tape=1.879km B=8.59T unif=0.062% hoop=266MPa
  [ 257] viol   f= 384.668  a=37.0 b=112.8 gap=15.5 (face=3.1mm) n=[224, 884, 322, 668, 646, 269, 92]  tape=1.867km B=12.16T unif=2.383% hoop=283MPa
  [ 258] viol   f=   1.650  a=39.8 b=118.3 gap=17.4 (face=6.8mm) n=[235, 672, 180, 457, 661, 320, 166]  tape=1.634km B=9.91T unif=0.354% hoop=255MPa
  [ 259] viol   f=  23.445  a=43.6 b=158.2 gap=15.5 (face=3.0mm) n=[322, 390, 51, 519, 95, 93, 481]  tape=1.484km B=6.69T unif=0.259% hoop=254MPa
  [ 260] OK     f=   2.027  a=44.0 b=116.9 gap=15.5 (face=3.0mm) n=[188, 726, 443, 728, 492, 302, 441]  tape=2.027km B=12.03T unif=0.502% hoop=348MPa
  [ 261] OK     f=   1.970  a=40.5 b=113.4 gap=23.1 (face=18.2mm) n=[276, 519, 202, 738, 634, 566, 392]  tape=1.970km B=10.56T unif=0.403% hoop=267MPa
  [ 262] OK     f=   1.807  a=41.1 b=117.5 gap=15.9 (face=3.8mm) n=[310, 781, 349, 592, 510, 287, 68]  tape=1.807km B=10.77T unif=0.303% hoop=320MPa
  [ 263] viol   f=   8.580  a=33.7 b=146.2 gap=15.8 (face=3.6mm) n=[149, 434, 162, 469, 430, 161, 182]  tape=1.370km B=8.10T unif=0.200% hoop=177MPa
  [ 264] viol   f=   2.060  a=38.0 b=127.5 gap=16.8 (face=5.5mm) n=[129, 789, 144, 495, 558, 278, 218]  tape=1.727km B=9.59T unif=0.473% hoop=248MPa
  [ 265] OK     f=   2.086  a=51.3 b=105.3 gap=15.5 (face=3.0mm) n=[292, 886, 517, 879, 811, 110, 114]  tape=2.086km B=12.81T unif=0.744% hoop=364MPa
  [ 266] OK     f=   1.734  a=32.8 b=130.1 gap=16.4 (face=4.8mm) n=[120, 659, 522, 626, 600, 135, 120]  tape=1.734km B=12.26T unif=0.162% hoop=214MPa
  [ 267] OK     f=   2.053  a=44.5 b=126.3 gap=16.6 (face=5.2mm) n=[415, 726, 173, 899, 630, 68, 162]  tape=2.053km B=10.47T unif=0.373% hoop=312MPa
  [ 268] viol   f=   7.027  a=34.5 b=135.5 gap=17.7 (face=7.3mm) n=[189, 431, 53, 566, 651, 122, 278]  tape=1.523km B=8.34T unif=0.244% hoop=194MPa
  [ 269] OK     f=   1.983  a=32.2 b=142.8 gap=20.6 (face=13.2mm) n=[253, 672, 511, 639, 434, 251, 136]  tape=1.983km B=11.36T unif=0.348% hoop=222MPa
  [ 270] OK     f=   1.920  a=37.0 b=135.1 gap=15.5 (face=3.0mm) n=[52, 704, 486, 613, 321, 348, 336]  tape=1.920km B=11.23T unif=0.275% hoop=296MPa
  [ 271] viol   f=  46.260  a=36.0 b=125.3 gap=15.6 (face=3.2mm) n=[54, 827, 660, 604, 530, 269, 458]  tape=2.164km B=13.57T unif=1.470% hoop=287MPa
  [ 272] INFEAS f=1502.997  a=34.3 b=129.9 gap=18.8 (face=9.6mm) n=[82, 403, 244, 892, 519, 204, 429]  no evaluation (geometry pre-check)
  [ 273] OK     f=   1.889  a=35.8 b=113.5 gap=15.6 (face=3.1mm) n=[407, 638, 329, 853, 361, 285, 226]  tape=1.889km B=11.47T unif=0.191% hoop=330MPa
  [ 274] OK     f=   1.735  a=35.0 b=120.4 gap=15.6 (face=3.2mm) n=[255, 563, 563, 655, 624, 155, 120]  tape=1.735km B=12.37T unif=0.177% hoop=249MPa
  [ 275] viol   f=   4.925  a=39.0 b=116.8 gap=16.4 (face=4.7mm) n=[324, 573, 244, 339, 264, 439, 89]  tape=1.364km B=8.67T unif=0.463% hoop=266MPa
  [ 276] OK     f=   2.138  a=34.0 b=134.1 gap=15.5 (face=3.0mm) n=[267, 683, 610, 621, 758, 50, 290]  tape=2.138km B=13.64T unif=0.702% hoop=261MPa
  [ 277] INFEAS f=1241.994  a=35.0 b=123.4 gap=15.7 (face=3.3mm) n=[74, 893, 593, 880, 450, 434, 269]  no evaluation (geometry pre-check)
  [ 278] OK     f=   1.753  a=35.8 b=114.7 gap=15.8 (face=3.7mm) n=[401, 671, 519, 478, 438, 254, 226]  tape=1.753km B=12.27T unif=0.274% hoop=314MPa
  [ 279] viol   f=   1.622  a=37.8 b=116.1 gap=15.5 (face=3.1mm) n=[56, 529, 337, 684, 295, 306, 480]  tape=1.613km B=9.93T unif=0.283% hoop=283MPa
  [ 280] INFEAS f=1697.024  a=32.4 b=125.7 gap=15.7 (face=3.4mm) n=[93, 850, 545, 775, 629, 609, 520]  no evaluation (geometry pre-check)
  [ 281] viol   f=   2.355  a=48.9 b=116.9 gap=16.5 (face=5.1mm) n=[369, 394, 513, 436, 428, 117, 561]  tape=1.709km B=9.43T unif=0.558% hoop=391MPa  [a=39 b=151 nt=2931] KSP converged reason: 4, iterations: 1
  [a=46 b=165 nt=2551] KSP converged reason: 4, iterations: 1
  [a=39 b=201 nt=2614] KSP converged reason: 4, iterations: 1
  [a=67 b=133 nt=2442] KSP converged reason: 4, iterations: 1
  [a=49 b=182 nt=3673] KSP converged reason: 4, iterations: 1
  [a=45 b=140 nt=2935] KSP converged reason: 4, iterations: 1
  [a=80 b=173 nt=3046] KSP converged reason: 4, iterations: 1
  [a=58 b=160 nt=2616] KSP converged reason: 4, iterations: 1
  [a=54 b=168 nt=3117] KSP converged reason: 4, iterations: 1
  [a=59 b=108 nt=2581] KSP converged reason: 4, iterations: 1
  [a=60 b=131 nt=2922] KSP converged reason: 4, iterations: 1
  [a=44 b=147 nt=3750] KSP converged reason: 4, iterations: 1
  [a=50 b=151 nt=2711] KSP converged reason: 4, iterations: 1
  [a=62 b=197 nt=2940] KSP converged reason: 4, iterations: 1
  [a=40 b=164 nt=2201] KSP converged reason: 4, iterations: 1
  [a=34 b=152 nt=2895] KSP converged reason: 4, iterations: 1
  [a=49 b=170 nt=2181] KSP converged reason: 4, iterations: 1
  [a=50 b=170 nt=2085] KSP converged reason: 4, iterations: 1
  [a=31 b=186 nt=2608] KSP converged reason: 4, iterations: 1
  [a=49 b=163 nt=3299] KSP converged reason: 4, iterations: 1
  [a=38 b=183 nt=2684] KSP converged reason: 4, iterations: 1
  [a=42 b=159 nt=2541] KSP converged reason: 4, iterations: 1
  [a=34 b=145 nt=2462] KSP converged reason: 4, iterations: 1
  [a=31 b=153 nt=2026] KSP converged reason: 4, iterations: 1
  [a=28 b=165 nt=2595] KSP converged reason: 4, iterations: 1
  [a=34 b=145 nt=3448] KSP converged reason: 4, iterations: 1
  [a=40 b=140 nt=3686] KSP converged reason: 4, iterations: 1
  [a=55 b=184 nt=2003] KSP converged reason: 4, iterations: 1
  [a=31 b=173 nt=2836] KSP converged reason: 4, iterations: 1
  [a=39 b=175 nt=2804] KSP converged reason: 4, iterations: 1
  [a=41 b=165 nt=2901] KSP converged reason: 4, iterations: 1
  [a=33 b=164 nt=2871] KSP converged reason: 4, iterations: 1
  [a=35 b=130 nt=2979] KSP converged reason: 4, iterations: 1
  [a=44 b=129 nt=3119] KSP converged reason: 4, iterations: 1
  [a=43 b=124 nt=2997] KSP converged reason: 4, iterations: 1
  [a=38 b=117 nt=3811] KSP converged reason: 4, iterations: 1
  [a=38 b=154 nt=2460] KSP converged reason: 4, iterations: 1
  [a=44 b=158 nt=1951] KSP converged reason: 4, iterations: 1
  [a=33 b=130 nt=2782] KSP converged reason: 4, iterations: 1
  [a=32 b=143 nt=2896] KSP converged reason: 4, iterations: 1
  [a=34 b=134 nt=3279] KSP converged reason: 4, iterations: 1
  [a=31 b=130 nt=2922] KSP converged reason: 4, iterations: 1
  [a=39 b=107 nt=3043] KSP converged reason: 4, iterations: 1
  [a=38 b=118 nt=2570] KSP converged reason: 4, iterations: 1
  [a=46 b=111 nt=2583] KSP converged reason: 4, iterations: 1
  [a=59 b=180 nt=2826] KSP converged reason: 4, iterations: 1
  [a=30 b=188 nt=2349] KSP converged reason: 4, iterations: 1
  [a=60 b=171 nt=3031] KSP converged reason: 4, iterations: 1
  [a=37 b=173 nt=2869] KSP converged reason: 4, iterations: 1
  [a=62 b=165 nt=2239] KSP converged reason: 4, iterations: 1
  [a=70 b=166 nt=2208] KSP converged reason: 4, iterations: 1
  [a=42 b=162 nt=2676] KSP converged reason: 4, iterations: 1
  [a=35 b=187 nt=3439] KSP converged reason: 4, iterations: 1
  [a=51 b=138 nt=3124] KSP converged reason: 4, iterations: 1
  [a=82 b=164 nt=3700] KSP converged reason: 4, iterations: 1
  [a=63 b=140 nt=2890] KSP converged reason: 4, iterations: 1
  [a=51 b=175 nt=2883] KSP converged reason: 4, iterations: 1
  [a=26 b=161 nt=2996] KSP converged reason: 4, iterations: 1
  [a=52 b=172 nt=2867] KSP converged reason: 4, iterations: 1
  [a=41 b=210 nt=2113] KSP converged reason: 4, iterations: 1
  [a=34 b=171 nt=2495] KSP converged reason: 4, iterations: 1
  [a=36 b=190 nt=2509] KSP converged reason: 4, iterations: 1
  [a=31 b=168 nt=2833] KSP converged reason: 4, iterations: 1
  [a=38 b=161 nt=3244] KSP converged reason: 4, iterations: 1
  [a=34 b=145 nt=2934] KSP converged reason: 4, iterations: 1
  [a=31 b=173 nt=2797] KSP converged reason: 4, iterations: 1
  [a=60 b=125 nt=2921] KSP converged reason: 4, iterations: 1
  [a=33 b=148 nt=3659] KSP converged reason: 4, iterations: 1
  [a=40 b=163 nt=2803] KSP converged reason: 4, iterations: 1
  [a=44 b=157 nt=3137] KSP converged reason: 4, iterations: 1
  [a=53 b=157 nt=2652] KSP converged reason: 4, iterations: 1
  [a=38 b=124 nt=2811] KSP converged reason: 4, iterations: 1
  [a=40 b=124 nt=3380] KSP converged reason: 4, iterations: 1
  [a=41 b=130 nt=3051] KSP converged reason: 4, iterations: 1
  [a=51 b=148 nt=2119] KSP converged reason: 4, iterations: 1
  [a=37 b=113 nt=3105] KSP converged reason: 4, iterations: 1
  [a=34 b=146 nt=1987] KSP converged reason: 4, iterations: 1
  [a=39 b=117 nt=2272] KSP converged reason: 4, iterations: 1
  [a=49 b=117 nt=2818] KSP converged reason: 4, iterations: 1
  [a=39 b=116 nt=2614] KSP converged reason: 4, iterations: 1
  [a=35 b=100 nt=2775] KSP converged reason: 4, iterations: 1
  [a=31 b=113 nt=2328] KSP converged reason: 4, iterations: 1
  [a=52 b=196 nt=2720] KSP converged reason: 4, iterations: 1
  [a=67 b=173 nt=3088] KSP converged reason: 4, iterations: 1
  [a=62 b=151 nt=3281] KSP converged reason: 4, iterations: 1
  [a=60 b=200 nt=3172] KSP converged reason: 4, iterations: 1
  [a=66 b=158 nt=3317] KSP converged reason: 4, iterations: 1
  [a=49 b=149 nt=2335] KSP converged reason: 4, iterations: 1
  [a=43 b=168 nt=2587] KSP converged reason: 4, iterations: 1
  [a=60 b=114 nt=3678] KSP converged reason: 4, iterations: 1
  [a=43 b=139 nt=2742] KSP converged reason: 4, iterations: 1
  [a=60 b=192 nt=4153] KSP converged reason: 4, iterations: 1
  [a=27 b=160 nt=2654] KSP converged reason: 4, iterations: 1
  [a=46 b=167 nt=3206] KSP converged reason: 4, iterations: 1
  [a=45 b=167 nt=1615] KSP converged reason: 4, iterations: 1
  [a=29 b=181 nt=3169] KSP converged reason: 4, iterations: 1
  [a=35 b=170 nt=2513] KSP converged reason: 4, iterations: 1
  [a=36 b=163 nt=2850] KSP converged reason: 4, iterations: 1
  [a=26 b=173 nt=2377] KSP converged reason: 4, iterations: 1
  [a=38 b=159 nt=2469] KSP converged reason: 4, iterations: 1
  [a=24 b=176 nt=1723] KSP converged reason: 4, iterations: 1
  [a=37 b=158 nt=3300] KSP converged reason: 4, iterations: 1
  [a=38 b=171 nt=4066] KSP converged reason: 4, iterations: 1
  [a=42 b=159 nt=3521] KSP converged reason: 4, iterations: 1
  [a=41 b=146 nt=2531] KSP converged reason: 4, iterations: 1
  [a=47 b=153 nt=2650] KSP converged reason: 4, iterations: 1
  [a=37 b=149 nt=2579] KSP converged reason: 4, iterations: 1
  [a=36 b=141 nt=2683] KSP converged reason: 4, iterations: 1
  [a=40 b=118 nt=2691] KSP converged reason: 4, iterations: 1
  [a=38 b=127 nt=2611] KSP converged reason: 4, iterations: 1
  [a=45 b=126 nt=3073] KSP converged reason: 4, iterations: 1
  [a=36 b=113 nt=3099] KSP converged reason: 4, iterations: 1
  [a=38 b=116 nt=2687] KSP converged reason: 4, iterations: 1
  [a=43 b=101 nt=3167] KSP converged reason: 4, iterations: 1
  [a=40 b=125 nt=2781] KSP converged reason: 4, iterations: 1
  [a=34 b=131 nt=2936] KSP converged reason: 4, iterations: 1
  [a=45 b=117 nt=2847] KSP converged reason: 4, iterations: 1
  [a=52 b=132 nt=2031] KSP converged reason: 4, iterations: 1
  [a=91 b=156 nt=2029] KSP converged reason: 4, iterations: 1
  [a=65 b=167 nt=3360] KSP converged reason: 4, iterations: 1
  [a=49 b=181 nt=3101] KSP converged reason: 4, iterations: 1
  [a=82 b=169 nt=2454] KSP converged reason: 4, iterations: 1
  [a=58 b=154 nt=2516] KSP converged reason: 4, iterations: 1
  [a=59 b=161 nt=3309] KSP converged reason: 4, iterations: 1
  [a=35 b=149 nt=3373] KSP converged reason: 4, iterations: 1
  [a=41 b=156 nt=3114] KSP converged reason: 4, iterations: 1
  [a=50 b=143 nt=2975] KSP converged reason: 4, iterations: 1
  [a=46 b=144 nt=2910] KSP converged reason: 4, iterations: 1
  [a=37 b=114 nt=2902] KSP converged reason: 4, iterations: 1
  [a=52 b=76 nt=3466] KSP converged reason: 4, iterations: 1
  [a=67 b=132 nt=2976] KSP converged reason: 4, iterations: 1
  [a=40 b=132 nt=2629] KSP converged reason: 4, iterations: 1
  [a=38 b=147 nt=3425] KSP converged reason: 4, iterations: 1
  [a=51 b=189 nt=3249] KSP converged reason: 4, iterations: 1
  [a=27 b=174 nt=2538] KSP converged reason: 4, iterations: 1
  [a=26 b=172 nt=1786] KSP converged reason: 4, iterations: 1
  [a=42 b=151 nt=3220] KSP converged reason: 4, iterations: 1
  [a=73 b=185 nt=3346] KSP converged reason: 4, iterations: 1
  [a=36 b=154 nt=2285] KSP converged reason: 4, iterations: 1
  [a=44 b=157 nt=2632] KSP converged reason: 4, iterations: 1
  [a=32 b=167 nt=2710] KSP converged reason: 4, iterations: 1
  [a=34 b=156 nt=3645] KSP converged reason: 4, iterations: 1
  [a=28 b=178 nt=3012] KSP converged reason: 4, iterations: 1
  [a=33 b=183 nt=3034] KSP converged reason: 4, iterations: 1
  [a=25 b=165 nt=2606] KSP converged reason: 4, iterations: 1
  [a=45 b=146 nt=3505] KSP converged reason: 4, iterations: 1
  [a=51 b=168 nt=2442] KSP converged reason: 4, iterations: 1
  [a=44 b=139 nt=2980] KSP converged reason: 4, iterations: 1
  [a=45 b=110 nt=3465] KSP converged reason: 4, iterations: 1
  [a=44 b=155 nt=2504] KSP converged reason: 4, iterations: 1
  [a=42 b=106 nt=3243] KSP converged reason: 4, iterations: 1
  [a=37 b=132 nt=3352] KSP converged reason: 4, iterations: 1
  [a=41 b=118 nt=2897] KSP converged reason: 4, iterations: 1
  [a=35 b=135 nt=2290] KSP converged reason: 4, iterations: 1
  [a=35 b=120 nt=2935] KSP converged reason: 4, iterations: 1
  [a=38 b=121 nt=2840] KSP converged reason: 4, iterations: 1
  [a=35 b=124 nt=2650] KSP converged reason: 4, iterations: 1
  [a=33 b=128 nt=2349] KSP converged reason: 4, iterations: 1
  [a=39 b=111 nt=2572] KSP converged reason: 4, iterations: 1
  [a=44 b=114 nt=2618] KSP converged reason: 4, iterations: 1
  [a=39 b=189 nt=3462] KSP converged reason: 4, iterations: 1
  [a=70 b=171 nt=3648] KSP converged reason: 4, iterations: 1
  [a=81 b=186 nt=2833] KSP converged reason: 4, iterations: 1
  [a=29 b=206 nt=2751] KSP converged reason: 4, iterations: 1
  [a=64 b=181 nt=2563] KSP converged reason: 4, iterations: 1
  [a=37 b=202 nt=3075] KSP converged reason: 4, iterations: 1
  [a=56 b=146 nt=2632] KSP converged reason: 4, iterations: 1
  [a=49 b=117 nt=3877] KSP converged reason: 4, iterations: 1
  [a=34 b=194 nt=3229] KSP converged reason: 4, iterations: 1
  [a=40 b=158 nt=2998] KSP converged reason: 4, iterations: 1
  [a=48 b=177 nt=2699] KSP converged reason: 4, iterations: 1
  [a=37 b=163 nt=2470] KSP converged reason: 4, iterations: 1
  [a=38 b=194 nt=3246] KSP converged reason: 4, iterations: 1
  [a=39 b=200 nt=2022] KSP converged reason: 4, iterations: 1
  [a=63 b=161 nt=2862] KSP converged reason: 4, iterations: 1
  [a=51 b=185 nt=2595] KSP converged reason: 4, iterations: 1
  [a=43 b=190 nt=2527] KSP converged reason: 4, iterations: 1
  [a=48 b=204 nt=2778] KSP converged reason: 4, iterations: 1
  [a=35 b=171 nt=2630] KSP converged reason: 4, iterations: 1
  [a=59 b=164 nt=2748] KSP converged reason: 4, iterations: 1
  [a=33 b=163 nt=2981] KSP converged reason: 4, iterations: 1
  [a=38 b=166 nt=3056] KSP converged reason: 4, iterations: 1
  [a=39 b=158 nt=3285] KSP converged reason: 4, iterations: 1
  [a=38 b=158 nt=2755] KSP converged reason: 4, iterations: 1
  [a=43 b=139 nt=2878] KSP converged reason: 4, iterations: 1
  [a=43 b=145 nt=3429] KSP converged reason: 4, iterations: 1
  [a=42 b=110 nt=2522] KSP converged reason: 4, iterations: 1
  [a=34 b=91 nt=3024] KSP converged reason: 4, iterations: 1
  [a=37 b=142 nt=3052] KSP converged reason: 4, iterations: 1
  [a=44 b=117 nt=3320] KSP converged reason: 4, iterations: 1
  [a=51 b=105 nt=3609] KSP converged reason: 4, iterations: 1
  [a=37 b=135 nt=2860] KSP converged reason: 4, iterations: 1
  [a=36 b=115 nt=2987] KSP converged reason: 4, iterations: 1
  [a=36 b=118 nt=2511] KSP converged reason: 4, iterations: 1
  [a=46 b=106 nt=2436] KSP converged reason: 4, iterations: 1
  [a=44 b=119 nt=2088] KSP converged reason: 4, iterations: 1
  [a=41 b=106 nt=2239] KSP converged reason: 4, iterations: 1
  [a=42 b=149 nt=2548] KSP converged reason: 4, iterations: 1
  [a=63 b=161 nt=3371] KSP converged reason: 4, iterations: 1
  [a=77 b=170 nt=2965] KSP converged reason: 4, iterations: 1
  [a=70 b=184 nt=2576] KSP converged reason: 4, iterations: 1
  [a=53 b=171 nt=2780] KSP converged reason: 4, iterations: 1
  [a=42 b=150 nt=2675] KSP converged reason: 4, iterations: 1
  [a=48 b=174 nt=3337] KSP converged reason: 4, iterations: 1
  [a=42 b=125 nt=2326] KSP converged reason: 4, iterations: 1
  [a=50 b=116 nt=3696] KSP converged reason: 4, iterations: 1
  [a=36 b=174 nt=2832] KSP converged reason: 4, iterations: 1
  [a=70 b=143 nt=2716] KSP converged reason: 4, iterations: 1
  [a=44 b=165 nt=2926] KSP converged reason: 4, iterations: 1
  [a=47 b=162 nt=2920] KSP converged reason: 4, iterations: 1
  [a=43 b=164 nt=2840] KSP converged reason: 4, iterations: 1
  [a=69 b=168 nt=2595] KSP converged reason: 4, iterations: 1
  [a=29 b=186 nt=2405] KSP converged reason: 4, iterations: 1
  [a=30 b=183 nt=2245] KSP converged reason: 4, iterations: 1
  [a=38 b=177 nt=3594] KSP converged reason: 4, iterations: 1
  [a=33 b=183 nt=2412] KSP converged reason: 4, iterations: 1
  [a=31 b=213 nt=3139] KSP converged reason: 4, iterations: 1
  [a=29 b=162 nt=2796] KSP converged reason: 4, iterations: 1
  [a=38 b=140 nt=2326] KSP converged reason: 4, iterations: 1
  [a=31 b=168 nt=2502] KSP converged reason: 4, iterations: 1
  [a=40 b=169 nt=3134] KSP converged reason: 4, iterations: 1
  [a=40 b=174 nt=2413] KSP converged reason: 4, iterations: 1
  [a=30 b=170 nt=3261] KSP converged reason: 4, iterations: 1
  [a=52 b=165 nt=4014] KSP converged reason: 4, iterations: 1
  [a=45 b=145 nt=3366] KSP converged reason: 4, iterations: 1
  [a=30 b=141 nt=2546] KSP converged reason: 4, iterations: 1
  [a=37 b=156 nt=2407] KSP converged reason: 4, iterations: 1
  [a=32 b=159 nt=2713] KSP converged reason: 4, iterations: 1
  [a=45 b=133 nt=2639] KSP converged reason: 4, iterations: 1
  [a=40 b=115 nt=2999] KSP converged reason: 4, iterations: 1
  [a=33 b=119 nt=3526] KSP converged reason: 4, iterations: 1
  [a=49 b=110 nt=3564] KSP converged reason: 4, iterations: 1
  [a=41 b=113 nt=3327] KSP converged reason: 4, iterations: 1
  [a=36 b=125 nt=3402] KSP converged reason: 4, iterations: 1
  [a=49 b=108 nt=3469] KSP converged reason: 4, iterations: 1
  [a=34 b=121 nt=2898] KSP converged reason: 4, iterations: 1
  [a=33 b=145 nt=2854] KSP converged reason: 4, iterations: 1
  [a=40 b=118 nt=2282] KSP converged reason: 4, iterations: 1
  [a=39 b=134 nt=2706] KSP converged reason: 4, iterations: 1

  [ 282] OK     f=   1.492  a=36.0 b=118.1 gap=15.7 (face=3.4mm) n=[113, 625, 438, 650, 280, 321, 84]  tape=1.492km B=10.33T unif=0.438% hoop=241MPa
  [ 283] OK     f=   2.029  a=48.5 b=108.1 gap=17.5 (face=7.0mm) n=[193, 570, 770, 755, 522, 482, 177]  tape=2.029km B=11.93T unif=0.598% hoop=362MPa
  [ 284] OK     f=   1.711  a=38.4 b=120.6 gap=15.5 (face=3.1mm) n=[77, 644, 470, 576, 521, 133, 419]  tape=1.711km B=11.26T unif=0.454% hoop=274MPa
  [ 285] OK     f=   1.817  a=30.6 b=129.8 gap=15.6 (face=3.2mm) n=[70, 620, 519, 519, 417, 368, 409]  tape=1.817km B=12.82T unif=0.353% hoop=233MPa
  [ 286] OK     f=   1.837  a=43.4 b=101.2 gap=15.7 (face=3.4mm) n=[337, 629, 393, 886, 485, 237, 200]  tape=1.837km B=10.96T unif=0.711% hoop=366MPa
  [ 287] OK     f=   1.785  a=40.0 b=125.4 gap=15.7 (face=3.4mm) n=[214, 671, 353, 570, 257, 254, 462]  tape=1.785km B=10.27T unif=0.333% hoop=316MPa
  [ 288] viol   f=   3.735  a=46.2 b=106.1 gap=15.8 (face=3.6mm) n=[143, 675, 392, 502, 579, 50, 95]  tape=1.388km B=8.92T unif=0.740% hoop=289MPa
  [ 289] OK     f=   1.688  a=35.4 b=123.6 gap=15.5 (face=3.0mm) n=[229, 592, 433, 799, 419, 56, 122]  tape=1.688km B=10.09T unif=0.385% hoop=278MPa
  [ 290] OK     f=   1.729  a=34.2 b=121.1 gap=15.5 (face=3.0mm) n=[122, 561, 587, 452, 637, 263, 276]  tape=1.729km B=12.14T unif=0.394% hoop=245MPa
  [ 291] OK     f=   1.774  a=38.9 b=107.2 gap=15.6 (face=3.1mm) n=[296, 647, 485, 820, 392, 181, 222]  tape=1.774km B=11.34T unif=0.412% hoop=326MPa
  [ 292] INFEAS f=4316.016  a=24.2 b=137.7 gap=15.7 (face=3.3mm) n=[273, 469, 413, 711, 504, 51, 57]  no evaluation (geometry pre-check)
  [ 293] viol   f=  12.981  a=44.5 b=118.6 gap=17.4 (face=6.8mm) n=[223, 529, 377, 477, 305, 51, 126]  tape=1.272km B=7.58T unif=0.551% hoop=261MPa
  [ 294] OK     f=   1.451  a=33.1 b=128.2 gap=16.0 (face=3.9mm) n=[285, 400, 463, 525, 413, 177, 86]  tape=1.451km B=10.02T unif=0.259% hoop=232MPa
  [ 295] viol   f=   3.760  a=34.5 b=130.7 gap=15.7 (face=3.4mm) n=[81, 738, 664, 750, 397, 241, 65]  tape=1.866km B=13.10T unif=1.097% hoop=234MPa
  [ 296] OK     f=   1.948  a=33.0 b=144.8 gap=15.5 (face=3.0mm) n=[58, 710, 710, 729, 409, 76, 162]  tape=1.948km B=13.44T unif=0.368% hoop=215MPa
  [ 297] INFEAS f=4834.189  a=24.1 b=121.3 gap=17.1 (face=6.2mm) n=[309, 440, 296, 719, 620, 178, 50]  no evaluation (geometry pre-check)
  [ 298] viol   f=   1.616  a=38.8 b=116.4 gap=15.6 (face=3.1mm) n=[50, 612, 472, 755, 261, 337, 127]  tape=1.592km B=9.89T unif=0.351% hoop=270MPa
  [ 299] OK     f=   1.500  a=35.1 b=99.8 gap=16.0 (face=4.0mm) n=[79, 492, 546, 803, 448, 333, 74]  tape=1.500km B=10.61T unif=0.933% hoop=274MPa
  [ 300] OK     f=   1.559  a=37.6 b=117.6 gap=15.6 (face=3.2mm) n=[217, 702, 509, 598, 198, 158, 188]  tape=1.559km B=10.39T unif=0.277% hoop=249MPa
  [ 301] OK     f=   1.715  a=45.1 b=117.4 gap=16.5 (face=5.0mm) n=[201, 618, 374, 578, 603, 359, 114]  tape=1.715km B=10.25T unif=0.516% hoop=305MPa
  [ 302] viol   f=   5.433  a=39.7 b=118.1 gap=15.6 (face=3.3mm) n=[224, 612, 194, 707, 236, 173, 136]  tape=1.413km B=8.58T unif=0.353% hoop=244MPa
  [ 303] viol   f=   8.517  a=40.9 b=105.7 gap=15.5 (face=3.0mm) n=[131, 467, 431, 762, 235, 105, 108]  tape=1.303km B=8.10T unif=0.529% hoop=277MPa
  [ 304] INFEAS f=1000.100  a=23.2 b=125.2 gap=18.3 (face=8.6mm) n=[208, 539, 500, 512, 303, 144, 136]  no evaluation (geometry pre-check)
  [ 305] viol   f=   3.082  a=39.1 b=111.0 gap=15.9 (face=3.8mm) n=[169, 510, 402, 798, 137, 392, 164]  tape=1.552km B=9.13T unif=0.358% hoop=287MPa
  [ 306] OK     f=   1.297  a=30.6 b=113.3 gap=16.0 (face=3.9mm) n=[113, 541, 347, 575, 343, 351, 58]  tape=1.297km B=10.31T unif=0.262% hoop=208MPa
  [ 307] viol   f=   4.214  a=46.3 b=111.4 gap=16.6 (face=5.3mm) n=[122, 583, 333, 694, 367, 369, 115]  tape=1.556km B=8.85T unif=0.572% hoop=335MPa
  [ 308] viol   f=   2.055  a=41.9 b=149.3 gap=15.5 (face=3.0mm) n=[171, 575, 586, 551, 196, 183, 286]  tape=1.844km B=9.67T unif=0.332% hoop=253MPa
  [ 309] OK     f=   1.775  a=39.4 b=134.0 gap=15.5 (face=3.0mm) n=[142, 598, 477, 564, 513, 186, 226]  tape=1.775km B=10.66T unif=0.337% hoop=268MPa
  [ 310] viol   f=   2.413  a=43.7 b=113.6 gap=16.2 (face=4.5mm) n=[353, 588, 250, 710, 443, 223, 51]  tape=1.586km B=9.36T unif=0.501% hoop=311MPa

==========================================================================================
CMA-ES finished: 310 evaluations in 10.2 min
==========================================================================================

Best feasible design found:
  a_mm             30.620185668528755
  b_mm             113.27359496866337
  gap_mm           15.965531441998277
  face_gap_mm      3.9310628839965522
  n_turns          [113, 541, 347, 575, 343, 351, 58]
  n_total          2328
  tape_km          1.2971741064847329
  B_target_T       10.313216287864504
  uniformity_pct   0.26222444383186877
  hoop_MPa         207.64625984690252
  delam_MPa        14.889612078214585
  I_quench_A       405.97396728033084
  I_op_A           223.3080128054625
  binding          quench/SF
  clip_frac        0.2470534904805077

Full evaluation history -> optimize/cmaes_history.csv
Best design            -> optimize/cmaes_results.csv
Appended 310 rows to cumulative master log -> optimize/cmaes_all_evaluations.csv

Figures -> /home/gerrityjack/fenicsx/Racetrack-Coil-Optimization/visualization/cmaes_convergence.png, cmaes_constraints.png, cmaes_variables.png, cmaes_overview.png
Cumulative parameter-space map -> visualization/cmaes_param_map.png (22460 evaluations, 72 runs)
