Starting CMA-ES: 10 variables, budget 300 evaluations, target B >= 10.0 T, uniformity <= 1.0%, hoop <= 400 MPa, coil-coil face gap >= 3 mm

Parallel mode: 6 worker processes per generation.
  [   1] viol   f=  18.569  a=83.7 b=196.9 gap=44.3 (face=60.6mm) n=[869, 879, 275, 429, 898, 555, 820]  tape=4.783km B=7.37T unif=0.142% hoop=400MPa
  [   2] viol   f=  29.533  a=89.4 b=193.7 gap=42.4 (face=56.8mm) n=[501, 610, 395, 711, 772, 809, 746]  tape=4.586km B=6.47T unif=0.170% hoop=400MPa
  [   3] viol   f=  37.642  a=96.0 b=195.8 gap=44.1 (face=60.1mm) n=[473, 866, 148, 215, 610, 850, 874]  tape=4.193km B=5.91T unif=0.172% hoop=400MPa
  [   4] viol   f=   4.310  a=38.4 b=176.6 gap=41.4 (face=54.7mm) n=[897, 606, 61, 881, 895, 738, 636]  tape=3.868km B=9.53T unif=0.449% hoop=235MPa
  [   5] viol   f=  14.498  a=67.7 b=193.9 gap=41.2 (face=54.4mm) n=[234, 415, 344, 900, 759, 781, 819]  tape=4.146km B=7.72T unif=0.155% hoop=392MPa
  [   6] viol   f=  37.797  a=99.9 b=171.1 gap=44.9 (face=61.9mm) n=[481, 447, 254, 893, 571, 884, 874]  tape=4.200km B=5.90T unif=0.221% hoop=400MPa
  [   7] viol   f=  24.957  a=83.0 b=184.2 gap=42.5 (face=57.0mm) n=[731, 676, 129, 807, 430, 669, 598]  tape=3.887km B=6.75T unif=0.180% hoop=400MPa
  [   8] viol   f=   5.825  a=57.7 b=216.7 gap=44.4 (face=60.7mm) n=[864, 880, 199, 792, 844, 900, 431]  tape=5.027km B=9.37T unif=0.190% hoop=331MPa
  [   9] viol   f=  41.891  a=94.3 b=214.2 gap=45.0 (face=62.0mm) n=[760, 432, 280, 593, 840, 699, 562]  tape=4.654km B=5.69T unif=0.143% hoop=400MPa
  [  10] INFEAS f=5697.387  a=30.1 b=195.8 gap=44.2 (face=60.4mm) n=[742, 848, 338, 875, 203, 649, 897]  no evaluation (geometry pre-check)
  [  11] INFEAS f=62422.981  a=13.2 b=188.5 gap=44.5 (face=61.1mm) n=[900, 900, 229, 698, 525, 866, 375]  no evaluation (geometry pre-check)
  [  12] viol   f=   8.182  a=47.8 b=213.0 gap=43.7 (face=59.5mm) n=[757, 723, 96, 783, 556, 879, 633]  tape=4.418km B=8.63T unif=0.222% hoop=288MPa
  [  13] INFEAS f=48596.111  a=16.1 b=203.6 gap=45.0 (face=62.0mm) n=[900, 864, 63, 678, 854, 898, 762]  no evaluation (geometry pre-check)
  [  14] viol   f=  15.988  a=40.3 b=207.6 gap=45.0 (face=62.0mm) n=[409, 561, 247, 793, 819, 900, 501]  tape=4.114km B=7.56T unif=0.250% hoop=253MPa
  [  15] viol   f=  13.867  a=75.5 b=211.9 gap=43.8 (face=59.5mm) n=[715, 328, 319, 817, 855, 872, 891]  tape=5.034km B=7.90T unif=0.119% hoop=400MPa
  [  16] viol   f=   6.891  a=42.4 b=207.2 gap=44.7 (face=61.4mm) n=[884, 791, 209, 775, 888, 254, 880]  tape=4.444km B=8.89T unif=0.353% hoop=237MPa
  [  17] viol   f=  45.497  a=93.0 b=195.2 gap=44.8 (face=61.7mm) n=[483, 628, 50, 725, 589, 741, 457]  tape=3.756km B=5.43T unif=0.172% hoop=400MPa
  [  18] viol   f=   4.051  a=53.5 b=157.1 gap=41.2 (face=54.5mm) n=[749, 549, 555, 762, 405, 837, 857]  tape=3.700km B=9.58T unif=0.241% hoop=400MPa
  [  19] INFEAS f=1043.890  a=34.8 b=183.3 gap=44.7 (face=61.5mm) n=[744, 663, 233, 866, 683, 686, 840]  no evaluation (geometry pre-check)
  [  20] viol   f=  11.756  a=73.8 b=172.4 gap=42.5 (face=57.1mm) n=[477, 774, 81, 805, 831, 897, 776]  tape=4.120km B=8.05T unif=0.181% hoop=400MPa
  [  21] viol   f=   8.784  a=61.3 b=167.5 gap=45.0 (face=61.9mm) n=[687, 484, 312, 899, 557, 717, 882]  tape=3.879km B=8.43T unif=0.194% hoop=371MPa
  [  22] viol   f=   4.966  a=53.0 b=209.0 gap=41.6 (face=55.3mm) n=[895, 439, 338, 814, 772, 899, 809]  tape=4.902km B=9.82T unif=0.198% hoop=322MPa
  [  23] viol   f=  13.376  a=48.4 b=213.6 gap=43.5 (face=59.1mm) n=[450, 488, 121, 863, 851, 678, 894]  tape=4.357km B=7.88T unif=0.211% hoop=302MPa
  [  24] viol   f=  10.226  a=80.5 b=184.5 gap=28.4 (face=28.8mm) n=[896, 899, 114, 762, 769, 768, 898]  tape=4.801km B=8.35T unif=0.229% hoop=400MPa
  [  25] viol   f=   4.262  a=47.1 b=183.1 gap=40.9 (face=53.9mm) n=[649, 844, 277, 838, 537, 892, 761]  tape=4.196km B=9.82T unif=0.273% hoop=295MPa
  [  26] viol   f=  14.868  a=76.9 b=139.3 gap=44.5 (face=61.0mm) n=[746, 513, 549, 397, 799, 759, 765]  tape=3.445km B=7.61T unif=0.237% hoop=400MPa
  [  27] viol   f=   8.536  a=52.6 b=201.8 gap=39.2 (face=50.3mm) n=[766, 155, 163, 810, 881, 882, 477]  tape=3.968km B=8.49T unif=0.186% hoop=271MPa
  [  28] viol   f=   6.529  a=46.4 b=158.9 gap=41.6 (face=55.2mm) n=[429, 788, 279, 860, 524, 582, 863]  tape=3.385km B=8.75T unif=0.279% hoop=297MPa
  [  29] viol   f=  40.456  a=79.8 b=184.9 gap=44.2 (face=60.4mm) n=[890, 477, 129, 656, 701, 584, 580]  tape=3.924km B=5.73T unif=0.171% hoop=400MPa
  [  30] viol   f=   5.399  a=39.7 b=185.8 gap=44.9 (face=61.7mm) n=[700, 600, 573, 760, 591, 881, 896]  tape=4.357km B=9.28T unif=0.297% hoop=297MPa
  [  31] INFEAS f=6661.074  a=29.0 b=196.3 gap=42.8 (face=57.5mm) n=[885, 623, 153, 705, 676, 816, 883]  no evaluation (geometry pre-check)
  [  32] viol   f=  12.099  a=38.7 b=198.4 gap=44.7 (face=61.4mm) n=[749, 731, 190, 534, 344, 890, 817]  tape=3.940km B=7.98T unif=0.319% hoop=243MPa
  [  33] viol   f=   7.610  a=58.0 b=193.8 gap=45.0 (face=62.0mm) n=[765, 680, 193, 530, 835, 795, 887]  tape=4.410km B=8.74T unif=0.166% hoop=342MPa
  [  34] viol   f=   9.120  a=63.2 b=202.2 gap=41.5 (face=54.9mm) n=[628, 615, 486, 898, 803, 833, 674]  tape=4.899km B=8.55T unif=0.138% hoop=400MPa
  [  35] viol   f=   7.195  a=41.8 b=172.3 gap=43.7 (face=59.3mm) n=[695, 654, 645, 662, 82, 781, 899]  tape=3.650km B=8.67T unif=0.283% hoop=286MPa
  [  36] viol   f=  11.583  a=71.5 b=187.5 gap=43.3 (face=58.6mm) n=[846, 775, 304, 876, 345, 750, 744]  tape=4.392km B=8.10T unif=0.146% hoop=400MPa
  [  37] viol   f=   4.371  a=60.4 b=159.9 gap=42.4 (face=56.9mm) n=[640, 851, 215, 848, 620, 873, 704]  tape=3.836km B=9.48T unif=0.235% hoop=367MPa
  [  38] viol   f=  18.220  a=75.5 b=219.3 gap=44.9 (face=61.7mm) n=[800, 797, 644, 900, 492, 900, 495]  tape=5.449km B=7.47T unif=0.095% hoop=400MPa
  [  39] OK     f=   3.893  a=45.2 b=166.9 gap=39.3 (face=50.6mm) n=[643, 773, 307, 822, 868, 648, 798]  tape=3.893km B=10.42T unif=0.297% hoop=288MPa
  [  40] INFEAS f=6276.700  a=28.4 b=171.7 gap=44.5 (face=61.0mm) n=[725, 861, 382, 524, 762, 675, 838]  no evaluation (geometry pre-check)
  [  41] viol   f=  14.729  a=49.4 b=173.8 gap=43.6 (face=59.1mm) n=[736, 502, 66, 805, 606, 279, 880]  tape=3.305km B=7.61T unif=0.219% hoop=267MPa
  [  42] OK     f=   3.889  a=52.2 b=158.8 gap=38.3 (face=48.6mm) n=[851, 900, 271, 834, 488, 732, 893]  tape=3.889km B=10.96T unif=0.273% hoop=324MPa
  [  43] viol   f=  12.948  a=40.4 b=146.6 gap=44.8 (face=61.5mm) n=[743, 381, 176, 868, 425, 583, 898]  tape=2.965km B=7.77T unif=0.332% hoop=248MPa
  [  44] viol   f=   6.070  a=33.4 b=127.8 gap=42.8 (face=57.7mm) n=[777, 526, 246, 801, 714, 658, 630]  tape=2.689km B=8.70T unif=0.558% hoop=208MPa
  [  45] viol   f=   7.248  a=37.4 b=162.4 gap=42.7 (face=57.4mm) n=[557, 526, 195, 786, 881, 889, 874]  tape=3.606km B=8.65T unif=0.348% hoop=240MPa
  [  46] viol   f=   7.652  a=53.3 b=171.7 gap=43.9 (face=59.8mm) n=[312, 738, 571, 782, 784, 658, 544]  tape=3.671km B=8.59T unif=0.249% hoop=327MPa
  [  47] viol   f=  17.414  a=45.6 b=171.6 gap=42.1 (face=56.2mm) n=[101, 441, 357, 784, 625, 788, 781]  tape=3.179km B=7.33T unif=0.277% hoop=255MPa
  [  48] viol   f=   7.637  a=67.4 b=208.5 gap=40.7 (face=53.4mm) n=[707, 900, 242, 606, 780, 756, 815]  tape=4.923km B=8.84T unif=0.097% hoop=400MPa
  [  49] viol   f=   6.537  a=40.6 b=139.2 gap=44.5 (face=61.0mm) n=[443, 836, 390, 598, 596, 792, 804]  tape=3.060km B=8.68T unif=0.378% hoop=284MPa
  [  50] viol   f=   4.822  a=44.8 b=157.3 gap=41.7 (face=55.3mm) n=[361, 900, 241, 895, 625, 717, 897]  tape=3.547km B=9.20T unif=0.359% hoop=277MPa
  [  51] viol   f=   4.194  a=50.6 b=154.4 gap=41.4 (face=54.7mm) n=[889, 846, 124, 819, 154, 868, 686]  tape=3.323km B=9.34T unif=0.336% hoop=249MPa
  [  52] viol   f=   4.540  a=42.3 b=141.4 gap=39.9 (face=51.8mm) n=[415, 886, 284, 549, 498, 894, 885]  tape=3.103km B=9.15T unif=0.366% hoop=290MPa
  [  53] viol   f=   3.447  a=41.8 b=152.0 gap=38.5 (face=48.9mm) n=[736, 871, 57, 762, 305, 836, 899]  tape=3.267km B=9.70T unif=0.413% hoop=230MPa
  [  54] INFEAS f=6625.916  a=28.5 b=141.9 gap=40.1 (face=52.2mm) n=[871, 767, 206, 694, 333, 866, 742]  no evaluation (geometry pre-check)
  [  55] OK     f=   2.928  a=54.1 b=126.4 gap=33.3 (face=38.6mm) n=[565, 890, 547, 853, 91, 884, 577]  tape=2.928km B=10.82T unif=0.360% hoop=346MPa
  [  56] viol   f=   4.983  a=60.5 b=164.7 gap=34.8 (face=41.7mm) n=[711, 649, 87, 789, 351, 783, 896]  tape=3.571km B=9.16T unif=0.170% hoop=355MPa
  [  57] INFEAS f=16431.663  a=25.0 b=147.1 gap=43.8 (face=59.7mm) n=[898, 800, 122, 801, 683, 900, 792]  no evaluation (geometry pre-check)
  [  58] OK     f=   3.540  a=55.5 b=137.4 gap=39.4 (face=50.7mm) n=[896, 832, 131, 896, 684, 892, 765]  tape=3.540km B=11.27T unif=0.338% hoop=342MPa
  [  59] viol   f=   6.699  a=42.2 b=177.1 gap=42.0 (face=56.0mm) n=[700, 752, 405, 898, 214, 607, 681]  tape=3.642km B=8.76T unif=0.242% hoop=264MPa
  [  60] viol   f=   3.443  a=57.9 b=149.5 gap=35.3 (face=42.6mm) n=[688, 859, 361, 615, 330, 842, 655]  tape=3.359km B=9.80T unif=0.260% hoop=359MPa
  [  61] viol   f=   9.061  a=72.8 b=162.6 gap=43.9 (face=59.7mm) n=[796, 651, 313, 896, 303, 876, 701]  tape=3.882km B=8.39T unif=0.207% hoop=400MPa
  [  62] viol   f=   4.303  a=60.2 b=139.7 gap=38.0 (face=47.9mm) n=[304, 893, 633, 695, 130, 900, 758]  tape=3.171km B=9.25T unif=0.269% hoop=356MPa
  [  63] viol   f=   2.788  a=44.9 b=117.6 gap=41.2 (face=54.3mm) n=[623, 835, 649, 432, 323, 788, 828]  tape=2.715km B=9.81T unif=0.382% hoop=282MPa
  [  64] viol   f=   5.763  a=43.0 b=132.5 gap=36.5 (face=44.9mm) n=[529, 572, 458, 510, 224, 866, 721]  tape=2.664km B=8.76T unif=0.291% hoop=306MPa
  [  65] viol   f=   9.705  a=56.9 b=135.8 gap=36.6 (face=45.2mm) n=[244, 481, 351, 897, 114, 874, 900]  tape=2.756km B=8.14T unif=0.310% hoop=299MPa
  [  66] viol   f=   2.804  a=66.7 b=121.1 gap=31.6 (face=35.2mm) n=[699, 755, 246, 841, 50, 870, 738]  tape=2.797km B=9.94T unif=0.401% hoop=384MPa
  [  67] OK     f=   2.498  a=44.9 b=123.1 gap=28.5 (face=29.0mm) n=[568, 642, 129, 798, 390, 690, 751]  tape=2.498km B=10.99T unif=0.361% hoop=287MPa
  [  68] viol   f=   7.511  a=66.0 b=143.7 gap=37.0 (face=46.0mm) n=[444, 678, 754, 883, 391, 322, 543]  tape=3.147km B=8.52T unif=0.268% hoop=390MPa
  [  69] OK     f=   2.964  a=48.0 b=129.7 gap=25.5 (face=23.0mm) n=[471, 899, 133, 826, 454, 824, 862]  tape=2.964km B=12.63T unif=0.203% hoop=324MPa
  [  70] OK     f=   3.328  a=52.3 b=130.0 gap=35.1 (face=42.2mm) n=[869, 898, 564, 900, 156, 830, 821]  tape=3.328km B=12.20T unif=0.352% hoop=322MPa
  [  71] INFEAS f=26186.617  a=21.7 b=109.1 gap=22.7 (face=17.3mm) n=[899, 820, 877, 892, 420, 520, 699]  no evaluation (geometry pre-check)
  [  72] INFEAS f=103087.150  a=6.4 b=86.8 gap=37.8 (face=47.7mm) n=[571, 871, 262, 469, 127, 860, 899]  no evaluation (geometry pre-check)
  [  73] viol   f=   3.723  a=37.5 b=158.0 gap=41.6 (face=55.3mm) n=[827, 894, 692, 757, 72, 559, 899]  tape=3.505km B=9.67T unif=0.464% hoop=237MPa
  [  74] viol   f=   2.957  a=59.3 b=116.7 gap=32.0 (face=36.0mm) n=[900, 621, 159, 721, 87, 387, 868]  tape=2.423km B=9.48T unif=0.416% hoop=325MPa
  [  75] INFEAS f=14761.576  a=25.6 b=110.5 gap=25.3 (face=22.6mm) n=[499, 900, 443, 748, 377, 893, 760]  no evaluation (geometry pre-check)
  [  76] viol   f=  22.447  a=96.5 b=127.3 gap=36.3 (face=44.5mm) n=[685, 823, 76, 775, 441, 551, 639]  tape=3.058km B=6.89T unif=0.513% hoop=400MPa
  [  77] viol   f=  16.350  a=58.7 b=149.1 gap=42.9 (face=57.8mm) n=[469, 590, 257, 801, 246, 594, 853]  tape=2.979km B=7.41T unif=0.219% hoop=320MPa
  [  78] viol   f=   8.468  a=71.2 b=108.8 gap=34.3 (face=40.7mm) n=[497, 318, 357, 881, 495, 818, 452]  tape=2.516km B=8.27T unif=0.403% hoop=400MPa
  [  79] OK     f=   2.954  a=45.7 b=121.4 gap=23.8 (face=19.5mm) n=[892, 821, 429, 895, 66, 865, 898]  tape=2.954km B=15.12T unif=0.220% hoop=316MPa
  [  80] viol   f=  14.195  a=46.1 b=167.3 gap=34.0 (face=40.0mm) n=[420, 580, 223, 611, 95, 892, 541]  tape=2.831km B=7.62T unif=0.186% hoop=288MPa
  [  81] INFEAS f=13374.692  a=26.2 b=108.1 gap=29.1 (face=30.1mm) n=[863, 825, 326, 900, 72, 294, 729]  no evaluation (geometry pre-check)
  [  82] OK     f=   2.374  a=45.5 b=128.0 gap=18.3 (face=8.6mm) n=[452, 329, 472, 507, 458, 736, 635]  tape=2.374km B=11.19T unif=0.314% hoop=397MPa
  [  83] viol   f=   3.049  a=77.2 b=107.2 gap=23.4 (face=18.7mm) n=[555, 896, 96, 842, 425, 601, 820]  tape=2.739km B=9.61T unif=0.834% hoop=400MPa
  [  84] OK     f=   3.140  a=43.6 b=125.2 gap=31.9 (face=35.9mm) n=[894, 897, 467, 889, 299, 821, 742]  tape=3.140km B=13.30T unif=0.560% hoop=297MPa
  [  85] viol   f=   3.053  a=55.2 b=102.7 gap=42.1 (face=56.2mm) n=[813, 838, 186, 509, 388, 851, 648]  tape=2.425km B=9.44T unif=0.285% hoop=308MPa
  [  86] OK     f=   3.089  a=54.8 b=139.0 gap=25.5 (face=23.0mm) n=[813, 799, 52, 865, 323, 900, 576]  tape=3.089km B=12.18T unif=0.293% hoop=358MPa
  [  87] OK     f=   3.069  a=39.5 b=134.9 gap=18.7 (face=9.4mm) n=[676, 531, 734, 763, 159, 894, 847]  tape=3.069km B=15.51T unif=0.248% hoop=367MPa
  [  88] viol   f=  33.908  a=56.3 b=71.6 gap=16.6 (face=5.2mm) n=[621, 878, 354, 882, 272, 803, 876]  tape=2.084km B=15.82T unif=1.399% hoop=400MPa
  [  89] viol   f=   3.709  a=60.5 b=174.7 gap=23.2 (face=18.4mm) n=[620, 650, 250, 647, 528, 785, 791]  tape=3.709km B=9.98T unif=0.199% hoop=400MPa
  [  90] INFEAS f=151539.551  a=-0.0 b=134.6 gap=34.9 (face=41.8mm) n=[897, 667, 602, 875, 189, 807, 529]  no evaluation (geometry pre-check)
  [  91] OK     f=   3.148  a=59.2 b=127.9 gap=17.1 (face=6.2mm) n=[790, 817, 835, 871, 146, 601, 600]  tape=3.148km B=12.40T unif=0.565% hoop=400MPa
  [  92] INFEAS f=43128.936  a=17.0 b=101.2 gap=16.9 (face=5.7mm) n=[892, 593, 338, 797, 476, 706, 725]  no evaluation (geometry pre-check)
  [  93] OK     f=   2.475  a=51.5 b=103.1 gap=19.3 (face=10.7mm) n=[884, 436, 612, 404, 377, 880, 681]  tape=2.475km B=12.79T unif=0.671% hoop=400MPa
  [  94] viol   f=   5.899  a=68.8 b=127.3 gap=27.4 (face=26.7mm) n=[512, 897, 152, 774, 252, 556, 473]  tape=2.636km B=8.72T unif=0.503% hoop=400MPa
  [  95] OK     f=   2.944  a=59.4 b=138.1 gap=25.6 (face=23.3mm) n=[886, 900, 212, 789, 392, 303, 516]  tape=2.944km B=11.17T unif=0.409% hoop=383MPa
  [  96] viol   f=   3.481  a=67.7 b=128.7 gap=35.8 (face=43.6mm) n=[702, 661, 532, 800, 87, 829, 834]  tape=3.086km B=9.56T unif=0.324% hoop=400MPa
  [  97] OK     f=   2.960  a=61.3 b=124.2 gap=19.2 (face=10.4mm) n=[826, 899, 469, 730, 344, 576, 449]  tape=2.960km B=11.17T unif=0.613% hoop=400MPa
  [  98] INFEAS f=2108.884  a=33.5 b=95.6 gap=15.5 (face=3.1mm) n=[898, 640, 579, 767, 263, 889, 554]  no evaluation (geometry pre-check)
  [  99] OK     f=   2.690  a=56.0 b=142.1 gap=15.8 (face=3.5mm) n=[710, 318, 146, 791, 350, 590, 754]  tape=2.690km B=10.89T unif=0.374% hoop=400MPa
  [ 100] viol   f=  74.390  a=72.7 b=84.1 gap=20.1 (face=12.3mm) n=[655, 885, 65, 487, 157, 329, 604]  tape=1.803km B=9.03T unif=1.595% hoop=400MPa
  [ 101] viol   f=   2.812  a=57.8 b=145.2 gap=20.7 (face=13.4mm) n=[837, 97, 219, 750, 483, 462, 774]  tape=2.738km B=9.81T unif=0.352% hoop=400MPa
  [ 102] viol   f=   9.807  a=64.6 b=117.0 gap=20.5 (face=13.1mm) n=[431, 503, 164, 863, 82, 466, 667]  tape=2.157km B=8.04T unif=0.606% hoop=400MPa
  [ 103] OK     f=   3.720  a=61.8 b=165.9 gap=21.3 (face=14.5mm) n=[882, 599, 346, 878, 608, 373, 689]  tape=3.720km B=10.50T unif=0.284% hoop=400MPa
  [ 104] viol   f=  22.713  a=36.8 b=128.1 gap=25.2 (face=22.4mm) n=[885, 256, 268, 859, 482, 587, 864]  tape=2.679km B=12.76T unif=1.316% hoop=274MPa
  [ 105] viol   f=   7.525  a=57.6 b=147.4 gap=34.4 (face=40.7mm) n=[874, 384, 497, 659, 285, 597, 374]  tape=2.891km B=8.48T unif=0.235% hoop=369MPa
  [ 106] viol   f=   2.148  a=60.3 b=111.2 gap=20.0 (face=11.9mm) n=[507, 644, 130, 664, 140, 756, 630]  tape=2.141km B=9.94T unif=0.670% hoop=400MPa
  [ 107] INFEAS f=7709.344  a=28.8 b=107.7 gap=17.2 (face=6.5mm) n=[576, 279, 215, 702, 203, 535, 895]  no evaluation (geometry pre-check)
  [ 108] viol   f=  13.744  a=70.8 b=131.3 gap=19.9 (face=11.7mm) n=[861, 365, 95, 584, 498, 385, 589]  tape=2.540km B=7.63T unif=0.573% hoop=400MPa
  [ 109] OK     f=   2.050  a=43.4 b=125.4 gap=16.3 (face=4.7mm) n=[818, 443, 225, 603, 139, 409, 439]  tape=2.050km B=11.06T unif=0.428% hoop=343MPa
  [ 110] OK     f=   4.232  a=52.5 b=193.3 gap=31.3 (face=34.6mm) n=[869, 691, 106, 887, 616, 514, 893]  tape=4.232km B=11.00T unif=0.104% hoop=338MPa
  [ 111] INFEAS f=26290.291  a=21.7 b=147.2 gap=19.4 (face=10.9mm) n=[886, 559, 384, 900, 266, 596, 556]  no evaluation (geometry pre-check)
  [ 112] INFEAS f=6851.245  a=28.6 b=124.7 gap=16.8 (face=5.6mm) n=[660, 267, 138, 877, 270, 424, 543]  no evaluation (geometry pre-check)
  [ 113] viol   f=  10.862  a=67.4 b=143.0 gap=16.7 (face=5.4mm) n=[696, 74, 106, 830, 724, 440, 84]  tape=2.271km B=7.93T unif=0.465% hoop=394MPa
  [ 114] viol   f=  48.813  a=89.8 b=160.6 gap=15.7 (face=3.3mm) n=[615, 218, 238, 471, 282, 836, 404]  tape=2.812km B=5.20T unif=0.415% hoop=400MPa
  [ 115] viol   f=   8.442  a=61.4 b=124.8 gap=27.1 (face=26.2mm) n=[486, 625, 134, 376, 357, 819, 691]  tape=2.417km B=8.26T unif=0.405% hoop=400MPa
  [ 116] INFEAS f=11367.933  a=24.8 b=116.3 gap=16.1 (face=4.2mm) n=[752, 456, 55, 655, 262, 504, 840]  no evaluation (geometry pre-check)
  [ 117] viol   f=   3.896  a=72.5 b=137.2 gap=22.8 (face=17.6mm) n=[767, 792, 192, 709, 191, 832, 728]  tape=3.123km B=9.38T unif=0.490% hoop=400MPa
  [ 118] INFEAS f=3362.355  a=51.2 b=48.5 gap=19.3 (face=10.5mm) n=[883, 296, 472, 681, 177, 679, 88]  no evaluation (geometry pre-check)
  [ 119] viol   f=   3.159  a=56.5 b=120.0 gap=17.2 (face=6.5mm) n=[888, 191, 488, 673, 51, 480, 227]  tape=2.029km B=9.25T unif=0.677% hoop=373MPa
  [ 120] OK     f=   2.558  a=52.5 b=121.8 gap=27.6 (face=27.2mm) n=[647, 849, 72, 831, 318, 492, 768]  tape=2.558km B=11.09T unif=0.351% hoop=320MPa
  [ 121] viol   f=  10.443  a=69.4 b=147.8 gap=27.9 (face=27.8mm) n=[895, 633, 285, 651, 449, 321, 479]  tape=3.039km B=8.08T unif=0.372% hoop=400MPa
  [ 122] OK     f=   2.496  a=51.0 b=128.6 gap=18.8 (face=9.6mm) n=[512, 893, 192, 591, 102, 499, 866]  tape=2.496km B=11.10T unif=0.373% hoop=382MPa
  [ 123] INFEAS f=27998.380  a=78.8 b=57.8 gap=18.9 (face=9.8mm) n=[818, 800, 199, 703, 64, 780, 641]  no evaluation (geometry pre-check)
  [ 124] OK     f=   2.136  a=46.4 b=103.7 gap=22.1 (face=16.2mm) n=[738, 467, 162, 900, 201, 432, 815]  tape=2.136km B=11.56T unif=0.488% hoop=321MPa
  [ 125] INFEAS f=4723.726  a=30.0 b=124.6 gap=23.2 (face=18.3mm) n=[751, 787, 676, 643, 155, 684, 874]  no evaluation (geometry pre-check)
  [ 126] OK     f=   3.882  a=51.9 b=167.3 gap=40.2 (face=52.4mm) n=[899, 725, 120, 834, 566, 709, 896]  tape=3.882km B=10.10T unif=0.263% hoop=317MPa
  [ 127] viol   f=   8.054  a=64.1 b=83.6 gap=20.9 (face=13.7mm) n=[718, 874, 247, 900, 297, 436, 877]  tape=2.260km B=12.82T unif=1.170% hoop=400MPa
  [ 128] viol   f=   9.114  a=77.4 b=175.0 gap=28.8 (face=29.6mm) n=[447, 882, 401, 841, 193, 773, 807]  tape=3.972km B=8.40T unif=0.242% hoop=400MPa
  [ 129] INFEAS f=8586.786  a=28.4 b=160.9 gap=30.0 (face=32.1mm) n=[351, 783, 211, 882, 205, 558, 897]  no evaluation (geometry pre-check)
  [ 130] viol   f=  10.703  a=79.1 b=131.2 gap=18.3 (face=8.7mm) n=[713, 393, 217, 873, 413, 488, 850]  tape=2.983km B=8.04T unif=0.602% hoop=400MPa
  [ 131] viol   f=  13.090  a=59.4 b=157.7 gap=33.8 (face=39.7mm) n=[720, 503, 289, 560, 690, 254, 298]  tape=2.679km B=7.72T unif=0.217% hoop=327MPa
  [ 132] OK     f=   2.011  a=45.9 b=86.4 gap=25.6 (face=23.3mm) n=[810, 891, 219, 732, 156, 490, 789]  tape=2.011km B=13.64T unif=0.825% hoop=292MPa
  [ 133] OK     f=   2.140  a=41.2 b=112.8 gap=25.3 (face=22.7mm) n=[692, 629, 207, 763, 360, 419, 575]  tape=2.140km B=11.54T unif=0.278% hoop=290MPa
  [ 134] OK     f=   2.583  a=46.3 b=130.7 gap=28.8 (face=29.6mm) n=[590, 739, 236, 579, 183, 575, 875]  tape=2.583km B=10.02T unif=0.290% hoop=305MPa
  [ 135] INFEAS f=1080.111  a=35.9 b=73.1 gap=15.8 (face=3.7mm) n=[878, 900, 222, 405, 112, 644, 568]  no evaluation (geometry pre-check)
  [ 136] OK     f=   2.191  a=57.6 b=100.2 gap=17.5 (face=6.9mm) n=[597, 664, 212, 422, 214, 709, 886]  tape=2.191km B=10.26T unif=0.792% hoop=400MPa
  [ 137] OK     f=   2.262  a=63.8 b=97.6 gap=19.6 (face=11.1mm) n=[256, 738, 263, 879, 324, 640, 743]  tape=2.262km B=11.00T unif=0.905% hoop=400MPa
  [ 138] OK     f=   2.661  a=61.6 b=119.6 gap=25.1 (face=22.2mm) n=[795, 764, 142, 895, 260, 517, 613]  tape=2.661km B=10.96T unif=0.556% hoop=400MPa
  [ 139] viol   f=   4.895  a=60.9 b=141.6 gap=24.7 (face=21.5mm) n=[530, 633, 333, 812, 72, 266, 833]  tape=2.614km B=8.93T unif=0.330% hoop=393MPa
  [ 140] viol   f=  11.385  a=40.8 b=83.3 gap=23.6 (face=19.1mm) n=[886, 535, 573, 642, 103, 551, 517]  tape=1.854km B=13.08T unif=1.218% hoop=316MPa
  [ 141] OK     f=   1.698  a=46.2 b=87.5 gap=20.3 (face=12.7mm) n=[341, 880, 180, 802, 224, 147, 797]  tape=1.698km B=11.71T unif=0.776% hoop=282MPa
  [ 142] viol   f=   1.683  a=43.7 b=93.8 gap=25.5 (face=23.0mm) n=[552, 804, 151, 449, 161, 309, 702]  tape=1.657km B=9.89T unif=0.793% hoop=264MPa
  [ 143] viol   f=  20.689  a=38.1 b=109.2 gap=20.0 (face=11.9mm) n=[831, 445, 289, 301, 555, 344, 555]  tape=1.966km B=11.85T unif=1.306% hoop=339MPa
  [ 144] viol   f=  96.519  a=48.9 b=68.9 gap=21.7 (face=15.4mm) n=[823, 831, 258, 697, 439, 145, 629]  tape=1.632km B=14.84T unif=1.689% hoop=317MPa
  [ 145] OK     f=   1.548  a=41.7 b=95.8 gap=20.3 (face=12.5mm) n=[603, 672, 202, 444, 183, 442, 429]  tape=1.548km B=11.07T unif=0.765% hoop=286MPa
  [ 146] INFEAS f=28801.626  a=20.1 b=82.3 gap=15.7 (face=3.4mm) n=[877, 643, 193, 472, 151, 380, 869]  no evaluation (geometry pre-check)
  [ 147] viol   f=   4.343  a=54.8 b=135.2 gap=33.3 (face=38.5mm) n=[596, 678, 147, 680, 281, 628, 760]  tape=2.631km B=9.07T unif=0.283% hoop=303MPa
  [ 148] viol   f=  27.141  a=45.3 b=70.5 gap=19.2 (face=10.3mm) n=[672, 644, 528, 612, 117, 548, 798]  tape=1.666km B=14.82T unif=1.357% hoop=369MPa
  [ 149] OK     f=   1.664  a=49.5 b=75.9 gap=24.5 (face=21.0mm) n=[829, 708, 412, 843, 79, 92, 760]  tape=1.664km B=12.95T unif=0.958% hoop=288MPa
  [ 150] OK     f=   2.489  a=59.2 b=101.8 gap=25.0 (face=22.0mm) n=[761, 837, 174, 838, 317, 647, 799]  tape=2.489km B=12.98T unif=0.712% hoop=389MPa
  [ 151] viol   f=   2.425  a=39.6 b=109.9 gap=25.2 (face=22.4mm) n=[556, 900, 68, 436, 249, 141, 627]  tape=1.788km B=9.44T unif=0.400% hoop=247MPa
  [ 152] OK     f=   1.878  a=39.6 b=96.1 gap=16.7 (face=5.3mm) n=[543, 635, 329, 899, 157, 333, 540]  tape=1.878km B=12.26T unif=0.667% hoop=360MPa
  [ 153] OK     f=   1.626  a=40.4 b=82.0 gap=25.6 (face=23.2mm) n=[412, 743, 158, 823, 161, 282, 878]  tape=1.626km B=10.90T unif=0.677% hoop=247MPa
  [ 154] viol   f=  17.664  a=67.0 b=93.6 gap=19.9 (face=11.9mm) n=[487, 745, 219, 475, 62, 183, 557]  tape=1.585km B=8.08T unif=1.209% hoop=388MPa
  [ 155] OK     f=   1.624  a=44.7 b=86.6 gap=21.2 (face=14.3mm) n=[545, 811, 227, 575, 72, 306, 725]  tape=1.624km B=11.30T unif=0.899% hoop=309MPa
  [ 156] viol   f=   2.707  a=45.3 b=115.5 gap=29.8 (face=31.6mm) n=[401, 896, 203, 685, 241, 577, 423]  tape=2.179km B=9.49T unif=0.360% hoop=283MPa
  [ 157] viol   f= 287.176  a=54.4 b=64.1 gap=18.7 (face=9.3mm) n=[522, 773, 258, 537, 88, 257, 419]  tape=1.259km B=10.80T unif=2.196% hoop=350MPa
  [ 158] INFEAS f=1037.803  a=36.1 b=110.9 gap=24.4 (face=20.8mm) n=[899, 713, 131, 542, 123, 361, 690]  no evaluation (geometry pre-check)
  [ 159] OK     f=   2.310  a=46.5 b=99.8 gap=31.2 (face=34.3mm) n=[497, 892, 365, 797, 164, 667, 818]  tape=2.310km B=11.34T unif=0.453% hoop=298MPa
  [ 160] viol   f=  16.996  a=59.4 b=111.0 gap=33.7 (face=39.4mm) n=[437, 394, 374, 900, 56, 378, 641]  tape=2.080km B=7.27T unif=0.385% hoop=386MPa
  [ 161] viol   f=   4.572  a=50.9 b=112.3 gap=37.2 (face=46.5mm) n=[380, 899, 297, 770, 311, 362, 802]  tape=2.379km B=8.95T unif=0.359% hoop=297MPa
  [ 162] INFEAS f=6543.071  a=29.4 b=76.5 gap=25.9 (face=23.9mm) n=[325, 893, 220, 705, 72, 383, 881]  no evaluation (geometry pre-check)
  [ 163] OK     f=   1.541  a=39.9 b=74.5 gap=20.1 (face=12.2mm) n=[533, 469, 261, 694, 287, 207, 895]  tape=1.541km B=11.18T unif=0.766% hoop=309MPa
  [ 164] OK     f=   1.895  a=43.9 b=110.8 gap=26.5 (face=25.0mm) n=[553, 806, 50, 779, 133, 299, 628]  tape=1.895km B=10.19T unif=0.479% hoop=244MPa
  [ 165] viol   f=   7.272  a=68.1 b=117.7 gap=26.8 (face=25.6mm) n=[372, 880, 73, 675, 124, 322, 891]  tape=2.252km B=8.42T unif=0.534% hoop=347MPa
  [ 166] viol   f=  11.383  a=38.3 b=135.8 gap=40.4 (face=52.8mm) n=[652, 760, 116, 543, 369, 313, 868]  tape=2.482km B=7.89T unif=0.387% hoop=241MPa
  [ 167] OK     f=   2.120  a=60.8 b=99.9 gap=17.6 (face=7.2mm) n=[490, 803, 249, 897, 61, 300, 820]  tape=2.120km B=10.94T unif=0.931% hoop=400MPa
  [ 168] OK     f=   1.993  a=41.8 b=91.7 gap=20.7 (face=13.5mm) n=[519, 883, 385, 731, 365, 278, 639]  tape=1.993km B=13.25T unif=0.933% hoop=350MPa
  [ 169] OK     f=   2.158  a=53.2 b=102.0 gap=18.0 (face=8.0mm) n=[606, 670, 146, 758, 393, 207, 900]  tape=2.158km B=11.11T unif=0.730% hoop=400MPa
  [ 170] INFEAS f=17540.632  a=22.1 b=104.3 gap=17.2 (face=6.3mm) n=[566, 834, 214, 784, 140, 258, 716]  no evaluation (geometry pre-check)
  [ 171] OK     f=   2.387  a=49.3 b=111.3 gap=19.1 (face=10.2mm) n=[747, 743, 375, 617, 216, 361, 866]  tape=2.387km B=12.67T unif=0.563% hoop=388MPa
  [ 172] OK     f=   1.837  a=41.1 b=89.3 gap=19.3 (face=10.7mm) n=[721, 748, 98, 674, 322, 240, 876]  tape=1.837km B=13.35T unif=0.758% hoop=293MPa
  [ 173] viol   f=   1.851  a=39.2 b=103.7 gap=21.0 (face=13.9mm) n=[324, 429, 99, 833, 270, 388, 874]  tape=1.819km B=9.87T unif=0.486% hoop=280MPa
  [ 174] INFEAS f=1775.196  a=33.8 b=106.5 gap=29.6 (face=31.3mm) n=[491, 891, 94, 692, 379, 399, 749]  no evaluation (geometry pre-check)
  [ 175] INFEAS f=2237.171  a=33.1 b=88.2 gap=24.3 (face=20.5mm) n=[481, 868, 124, 892, 246, 652, 842]  no evaluation (geometry pre-check)
  [ 176] OK     f=   1.549  a=42.4 b=88.0 gap=19.1 (face=10.2mm) n=[201, 729, 107, 727, 56, 598, 796]  tape=1.549km B=11.38T unif=0.843% hoop=232MPa
  [ 177] OK     f=   1.697  a=41.8 b=97.2 gap=18.7 (face=9.5mm) n=[475, 833, 119, 619, 200, 288, 571]  tape=1.697km B=11.09T unif=0.692% hoop=298MPa
  [ 178] OK     f=   2.068  a=36.2 b=113.7 gap=27.8 (face=27.6mm) n=[621, 791, 241, 812, 62, 310, 801]  tape=2.068km B=11.24T unif=0.563% hoop=215MPa
  [ 179] OK     f=   2.418  a=41.4 b=113.1 gap=22.2 (face=16.4mm) n=[185, 679, 634, 896, 320, 488, 845]  tape=2.418km B=12.57T unif=0.448% hoop=317MPa
  [ 180] OK     f=   1.416  a=51.1 b=67.0 gap=24.2 (face=20.4mm) n=[260, 748, 136, 899, 220, 160, 815]  tape=1.416km B=10.55T unif=0.378% hoop=242MPa
  [ 181] OK     f=   1.649  a=50.2 b=65.9 gap=23.8 (face=19.6mm) n=[231, 899, 123, 861, 598, 343, 899]  tape=1.649km B=13.61T unif=0.718% hoop=300MPa
  [ 182] OK     f=   1.520  a=38.6 b=93.0 gap=17.4 (face=6.9mm) n=[252, 704, 127, 577, 112, 436, 781]  tape=1.520km B=10.78T unif=0.451% hoop=243MPa
  [ 183] OK     f=   1.936  a=50.0 b=95.4 gap=20.2 (face=12.3mm) n=[190, 892, 471, 811, 201, 272, 661]  tape=1.936km B=11.53T unif=0.727% hoop=333MPa
  [ 184] viol   f=   1.850  a=46.6 b=71.7 gap=19.5 (face=11.1mm) n=[450, 886, 206, 809, 442, 159, 899]  tape=1.690km B=14.04T unif=1.028% hoop=326MPa
  [ 185] viol   f=   8.102  a=52.1 b=68.0 gap=17.7 (face=7.3mm) n=[241, 756, 303, 731, 594, 409, 900]  tape=1.763km B=13.75T unif=1.178% hoop=372MPa
  [ 186] viol   f=   1.804  a=51.8 b=109.0 gap=18.6 (face=9.2mm) n=[306, 782, 52, 803, 107, 229, 787]  tape=1.800km B=9.96T unif=0.548% hoop=269MPa
  [ 187] INFEAS f=1239.950  a=35.3 b=75.9 gap=15.6 (face=3.2mm) n=[74, 900, 58, 824, 60, 359, 815]  no evaluation (geometry pre-check)
  [ 188] OK     f=   1.042  a=38.9 b=56.7 gap=22.8 (face=17.7mm) n=[308, 793, 155, 801, 60, 178, 611]  tape=1.042km B=11.44T unif=0.632% hoop=199MPa
  [ 189] INFEAS f=1038.602  a=33.1 b=83.8 gap=22.3 (face=16.6mm) n=[450, 819, 195, 813, 137, 257, 794]  no evaluation (geometry pre-check)
  [ 190] OK     f=   2.011  a=53.0 b=112.4 gap=18.3 (face=8.7mm) n=[315, 787, 279, 803, 92, 269, 747]  tape=2.011km B=10.47T unif=0.541% hoop=326MPa
  [ 191] viol   f=   2.506  a=41.1 b=75.1 gap=23.0 (face=17.9mm) n=[171, 824, 208, 587, 64, 296, 488]  tape=1.216km B=9.38T unif=1.051% hoop=214MPa
  [ 192] OK     f=   1.500  a=38.5 b=86.2 gap=20.5 (face=13.1mm) n=[260, 628, 262, 856, 86, 319, 595]  tape=1.500km B=10.31T unif=0.831% hoop=254MPa
  [ 193] INFEAS f=1162.736  a=35.2 b=96.0 gap=21.8 (face=15.6mm) n=[220, 803, 171, 890, 290, 121, 686]  no evaluation (geometry pre-check)
  [ 194] OK     f=   1.740  a=40.6 b=80.7 gap=18.4 (face=8.7mm) n=[403, 866, 301, 880, 197, 493, 546]  tape=1.740km B=14.13T unif=0.554% hoop=327MPa
  [ 195] OK     f=   1.330  a=45.8 b=53.0 gap=25.0 (face=22.0mm) n=[421, 667, 200, 900, 656, 112, 546]  tape=1.330km B=12.29T unif=0.381% hoop=273MPa
  [ 196] INFEAS f=2621.322  a=31.8 b=31.9 gap=19.6 (face=11.1mm) n=[176, 406, 316, 833, 456, 137, 775]  no evaluation (geometry pre-check)
  [ 197] INFEAS f=2738.231  a=30.5 b=87.3 gap=21.0 (face=14.0mm) n=[285, 763, 301, 835, 312, 371, 839]  no evaluation (geometry pre-check)
  [ 198] INFEAS f=7382.843  a=28.8 b=55.0 gap=25.6 (face=23.2mm) n=[272, 594, 186, 799, 281, 157, 891]  no evaluation (geometry pre-check)
  [ 199] INFEAS f=1098.440  a=43.5 b=46.9 gap=22.5 (face=17.0mm) n=[105, 895, 170, 898, 233, 689, 799]  no evaluation (geometry pre-check)
  [ 200] viol   f=  43.161  a=50.1 b=60.2 gap=16.8 (face=5.5mm) n=[61, 870, 221, 736, 101, 395, 702]  tape=1.254km B=12.31T unif=1.458% hoop=271MPa
  [ 201] viol   f=   3.084  a=48.8 b=73.0 gap=24.3 (face=20.6mm) n=[528, 357, 62, 728, 384, 115, 588]  tape=1.247km B=9.04T unif=0.757% hoop=268MPa
  [ 202] INFEAS f=3234.658  a=30.9 b=89.4 gap=23.9 (face=19.7mm) n=[535, 863, 395, 754, 220, 50, 50]  no evaluation (geometry pre-check)
  [ 203] INFEAS f=1022.324  a=35.3 b=58.2 gap=36.9 (face=45.7mm) n=[189, 345, 269, 872, 408, 299, 540]  no evaluation (geometry pre-check)
  [ 204] INFEAS f=4298.274  a=27.4 b=35.5 gap=18.6 (face=9.3mm) n=[432, 541, 542, 797, 388, 430, 781]  no evaluation (geometry pre-check)
  [ 205] INFEAS f=1089.277  a=33.5 b=58.8 gap=27.4 (face=26.8mm) n=[150, 692, 246, 837, 388, 333, 359]  no evaluation (geometry pre-check)
  [ 206] viol   f=  13.201  a=42.3 b=81.9 gap=34.1 (face=40.2mm) n=[426, 617, 58, 632, 148, 124, 645]  tape=1.193km B=7.55T unif=0.406% hoop=184MPa
  [ 207] OK     f=   1.753  a=45.2 b=79.4 gap=27.4 (face=26.8mm) n=[462, 830, 281, 900, 115, 429, 651]  tape=1.753km B=11.54T unif=0.669% hoop=281MPa
  [ 208] INFEAS f=1656.543  a=34.3 b=54.2 gap=25.5 (face=22.9mm) n=[224, 900, 379, 525, 268, 392, 844]  no evaluation (geometry pre-check)
  [ 209] OK     f=   1.374  a=36.3 b=78.9 gap=22.3 (face=16.5mm) n=[96, 587, 170, 805, 291, 434, 639]  tape=1.374km B=10.12T unif=0.737% hoop=223MPa
  [ 210] INFEAS f=14024.308  a=51.0 b=38.0 gap=17.3 (face=6.7mm) n=[229, 612, 263, 805, 192, 266, 686]  no evaluation (geometry pre-check)
  [ 211] viol   f=   4.037  a=55.1 b=84.2 gap=27.9 (face=27.8mm) n=[243, 761, 59, 564, 437, 285, 766]  tape=1.574km B=8.89T unif=0.609% hoop=290MPa
  [ 212] viol   f=  36.486  a=60.8 b=100.7 gap=37.4 (face=46.8mm) n=[243, 227, 97, 764, 203, 306, 765]  tape=1.545km B=5.82T unif=0.239% hoop=285MPa
  [ 213] viol   f=  10.713  a=32.5 b=60.5 gap=22.9 (face=17.8mm) n=[339, 719, 404, 755, 270, 342, 403]  tape=1.193km B=12.81T unif=1.218% hoop=250MPa
  [ 214] INFEAS f=3963.924  a=31.4 b=76.9 gap=29.7 (face=31.3mm) n=[351, 895, 101, 891, 654, 353, 613]  no evaluation (geometry pre-check)
  [ 215] viol   f=   5.721  a=40.6 b=67.4 gap=22.6 (face=17.3mm) n=[70, 357, 315, 661, 125, 303, 669]  tape=1.011km B=8.47T unif=0.568% hoop=230MPa
  [ 216] INFEAS f=4908.350  a=26.8 b=78.7 gap=28.0 (face=28.0mm) n=[130, 792, 102, 532, 286, 397, 640]  no evaluation (geometry pre-check)
  [ 217] OK     f=   1.514  a=50.7 b=68.6 gap=26.5 (face=25.1mm) n=[377, 885, 127, 886, 107, 445, 609]  tape=1.514km B=11.33T unif=0.525% hoop=269MPa
  [ 218] OK     f=   1.476  a=43.0 b=67.8 gap=25.2 (face=22.4mm) n=[280, 890, 319, 867, 270, 132, 769]  tape=1.476km B=12.13T unif=0.750% hoop=253MPa
  [ 219] viol   f= 490.662  a=42.8 b=48.7 gap=23.3 (face=18.6mm) n=[311, 879, 407, 898, 249, 361, 545]  tape=1.291km B=13.50T unif=2.564% hoop=238MPa
  [ 220] viol   f=  26.160  a=35.3 b=86.6 gap=38.8 (face=49.7mm) n=[233, 500, 120, 748, 128, 729, 392]  tape=1.347km B=6.48T unif=0.340% hoop=166MPa
  [ 221] INFEAS f=49672.336  a=59.3 b=29.4 gap=24.6 (face=21.2mm) n=[172, 628, 85, 899, 190, 568, 855]  no evaluation (geometry pre-check)
  [ 222] viol   f=   2.221  a=38.3 b=75.8 gap=30.0 (face=31.9mm) n=[274, 877, 85, 894, 278, 149, 461]  tape=1.352km B=9.34T unif=0.814% hoop=202MPa
  [ 223] viol   f=   5.509  a=47.2 b=65.0 gap=28.5 (face=29.0mm) n=[231, 436, 318, 856, 50, 267, 882]  tape=1.295km B=8.55T unif=0.496% hoop=236MPa
  [ 224] OK     f=   1.732  a=52.4 b=76.2 gap=26.0 (face=23.9mm) n=[289, 891, 472, 875, 110, 231, 847]  tape=1.732km B=11.91T unif=0.648% hoop=312MPa
  [ 225] OK     f=   1.754  a=43.4 b=95.2 gap=25.8 (face=23.5mm) n=[231, 900, 55, 875, 134, 448, 676]  tape=1.754km B=10.54T unif=0.856% hoop=234MPa
  [ 226] viol   f=   5.693  a=57.8 b=84.9 gap=29.5 (face=31.1mm) n=[408, 758, 166, 567, 314, 91, 817]  tape=1.633km B=8.58T unif=0.542% hoop=288MPa
  [ 227] OK     f=   1.606  a=40.3 b=78.7 gap=25.2 (face=22.5mm) n=[267, 764, 268, 883, 305, 433, 455]  tape=1.606km B=11.15T unif=0.716% hoop=304MPa
  [ 228] OK     f=   1.989  a=47.6 b=105.0 gap=16.2 (face=4.4mm) n=[405, 882, 229, 785, 205, 207, 675]  tape=1.989km B=11.77T unif=0.490% hoop=359MPa
  [ 229] OK     f=   2.222  a=48.4 b=104.5 gap=22.4 (face=16.9mm) n=[440, 875, 176, 778, 329, 583, 624]  tape=2.222km B=11.96T unif=0.412% hoop=339MPa
  [ 230] OK     f=   1.563  a=58.4 b=72.7 gap=26.4 (face=24.7mm) n=[54, 878, 192, 899, 110, 435, 802]  tape=1.563km B=10.55T unif=0.522% hoop=268MPa
  [ 231] viol   f=  19.469  a=65.1 b=89.8 gap=16.9 (face=5.9mm) n=[226, 814, 131, 840, 173, 629, 704]  tape=1.926km B=11.03T unif=1.296% hoop=382MPa
  [ 232] viol   f=   2.750  a=46.7 b=80.0 gap=33.0 (face=38.0mm) n=[142, 852, 50, 829, 335, 466, 693]  tape=1.583km B=9.24T unif=0.368% hoop=241MPa
  [ 233] viol   f=   3.168  a=60.9 b=96.5 gap=26.2 (face=24.5mm) n=[265, 841, 172, 793, 65, 363, 753]  tape=1.848km B=9.19T unif=0.728% hoop=284MPa
  [ 234] INFEAS f=1082.052  a=55.5 b=59.0 gap=24.2 (face=20.5mm) n=[272, 762, 89, 886, 125, 433, 810]  no evaluation (geometry pre-check)
  [ 235] OK     f=   1.875  a=54.0 b=102.3 gap=21.4 (face=14.8mm) n=[183, 897, 136, 884, 50, 420, 668]  tape=1.875km B=10.18T unif=0.575% hoop=279MPa
  [ 236] viol   f=  11.383  a=55.1 b=74.0 gap=31.2 (face=34.4mm) n=[67, 660, 162, 694, 93, 419, 900]  tape=1.441km B=7.77T unif=0.132% hoop=230MPa
  [ 237] viol   f=   5.608  a=58.0 b=69.4 gap=21.9 (face=15.8mm) n=[84, 884, 159, 840, 196, 438, 624]  tape=1.490km B=11.01T unif=1.143% hoop=292MPa
  [ 238] OK     f=   1.342  a=40.7 b=79.3 gap=17.6 (face=7.3mm) n=[200, 828, 52, 838, 205, 330, 447]  tape=1.342km B=11.42T unif=0.914% hoop=236MPa
  [ 239] viol   f=   9.237  a=51.7 b=72.7 gap=20.6 (face=13.1mm) n=[68, 899, 169, 772, 308, 549, 621]  tape=1.579km B=11.82T unif=1.196% hoop=298MPa
  [ 240] INFEAS f=4495.466  a=30.5 b=66.6 gap=31.1 (face=34.2mm) n=[131, 782, 177, 884, 112, 330, 842]  no evaluation (geometry pre-check)
  [ 241] INFEAS f=2638.711  a=32.5 b=96.4 gap=19.7 (face=11.3mm) n=[157, 794, 159, 889, 97, 494, 395]  no evaluation (geometry pre-check)
  [ 242] INFEAS f=2266.255  a=50.3 b=49.6 gap=22.2 (face=16.5mm) n=[303, 868, 256, 443, 95, 193, 293]  no evaluation (geometry pre-check)
  [ 243] viol   f=   2.745  a=41.7 b=95.7 gap=24.3 (face=20.6mm) n=[114, 750, 147, 747, 53, 599, 305]  tape=1.398km B=9.18T unif=0.565% hoop=192MPa
  [ 244] viol   f=   2.065  a=50.0 b=92.3 gap=17.7 (face=7.5mm) n=[122, 564, 235, 781, 269, 550, 376]  tape=1.577km B=9.51T unif=0.839% hoop=308MPa
  [ 245] OK     f=   1.613  a=51.8 b=81.5 gap=22.9 (face=17.8mm) n=[141, 862, 278, 843, 139, 305, 716]  tape=1.613km B=10.88T unif=0.769% hoop=263MPa
  [ 246] viol   f=  44.388  a=40.5 b=61.1 gap=19.0 (face=10.0mm) n=[244, 846, 172, 818, 82, 305, 790]  tape=1.229km B=13.21T unif=1.465% hoop=228MPa
  [ 247] viol   f=  36.635  a=43.0 b=72.8 gap=17.3 (face=6.6mm) n=[159, 899, 153, 602, 388, 330, 604]  tape=1.450km B=11.82T unif=1.419% hoop=295MPa
  [ 248] viol   f=   1.555  a=43.2 b=83.6 gap=18.7 (face=9.4mm) n=[535, 650, 188, 727, 252, 52, 453]  tape=1.363km B=10.89T unif=1.031% hoop=284MPa
  [ 249] viol   f=   2.981  a=49.5 b=110.0 gap=19.1 (face=10.3mm) n=[112, 549, 218, 775, 219, 391, 844]  tape=1.894km B=9.26T unif=0.529% hoop=300MPa
  [ 250] OK     f=   1.812  a=51.9 b=94.2 gap=25.6 (face=23.1mm) n=[287, 738, 276, 730, 168, 547, 673]  tape=1.812km B=10.39T unif=0.599% hoop=293MPa
  [ 251] INFEAS f=1000.228  a=36.7 b=75.7 gap=16.9 (face=5.8mm) n=[54, 900, 302, 707, 272, 283, 243]  no evaluation (geometry pre-check)
  [ 252] viol   f=   1.381  a=47.2 b=80.0 gap=20.6 (face=13.1mm) n=[293, 728, 285, 788, 63, 195, 514]  tape=1.375km B=10.15T unif=1.006% hoop=274MPa
  [ 253] OK     f=   1.414  a=48.4 b=62.6 gap=27.6 (face=27.3mm) n=[144, 715, 171, 899, 373, 425, 569]  tape=1.414km B=10.41T unif=0.096% hoop=295MPa
  [ 254] viol   f=   6.796  a=51.3 b=80.4 gap=18.2 (face=8.5mm) n=[511, 607, 72, 883, 83, 147, 511]  tape=1.419km B=9.65T unif=1.160% hoop=324MPa
  [ 255] viol   f=   1.994  a=53.2 b=87.7 gap=22.4 (face=16.9mm) n=[172, 862, 209, 825, 165, 177, 523]  tape=1.550km B=9.53T unif=0.902% hoop=257MPa
  [ 256] viol   f=  16.255  a=55.4 b=98.7 gap=19.5 (face=11.0mm) n=[68, 520, 309, 736, 149, 84, 510]  tape=1.368km B=7.27T unif=0.826% hoop=280MPa
  [ 257] OK     f=   1.745  a=50.2 b=89.5 gap=25.4 (face=22.8mm) n=[224, 899, 85, 868, 301, 193, 800]  tape=1.745km B=10.53T unif=0.766% hoop=258MPa
  [ 258] viol   f=   2.733  a=50.0 b=76.9 gap=21.6 (face=15.3mm) n=[176, 740, 263, 796, 96, 366, 517]  tape=1.401km B=10.11T unif=1.082% hoop=266MPa
  [ 259] INFEAS f=1407.025  a=34.8 b=86.8 gap=18.9 (face=9.8mm) n=[394, 617, 534, 899, 301, 132, 485]  no evaluation (geometry pre-check)
  [ 260] OK     f=   1.443  a=38.2 b=91.9 gap=19.4 (face=10.8mm) n=[364, 593, 91, 772, 416, 50, 567]  tape=1.443km B=10.27T unif=0.687% hoop=246MPa
  [ 261] viol   f=   1.713  a=46.9 b=78.1 gap=20.7 (face=13.5mm) n=[232, 521, 312, 898, 231, 173, 623]  tape=1.486km B=9.66T unif=0.703% hoop=299MPa
  [ 262] viol   f=   2.523  a=49.2 b=79.6 gap=24.0 (face=20.1mm) n=[379, 486, 173, 618, 326, 319, 569]  tape=1.342km B=9.23T unif=0.824% hoop=328MPa
  [ 263] viol   f=   2.470  a=59.9 b=91.1 gap=25.6 (face=23.2mm) n=[273, 856, 92, 900, 64, 361, 651]  tape=1.766km B=9.41T unif=0.782% hoop=287MPa
  [ 264] OK     f=   1.251  a=45.9 b=59.0 gap=27.3 (face=26.6mm) n=[130, 823, 363, 899, 165, 139, 629]  tape=1.251km B=10.35T unif=0.402% hoop=220MPa
  [ 265] viol   f=   5.845  a=44.2 b=91.5 gap=22.3 (face=16.5mm) n=[369, 522, 146, 567, 52, 302, 773]  tape=1.433km B=8.51T unif=0.607% hoop=273MPa
  [ 266] OK     f=   1.964  a=53.1 b=93.6 gap=24.0 (face=19.9mm) n=[280, 900, 219, 893, 205, 349, 749]  tape=1.964km B=11.08T unif=0.638% hoop=300MPa
  [ 267] viol   f=   1.913  a=50.3 b=73.6 gap=32.1 (face=36.1mm) n=[325, 879, 128, 899, 283, 190, 578]  tape=1.531km B=9.56T unif=0.273% hoop=241MPa
  [ 268] viol   f=   1.414  a=48.4 b=78.6 gap=18.5 (face=9.0mm) n=[72, 860, 73, 661, 99, 431, 800]  tape=1.403km B=10.64T unif=1.007% hoop=249MPa
  [ 269] viol   f=   1.968  a=45.9 b=68.0 gap=21.2 (face=14.4mm) n=[163, 800, 177, 851, 102, 101, 557]  tape=1.175km B=10.25T unif=1.063% hoop=209MPa
  [ 270] OK     f=   1.633  a=43.1 b=91.7 gap=22.1 (face=16.3mm) n=[337, 877, 240, 840, 210, 129, 477]  tape=1.633km B=10.83T unif=0.404% hoop=264MPa
  [ 271] viol   f=   2.013  a=50.6 b=76.7 gap=27.9 (face=27.8mm) n=[164, 900, 79, 803, 83, 124, 894]  tape=1.388km B=9.44T unif=0.454% hoop=202MPa
  [ 272] OK     f=   1.281  a=42.8 b=76.7 gap=19.2 (face=10.5mm) n=[195, 612, 61, 814, 287, 91, 806]  tape=1.281km B=10.05T unif=0.960% hoop=222MPa
  [ 273] OK     f=   1.384  a=48.7 b=69.0 gap=24.7 (face=21.3mm) n=[201, 899, 182, 751, 143, 154, 857]  tape=1.384km B=10.73T unif=0.608% hoop=227MPa
  [ 274] viol   f=   2.922  a=44.7 b=68.0 gap=21.9 (face=15.7mm) n=[143, 724, 394, 833, 131, 100, 397]  tape=1.180km B=9.99T unif=1.093% hoop=244MPa
  [ 275] viol   f=   1.730  a=50.8 b=76.1 gap=20.9 (face=13.9mm) n=[126, 665, 84, 895, 74, 289, 777]  tape=1.376km B=9.58T unif=0.692% hoop=250MPa
  [ 276] viol   f=   2.354  a=54.1 b=74.1 gap=25.5 (face=23.1mm) n=[99, 831, 258, 676, 144, 203, 705]  tape=1.376km B=9.30T unif=0.801% hoop=241MPa
  [ 277] viol   f=   2.030  a=42.5 b=71.0 gap=22.7 (face=17.5mm) n=[421, 898, 304, 899, 136, 182, 716]  tape=1.532km B=12.96T unif=1.050% hoop=280MPa
  [ 278] viol   f=   2.980  a=41.9 b=62.4 gap=30.9 (face=33.8mm) n=[58, 882, 252, 777, 166, 390, 399]  tape=1.197km B=9.06T unif=0.587% hoop=268MPa
  [ 279] viol   f=   2.430  a=58.3 b=90.5 gap=17.9 (face=7.9mm) n=[117, 897, 220, 726, 264, 147, 894]  tape=1.768km B=10.46T unif=1.058% hoop=307MPa
  [ 280] viol   f=   5.469  a=46.0 b=51.1 gap=24.7 (face=21.4mm) n=[86, 696, 369, 833, 161, 55, 778]  tape=1.045km B=10.19T unif=1.149% hoop=199MPa
  [ 281] OK     f=   1.527  a=45.4 b=77.2 gap=23.3 (face=18.5mm) n=[466, 700, 94, 888, 220, 164, 720]  tape=1.527km B=10.77T unif=0.759% hoop=270MPa  [a=89 b=194 nt=4544] KSP converged reason: 4, iterations: 1
  [a=93 b=195 nt=3673] KSP converged reason: 4, iterations: 1
  [a=53 b=209 nt=4966] KSP converged reason: 4, iterations: 1
  [a=60 b=160 nt=4751] KSP converged reason: 4, iterations: 1
  [a=49 b=174 nt=3874] KSP converged reason: 4, iterations: 1
  [a=67 b=208 nt=4806] KSP converged reason: 4, iterations: 1
  [a=60 b=165 nt=4266] KSP converged reason: 4, iterations: 1
  [a=73 b=163 nt=4536] KSP converged reason: 4, iterations: 1
  [a=59 b=149 nt=3810] KSP converged reason: 4, iterations: 1
  [a=77 b=107 nt=4235] KSP converged reason: 4, iterations: 1
  [a=59 b=128 nt=4660] KSP converged reason: 4, iterations: 1
  [a=37 b=128 nt=4201] KSP converged reason: 4, iterations: 1
  [a=90 b=161 nt=3064] KSP converged reason: 4, iterations: 1
  [a=46 b=104 nt=3715] KSP converged reason: 4, iterations: 1
  [a=79 b=131 nt=3947] KSP converged reason: 4, iterations: 1
  [a=64 b=98 nt=3843] KSP converged reason: 4, iterations: 1
  [a=41 b=83 nt=3807] KSP converged reason: 4, iterations: 1
  [a=49 b=69 nt=3822] KSP converged reason: 4, iterations: 1
  [a=40 b=96 nt=3436] KSP converged reason: 4, iterations: 1
  [a=59 b=111 nt=3180] KSP converged reason: 4, iterations: 1
  [a=38 b=136 nt=3621] KSP converged reason: 4, iterations: 1
  [a=42 b=97 nt=3105] KSP converged reason: 4, iterations: 1
  [a=51 b=67 nt=3238] KSP converged reason: 4, iterations: 1
  [a=52 b=68 nt=3934] KSP converged reason: 4, iterations: 1
  [a=41 b=81 nt=3686] KSP converged reason: 4, iterations: 1
  [a=61 b=101 nt=2605] KSP converged reason: 4, iterations: 1
  [a=40 b=79 nt=3375] KSP converged reason: 4, iterations: 1
  [a=65 b=90 nt=3517] KSP converged reason: 4, iterations: 1
  [a=50 b=92 nt=2897] KSP converged reason: 4, iterations: 1
  [a=50 b=90 nt=3370] KSP converged reason: 4, iterations: 1
  [a=46 b=59 nt=3148] KSP converged reason: 4, iterations: 1
  [a=50 b=74 nt=3282] KSP converged reason: 4, iterations: 1
  [a=51 b=76 nt=2910] KSP converged reason: 4, iterations: 1
  [a=58 b=90 nt=3265] KSP converged reason: 4, iterations: 1
  [a=48 b=76 nt=3298] KSP converged reason: 4, iterations: 1
  [a=41 b=80 nt=3578] KSP converged reason: 4, iterations: 1
  [a=43 b=59 nt=3091] KSP converged reason: 4, iterations: 1
  [a=49 b=72 nt=3199] KSP converged reason: 4, iterations: 1
  [a=100 b=171 nt=4404] KSP converged reason: 4, iterations: 1
  [a=58 b=217 nt=4910] KSP converged reason: 4, iterations: 1
  [a=53 b=157 nt=4714] KSP converged reason: 4, iterations: 1
  [a=61 b=168 nt=4538] KSP converged reason: 4, iterations: 1
  [a=53 b=202 nt=4134] KSP converged reason: 4, iterations: 1
  [a=42 b=172 nt=4418] KSP converged reason: 4, iterations: 1
  [a=45 b=167 nt=4859] KSP converged reason: 4, iterations: 1
  [a=37 b=162 nt=4708] KSP converged reason: 4, iterations: 1
  [a=45 b=157 nt=4636] KSP converged reason: 4, iterations: 1
  [a=54 b=126 nt=4407] KSP converged reason: 4, iterations: 1
  [a=58 b=150 nt=4350] KSP converged reason: 4, iterations: 1
  [a=57 b=136 nt=3861] KSP converged reason: 4, iterations: 1
  [a=45 b=123 nt=3968] KSP converged reason: 4, iterations: 1
  [a=37 b=158 nt=4700] KSP converged reason: 4, iterations: 1
  [a=55 b=103 nt=4233] KSP converged reason: 4, iterations: 1
  [a=56 b=72 nt=4686] KSP converged reason: 4, iterations: 1
  [a=61 b=124 nt=4293] KSP converged reason: 4, iterations: 1
  [a=65 b=117 nt=3176] KSP converged reason: 4, iterations: 1
  [a=71 b=131 nt=3377] KSP converged reason: 4, iterations: 1
  [a=56 b=120 nt=2998] KSP converged reason: 4, iterations: 1
  [a=69 b=148 nt=3713] KSP converged reason: 4, iterations: 1
  [a=46 b=86 nt=4087] KSP converged reason: 4, iterations: 1
  [a=61 b=142 nt=3479] KSP converged reason: 4, iterations: 1
  [a=55 b=135 nt=3770] KSP converged reason: 4, iterations: 1
  [a=40 b=82 nt=3457] KSP converged reason: 4, iterations: 1
  [a=44 b=111 nt=3248] KSP converged reason: 4, iterations: 1
  [a=49 b=111 nt=3925] KSP converged reason: 4, iterations: 1
  [a=47 b=72 nt=3851] KSP converged reason: 4, iterations: 1
  [a=38 b=86 nt=3006] KSP converged reason: 4, iterations: 1
  [a=36 b=79 nt=3022] KSP converged reason: 4, iterations: 1
  [a=32 b=61 nt=3232] KSP converged reason: 4, iterations: 1
  [a=43 b=49 nt=3650] KSP converged reason: 4, iterations: 1
  [a=43 b=95 nt=3319] KSP converged reason: 4, iterations: 1
  [a=47 b=80 nt=3367] KSP converged reason: 4, iterations: 1
  [a=42 b=96 nt=2715] KSP converged reason: 4, iterations: 1
  [a=52 b=94 nt=3419] KSP converged reason: 4, iterations: 1
  [a=55 b=99 nt=2376] KSP converged reason: 4, iterations: 1
  [a=47 b=78 nt=2990] KSP converged reason: 4, iterations: 1
  [a=48 b=79 nt=2996] KSP converged reason: 4, iterations: 1
  [a=45 b=68 nt=2722] KSP converged reason: 4, iterations: 1
  [a=43 b=71 nt=3556] KSP converged reason: 4, iterations: 1
  [a=39 b=100 nt=3539] KSP converged reason: 4, iterations: 1
  [a=43 b=68 nt=2840] KSP converged reason: 4, iterations: 1
  [a=52 b=64 nt=3106] KSP converged reason: 4, iterations: 1
  [a=43 b=50 nt=3032] KSP converged reason: 4, iterations: 1
  [a=68 b=194 nt=4252] KSP converged reason: 4, iterations: 1
  [a=83 b=184 nt=4040] KSP converged reason: 4, iterations: 1
  [a=76 b=212 nt=4797] KSP converged reason: 4, iterations: 1
  [a=47 b=183 nt=4798] KSP converged reason: 4, iterations: 1
  [a=46 b=159 nt=4325] KSP converged reason: 4, iterations: 1
  [a=58 b=194 nt=4685] KSP converged reason: 4, iterations: 1
  [a=40 b=147 nt=4074] KSP converged reason: 4, iterations: 1
  [a=46 b=172 nt=3877] KSP converged reason: 4, iterations: 1
  [a=42 b=152 nt=4466] KSP converged reason: 4, iterations: 1
  [a=60 b=140 nt=4313] KSP converged reason: 4, iterations: 1
  [a=52 b=130 nt=5038] KSP converged reason: 4, iterations: 1
  [a=46 b=121 nt=4866] KSP converged reason: 4, iterations: 1
  [a=44 b=125 nt=5009] KSP converged reason: 4, iterations: 1
  [a=69 b=127 nt=3616] KSP converged reason: 4, iterations: 1
  [a=56 b=142 nt=3659] KSP converged reason: 4, iterations: 1
  [a=60 b=111 nt=3471] KSP converged reason: 4, iterations: 1
  [a=43 b=125 nt=3076] KSP converged reason: 4, iterations: 1
  [a=61 b=125 nt=3488] KSP converged reason: 4, iterations: 1
  [a=77 b=175 nt=4344] KSP converged reason: 4, iterations: 1
  [a=46 b=131 nt=3777] KSP converged reason: 4, iterations: 1
  [a=44 b=94 nt=3128] KSP converged reason: 4, iterations: 1
  [a=50 b=76 nt=3723] KSP converged reason: 4, iterations: 1
  [a=45 b=87 nt=3261] KSP converged reason: 4, iterations: 1
  [a=51 b=112 nt=3821] KSP converged reason: 4, iterations: 1
  [a=39 b=104 nt=3217] KSP converged reason: 4, iterations: 1
  [a=41 b=113 nt=4047] KSP converged reason: 4, iterations: 1
  [a=52 b=109 nt=3066] KSP converged reason: 4, iterations: 1
  [a=46 b=53 nt=3502] KSP converged reason: 4, iterations: 1
  [a=45 b=79 nt=3668] KSP converged reason: 4, iterations: 1
  [a=43 b=68 nt=3527] KSP converged reason: 4, iterations: 1
  [a=47 b=65 nt=3040] KSP converged reason: 4, iterations: 1
  [a=48 b=105 nt=3388] KSP converged reason: 4, iterations: 1
  [a=54 b=102 nt=3238] KSP converged reason: 4, iterations: 1
  [a=43 b=73 nt=3135] KSP converged reason: 4, iterations: 1
  [a=49 b=110 nt=3108] KSP converged reason: 4, iterations: 1
  [a=53 b=88 nt=2933] KSP converged reason: 4, iterations: 1
  [a=60 b=91 nt=3197] KSP converged reason: 4, iterations: 1
  [a=43 b=92 nt=3110] KSP converged reason: 4, iterations: 1
  [a=54 b=74 nt=2916] KSP converged reason: 4, iterations: 1
  [a=42 b=62 nt=2924] KSP converged reason: 4, iterations: 1
  [a=53 b=81 nt=3217] KSP converged reason: 4, iterations: 1
  [a=42 b=52 nt=3062] KSP converged reason: 4, iterations: 1
  [a=40 b=49 nt=3149] KSP converged reason: 4, iterations: 1
  [a=38 b=177 nt=4714] KSP converged reason: 4, iterations: 1
  [a=40 b=208 nt=4230] KSP converged reason: 4, iterations: 1
  [a=74 b=172 nt=4641] KSP converged reason: 4, iterations: 1
  [a=77 b=139 nt=4528] KSP converged reason: 4, iterations: 1
  [a=40 b=186 nt=5001] KSP converged reason: 4, iterations: 1
  [a=71 b=188 nt=4640] KSP converged reason: 4, iterations: 1
  [a=52 b=159 nt=4969] KSP converged reason: 4, iterations: 1
  [a=51 b=154 nt=4386] KSP converged reason: 4, iterations: 1
  [a=45 b=118 nt=4478] KSP converged reason: 4, iterations: 1
  [a=48 b=130 nt=4469] KSP converged reason: 4, iterations: 1
  [a=96 b=127 nt=3990] KSP converged reason: 4, iterations: 1
  [a=40 b=135 nt=4604] KSP converged reason: 4, iterations: 1
  [a=52 b=103 nt=4274] KSP converged reason: 4, iterations: 1
  [a=58 b=145 nt=3622] KSP converged reason: 4, iterations: 1
  [a=53 b=122 nt=3977] KSP converged reason: 4, iterations: 1
  [a=52 b=167 nt=4749] KSP converged reason: 4, iterations: 1
  [a=58 b=100 nt=3704] KSP converged reason: 4, iterations: 1
  [a=62 b=120 nt=3986] KSP converged reason: 4, iterations: 1
  [a=42 b=96 nt=2975] KSP converged reason: 4, iterations: 1
  [a=40 b=110 nt=2977] KSP converged reason: 4, iterations: 1
  [a=54 b=64 nt=2854] KSP converged reason: 4, iterations: 1
  [a=68 b=118 nt=3337] KSP converged reason: 4, iterations: 1
  [a=53 b=102 nt=3680] KSP converged reason: 4, iterations: 1
  [a=42 b=88 nt=3214] KSP converged reason: 4, iterations: 1
  [a=50 b=66 nt=3954] KSP converged reason: 4, iterations: 1
  [a=53 b=112 nt=3292] KSP converged reason: 4, iterations: 1
  [a=49 b=73 nt=2762] KSP converged reason: 4, iterations: 1
  [a=51 b=69 nt=3436] KSP converged reason: 4, iterations: 1
  [a=38 b=76 nt=3018] KSP converged reason: 4, iterations: 1
  [a=48 b=105 nt=3805] KSP converged reason: 4, iterations: 1
  [a=55 b=74 nt=2995] KSP converged reason: 4, iterations: 1
  [a=52 b=73 nt=3386] KSP converged reason: 4, iterations: 1
  [a=41 b=61 nt=3257] KSP converged reason: 4, iterations: 1
  [a=47 b=80 nt=2866] KSP converged reason: 4, iterations: 1
  [a=49 b=80 nt=2870] KSP converged reason: 4, iterations: 1
  [a=43 b=77 nt=2866] KSP converged reason: 4, iterations: 1
  [a=46 b=51 nt=2978] KSP converged reason: 4, iterations: 1
  [a=56 b=62 nt=3227] KSP converged reason: 4, iterations: 1
  [a=41 b=53 nt=2819] KSP converged reason: 4, iterations: 1
  [a=43 b=57 nt=2938] KSP converged reason: 4, iterations: 1
  [a=38 b=62 nt=2425] KSP converged reason: 4, iterations: 1
  [a=84 b=197 nt=4725] KSP converged reason: 4, iterations: 1
  [a=48 b=213 nt=4427] KSP converged reason: 4, iterations: 1
  [a=48 b=214 nt=4345] KSP converged reason: 4, iterations: 1
  [a=80 b=185 nt=4017] KSP converged reason: 4, iterations: 1
  [a=63 b=202 nt=4937] KSP converged reason: 4, iterations: 1
  [a=33 b=128 nt=4352] KSP converged reason: 4, iterations: 1
  [a=41 b=139 nt=4459] KSP converged reason: 4, iterations: 1
  [a=55 b=137 nt=5096] KSP converged reason: 4, iterations: 1
  [a=43 b=132 nt=3880] KSP converged reason: 4, iterations: 1
  [a=66 b=144 nt=4015] KSP converged reason: 4, iterations: 1
  [a=59 b=117 nt=3743] KSP converged reason: 4, iterations: 1
  [a=46 b=167 nt=3362] KSP converged reason: 4, iterations: 1
  [a=55 b=139 nt=4328] KSP converged reason: 4, iterations: 1
  [a=59 b=138 nt=3998] KSP converged reason: 4, iterations: 1
  [a=73 b=84 nt=3182] KSP converged reason: 4, iterations: 1
  [a=58 b=147 nt=3670] KSP converged reason: 4, iterations: 1
  [a=53 b=193 nt=4576] KSP converged reason: 4, iterations: 1
  [a=72 b=137 nt=4211] KSP converged reason: 4, iterations: 1
  [a=64 b=84 nt=4349] KSP converged reason: 4, iterations: 1
  [a=41 b=113 nt=3645] KSP converged reason: 4, iterations: 1
  [a=46 b=87 nt=3371] KSP converged reason: 4, iterations: 1
  [a=45 b=71 nt=3919] KSP converged reason: 4, iterations: 1
  [a=67 b=94 nt=2728] KSP converged reason: 4, iterations: 1
  [a=46 b=100 nt=4200] KSP converged reason: 4, iterations: 1
  [a=61 b=100 nt=3620] KSP converged reason: 4, iterations: 1
  [a=41 b=89 nt=3679] KSP converged reason: 4, iterations: 1
  [a=39 b=93 nt=2989] KSP converged reason: 4, iterations: 1
  [a=39 b=57 nt=2906] KSP converged reason: 4, iterations: 1
  [a=50 b=60 nt=3086] KSP converged reason: 4, iterations: 1
  [a=42 b=82 nt=2650] KSP converged reason: 4, iterations: 1
  [a=41 b=67 nt=2500] KSP converged reason: 4, iterations: 1
  [a=35 b=87 nt=2850] KSP converged reason: 4, iterations: 1
  [a=58 b=85 nt=3121] KSP converged reason: 4, iterations: 1
  [a=58 b=73 nt=3370] KSP converged reason: 4, iterations: 1
  [a=58 b=69 nt=3225] KSP converged reason: 4, iterations: 1
  [a=41 b=79 nt=2900] KSP converged reason: 4, iterations: 1
  [a=43 b=84 nt=2857] KSP converged reason: 4, iterations: 1
  [a=48 b=63 nt=3296] KSP converged reason: 4, iterations: 1
  [a=38 b=92 nt=2853] KSP converged reason: 4, iterations: 1
  [a=53 b=94 nt=3595] KSP converged reason: 4, iterations: 1
  [a=51 b=77 nt=3047] KSP converged reason: 4, iterations: 1
  [a=45 b=77 nt=3252] KSP converged reason: 4, iterations: 1
  [a=48 b=76 nt=3020] KSP converged reason: 4, iterations: 1
  [a=43 b=67 nt=3237] KSP converged reason: 4, iterations: 1
  [a=48 b=59 nt=3117] KSP converged reason: 4, iterations: 1
  [a=96 b=196 nt=4036] KSP converged reason: 4, iterations: 1
  [a=94 b=214 nt=4166] KSP converged reason: 4, iterations: 1
  [a=42 b=207 nt=4681] KSP converged reason: 4, iterations: 1
  [a=81 b=185 nt=5106] KSP converged reason: 4, iterations: 1
  [a=39 b=198 nt=4255] KSP converged reason: 4, iterations: 1
  [a=76 b=219 nt=5028] KSP converged reason: 4, iterations: 1
  [a=53 b=172 nt=4389] KSP converged reason: 4, iterations: 1
  [a=42 b=141 nt=4411] KSP converged reason: 4, iterations: 1
  [a=42 b=177 nt=4257] KSP converged reason: 4, iterations: 1
  [a=67 b=121 nt=4199] KSP converged reason: 4, iterations: 1
  [a=71 b=109 nt=3818] KSP converged reason: 4, iterations: 1
  [a=46 b=128 nt=3589] KSP converged reason: 4, iterations: 1
  [a=60 b=175 nt=4271] KSP converged reason: 4, iterations: 1
  [a=68 b=129 nt=4445] KSP converged reason: 4, iterations: 1
  [a=62 b=166 nt=4375] KSP converged reason: 4, iterations: 1
  [a=67 b=143 nt=2954] KSP converged reason: 4, iterations: 1
  [a=51 b=129 nt=3655] KSP converged reason: 4, iterations: 1
  [a=59 b=158 nt=3314] KSP converged reason: 4, iterations: 1
  [a=38 b=109 nt=3320] KSP converged reason: 4, iterations: 1
  [a=59 b=102 nt=4373] KSP converged reason: 4, iterations: 1
  [a=45 b=116 nt=3426] KSP converged reason: 4, iterations: 1
  [a=40 b=75 nt=3346] KSP converged reason: 4, iterations: 1
  [a=42 b=92 nt=3800] KSP converged reason: 4, iterations: 1
  [a=36 b=114 nt=3638] KSP converged reason: 4, iterations: 1
  [a=50 b=95 nt=3498] KSP converged reason: 4, iterations: 1
  [a=41 b=75 nt=2638] KSP converged reason: 4, iterations: 1
  [a=55 b=84 nt=3115] KSP converged reason: 4, iterations: 1
  [a=52 b=76 nt=3715] KSP converged reason: 4, iterations: 1
  [a=61 b=97 nt=3252] KSP converged reason: 4, iterations: 1
  [a=52 b=82 nt=3284] KSP converged reason: 4, iterations: 1
  [a=51 b=80 nt=2814] KSP converged reason: 4, iterations: 1
  [a=50 b=77 nt=2954] KSP converged reason: 4, iterations: 1
  [a=44 b=91 nt=2731] KSP converged reason: 4, iterations: 1
  [a=46 b=68 nt=2751] KSP converged reason: 4, iterations: 1
  [a=49 b=69 nt=3187] KSP converged reason: 4, iterations: 1
  [a=49 b=72 nt=3157] KSP converged reason: 4, iterations: 1
  [a=48 b=68 nt=2819] KSP converged reason: 4, iterations: 1
  [a=47 b=70 nt=3340] KSP converged reason: 4, iterations: 1
  [a=45 b=70 nt=3275] KSP converged reason: 4, iterations: 1

  [ 282] viol   f=   1.863  a=48.9 b=72.3 gap=29.4 (face=30.7mm) n=[77, 806, 50, 890, 409, 148, 777]  tape=1.399km B=9.52T unif=0.256% hoop=227MPa
  [ 283] OK     f=   1.355  a=55.9 b=62.0 gap=24.7 (face=21.3mm) n=[99, 757, 67, 892, 318, 242, 852]  tape=1.355km B=10.55T unif=0.120% hoop=251MPa
  [ 284] viol   f=   2.146  a=53.3 b=81.1 gap=21.0 (face=14.0mm) n=[386, 819, 99, 888, 95, 225, 705]  tape=1.596km B=10.77T unif=1.052% hoop=295MPa
  [ 285] OK     f=   1.931  a=39.1 b=99.7 gap=21.1 (face=14.1mm) n=[209, 725, 170, 886, 448, 352, 749]  tape=1.931km B=11.74T unif=0.347% hoop=284MPa
  [ 286] OK     f=   1.473  a=47.6 b=76.3 gap=19.7 (face=11.4mm) n=[285, 886, 124, 888, 72, 147, 896]  tape=1.473km B=12.02T unif=0.813% hoop=240MPa
  [ 287] viol   f=   1.135  a=41.4 b=52.5 gap=17.9 (face=7.9mm) n=[89, 857, 53, 780, 286, 170, 584]  tape=1.002km B=12.63T unif=1.026% hoop=201MPa
  [ 288] viol   f=  11.278  a=48.1 b=67.6 gap=17.5 (face=7.0mm) n=[140, 793, 69, 738, 120, 78, 881]  tape=1.187km B=10.53T unif=1.225% hoop=226MPa
  [ 289] OK     f=   1.605  a=41.4 b=80.0 gap=19.7 (face=11.4mm) n=[136, 788, 613, 821, 328, 109, 783]  tape=1.605km B=13.47T unif=0.695% hoop=283MPa
  [ 290] viol   f=   1.822  a=48.0 b=76.3 gap=21.7 (face=15.3mm) n=[142, 503, 107, 900, 239, 421, 708]  tape=1.462km B=9.58T unif=0.689% hoop=277MPa
  [ 291] OK     f=   1.102  a=42.2 b=52.3 gap=17.8 (face=7.7mm) n=[464, 894, 68, 657, 161, 79, 739]  tape=1.102km B=13.20T unif=0.600% hoop=257MPa
  [ 292] viol   f=  52.275  a=43.4 b=68.2 gap=18.0 (face=8.0mm) n=[56, 858, 86, 635, 218, 141, 846]  tape=1.174km B=10.87T unif=1.505% hoop=212MPa
  [ 293] OK     f=   1.077  a=42.8 b=56.9 gap=20.3 (face=12.5mm) n=[151, 672, 92, 814, 154, 255, 800]  tape=1.077km B=11.06T unif=0.461% hoop=204MPa
  [ 294] viol   f=  22.960  a=47.4 b=69.8 gap=16.9 (face=5.8mm) n=[295, 851, 427, 810, 121, 213, 623]  tape=1.469km B=13.08T unif=1.328% hoop=333MPa
  [ 295] OK     f=   1.287  a=43.2 b=66.8 gap=22.6 (face=17.3mm) n=[51, 882, 97, 843, 425, 84, 855]  tape=1.287km B=11.87T unif=0.996% hoop=212MPa
  [ 296] INFEAS f=15082.576  a=57.1 b=43.4 gap=20.9 (face=13.7mm) n=[54, 900, 60, 897, 413, 139, 879]  no evaluation (geometry pre-check)
  [ 297] OK     f=   1.185  a=43.0 b=58.7 gap=21.4 (face=14.9mm) n=[422, 622, 86, 870, 147, 132, 812]  tape=1.185km B=11.12T unif=0.137% hoop=247MPa
  [ 298] INFEAS f=16608.675  a=43.1 b=28.3 gap=20.1 (face=12.1mm) n=[178, 817, 217, 886, 391, 296, 786]  no evaluation (geometry pre-check)
  [ 299] viol   f=  16.273  a=48.9 b=71.7 gap=18.1 (face=8.3mm) n=[152, 781, 346, 889, 142, 189, 700]  tape=1.453km B=11.68T unif=1.272% hoop=287MPa
  [ 300] viol   f=  42.994  a=52.2 b=63.9 gap=16.4 (face=4.9mm) n=[256, 845, 50, 870, 94, 111, 880]  tape=1.257km B=12.27T unif=1.457% hoop=257MPa
  [ 301] INFEAS f=14736.806  a=39.8 b=26.3 gap=19.6 (face=11.1mm) n=[51, 658, 178, 881, 94, 97, 745]  no evaluation (geometry pre-check)
  [ 302] INFEAS f=1486.476  a=46.0 b=47.5 gap=19.8 (face=11.7mm) n=[120, 818, 96, 896, 144, 78, 818]  no evaluation (geometry pre-check)
  [ 303] INFEAS f=1007.115  a=45.1 b=49.7 gap=21.8 (face=15.6mm) n=[95, 722, 229, 890, 97, 118, 799]  no evaluation (geometry pre-check)
  [ 304] INFEAS f=2471.789  a=39.6 b=38.6 gap=19.8 (face=11.7mm) n=[99, 840, 118, 789, 100, 71, 778]  no evaluation (geometry pre-check)
  [ 305] viol   f=   1.437  a=45.4 b=69.7 gap=17.7 (face=7.4mm) n=[202, 748, 110, 825, 265, 275, 850]  tape=1.398km B=12.14T unif=1.014% hoop=295MPa
  [ 306] viol   f=  95.451  a=43.2 b=49.9 gap=22.1 (face=16.2mm) n=[56, 764, 290, 852, 92, 80, 898]  tape=1.023km B=10.81T unif=1.687% hoop=178MPa
  [ 307] INFEAS f=1868.746  a=33.1 b=56.8 gap=18.1 (face=8.1mm) n=[128, 721, 211, 876, 178, 221, 734]  no evaluation (geometry pre-check)
  [ 308] viol   f=   1.221  a=48.2 b=58.7 gap=18.2 (face=8.4mm) n=[332, 857, 72, 821, 192, 130, 713]  tape=1.213km B=12.69T unif=1.007% hoop=255MPa
  [ 309] OK     f=   1.069  a=40.3 b=48.8 gap=17.8 (face=7.6mm) n=[261, 745, 109, 790, 158, 189, 897]  tape=1.069km B=12.73T unif=0.087% hoop=210MPa
  [ 310] viol   f=   6.732  a=38.5 b=61.9 gap=19.2 (face=10.4mm) n=[76, 745, 133, 789, 51, 84, 547]  tape=0.909km B=10.17T unif=1.171% hoop=162MPa

==========================================================================================
CMA-ES finished: 310 evaluations in 10.0 min
==========================================================================================

Best feasible design found:
  a_mm             38.896690401226024
  b_mm             56.74134704933655
  gap_mm           22.840178030127717
  face_gap_mm      17.68035606025543
  n_turns          [308, 793, 155, 801, 60, 178, 611]
  n_total          2906
  tape_km          1.0424607196287257
  B_target_T       11.435076424476955
  uniformity_pct   0.632380887860885
  hoop_MPa         199.3681378268174
  delam_MPa        15.086546996587206
  I_quench_A       406.9938386797832
  I_op_A           223.86899817369812
  binding          quench/SF
  clip_frac        0.11848739495798319

Full evaluation history -> optimize/cmaes_history.csv
Best design            -> optimize/cmaes_results.csv
Appended 310 rows to cumulative master log -> optimize/cmaes_all_evaluations.csv

Figures -> /home/gerrityjack/fenicsx/Racetrack-Coil-Optimization/visualization/cmaes_convergence.png, cmaes_constraints.png, cmaes_variables.png, cmaes_overview.png
Cumulative parameter-space map -> visualization/cmaes_param_map.png (25250 evaluations, 81 runs)
