Starting CMA-ES: 10 variables, budget 300 evaluations, target B >= 10.0 T, uniformity <= 1.0%, hoop <= 400 MPa, coil-coil face gap >= 3 mm

Parallel mode: 6 worker processes per generation.
  [   1] viol   f=   7.469  a=61.4 b=145.8 gap=44.0 (face=59.9mm) n=[900, 570, 750, 73, 839, 682, 389]  tape=3.219km B=8.54T unif=0.266% hoop=346MPa
  [   2] viol   f=  27.446  a=55.5 b=168.4 gap=40.4 (face=52.8mm) n=[552, 534, 656, 169, 554, 233, 251]  tape=2.470km B=6.47T unif=0.185% hoop=287MPa
  [   3] viol   f=   2.968  a=55.8 b=122.7 gap=43.0 (face=58.1mm) n=[860, 852, 598, 487, 779, 827, 70]  tape=2.881km B=9.79T unif=0.342% hoop=331MPa
  [   4] viol   f=   8.483  a=72.1 b=123.4 gap=42.9 (face=57.8mm) n=[895, 541, 883, 185, 832, 534, 80]  tape=2.751km B=8.31T unif=0.318% hoop=352MPa
  [   5] viol   f=   4.142  a=45.2 b=85.5 gap=42.9 (face=57.9mm) n=[557, 656, 884, 200, 680, 580, 409]  tape=1.995km B=8.96T unif=0.153% hoop=262MPa
  [   6] viol   f=  27.853  a=50.7 b=117.7 gap=38.6 (face=49.2mm) n=[795, 397, 190, 53, 790, 339, 84]  tape=1.678km B=6.38T unif=0.360% hoop=209MPa
  [   7] viol   f=  48.223  a=81.0 b=159.7 gap=42.5 (face=57.1mm) n=[449, 677, 454, 91, 537, 118, 442]  tape=2.398km B=5.21T unif=0.259% hoop=373MPa
  [   8] viol   f=  23.945  a=94.2 b=123.2 gap=42.1 (face=56.2mm) n=[823, 151, 505, 220, 856, 796, 317]  tape=2.755km B=6.75T unif=0.371% hoop=400MPa
  [   9] viol   f=  39.092  a=31.2 b=167.5 gap=42.8 (face=57.7mm) n=[655, 110, 434, 283, 666, 573, 56]  tape=2.145km B=5.70T unif=0.503% hoop=160MPa
  [  10] viol   f=  24.550  a=63.6 b=169.7 gap=40.5 (face=53.0mm) n=[774, 495, 702, 106, 491, 131, 505]  tape=2.786km B=6.70T unif=0.148% hoop=315MPa
  [  11] viol   f=  19.006  a=56.9 b=133.1 gap=43.4 (face=58.9mm) n=[637, 505, 809, 158, 858, 303, 121]  tape=2.417km B=7.12T unif=0.291% hoop=286MPa
  [  12] viol   f=   6.001  a=74.3 b=125.6 gap=42.3 (face=56.7mm) n=[886, 653, 797, 81, 891, 793, 162]  tape=2.982km B=8.77T unif=0.318% hoop=400MPa
  [  13] viol   f=  13.505  a=50.1 b=135.4 gap=38.5 (face=48.9mm) n=[854, 678, 475, 115, 567, 383, 67]  tape=2.243km B=7.63T unif=0.283% hoop=260MPa
  [  14] OK     f=   2.660  a=58.1 b=100.6 gap=44.6 (face=61.1mm) n=[739, 835, 706, 304, 818, 890, 363]  tape=2.660km B=10.02T unif=0.188% hoop=344MPa
  [  15] viol   f=   9.912  a=38.2 b=119.1 gap=44.9 (face=61.9mm) n=[751, 876, 738, 147, 525, 347, 402]  tape=2.338km B=8.05T unif=0.461% hoop=233MPa
  [  16] viol   f=   4.101  a=44.5 b=130.6 gap=41.0 (face=54.0mm) n=[616, 724, 649, 326, 703, 675, 397]  tape=2.652km B=9.15T unif=0.390% hoop=250MPa
  [  17] OK     f=   2.452  a=48.4 b=101.2 gap=38.3 (face=48.6mm) n=[666, 496, 730, 403, 501, 878, 643]  tape=2.452km B=10.05T unif=0.327% hoop=345MPa
  [  18] OK     f=   2.745  a=45.0 b=111.9 gap=40.3 (face=52.6mm) n=[738, 899, 808, 433, 880, 663, 256]  tape=2.745km B=10.87T unif=0.447% hoop=283MPa
  [  19] viol   f=   7.865  a=70.0 b=148.7 gap=44.9 (face=61.9mm) n=[895, 662, 798, 559, 487, 895, 376]  tape=3.718km B=8.56T unif=0.226% hoop=400MPa
  [  20] viol   f=   2.991  a=72.4 b=119.7 gap=29.8 (face=31.6mm) n=[727, 827, 899, 175, 668, 889, 228]  tape=2.990km B=9.98T unif=0.557% hoop=400MPa
  [  21] OK     f=   2.298  a=52.7 b=84.9 gap=37.3 (face=46.6mm) n=[676, 571, 556, 329, 876, 803, 774]  tape=2.298km B=11.03T unif=0.135% hoop=384MPa
  [  22] INFEAS f=45546.544  a=16.3 b=179.7 gap=44.9 (face=61.7mm) n=[366, 888, 707, 164, 747, 454, 297]  no evaluation (geometry pre-check)
  [  23] INFEAS f=1266.734  a=35.1 b=100.0 gap=41.6 (face=55.2mm) n=[747, 898, 451, 224, 570, 581, 838]  no evaluation (geometry pre-check)
  [  24] INFEAS f=1004.212  a=77.0 b=81.7 gap=44.5 (face=61.1mm) n=[613, 795, 710, 610, 889, 821, 73]  no evaluation (geometry pre-check)
  [  25] viol   f=   8.138  a=76.2 b=123.7 gap=43.9 (face=59.9mm) n=[721, 845, 767, 91, 827, 675, 228]  tape=2.893km B=8.38T unif=0.299% hoop=400MPa
  [  26] OK     f=   2.632  a=50.9 b=98.0 gap=44.4 (face=60.7mm) n=[812, 900, 404, 389, 862, 889, 603]  tape=2.632km B=10.41T unif=0.172% hoop=356MPa
  [  27] viol   f=   6.425  a=57.6 b=115.8 gap=42.9 (face=57.9mm) n=[891, 884, 316, 295, 761, 342, 410]  tape=2.519km B=8.60T unif=0.354% hoop=340MPa
  [  28] viol   f=   6.848  a=73.7 b=106.2 gap=41.2 (face=54.4mm) n=[899, 645, 645, 536, 802, 457, 126]  tape=2.649km B=8.55T unif=0.409% hoop=400MPa
  [  29] viol   f=  21.930  a=80.5 b=112.9 gap=32.5 (face=37.1mm) n=[618, 186, 700, 413, 166, 723, 184]  tape=2.018km B=6.84T unif=0.610% hoop=366MPa
  [  30] INFEAS f=12050.735  a=25.4 b=104.0 gap=44.9 (face=61.9mm) n=[817, 681, 857, 210, 862, 860, 93]  no evaluation (geometry pre-check)
  [  31] viol   f=   6.854  a=58.1 b=78.5 gap=34.3 (face=40.5mm) n=[473, 492, 580, 216, 623, 273, 445]  tape=1.485km B=8.36T unif=0.355% hoop=348MPa
  [  32] viol   f=   7.410  a=76.3 b=83.3 gap=43.4 (face=58.8mm) n=[723, 850, 844, 317, 710, 709, 436]  tape=2.480km B=8.43T unif=0.193% hoop=400MPa
  [  33] viol   f=   2.953  a=37.7 b=114.1 gap=44.5 (face=61.1mm) n=[808, 811, 467, 441, 900, 644, 884]  tape=2.861km B=9.78T unif=0.440% hoop=294MPa
  [  34] viol   f=   4.755  a=77.0 b=108.5 gap=41.1 (face=54.3mm) n=[723, 801, 522, 147, 800, 500, 792]  tape=2.720km B=8.99T unif=0.302% hoop=400MPa
  [  35] viol   f=   5.581  a=79.8 b=118.1 gap=45.0 (face=62.0mm) n=[767, 900, 880, 817, 672, 387, 553]  tape=3.430km B=8.96T unif=0.291% hoop=400MPa
  [  36] viol   f=   2.673  a=60.6 b=92.2 gap=43.4 (face=58.8mm) n=[623, 705, 899, 170, 734, 831, 446]  tape=2.428km B=9.65T unif=0.065% hoop=347MPa
  [  37] INFEAS f=1313.408  a=79.2 b=81.4 gap=30.5 (face=33.0mm) n=[866, 680, 872, 92, 791, 736, 653]  no evaluation (geometry pre-check)
  [  38] viol   f=  13.973  a=56.2 b=157.3 gap=45.0 (face=62.0mm) n=[751, 784, 714, 345, 770, 126, 176]  tape=2.878km B=7.64T unif=0.245% hoop=271MPa
  [  39] OK     f=   2.663  a=70.2 b=94.7 gap=33.9 (face=39.8mm) n=[342, 545, 762, 540, 786, 867, 773]  tape=2.663km B=10.15T unif=0.333% hoop=400MPa
  [  40] viol   f=  18.615  a=71.0 b=121.4 gap=44.2 (face=60.4mm) n=[586, 601, 660, 71, 679, 715, 359]  tape=2.467km B=7.16T unif=0.267% hoop=400MPa
  [  41] INFEAS f=2667.224  a=71.1 b=69.7 gap=41.5 (face=54.9mm) n=[875, 416, 698, 68, 859, 899, 837]  no evaluation (geometry pre-check)
  [  42] viol   f=   2.789  a=52.9 b=104.7 gap=40.5 (face=53.1mm) n=[819, 872, 304, 286, 672, 412, 818]  tape=2.435km B=9.58T unif=0.363% hoop=314MPa
  [  43] OK     f=   1.895  a=37.7 b=75.4 gap=36.5 (face=45.0mm) n=[866, 618, 470, 454, 893, 622, 385]  tape=1.895km B=11.39T unif=0.435% hoop=293MPa
  [  44] INFEAS f=10755.482  a=60.6 b=50.0 gap=39.1 (face=50.1mm) n=[77, 866, 757, 594, 834, 889, 527]  no evaluation (geometry pre-check)
  [  45] INFEAS f=13728.298  a=25.9 b=88.1 gap=40.8 (face=53.6mm) n=[624, 509, 878, 895, 558, 784, 828]  no evaluation (geometry pre-check)
  [  46] viol   f=   6.483  a=48.3 b=69.2 gap=42.5 (face=57.1mm) n=[695, 559, 828, 84, 773, 685, 869]  tape=1.879km B=10.17T unif=1.152% hoop=269MPa
  [  47] viol   f=   4.664  a=38.1 b=95.3 gap=42.8 (face=57.6mm) n=[894, 260, 778, 374, 446, 555, 890]  tape=2.163km B=8.88T unif=0.381% hoop=259MPa
  [  48] viol   f=   3.438  a=48.0 b=77.3 gap=44.7 (face=61.3mm) n=[886, 505, 538, 266, 806, 610, 439]  tape=1.925km B=9.13T unif=0.510% hoop=308MPa
  [  49] viol   f=  15.980  a=40.3 b=106.6 gap=36.5 (face=45.0mm) n=[590, 308, 342, 77, 815, 899, 130]  tape=1.824km B=7.34T unif=0.385% hoop=247MPa
  [  50] viol   f=   3.108  a=79.4 b=90.8 gap=36.0 (face=43.9mm) n=[749, 811, 485, 413, 900, 698, 390]  tape=2.639km B=9.52T unif=0.479% hoop=400MPa
  [  51] OK     f=   1.628  a=51.1 b=59.3 gap=28.4 (face=28.9mm) n=[870, 715, 582, 415, 377, 657, 337]  tape=1.628km B=13.22T unif=0.238% hoop=348MPa
  [  52] INFEAS f=19359.479  a=78.0 b=61.5 gap=44.1 (face=60.1mm) n=[808, 809, 239, 300, 751, 576, 360]  no evaluation (geometry pre-check)
  [  53] INFEAS f=277663.609  a=-12.8 b=55.2 gap=41.4 (face=54.7mm) n=[842, 689, 178, 281, 307, 472, 673]  no evaluation (geometry pre-check)
  [  54] INFEAS f=20171.907  a=60.2 b=43.3 gap=44.4 (face=60.7mm) n=[467, 863, 399, 364, 370, 851, 421]  no evaluation (geometry pre-check)
  [  55] OK     f=   2.840  a=44.7 b=126.0 gap=34.1 (face=40.3mm) n=[732, 440, 535, 689, 691, 795, 562]  tape=2.840km B=11.17T unif=0.382% hoop=314MPa
  [  56] OK     f=   1.890  a=50.4 b=77.7 gap=33.1 (face=38.2mm) n=[729, 768, 662, 490, 900, 307, 109]  tape=1.890km B=11.30T unif=0.458% hoop=302MPa
  [  57] INFEAS f=1712.805  a=34.2 b=100.6 gap=45.0 (face=62.0mm) n=[577, 633, 69, 196, 829, 900, 827]  no evaluation (geometry pre-check)
  [  58] viol   f=   2.325  a=44.8 b=96.8 gap=39.2 (face=50.4mm) n=[812, 391, 237, 494, 821, 680, 894]  tape=2.313km B=9.92T unif=0.356% hoop=276MPa
  [  59] OK     f=   2.589  a=47.4 b=109.1 gap=34.7 (face=41.4mm) n=[885, 614, 676, 318, 568, 728, 546]  tape=2.589km B=11.19T unif=0.381% hoop=322MPa
  [  60] viol   f=   2.693  a=39.1 b=95.2 gap=36.6 (face=45.3mm) n=[644, 343, 373, 222, 882, 872, 895]  tape=2.160km B=9.48T unif=0.342% hoop=270MPa
  [  61] viol   f=   2.962  a=63.9 b=106.1 gap=42.8 (face=57.6mm) n=[874, 747, 899, 197, 631, 846, 69]  tape=2.560km B=9.55T unif=0.297% hoop=340MPa
  [  62] viol   f=   3.711  a=68.3 b=111.5 gap=23.3 (face=18.6mm) n=[897, 336, 811, 365, 237, 637, 192]  tape=2.306km B=9.16T unif=0.806% hoop=379MPa
  [  63] OK     f=   1.948  a=43.4 b=84.1 gap=27.3 (face=26.6mm) n=[881, 621, 84, 408, 814, 412, 885]  tape=1.948km B=12.49T unif=0.559% hoop=276MPa
  [  64] INFEAS f=3469.054  a=63.2 b=60.4 gap=21.2 (face=14.4mm) n=[595, 828, 877, 176, 827, 758, 292]  no evaluation (geometry pre-check)
  [  65] INFEAS f=21280.183  a=17.1 b=33.4 gap=31.4 (face=34.8mm) n=[585, 410, 737, 690, 221, 672, 453]  no evaluation (geometry pre-check)
  [  66] INFEAS f=3453.728  a=72.1 b=69.3 gap=27.5 (face=26.9mm) n=[819, 488, 388, 515, 407, 708, 123]  no evaluation (geometry pre-check)
  [  67] INFEAS f=25435.165  a=55.4 b=35.7 gap=32.6 (face=37.3mm) n=[343, 864, 869, 359, 867, 801, 230]  no evaluation (geometry pre-check)
  [  68] viol   f=   3.341  a=63.4 b=97.3 gap=44.1 (face=60.2mm) n=[855, 391, 690, 223, 567, 830, 855]  tape=2.500km B=9.35T unif=0.093% hoop=342MPa
  [  69] viol   f= 780.557  a=40.7 b=51.8 gap=38.1 (face=48.2mm) n=[760, 563, 486, 464, 698, 202, 673]  tape=1.296km B=10.35T unif=2.974% hoop=271MPa
  [  70] OK     f=   2.446  a=46.6 b=82.1 gap=36.4 (face=44.8mm) n=[880, 803, 680, 745, 714, 899, 532]  tape=2.446km B=13.90T unif=0.343% hoop=335MPa
  [  71] INFEAS f=72958.420  a=11.0 b=91.7 gap=40.2 (face=52.4mm) n=[607, 700, 246, 893, 630, 63, 690]  no evaluation (geometry pre-check)
  [  72] INFEAS f=14420.289  a=24.9 b=58.1 gap=32.0 (face=36.0mm) n=[724, 519, 265, 856, 606, 352, 878]  no evaluation (geometry pre-check)
  [  73] viol   f=   2.323  a=45.6 b=66.0 gap=37.8 (face=47.6mm) n=[867, 395, 362, 632, 734, 839, 775]  tape=1.862km B=11.65T unif=1.048% hoop=294MPa
  [  74] INFEAS f=8742.564  a=70.7 b=61.7 gap=21.7 (face=15.3mm) n=[757, 725, 100, 899, 812, 890, 786]  no evaluation (geometry pre-check)
  [  75] OK     f=   2.130  a=50.8 b=77.2 gap=42.7 (face=57.4mm) n=[769, 672, 568, 748, 790, 820, 358]  tape=2.130km B=11.08T unif=0.563% hoop=321MPa
  [  76] OK     f=   2.265  a=36.7 b=109.2 gap=28.9 (face=29.9mm) n=[777, 525, 489, 59, 563, 692, 879]  tape=2.265km B=11.29T unif=0.399% hoop=263MPa
  [  77] viol   f=   4.146  a=54.2 b=102.8 gap=40.8 (face=53.7mm) n=[793, 246, 687, 55, 795, 629, 890]  tape=2.346km B=9.05T unif=0.270% hoop=283MPa
  [  78] INFEAS f=82905.115  a=9.6 b=80.1 gap=19.4 (face=10.8mm) n=[899, 882, 132, 670, 771, 426, 312]  no evaluation (geometry pre-check)
  [  79] OK     f=   2.169  a=37.7 b=97.0 gap=22.4 (face=16.7mm) n=[605, 660, 265, 471, 885, 529, 653]  tape=2.169km B=13.28T unif=0.531% hoop=314MPa
  [  80] viol   f=   2.238  a=52.5 b=78.6 gap=42.8 (face=57.6mm) n=[751, 520, 737, 158, 730, 563, 681]  tape=1.890km B=9.58T unif=0.563% hoop=285MPa
  [  81] viol   f=  37.139  a=54.0 b=59.7 gap=38.3 (face=48.6mm) n=[665, 542, 135, 295, 892, 868, 89]  tape=1.430km B=8.71T unif=1.402% hoop=246MPa
  [  82] OK     f=   2.856  a=70.4 b=96.4 gap=43.4 (face=58.8mm) n=[899, 853, 824, 412, 737, 674, 496]  tape=2.856km B=10.49T unif=0.191% hoop=400MPa
  [  83] INFEAS f=1177.281  a=34.9 b=74.1 gap=20.9 (face=13.8mm) n=[671, 80, 505, 423, 688, 594, 885]  no evaluation (geometry pre-check)
  [  84] OK     f=   2.505  a=50.1 b=101.1 gap=37.3 (face=46.6mm) n=[900, 815, 506, 371, 900, 301, 676]  tape=2.505km B=11.08T unif=0.466% hoop=320MPa
  [  85] INFEAS f=11816.929  a=26.5 b=88.5 gap=38.2 (face=48.3mm) n=[717, 625, 586, 643, 785, 889, 867]  no evaluation (geometry pre-check)
  [  86] viol   f=   2.724  a=44.8 b=88.9 gap=44.0 (face=60.0mm) n=[854, 587, 491, 105, 882, 879, 621]  tape=2.172km B=9.47T unif=0.283% hoop=265MPa
  [  87] viol   f=   2.962  a=57.6 b=111.7 gap=41.2 (face=54.3mm) n=[882, 660, 661, 373, 900, 778, 412]  tape=2.892km B=9.81T unif=0.303% hoop=400MPa
  [  88] OK     f=   3.081  a=48.0 b=125.8 gap=39.4 (face=50.8mm) n=[523, 851, 891, 767, 815, 612, 290]  tape=3.081km B=10.79T unif=0.397% hoop=311MPa
  [  89] viol   f=   5.456  a=46.9 b=56.5 gap=32.0 (face=36.0mm) n=[898, 625, 232, 518, 843, 557, 520]  tape=1.621km B=12.89T unif=1.138% hoop=301MPa
  [  90] OK     f=   2.281  a=46.1 b=88.0 gap=43.7 (face=59.4mm) n=[837, 553, 750, 310, 675, 864, 626]  tape=2.281km B=10.16T unif=0.248% hoop=290MPa
  [  91] INFEAS f=2960.336  a=31.9 b=103.9 gap=38.2 (face=48.4mm) n=[791, 511, 325, 256, 884, 837, 703]  no evaluation (geometry pre-check)
  [  92] viol   f=   3.336  a=68.2 b=107.1 gap=41.8 (face=55.6mm) n=[874, 409, 626, 273, 763, 643, 849]  tape=2.772km B=9.47T unif=0.267% hoop=390MPa
  [  93] viol   f=   2.944  a=76.7 b=93.6 gap=44.8 (face=61.6mm) n=[856, 812, 719, 311, 892, 415, 853]  tape=2.820km B=9.75T unif=0.035% hoop=400MPa
  [  94] viol   f=   8.768  a=84.0 b=89.3 gap=43.0 (face=58.0mm) n=[878, 620, 183, 470, 849, 570, 496]  tape=2.437km B=8.22T unif=0.181% hoop=400MPa
  [  95] OK     f=   2.218  a=49.0 b=91.4 gap=38.9 (face=49.8mm) n=[816, 253, 332, 640, 849, 549, 862]  tape=2.218km B=10.05T unif=0.264% hoop=285MPa
  [  96] OK     f=   2.105  a=48.3 b=84.9 gap=37.9 (face=47.8mm) n=[898, 652, 252, 239, 885, 745, 596]  tape=2.105km B=10.70T unif=0.281% hoop=319MPa
  [  97] OK     f=   2.646  a=41.7 b=101.0 gap=44.6 (face=61.1mm) n=[895, 541, 716, 314, 806, 870, 862]  tape=2.646km B=10.18T unif=0.345% hoop=264MPa
  [  98] viol   f=   5.198  a=63.2 b=91.2 gap=44.9 (face=61.8mm) n=[579, 763, 448, 525, 564, 735, 559]  tape=2.270km B=8.79T unif=0.055% hoop=400MPa
  [  99] OK     f=   2.791  a=58.9 b=97.5 gap=36.7 (face=45.4mm) n=[642, 740, 847, 577, 741, 900, 501]  tape=2.791km B=11.78T unif=0.334% hoop=400MPa
  [ 100] OK     f=   1.824  a=53.9 b=66.7 gap=31.5 (face=35.1mm) n=[554, 881, 367, 419, 761, 810, 343]  tape=1.824km B=11.96T unif=0.150% hoop=352MPa
  [ 101] OK     f=   1.981  a=40.9 b=71.8 gap=38.0 (face=47.9mm) n=[708, 900, 369, 613, 656, 845, 555]  tape=1.981km B=11.88T unif=0.447% hoop=270MPa
  [ 102] INFEAS f=19178.364  a=77.5 b=61.2 gap=38.1 (face=48.1mm) n=[473, 588, 584, 658, 707, 808, 594]  no evaluation (geometry pre-check)
  [ 103] viol   f=   1.976  a=60.0 b=89.5 gap=33.3 (face=38.5mm) n=[556, 715, 391, 625, 701, 213, 533]  tape=1.963km B=9.92T unif=0.500% hoop=339MPa
  [ 104] viol   f= 335.958  a=41.1 b=54.0 gap=40.8 (face=53.7mm) n=[413, 673, 386, 360, 533, 727, 55]  tape=1.110km B=7.80T unif=2.275% hoop=245MPa
  [ 105] OK     f=   2.473  a=66.0 b=83.2 gap=28.1 (face=28.2mm) n=[812, 851, 882, 220, 713, 867, 499]  tape=2.473km B=13.52T unif=0.847% hoop=400MPa
  [ 106] INFEAS f=23985.729  a=98.0 b=79.0 gap=36.6 (face=45.3mm) n=[774, 650, 388, 605, 886, 541, 548]  no evaluation (geometry pre-check)
  [ 107] viol   f=   2.593  a=59.0 b=78.3 gap=44.4 (face=60.8mm) n=[738, 579, 545, 490, 626, 623, 621]  tape=2.018km B=9.46T unif=0.499% hoop=400MPa
  [ 108] INFEAS f=9723.662  a=26.3 b=66.3 gap=41.2 (face=54.3mm) n=[518, 858, 433, 332, 730, 548, 236]  no evaluation (geometry pre-check)
  [ 109] viol   f=   3.088  a=39.0 b=96.5 gap=39.2 (face=50.5mm) n=[408, 773, 234, 610, 813, 881, 380]  tape=2.144km B=9.31T unif=0.420% hoop=239MPa
  [ 110] OK     f=   2.065  a=42.2 b=71.6 gap=25.4 (face=22.9mm) n=[627, 812, 447, 504, 862, 889, 832]  tape=2.065km B=15.99T unif=0.421% hoop=343MPa
  [ 111] OK     f=   1.656  a=45.1 b=72.1 gap=30.6 (face=33.2mm) n=[689, 856, 81, 131, 700, 614, 828]  tape=1.656km B=11.77T unif=0.334% hoop=253MPa
  [ 112] OK     f=   1.684  a=54.9 b=74.3 gap=22.2 (face=16.3mm) n=[161, 551, 414, 774, 793, 516, 382]  tape=1.684km B=11.81T unif=0.864% hoop=366MPa
  [ 113] viol   f=   3.208  a=74.4 b=80.3 gap=38.5 (face=49.0mm) n=[849, 653, 207, 357, 679, 651, 740]  tape=2.211km B=9.29T unif=0.200% hoop=400MPa
  [ 114] OK     f=   1.825  a=43.7 b=79.8 gap=30.0 (face=32.0mm) n=[651, 654, 698, 52, 845, 793, 322]  tape=1.825km B=12.11T unif=0.511% hoop=282MPa
  [ 115] viol   f=   7.876  a=52.1 b=67.4 gap=41.1 (face=54.2mm) n=[582, 610, 112, 503, 474, 622, 367]  tape=1.344km B=8.19T unif=0.931% hoop=284MPa
  [ 116] viol   f= 297.049  a=48.8 b=56.8 gap=42.1 (face=56.1mm) n=[503, 769, 204, 411, 886, 821, 494]  tape=1.587km B=9.35T unif=2.214% hoop=260MPa
  [ 117] viol   f=  99.319  a=69.9 b=87.0 gap=17.3 (face=6.5mm) n=[877, 886, 602, 787, 798, 644, 365]  tape=2.677km B=12.78T unif=1.695% hoop=400MPa
  [ 118] OK     f=   2.187  a=48.6 b=79.6 gap=23.9 (face=19.8mm) n=[501, 761, 411, 657, 858, 516, 899]  tape=2.187km B=14.42T unif=0.671% hoop=391MPa
  [ 119] viol   f=   2.618  a=59.8 b=98.9 gap=38.8 (face=49.7mm) n=[576, 822, 279, 421, 678, 867, 594]  tape=2.454km B=9.71T unif=0.301% hoop=342MPa
  [ 120] OK     f=   2.144  a=61.5 b=71.2 gap=39.7 (face=51.3mm) n=[678, 874, 565, 874, 897, 217, 540]  tape=2.144km B=11.56T unif=0.757% hoop=363MPa
  [ 121] OK     f=   1.822  a=37.2 b=90.7 gap=25.4 (face=22.8mm) n=[356, 777, 287, 504, 734, 364, 696]  tape=1.822km B=12.05T unif=0.579% hoop=260MPa
  [ 122] OK     f=   1.637  a=45.6 b=67.8 gap=30.6 (face=33.1mm) n=[197, 900, 253, 373, 890, 581, 623]  tape=1.637km B=11.11T unif=0.352% hoop=267MPa
  [ 123] INFEAS f=7100.741  a=75.0 b=67.7 gap=16.8 (face=5.5mm) n=[844, 480, 67, 279, 897, 438, 445]  no evaluation (geometry pre-check)
  [ 124] INFEAS f=2499.005  a=64.4 b=63.3 gap=20.0 (face=11.9mm) n=[519, 679, 104, 306, 565, 831, 711]  no evaluation (geometry pre-check)
  [ 125] INFEAS f=1178.689  a=78.0 b=80.9 gap=29.6 (face=31.1mm) n=[529, 888, 425, 321, 855, 436, 896]  no evaluation (geometry pre-check)
  [ 126] INFEAS f=13056.462  a=78.3 b=66.0 gap=31.3 (face=34.6mm) n=[539, 678, 451, 301, 894, 267, 796]  no evaluation (geometry pre-check)
  [ 127] viol   f=   5.928  a=39.9 b=67.4 gap=17.7 (face=7.4mm) n=[168, 677, 520, 500, 838, 401, 388]  tape=1.472km B=13.50T unif=1.149% hoop=333MPa
  [ 128] OK     f=   1.828  a=42.3 b=68.4 gap=37.1 (face=46.2mm) n=[900, 606, 144, 370, 764, 860, 898]  tape=1.828km B=11.51T unif=0.886% hoop=233MPa
  [ 129] viol   f=   7.014  a=56.6 b=72.6 gap=22.1 (face=16.2mm) n=[312, 755, 161, 120, 803, 278, 184]  tape=1.246km B=8.73T unif=1.113% hoop=266MPa
  [ 130] OK     f=   2.122  a=58.0 b=70.3 gap=35.0 (face=42.0mm) n=[597, 900, 89, 830, 741, 898, 780]  tape=2.122km B=12.77T unif=0.705% hoop=344MPa
  [ 131] OK     f=   1.675  a=34.9 b=80.1 gap=27.1 (face=26.3mm) n=[242, 742, 475, 243, 826, 498, 716]  tape=1.675km B=11.49T unif=0.670% hoop=235MPa
  [ 132] OK     f=   1.697  a=51.1 b=90.5 gap=21.6 (face=15.1mm) n=[64, 746, 92, 628, 665, 393, 758]  tape=1.697km B=10.90T unif=0.750% hoop=299MPa
  [ 133] INFEAS f=11592.423  a=26.9 b=66.9 gap=34.6 (face=41.2mm) n=[748, 689, 286, 673, 886, 898, 589]  no evaluation (geometry pre-check)
  [ 134] OK     f=   1.350  a=41.5 b=59.3 gap=21.7 (face=15.4mm) n=[51, 899, 165, 420, 764, 407, 867]  tape=1.350km B=12.85T unif=0.345% hoop=239MPa
  [ 135] viol   f=   2.927  a=38.8 b=75.5 gap=38.1 (face=48.1mm) n=[475, 783, 129, 383, 625, 533, 853]  tape=1.671km B=9.21T unif=0.262% hoop=236MPa
  [ 136] OK     f=   1.236  a=45.2 b=63.1 gap=24.0 (face=19.9mm) n=[184, 700, 326, 282, 614, 225, 746]  tape=1.236km B=10.65T unif=0.721% hoop=280MPa
  [ 137] INFEAS f=1263.562  a=33.9 b=64.0 gap=27.3 (face=26.7mm) n=[666, 766, 133, 327, 866, 538, 808]  no evaluation (geometry pre-check)
  [ 138] viol   f=  58.732  a=39.5 b=62.9 gap=40.1 (face=52.1mm) n=[130, 656, 446, 529, 706, 537, 553]  tape=1.332km B=8.34T unif=1.509% hoop=229MPa
  [ 139] INFEAS f=3663.219  a=28.6 b=71.9 gap=17.8 (face=7.6mm) n=[181, 449, 148, 457, 813, 501, 774]  no evaluation (geometry pre-check)
  [ 140] INFEAS f=7002.500  a=22.9 b=94.3 gap=39.6 (face=51.1mm) n=[345, 616, 463, 468, 726, 585, 447]  no evaluation (geometry pre-check)
  [ 141] viol   f=   3.351  a=60.1 b=76.0 gap=24.9 (face=21.8mm) n=[350, 325, 183, 306, 811, 686, 449]  tape=1.569km B=9.06T unif=0.545% hoop=400MPa
  [ 142] INFEAS f=68768.797  a=11.5 b=79.5 gap=18.7 (face=9.4mm) n=[350, 817, 423, 54, 885, 469, 816]  no evaluation (geometry pre-check)
  [ 143] OK     f=   1.830  a=47.4 b=97.9 gap=19.5 (face=11.0mm) n=[514, 745, 91, 170, 548, 466, 809]  tape=1.830km B=10.83T unif=0.658% hoop=321MPa
  [ 144] INFEAS f=45601.508  a=16.0 b=40.3 gap=22.1 (face=16.2mm) n=[367, 820, 97, 143, 882, 692, 583]  no evaluation (geometry pre-check)
  [ 145] viol   f=   1.438  a=28.5 b=67.2 gap=25.7 (face=23.3mm) n=[210, 501, 568, 67, 308, 652, 647]  tape=1.072km B=9.57T unif=0.696% hoop=149MPa
  [ 146] INFEAS f=2029.272  a=33.5 b=51.6 gap=24.8 (face=21.6mm) n=[172, 894, 394, 267, 634, 82, 762]  no evaluation (geometry pre-check)
  [ 147] INFEAS f=1015.523  a=36.2 b=73.7 gap=24.6 (face=21.1mm) n=[483, 601, 217, 732, 489, 260, 895]  no evaluation (geometry pre-check)
  [ 148] viol   f=   7.226  a=48.7 b=74.3 gap=20.7 (face=13.4mm) n=[57, 717, 196, 186, 313, 361, 597]  tape=1.125km B=8.29T unif=1.037% hoop=290MPa
  [ 149] viol   f=  10.991  a=38.9 b=60.1 gap=16.9 (face=5.7mm) n=[85, 756, 511, 584, 359, 516, 869]  tape=1.416km B=14.40T unif=1.219% hoop=314MPa
  [ 150] viol   f=  14.356  a=47.1 b=78.4 gap=39.8 (face=51.6mm) n=[51, 760, 66, 609, 699, 78, 886]  tape=1.457km B=7.46T unif=0.429% hoop=221MPa
  [ 151] INFEAS f=1015.615  a=40.8 b=45.2 gap=24.7 (face=21.4mm) n=[173, 174, 460, 148, 741, 101, 781]  no evaluation (geometry pre-check)
  [ 152] viol   f=  16.772  a=38.6 b=69.8 gap=25.0 (face=22.0mm) n=[259, 895, 417, 183, 527, 277, 354]  tape=1.317km B=9.89T unif=1.278% hoop=251MPa
  [ 153] viol   f=   6.433  a=65.3 b=91.6 gap=31.4 (face=34.8mm) n=[282, 842, 205, 106, 867, 165, 816]  tape=1.825km B=8.48T unif=0.437% hoop=263MPa
  [ 154] viol   f=   3.230  a=57.7 b=121.2 gap=18.5 (face=9.0mm) n=[104, 674, 477, 381, 887, 361, 616]  tape=2.386km B=9.35T unif=0.511% hoop=400MPa
  [ 155] viol   f=  22.656  a=44.8 b=102.2 gap=26.3 (face=24.6mm) n=[324, 192, 259, 56, 327, 568, 825]  tape=1.488km B=6.75T unif=0.441% hoop=247MPa
  [ 156] INFEAS f=9096.219  a=18.4 b=79.8 gap=17.6 (face=7.2mm) n=[265, 444, 415, 176, 637, 449, 189]  no evaluation (geometry pre-check)
  [ 157] INFEAS f=103877.988  a=6.1 b=93.5 gap=35.9 (face=43.9mm) n=[63, 491, 660, 183, 893, 92, 343]  no evaluation (geometry pre-check)
  [ 158] viol   f=   8.938  a=53.9 b=84.8 gap=22.9 (face=17.9mm) n=[229, 175, 393, 416, 379, 767, 533]  tape=1.523km B=8.07T unif=0.638% hoop=379MPa
  [ 159] viol   f=  43.029  a=48.0 b=86.7 gap=30.2 (face=32.4mm) n=[198, 280, 190, 245, 211, 213, 862]  tape=1.204km B=5.43T unif=0.284% hoop=378MPa
  [ 160] viol   f=   4.095  a=54.8 b=82.2 gap=33.4 (face=38.8mm) n=[151, 775, 687, 308, 438, 360, 551]  tape=1.653km B=8.90T unif=0.441% hoop=325MPa
  [ 161] viol   f=   3.293  a=63.3 b=129.1 gap=19.5 (face=10.9mm) n=[216, 695, 420, 554, 883, 422, 769]  tape=2.837km B=9.52T unif=0.470% hoop=400MPa
  [ 162] viol   f=  20.698  a=34.9 b=122.2 gap=23.2 (face=18.4mm) n=[78, 840, 123, 87, 837, 212, 577]  tape=1.683km B=9.01T unif=1.292% hoop=167MPa
  [ 163] viol   f=  22.061  a=55.5 b=94.7 gap=39.5 (face=51.0mm) n=[118, 598, 95, 476, 795, 307, 588]  tape=1.667km B=6.81T unif=0.199% hoop=276MPa
  [ 164] viol   f=  10.865  a=68.4 b=91.0 gap=28.6 (face=29.3mm) n=[53, 457, 817, 321, 639, 638, 495]  tape=1.956km B=7.89T unif=0.646% hoop=400MPa
  [ 165] OK     f=   1.951  a=46.3 b=96.5 gap=18.5 (face=9.0mm) n=[197, 754, 560, 160, 597, 358, 898]  tape=1.951km B=11.33T unif=0.681% hoop=341MPa
  [ 166] viol   f=  27.898  a=77.5 b=116.8 gap=37.8 (face=47.5mm) n=[279, 553, 399, 309, 860, 344, 537]  tape=2.358km B=6.43T unif=0.363% hoop=400MPa
  [ 167] OK     f=   2.142  a=54.3 b=104.8 gap=24.7 (face=21.5mm) n=[209, 873, 287, 195, 897, 374, 774]  tape=2.142km B=10.16T unif=0.499% hoop=293MPa
  [ 168] INFEAS f=1000.001  a=66.3 b=71.3 gap=21.8 (face=15.6mm) n=[224, 743, 654, 324, 331, 320, 342]  no evaluation (geometry pre-check)
  [ 169] INFEAS f=1366.647  a=34.3 b=97.9 gap=27.0 (face=26.1mm) n=[290, 820, 560, 206, 686, 327, 884]  no evaluation (geometry pre-check)
  [ 170] INFEAS f=19654.434  a=63.8 b=47.2 gap=18.4 (face=8.7mm) n=[394, 849, 503, 412, 662, 396, 567]  no evaluation (geometry pre-check)
  [ 171] OK     f=   2.684  a=63.3 b=132.6 gap=25.9 (face=23.9mm) n=[168, 893, 881, 167, 884, 153, 644]  tape=2.684km B=10.18T unif=0.395% hoop=342MPa
  [ 172] INFEAS f=12748.091  a=26.4 b=133.6 gap=25.7 (face=23.4mm) n=[63, 816, 695, 496, 899, 304, 838]  no evaluation (geometry pre-check)
  [ 173] viol   f=  22.846  a=74.2 b=146.6 gap=25.1 (face=22.3mm) n=[285, 644, 550, 187, 756, 137, 482]  tape=2.451km B=6.81T unif=0.406% hoop=400MPa
  [ 174] viol   f=  23.764  a=91.0 b=107.2 gap=22.3 (face=16.5mm) n=[208, 611, 529, 153, 814, 204, 748]  tape=2.239km B=6.72T unif=0.865% hoop=400MPa
  [ 175] INFEAS f=1467.466  a=34.7 b=117.5 gap=20.5 (face=13.0mm) n=[159, 725, 899, 110, 749, 523, 716]  no evaluation (geometry pre-check)
  [ 176] OK     f=   2.143  a=38.4 b=99.2 gap=36.5 (face=45.0mm) n=[725, 787, 572, 84, 886, 205, 880]  tape=2.143km B=10.23T unif=0.478% hoop=223MPa
  [ 177] OK     f=   2.562  a=56.0 b=111.1 gap=19.3 (face=10.6mm) n=[85, 778, 414, 315, 876, 862, 900]  tape=2.562km B=12.23T unif=0.538% hoop=357MPa
  [ 178] INFEAS f=3088.941  a=26.3 b=66.5 gap=16.6 (face=5.1mm) n=[273, 700, 737, 300, 644, 195, 707]  no evaluation (geometry pre-check)
  [ 179] INFEAS f=4660.619  a=30.0 b=100.4 gap=18.9 (face=9.9mm) n=[166, 873, 94, 431, 700, 120, 767]  no evaluation (geometry pre-check)
  [ 180] OK     f=   1.729  a=43.0 b=81.5 gap=16.7 (face=5.4mm) n=[288, 884, 127, 262, 662, 669, 717]  tape=1.729km B=13.33T unif=0.833% hoop=304MPa
  [ 181] OK     f=   2.448  a=45.2 b=111.1 gap=29.9 (face=31.7mm) n=[477, 891, 339, 162, 887, 748, 630]  tape=2.448km B=11.07T unif=0.410% hoop=279MPa
  [ 182] OK     f=   2.382  a=39.1 b=97.9 gap=25.5 (face=23.1mm) n=[598, 761, 144, 516, 899, 823, 883]  tape=2.382km B=13.93T unif=0.626% hoop=292MPa
  [ 183] OK     f=   2.276  a=48.6 b=105.1 gap=21.3 (face=14.6mm) n=[157, 849, 535, 102, 899, 566, 897]  tape=2.276km B=12.44T unif=0.465% hoop=323MPa
  [ 184] OK     f=   2.858  a=58.4 b=96.2 gap=20.1 (face=12.1mm) n=[595, 897, 731, 551, 896, 686, 849]  tape=2.858km B=13.98T unif=0.864% hoop=400MPa
  [ 185] viol   f=   9.711  a=60.3 b=117.2 gap=18.8 (face=9.6mm) n=[163, 452, 413, 127, 741, 375, 803]  tape=2.033km B=8.04T unif=0.530% hoop=400MPa
  [ 186] viol   f=   1.655  a=45.0 b=88.7 gap=18.5 (face=9.1mm) n=[280, 671, 69, 204, 628, 374, 895]  tape=1.636km B=9.90T unif=0.681% hoop=284MPa
  [ 187] OK     f=   1.951  a=37.2 b=87.6 gap=26.5 (face=25.0mm) n=[252, 796, 272, 337, 891, 698, 806]  tape=1.951km B=11.94T unif=0.766% hoop=246MPa
  [ 188] viol   f=   3.340  a=75.2 b=98.3 gap=20.5 (face=13.1mm) n=[251, 887, 90, 279, 549, 726, 846]  tape=2.223km B=9.25T unif=0.951% hoop=400MPa
  [ 189] viol   f=   2.880  a=57.3 b=86.6 gap=21.6 (face=15.1mm) n=[228, 771, 204, 152, 285, 633, 722]  tape=1.569km B=9.19T unif=0.901% hoop=282MPa
  [ 190] viol   f=   2.251  a=62.7 b=103.1 gap=24.4 (face=20.9mm) n=[141, 666, 434, 612, 790, 388, 647]  tape=2.205km B=9.85T unif=0.698% hoop=390MPa
  [ 191] OK     f=   2.044  a=46.0 b=100.9 gap=21.6 (face=15.1mm) n=[298, 900, 124, 132, 539, 899, 836]  tape=2.044km B=11.83T unif=0.320% hoop=285MPa
  [ 192] viol   f=   2.554  a=42.5 b=95.1 gap=31.8 (face=35.6mm) n=[285, 677, 229, 498, 563, 554, 838]  tape=1.948km B=9.45T unif=0.437% hoop=301MPa
  [ 193] viol   f=   3.576  a=57.2 b=120.8 gap=29.1 (face=30.2mm) n=[253, 700, 559, 129, 845, 710, 536]  tape=2.471km B=9.26T unif=0.370% hoop=336MPa
  [ 194] INFEAS f=1041.735  a=35.9 b=100.3 gap=19.1 (face=10.3mm) n=[206, 667, 158, 69, 818, 353, 893]  no evaluation (geometry pre-check)
  [ 195] viol   f=   7.616  a=59.0 b=106.3 gap=36.3 (face=44.6mm) n=[234, 805, 425, 103, 742, 568, 708]  tape=2.154km B=8.35T unif=0.373% hoop=300MPa
  [ 196] OK     f=   1.670  a=48.9 b=64.2 gap=19.7 (face=11.3mm) n=[250, 886, 72, 615, 640, 874, 798]  tape=1.670km B=15.25T unif=0.873% hoop=350MPa
  [ 197] OK     f=   1.601  a=47.3 b=67.5 gap=30.4 (face=32.7mm) n=[503, 714, 301, 522, 558, 506, 746]  tape=1.601km B=11.54T unif=0.265% hoop=312MPa
  [ 198] viol   f=   5.638  a=46.9 b=73.2 gap=31.1 (face=34.1mm) n=[179, 790, 134, 174, 396, 558, 777]  tape=1.345km B=8.53T unif=0.316% hoop=231MPa
  [ 199] viol   f=   3.594  a=55.1 b=97.3 gap=29.4 (face=30.7mm) n=[227, 805, 204, 232, 644, 518, 837]  tape=1.955km B=9.09T unif=0.451% hoop=291MPa
  [ 200] OK     f=   2.336  a=55.3 b=95.9 gap=17.7 (face=7.5mm) n=[89, 810, 394, 720, 898, 458, 900]  tape=2.336km B=13.20T unif=0.806% hoop=381MPa
  [ 201] OK     f=   1.437  a=42.2 b=74.2 gap=19.5 (face=11.0mm) n=[335, 758, 169, 219, 502, 752, 560]  tape=1.437km B=12.05T unif=0.686% hoop=273MPa
  [ 202] viol   f=   4.535  a=54.6 b=66.2 gap=19.5 (face=11.1mm) n=[439, 258, 52, 240, 407, 550, 890]  tape=1.327km B=8.73T unif=0.408% hoop=318MPa
  [ 203] viol   f=   2.828  a=70.4 b=104.7 gap=26.5 (face=25.1mm) n=[465, 591, 807, 514, 883, 597, 622]  tape=2.821km B=9.94T unif=0.695% hoop=400MPa
  [ 204] viol   f=   2.732  a=63.7 b=113.3 gap=28.0 (face=28.0mm) n=[419, 714, 441, 139, 873, 674, 698]  tape=2.570km B=9.72T unif=0.502% hoop=386MPa
  [ 205] OK     f=   1.296  a=41.3 b=54.4 gap=23.7 (face=19.4mm) n=[50, 789, 299, 617, 566, 672, 786]  tape=1.296km B=13.74T unif=0.556% hoop=257MPa
  [ 206] INFEAS f=1002.234  a=76.8 b=81.6 gap=20.9 (face=13.9mm) n=[690, 891, 212, 391, 831, 643, 883]  no evaluation (geometry pre-check)
  [ 207] viol   f=  92.208  a=31.8 b=44.9 gap=15.7 (face=3.4mm) n=[115, 730, 206, 652, 504, 398, 726]  tape=0.953km B=16.59T unif=1.675% hoop=214MPa
  [ 208] OK     f=   1.736  a=36.7 b=79.8 gap=24.8 (face=21.6mm) n=[210, 767, 164, 632, 575, 541, 893]  tape=1.736km B=12.23T unif=0.525% hoop=277MPa
  [ 209] OK     f=   1.556  a=51.5 b=66.0 gap=21.9 (face=15.9mm) n=[176, 452, 342, 525, 772, 765, 676]  tape=1.556km B=12.42T unif=0.342% hoop=354MPa
  [ 210] OK     f=   1.449  a=48.4 b=75.5 gap=22.6 (face=17.3mm) n=[378, 782, 199, 185, 251, 665, 672]  tape=1.449km B=10.41T unif=0.818% hoop=277MPa
  [ 211] viol   f=   3.430  a=44.7 b=58.1 gap=26.6 (face=25.2mm) n=[119, 410, 55, 404, 741, 664, 802]  tape=1.205km B=9.64T unif=1.099% hoop=227MPa
  [ 212] INFEAS f=3524.756  a=32.0 b=85.2 gap=16.8 (face=5.7mm) n=[301, 894, 157, 560, 437, 578, 900]  no evaluation (geometry pre-check)
  [ 213] INFEAS f=1511.109  a=34.1 b=89.9 gap=32.9 (face=37.7mm) n=[199, 819, 103, 387, 630, 572, 887]  no evaluation (geometry pre-check)
  [ 214] viol   f= 422.779  a=38.5 b=45.1 gap=28.6 (face=29.2mm) n=[571, 663, 115, 697, 459, 889, 859]  tape=1.324km B=12.99T unif=2.452% hoop=221MPa
  [ 215] INFEAS f=2254.688  a=52.0 b=51.4 gap=17.6 (face=7.2mm) n=[182, 649, 50, 153, 104, 752, 710]  no evaluation (geometry pre-check)
  [ 216] OK     f=   1.032  a=36.3 b=55.0 gap=25.1 (face=22.3mm) n=[74, 599, 313, 435, 616, 565, 599]  tape=1.032km B=11.16T unif=0.539% hoop=201MPa
  [ 217] INFEAS f=1277.796  a=34.2 b=67.8 gap=17.4 (face=6.8mm) n=[58, 667, 68, 348, 679, 804, 874]  no evaluation (geometry pre-check)
  [ 218] viol   f=  16.282  a=44.4 b=73.9 gap=17.9 (face=7.8mm) n=[206, 302, 144, 132, 534, 177, 548]  tape=0.889km B=7.23T unif=0.890% hoop=235MPa
  [ 219] OK     f=   1.679  a=49.7 b=67.6 gap=26.9 (face=25.8mm) n=[223, 861, 104, 411, 738, 876, 795]  tape=1.679km B=12.55T unif=0.199% hoop=283MPa
  [ 220] INFEAS f=7308.510  a=28.1 b=72.4 gap=26.1 (face=24.3mm) n=[377, 566, 201, 257, 638, 704, 871]  no evaluation (geometry pre-check)
  [ 221] OK     f=   1.511  a=46.6 b=73.6 gap=25.7 (face=23.4mm) n=[227, 677, 266, 190, 820, 370, 823]  tape=1.511km B=10.13T unif=0.405% hoop=245MPa
  [ 222] OK     f=   1.256  a=37.3 b=68.4 gap=24.0 (face=20.1mm) n=[100, 791, 297, 345, 357, 371, 792]  tape=1.256km B=10.10T unif=0.935% hoop=297MPa
  [ 223] viol   f=   1.357  a=43.4 b=58.7 gap=27.5 (face=27.1mm) n=[259, 351, 357, 579, 460, 732, 417]  tape=1.227km B=9.75T unif=0.119% hoop=306MPa
  [ 224] INFEAS f=1856.024  a=31.5 b=37.9 gap=24.7 (face=21.3mm) n=[104, 667, 236, 221, 536, 799, 834]  no evaluation (geometry pre-check)
  [ 225] INFEAS f=3834.749  a=59.4 b=56.0 gap=28.6 (face=29.2mm) n=[172, 534, 170, 493, 550, 405, 754]  no evaluation (geometry pre-check)
  [ 226] OK     f=   1.585  a=44.5 b=76.8 gap=28.4 (face=28.9mm) n=[199, 727, 241, 80, 672, 833, 825]  tape=1.585km B=10.52T unif=0.362% hoop=235MPa
  [ 227] INFEAS f=9412.134  a=33.7 b=24.7 gap=31.1 (face=34.2mm) n=[105, 882, 59, 339, 480, 541, 778]  no evaluation (geometry pre-check)
  [ 228] INFEAS f=1186.504  a=35.3 b=60.9 gap=26.5 (face=24.9mm) n=[128, 586, 111, 712, 840, 895, 828]  no evaluation (geometry pre-check)
  [ 229] INFEAS f=37957.279  a=41.5 b=16.1 gap=22.8 (face=17.7mm) n=[230, 346, 100, 65, 749, 842, 762]  no evaluation (geometry pre-check)
  [ 230] INFEAS f=1025.157  a=36.3 b=56.1 gap=20.9 (face=13.9mm) n=[507, 823, 263, 356, 691, 900, 735]  no evaluation (geometry pre-check)
  [ 231] OK     f=   1.472  a=46.8 b=65.2 gap=26.4 (face=24.8mm) n=[123, 607, 416, 557, 809, 153, 860]  tape=1.472km B=10.66T unif=0.092% hoop=285MPa
  [ 232] viol   f=   1.831  a=44.3 b=65.4 gap=19.2 (face=10.3mm) n=[115, 657, 204, 325, 464, 246, 848]  tape=1.234km B=9.45T unif=0.851% hoop=258MPa
  [ 233] viol   f=   9.699  a=44.3 b=87.5 gap=30.8 (face=33.5mm) n=[58, 436, 524, 188, 549, 546, 900]  tape=1.672km B=8.00T unif=0.356% hoop=298MPa
  [ 234] viol   f=  21.221  a=49.4 b=67.9 gap=24.9 (face=21.9mm) n=[163, 448, 245, 229, 236, 197, 810]  tape=1.082km B=6.83T unif=0.328% hoop=359MPa
  [ 235] viol   f= 112.160  a=45.1 b=54.0 gap=34.5 (face=40.9mm) n=[98, 280, 527, 619, 518, 330, 743]  tape=1.144km B=8.24T unif=1.724% hoop=236MPa
  [ 236] viol   f=   6.564  a=46.4 b=90.9 gap=29.7 (face=31.4mm) n=[147, 512, 479, 184, 620, 413, 660]  tape=1.522km B=8.41T unif=0.457% hoop=257MPa
  [ 237] INFEAS f=1134.462  a=35.6 b=77.7 gap=24.0 (face=20.1mm) n=[99, 385, 471, 140, 690, 366, 900]  no evaluation (geometry pre-check)
  [ 238] OK     f=   1.733  a=55.6 b=74.7 gap=19.7 (face=11.4mm) n=[65, 896, 478, 189, 735, 424, 884]  tape=1.733km B=12.29T unif=0.990% hoop=350MPa
  [ 239] INFEAS f=2491.296  a=26.9 b=59.7 gap=21.5 (face=15.0mm) n=[182, 645, 85, 656, 456, 735, 682]  no evaluation (geometry pre-check)
  [ 240] viol   f=   1.111  a=31.6 b=59.9 gap=27.7 (face=27.4mm) n=[251, 546, 288, 439, 519, 260, 600]  tape=1.001km B=9.77T unif=0.476% hoop=184MPa
  [ 241] INFEAS f=3951.763  a=39.8 b=36.2 gap=22.3 (face=16.6mm) n=[184, 884, 296, 621, 808, 501, 480]  no evaluation (geometry pre-check)
  [ 242] viol   f=  26.239  a=38.4 b=63.6 gap=21.6 (face=15.1mm) n=[88, 826, 331, 426, 410, 323, 727]  tape=1.260km B=11.28T unif=1.353% hoop=304MPa
  [ 243] OK     f=   1.307  a=40.4 b=81.9 gap=19.9 (face=11.8mm) n=[240, 393, 377, 479, 577, 168, 625]  tape=1.307km B=10.06T unif=0.750% hoop=306MPa
  [ 244] viol   f=   4.341  a=44.7 b=78.3 gap=29.9 (face=31.9mm) n=[80, 587, 426, 574, 567, 110, 652]  tape=1.323km B=8.77T unif=0.470% hoop=235MPa
  [ 245] OK     f=   1.103  a=37.8 b=51.3 gap=22.2 (face=16.5mm) n=[175, 556, 578, 391, 364, 165, 839]  tape=1.103km B=11.09T unif=0.609% hoop=271MPa
  [ 246] OK     f=   1.340  a=41.5 b=60.5 gap=27.1 (face=26.2mm) n=[69, 565, 142, 633, 866, 410, 793]  tape=1.340km B=10.36T unif=0.568% hoop=220MPa
  [ 247] viol   f=  14.552  a=39.0 b=48.2 gap=26.0 (face=24.1mm) n=[138, 269, 325, 442, 216, 217, 533]  tape=0.691km B=7.37T unif=0.711% hoop=210MPa
  [ 248] viol   f=   1.286  a=38.9 b=87.4 gap=16.7 (face=5.3mm) n=[432, 514, 112, 444, 304, 56, 544]  tape=1.116km B=9.71T unif=0.897% hoop=245MPa
  [ 249] INFEAS f=3615.169  a=51.0 b=48.0 gap=17.9 (face=7.9mm) n=[218, 418, 53, 469, 515, 199, 625]  no evaluation (geometry pre-check)
  [ 250] viol   f=   2.423  a=49.9 b=80.0 gap=31.1 (face=34.2mm) n=[133, 749, 549, 397, 684, 139, 646]  tape=1.555km B=9.34T unif=0.446% hoop=262MPa
  [ 251] viol   f=   1.405  a=37.2 b=76.1 gap=26.5 (face=25.0mm) n=[183, 497, 435, 443, 526, 378, 601]  tape=1.285km B=9.76T unif=0.631% hoop=242MPa
  [ 252] INFEAS f=9293.514  a=28.0 b=69.0 gap=26.1 (face=24.2mm) n=[556, 689, 413, 276, 559, 192, 898]  no evaluation (geometry pre-check)
  [ 253] OK     f=   1.244  a=37.4 b=61.0 gap=20.7 (face=13.3mm) n=[182, 529, 202, 637, 594, 444, 746]  tape=1.244km B=12.42T unif=0.673% hoop=244MPa
  [ 254] viol   f=   1.373  a=46.3 b=79.4 gap=21.8 (face=15.5mm) n=[142, 520, 403, 509, 475, 171, 594]  tape=1.274km B=9.78T unif=0.927% hoop=293MPa
  [ 255] viol   f=   1.680  a=42.7 b=71.5 gap=24.8 (face=21.6mm) n=[218, 887, 426, 340, 292, 53, 654]  tape=1.312km B=9.57T unif=0.753% hoop=282MPa
  [ 256] OK     f=   1.387  a=46.5 b=76.8 gap=25.6 (face=23.2mm) n=[452, 438, 561, 631, 408, 64, 602]  tape=1.387km B=10.49T unif=0.780% hoop=309MPa
  [ 257] viol   f=   7.719  a=47.6 b=53.1 gap=24.0 (face=20.1mm) n=[346, 590, 370, 134, 94, 52, 719]  tape=0.859km B=8.15T unif=0.367% hoop=233MPa
  [ 258] OK     f=   1.285  a=36.6 b=64.9 gap=23.5 (face=19.0mm) n=[199, 610, 623, 505, 541, 123, 747]  tape=1.285km B=12.09T unif=0.669% hoop=240MPa
  [ 259] viol   f=   2.280  a=44.6 b=83.9 gap=24.5 (face=20.9mm) n=[516, 682, 304, 302, 148, 245, 538]  tape=1.332km B=9.31T unif=0.831% hoop=329MPa
  [ 260] viol   f=  15.960  a=37.8 b=58.6 gap=17.0 (face=6.0mm) n=[220, 268, 78, 386, 180, 179, 891]  tape=0.902km B=7.26T unif=0.224% hoop=283MPa
  [ 261] OK     f=   1.315  a=39.5 b=50.6 gap=24.1 (face=20.3mm) n=[72, 492, 584, 703, 894, 339, 683]  tape=1.315km B=12.87T unif=0.928% hoop=259MPa
  [ 262] INFEAS f=12487.955  a=25.6 b=35.6 gap=20.5 (face=12.9mm) n=[207, 533, 198, 665, 620, 557, 875]  no evaluation (geometry pre-check)
  [ 263] viol   f=   5.465  a=44.7 b=72.4 gap=17.8 (face=7.7mm) n=[348, 537, 238, 476, 695, 114, 584]  tape=1.301km B=11.08T unif=1.144% hoop=311MPa
  [ 264] OK     f=   1.230  a=35.8 b=70.5 gap=16.4 (face=4.7mm) n=[420, 209, 116, 342, 474, 477, 803]  tape=1.230km B=10.04T unif=0.808% hoop=281MPa
  [ 265] viol   f=   8.019  a=41.6 b=73.0 gap=23.0 (face=17.9mm) n=[251, 510, 386, 155, 355, 63, 461]  tape=0.909km B=8.11T unif=0.998% hoop=216MPa
  [ 266] OK     f=   1.114  a=37.3 b=49.4 gap=24.5 (face=21.1mm) n=[90, 490, 450, 799, 559, 360, 517]  tape=1.114km B=11.32T unif=0.800% hoop=241MPa
  [ 267] viol   f=   7.936  a=44.7 b=58.2 gap=30.8 (face=33.6mm) n=[148, 476, 267, 741, 609, 402, 708]  tape=1.260km B=9.66T unif=1.180% hoop=231MPa
  [ 268] OK     f=   1.678  a=47.0 b=86.3 gap=21.1 (face=14.2mm) n=[237, 684, 376, 554, 486, 430, 681]  tape=1.678km B=11.74T unif=0.815% hoop=344MPa
  [ 269] INFEAS f=1001.514  a=35.8 b=77.4 gap=22.9 (face=17.9mm) n=[176, 661, 607, 528, 572, 392, 878]  no evaluation (geometry pre-check)
  [ 270] OK     f=   1.596  a=36.3 b=76.7 gap=27.0 (face=25.9mm) n=[187, 302, 660, 673, 815, 307, 742]  tape=1.596km B=10.88T unif=0.608% hoop=221MPa
  [ 271] INFEAS f=4432.460  a=26.7 b=51.5 gap=22.2 (face=16.4mm) n=[69, 509, 347, 676, 781, 291, 675]  no evaluation (geometry pre-check)
  [ 272] OK     f=   1.387  a=50.7 b=65.7 gap=23.2 (face=18.5mm) n=[118, 360, 376, 770, 710, 528, 372]  tape=1.387km B=10.49T unif=0.511% hoop=347MPa
  [ 273] viol   f=  50.804  a=37.1 b=63.1 gap=18.1 (face=8.2mm) n=[83, 562, 479, 504, 343, 202, 539]  tape=0.978km B=11.85T unif=1.499% hoop=231MPa
  [ 274] OK     f=   1.141  a=37.1 b=56.2 gap=23.9 (face=19.7mm) n=[235, 412, 340, 701, 475, 461, 571]  tape=1.141km B=11.38T unif=0.213% hoop=253MPa
  [ 275] INFEAS f=1193.190  a=30.7 b=57.8 gap=26.9 (face=25.7mm) n=[268, 433, 393, 641, 478, 773, 704]  no evaluation (geometry pre-check)
  [ 276] INFEAS f=1109.209  a=33.4 b=45.3 gap=19.5 (face=10.9mm) n=[59, 335, 522, 838, 583, 284, 383]  no evaluation (geometry pre-check)
  [ 277] viol   f=   1.836  a=48.3 b=55.2 gap=17.8 (face=7.6mm) n=[151, 536, 61, 494, 319, 279, 898]  tape=1.123km B=9.40T unif=0.340% hoop=284MPa
  [ 278] OK     f=   1.283  a=40.0 b=52.0 gap=22.8 (face=17.5mm) n=[288, 569, 361, 586, 460, 379, 849]  tape=1.283km B=12.12T unif=0.441% hoop=293MPa
  [ 279] OK     f=   1.131  a=39.6 b=57.9 gap=23.7 (face=19.5mm) n=[130, 575, 403, 582, 709, 152, 589]  tape=1.131km B=11.50T unif=0.454% hoop=240MPa
  [ 280] viol   f= 378.615  a=42.9 b=48.6 gap=21.7 (face=15.4mm) n=[174, 536, 358, 880, 717, 678, 900]  tape=1.433km B=14.77T unif=2.373% hoop=272MPa
  [ 281] OK     f=   1.315  a=37.0 b=82.5 gap=16.9 (face=5.9mm) n=[242, 441, 306, 713, 523, 162, 404]  tape=1.315km B=10.54T unif=0.858% hoop=280MPa  [a=51 b=118 nt=2648] KSP converged reason: 4, iterations: 1
  [a=81 b=160 nt=2768] KSP converged reason: 4, iterations: 1
  [a=50 b=135 nt=3139] KSP converged reason: 4, iterations: 1
  [a=48 b=101 nt=4317] KSP converged reason: 4, iterations: 1
  [a=74 b=106 nt=4110] KSP converged reason: 4, iterations: 1
  [a=38 b=114 nt=4955] KSP converged reason: 4, iterations: 1
  [a=53 b=105 nt=4183] KSP converged reason: 4, iterations: 1
  [a=47 b=109 nt=4335] KSP converged reason: 4, iterations: 1
  [a=63 b=97 nt=4411] KSP converged reason: 4, iterations: 1
  [a=37 b=109 nt=3984] KSP converged reason: 4, iterations: 1
  [a=70 b=96 nt=4895] KSP converged reason: 4, iterations: 1
  [a=77 b=94 nt=4858] KSP converged reason: 4, iterations: 1
  [a=60 b=90 nt=3734] KSP converged reason: 4, iterations: 1
  [a=74 b=80 nt=4136] KSP converged reason: 4, iterations: 1
  [a=46 b=68 nt=3817] KSP converged reason: 4, iterations: 1
  [a=40 b=63 nt=3557] KSP converged reason: 4, iterations: 1
  [a=47 b=98 nt=3343] KSP converged reason: 4, iterations: 1
  [a=54 b=85 nt=2892] KSP converged reason: 4, iterations: 1
  [a=56 b=95 nt=2977] KSP converged reason: 4, iterations: 1
  [a=63 b=133 nt=3790] KSP converged reason: 4, iterations: 1
  [a=60 b=117 nt=3074] KSP converged reason: 4, iterations: 1
  [a=75 b=98 nt=3628] KSP converged reason: 4, iterations: 1
  [a=49 b=64 nt=4135] KSP converged reason: 4, iterations: 1
  [a=55 b=97 nt=3467] KSP converged reason: 4, iterations: 1
  [a=41 b=54 nt=3779] KSP converged reason: 4, iterations: 1
  [a=45 b=58 nt=3195] KSP converged reason: 4, iterations: 1
  [a=43 b=59 nt=3155] KSP converged reason: 4, iterations: 1
  [a=45 b=54 nt=3115] KSP converged reason: 4, iterations: 1
  [a=40 b=82 nt=2859] KSP converged reason: 4, iterations: 1
  [a=46 b=79 nt=2814] KSP converged reason: 4, iterations: 1
  [a=40 b=51 nt=3767] KSP converged reason: 4, iterations: 1
  [a=51 b=66 nt=3234] KSP converged reason: 4, iterations: 1
  [a=45 b=55 nt=4003] KSP converged reason: 4, iterations: 1
  [a=36 b=58 nt=2500] KSP converged reason: 4, iterations: 1
  [a=30 b=59 nt=2308] KSP converged reason: 4, iterations: 1
  [a=27 b=56 nt=2367] KSP converged reason: 4, iterations: 1
  [a=45 b=85 nt=3966] KSP converged reason: 4, iterations: 1
  [a=94 b=123 nt=3668] KSP converged reason: 4, iterations: 1
  [a=58 b=101 nt=4655] KSP converged reason: 4, iterations: 1
  [a=72 b=120 nt=4413] KSP converged reason: 4, iterations: 1
  [a=51 b=98 nt=4859] KSP converged reason: 4, iterations: 1
  [a=61 b=92 nt=4408] KSP converged reason: 4, iterations: 1
  [a=70 b=95 nt=4615] KSP converged reason: 4, iterations: 1
  [a=48 b=77 nt=4050] KSP converged reason: 4, iterations: 1
  [a=51 b=59 nt=3953] KSP converged reason: 4, iterations: 1
  [a=64 b=106 nt=4263] KSP converged reason: 4, iterations: 1
  [a=38 b=97 nt=4068] KSP converged reason: 4, iterations: 1
  [a=45 b=89 nt=4419] KSP converged reason: 4, iterations: 1
  [a=46 b=88 nt=4615] KSP converged reason: 4, iterations: 1
  [a=48 b=85 nt=4267] KSP converged reason: 4, iterations: 1
  [a=59 b=97 nt=4948] KSP converged reason: 4, iterations: 1
  [a=59 b=78 nt=4222] KSP converged reason: 4, iterations: 1
  [a=44 b=80 nt=4015] KSP converged reason: 4, iterations: 1
  [a=37 b=91 nt=3718] KSP converged reason: 4, iterations: 1
  [a=41 b=59 nt=3573] KSP converged reason: 4, iterations: 1
  [a=28 b=67 nt=2953] KSP converged reason: 4, iterations: 1
  [a=58 b=121 nt=3500] KSP converged reason: 4, iterations: 1
  [a=46 b=96 nt=3524] KSP converged reason: 4, iterations: 1
  [a=91 b=107 nt=3267] KSP converged reason: 4, iterations: 1
  [a=39 b=98 nt=4624] KSP converged reason: 4, iterations: 1
  [a=46 b=101 nt=3728] KSP converged reason: 4, iterations: 1
  [a=47 b=73 nt=3008] KSP converged reason: 4, iterations: 1
  [a=64 b=113 nt=3958] KSP converged reason: 4, iterations: 1
  [a=50 b=68 nt=4008] KSP converged reason: 4, iterations: 1
  [a=44 b=77 nt=3577] KSP converged reason: 4, iterations: 1
  [a=46 b=91 nt=3015] KSP converged reason: 4, iterations: 1
  [a=38 b=51 nt=3068] KSP converged reason: 4, iterations: 1
  [a=39 b=87 nt=2406] KSP converged reason: 4, iterations: 1
  [a=47 b=77 nt=3156] KSP converged reason: 4, iterations: 1
  [a=45 b=72 nt=2992] KSP converged reason: 4, iterations: 1
  [a=37 b=63 nt=2712] KSP converged reason: 4, iterations: 1
  [a=39 b=56 nt=2971] KSP converged reason: 4, iterations: 1
  [a=42 b=55 nt=3335] KSP converged reason: 4, iterations: 1
  [a=49 b=78 nt=2270] KSP converged reason: 4, iterations: 1
  [a=42 b=78 nt=2958] KSP converged reason: 4, iterations: 1
  [a=56 b=123 nt=4473] KSP converged reason: 4, iterations: 1
  [a=74 b=126 nt=4263] KSP converged reason: 4, iterations: 1
  [a=53 b=85 nt=4585] KSP converged reason: 4, iterations: 1
  [a=77 b=108 nt=4285] KSP converged reason: 4, iterations: 1
  [a=38 b=75 nt=4308] KSP converged reason: 4, iterations: 1
  [a=39 b=95 nt=4231] KSP converged reason: 4, iterations: 1
  [a=43 b=84 nt=4105] KSP converged reason: 4, iterations: 1
  [a=46 b=66 nt=4604] KSP converged reason: 4, iterations: 1
  [a=58 b=112 nt=4666] KSP converged reason: 4, iterations: 1
  [a=84 b=89 nt=4066] KSP converged reason: 4, iterations: 1
  [a=54 b=67 nt=4135] KSP converged reason: 4, iterations: 1
  [a=39 b=96 nt=4099] KSP converged reason: 4, iterations: 1
  [a=45 b=72 nt=3899] KSP converged reason: 4, iterations: 1
  [a=60 b=99 nt=4237] KSP converged reason: 4, iterations: 1
  [a=57 b=73 nt=2613] KSP converged reason: 4, iterations: 1
  [a=35 b=80 nt=3742] KSP converged reason: 4, iterations: 1
  [a=39 b=60 nt=3680] KSP converged reason: 4, iterations: 1
  [a=45 b=102 nt=2551] KSP converged reason: 4, iterations: 1
  [a=35 b=122 nt=2754] KSP converged reason: 4, iterations: 1
  [a=54 b=105 nt=3609] KSP converged reason: 4, iterations: 1
  [a=56 b=111 nt=4230] KSP converged reason: 4, iterations: 1
  [a=45 b=89 nt=3121] KSP converged reason: 4, iterations: 1
  [a=37 b=88 nt=4052] KSP converged reason: 4, iterations: 1
  [a=57 b=121 nt=3732] KSP converged reason: 4, iterations: 1
  [a=70 b=105 nt=4479] KSP converged reason: 4, iterations: 1
  [a=36 b=55 nt=3201] KSP converged reason: 4, iterations: 1
  [a=44 b=65 nt=2859] KSP converged reason: 4, iterations: 1
  [a=32 b=60 nt=2903] KSP converged reason: 4, iterations: 1
  [a=41 b=60 nt=3478] KSP converged reason: 4, iterations: 1
  [a=37 b=61 nt=3334] KSP converged reason: 4, iterations: 1
  [a=38 b=59 nt=2202] KSP converged reason: 4, iterations: 1
  [a=36 b=71 nt=2841] KSP converged reason: 4, iterations: 1
  [a=47 b=86 nt=3448] KSP converged reason: 4, iterations: 1
  [a=40 b=58 nt=3140] KSP converged reason: 4, iterations: 1
  [a=39 b=62 nt=2844] KSP converged reason: 4, iterations: 1
  [a=36 b=59 nt=3307] KSP converged reason: 4, iterations: 1
  [a=43 b=57 nt=3368] KSP converged reason: 4, iterations: 1
  [a=61 b=146 nt=4203] KSP converged reason: 4, iterations: 1
  [a=64 b=170 nt=3204] KSP converged reason: 4, iterations: 1
  [a=44 b=131 nt=4090] KSP converged reason: 4, iterations: 1
  [a=58 b=116 nt=3899] KSP converged reason: 4, iterations: 1
  [a=76 b=83 nt=4589] KSP converged reason: 4, iterations: 1
  [a=71 b=121 nt=3671] KSP converged reason: 4, iterations: 1
  [a=38 b=95 nt=4197] KSP converged reason: 4, iterations: 1
  [a=45 b=126 nt=4444] KSP converged reason: 4, iterations: 1
  [a=47 b=82 nt=5253] KSP converged reason: 4, iterations: 1
  [a=53 b=79 nt=4140] KSP converged reason: 4, iterations: 1
  [a=50 b=101 nt=4469] KSP converged reason: 4, iterations: 1
  [a=68 b=107 nt=4437] KSP converged reason: 4, iterations: 1
  [a=41 b=72 nt=4646] KSP converged reason: 4, iterations: 1
  [a=55 b=74 nt=3591] KSP converged reason: 4, iterations: 1
  [a=49 b=80 nt=4603] KSP converged reason: 4, iterations: 1
  [a=42 b=68 nt=4542] KSP converged reason: 4, iterations: 1
  [a=39 b=76 nt=3781] KSP converged reason: 4, iterations: 1
  [a=47 b=78 nt=3149] KSP converged reason: 4, iterations: 1
  [a=39 b=70 nt=2912] KSP converged reason: 4, iterations: 1
  [a=63 b=129 nt=3959] KSP converged reason: 4, iterations: 1
  [a=43 b=81 nt=3609] KSP converged reason: 4, iterations: 1
  [a=45 b=111 nt=4134] KSP converged reason: 4, iterations: 1
  [a=63 b=103 nt=3678] KSP converged reason: 4, iterations: 1
  [a=47 b=67 nt=3850] KSP converged reason: 4, iterations: 1
  [a=55 b=96 nt=4269] KSP converged reason: 4, iterations: 1
  [a=32 b=45 nt=3331] KSP converged reason: 4, iterations: 1
  [a=52 b=66 nt=3708] KSP converged reason: 4, iterations: 1
  [a=47 b=74 nt=3373] KSP converged reason: 4, iterations: 1
  [a=49 b=68 nt=2328] KSP converged reason: 4, iterations: 1
  [a=56 b=75 nt=3671] KSP converged reason: 4, iterations: 1
  [a=39 b=48 nt=2140] KSP converged reason: 4, iterations: 1
  [a=50 b=80 nt=3297] KSP converged reason: 4, iterations: 1
  [a=43 b=71 nt=2870] KSP converged reason: 4, iterations: 1
  [a=45 b=84 nt=2735] KSP converged reason: 4, iterations: 1
  [a=37 b=49 nt=3265] KSP converged reason: 4, iterations: 1
  [a=36 b=77 nt=3686] KSP converged reason: 4, iterations: 1
  [a=40 b=52 nt=3492] KSP converged reason: 4, iterations: 1
  [a=37 b=83 nt=2791] KSP converged reason: 4, iterations: 1
  [a=38 b=74 nt=3112] KSP converged reason: 4, iterations: 1
  [a=35 b=60 nt=2933] KSP converged reason: 4, iterations: 1
  [a=43 b=57 nt=3202] KSP converged reason: 4, iterations: 1
  [a=36 b=51 nt=2648] KSP converged reason: 4, iterations: 1
  [a=72 b=123 nt=3950] KSP converged reason: 4, iterations: 1
  [a=31 b=168 nt=2777] KSP converged reason: 4, iterations: 1
  [a=38 b=119 nt=3786] KSP converged reason: 4, iterations: 1
  [a=45 b=112 nt=4677] KSP converged reason: 4, iterations: 1
  [a=80 b=113 nt=2990] KSP converged reason: 4, iterations: 1
  [a=58 b=78 nt=3102] KSP converged reason: 4, iterations: 1
  [a=56 b=157 nt=3666] KSP converged reason: 4, iterations: 1
  [a=48 b=69 nt=4493] KSP converged reason: 4, iterations: 1
  [a=50 b=78 nt=3965] KSP converged reason: 4, iterations: 1
  [a=68 b=112 nt=3475] KSP converged reason: 4, iterations: 1
  [a=54 b=103 nt=4095] KSP converged reason: 4, iterations: 1
  [a=54 b=60 nt=3486] KSP converged reason: 4, iterations: 1
  [a=47 b=56 nt=4193] KSP converged reason: 4, iterations: 1
  [a=42 b=101 nt=5004] KSP converged reason: 4, iterations: 1
  [a=41 b=54 nt=3147] KSP converged reason: 4, iterations: 1
  [a=42 b=72 nt=4973] KSP converged reason: 4, iterations: 1
  [a=49 b=57 nt=4088] KSP converged reason: 4, iterations: 1
  [a=70 b=87 nt=4959] KSP converged reason: 4, iterations: 1
  [a=40 b=67 nt=3492] KSP converged reason: 4, iterations: 1
  [a=51 b=91 nt=3346] KSP converged reason: 4, iterations: 1
  [a=49 b=74 nt=2427] KSP converged reason: 4, iterations: 1
  [a=48 b=87 nt=2199] KSP converged reason: 4, iterations: 1
  [a=55 b=82 nt=3270] KSP converged reason: 4, iterations: 1
  [a=78 b=117 nt=3281] KSP converged reason: 4, iterations: 1
  [a=74 b=147 nt=3041] KSP converged reason: 4, iterations: 1
  [a=49 b=105 nt=4005] KSP converged reason: 4, iterations: 1
  [a=57 b=87 nt=2995] KSP converged reason: 4, iterations: 1
  [a=59 b=106 nt=3585] KSP converged reason: 4, iterations: 1
  [a=55 b=66 nt=2836] KSP converged reason: 4, iterations: 1
  [a=37 b=80 nt=3782] KSP converged reason: 4, iterations: 1
  [a=38 b=45 nt=4253] KSP converged reason: 4, iterations: 1
  [a=47 b=65 nt=3525] KSP converged reason: 4, iterations: 1
  [a=45 b=78 nt=2996] KSP converged reason: 4, iterations: 1
  [a=48 b=53 nt=2305] KSP converged reason: 4, iterations: 1
  [a=37 b=65 nt=3348] KSP converged reason: 4, iterations: 1
  [a=42 b=73 nt=2181] KSP converged reason: 4, iterations: 1
  [a=37 b=56 nt=3195] KSP converged reason: 4, iterations: 1
  [a=38 b=43 nt=3141] KSP converged reason: 4, iterations: 1
  [a=41 b=59 nt=2905] KSP converged reason: 4, iterations: 1
  [a=25 b=78 nt=2552] KSP converged reason: 4, iterations: 1
  [a=45 b=59 nt=2907] KSP converged reason: 4, iterations: 1
  [a=30 b=55 nt=2910] KSP converged reason: 4, iterations: 1
  [a=56 b=168 nt=2949] KSP converged reason: 4, iterations: 1
  [a=57 b=133 nt=3391] KSP converged reason: 4, iterations: 1
  [a=70 b=149 nt=4672] KSP converged reason: 4, iterations: 1
  [a=76 b=124 nt=4154] KSP converged reason: 4, iterations: 1
  [a=80 b=118 nt=4976] KSP converged reason: 4, iterations: 1
  [a=40 b=107 nt=3161] KSP converged reason: 4, iterations: 1
  [a=79 b=91 nt=4446] KSP converged reason: 4, iterations: 1
  [a=45 b=97 nt=4329] KSP converged reason: 4, iterations: 1
  [a=41 b=52 nt=3846] KSP converged reason: 4, iterations: 1
  [a=51 b=77 nt=4725] KSP converged reason: 4, iterations: 1
  [a=48 b=126 nt=4749] KSP converged reason: 4, iterations: 1
  [a=49 b=91 nt=4301] KSP converged reason: 4, iterations: 1
  [a=63 b=91 nt=4173] KSP converged reason: 4, iterations: 1
  [a=66 b=83 nt=4844] KSP converged reason: 4, iterations: 1
  [a=52 b=67 nt=3270] KSP converged reason: 4, iterations: 1
  [a=61 b=71 nt=4645] KSP converged reason: 4, iterations: 1
  [a=58 b=70 nt=4835] KSP converged reason: 4, iterations: 1
  [a=45 b=63 nt=3077] KSP converged reason: 4, iterations: 1
  [a=60 b=76 nt=3110] KSP converged reason: 4, iterations: 1
  [a=65 b=92 nt=3283] KSP converged reason: 4, iterations: 1
  [a=68 b=91 nt=3420] KSP converged reason: 4, iterations: 1
  [a=38 b=99 nt=4139] KSP converged reason: 4, iterations: 1
  [a=58 b=96 nt=5205] KSP converged reason: 4, iterations: 1
  [a=42 b=95 nt=3644] KSP converged reason: 4, iterations: 1
  [a=42 b=74 nt=3295] KSP converged reason: 4, iterations: 1
  [a=48 b=76 nt=3132] KSP converged reason: 4, iterations: 1
  [a=44 b=74 nt=2043] KSP converged reason: 4, iterations: 1
  [a=37 b=68 nt=3053] KSP converged reason: 4, iterations: 1
  [a=44 b=87 nt=3201] KSP converged reason: 4, iterations: 1
  [a=38 b=64 nt=3131] KSP converged reason: 4, iterations: 1
  [a=37 b=76 nt=3063] KSP converged reason: 4, iterations: 1
  [a=45 b=58 nt=3351] KSP converged reason: 4, iterations: 1
  [a=48 b=55 nt=2738] KSP converged reason: 4, iterations: 1
  [a=43 b=49 nt=4243] KSP converged reason: 4, iterations: 1
  [a=43 b=62 nt=3466] KSP converged reason: 4, iterations: 1
  [a=37 b=55 nt=2993] KSP converged reason: 4, iterations: 1
  [a=31 b=39 nt=3108] KSP converged reason: 4, iterations: 1
  [a=38 b=46 nt=2726] KSP converged reason: 4, iterations: 1

  [ 282] INFEAS f=3737.765  a=36.0 b=32.7 gap=25.9 (face=23.8mm) n=[99, 525, 110, 484, 485, 217, 589]  no evaluation (geometry pre-check)
  [ 283] viol   f=   8.939  a=37.9 b=43.4 gap=22.5 (face=17.1mm) n=[230, 585, 317, 633, 554, 367, 455]  tape=0.922km B=12.87T unif=1.200% hoop=224MPa
  [ 284] OK     f=   1.026  a=38.6 b=62.0 gap=19.4 (face=10.8mm) n=[329, 398, 168, 492, 547, 359, 551]  tape=1.026km B=11.34T unif=0.901% hoop=250MPa
  [ 285] OK     f=   1.392  a=45.0 b=54.9 gap=25.6 (face=23.2mm) n=[73, 776, 640, 715, 776, 206, 817]  tape=1.392km B=13.78T unif=0.767% hoop=259MPa
  [ 286] OK     f=   1.369  a=43.2 b=61.8 gap=24.1 (face=20.3mm) n=[55, 458, 330, 654, 814, 304, 851]  tape=1.369km B=10.82T unif=0.208% hoop=249MPa
  [ 287] INFEAS f=1042.636  a=32.1 b=50.3 gap=23.6 (face=19.2mm) n=[467, 357, 223, 754, 737, 519, 793]  no evaluation (geometry pre-check)
  [ 288] viol   f=   2.557  a=39.0 b=56.4 gap=29.0 (face=29.9mm) n=[51, 377, 443, 642, 706, 270, 482]  tape=1.062km B=9.14T unif=0.927% hoop=209MPa
  [ 289] OK     f=   1.401  a=37.9 b=73.9 gap=18.0 (face=8.1mm) n=[282, 406, 265, 520, 582, 238, 819]  tape=1.401km B=10.75T unif=0.842% hoop=301MPa
  [ 290] OK     f=   1.185  a=42.2 b=55.0 gap=19.1 (face=10.1mm) n=[253, 502, 470, 548, 728, 132, 702]  tape=1.185km B=12.98T unif=0.516% hoop=307MPa
  [ 291] OK     f=   1.118  a=41.4 b=58.8 gap=17.8 (face=7.7mm) n=[81, 409, 123, 827, 790, 343, 332]  tape=1.118km B=11.57T unif=0.605% hoop=280MPa
  [ 292] OK     f=   1.031  a=37.2 b=54.6 gap=22.8 (face=17.6mm) n=[217, 304, 483, 656, 499, 272, 562]  tape=1.031km B=11.04T unif=0.165% hoop=230MPa
  [ 293] viol   f=  16.815  a=35.7 b=57.7 gap=17.3 (face=6.6mm) n=[56, 362, 251, 648, 600, 209, 374]  tape=0.889km B=10.61T unif=1.282% hoop=219MPa
  [ 294] OK     f=   1.195  a=35.7 b=58.9 gap=18.8 (face=9.6mm) n=[250, 529, 132, 779, 645, 265, 707]  tape=1.195km B=13.06T unif=0.795% hoop=228MPa
  [ 295] OK     f=   1.050  a=35.3 b=59.8 gap=16.6 (face=5.2mm) n=[311, 323, 236, 483, 629, 314, 637]  tape=1.050km B=11.91T unif=0.890% hoop=292MPa
  [ 296] INFEAS f=4621.029  a=25.9 b=49.0 gap=18.4 (face=8.7mm) n=[177, 332, 110, 521, 763, 196, 608]  no evaluation (geometry pre-check)
  [ 297] INFEAS f=2780.495  a=23.7 b=48.9 gap=20.2 (face=12.5mm) n=[147, 569, 340, 479, 660, 105, 588]  no evaluation (geometry pre-check)
  [ 298] viol   f=  19.860  a=49.4 b=77.6 gap=16.4 (face=4.9mm) n=[107, 438, 379, 180, 480, 102, 584]  tape=1.047km B=8.05T unif=1.237% hoop=292MPa
  [ 299] viol   f=   3.704  a=30.1 b=59.2 gap=18.5 (face=9.0mm) n=[81, 318, 372, 582, 518, 64, 373]  tape=0.787km B=10.02T unif=1.121% hoop=184MPa
  [ 300] viol   f=  89.791  a=25.2 b=78.2 gap=15.8 (face=3.5mm) n=[259, 589, 205, 480, 434, 135, 450]  tape=1.041km B=12.34T unif=1.666% hoop=183MPa
  [ 301] OK     f=   1.234  a=43.1 b=56.9 gap=22.7 (face=17.5mm) n=[143, 398, 554, 571, 719, 364, 619]  tape=1.234km B=12.03T unif=0.151% hoop=281MPa
  [ 302] OK     f=   1.232  a=42.6 b=56.9 gap=19.7 (face=11.3mm) n=[150, 467, 387, 566, 810, 213, 609]  tape=1.232km B=11.69T unif=0.474% hoop=297MPa
  [ 303] viol   f=  15.996  a=30.7 b=39.0 gap=17.6 (face=7.1mm) n=[208, 493, 193, 607, 512, 517, 578]  tape=0.781km B=14.76T unif=1.276% hoop=187MPa
  [ 304] OK     f=   1.346  a=42.0 b=78.1 gap=20.4 (face=12.9mm) n=[155, 425, 526, 461, 693, 200, 498]  tape=1.346km B=10.49T unif=0.875% hoop=290MPa
  [ 305] viol   f=   2.452  a=27.3 b=56.0 gap=21.0 (face=14.0mm) n=[51, 367, 145, 389, 574, 277, 564]  tape=0.754km B=9.08T unif=0.555% hoop=155MPa
  [ 306] OK     f=   1.164  a=45.0 b=59.5 gap=18.5 (face=9.1mm) n=[55, 69, 189, 872, 616, 559, 547]  tape=1.164km B=10.67T unif=0.422% hoop=295MPa
  [ 307] INFEAS f=8667.983  a=25.6 b=52.6 gap=21.5 (face=15.0mm) n=[188, 211, 168, 741, 825, 369, 593]  no evaluation (geometry pre-check)
  [ 308] OK     f=   0.926  a=29.6 b=54.6 gap=19.6 (face=11.2mm) n=[217, 404, 156, 660, 638, 165, 670]  tape=0.926km B=11.53T unif=0.751% hoop=183MPa
  [ 309] OK     f=   0.837  a=35.6 b=50.9 gap=23.2 (face=18.4mm) n=[102, 252, 622, 456, 605, 110, 501]  tape=0.837km B=10.13T unif=0.945% hoop=184MPa
  [ 310] OK     f=   0.866  a=38.1 b=45.9 gap=20.1 (face=12.2mm) n=[323, 309, 212, 491, 437, 321, 633]  tape=0.866km B=10.86T unif=0.357% hoop=272MPa

==========================================================================================
CMA-ES finished: 310 evaluations in 8.5 min
==========================================================================================

Best feasible design found:
  a_mm             35.57441110199514
  b_mm             50.91247750892834
  gap_mm           23.209999845153444
  face_gap_mm      18.419999690306884
  n_turns          [102, 252, 622, 456, 605, 110, 501]
  n_total          2648
  tape_km          0.8366221764255549
  B_target_T       10.129884480606206
  uniformity_pct   0.9454101731328175
  hoop_MPa         183.60961449552528
  delam_MPa        12.999905311269941
  I_quench_A       400.94208576083554
  I_op_A           220.5402011885784
  binding          quench/SF
  clip_frac        0.18010167029774873

Full evaluation history -> optimize/cmaes_history.csv
Best design            -> optimize/cmaes_results.csv
Appended 310 rows to cumulative master log -> optimize/cmaes_all_evaluations.csv

Figures -> /home/gerrityjack/fenicsx/Racetrack-Coil-Optimization/visualization/cmaes_convergence.png, cmaes_constraints.png, cmaes_variables.png, cmaes_overview.png
Cumulative parameter-space map -> visualization/cmaes_param_map.png (22770 evaluations, 73 runs)
