Starting CMA-ES: 10 variables, budget 300 evaluations, target B >= 10.0 T, uniformity <= 1.0%, hoop <= 400 MPa, coil-coil face gap >= 3 mm

Parallel mode: 6 worker processes per generation.
  [   1] viol   f=  29.612  a=39.5 b=119.6 gap=28.1 (face=28.2mm) n=[339, 893, 300, 94, 83, 180, 197]  tape=1.368km B=6.24T unif=0.687% hoop=250MPa
  [   2] INFEAS f=1081.583  a=30.7 b=100.8 gap=36.0 (face=44.0mm) n=[292, 511, 213, 743, 701, 762, 542]  no evaluation (geometry pre-check)
  [   3] OK     f=   2.431  a=39.8 b=128.2 gap=32.2 (face=36.4mm) n=[457, 855, 326, 802, 752, 515, 50]  tape=2.431km B=10.02T unif=0.457% hoop=248MPa
  [   4] INFEAS f=20969.573  a=16.8 b=125.9 gap=35.4 (face=42.8mm) n=[577, 251, 405, 725, 679, 104, 267]  no evaluation (geometry pre-check)
  [   5] INFEAS f=85750.083  a=8.3 b=134.9 gap=40.8 (face=53.5mm) n=[313, 793, 387, 722, 879, 345, 295]  no evaluation (geometry pre-check)
  [   6] viol   f=  29.048  a=42.0 b=83.2 gap=33.4 (face=38.8mm) n=[429, 333, 176, 899, 122, 306, 172]  tape=1.261km B=6.27T unif=0.436% hoop=220MPa
  [   7] INFEAS f=44687.891  a=14.4 b=101.0 gap=37.9 (face=47.8mm) n=[122, 834, 50, 630, 384, 225, 222]  no evaluation (geometry pre-check)
  [   8] INFEAS f=40451.648  a=6.2 b=121.6 gap=34.2 (face=40.3mm) n=[452, 480, 336, 415, 310, 588, 120]  no evaluation (geometry pre-check)
  [   9] viol   f=  27.233  a=47.8 b=160.5 gap=34.3 (face=40.6mm) n=[374, 250, 475, 162, 566, 502, 419]  tape=2.148km B=6.46T unif=0.206% hoop=232MPa
  [  10] INFEAS f=1613.165  a=23.9 b=116.1 gap=41.2 (face=54.4mm) n=[350, 620, 237, 426, 179, 136, 332]  no evaluation (geometry pre-check)
  [  11] viol   f=  11.575  a=41.2 b=115.3 gap=26.3 (face=24.6mm) n=[220, 669, 98, 396, 556, 398, 220]  tape=1.546km B=7.76T unif=0.388% hoop=227MPa
  [  12] INFEAS f=35487.767  a=16.0 b=99.5 gap=24.4 (face=20.8mm) n=[104, 794, 817, 331, 742, 431, 53]  no evaluation (geometry pre-check)
  [  13] viol   f=  32.929  a=43.7 b=169.9 gap=41.3 (face=54.5mm) n=[455, 537, 559, 550, 369, 69, 101]  tape=2.108km B=6.07T unif=0.301% hoop=204MPa
  [  14] INFEAS f=27253.748  a=15.6 b=139.6 gap=36.7 (face=45.4mm) n=[393, 729, 268, 747, 694, 573, 57]  no evaluation (geometry pre-check)
  [  15] viol   f=   6.321  a=43.0 b=110.9 gap=32.0 (face=36.0mm) n=[408, 709, 248, 587, 490, 508, 72]  tape=1.771km B=8.49T unif=0.418% hoop=253MPa
  [  16] viol   f=  65.773  a=53.7 b=114.1 gap=39.6 (face=51.3mm) n=[244, 195, 74, 570, 327, 387, 74]  tape=1.172km B=4.32T unif=0.317% hoop=219MPa
  [  17] INFEAS f=40047.090  a=10.5 b=118.8 gap=38.5 (face=48.9mm) n=[654, 700, 182, 420, 554, 164, 274]  no evaluation (geometry pre-check)
  [  18] viol   f=  12.944  a=47.1 b=122.1 gap=37.1 (face=46.3mm) n=[580, 454, 98, 535, 542, 494, 388]  tape=1.904km B=7.65T unif=0.351% hoop=249MPa
  [  19] INFEAS f=30264.876  a=18.8 b=157.0 gap=37.8 (face=47.7mm) n=[452, 855, 272, 273, 748, 292, 384]  no evaluation (geometry pre-check)
  [  20] viol   f=  31.448  a=68.9 b=119.4 gap=30.0 (face=31.9mm) n=[336, 474, 401, 342, 679, 166, 228]  tape=1.815km B=6.15T unif=0.530% hoop=383MPa
  [  21] viol   f=  53.477  a=38.7 b=137.6 gap=32.6 (face=37.3mm) n=[72, 373, 236, 533, 438, 113, 50]  tape=1.224km B=4.89T unif=0.327% hoop=157MPa
  [  22] viol   f=  57.316  a=42.6 b=111.9 gap=34.9 (face=41.9mm) n=[172, 328, 221, 215, 897, 58, 160]  tape=1.300km B=4.71T unif=0.379% hoop=292MPa
  [  23] viol   f=   4.709  a=40.6 b=117.0 gap=19.8 (face=11.5mm) n=[412, 707, 151, 504, 310, 306, 62]  tape=1.515km B=8.74T unif=0.241% hoop=301MPa
  [  24] viol   f=  20.798  a=55.7 b=103.1 gap=27.0 (face=25.9mm) n=[212, 704, 126, 661, 287, 111, 255]  tape=1.391km B=6.88T unif=0.644% hoop=251MPa
  [  25] viol   f=  34.423  a=35.4 b=136.0 gap=41.3 (face=54.5mm) n=[412, 571, 224, 419, 212, 270, 564]  tape=1.756km B=5.96T unif=0.399% hoop=182MPa
  [  26] viol   f=  17.628  a=57.3 b=124.4 gap=34.9 (face=41.9mm) n=[472, 731, 265, 566, 470, 179, 325]  tape=2.054km B=7.21T unif=0.331% hoop=300MPa
  [  27] viol   f=  26.532  a=35.3 b=103.3 gap=25.9 (face=23.8mm) n=[106, 256, 336, 158, 368, 412, 357]  tape=1.025km B=6.43T unif=0.451% hoop=173MPa
  [  28] viol   f=  19.887  a=65.3 b=106.5 gap=40.0 (face=52.0mm) n=[247, 667, 205, 798, 522, 172, 617]  tape=2.024km B=7.01T unif=0.305% hoop=302MPa
  [  29] INFEAS f=15223.316  a=19.6 b=103.2 gap=39.5 (face=51.1mm) n=[426, 745, 209, 469, 509, 359, 71]  no evaluation (geometry pre-check)
  [  30] viol   f=  27.202  a=31.9 b=108.7 gap=22.1 (face=16.2mm) n=[169, 293, 209, 399, 593, 131, 54]  tape=1.034km B=6.38T unif=0.413% hoop=177MPa
  [  31] viol   f=  22.313  a=64.4 b=119.9 gap=19.5 (face=10.9mm) n=[259, 751, 58, 303, 539, 495, 54]  tape=1.678km B=6.79T unif=0.670% hoop=353MPa
  [  32] viol   f=   3.185  a=51.0 b=110.7 gap=21.2 (face=14.4mm) n=[222, 690, 671, 572, 385, 104, 75]  tape=1.616km B=9.11T unif=0.636% hoop=284MPa
  [  33] viol   f=  10.361  a=38.2 b=165.2 gap=29.3 (face=30.7mm) n=[355, 817, 119, 883, 81, 307, 255]  tape=2.280km B=7.99T unif=0.363% hoop=213MPa
  [  34] INFEAS f=28753.181  a=20.5 b=121.6 gap=19.1 (face=10.2mm) n=[155, 790, 145, 888, 345, 80, 56]  no evaluation (geometry pre-check)
  [  35] viol   f=  27.123  a=60.8 b=90.7 gap=19.2 (face=10.5mm) n=[290, 708, 210, 697, 120, 178, 194]  tape=1.320km B=7.69T unif=1.275% hoop=319MPa
  [  36] INFEAS f=3408.761  a=18.6 b=133.3 gap=28.8 (face=29.5mm) n=[540, 528, 52, 295, 523, 211, 87]  no evaluation (geometry pre-check)
  [  37] viol   f=  66.469  a=50.6 b=120.8 gap=36.6 (face=45.2mm) n=[418, 99, 80, 113, 494, 183, 334]  tape=1.091km B=4.28T unif=0.318% hoop=174MPa
  [  38] INFEAS f=27978.489  a=21.2 b=122.4 gap=22.3 (face=16.6mm) n=[192, 787, 53, 900, 284, 184, 242]  no evaluation (geometry pre-check)
  [  39] viol   f=   6.210  a=56.0 b=102.3 gap=19.4 (face=10.8mm) n=[275, 750, 405, 521, 375, 207, 205]  tape=1.648km B=8.49T unif=0.876% hoop=389MPa
  [  40] viol   f=   7.883  a=60.5 b=151.0 gap=22.3 (face=16.6mm) n=[575, 675, 269, 537, 375, 405, 212]  tape=2.393km B=8.34T unif=0.364% hoop=400MPa
  [  41] viol   f=  14.130  a=59.6 b=138.9 gap=18.0 (face=8.0mm) n=[152, 363, 699, 458, 426, 367, 477]  tape=2.190km B=7.56T unif=0.427% hoop=400MPa
  [  42] INFEAS f=16747.929  a=21.2 b=130.0 gap=21.7 (face=15.5mm) n=[611, 764, 802, 772, 531, 120, 78]  no evaluation (geometry pre-check)
  [  43] viol   f=  44.240  a=66.5 b=127.5 gap=25.0 (face=22.0mm) n=[69, 329, 383, 895, 264, 193, 196]  tape=1.748km B=5.39T unif=0.446% hoop=400MPa
  [  44] viol   f=  20.015  a=63.7 b=127.8 gap=20.0 (face=12.1mm) n=[557, 642, 472, 192, 351, 89, 138]  tape=1.705km B=6.97T unif=0.623% hoop=372MPa
  [  45] viol   f=  13.625  a=53.0 b=99.2 gap=21.6 (face=15.3mm) n=[299, 383, 592, 201, 340, 243, 362]  tape=1.371km B=7.52T unif=0.790% hoop=324MPa
  [  46] viol   f=  14.683  a=65.7 b=136.1 gap=19.5 (face=11.0mm) n=[549, 781, 586, 541, 144, 170, 112]  tape=2.153km B=7.50T unif=0.541% hoop=400MPa
  [  47] viol   f=   1.853  a=35.0 b=128.2 gap=21.0 (face=14.0mm) n=[314, 735, 312, 584, 194, 326, 287]  tape=1.800km B=9.84T unif=0.951% hoop=256MPa
  [  48] viol   f=  30.785  a=54.4 b=85.7 gap=17.2 (face=6.3mm) n=[592, 900, 669, 511, 458, 190, 381]  tape=1.981km B=11.70T unif=1.380% hoop=400MPa
  [  49] OK     f=   1.950  a=51.0 b=109.7 gap=19.2 (face=10.4mm) n=[546, 835, 516, 557, 356, 60, 281]  tape=1.950km B=10.29T unif=0.664% hoop=394MPa
  [  50] viol   f=  14.356  a=48.0 b=126.0 gap=36.2 (face=44.4mm) n=[526, 862, 279, 594, 145, 482, 200]  tape=2.110km B=7.53T unif=0.383% hoop=252MPa
  [  51] viol   f=   6.280  a=36.4 b=120.3 gap=17.9 (face=7.8mm) n=[319, 803, 725, 453, 163, 79, 101]  tape=1.634km B=10.84T unif=1.152% hoop=248MPa
  [  52] OK     f=   1.912  a=31.8 b=113.8 gap=24.3 (face=20.6mm) n=[471, 665, 688, 720, 63, 408, 396]  tape=1.912km B=12.33T unif=0.591% hoop=227MPa
  [  53] viol   f=  22.436  a=38.1 b=143.3 gap=19.6 (face=11.3mm) n=[201, 677, 172, 319, 190, 85, 308]  tape=1.419km B=6.76T unif=0.294% hoop=219MPa
  [  54] OK     f=   2.604  a=51.1 b=132.0 gap=16.6 (face=5.2mm) n=[745, 883, 705, 431, 331, 215, 385]  tape=2.604km B=11.86T unif=0.483% hoop=400MPa
  [  55] OK     f=   1.605  a=29.3 b=99.5 gap=18.4 (face=8.9mm) n=[577, 378, 628, 528, 557, 435, 160]  tape=1.605km B=14.55T unif=0.266% hoop=230MPa
  [  56] viol   f=  14.230  a=55.0 b=120.8 gap=22.5 (face=17.0mm) n=[168, 898, 510, 477, 259, 86, 187]  tape=1.784km B=7.51T unif=0.451% hoop=355MPa
  [  57] viol   f=  10.715  a=40.0 b=127.5 gap=24.5 (face=21.0mm) n=[454, 877, 312, 220, 341, 80, 223]  tape=1.721km B=7.88T unif=1.003% hoop=266MPa
  [  58] INFEAS f=3459.309  a=29.0 b=88.8 gap=29.6 (face=31.1mm) n=[398, 350, 820, 561, 201, 116, 255]  no evaluation (geometry pre-check)
  [  59] viol   f=   9.680  a=44.7 b=138.4 gap=20.6 (face=13.2mm) n=[274, 472, 648, 350, 155, 194, 403]  tape=1.767km B=8.01T unif=0.277% hoop=277MPa
  [  60] viol   f=  21.024  a=57.1 b=116.5 gap=17.0 (face=6.0mm) n=[176, 703, 314, 381, 345, 290, 122]  tape=1.544km B=6.88T unif=0.697% hoop=400MPa
  [  61] INFEAS f=7414.304  a=22.2 b=117.2 gap=30.9 (face=33.9mm) n=[425, 626, 494, 623, 715, 380, 102]  no evaluation (geometry pre-check)
  [  62] viol   f=   4.023  a=65.6 b=107.9 gap=22.4 (face=16.8mm) n=[507, 612, 871, 623, 528, 274, 435]  tape=2.481km B=9.12T unif=0.786% hoop=400MPa
  [  63] INFEAS f=9647.103  a=27.7 b=113.8 gap=23.5 (face=19.1mm) n=[663, 893, 717, 415, 529, 172, 193]  no evaluation (geometry pre-check)
  [  64] INFEAS f=20631.624  a=18.2 b=118.5 gap=23.0 (face=18.0mm) n=[672, 758, 594, 556, 53, 761, 277]  no evaluation (geometry pre-check)
  [  65] OK     f=   1.873  a=39.6 b=112.3 gap=15.7 (face=3.4mm) n=[594, 614, 682, 346, 279, 533, 203]  tape=1.873km B=13.20T unif=0.554% hoop=320MPa
  [  66] OK     f=   1.590  a=37.9 b=89.7 gap=15.6 (face=3.1mm) n=[285, 300, 607, 373, 428, 804, 303]  tape=1.590km B=11.02T unif=0.668% hoop=356MPa
  [  67] viol   f=   1.792  a=46.9 b=102.1 gap=18.9 (face=9.8mm) n=[531, 438, 261, 682, 318, 178, 473]  tape=1.626km B=9.71T unif=0.702% hoop=328MPa
  [  68] viol   f=  14.244  a=42.4 b=119.7 gap=27.2 (face=26.5mm) n=[314, 718, 368, 234, 138, 328, 432]  tape=1.623km B=7.49T unif=0.428% hoop=257MPa
  [  69] INFEAS f=1843.184  a=33.5 b=117.2 gap=19.5 (face=10.9mm) n=[886, 833, 865, 520, 322, 432, 343]  no evaluation (geometry pre-check)
  [  70] OK     f=   2.171  a=37.1 b=114.7 gap=17.3 (face=6.5mm) n=[621, 755, 537, 373, 464, 560, 369]  tape=2.171km B=14.51T unif=0.196% hoop=335MPa
  [  71] viol   f= 225.130  a=53.4 b=65.3 gap=16.3 (face=4.6mm) n=[849, 258, 303, 453, 522, 861, 306]  tape=1.566km B=13.40T unif=2.057% hoop=387MPa
  [  72] INFEAS f=2300.387  a=25.8 b=94.3 gap=17.5 (face=6.9mm) n=[302, 698, 630, 625, 517, 393, 66]  no evaluation (geometry pre-check)
  [  73] INFEAS f=15089.777  a=24.0 b=92.8 gap=15.8 (face=3.6mm) n=[860, 217, 572, 420, 461, 377, 147]  no evaluation (geometry pre-check)
  [  74] viol   f=   2.320  a=43.4 b=124.2 gap=18.7 (face=9.4mm) n=[328, 329, 645, 446, 364, 860, 512]  tape=2.319km B=9.98T unif=0.311% hoop=400MPa
  [  75] OK     f=   2.061  a=39.1 b=109.4 gap=19.5 (face=11.0mm) n=[453, 439, 797, 728, 559, 403, 190]  tape=2.061km B=12.92T unif=0.690% hoop=364MPa
  [  76] OK     f=   1.882  a=42.3 b=97.3 gap=16.0 (face=4.1mm) n=[355, 641, 582, 295, 210, 770, 711]  tape=1.882km B=12.64T unif=0.665% hoop=348MPa
  [  77] OK     f=   2.586  a=46.9 b=119.5 gap=15.6 (face=3.1mm) n=[440, 605, 415, 838, 777, 898, 119]  tape=2.586km B=12.92T unif=0.426% hoop=400MPa
  [  78] OK     f=   2.981  a=67.2 b=111.0 gap=15.5 (face=3.0mm) n=[717, 727, 342, 685, 721, 611, 872]  tape=2.981km B=10.38T unif=0.836% hoop=400MPa
  [  79] OK     f=   1.653  a=40.6 b=89.5 gap=24.3 (face=20.6mm) n=[543, 263, 699, 583, 344, 591, 345]  tape=1.653km B=11.45T unif=0.716% hoop=272MPa
  [  80] viol   f=   2.468  a=64.5 b=110.0 gap=18.3 (face=8.6mm) n=[140, 229, 896, 685, 737, 733, 419]  tape=2.452km B=9.91T unif=0.763% hoop=400MPa
  [  81] viol   f=   5.335  a=59.3 b=94.4 gap=19.9 (face=11.8mm) n=[724, 338, 876, 240, 50, 193, 481]  tape=1.679km B=9.06T unif=1.097% hoop=333MPa
  [  82] viol   f=  20.776  a=66.6 b=79.8 gap=20.9 (face=13.8mm) n=[298, 900, 483, 725, 245, 845, 181]  tape=1.932km B=11.17T unif=1.307% hoop=400MPa
  [  83] viol   f=  19.802  a=66.6 b=121.7 gap=33.2 (face=38.4mm) n=[381, 794, 539, 556, 119, 143, 501]  tape=2.113km B=7.03T unif=0.471% hoop=400MPa
  [  84] viol   f=  10.062  a=28.4 b=99.3 gap=25.1 (face=22.2mm) n=[632, 472, 406, 623, 134, 487, 471]  tape=1.581km B=11.89T unif=1.206% hoop=193MPa
  [  85] viol   f=   2.392  a=55.5 b=107.3 gap=20.6 (face=13.2mm) n=[866, 523, 729, 61, 209, 373, 223]  tape=1.846km B=9.48T unif=0.797% hoop=356MPa
  [  86] viol   f=   5.517  a=59.9 b=109.2 gap=18.4 (face=8.8mm) n=[324, 457, 412, 619, 398, 637, 869]  tape=2.377km B=8.75T unif=0.623% hoop=400MPa
  [  87] viol   f=  38.450  a=71.5 b=93.2 gap=15.6 (face=3.2mm) n=[297, 66, 820, 413, 119, 604, 185]  tape=1.508km B=7.29T unif=1.333% hoop=374MPa
  [  88] INFEAS f=13528.309  a=25.4 b=82.0 gap=15.9 (face=3.7mm) n=[225, 319, 711, 421, 350, 881, 525]  no evaluation (geometry pre-check)
  [  89] viol   f=  10.452  a=46.4 b=106.8 gap=34.5 (face=41.1mm) n=[586, 432, 653, 63, 251, 813, 362]  tape=1.862km B=7.93T unif=0.387% hoop=250MPa
  [  90] OK     f=   2.135  a=34.9 b=118.2 gap=18.3 (face=8.7mm) n=[374, 111, 798, 385, 674, 678, 550]  tape=2.135km B=12.87T unif=0.617% hoop=270MPa
  [  91] viol   f=   7.044  a=62.6 b=138.8 gap=15.8 (face=3.7mm) n=[535, 223, 808, 360, 885, 420, 268]  tape=2.665km B=8.52T unif=0.446% hoop=400MPa
  [  92] INFEAS f=13380.735  a=24.2 b=126.7 gap=15.5 (face=3.0mm) n=[329, 669, 813, 169, 401, 846, 171]  no evaluation (geometry pre-check)
  [  93] INFEAS f=12247.462  a=19.6 b=87.5 gap=20.6 (face=13.1mm) n=[712, 111, 451, 269, 136, 441, 78]  no evaluation (geometry pre-check)
  [  94] viol   f=  10.775  a=59.2 b=166.0 gap=18.3 (face=8.6mm) n=[500, 390, 896, 397, 313, 593, 382]  tape=3.046km B=8.03T unif=0.256% hoop=400MPa
  [  95] INFEAS f=18235.448  a=22.5 b=107.4 gap=16.6 (face=5.2mm) n=[408, 595, 852, 65, 162, 719, 511]  no evaluation (geometry pre-check)
  [  96] viol   f=  12.894  a=65.5 b=111.6 gap=17.8 (face=7.7mm) n=[397, 221, 788, 198, 344, 561, 287]  tape=1.860km B=7.65T unif=0.780% hoop=400MPa
  [  97] OK     f=   2.260  a=42.8 b=98.3 gap=16.2 (face=4.3mm) n=[456, 612, 665, 404, 401, 772, 860]  tape=2.260km B=13.22T unif=0.606% hoop=400MPa
  [  98] viol   f=   2.144  a=37.4 b=150.0 gap=17.2 (face=6.4mm) n=[263, 391, 608, 351, 380, 486, 197]  tape=1.951km B=9.69T unif=0.105% hoop=281MPa
  [  99] viol   f=   3.028  a=60.0 b=102.5 gap=15.6 (face=3.2mm) n=[898, 343, 885, 251, 254, 707, 268]  tape=2.168km B=10.52T unif=1.066% hoop=400MPa
  [ 100] INFEAS f=4119.924  a=30.7 b=106.8 gap=18.5 (face=8.9mm) n=[735, 707, 880, 551, 352, 583, 344]  no evaluation (geometry pre-check)
  [ 101] viol   f=   6.387  a=60.7 b=160.0 gap=17.6 (face=7.3mm) n=[480, 326, 625, 248, 790, 849, 303]  tape=3.020km B=8.70T unif=0.289% hoop=400MPa
  [ 102] OK     f=   2.110  a=41.2 b=141.4 gap=15.6 (face=3.2mm) n=[557, 246, 669, 158, 279, 607, 513]  tape=2.110km B=10.84T unif=0.258% hoop=291MPa
  [ 103] viol   f=   7.082  a=46.8 b=148.1 gap=29.0 (face=30.0mm) n=[144, 196, 824, 633, 463, 814, 162]  tape=2.410km B=8.47T unif=0.274% hoop=269MPa
  [ 104] viol   f=   6.917  a=57.9 b=149.1 gap=17.1 (face=6.1mm) n=[494, 66, 607, 192, 211, 865, 744]  tape=2.493km B=8.51T unif=0.295% hoop=381MPa
  [ 105] OK     f=   2.231  a=53.3 b=119.7 gap=22.3 (face=16.6mm) n=[629, 263, 746, 628, 462, 224, 510]  tape=2.231km B=10.46T unif=0.518% hoop=361MPa
  [ 106] viol   f=  11.253  a=62.8 b=156.8 gap=15.5 (face=3.0mm) n=[435, 311, 829, 623, 160, 531, 522]  tape=2.838km B=7.95T unif=0.351% hoop=400MPa
  [ 107] viol   f=  14.277  a=70.9 b=144.9 gap=15.5 (face=3.1mm) n=[309, 423, 892, 433, 274, 731, 627]  tape=2.979km B=7.62T unif=0.450% hoop=400MPa
  [ 108] OK     f=   2.324  a=38.0 b=137.3 gap=18.9 (face=9.7mm) n=[407, 251, 703, 513, 412, 512, 637]  tape=2.324km B=11.77T unif=0.259% hoop=299MPa
  [ 109] INFEAS f=3780.001  a=27.4 b=173.3 gap=17.7 (face=7.4mm) n=[640, 314, 463, 62, 88, 785, 84]  no evaluation (geometry pre-check)
  [ 110] INFEAS f=5509.166  a=27.5 b=130.0 gap=17.3 (face=6.6mm) n=[279, 287, 822, 270, 309, 428, 265]  no evaluation (geometry pre-check)
  [ 111] viol   f=  29.013  a=94.7 b=147.1 gap=18.5 (face=9.0mm) n=[580, 426, 633, 212, 554, 869, 897]  tape=3.571km B=6.43T unif=0.506% hoop=400MPa
  [ 112] viol   f=  10.145  a=66.5 b=113.1 gap=17.8 (face=7.7mm) n=[554, 422, 577, 234, 451, 463, 296]  tape=1.894km B=7.97T unif=0.840% hoop=400MPa
  [ 113] viol   f=   6.740  a=45.5 b=137.0 gap=15.5 (face=3.1mm) n=[616, 361, 554, 51, 81, 86, 582]  tape=1.582km B=8.39T unif=0.464% hoop=268MPa
  [ 114] INFEAS f=1057.993  a=30.8 b=150.5 gap=18.0 (face=8.0mm) n=[327, 51, 760, 202, 135, 715, 427]  no evaluation (geometry pre-check)
  [ 115] viol   f=   4.652  a=59.3 b=129.2 gap=18.2 (face=8.4mm) n=[519, 374, 736, 303, 893, 247, 450]  tape=2.543km B=8.97T unif=0.458% hoop=400MPa
  [ 116] viol   f=   3.899  a=60.0 b=126.5 gap=15.7 (face=3.4mm) n=[541, 227, 653, 446, 697, 207, 471]  tape=2.211km B=9.08T unif=0.574% hoop=400MPa
  [ 117] OK     f=   2.357  a=38.6 b=154.7 gap=15.7 (face=3.4mm) n=[370, 207, 671, 596, 367, 825, 50]  tape=2.357km B=10.54T unif=0.215% hoop=300MPa
  [ 118] INFEAS f=68305.003  a=8.5 b=140.9 gap=15.9 (face=3.8mm) n=[373, 312, 803, 540, 68, 407, 339]  no evaluation (geometry pre-check)
  [ 119] viol   f=   6.094  a=37.0 b=87.4 gap=32.5 (face=37.1mm) n=[421, 231, 618, 846, 288, 206, 606]  tape=1.608km B=8.50T unif=0.525% hoop=220MPa
  [ 120] viol   f=  17.959  a=70.6 b=135.4 gap=18.0 (face=8.0mm) n=[272, 325, 694, 222, 515, 566, 527]  tape=2.333km B=7.20T unif=0.519% hoop=400MPa
  [ 121] INFEAS f=1109.112  a=25.4 b=137.1 gap=17.9 (face=7.9mm) n=[610, 596, 576, 266, 175, 625, 395]  no evaluation (geometry pre-check)
  [ 122] OK     f=   2.430  a=45.9 b=148.9 gap=17.6 (face=7.3mm) n=[687, 224, 775, 228, 480, 296, 538]  tape=2.430km B=10.65T unif=0.296% hoop=320MPa
  [ 123] viol   f=  62.271  a=88.7 b=138.5 gap=16.0 (face=4.1mm) n=[191, 407, 378, 123, 516, 741, 195]  tape=2.089km B=4.51T unif=0.580% hoop=400MPa
  [ 124] INFEAS f=27037.624  a=16.9 b=162.6 gap=16.0 (face=4.0mm) n=[131, 132, 778, 177, 607, 373, 758]  no evaluation (geometry pre-check)
  [ 125] viol   f=  15.278  a=73.4 b=151.2 gap=15.5 (face=3.0mm) n=[50, 220, 761, 171, 362, 789, 684]  tape=2.468km B=7.47T unif=0.412% hoop=386MPa
  [ 126] viol   f=   4.019  a=60.0 b=156.2 gap=18.5 (face=9.0mm) n=[356, 247, 900, 694, 534, 638, 446]  tape=3.156km B=9.34T unif=0.312% hoop=400MPa
  [ 127] viol   f=   3.401  a=62.0 b=120.8 gap=17.4 (face=6.7mm) n=[521, 348, 706, 308, 620, 314, 742]  tape=2.370km B=9.28T unif=0.605% hoop=400MPa
  [ 128] viol   f=  12.192  a=44.2 b=131.0 gap=16.3 (face=4.5mm) n=[115, 76, 627, 659, 69, 437, 174]  tape=1.430km B=7.68T unif=0.315% hoop=205MPa
  [ 129] OK     f=   3.513  a=45.9 b=159.9 gap=15.5 (face=3.1mm) n=[636, 503, 766, 345, 762, 861, 590]  tape=3.513km B=13.52T unif=0.085% hoop=400MPa
  [ 130] viol   f=   3.083  a=49.6 b=148.5 gap=15.8 (face=3.6mm) n=[567, 214, 691, 205, 279, 896, 369]  tape=2.510km B=9.46T unif=0.239% hoop=381MPa
  [ 131] OK     f=   2.175  a=32.8 b=141.6 gap=15.8 (face=3.6mm) n=[625, 79, 695, 412, 165, 765, 439]  tape=2.175km B=12.33T unif=0.145% hoop=244MPa
  [ 132] INFEAS f=1439.185  a=34.1 b=153.9 gap=16.1 (face=4.2mm) n=[695, 407, 623, 167, 687, 883, 703]  no evaluation (geometry pre-check)
  [ 133] viol   f=  38.876  a=82.5 b=147.2 gap=15.6 (face=3.1mm) n=[560, 339, 870, 154, 278, 591, 230]  tape=2.570km B=5.74T unif=0.511% hoop=400MPa
  [ 134] OK     f=   2.203  a=42.5 b=129.0 gap=19.5 (face=11.0mm) n=[592, 124, 855, 592, 88, 352, 702]  tape=2.203km B=10.74T unif=0.301% hoop=289MPa
  [ 135] viol   f=  20.936  a=77.9 b=162.4 gap=16.2 (face=4.5mm) n=[678, 129, 623, 296, 716, 485, 881]  tape=3.358km B=7.04T unif=0.359% hoop=400MPa
  [ 136] viol   f=   2.645  a=52.7 b=156.2 gap=20.1 (face=12.1mm) n=[724, 138, 808, 150, 751, 298, 409]  tape=2.587km B=9.83T unif=0.232% hoop=310MPa
  [ 137] OK     f=   2.733  a=47.6 b=129.5 gap=15.9 (face=3.9mm) n=[897, 293, 804, 530, 161, 718, 634]  tape=2.733km B=13.94T unif=0.528% hoop=384MPa
  [ 138] viol   f=  20.436  a=67.7 b=154.1 gap=18.0 (face=8.1mm) n=[512, 484, 897, 199, 436, 240, 630]  tape=2.870km B=7.04T unif=0.369% hoop=400MPa
  [ 139] OK     f=   2.967  a=50.7 b=152.4 gap=15.6 (face=3.3mm) n=[633, 188, 626, 494, 745, 732, 510]  tape=2.967km B=12.12T unif=0.281% hoop=400MPa
  [ 140] OK     f=   2.370  a=48.6 b=142.6 gap=15.9 (face=3.8mm) n=[896, 90, 439, 82, 313, 889, 520]  tape=2.370km B=10.59T unif=0.335% hoop=318MPa
  [ 141] viol   f=  10.015  a=48.1 b=152.2 gap=21.1 (face=14.3mm) n=[701, 362, 650, 76, 51, 232, 398]  tape=1.884km B=7.98T unif=0.335% hoop=255MPa
  [ 142] viol   f=   1.915  a=45.5 b=89.1 gap=16.5 (face=5.1mm) n=[676, 262, 696, 120, 255, 506, 453]  tape=1.487km B=11.22T unif=1.046% hoop=287MPa
  [ 143] OK     f=   2.647  a=52.1 b=137.8 gap=17.1 (face=6.2mm) n=[864, 227, 870, 458, 228, 500, 503]  tape=2.647km B=11.35T unif=0.426% hoop=400MPa
  [ 144] OK     f=   1.827  a=43.2 b=114.2 gap=17.1 (face=6.2mm) n=[603, 102, 740, 80, 402, 697, 455]  tape=1.827km B=10.80T unif=0.361% hoop=270MPa
  [ 145] viol   f=  17.339  a=47.9 b=149.6 gap=17.8 (face=7.7mm) n=[290, 254, 498, 224, 186, 666, 335]  tape=1.877km B=7.22T unif=0.244% hoop=326MPa
  [ 146] OK     f=   3.218  a=47.1 b=162.5 gap=15.6 (face=3.1mm) n=[570, 92, 807, 654, 453, 551, 871]  tape=3.218km B=12.27T unif=0.178% hoop=400MPa
  [ 147] INFEAS f=23629.098  a=21.1 b=140.7 gap=15.5 (face=3.0mm) n=[517, 288, 296, 504, 461, 863, 404]  no evaluation (geometry pre-check)
  [ 148] INFEAS f=6016.899  a=25.9 b=149.9 gap=15.5 (face=3.0mm) n=[707, 58, 666, 159, 438, 791, 706]  no evaluation (geometry pre-check)
  [ 149] OK     f=   3.367  a=42.1 b=169.0 gap=15.6 (face=3.3mm) n=[687, 308, 811, 613, 396, 891, 366]  tape=3.367km B=13.68T unif=0.092% hoop=381MPa
  [ 150] OK     f=   1.607  a=37.7 b=122.5 gap=18.4 (face=8.8mm) n=[662, 251, 686, 81, 279, 627, 57]  tape=1.607km B=10.37T unif=0.303% hoop=216MPa
  [ 151] viol   f=   2.003  a=45.9 b=106.0 gap=17.8 (face=7.7mm) n=[400, 144, 868, 203, 136, 661, 587]  tape=1.781km B=9.67T unif=0.612% hoop=290MPa
  [ 152] viol   f=  27.927  a=59.5 b=128.2 gap=26.1 (face=24.2mm) n=[434, 353, 849, 57, 523, 172, 72]  tape=1.771km B=6.38T unif=0.425% hoop=321MPa
  [ 153] viol   f=   3.103  a=48.2 b=86.9 gap=15.9 (face=3.8mm) n=[461, 358, 826, 673, 96, 625, 586]  tape=1.842km B=12.78T unif=1.079% hoop=400MPa
  [ 154] INFEAS f=2942.559  a=28.0 b=101.6 gap=20.2 (face=12.4mm) n=[658, 283, 778, 139, 264, 295, 191]  no evaluation (geometry pre-check)
  [ 155] OK     f=   2.381  a=37.9 b=147.2 gap=16.5 (face=5.1mm) n=[333, 155, 747, 853, 135, 679, 360]  tape=2.381km B=11.58T unif=0.408% hoop=273MPa
  [ 156] viol   f=  16.847  a=40.2 b=121.9 gap=28.5 (face=28.9mm) n=[457, 415, 900, 58, 204, 509, 65]  tape=1.711km B=7.25T unif=0.397% hoop=255MPa
  [ 157] viol   f=  44.366  a=50.6 b=121.8 gap=27.5 (face=27.0mm) n=[501, 140, 859, 67, 56, 204, 56]  tape=1.266km B=5.36T unif=0.332% hoop=196MPa
  [ 158] OK     f=   2.149  a=45.7 b=125.2 gap=21.3 (face=14.6mm) n=[780, 124, 843, 297, 189, 492, 530]  tape=2.149km B=10.63T unif=0.366% hoop=283MPa
  [ 159] viol   f=   8.418  a=40.6 b=123.9 gap=25.3 (face=22.7mm) n=[583, 328, 806, 304, 237, 221, 154]  tape=1.738km B=8.17T unif=0.328% hoop=300MPa
  [ 160] OK     f=   2.810  a=64.7 b=117.2 gap=20.3 (face=12.6mm) n=[894, 384, 792, 256, 636, 585, 651]  tape=2.810km B=10.34T unif=0.697% hoop=400MPa
  [ 161] INFEAS f=1148.316  a=28.3 b=111.1 gap=25.9 (face=23.8mm) n=[567, 115, 705, 153, 309, 263, 512]  no evaluation (geometry pre-check)
  [ 162] OK     f=   2.336  a=40.2 b=129.2 gap=15.9 (face=3.8mm) n=[565, 236, 898, 64, 551, 558, 597]  tape=2.336km B=11.84T unif=0.473% hoop=338MPa
  [ 163] viol   f=   5.479  a=60.1 b=109.4 gap=18.5 (face=9.0mm) n=[506, 149, 850, 230, 254, 463, 583]  tape=1.959km B=8.67T unif=0.735% hoop=385MPa
  [ 164] OK     f=   2.563  a=35.5 b=138.2 gap=19.1 (face=10.2mm) n=[778, 526, 597, 332, 178, 727, 685]  tape=2.563km B=14.10T unif=0.715% hoop=301MPa
  [ 165] viol   f=  10.744  a=68.1 b=152.0 gap=16.2 (face=4.4mm) n=[725, 90, 895, 111, 358, 696, 370]  tape=2.667km B=7.99T unif=0.412% hoop=400MPa
  [ 166] INFEAS f=3273.436  a=32.2 b=125.4 gap=23.0 (face=18.0mm) n=[286, 73, 900, 105, 402, 682, 519]  no evaluation (geometry pre-check)
  [ 167] OK     f=   1.785  a=28.7 b=139.9 gap=16.7 (face=5.5mm) n=[411, 157, 580, 414, 340, 352, 440]  tape=1.785km B=10.94T unif=0.312% hoop=219MPa
  [ 168] viol   f=   2.691  a=40.0 b=121.5 gap=25.7 (face=23.5mm) n=[397, 149, 881, 75, 312, 786, 688]  tape=2.074km B=9.44T unif=0.441% hoop=229MPa
  [ 169] OK     f=   2.233  a=58.7 b=101.0 gap=15.7 (face=3.3mm) n=[898, 290, 538, 263, 201, 863, 735]  tape=2.233km B=11.58T unif=0.951% hoop=400MPa
  [ 170] viol   f=   2.655  a=63.8 b=128.6 gap=16.5 (face=5.0mm) n=[833, 225, 579, 321, 216, 786, 741]  tape=2.604km B=9.84T unif=0.561% hoop=400MPa
  [ 171] OK     f=   2.196  a=51.7 b=102.7 gap=15.6 (face=3.2mm) n=[638, 175, 745, 472, 125, 759, 890]  tape=2.196km B=12.00T unif=0.696% hoop=400MPa
  [ 172] INFEAS f=1153.770  a=35.6 b=141.8 gap=16.3 (face=4.5mm) n=[822, 173, 900, 626, 419, 362, 731]  no evaluation (geometry pre-check)
  [ 173] viol   f=   1.926  a=39.2 b=136.3 gap=15.6 (face=3.1mm) n=[433, 171, 635, 220, 334, 603, 326]  tape=1.840km B=9.79T unif=0.150% hoop=285MPa
  [ 174] viol   f=   6.168  a=52.8 b=130.4 gap=15.7 (face=3.4mm) n=[774, 76, 286, 411, 410, 875, 450]  tape=2.315km B=8.61T unif=0.438% hoop=400MPa
  [ 175] OK     f=   2.164  a=46.1 b=110.3 gap=15.7 (face=3.4mm) n=[686, 52, 897, 440, 143, 707, 704]  tape=2.164km B=12.47T unif=0.405% hoop=345MPa
  [ 176] viol   f=   3.224  a=51.3 b=127.0 gap=17.6 (face=7.2mm) n=[791, 140, 525, 315, 141, 430, 599]  tape=2.013km B=9.22T unif=0.521% hoop=333MPa
  [ 177] INFEAS f=11428.484  a=27.1 b=137.6 gap=15.5 (face=3.1mm) n=[469, 95, 598, 605, 192, 900, 653]  no evaluation (geometry pre-check)
  [ 178] INFEAS f=26001.239  a=21.7 b=99.9 gap=17.7 (face=7.4mm) n=[681, 102, 900, 232, 393, 639, 500]  no evaluation (geometry pre-check)
  [ 179] viol   f=   2.087  a=41.9 b=133.9 gap=15.6 (face=3.2mm) n=[698, 193, 257, 230, 111, 708, 823]  tape=2.060km B=9.88T unif=0.260% hoop=309MPa
  [ 180] OK     f=   1.984  a=40.5 b=123.0 gap=15.6 (face=3.1mm) n=[753, 240, 530, 109, 306, 577, 626]  tape=1.984km B=11.72T unif=0.461% hoop=295MPa
  [ 181] OK     f=   2.397  a=44.7 b=132.9 gap=15.6 (face=3.2mm) n=[323, 332, 689, 291, 343, 826, 664]  tape=2.397km B=10.40T unif=0.266% hoop=400MPa
  [ 182] viol   f=  38.345  a=32.6 b=146.8 gap=15.7 (face=3.3mm) n=[689, 182, 368, 280, 299, 326, 390]  tape=1.835km B=10.66T unif=1.427% hoop=286MPa
  [ 183] viol   f=  18.694  a=46.9 b=143.7 gap=16.0 (face=4.0mm) n=[441, 195, 273, 274, 56, 515, 743]  tape=1.857km B=7.10T unif=0.245% hoop=400MPa
  [ 184] viol   f=   2.439  a=52.8 b=125.6 gap=15.8 (face=3.5mm) n=[335, 410, 856, 100, 170, 762, 529]  tape=2.158km B=9.62T unif=0.402% hoop=390MPa
  [ 185] OK     f=   2.156  a=39.7 b=131.8 gap=16.2 (face=4.5mm) n=[698, 335, 577, 261, 100, 802, 439]  tape=2.156km B=11.37T unif=0.334% hoop=312MPa
  [ 186] OK     f=   2.268  a=38.5 b=138.8 gap=16.1 (face=4.1mm) n=[384, 562, 373, 159, 176, 839, 738]  tape=2.268km B=10.33T unif=0.283% hoop=323MPa
  [ 187] OK     f=   1.908  a=45.5 b=120.8 gap=16.0 (face=4.1mm) n=[660, 54, 682, 253, 150, 718, 580]  tape=1.908km B=10.86T unif=0.439% hoop=284MPa
  [ 188] OK     f=   2.287  a=38.4 b=140.7 gap=16.7 (face=5.5mm) n=[706, 197, 294, 84, 422, 890, 605]  tape=2.287km B=10.36T unif=0.249% hoop=280MPa
  [ 189] INFEAS f=1317.616  a=26.5 b=124.0 gap=15.7 (face=3.3mm) n=[556, 187, 511, 183, 164, 671, 550]  no evaluation (geometry pre-check)
  [ 190] OK     f=   2.457  a=40.0 b=133.4 gap=15.6 (face=3.2mm) n=[614, 173, 551, 367, 334, 886, 623]  tape=2.457km B=11.45T unif=0.236% hoop=360MPa
  [ 191] viol   f=   3.243  a=53.0 b=156.3 gap=15.7 (face=3.4mm) n=[561, 285, 698, 604, 161, 878, 324]  tape=2.839km B=9.55T unif=0.251% hoop=400MPa
  [ 192] OK     f=   2.153  a=48.2 b=122.1 gap=15.7 (face=3.5mm) n=[611, 202, 756, 146, 96, 891, 591]  tape=2.153km B=10.43T unif=0.405% hoop=337MPa
  [ 193] viol   f=   3.896  a=42.8 b=141.5 gap=16.1 (face=4.2mm) n=[500, 82, 414, 148, 199, 797, 851]  tape=2.149km B=9.07T unif=0.428% hoop=302MPa
  [ 194] OK     f=   1.961  a=53.7 b=111.9 gap=16.1 (face=4.1mm) n=[890, 73, 873, 89, 163, 686, 417]  tape=1.961km B=10.90T unif=0.774% hoop=316MPa
  [ 195] OK     f=   1.964  a=35.6 b=142.0 gap=15.6 (face=3.3mm) n=[716, 184, 393, 64, 111, 831, 483]  tape=1.964km B=10.06T unif=0.254% hoop=242MPa
  [ 196] viol   f=   3.445  a=35.9 b=150.2 gap=15.7 (face=3.3mm) n=[716, 55, 148, 113, 158, 642, 864]  tape=1.981km B=9.14T unif=0.165% hoop=204MPa
  [ 197] OK     f=   1.990  a=40.6 b=109.8 gap=15.5 (face=3.0mm) n=[580, 138, 519, 221, 293, 830, 841]  tape=1.990km B=11.42T unif=0.458% hoop=318MPa
  [ 198] INFEAS f=11016.058  a=27.0 b=140.5 gap=16.1 (face=4.1mm) n=[722, 131, 237, 124, 193, 892, 748]  no evaluation (geometry pre-check)
  [ 199] viol   f=   9.717  a=37.2 b=150.7 gap=16.0 (face=4.0mm) n=[504, 134, 449, 360, 113, 890, 101]  tape=1.956km B=8.03T unif=0.173% hoop=289MPa
  [ 200] OK     f=   2.267  a=47.1 b=133.0 gap=15.7 (face=3.3mm) n=[900, 93, 352, 130, 356, 781, 630]  tape=2.267km B=10.92T unif=0.452% hoop=310MPa
  [ 201] OK     f=   1.920  a=36.9 b=117.4 gap=18.0 (face=8.1mm) n=[628, 174, 538, 142, 375, 828, 429]  tape=1.920km B=10.52T unif=0.353% hoop=270MPa
  [ 202] OK     f=   2.280  a=54.6 b=118.6 gap=16.2 (face=4.3mm) n=[880, 123, 523, 116, 426, 740, 682]  tape=2.280km B=10.86T unif=0.629% hoop=381MPa
  [ 203] INFEAS f=4023.504  a=30.5 b=115.9 gap=16.2 (face=4.4mm) n=[528, 81, 309, 333, 66, 872, 527]  no evaluation (geometry pre-check)
  [ 204] viol   f=   7.131  a=61.5 b=96.5 gap=15.5 (face=3.1mm) n=[797, 160, 511, 71, 299, 831, 259]  tape=1.696km B=9.17T unif=1.142% hoop=362MPa
  [ 205] OK     f=   2.009  a=50.4 b=107.6 gap=15.9 (face=3.8mm) n=[852, 197, 696, 90, 251, 617, 666]  tape=2.009km B=11.48T unif=0.770% hoop=332MPa
  [ 206] OK     f=   1.891  a=46.0 b=104.1 gap=15.5 (face=3.1mm) n=[715, 238, 791, 187, 151, 780, 518]  tape=1.891km B=12.24T unif=0.640% hoop=307MPa
  [ 207] OK     f=   2.549  a=56.8 b=122.2 gap=15.5 (face=3.0mm) n=[900, 164, 806, 324, 222, 786, 614]  tape=2.549km B=11.96T unif=0.645% hoop=398MPa
  [ 208] viol   f=20873.717  a=36.0 b=149.8 gap=15.5 (face=3.0mm) n=[876, 167, 654, 83, 260, 797, 703]  tape=2.571km B=13.70T unif=11.215% hoop=280MPa
  [ 209] OK     f=   2.360  a=48.5 b=118.9 gap=16.0 (face=4.0mm) n=[646, 456, 822, 255, 410, 895, 174]  tape=2.360km B=11.81T unif=0.445% hoop=400MPa
  [ 210] OK     f=   2.132  a=47.4 b=113.5 gap=15.5 (face=3.0mm) n=[737, 75, 739, 307, 354, 899, 321]  tape=2.132km B=11.43T unif=0.531% hoop=346MPa
  [ 211] OK     f=   2.089  a=51.8 b=110.1 gap=16.6 (face=5.3mm) n=[900, 324, 593, 297, 157, 655, 382]  tape=2.089km B=10.82T unif=0.769% hoop=386MPa
  [ 212] viol   f=   3.885  a=53.7 b=81.5 gap=21.3 (face=14.6mm) n=[655, 166, 656, 223, 404, 598, 614]  tape=1.567km B=11.28T unif=1.108% hoop=311MPa
  [ 213] INFEAS f=2458.733  a=33.1 b=103.4 gap=16.1 (face=4.2mm) n=[705, 72, 900, 156, 171, 688, 207]  no evaluation (geometry pre-check)
  [ 214] viol   f=   2.065  a=41.0 b=105.6 gap=16.0 (face=4.0mm) n=[894, 254, 668, 241, 269, 613, 425]  tape=1.974km B=13.06T unif=1.021% hoop=347MPa
  [ 215] OK     f=   2.321  a=45.8 b=126.2 gap=16.1 (face=4.3mm) n=[780, 140, 682, 240, 279, 855, 542]  tape=2.321km B=11.85T unif=0.415% hoop=326MPa
  [ 216] viol   f=   5.457  a=48.4 b=104.1 gap=18.2 (face=8.4mm) n=[499, 126, 336, 152, 447, 518, 693]  tape=1.595km B=8.61T unif=0.591% hoop=301MPa
  [ 217] INFEAS f=1643.712  a=31.8 b=96.1 gap=20.6 (face=13.1mm) n=[833, 102, 451, 65, 207, 742, 782]  no evaluation (geometry pre-check)
  [ 218] OK     f=   1.530  a=38.2 b=101.1 gap=15.6 (face=3.2mm) n=[597, 64, 635, 381, 74, 647, 592]  tape=1.530km B=11.84T unif=0.495% hoop=243MPa
  [ 219] OK     f=   1.761  a=32.8 b=118.5 gap=15.8 (face=3.7mm) n=[652, 311, 616, 181, 59, 662, 597]  tape=1.761km B=12.96T unif=0.638% hoop=239MPa
  [ 220] OK     f=   1.863  a=48.1 b=118.4 gap=16.2 (face=4.3mm) n=[764, 248, 626, 265, 168, 734, 161]  tape=1.863km B=10.33T unif=0.599% hoop=313MPa
  [ 221] OK     f=   2.907  a=49.6 b=148.6 gap=17.9 (face=7.7mm) n=[728, 371, 450, 132, 670, 856, 630]  tape=2.907km B=11.41T unif=0.259% hoop=397MPa
  [ 222] INFEAS f=1036.830  a=32.8 b=133.6 gap=15.8 (face=3.7mm) n=[716, 217, 399, 178, 351, 810, 268]  no evaluation (geometry pre-check)
  [ 223] OK     f=   2.015  a=40.3 b=132.2 gap=18.6 (face=9.2mm) n=[779, 125, 525, 121, 360, 465, 606]  tape=2.015km B=10.48T unif=0.270% hoop=267MPa
  [ 224] INFEAS f=5874.432  a=28.0 b=106.3 gap=15.7 (face=3.4mm) n=[842, 331, 795, 89, 215, 611, 731]  no evaluation (geometry pre-check)
  [ 225] OK     f=   1.735  a=49.5 b=101.7 gap=15.5 (face=3.0mm) n=[629, 50, 838, 125, 140, 648, 632]  tape=1.735km B=10.46T unif=0.704% hoop=320MPa
  [ 226] viol   f=  25.316  a=36.0 b=93.8 gap=15.6 (face=3.2mm) n=[753, 241, 770, 120, 357, 542, 637]  tape=1.699km B=14.43T unif=1.344% hoop=264MPa
  [ 227] OK     f=   1.833  a=39.7 b=101.6 gap=15.6 (face=3.1mm) n=[751, 464, 640, 105, 223, 551, 700]  tape=1.833km B=13.72T unif=0.611% hoop=315MPa
  [ 228] OK     f=   1.183  a=30.7 b=98.9 gap=15.5 (face=3.0mm) n=[584, 125, 685, 81, 50, 460, 338]  tape=1.183km B=10.34T unif=0.310% hoop=181MPa
  [ 229] viol   f=   5.277  a=42.5 b=123.4 gap=15.5 (face=3.0mm) n=[381, 304, 713, 122, 173, 453, 363]  tape=1.638km B=8.65T unif=0.337% hoop=318MPa
  [ 230] viol   f=   1.772  a=39.8 b=121.0 gap=20.4 (face=12.8mm) n=[767, 332, 591, 166, 180, 238, 515]  tape=1.771km B=9.97T unif=0.262% hoop=264MPa
  [ 231] viol   f=   5.363  a=46.0 b=86.0 gap=15.6 (face=3.2mm) n=[646, 326, 702, 209, 95, 408, 677]  tape=1.483km B=11.59T unif=1.139% hoop=318MPa
  [ 232] INFEAS f=2681.892  a=32.8 b=100.6 gap=15.6 (face=3.2mm) n=[898, 124, 759, 151, 340, 523, 564]  no evaluation (geometry pre-check)
  [ 233] OK     f=   2.018  a=48.5 b=115.9 gap=15.5 (face=3.0mm) n=[790, 96, 673, 386, 118, 618, 584]  tape=2.018km B=11.33T unif=0.657% hoop=329MPa
  [ 234] OK     f=   1.437  a=38.4 b=81.5 gap=16.9 (face=5.8mm) n=[564, 316, 791, 232, 96, 506, 539]  tape=1.437km B=11.70T unif=0.825% hoop=283MPa
  [ 235] INFEAS f=2350.395  a=31.4 b=102.2 gap=15.7 (face=3.4mm) n=[356, 298, 850, 492, 182, 218, 549]  no evaluation (geometry pre-check)
  [ 236] OK     f=   1.472  a=37.1 b=110.5 gap=15.6 (face=3.1mm) n=[625, 199, 622, 88, 211, 697, 160]  tape=1.472km B=10.44T unif=0.488% hoop=228MPa
  [ 237] viol   f=2132.141  a=30.9 b=91.3 gap=15.5 (face=3.1mm) n=[682, 140, 535, 239, 117, 616, 331]  tape=1.273km B=12.08T unif=4.264% hoop=209MPa
  [ 238] INFEAS f=4794.362  a=30.7 b=118.7 gap=15.7 (face=3.3mm) n=[459, 144, 894, 196, 185, 630, 304]  no evaluation (geometry pre-check)
  [ 239] viol   f=   1.583  a=32.6 b=129.0 gap=16.8 (face=5.5mm) n=[492, 226, 590, 348, 127, 234, 382]  tape=1.519km B=9.82T unif=0.353% hoop=218MPa
  [ 240] OK     f=   1.491  a=37.6 b=98.2 gap=16.0 (face=3.9mm) n=[580, 69, 762, 203, 397, 353, 406]  tape=1.491km B=10.70T unif=0.757% hoop=282MPa
  [ 241] viol   f=   2.297  a=31.5 b=87.4 gap=17.9 (face=7.8mm) n=[666, 80, 703, 194, 378, 581, 230]  tape=1.306km B=12.30T unif=1.070% hoop=202MPa
  [ 242] viol   f=  25.455  a=41.3 b=88.0 gap=15.8 (face=3.7mm) n=[422, 172, 900, 524, 56, 744, 589]  tape=1.725km B=12.35T unif=1.344% hoop=324MPa
  [ 243] INFEAS f=4406.337  a=22.2 b=105.3 gap=16.4 (face=4.7mm) n=[573, 102, 660, 208, 52, 399, 509]  no evaluation (geometry pre-check)
  [ 244] viol   f=  37.697  a=49.6 b=80.2 gap=15.8 (face=3.5mm) n=[762, 189, 885, 177, 51, 683, 562]  tape=1.604km B=12.36T unif=1.425% hoop=320MPa
  [ 245] viol   f=   1.710  a=29.8 b=107.2 gap=15.6 (face=3.2mm) n=[474, 185, 661, 278, 132, 611, 659]  tape=1.581km B=11.92T unif=1.025% hoop=219MPa
  [ 246] viol   f=   3.442  a=47.9 b=112.5 gap=18.8 (face=9.6mm) n=[436, 268, 889, 192, 96, 867, 83]  tape=1.739km B=9.08T unif=0.583% hoop=302MPa
  [ 247] INFEAS f=26927.764  a=20.9 b=80.2 gap=15.6 (face=3.2mm) n=[437, 148, 886, 419, 97, 738, 176]  no evaluation (geometry pre-check)
  [ 248] viol   f=  10.828  a=41.1 b=77.2 gap=16.2 (face=4.4mm) n=[481, 93, 899, 145, 551, 593, 263]  tape=1.436km B=11.23T unif=1.217% hoop=288MPa
  [ 249] viol   f=   6.140  a=39.2 b=119.4 gap=18.3 (face=8.6mm) n=[457, 88, 817, 112, 62, 382, 606]  tape=1.584km B=8.49T unif=0.353% hoop=237MPa
  [ 250] OK     f=   2.029  a=38.3 b=107.4 gap=15.5 (face=3.1mm) n=[793, 338, 527, 367, 272, 770, 512]  tape=2.029km B=13.92T unif=0.786% hoop=345MPa
  [ 251] OK     f=   1.445  a=30.3 b=117.8 gap=16.7 (face=5.5mm) n=[571, 188, 483, 110, 230, 548, 402]  tape=1.445km B=10.88T unif=0.407% hoop=182MPa
  [ 252] INFEAS f=1003.075  a=22.8 b=111.8 gap=15.6 (face=3.1mm) n=[532, 459, 416, 211, 114, 291, 399]  no evaluation (geometry pre-check)
  [ 253] INFEAS f=2418.914  a=32.6 b=105.4 gap=17.0 (face=6.0mm) n=[383, 551, 734, 150, 91, 885, 751]  no evaluation (geometry pre-check)
  [ 254] INFEAS f=2233.447  a=26.9 b=127.8 gap=15.6 (face=3.2mm) n=[675, 131, 501, 215, 114, 725, 569]  no evaluation (geometry pre-check)
  [ 255] viol   f=   1.971  a=37.1 b=137.4 gap=15.9 (face=3.8mm) n=[565, 162, 472, 365, 74, 745, 449]  tape=1.949km B=9.89T unif=0.247% hoop=278MPa
  [ 256] OK     f=   1.642  a=35.3 b=121.8 gap=15.5 (face=3.1mm) n=[580, 260, 748, 140, 59, 536, 320]  tape=1.642km B=10.47T unif=0.305% hoop=243MPa
  [ 257] INFEAS f=1829.953  a=28.2 b=125.2 gap=15.5 (face=3.0mm) n=[563, 234, 745, 238, 198, 743, 689]  no evaluation (geometry pre-check)
  [ 258] INFEAS f=2884.948  a=29.1 b=113.9 gap=16.5 (face=5.0mm) n=[416, 179, 753, 111, 178, 806, 561]  no evaluation (geometry pre-check)
  [ 259] INFEAS f=1297.501  a=32.9 b=113.8 gap=15.6 (face=3.3mm) n=[218, 63, 842, 224, 61, 733, 685]  no evaluation (geometry pre-check)
  [ 260] OK     f=   1.916  a=44.7 b=108.2 gap=16.1 (face=4.2mm) n=[487, 169, 798, 170, 163, 847, 649]  tape=1.916km B=10.92T unif=0.567% hoop=310MPa
  [ 261] viol   f=   4.737  a=29.3 b=128.8 gap=17.7 (face=7.3mm) n=[547, 50, 368, 229, 107, 418, 318]  tape=1.265km B=8.68T unif=0.554% hoop=164MPa
  [ 262] viol   f=   1.658  a=39.1 b=122.4 gap=16.0 (face=4.0mm) n=[673, 277, 397, 118, 78, 686, 388]  tape=1.625km B=9.87T unif=0.452% hoop=257MPa
  [ 263] viol   f=   2.087  a=39.8 b=105.2 gap=15.6 (face=3.2mm) n=[484, 233, 669, 118, 195, 447, 357]  tape=1.413km B=9.42T unif=0.491% hoop=264MPa
  [ 264] OK     f=   1.512  a=39.2 b=117.1 gap=15.5 (face=3.1mm) n=[580, 224, 560, 321, 95, 502, 283]  tape=1.512km B=10.24T unif=0.550% hoop=250MPa
  [ 265] viol   f=   1.865  a=35.5 b=106.9 gap=15.9 (face=3.8mm) n=[543, 300, 777, 199, 84, 635, 378]  tape=1.644km B=11.21T unif=1.033% hoop=268MPa
  [ 266] OK     f=   1.531  a=38.7 b=98.1 gap=15.5 (face=3.0mm) n=[625, 445, 535, 314, 175, 415, 443]  tape=1.531km B=12.18T unif=0.825% hoop=311MPa
  [ 267] INFEAS f=2298.754  a=26.8 b=109.6 gap=15.6 (face=3.2mm) n=[622, 531, 596, 187, 332, 288, 727]  no evaluation (geometry pre-check)
  [ 268] OK     f=   2.337  a=38.6 b=137.1 gap=16.5 (face=5.0mm) n=[637, 158, 797, 129, 186, 864, 652]  tape=2.337km B=11.79T unif=0.487% hoop=270MPa
  [ 269] OK     f=   1.913  a=38.8 b=117.7 gap=16.3 (face=4.6mm) n=[661, 595, 469, 346, 91, 495, 588]  tape=1.913km B=12.96T unif=0.450% hoop=299MPa
  [ 270] viol   f=   2.058  a=43.7 b=115.5 gap=17.4 (face=6.9mm) n=[588, 230, 473, 369, 77, 404, 541]  tape=1.590km B=9.52T unif=0.524% hoop=284MPa
  [ 271] OK     f=   1.959  a=41.1 b=130.4 gap=17.1 (face=6.1mm) n=[695, 162, 592, 258, 397, 649, 232]  tape=1.959km B=10.98T unif=0.383% hoop=275MPa
  [ 272] OK     f=   1.559  a=40.8 b=102.8 gap=15.9 (face=3.7mm) n=[566, 291, 749, 167, 142, 569, 298]  tape=1.559km B=10.41T unif=0.490% hoop=286MPa
  [ 273] OK     f=   1.711  a=38.7 b=102.3 gap=15.9 (face=3.7mm) n=[597, 427, 660, 266, 217, 508, 536]  tape=1.711km B=12.74T unif=0.590% hoop=313MPa
  [ 274] OK     f=   1.596  a=38.9 b=108.6 gap=16.5 (face=5.0mm) n=[553, 328, 547, 150, 281, 558, 527]  tape=1.596km B=11.46T unif=0.481% hoop=265MPa
  [ 275] OK     f=   1.951  a=49.8 b=106.2 gap=16.1 (face=4.2mm) n=[782, 403, 810, 236, 99, 338, 673]  tape=1.951km B=11.72T unif=0.770% hoop=358MPa
  [ 276] viol   f=   2.824  a=39.8 b=93.8 gap=16.1 (face=4.3mm) n=[614, 278, 430, 63, 195, 417, 282]  tape=1.171km B=9.09T unif=0.933% hoop=249MPa
  [ 277] viol   f=   1.581  a=42.6 b=106.6 gap=15.8 (face=3.5mm) n=[734, 406, 380, 330, 134, 392, 256]  tape=1.552km B=9.88T unif=0.805% hoop=368MPa
  [ 278] OK     f=   1.809  a=47.3 b=110.5 gap=15.5 (face=3.0mm) n=[538, 311, 852, 54, 52, 710, 472]  tape=1.809km B=10.12T unif=0.514% hoop=329MPa
  [ 279] OK     f=   1.594  a=27.5 b=116.7 gap=16.0 (face=3.9mm) n=[555, 566, 512, 311, 55, 475, 427]  tape=1.594km B=14.55T unif=0.445% hoop=200MPa
  [ 280] OK     f=   1.829  a=42.4 b=122.4 gap=15.6 (face=3.3mm) n=[725, 318, 531, 249, 104, 707, 263]  tape=1.829km B=10.74T unif=0.522% hoop=301MPa  [a=41 b=115 nt=2557] KSP converged reason: 4, iterations: 1
  [a=39 b=138 nt=1815] KSP converged reason: 4, iterations: 1
  [a=51 b=111 nt=2719] KSP converged reason: 4, iterations: 1
  [a=64 b=128 nt=2441] KSP converged reason: 4, iterations: 1
  [a=36 b=120 nt=2643] KSP converged reason: 4, iterations: 1
  [a=45 b=138 nt=2496] KSP converged reason: 4, iterations: 1
  [a=38 b=90 nt=3100] KSP converged reason: 4, iterations: 1
  [a=53 b=65 nt=3552] KSP converged reason: 4, iterations: 1
  [a=41 b=89 nt=3368] KSP converged reason: 4, iterations: 1
  [a=56 b=107 nt=2984] KSP converged reason: 4, iterations: 1
  [a=46 b=107 nt=3160] KSP converged reason: 4, iterations: 1
  [a=60 b=102 nt=3606] KSP converged reason: 4, iterations: 1
  [a=41 b=141 nt=3029] KSP converged reason: 4, iterations: 1
  [a=66 b=113 nt=2997] KSP converged reason: 4, iterations: 1
  [a=44 b=131 nt=2157] KSP converged reason: 4, iterations: 1
  [a=46 b=160 nt=4463] KSP converged reason: 4, iterations: 1
  [a=53 b=156 nt=3278] KSP converged reason: 4, iterations: 1
  [a=48 b=152 nt=2470] KSP converged reason: 4, iterations: 1
  [a=38 b=122 nt=2643] KSP converged reason: 4, iterations: 1
  [a=38 b=147 nt=3262] KSP converged reason: 4, iterations: 1
  [a=40 b=129 nt=3469] KSP converged reason: 4, iterations: 1
  [a=42 b=134 nt=3020] KSP converged reason: 4, iterations: 1
  [a=40 b=123 nt=3141] KSP converged reason: 4, iterations: 1
  [a=39 b=139 nt=3231] KSP converged reason: 4, iterations: 1
  [a=53 b=156 nt=3511] KSP converged reason: 4, iterations: 1
  [a=61 b=96 nt=2928] KSP converged reason: 4, iterations: 1
  [a=36 b=150 nt=3540] KSP converged reason: 4, iterations: 1
  [a=38 b=101 nt=2990] KSP converged reason: 4, iterations: 1
  [a=49 b=102 nt=3062] KSP converged reason: 4, iterations: 1
  [a=40 b=121 nt=2789] KSP converged reason: 4, iterations: 1
  [a=37 b=110 nt=2602] KSP converged reason: 4, iterations: 1
  [a=41 b=88 nt=3407] KSP converged reason: 4, iterations: 1
  [a=37 b=137 nt=2832] KSP converged reason: 4, iterations: 1
  [a=35 b=107 nt=2916] KSP converged reason: 4, iterations: 1
  [a=39 b=137 nt=3423] KSP converged reason: 4, iterations: 1
  [a=39 b=109 nt=2944] KSP converged reason: 4, iterations: 1
  [a=37 b=129 nt=2635] KSP converged reason: 4, iterations: 1
  [a=42 b=101 nt=2401] KSP converged reason: 4, iterations: 1
  [a=28 b=117 nt=2373] KSP converged reason: 4, iterations: 1
  [a=44 b=170 nt=2640] KSP converged reason: 4, iterations: 1
  [a=57 b=124 nt=3008] KSP converged reason: 4, iterations: 1
  [a=64 b=120 nt=2459] KSP converged reason: 4, iterations: 1
  [a=60 b=139 nt=2942] KSP converged reason: 4, iterations: 1
  [a=38 b=143 nt=1952] KSP converged reason: 4, iterations: 1
  [a=57 b=117 nt=2331] KSP converged reason: 4, iterations: 1
  [a=40 b=112 nt=3251] KSP converged reason: 4, iterations: 1
  [a=43 b=124 nt=3484] KSP converged reason: 4, iterations: 1
  [a=59 b=94 nt=2902] KSP converged reason: 4, iterations: 1
  [a=71 b=93 nt=2504] KSP converged reason: 4, iterations: 1
  [a=59 b=166 nt=3471] KSP converged reason: 4, iterations: 1
  [a=58 b=149 nt=3179] KSP converged reason: 4, iterations: 1
  [a=71 b=145 nt=3689] KSP converged reason: 4, iterations: 1
  [a=59 b=129 nt=3522] KSP converged reason: 4, iterations: 1
  [a=71 b=135 nt=3121] KSP converged reason: 4, iterations: 1
  [a=60 b=156 nt=3815] KSP converged reason: 4, iterations: 1
  [a=48 b=130 nt=4037] KSP converged reason: 4, iterations: 1
  [a=45 b=89 nt=2968] KSP converged reason: 4, iterations: 1
  [a=42 b=169 nt=4072] KSP converged reason: 4, iterations: 1
  [a=40 b=122 nt=2608] KSP converged reason: 4, iterations: 1
  [a=41 b=124 nt=2633] KSP converged reason: 4, iterations: 1
  [a=68 b=152 nt=3245] KSP converged reason: 4, iterations: 1
  [a=52 b=103 nt=3804] KSP converged reason: 4, iterations: 1
  [a=53 b=126 nt=3162] KSP converged reason: 4, iterations: 1
  [a=38 b=141 nt=3198] KSP converged reason: 4, iterations: 1
  [a=54 b=112 nt=3191] KSP converged reason: 4, iterations: 1
  [a=47 b=133 nt=3242] KSP converged reason: 4, iterations: 1
  [a=57 b=122 nt=3816] KSP converged reason: 4, iterations: 1
  [a=46 b=126 nt=3518] KSP converged reason: 4, iterations: 1
  [a=40 b=132 nt=2981] KSP converged reason: 4, iterations: 1
  [a=33 b=129 nt=2399] KSP converged reason: 4, iterations: 1
  [a=30 b=107 nt=3000] KSP converged reason: 4, iterations: 1
  [a=39 b=122 nt=2617] KSP converged reason: 4, iterations: 1
  [a=44 b=115 nt=2682] KSP converged reason: 4, iterations: 1
  [a=50 b=106 nt=3341] KSP converged reason: 4, iterations: 1
  [a=27 b=117 nt=2901] KSP converged reason: 4, iterations: 1
  [a=37 b=118 nt=2873] KSP converged reason: 4, iterations: 1
  [a=38 b=105 nt=2681] KSP converged reason: 4, iterations: 1
  [a=41 b=119 nt=2574] KSP converged reason: 4, iterations: 1
  [a=40 b=128 nt=3757] KSP converged reason: 4, iterations: 1
  [a=69 b=119 nt=2626] KSP converged reason: 4, iterations: 1
  [a=43 b=112 nt=2051] KSP converged reason: 4, iterations: 1
  [a=35 b=103 nt=1993] KSP converged reason: 4, iterations: 1
  [a=51 b=121 nt=1721] KSP converged reason: 4, iterations: 1
  [a=53 b=99 nt=2420] KSP converged reason: 4, iterations: 1
  [a=32 b=114 nt=3411] KSP converged reason: 4, iterations: 1
  [a=47 b=102 nt=2881] KSP converged reason: 4, iterations: 1
  [a=42 b=97 nt=3564] KSP converged reason: 4, iterations: 1
  [a=65 b=110 nt=3839] KSP converged reason: 4, iterations: 1
  [a=60 b=109 nt=3716] KSP converged reason: 4, iterations: 1
  [a=65 b=112 nt=2796] KSP converged reason: 4, iterations: 1
  [a=61 b=160 nt=3621] KSP converged reason: 4, iterations: 1
  [a=39 b=155 nt=3086] KSP converged reason: 4, iterations: 1
  [a=89 b=138 nt=2551] KSP converged reason: 4, iterations: 1
  [a=50 b=149 nt=3221] KSP converged reason: 4, iterations: 1
  [a=78 b=162 nt=3808] KSP converged reason: 4, iterations: 1
  [a=52 b=138 nt=3650] KSP converged reason: 4, iterations: 1
  [a=48 b=87 nt=3625] KSP converged reason: 4, iterations: 1
  [a=60 b=109 nt=3035] KSP converged reason: 4, iterations: 1
  [a=59 b=101 nt=3788] KSP converged reason: 4, iterations: 1
  [a=46 b=110 nt=3629] KSP converged reason: 4, iterations: 1
  [a=47 b=144 nt=2497] KSP converged reason: 4, iterations: 1
  [a=46 b=121 nt=3097] KSP converged reason: 4, iterations: 1
  [a=36 b=142 nt=2782] KSP converged reason: 4, iterations: 1
  [a=41 b=110 nt=3422] KSP converged reason: 4, iterations: 1
  [a=46 b=104 nt=3380] KSP converged reason: 4, iterations: 1
  [a=54 b=81 nt=3316] KSP converged reason: 4, iterations: 1
  [a=40 b=102 nt=3434] KSP converged reason: 4, iterations: 1
  [a=49 b=116 nt=3265] KSP converged reason: 4, iterations: 1
  [a=48 b=113 nt=2831] KSP converged reason: 4, iterations: 1
  [a=38 b=107 nt=3579] KSP converged reason: 4, iterations: 1
  [a=45 b=108 nt=3283] KSP converged reason: 4, iterations: 1
  [a=39 b=117 nt=2565] KSP converged reason: 4, iterations: 1
  [a=39 b=102 nt=3211] KSP converged reason: 4, iterations: 1
  [a=45 b=126 nt=2711] KSP converged reason: 4, iterations: 1
  [a=31 b=110 nt=3265] KSP converged reason: 4, iterations: 1
  [a=43 b=100 nt=2762] KSP converged reason: 4, iterations: 1
  [a=42 b=103 nt=3301] KSP converged reason: 4, iterations: 1
  [a=46 b=94 nt=2766] KSP converged reason: 4, iterations: 1
  [a=40 b=120 nt=2086] KSP converged reason: 4, iterations: 1
  [a=43 b=111 nt=3022] KSP converged reason: 4, iterations: 1
  [a=56 b=103 nt=2356] KSP converged reason: 4, iterations: 1
  [a=65 b=107 nt=3228] KSP converged reason: 4, iterations: 1
  [a=61 b=91 nt=2397] KSP converged reason: 4, iterations: 1
  [a=60 b=151 nt=3048] KSP converged reason: 4, iterations: 1
  [a=66 b=136 nt=2883] KSP converged reason: 4, iterations: 1
  [a=48 b=126 nt=3088] KSP converged reason: 4, iterations: 1
  [a=55 b=121 nt=2585] KSP converged reason: 4, iterations: 1
  [a=40 b=128 nt=2507] KSP converged reason: 4, iterations: 1
  [a=42 b=120 nt=2532] KSP converged reason: 4, iterations: 1
  [a=39 b=109 nt=3569] KSP converged reason: 4, iterations: 1
  [a=67 b=80 nt=3677] KSP converged reason: 4, iterations: 1
  [a=35 b=118 nt=3570] KSP converged reason: 4, iterations: 1
  [a=37 b=150 nt=2676] KSP converged reason: 4, iterations: 1
  [a=53 b=120 nt=3462] KSP converged reason: 4, iterations: 1
  [a=95 b=147 nt=4171] KSP converged reason: 4, iterations: 1
  [a=62 b=121 nt=3559] KSP converged reason: 4, iterations: 1
  [a=82 b=147 nt=3022] KSP converged reason: 4, iterations: 1
  [a=68 b=154 nt=3398] KSP converged reason: 4, iterations: 1
  [a=48 b=150 nt=2453] KSP converged reason: 4, iterations: 1
  [a=60 b=128 nt=2460] KSP converged reason: 4, iterations: 1
  [a=65 b=117 nt=4198] KSP converged reason: 4, iterations: 1
  [a=40 b=121 nt=3288] KSP converged reason: 4, iterations: 1
  [a=64 b=129 nt=3701] KSP converged reason: 4, iterations: 1
  [a=51 b=127 nt=2941] KSP converged reason: 4, iterations: 1
  [a=45 b=133 nt=3468] KSP converged reason: 4, iterations: 1
  [a=48 b=122 nt=3293] KSP converged reason: 4, iterations: 1
  [a=55 b=119 nt=3490] KSP converged reason: 4, iterations: 1
  [a=47 b=114 nt=3432] KSP converged reason: 4, iterations: 1
  [a=41 b=106 nt=3364] KSP converged reason: 4, iterations: 1
  [a=50 b=149 nt=3837] KSP converged reason: 4, iterations: 1
  [a=38 b=81 nt=3044] KSP converged reason: 4, iterations: 1
  [a=32 b=87 nt=2832] KSP converged reason: 4, iterations: 1
  [a=35 b=122 nt=2643] KSP converged reason: 4, iterations: 1
  [a=40 b=105 nt=2503] KSP converged reason: 4, iterations: 1
  [a=39 b=118 nt=3245] KSP converged reason: 4, iterations: 1
  [a=40 b=94 nt=2279] KSP converged reason: 4, iterations: 1
  [a=43 b=107 nt=2632] KSP converged reason: 4, iterations: 1
  [a=41 b=94 nt=3237] KSP converged reason: 4, iterations: 1
  [a=32 b=126 nt=2725] KSP converged reason: 4, iterations: 1
  [a=33 b=91 nt=2765] KSP converged reason: 4, iterations: 1
  [a=35 b=76 nt=3409] KSP converged reason: 4, iterations: 1
  [a=38 b=111 nt=2472] KSP converged reason: 4, iterations: 1
  [a=42 b=83 nt=2437] KSP converged reason: 4, iterations: 1
  [a=54 b=114 nt=1871] KSP converged reason: 4, iterations: 1
  [a=41 b=117 nt=2452] KSP converged reason: 4, iterations: 1
  [a=32 b=109 nt=1848] KSP converged reason: 4, iterations: 1
  [a=56 b=102 nt=2738] KSP converged reason: 4, iterations: 1
  [a=35 b=128 nt=2752] KSP converged reason: 4, iterations: 1
  [a=51 b=110 nt=3151] KSP converged reason: 4, iterations: 1
  [a=29 b=99 nt=3263] KSP converged reason: 4, iterations: 1
  [a=66 b=108 nt=3850] KSP converged reason: 4, iterations: 1
  [a=47 b=119 nt=4092] KSP converged reason: 4, iterations: 1
  [a=67 b=122 nt=3033] KSP converged reason: 4, iterations: 1
  [a=63 b=139 nt=3499] KSP converged reason: 4, iterations: 1
  [a=47 b=148 nt=3236] KSP converged reason: 4, iterations: 1
  [a=38 b=137 nt=3435] KSP converged reason: 4, iterations: 1
  [a=60 b=126 nt=3242] KSP converged reason: 4, iterations: 1
  [a=46 b=149 nt=3228] KSP converged reason: 4, iterations: 1
  [a=42 b=129 nt=3305] KSP converged reason: 4, iterations: 1
  [a=51 b=152 nt=3928] KSP converged reason: 4, iterations: 1
  [a=47 b=162 nt=3998] KSP converged reason: 4, iterations: 1
  [a=51 b=122 nt=1883] KSP converged reason: 4, iterations: 1
  [a=46 b=125 nt=3255] KSP converged reason: 4, iterations: 1
  [a=29 b=140 nt=2694] KSP converged reason: 4, iterations: 1
  [a=53 b=130 nt=3282] KSP converged reason: 4, iterations: 1
  [a=33 b=147 nt=2534] KSP converged reason: 4, iterations: 1
  [a=40 b=133 nt=3548] KSP converged reason: 4, iterations: 1
  [a=36 b=150 nt=2696] KSP converged reason: 4, iterations: 1
  [a=37 b=151 nt=2551] KSP converged reason: 4, iterations: 1
  [a=50 b=108 nt=3369] KSP converged reason: 4, iterations: 1
  [a=52 b=110 nt=3308] KSP converged reason: 4, iterations: 1
  [a=48 b=118 nt=2966] KSP converged reason: 4, iterations: 1
  [a=36 b=94 nt=3420] KSP converged reason: 4, iterations: 1
  [a=46 b=86 nt=3063] KSP converged reason: 4, iterations: 1
  [a=50 b=80 nt=3309] KSP converged reason: 4, iterations: 1
  [a=30 b=118 nt=2532] KSP converged reason: 4, iterations: 1
  [a=39 b=98 nt=2952] KSP converged reason: 4, iterations: 1
  [a=41 b=103 nt=2782] KSP converged reason: 4, iterations: 1
  [a=47 b=111 nt=2989] KSP converged reason: 4, iterations: 1
  [a=42 b=112 nt=2933] KSP converged reason: 4, iterations: 1
  [a=43 b=110 nt=2821] KSP converged reason: 4, iterations: 1
  [a=37 b=127 nt=3060] KSP converged reason: 4, iterations: 1
  [a=41 b=101 nt=2497] KSP converged reason: 4, iterations: 1
  [a=47 b=90 nt=2223] KSP converged reason: 4, iterations: 1
  [a=48 b=161 nt=2748] KSP converged reason: 4, iterations: 1
  [a=47 b=122 nt=3091] KSP converged reason: 4, iterations: 1
  [a=35 b=136 nt=2672] KSP converged reason: 4, iterations: 1
  [a=38 b=165 nt=2817] KSP converged reason: 4, iterations: 1
  [a=66 b=127 nt=2329] KSP converged reason: 4, iterations: 1
  [a=54 b=86 nt=3701] KSP converged reason: 4, iterations: 1
  [a=51 b=132 nt=3695] KSP converged reason: 4, iterations: 1
  [a=37 b=115 nt=3679] KSP converged reason: 4, iterations: 1
  [a=67 b=111 nt=4675] KSP converged reason: 4, iterations: 1
  [a=28 b=99 nt=3225] KSP converged reason: 4, iterations: 1
  [a=43 b=98 nt=4170] KSP converged reason: 4, iterations: 1
  [a=63 b=157 nt=3411] KSP converged reason: 4, iterations: 1
  [a=46 b=137 nt=2331] KSP converged reason: 4, iterations: 1
  [a=37 b=87 nt=3216] KSP converged reason: 4, iterations: 1
  [a=73 b=151 nt=3037] KSP converged reason: 4, iterations: 1
  [a=33 b=142 nt=3180] KSP converged reason: 4, iterations: 1
  [a=49 b=143 nt=3229] KSP converged reason: 4, iterations: 1
  [a=43 b=114 nt=3079] KSP converged reason: 4, iterations: 1
  [a=46 b=106 nt=2999] KSP converged reason: 4, iterations: 1
  [a=36 b=138 nt=3823] KSP converged reason: 4, iterations: 1
  [a=39 b=136 nt=2722] KSP converged reason: 4, iterations: 1
  [a=40 b=132 nt=3212] KSP converged reason: 4, iterations: 1
  [a=43 b=142 nt=2991] KSP converged reason: 4, iterations: 1
  [a=37 b=117 nt=3114] KSP converged reason: 4, iterations: 1
  [a=49 b=119 nt=3658] KSP converged reason: 4, iterations: 1
  [a=48 b=104 nt=2771] KSP converged reason: 4, iterations: 1
  [a=33 b=118 nt=3078] KSP converged reason: 4, iterations: 1
  [a=31 b=99 nt=2323] KSP converged reason: 4, iterations: 1
  [a=43 b=123 nt=2509] KSP converged reason: 4, iterations: 1
  [a=31 b=91 nt=2660] KSP converged reason: 4, iterations: 1
  [a=38 b=98 nt=2770] KSP converged reason: 4, iterations: 1
  [a=41 b=77 nt=3025] KSP converged reason: 4, iterations: 1
  [a=39 b=119 nt=2524] KSP converged reason: 4, iterations: 1
  [a=29 b=129 nt=2037] KSP converged reason: 4, iterations: 1
  [a=41 b=130 nt=2985] KSP converged reason: 4, iterations: 1
  [a=42 b=122 nt=2897] KSP converged reason: 4, iterations: 1
  [a=42 b=99 nt=2645] KSP converged reason: 4, iterations: 1
  [a=44 b=115 nt=3070] KSP converged reason: 4, iterations: 1
  [a=42 b=109 nt=2661] KSP converged reason: 4, iterations: 1
  [a=46 b=103 nt=2407] KSP converged reason: 4, iterations: 1
  [a=41 b=88 nt=2783] KSP converged reason: 4, iterations: 1
  [a=38 b=97 nt=2645] KSP converged reason: 4, iterations: 1

  [ 281] viol   f=   2.228  a=44.7 b=126.2 gap=15.5 (face=3.1mm) n=[589, 337, 767, 350, 72, 410, 186]  tape=1.810km B=9.54T unif=0.434% hoop=329MPa
  [ 282] OK     f=   1.674  a=36.6 b=129.4 gap=16.4 (face=4.7mm) n=[597, 359, 235, 562, 218, 518, 146]  tape=1.674km B=10.63T unif=0.290% hoop=258MPa
  [ 283] OK     f=   1.693  a=41.1 b=93.5 gap=15.5 (face=3.1mm) n=[351, 665, 776, 198, 287, 438, 522]  tape=1.693km B=12.40T unif=0.719% hoop=330MPa
  [ 284] OK     f=   1.755  a=41.5 b=112.3 gap=15.7 (face=3.4mm) n=[570, 366, 474, 117, 130, 762, 514]  tape=1.755km B=10.05T unif=0.479% hoop=324MPa
  [ 285] OK     f=   1.456  a=41.6 b=99.2 gap=15.5 (face=3.0mm) n=[743, 366, 570, 375, 206, 335, 50]  tape=1.456km B=10.64T unif=0.947% hoop=319MPa
  [ 286] OK     f=   1.678  a=37.3 b=118.3 gap=15.6 (face=3.1mm) n=[615, 508, 564, 130, 117, 623, 316]  tape=1.678km B=12.04T unif=0.453% hoop=259MPa
  [ 287] OK     f=   1.941  a=44.3 b=114.6 gap=17.7 (face=7.5mm) n=[871, 404, 697, 276, 209, 371, 242]  tape=1.941km B=11.10T unif=0.459% hoop=335MPa
  [ 288] OK     f=   1.787  a=31.1 b=109.8 gap=16.2 (face=4.4mm) n=[469, 644, 684, 489, 149, 484, 346]  tape=1.787km B=14.77T unif=0.700% hoop=266MPa
  [ 289] viol   f=   1.639  a=42.9 b=109.9 gap=16.3 (face=4.6mm) n=[549, 329, 666, 59, 51, 742, 425]  tape=1.635km B=9.96T unif=0.484% hoop=285MPa
  [ 290] OK     f=   1.672  a=32.0 b=126.4 gap=17.0 (face=6.0mm) n=[238, 615, 516, 159, 247, 608, 342]  tape=1.672km B=11.09T unif=0.441% hoop=217MPa
  [ 291] OK     f=   1.430  a=38.1 b=105.3 gap=15.5 (face=3.0mm) n=[633, 604, 512, 118, 90, 583, 141]  tape=1.430km B=11.80T unif=0.743% hoop=247MPa
  [ 292] viol   f=   1.472  a=41.6 b=101.1 gap=15.5 (face=3.1mm) n=[514, 462, 450, 124, 110, 414, 327]  tape=1.257km B=9.67T unif=0.830% hoop=276MPa
  [ 293] viol   f=   1.901  a=42.1 b=108.9 gap=15.5 (face=3.0mm) n=[815, 389, 387, 296, 291, 355, 128]  tape=1.624km B=9.63T unif=0.729% hoop=400MPa
  [ 294] INFEAS f=1153.856  a=25.6 b=93.1 gap=16.8 (face=5.6mm) n=[519, 633, 445, 452, 278, 269, 128]  no evaluation (geometry pre-check)
  [ 295] OK     f=   1.490  a=42.6 b=100.3 gap=15.5 (face=3.1mm) n=[472, 494, 634, 366, 70, 398, 328]  tape=1.490km B=10.58T unif=0.775% hoop=337MPa
  [ 296] OK     f=   1.303  a=32.9 b=91.4 gap=15.6 (face=3.3mm) n=[448, 485, 489, 51, 58, 652, 582]  tape=1.303km B=11.22T unif=0.553% hoop=245MPa
  [ 297] OK     f=   2.030  a=36.9 b=126.9 gap=16.9 (face=5.9mm) n=[368, 319, 739, 419, 158, 896, 161]  tape=2.030km B=10.11T unif=0.443% hoop=321MPa
  [ 298] viol   f=   3.003  a=46.3 b=103.4 gap=15.7 (face=3.4mm) n=[664, 362, 558, 457, 66, 137, 163]  tape=1.358km B=9.09T unif=0.914% hoop=305MPa
  [ 299] INFEAS f=1167.206  a=30.7 b=97.9 gap=15.9 (face=3.9mm) n=[771, 523, 387, 119, 54, 354, 329]  no evaluation (geometry pre-check)
  [ 300] INFEAS f=1200.064  a=28.8 b=113.5 gap=15.6 (face=3.1mm) n=[446, 391, 395, 208, 63, 725, 247]  no evaluation (geometry pre-check)
  [ 301] viol   f=   3.732  a=41.5 b=100.7 gap=15.8 (face=3.7mm) n=[434, 196, 496, 102, 303, 627, 339]  tape=1.356km B=8.91T unif=0.623% hoop=281MPa
  [ 302] viol   f= 248.914  a=34.6 b=76.0 gap=16.3 (face=4.6mm) n=[734, 374, 640, 349, 188, 749, 375]  tape=1.448km B=14.81T unif=2.112% hoop=289MPa
  [ 303] OK     f=   1.520  a=41.1 b=118.6 gap=15.6 (face=3.1mm) n=[553, 473, 556, 144, 63, 472, 313]  tape=1.520km B=10.31T unif=0.581% hoop=266MPa
  [ 304] OK     f=   1.823  a=41.9 b=102.6 gap=15.5 (face=3.0mm) n=[732, 623, 502, 557, 175, 354, 358]  tape=1.823km B=13.25T unif=0.847% hoop=363MPa
  [ 305] OK     f=   1.328  a=28.3 b=117.1 gap=16.0 (face=4.0mm) n=[452, 507, 212, 56, 85, 568, 493]  tape=1.328km B=10.16T unif=0.126% hoop=175MPa
  [ 306] viol   f=   4.271  a=41.4 b=87.6 gap=15.5 (face=3.0mm) n=[548, 495, 457, 232, 255, 335, 461]  tape=1.315km B=11.43T unif=1.122% hoop=299MPa
  [ 307] viol   f=   2.208  a=38.5 b=110.9 gap=15.5 (face=3.0mm) n=[330, 433, 489, 119, 94, 452, 555]  tape=1.385km B=9.36T unif=0.470% hoop=263MPa
  [ 308] viol   f=   9.067  a=46.6 b=90.3 gap=15.9 (face=3.9mm) n=[398, 466, 456, 166, 72, 269, 396]  tape=1.085km B=8.54T unif=1.136% hoop=295MPa
  [ 309] viol   f=   1.475  a=46.2 b=94.0 gap=15.5 (face=3.0mm) n=[266, 477, 673, 189, 53, 485, 623]  tape=1.437km B=9.86T unif=0.829% hoop=301MPa
  [ 310] OK     f=   1.329  a=38.1 b=96.9 gap=16.1 (face=4.3mm) n=[456, 527, 595, 78, 79, 617, 293]  tape=1.329km B=10.81T unif=0.667% hoop=262MPa

==========================================================================================
CMA-ES finished: 310 evaluations in 9.3 min
==========================================================================================

Best feasible design found:
  a_mm             30.729274581118883
  b_mm             98.90411675938942
  gap_mm           15.508016898586884
  face_gap_mm      3.0160337971737694
  n_turns          [584, 125, 685, 81, 50, 460, 338]
  n_total          2323
  tape_km          1.1834211704059965
  B_target_T       10.336211851894939
  uniformity_pct   0.3098054841830027
  hoop_MPa         180.92158105895788
  delam_MPa        11.804044582037124
  I_quench_A       405.9170778617864
  I_op_A           223.27672049603214
  binding          quench/SF
  clip_frac        0.1356139279169212

Full evaluation history -> optimize/cmaes_history.csv
Best design            -> optimize/cmaes_results.csv
Appended 310 rows to cumulative master log -> optimize/cmaes_all_evaluations.csv

Figures -> /home/gerrityjack/fenicsx/Racetrack-Coil-Optimization/visualization/cmaes_convergence.png, cmaes_constraints.png, cmaes_variables.png, cmaes_overview.png
Cumulative parameter-space map -> visualization/cmaes_param_map.png (19050 evaluations, 61 runs)
