Starting CMA-ES: 10 variables, budget 300 evaluations, target B >= 10.0 T, uniformity <= 1.0%, hoop <= 400 MPa, coil-coil face gap >= 3 mm

Parallel mode: 6 worker processes per generation.
  [   1] INFEAS f=6018.963  a=30.0 b=89.7 gap=38.4 (face=48.9mm) n=[874, 867, 769, 899, 891, 397, 53]  no evaluation (geometry pre-check)
  [   2] INFEAS f=16383.530  a=23.1 b=134.9 gap=44.5 (face=61.0mm) n=[740, 555, 156, 766, 850, 753, 350]  no evaluation (geometry pre-check)
  [   3] OK     f=   2.972  a=41.7 b=126.1 gap=37.8 (face=47.6mm) n=[620, 710, 682, 853, 899, 887, 80]  tape=2.972km B=10.93T unif=0.439% hoop=275MPa
  [   4] INFEAS f=342682.451  a=-15.5 b=149.1 gap=40.8 (face=53.6mm) n=[195, 758, 622, 900, 878, 845, 196]  no evaluation (geometry pre-check)
  [   5] INFEAS f=95527.541  a=7.4 b=111.6 gap=44.9 (face=61.8mm) n=[266, 651, 896, 832, 856, 690, 433]  no evaluation (geometry pre-check)
  [   6] INFEAS f=49542.847  a=15.8 b=94.3 gap=40.5 (face=52.9mm) n=[665, 831, 764, 646, 900, 604, 284]  no evaluation (geometry pre-check)
  [   7] viol   f=   8.625  a=52.9 b=147.1 gap=42.4 (face=56.9mm) n=[529, 413, 654, 848, 796, 663, 144]  tape=3.045km B=8.33T unif=0.269% hoop=309MPa
  [   8] viol   f=  11.366  a=82.1 b=101.1 gap=44.8 (face=61.6mm) n=[387, 799, 691, 896, 478, 735, 55]  tape=2.576km B=7.90T unif=0.187% hoop=400MPa
  [   9] viol   f=  11.371  a=55.5 b=153.7 gap=44.9 (face=61.9mm) n=[386, 708, 625, 694, 776, 619, 182]  tape=3.090km B=7.97T unif=0.258% hoop=326MPa
  [  10] INFEAS f=23776.342  a=22.4 b=144.9 gap=44.8 (face=61.6mm) n=[868, 731, 899, 322, 770, 302, 477]  no evaluation (geometry pre-check)
  [  11] viol   f=  13.466  a=32.9 b=108.8 gap=39.7 (face=51.5mm) n=[379, 443, 442, 556, 786, 582, 215]  tape=1.931km B=7.60T unif=0.403% hoop=256MPa
  [  12] viol   f=   2.917  a=63.6 b=120.6 gap=31.1 (face=34.3mm) n=[676, 482, 690, 889, 511, 703, 219]  tape=2.841km B=9.81T unif=0.450% hoop=400MPa
  [  13] viol   f=   4.816  a=47.8 b=140.4 gap=36.3 (face=44.6mm) n=[392, 422, 730, 821, 630, 896, 62]  tape=2.840km B=9.01T unif=0.321% hoop=333MPa
  [  14] INFEAS f=2154.286  a=94.1 b=93.7 gap=42.4 (face=56.8mm) n=[663, 873, 601, 840, 677, 897, 299]  no evaluation (geometry pre-check)
  [  15] viol   f=  11.950  a=58.9 b=120.9 gap=42.7 (face=57.3mm) n=[729, 210, 388, 741, 899, 480, 311]  tape=2.550km B=7.83T unif=0.288% hoop=320MPa
  [  16] viol   f=   3.136  a=51.3 b=130.3 gap=41.1 (face=54.2mm) n=[411, 701, 894, 900, 681, 835, 152]  tape=3.076km B=9.83T unif=0.355% hoop=308MPa
  [  17] viol   f=  12.905  a=58.0 b=146.7 gap=44.9 (face=61.7mm) n=[666, 637, 879, 581, 91, 785, 223]  tape=2.956km B=7.77T unif=0.245% hoop=333MPa
  [  18] viol   f=   9.805  a=76.7 b=141.7 gap=35.6 (face=43.2mm) n=[441, 730, 673, 813, 672, 869, 265]  tape=3.490km B=8.22T unif=0.335% hoop=400MPa
  [  19] viol   f=   4.353  a=54.6 b=116.3 gap=40.5 (face=53.0mm) n=[338, 803, 292, 722, 846, 792, 353]  tape=2.604km B=9.06T unif=0.330% hoop=291MPa
  [  20] viol   f=   2.912  a=61.1 b=109.0 gap=39.3 (face=50.7mm) n=[651, 473, 616, 721, 895, 683, 441]  tape=2.815km B=9.78T unif=0.323% hoop=400MPa
  [  21] viol   f=  16.041  a=45.5 b=138.2 gap=42.1 (face=56.2mm) n=[407, 164, 654, 891, 622, 638, 226]  tape=2.590km B=7.41T unif=0.307% hoop=265MPa
  [  22] viol   f=  25.594  a=37.1 b=105.7 gap=43.3 (face=58.7mm) n=[433, 286, 170, 663, 870, 847, 64]  tape=1.852km B=6.55T unif=0.346% hoop=187MPa
  [  23] viol   f=   2.725  a=48.2 b=102.9 gap=32.1 (face=36.1mm) n=[350, 214, 895, 739, 596, 452, 402]  tape=2.146km B=9.46T unif=0.531% hoop=321MPa
  [  24] viol   f=   2.585  a=81.1 b=94.6 gap=29.8 (face=31.7mm) n=[851, 199, 882, 700, 888, 667, 163]  tape=2.585km B=10.00T unif=0.847% hoop=400MPa
  [  25] viol   f=   8.839  a=51.7 b=120.4 gap=34.5 (face=40.9mm) n=[405, 115, 522, 659, 660, 765, 305]  tape=2.206km B=8.18T unif=0.347% hoop=308MPa
  [  26] OK     f=   3.056  a=48.0 b=128.7 gap=31.0 (face=34.0mm) n=[550, 518, 827, 844, 599, 896, 339]  tape=3.056km B=11.61T unif=0.335% hoop=365MPa
  [  27] OK     f=   2.530  a=50.0 b=113.9 gap=31.0 (face=34.0mm) n=[463, 698, 891, 813, 851, 302, 129]  tape=2.530km B=11.13T unif=0.433% hoop=310MPa
  [  28] viol   f=   8.356  a=74.3 b=112.6 gap=40.9 (face=53.9mm) n=[843, 552, 565, 833, 576, 885, 353]  tape=3.046km B=8.37T unif=0.328% hoop=400MPa
  [  29] viol   f=   8.936  a=84.9 b=118.1 gap=32.8 (face=37.7mm) n=[721, 740, 749, 776, 835, 821, 227]  tape=3.341km B=8.33T unif=0.568% hoop=400MPa
  [  30] viol   f=   4.219  a=48.7 b=151.9 gap=30.3 (face=32.6mm) n=[633, 431, 499, 433, 631, 616, 171]  tape=2.532km B=9.08T unif=0.201% hoop=311MPa
  [  31] OK     f=   2.535  a=44.2 b=98.9 gap=20.6 (face=13.2mm) n=[363, 895, 853, 799, 843, 849, 242]  tape=2.535km B=17.46T unif=0.741% hoop=351MPa
  [  32] INFEAS f=12676.278  a=25.5 b=135.9 gap=32.2 (face=36.5mm) n=[723, 469, 874, 695, 606, 266, 91]  no evaluation (geometry pre-check)
  [  33] OK     f=   2.483  a=60.6 b=88.6 gap=41.0 (face=54.0mm) n=[135, 858, 900, 757, 812, 893, 431]  tape=2.483km B=10.86T unif=0.250% hoop=358MPa
  [  34] viol   f=   4.783  a=60.6 b=128.8 gap=32.4 (face=36.7mm) n=[609, 255, 660, 747, 859, 489, 174]  tape=2.673km B=8.97T unif=0.332% hoop=355MPa
  [  35] viol   f=   4.965  a=65.1 b=93.1 gap=22.0 (face=16.1mm) n=[444, 117, 820, 617, 542, 133, 345]  tape=1.756km B=8.80T unif=1.040% hoop=393MPa
  [  36] viol   f=  21.993  a=71.3 b=118.6 gap=38.9 (face=49.8mm) n=[633, 123, 610, 467, 896, 110, 439]  tape=2.306km B=6.86T unif=0.351% hoop=367MPa
  [  37] viol   f=   2.809  a=46.0 b=120.0 gap=40.1 (face=52.3mm) n=[705, 572, 488, 724, 729, 806, 227]  tape=2.630km B=9.70T unif=0.366% hoop=285MPa
  [  38] viol   f=   8.363  a=88.2 b=112.6 gap=31.6 (face=35.3mm) n=[270, 866, 900, 697, 869, 460, 98]  tape=2.864km B=8.34T unif=0.690% hoop=400MPa
  [  39] viol   f=   9.597  a=82.6 b=99.4 gap=29.8 (face=31.5mm) n=[719, 184, 881, 365, 737, 190, 223]  tape=2.126km B=8.07T unif=0.857% hoop=400MPa
  [  40] viol   f=   3.577  a=53.7 b=135.2 gap=32.7 (face=37.4mm) n=[126, 626, 742, 896, 871, 516, 116]  tape=2.745km B=9.36T unif=0.317% hoop=308MPa
  [  41] INFEAS f=73533.241  a=7.8 b=112.3 gap=36.8 (face=45.6mm) n=[388, 788, 793, 700, 710, 808, 367]  no evaluation (geometry pre-check)
  [  42] OK     f=   2.367  a=53.4 b=99.9 gap=26.4 (face=24.7mm) n=[89, 850, 651, 738, 565, 682, 654]  tape=2.367km B=12.06T unif=0.577% hoop=365MPa
  [  43] OK     f=   2.195  a=57.5 b=91.0 gap=28.5 (face=29.0mm) n=[367, 434, 779, 899, 621, 778, 142]  tape=2.195km B=10.95T unif=0.584% hoop=364MPa
  [  44] OK     f=   2.999  a=66.8 b=117.6 gap=38.8 (face=49.6mm) n=[878, 885, 742, 458, 885, 675, 93]  tape=2.999km B=10.61T unif=0.387% hoop=395MPa
  [  45] INFEAS f=1021.403  a=74.3 b=78.6 gap=36.1 (face=44.2mm) n=[567, 508, 807, 726, 560, 762, 90]  no evaluation (geometry pre-check)
  [  46] INFEAS f=5890.549  a=36.2 b=30.2 gap=27.4 (face=26.7mm) n=[153, 790, 807, 716, 766, 517, 829]  no evaluation (geometry pre-check)
  [  47] INFEAS f=1226.477  a=35.2 b=59.5 gap=35.2 (face=42.5mm) n=[260, 501, 648, 898, 712, 766, 470]  no evaluation (geometry pre-check)
  [  48] OK     f=   2.502  a=38.2 b=113.4 gap=35.5 (face=43.0mm) n=[488, 388, 856, 678, 900, 754, 198]  tape=2.502km B=10.12T unif=0.447% hoop=261MPa
  [  49] viol   f=   8.212  a=55.1 b=107.1 gap=34.7 (face=41.4mm) n=[68, 884, 757, 225, 458, 722, 216]  tape=2.024km B=8.24T unif=0.447% hoop=268MPa
  [  50] viol   f=   2.830  a=52.5 b=104.2 gap=40.8 (face=53.6mm) n=[199, 720, 796, 855, 406, 706, 596]  tape=2.465km B=9.57T unif=0.294% hoop=303MPa
  [  51] INFEAS f=1038.792  a=34.8 b=88.5 gap=24.5 (face=20.9mm) n=[374, 633, 647, 865, 829, 259, 594]  no evaluation (geometry pre-check)
  [  52] viol   f=  21.069  a=31.3 b=72.7 gap=42.9 (face=57.8mm) n=[237, 556, 632, 602, 258, 623, 316]  tape=1.252km B=6.85T unif=0.872% hoop=169MPa
  [  53] INFEAS f=1606.848  a=32.2 b=94.9 gap=29.8 (face=31.7mm) n=[418, 820, 748, 611, 311, 841, 314]  no evaluation (geometry pre-check)
  [  54] viol   f=   6.384  a=79.9 b=130.9 gap=19.7 (face=11.3mm) n=[718, 559, 758, 534, 805, 796, 524]  tape=3.440km B=8.79T unif=0.631% hoop=400MPa
  [  55] INFEAS f=40571.624  a=17.1 b=68.7 gap=43.2 (face=58.3mm) n=[290, 805, 764, 880, 361, 380, 313]  no evaluation (geometry pre-check)
  [  56] OK     f=   1.999  a=41.5 b=84.1 gap=22.2 (face=16.3mm) n=[449, 747, 845, 818, 294, 784, 339]  tape=1.999km B=15.40T unif=0.958% hoop=322MPa
  [  57] OK     f=   2.004  a=57.2 b=88.8 gap=26.7 (face=25.5mm) n=[349, 767, 532, 671, 445, 569, 435]  tape=2.004km B=10.96T unif=0.815% hoop=387MPa
  [  58] OK     f=   2.600  a=56.2 b=95.2 gap=19.5 (face=11.0mm) n=[403, 833, 868, 867, 702, 673, 460]  tape=2.600km B=14.78T unif=0.979% hoop=400MPa
  [  59] OK     f=   2.318  a=56.7 b=90.4 gap=38.9 (face=49.8mm) n=[333, 870, 777, 753, 894, 584, 168]  tape=2.318km B=10.59T unif=0.235% hoop=325MPa
  [  60] OK     f=   1.894  a=49.7 b=81.9 gap=28.0 (face=28.1mm) n=[114, 893, 566, 535, 854, 574, 300]  tape=1.894km B=11.34T unif=0.542% hoop=330MPa
  [  61] viol   f=   3.525  a=58.4 b=93.9 gap=18.7 (face=9.3mm) n=[757, 878, 894, 817, 112, 676, 898]  tape=2.664km B=15.01T unif=1.066% hoop=400MPa
  [  62] INFEAS f=28054.186  a=19.3 b=85.8 gap=33.3 (face=38.5mm) n=[373, 850, 757, 549, 645, 744, 498]  no evaluation (geometry pre-check)
  [  63] INFEAS f=6701.480  a=28.6 b=95.0 gap=32.0 (face=36.1mm) n=[292, 545, 781, 873, 436, 809, 499]  no evaluation (geometry pre-check)
  [  64] viol   f=  21.731  a=100.9 b=106.9 gap=39.6 (face=51.1mm) n=[740, 870, 673, 424, 584, 718, 174]  tape=2.944km B=6.94T unif=0.556% hoop=400MPa
  [  65] viol   f=   2.030  a=58.4 b=69.7 gap=19.8 (face=11.5mm) n=[119, 444, 884, 537, 461, 763, 136]  tape=1.582km B=11.24T unif=1.047% hoop=388MPa
  [  66] viol   f=  17.365  a=54.1 b=62.7 gap=22.7 (face=17.4mm) n=[230, 742, 795, 528, 85, 702, 65]  tape=1.292km B=11.79T unif=1.283% hoop=298MPa
  [  67] viol   f=1294.517  a=40.8 b=51.1 gap=32.8 (face=37.7mm) n=[444, 807, 898, 744, 797, 891, 230]  tape=1.579km B=13.87T unif=3.543% hoop=256MPa
  [  68] viol   f=   2.728  a=57.3 b=83.1 gap=41.4 (face=54.7mm) n=[799, 519, 563, 888, 262, 623, 300]  tape=2.056km B=9.42T unif=0.111% hoop=361MPa
  [  69] INFEAS f=195203.060  a=-4.5 b=81.7 gap=31.9 (face=35.8mm) n=[258, 896, 801, 827, 559, 695, 63]  no evaluation (geometry pre-check)
  [  70] OK     f=   1.745  a=53.8 b=72.4 gap=26.0 (face=24.1mm) n=[633, 853, 175, 620, 435, 858, 233]  tape=1.745km B=12.35T unif=0.659% hoop=347MPa
  [  71] INFEAS f=3422.349  a=31.4 b=66.7 gap=23.8 (face=19.7mm) n=[545, 804, 855, 468, 366, 883, 290]  no evaluation (geometry pre-check)
  [  72] viol   f=  25.791  a=62.8 b=109.0 gap=34.0 (face=40.0mm) n=[660, 270, 327, 331, 343, 801, 351]  tape=1.989km B=6.55T unif=0.429% hoop=400MPa
  [  73] INFEAS f=207435.579  a=-9.0 b=94.1 gap=26.3 (face=24.6mm) n=[272, 297, 400, 785, 335, 632, 136]  no evaluation (geometry pre-check)
  [  74] viol   f=  10.490  a=66.0 b=90.0 gap=37.2 (face=46.4mm) n=[186, 700, 609, 624, 287, 849, 89]  tape=1.882km B=7.93T unif=0.310% hoop=393MPa
  [  75] OK     f=   2.634  a=47.3 b=106.4 gap=27.2 (face=26.3mm) n=[798, 714, 657, 798, 467, 900, 240]  tape=2.634km B=13.43T unif=0.452% hoop=350MPa
  [  76] viol   f=   1.487  a=36.4 b=57.2 gap=31.4 (face=34.8mm) n=[535, 699, 815, 884, 86, 609, 530]  tape=1.485km B=12.69T unif=1.003% hoop=229MPa
  [  77] OK     f=   2.584  a=44.7 b=106.5 gap=41.5 (face=55.0mm) n=[564, 900, 900, 898, 261, 817, 283]  tape=2.584km B=10.27T unif=0.454% hoop=258MPa
  [  78] INFEAS f=1309.239  a=86.1 b=88.3 gap=28.3 (face=28.6mm) n=[91, 898, 872, 261, 363, 645, 311]  no evaluation (geometry pre-check)
  [  79] INFEAS f=8206.913  a=21.1 b=83.4 gap=37.0 (face=46.0mm) n=[697, 632, 522, 477, 68, 606, 78]  no evaluation (geometry pre-check)
  [  80] OK     f=   2.021  a=47.1 b=92.9 gap=22.5 (face=17.0mm) n=[394, 493, 842, 535, 673, 682, 178]  tape=2.021km B=12.28T unif=0.691% hoop=378MPa
  [  81] viol   f=   4.046  a=36.7 b=70.1 gap=45.0 (face=62.0mm) n=[460, 858, 899, 839, 395, 541, 291]  tape=1.762km B=9.04T unif=1.048% hoop=251MPa
  [  82] INFEAS f=1729.269  a=45.6 b=46.3 gap=30.0 (face=32.0mm) n=[498, 705, 777, 647, 412, 894, 539]  no evaluation (geometry pre-check)
  [  83] INFEAS f=2807.585  a=32.7 b=59.9 gap=28.6 (face=29.1mm) n=[812, 843, 899, 897, 336, 695, 275]  no evaluation (geometry pre-check)
  [  84] OK     f=   1.848  a=49.2 b=68.0 gap=33.3 (face=38.6mm) n=[285, 887, 734, 775, 299, 855, 503]  tape=1.848km B=12.26T unif=0.404% hoop=281MPa
  [  85] INFEAS f=28545.647  a=21.0 b=67.4 gap=31.2 (face=34.5mm) n=[416, 777, 899, 727, 400, 764, 591]  no evaluation (geometry pre-check)
  [  86] INFEAS f=45280.148  a=16.3 b=83.6 gap=30.1 (face=32.1mm) n=[550, 552, 887, 723, 233, 635, 404]  no evaluation (geometry pre-check)
  [  87] viol   f=   3.781  a=32.8 b=72.6 gap=21.4 (face=14.8mm) n=[190, 617, 537, 402, 229, 492, 130]  tape=1.049km B=10.85T unif=1.117% hoop=202MPa
  [  88] OK     f=   1.941  a=52.8 b=86.1 gap=25.9 (face=23.9mm) n=[754, 883, 473, 688, 119, 472, 332]  tape=1.941km B=12.02T unif=0.980% hoop=360MPa
  [  89] OK     f=   2.385  a=44.8 b=88.2 gap=44.3 (face=60.6mm) n=[847, 719, 851, 648, 688, 851, 371]  tape=2.385km B=10.91T unif=0.325% hoop=286MPa
  [  90] OK     f=   2.846  a=38.3 b=117.3 gap=40.9 (face=53.8mm) n=[613, 767, 881, 766, 471, 549, 712]  tape=2.846km B=10.54T unif=0.448% hoop=273MPa
  [  91] OK     f=   2.302  a=41.2 b=84.4 gap=37.4 (face=46.7mm) n=[723, 850, 677, 726, 337, 709, 897]  tape=2.302km B=12.32T unif=0.420% hoop=277MPa
  [  92] viol   f=  12.051  a=51.3 b=71.3 gap=18.5 (face=9.0mm) n=[375, 463, 750, 640, 359, 803, 207]  tape=1.622km B=12.92T unif=1.228% hoop=396MPa
  [  93] OK     f=   1.622  a=36.7 b=77.6 gap=24.5 (face=20.9mm) n=[87, 638, 615, 619, 204, 844, 679]  tape=1.622km B=11.77T unif=0.697% hoop=239MPa
  [  94] OK     f=   1.967  a=45.4 b=77.5 gap=35.4 (face=42.8mm) n=[900, 888, 880, 783, 155, 889, 83]  tape=1.967km B=13.03T unif=0.337% hoop=251MPa
  [  95] viol   f=1310.233  a=41.7 b=47.4 gap=33.0 (face=38.0mm) n=[292, 584, 877, 797, 116, 670, 115]  tape=1.152km B=10.38T unif=3.558% hoop=197MPa
  [  96] INFEAS f=49518.468  a=15.6 b=110.7 gap=36.3 (face=44.6mm) n=[892, 544, 798, 792, 391, 624, 559]  no evaluation (geometry pre-check)
  [  97] INFEAS f=2676.711  a=32.8 b=83.5 gap=42.8 (face=57.6mm) n=[316, 899, 733, 676, 158, 706, 581]  no evaluation (geometry pre-check)
  [  98] INFEAS f=2946.292  a=32.6 b=81.9 gap=40.5 (face=53.0mm) n=[551, 836, 775, 863, 130, 900, 753]  no evaluation (geometry pre-check)
  [  99] INFEAS f=2423.138  a=33.1 b=91.4 gap=39.7 (face=51.4mm) n=[756, 441, 899, 894, 133, 897, 682]  no evaluation (geometry pre-check)
  [ 100] OK     f=   1.491  a=42.7 b=74.9 gap=32.5 (face=36.9mm) n=[869, 406, 852, 241, 98, 782, 149]  tape=1.491km B=10.23T unif=0.724% hoop=218MPa
  [ 101] OK     f=   2.053  a=40.5 b=103.0 gap=21.6 (face=15.2mm) n=[279, 900, 732, 694, 220, 685, 161]  tape=2.053km B=12.91T unif=0.655% hoop=286MPa
  [ 102] OK     f=   2.139  a=39.2 b=95.8 gap=24.0 (face=20.0mm) n=[754, 719, 476, 509, 303, 615, 807]  tape=2.139km B=14.14T unif=0.340% hoop=316MPa
  [ 103] INFEAS f=4228.418  a=30.5 b=77.1 gap=38.9 (face=49.8mm) n=[604, 414, 876, 402, 266, 714, 336]  no evaluation (geometry pre-check)
  [ 104] OK     f=   2.385  a=54.9 b=115.7 gap=30.5 (face=33.0mm) n=[892, 852, 813, 152, 189, 857, 114]  tape=2.385km B=11.04T unif=0.455% hoop=294MPa
  [ 105] INFEAS f=1547.444  a=32.4 b=91.6 gap=32.6 (face=37.2mm) n=[797, 691, 682, 388, 355, 809, 844]  no evaluation (geometry pre-check)
  [ 106] OK     f=   2.252  a=37.6 b=87.2 gap=39.0 (face=50.0mm) n=[747, 734, 670, 899, 562, 807, 310]  tape=2.252km B=11.51T unif=0.420% hoop=263MPa
  [ 107] INFEAS f=5085.859  a=29.6 b=83.0 gap=31.8 (face=35.5mm) n=[872, 582, 557, 482, 99, 624, 69]  no evaluation (geometry pre-check)
  [ 108] INFEAS f=28516.116  a=13.9 b=75.9 gap=44.6 (face=61.1mm) n=[678, 562, 709, 364, 88, 440, 594]  no evaluation (geometry pre-check)
  [ 109] INFEAS f=2016.391  a=73.1 b=73.1 gap=32.2 (face=36.4mm) n=[485, 672, 337, 415, 201, 499, 798]  no evaluation (geometry pre-check)
  [ 110] OK     f=   2.666  a=60.4 b=104.0 gap=33.6 (face=39.3mm) n=[753, 559, 660, 510, 260, 898, 788]  tape=2.666km B=10.46T unif=0.418% hoop=400MPa
  [ 111] OK     f=   2.257  a=65.0 b=85.6 gap=37.8 (face=47.7mm) n=[665, 652, 878, 677, 370, 807, 170]  tape=2.257km B=10.01T unif=0.222% hoop=400MPa
  [ 112] OK     f=   2.034  a=46.2 b=83.4 gap=35.8 (face=43.7mm) n=[525, 618, 816, 702, 246, 839, 494]  tape=2.034km B=10.98T unif=0.302% hoop=285MPa
  [ 113] OK     f=   1.974  a=40.7 b=95.2 gap=20.1 (face=12.2mm) n=[213, 886, 699, 562, 387, 833, 177]  tape=1.974km B=13.54T unif=0.860% hoop=310MPa
  [ 114] INFEAS f=25707.681  a=21.0 b=106.1 gap=15.9 (face=3.8mm) n=[703, 525, 878, 661, 205, 660, 617]  no evaluation (geometry pre-check)
  [ 115] INFEAS f=17713.908  a=23.8 b=89.6 gap=24.3 (face=20.7mm) n=[644, 371, 883, 503, 140, 547, 562]  no evaluation (geometry pre-check)
  [ 116] viol   f=   2.193  a=41.7 b=122.9 gap=30.3 (face=32.7mm) n=[627, 456, 645, 697, 188, 644, 77]  tape=2.043km B=9.73T unif=0.393% hoop=236MPa
  [ 117] OK     f=   2.453  a=46.9 b=108.6 gap=41.0 (face=54.1mm) n=[712, 813, 771, 661, 370, 621, 301]  tape=2.453km B=10.04T unif=0.432% hoop=281MPa
  [ 118] OK     f=   2.051  a=38.6 b=95.2 gap=30.0 (face=32.1mm) n=[434, 606, 456, 884, 220, 885, 438]  tape=2.051km B=10.56T unif=0.542% hoop=267MPa
  [ 119] OK     f=   2.320  a=37.3 b=108.8 gap=27.6 (face=27.2mm) n=[414, 552, 605, 892, 78, 899, 657]  tape=2.320km B=11.31T unif=0.487% hoop=271MPa
  [ 120] OK     f=   2.228  a=47.6 b=90.0 gap=31.2 (face=34.3mm) n=[402, 706, 752, 692, 339, 830, 696]  tape=2.228km B=12.11T unif=0.446% hoop=305MPa
  [ 121] OK     f=   1.810  a=43.4 b=80.1 gap=27.1 (face=26.1mm) n=[395, 688, 742, 502, 220, 842, 452]  tape=1.810km B=11.65T unif=0.656% hoop=291MPa
  [ 122] INFEAS f=55631.542  a=11.1 b=87.1 gap=19.0 (face=10.0mm) n=[699, 807, 613, 527, 121, 597, 595]  no evaluation (geometry pre-check)
  [ 123] viol   f=   2.034  a=56.8 b=99.2 gap=19.5 (face=11.0mm) n=[193, 900, 390, 472, 478, 886, 112]  tape=2.005km B=9.88T unif=0.798% hoop=400MPa
  [ 124] viol   f=  35.482  a=40.3 b=62.7 gap=19.5 (face=11.0mm) n=[378, 784, 870, 288, 400, 738, 392]  tape=1.530km B=15.62T unif=1.412% hoop=317MPa
  [ 125] INFEAS f=9366.663  a=26.5 b=77.1 gap=33.9 (face=39.8mm) n=[382, 583, 857, 600, 578, 780, 527]  no evaluation (geometry pre-check)
  [ 126] OK     f=   2.203  a=44.5 b=117.9 gap=25.2 (face=22.4mm) n=[806, 789, 775, 266, 77, 875, 62]  tape=2.203km B=12.14T unif=0.373% hoop=267MPa
  [ 127] INFEAS f=62376.489  a=99.3 b=65.1 gap=22.6 (face=17.2mm) n=[506, 866, 616, 533, 308, 848, 519]  no evaluation (geometry pre-check)
  [ 128] OK     f=   2.049  a=42.3 b=108.4 gap=27.8 (face=27.5mm) n=[207, 875, 900, 900, 156, 531, 60]  tape=2.049km B=11.28T unif=0.816% hoop=243MPa
  [ 129] OK     f=   2.274  a=53.8 b=89.7 gap=31.4 (face=34.8mm) n=[786, 806, 885, 662, 159, 840, 283]  tape=2.274km B=12.61T unif=0.555% hoop=330MPa
  [ 130] viol   f=   2.229  a=53.2 b=106.3 gap=32.5 (face=37.0mm) n=[284, 839, 712, 872, 147, 790, 164]  tape=2.222km B=9.94T unif=0.481% hoop=277MPa
  [ 131] INFEAS f=4112.371  a=31.2 b=96.4 gap=31.9 (face=35.9mm) n=[383, 802, 894, 742, 107, 860, 55]  no evaluation (geometry pre-check)
  [ 132] viol   f=  10.497  a=46.6 b=69.0 gap=19.8 (face=11.6mm) n=[465, 620, 284, 463, 138, 767, 106]  tape=1.244km B=10.33T unif=1.215% hoop=309MPa
  [ 133] OK     f=   1.759  a=46.5 b=91.4 gap=16.7 (face=5.4mm) n=[135, 607, 478, 724, 167, 886, 293]  tape=1.759km B=11.03T unif=0.799% hoop=349MPa
  [ 134] viol   f=   8.820  a=73.5 b=91.9 gap=32.3 (face=36.6mm) n=[326, 624, 861, 161, 326, 852, 110]  tape=1.911km B=8.14T unif=0.521% hoop=347MPa
  [ 135] viol   f=   2.033  a=37.6 b=84.5 gap=26.8 (face=25.7mm) n=[148, 833, 469, 441, 50, 819, 134]  tape=1.365km B=9.42T unif=0.741% hoop=237MPa
  [ 136] viol   f=   6.687  a=56.8 b=101.4 gap=26.4 (face=24.9mm) n=[182, 795, 294, 425, 338, 881, 151]  tape=1.843km B=8.44T unif=0.588% hoop=354MPa
  [ 137] OK     f=   1.488  a=44.3 b=71.2 gap=32.0 (face=36.0mm) n=[181, 787, 860, 211, 293, 800, 299]  tape=1.488km B=10.09T unif=0.206% hoop=231MPa
  [ 138] viol   f=  16.478  a=62.3 b=129.4 gap=25.5 (face=23.1mm) n=[199, 867, 430, 419, 268, 775, 156]  tape=2.255km B=7.33T unif=0.450% hoop=400MPa
  [ 139] INFEAS f=18626.958  a=22.6 b=80.4 gap=22.7 (face=17.5mm) n=[179, 799, 254, 859, 400, 840, 176]  no evaluation (geometry pre-check)
  [ 140] OK     f=   1.592  a=52.1 b=83.9 gap=22.6 (face=17.1mm) n=[264, 789, 499, 430, 50, 820, 290]  tape=1.592km B=10.13T unif=0.880% hoop=331MPa
  [ 141] OK     f=   1.895  a=53.2 b=76.9 gap=30.6 (face=33.2mm) n=[480, 852, 899, 142, 865, 861, 63]  tape=1.895km B=12.46T unif=0.268% hoop=303MPa
  [ 142] viol   f=   8.014  a=49.4 b=121.5 gap=27.6 (face=27.2mm) n=[59, 770, 435, 507, 174, 893, 353]  tape=2.112km B=8.28T unif=0.311% hoop=292MPa
  [ 143] OK     f=   1.733  a=52.7 b=67.9 gap=23.4 (face=18.7mm) n=[116, 880, 732, 859, 238, 866, 385]  tape=1.733km B=14.01T unif=0.714% hoop=314MPa
  [ 144] OK     f=   1.361  a=35.7 b=78.7 gap=20.5 (face=13.0mm) n=[312, 635, 678, 177, 291, 744, 238]  tape=1.361km B=11.78T unif=0.680% hoop=240MPa
  [ 145] viol   f=   1.784  a=62.9 b=78.1 gap=27.9 (face=27.8mm) n=[181, 588, 837, 297, 89, 892, 614]  tape=1.776km B=9.94T unif=0.449% hoop=335MPa
  [ 146] viol   f=   8.479  a=64.8 b=98.3 gap=37.7 (face=47.4mm) n=[93, 848, 795, 300, 441, 840, 184]  tape=2.032km B=8.20T unif=0.322% hoop=283MPa
  [ 147] OK     f=   1.798  a=39.2 b=90.9 gap=22.0 (face=16.0mm) n=[408, 789, 887, 380, 214, 850, 76]  tape=1.798km B=12.90T unif=0.886% hoop=285MPa
  [ 148] viol   f=  29.605  a=38.4 b=81.0 gap=31.0 (face=34.1mm) n=[71, 347, 521, 189, 129, 750, 270]  tape=1.084km B=6.22T unif=0.440% hoop=183MPa
  [ 149] INFEAS f=1060.798  a=35.9 b=90.0 gap=25.4 (face=22.9mm) n=[369, 756, 455, 298, 182, 897, 439]  no evaluation (geometry pre-check)
  [ 150] OK     f=   1.737  a=50.5 b=68.2 gap=29.3 (face=30.6mm) n=[314, 623, 899, 412, 389, 811, 405]  tape=1.737km B=11.29T unif=0.098% hoop=366MPa
  [ 151] viol   f=  24.753  a=59.1 b=70.1 gap=21.3 (face=14.6mm) n=[168, 777, 778, 752, 69, 862, 175]  tape=1.606km B=10.96T unif=1.340% hoop=400MPa
  [ 152] INFEAS f=1133.154  a=33.4 b=66.5 gap=23.0 (face=18.0mm) n=[261, 679, 821, 478, 492, 841, 651]  no evaluation (geometry pre-check)
  [ 153] viol   f=   2.841  a=37.6 b=79.6 gap=38.5 (face=49.0mm) n=[733, 433, 769, 418, 69, 896, 460]  tape=1.733km B=9.26T unif=0.322% hoop=229MPa
  [ 154] OK     f=   1.597  a=53.3 b=68.8 gap=23.5 (face=18.9mm) n=[115, 899, 725, 796, 57, 831, 263]  tape=1.597km B=12.82T unif=0.788% hoop=303MPa
  [ 155] viol   f=   3.026  a=46.1 b=57.8 gap=19.5 (face=11.1mm) n=[89, 314, 603, 164, 445, 900, 98]  tape=1.077km B=9.01T unif=0.261% hoop=242MPa
  [ 156] viol   f=   7.233  a=36.2 b=63.1 gap=24.9 (face=21.8mm) n=[164, 505, 428, 373, 53, 865, 164]  tape=1.050km B=8.24T unif=0.539% hoop=238MPa
  [ 157] INFEAS f=1416.784  a=42.1 b=43.9 gap=16.2 (face=4.4mm) n=[166, 701, 426, 91, 163, 709, 364]  no evaluation (geometry pre-check)
  [ 158] OK     f=   1.538  a=42.9 b=75.7 gap=26.6 (face=25.3mm) n=[260, 443, 850, 612, 80, 713, 399]  tape=1.538km B=10.44T unif=0.725% hoop=260MPa
  [ 159] viol   f=  99.636  a=62.7 b=70.8 gap=17.4 (face=6.9mm) n=[198, 829, 686, 516, 164, 898, 72]  tape=1.603km B=11.63T unif=1.700% hoop=400MPa
  [ 160] INFEAS f=1084.064  a=52.7 b=56.2 gap=37.5 (face=46.9mm) n=[237, 696, 885, 556, 154, 900, 309]  no evaluation (geometry pre-check)
  [ 161] viol   f=  53.060  a=62.2 b=82.9 gap=23.6 (face=19.2mm) n=[587, 818, 817, 709, 159, 836, 343]  tape=2.150km B=4.95T unif=0.934% hoop=400MPa
  [ 162] OK     f=   1.691  a=44.5 b=67.1 gap=23.1 (face=18.2mm) n=[90, 827, 898, 636, 275, 823, 561]  tape=1.691km B=14.33T unif=0.893% hoop=280MPa
  [ 163] OK     f=   1.679  a=37.1 b=84.1 gap=30.6 (face=33.2mm) n=[662, 845, 887, 367, 53, 827, 56]  tape=1.679km B=11.63T unif=0.721% hoop=229MPa
  [ 164] OK     f=   1.937  a=39.7 b=85.4 gap=33.1 (face=38.3mm) n=[323, 584, 866, 470, 298, 676, 774]  tape=1.937km B=10.43T unif=0.478% hoop=260MPa
  [ 165] INFEAS f=60991.457  a=12.5 b=80.4 gap=21.3 (face=14.6mm) n=[339, 279, 873, 390, 117, 854, 256]  no evaluation (geometry pre-check)
  [ 166] OK     f=   1.778  a=51.0 b=80.3 gap=33.2 (face=38.4mm) n=[185, 742, 809, 666, 270, 732, 324]  tape=1.778km B=10.35T unif=0.351% hoop=272MPa
  [ 167] OK     f=   1.873  a=40.4 b=85.5 gap=29.2 (face=30.4mm) n=[361, 535, 892, 355, 272, 828, 534]  tape=1.873km B=10.80T unif=0.550% hoop=287MPa
  [ 168] OK     f=   1.996  a=52.9 b=90.3 gap=29.8 (face=31.7mm) n=[162, 713, 751, 587, 393, 782, 466]  tape=1.996km B=10.76T unif=0.534% hoop=330MPa
  [ 169] viol   f=   1.865  a=49.9 b=94.3 gap=27.8 (face=27.7mm) n=[60, 743, 885, 491, 54, 838, 181]  tape=1.729km B=9.74T unif=0.597% hoop=262MPa
  [ 170] OK     f=   1.613  a=51.3 b=68.2 gap=31.7 (face=35.5mm) n=[551, 687, 898, 407, 142, 490, 337]  tape=1.613km B=10.51T unif=0.312% hoop=307MPa
  [ 171] OK     f=   1.600  a=42.4 b=82.9 gap=24.9 (face=21.8mm) n=[509, 648, 842, 499, 186, 522, 81]  tape=1.600km B=11.27T unif=0.791% hoop=295MPa
  [ 172] viol   f=   3.752  a=50.9 b=98.1 gap=31.4 (face=34.9mm) n=[260, 784, 799, 412, 153, 454, 350]  tape=1.804km B=9.01T unif=0.560% hoop=291MPa
  [ 173] OK     f=   1.587  a=52.1 b=76.2 gap=27.4 (face=26.7mm) n=[405, 740, 881, 178, 253, 495, 272]  tape=1.587km B=10.13T unif=0.818% hoop=299MPa
  [ 174] OK     f=   2.005  a=38.0 b=94.7 gap=34.2 (face=40.4mm) n=[623, 797, 763, 581, 348, 464, 363]  tape=2.005km B=11.03T unif=0.673% hoop=253MPa
  [ 175] OK     f=   1.740  a=35.5 b=80.5 gap=33.0 (face=38.0mm) n=[752, 815, 843, 622, 54, 538, 341]  tape=1.740km B=11.71T unif=0.763% hoop=217MPa
  [ 176] OK     f=   1.828  a=60.1 b=75.4 gap=24.2 (face=20.4mm) n=[399, 760, 765, 765, 71, 859, 225]  tape=1.828km B=12.48T unif=0.989% hoop=400MPa
  [ 177] viol   f=   6.687  a=49.0 b=89.0 gap=39.2 (face=50.5mm) n=[337, 516, 849, 516, 315, 899, 173]  tape=1.907km B=8.45T unif=0.239% hoop=287MPa
  [ 178] OK     f=   1.722  a=46.1 b=82.7 gap=32.0 (face=35.9mm) n=[552, 743, 846, 585, 92, 558, 173]  tape=1.722km B=10.43T unif=0.589% hoop=270MPa
  [ 179] OK     f=   1.488  a=38.7 b=71.5 gap=27.7 (face=27.4mm) n=[541, 644, 815, 304, 81, 840, 310]  tape=1.488km B=11.68T unif=0.640% hoop=251MPa
  [ 180] OK     f=   1.711  a=40.7 b=80.4 gap=33.6 (face=39.1mm) n=[658, 754, 814, 447, 135, 666, 283]  tape=1.711km B=11.01T unif=0.557% hoop=239MPa
  [ 181] INFEAS f=1882.290  a=33.9 b=65.7 gap=26.9 (face=25.7mm) n=[660, 547, 898, 223, 299, 452, 195]  no evaluation (geometry pre-check)
  [ 182] OK     f=   1.518  a=47.4 b=77.8 gap=27.6 (face=27.2mm) n=[506, 815, 898, 69, 162, 687, 105]  tape=1.518km B=10.79T unif=0.734% hoop=257MPa
  [ 183] OK     f=   1.899  a=45.0 b=81.9 gap=28.5 (face=28.9mm) n=[530, 900, 898, 340, 204, 886, 265]  tape=1.899km B=12.56T unif=0.828% hoop=288MPa
  [ 184] OK     f=   2.001  a=47.5 b=93.5 gap=32.7 (face=37.5mm) n=[642, 663, 900, 490, 58, 873, 169]  tape=2.001km B=10.44T unif=0.513% hoop=288MPa
  [ 185] OK     f=   1.311  a=46.6 b=60.4 gap=25.5 (face=22.9mm) n=[426, 761, 882, 262, 123, 788, 71]  tape=1.311km B=11.94T unif=0.283% hoop=264MPa
  [ 186] OK     f=   2.050  a=55.7 b=79.8 gap=29.2 (face=30.4mm) n=[568, 761, 821, 890, 178, 460, 462]  tape=2.050km B=11.80T unif=0.639% hoop=400MPa
  [ 187] INFEAS f=4944.119  a=55.8 b=50.9 gap=27.3 (face=26.5mm) n=[430, 857, 890, 152, 107, 781, 392]  no evaluation (geometry pre-check)
  [ 188] OK     f=   2.294  a=67.5 b=102.3 gap=22.1 (face=16.3mm) n=[497, 833, 896, 183, 318, 890, 166]  tape=2.294km B=10.59T unif=0.924% hoop=400MPa
  [ 189] OK     f=   2.197  a=57.4 b=104.7 gap=27.9 (face=27.8mm) n=[845, 900, 654, 326, 73, 788, 133]  tape=2.197km B=11.11T unif=0.678% hoop=347MPa
  [ 190] viol   f=   2.109  a=55.5 b=77.8 gap=29.3 (face=30.6mm) n=[115, 893, 883, 174, 184, 585, 301]  tape=1.541km B=9.47T unif=0.766% hoop=238MPa
  [ 191] viol   f=   3.923  a=47.0 b=85.0 gap=32.1 (face=36.1mm) n=[335, 887, 821, 199, 113, 540, 57]  tape=1.484km B=8.90T unif=0.702% hoop=227MPa
  [ 192] INFEAS f=10105.254  a=27.7 b=77.5 gap=25.1 (face=22.3mm) n=[426, 727, 900, 286, 75, 469, 241]  no evaluation (geometry pre-check)
  [ 193] viol   f=   1.480  a=48.2 b=62.8 gap=34.7 (face=41.4mm) n=[562, 735, 693, 327, 65, 891, 262]  tape=1.475km B=9.95T unif=0.397% hoop=250MPa
  [ 194] viol   f=   2.426  a=45.2 b=69.0 gap=23.7 (face=19.4mm) n=[519, 837, 866, 517, 174, 715, 100]  tape=1.576km B=14.00T unif=1.065% hoop=309MPa
  [ 195] viol   f=   1.762  a=52.7 b=69.9 gap=25.7 (face=23.4mm) n=[459, 692, 583, 109, 188, 885, 75]  tape=1.381km B=9.56T unif=0.705% hoop=305MPa
  [ 196] INFEAS f=8827.668  a=28.3 b=84.9 gap=27.7 (face=27.4mm) n=[591, 864, 899, 250, 319, 693, 102]  no evaluation (geometry pre-check)
  [ 197] viol   f=  15.956  a=37.8 b=84.2 gap=23.8 (face=19.5mm) n=[673, 865, 896, 143, 210, 816, 170]  tape=1.742km B=13.90T unif=1.267% hoop=255MPa
  [ 198] INFEAS f=4094.167  a=46.3 b=42.5 gap=24.2 (face=20.3mm) n=[322, 874, 744, 309, 113, 862, 85]  no evaluation (geometry pre-check)
  [ 199] INFEAS f=1235.542  a=34.7 b=74.0 gap=21.7 (face=15.4mm) n=[512, 880, 883, 430, 249, 712, 79]  no evaluation (geometry pre-check)
  [ 200] viol   f=   8.961  a=44.9 b=68.3 gap=22.9 (face=17.7mm) n=[274, 799, 880, 294, 165, 513, 154]  tape=1.350km B=11.50T unif=1.195% hoop=265MPa
  [ 201] OK     f=   2.021  a=45.0 b=84.9 gap=32.3 (face=36.7mm) n=[542, 896, 672, 561, 321, 819, 255]  tape=2.021km B=11.46T unif=0.597% hoop=291MPa
  [ 202] OK     f=   1.771  a=41.5 b=87.9 gap=31.1 (face=34.2mm) n=[331, 804, 787, 305, 76, 874, 405]  tape=1.771km B=10.14T unif=0.621% hoop=245MPa
  [ 203] viol   f= 342.926  a=49.0 b=54.4 gap=29.1 (face=30.2mm) n=[391, 887, 881, 325, 170, 899, 402]  tape=1.476km B=12.94T unif=2.307% hoop=270MPa
  [ 204] INFEAS f=1030.438  a=50.9 b=55.0 gap=29.6 (face=31.2mm) n=[594, 680, 879, 251, 152, 843, 88]  no evaluation (geometry pre-check)
  [ 205] INFEAS f=1427.783  a=34.5 b=66.1 gap=27.5 (face=27.0mm) n=[663, 893, 638, 724, 232, 833, 328]  no evaluation (geometry pre-check)
  [ 206] INFEAS f=6021.333  a=55.2 b=49.0 gap=31.8 (face=35.5mm) n=[133, 895, 858, 303, 84, 798, 224]  no evaluation (geometry pre-check)
  [ 207] OK     f=   1.435  a=49.6 b=64.3 gap=28.8 (face=29.7mm) n=[625, 882, 761, 334, 140, 597, 55]  tape=1.435km B=11.62T unif=0.383% hoop=287MPa
  [ 208] INFEAS f=1176.468  a=58.0 b=60.9 gap=24.1 (face=20.2mm) n=[624, 670, 866, 318, 699, 898, 202]  no evaluation (geometry pre-check)
  [ 209] OK     f=   1.456  a=51.0 b=70.2 gap=30.9 (face=33.8mm) n=[376, 895, 731, 288, 57, 873, 79]  tape=1.456km B=10.23T unif=0.177% hoop=254MPa
  [ 210] viol   f=   1.617  a=51.5 b=74.8 gap=29.3 (face=30.6mm) n=[410, 680, 885, 51, 203, 861, 73]  tape=1.459km B=9.72T unif=0.336% hoop=262MPa
  [ 211] viol   f=   1.477  a=48.5 b=75.7 gap=30.4 (face=32.8mm) n=[567, 575, 770, 360, 203, 682, 57]  tape=1.469km B=9.93T unif=0.554% hoop=312MPa
  [ 212] viol   f=   1.748  a=44.5 b=85.3 gap=34.1 (face=40.3mm) n=[577, 792, 892, 332, 108, 878, 52]  tape=1.746km B=9.97T unif=0.479% hoop=237MPa
  [ 213] OK     f=   1.798  a=45.7 b=84.4 gap=33.0 (face=38.1mm) n=[598, 881, 811, 382, 262, 621, 83]  tape=1.798km B=10.60T unif=0.634% hoop=272MPa
  [ 214] OK     f=   1.470  a=49.4 b=63.3 gap=26.7 (face=25.4mm) n=[413, 740, 828, 559, 160, 729, 157]  tape=1.470km B=12.27T unif=0.456% hoop=293MPa
  [ 215] OK     f=   1.489  a=45.9 b=86.5 gap=29.2 (face=30.5mm) n=[627, 774, 753, 210, 103, 480, 94]  tape=1.489km B=10.08T unif=0.731% hoop=240MPa
  [ 216] OK     f=   1.338  a=52.3 b=59.4 gap=27.8 (face=27.6mm) n=[488, 807, 897, 148, 50, 691, 202]  tape=1.338km B=11.36T unif=0.181% hoop=273MPa
  [ 217] viol   f=  32.798  a=45.7 b=58.1 gap=30.7 (face=33.3mm) n=[477, 895, 896, 317, 296, 752, 159]  tape=1.462km B=12.00T unif=1.396% hoop=261MPa
  [ 218] OK     f=   1.426  a=49.6 b=61.9 gap=26.6 (face=25.2mm) n=[375, 673, 899, 303, 318, 670, 97]  tape=1.426km B=11.21T unif=0.246% hoop=327MPa
  [ 219] OK     f=   1.439  a=45.6 b=60.4 gap=27.8 (face=27.6mm) n=[286, 698, 883, 337, 325, 873, 206]  tape=1.439km B=11.54T unif=0.501% hoop=304MPa
  [ 220] OK     f=   1.664  a=56.7 b=72.5 gap=29.6 (face=31.2mm) n=[482, 690, 879, 310, 140, 700, 268]  tape=1.664km B=10.29T unif=0.489% hoop=313MPa
  [ 221] OK     f=   1.305  a=47.0 b=59.8 gap=25.6 (face=23.2mm) n=[579, 791, 886, 84, 181, 695, 102]  tape=1.305km B=12.33T unif=0.433% hoop=267MPa
  [ 222] viol   f=   1.411  a=42.5 b=65.0 gap=31.8 (face=35.5mm) n=[501, 673, 889, 163, 105, 707, 86]  tape=1.289km B=9.75T unif=0.176% hoop=226MPa
  [ 223] OK     f=   1.052  a=43.1 b=54.1 gap=25.3 (face=22.6mm) n=[483, 777, 764, 89, 145, 695, 78]  tape=1.052km B=12.06T unif=0.689% hoop=226MPa
  [ 224] viol   f=   3.013  a=50.2 b=66.1 gap=39.5 (face=50.9mm) n=[617, 629, 763, 330, 428, 601, 72]  tape=1.447km B=9.11T unif=0.695% hoop=278MPa
  [ 225] OK     f=   1.445  a=56.5 b=64.9 gap=28.2 (face=28.5mm) n=[421, 864, 826, 84, 153, 635, 306]  tape=1.445km B=10.97T unif=0.411% hoop=288MPa
  [ 226] OK     f=   1.288  a=50.3 b=56.0 gap=24.9 (face=21.8mm) n=[463, 881, 674, 129, 140, 899, 143]  tape=1.288km B=12.09T unif=0.357% hoop=276MPa
  [ 227] INFEAS f=13070.902  a=49.1 b=36.7 gap=28.0 (face=28.0mm) n=[479, 824, 900, 88, 309, 650, 101]  no evaluation (geometry pre-check)
  [ 228] OK     f=   1.497  a=57.4 b=68.9 gap=30.0 (face=32.1mm) n=[344, 900, 900, 299, 63, 771, 69]  tape=1.497km B=10.65T unif=0.139% hoop=262MPa
  [ 229] OK     f=   1.198  a=41.3 b=57.2 gap=30.1 (face=32.1mm) n=[521, 763, 870, 144, 127, 694, 103]  tape=1.198km B=10.99T unif=0.725% hoop=225MPa
  [ 230] viol   f= 912.928  a=39.9 b=49.5 gap=27.0 (face=25.9mm) n=[334, 900, 712, 162, 176, 862, 122]  tape=1.109km B=11.69T unif=3.135% hoop=196MPa
  [ 231] INFEAS f=3742.910  a=44.6 b=41.3 gap=24.0 (face=19.9mm) n=[348, 815, 630, 178, 56, 620, 51]  no evaluation (geometry pre-check)
  [ 232] OK     f=   1.079  a=43.0 b=48.3 gap=20.8 (face=13.7mm) n=[430, 760, 787, 375, 176, 663, 60]  tape=1.079km B=14.53T unif=0.519% hoop=268MPa
  [ 233] OK     f=   1.274  a=47.0 b=52.2 gap=23.8 (face=19.7mm) n=[595, 768, 703, 255, 106, 876, 176]  tape=1.274km B=13.29T unif=0.415% hoop=290MPa
  [ 234] INFEAS f=1261.543  a=53.9 b=56.3 gap=24.2 (face=20.5mm) n=[396, 828, 899, 52, 408, 805, 361]  no evaluation (geometry pre-check)
  [ 235] viol   f=  19.878  a=42.4 b=47.9 gap=27.1 (face=26.2mm) n=[433, 377, 769, 139, 197, 587, 92]  tape=0.904km B=8.99T unif=1.291% hoop=224MPa
  [ 236] viol   f=   5.244  a=44.6 b=56.5 gap=23.5 (face=18.9mm) n=[685, 756, 490, 169, 109, 726, 201]  tape=1.142km B=12.75T unif=1.143% hoop=252MPa
  [ 237] viol   f=   2.656  a=47.4 b=71.4 gap=28.8 (face=29.7mm) n=[253, 693, 655, 90, 357, 883, 133]  tape=1.395km B=9.21T unif=0.473% hoop=239MPa
  [ 238] OK     f=   1.872  a=41.1 b=80.6 gap=28.4 (face=28.8mm) n=[791, 890, 754, 403, 219, 684, 282]  tape=1.872km B=13.53T unif=0.890% hoop=281MPa
  [ 239] INFEAS f=1102.305  a=44.6 b=48.0 gap=23.7 (face=19.3mm) n=[673, 845, 641, 229, 266, 880, 91]  no evaluation (geometry pre-check)
  [ 240] OK     f=   1.484  a=42.5 b=72.6 gap=24.3 (face=20.6mm) n=[361, 732, 660, 273, 254, 877, 147]  tape=1.484km B=10.93T unif=0.685% hoop=269MPa
  [ 241] viol   f=   3.331  a=44.8 b=52.7 gap=20.1 (face=12.1mm) n=[641, 755, 772, 105, 123, 900, 65]  tape=1.196km B=14.17T unif=1.103% hoop=287MPa
  [ 242] INFEAS f=10116.641  a=53.9 b=43.8 gap=25.3 (face=22.6mm) n=[394, 880, 816, 232, 98, 742, 113]  no evaluation (geometry pre-check)
  [ 243] INFEAS f=1108.553  a=34.1 b=62.3 gap=19.8 (face=11.6mm) n=[516, 856, 735, 151, 216, 851, 104]  no evaluation (geometry pre-check)
  [ 244] OK     f=   1.132  a=47.7 b=56.2 gap=27.7 (face=27.4mm) n=[361, 744, 659, 68, 286, 690, 216]  tape=1.132km B=10.69T unif=0.373% hoop=241MPa
  [ 245] viol   f=  45.659  a=41.6 b=56.2 gap=22.6 (face=17.2mm) n=[708, 713, 713, 76, 197, 607, 92]  tape=1.057km B=13.93T unif=1.472% hoop=229MPa
  [ 246] INFEAS f=1684.596  a=34.2 b=61.0 gap=27.2 (face=26.4mm) n=[598, 894, 654, 323, 52, 897, 55]  no evaluation (geometry pre-check)
  [ 247] INFEAS f=1013.219  a=36.3 b=42.2 gap=23.2 (face=18.4mm) n=[510, 898, 652, 94, 302, 728, 50]  no evaluation (geometry pre-check)
  [ 248] OK     f=   1.283  a=37.1 b=65.9 gap=19.7 (face=11.5mm) n=[531, 848, 708, 98, 166, 861, 94]  tape=1.283km B=13.83T unif=0.885% hoop=252MPa
  [ 249] OK     f=   1.399  a=43.7 b=57.0 gap=25.9 (face=23.8mm) n=[674, 854, 889, 280, 101, 474, 410]  tape=1.399km B=14.02T unif=0.327% hoop=265MPa
  [ 250] viol   f=  28.005  a=42.0 b=49.6 gap=23.2 (face=18.4mm) n=[456, 805, 899, 92, 295, 801, 143]  tape=1.197km B=13.96T unif=1.366% hoop=245MPa
  [ 251] OK     f=   1.408  a=51.5 b=58.0 gap=25.3 (face=22.6mm) n=[664, 900, 653, 168, 198, 723, 164]  tape=1.408km B=12.58T unif=0.063% hoop=312MPa
  [ 252] INFEAS f=1082.181  a=45.2 b=48.7 gap=25.1 (face=22.2mm) n=[847, 736, 700, 96, 165, 868, 93]  no evaluation (geometry pre-check)
  [ 253] viol   f=  25.067  a=46.3 b=58.7 gap=19.4 (face=10.9mm) n=[348, 544, 559, 125, 274, 743, 67]  tape=1.047km B=10.27T unif=1.347% hoop=287MPa
  [ 254] OK     f=   1.189  a=43.9 b=58.8 gap=29.5 (face=30.9mm) n=[423, 746, 736, 113, 276, 792, 95]  tape=1.189km B=10.54T unif=0.465% hoop=220MPa
  [ 255] OK     f=   1.226  a=42.0 b=61.2 gap=26.9 (face=25.9mm) n=[458, 703, 648, 181, 371, 765, 82]  tape=1.226km B=11.27T unif=0.471% hoop=235MPa
  [ 256] OK     f=   1.245  a=39.2 b=61.8 gap=23.5 (face=19.1mm) n=[288, 863, 786, 68, 140, 870, 287]  tape=1.245km B=12.55T unif=0.832% hoop=208MPa
  [ 257] OK     f=   1.319  a=44.2 b=64.6 gap=25.6 (face=23.2mm) n=[630, 719, 663, 217, 154, 799, 121]  tape=1.319km B=11.86T unif=0.800% hoop=256MPa
  [ 258] OK     f=   1.318  a=48.2 b=64.1 gap=20.3 (face=12.5mm) n=[210, 882, 691, 111, 119, 878, 303]  tape=1.318km B=12.08T unif=0.922% hoop=254MPa
  [ 259] viol   f=  17.486  a=45.1 b=63.9 gap=20.8 (face=13.5mm) n=[495, 891, 748, 278, 151, 667, 98]  tape=1.385km B=13.24T unif=1.284% hoop=305MPa
  [ 260] OK     f=   1.244  a=43.4 b=56.1 gap=23.6 (face=19.3mm) n=[456, 893, 719, 115, 142, 657, 252]  tape=1.244km B=12.56T unif=0.319% hoop=258MPa
  [ 261] OK     f=   1.186  a=47.4 b=58.4 gap=24.7 (face=21.3mm) n=[353, 823, 790, 129, 270, 621, 67]  tape=1.186km B=11.74T unif=0.522% hoop=252MPa
  [ 262] OK     f=   1.331  a=39.8 b=60.1 gap=31.9 (face=35.8mm) n=[641, 712, 867, 103, 296, 826, 126]  tape=1.331km B=11.24T unif=0.691% hoop=214MPa
  [ 263] viol   f= 171.485  a=45.0 b=53.6 gap=30.3 (face=32.7mm) n=[500, 823, 807, 285, 116, 672, 280]  tape=1.261km B=11.69T unif=1.923% hoop=237MPa
  [ 264] viol   f=   1.346  a=43.5 b=62.0 gap=21.0 (face=13.9mm) n=[309, 702, 773, 183, 351, 791, 113]  tape=1.253km B=12.65T unif=1.022% hoop=257MPa
  [ 265] viol   f=   1.509  a=50.5 b=56.6 gap=29.3 (face=30.6mm) n=[576, 869, 897, 325, 301, 611, 151]  tape=1.477km B=12.45T unif=1.013% hoop=283MPa
  [ 266] OK     f=   1.384  a=51.1 b=56.4 gap=25.4 (face=22.9mm) n=[680, 641, 773, 407, 198, 844, 56]  tape=1.384km B=13.05T unif=0.458% hoop=320MPa
  [ 267] INFEAS f=1162.067  a=44.4 b=47.4 gap=26.0 (face=24.1mm) n=[376, 799, 822, 58, 156, 892, 101]  no evaluation (geometry pre-check)
  [ 268] INFEAS f=13912.221  a=44.5 b=31.6 gap=25.3 (face=22.7mm) n=[524, 605, 671, 280, 249, 737, 176]  no evaluation (geometry pre-check)
  [ 269] OK     f=   0.879  a=34.1 b=41.5 gap=24.1 (face=20.1mm) n=[600, 557, 604, 305, 137, 759, 81]  tape=0.879km B=12.56T unif=0.505% hoop=190MPa
  [ 270] viol   f=   3.515  a=51.6 b=59.3 gap=30.1 (face=32.2mm) n=[384, 894, 774, 87, 181, 899, 269]  tape=1.396km B=11.09T unif=1.103% hoop=248MPa
  [ 271] viol   f=  21.900  a=31.5 b=42.3 gap=23.6 (face=19.2mm) n=[626, 697, 579, 186, 124, 718, 74]  tape=0.812km B=13.64T unif=1.325% hoop=173MPa
  [ 272] viol   f=  78.903  a=34.1 b=58.1 gap=21.8 (face=15.6mm) n=[513, 814, 694, 77, 90, 520, 338]  tape=1.103km B=13.02T unif=1.624% hoop=216MPa
  [ 273] INFEAS f=1161.281  a=40.7 b=43.7 gap=26.2 (face=24.4mm) n=[348, 612, 632, 180, 314, 776, 155]  no evaluation (geometry pre-check)
  [ 274] OK     f=   1.078  a=37.0 b=52.7 gap=23.2 (face=18.4mm) n=[381, 587, 788, 295, 233, 711, 114]  tape=1.078km B=12.18T unif=0.217% hoop=241MPa
  [ 275] viol   f= 203.466  a=35.9 b=41.4 gap=24.8 (face=21.7mm) n=[519, 648, 519, 126, 361, 588, 98]  tape=0.800km B=11.97T unif=2.007% hoop=185MPa
  [ 276] OK     f=   1.103  a=45.0 b=53.6 gap=26.5 (face=24.9mm) n=[498, 745, 715, 134, 295, 707, 63]  tape=1.103km B=12.09T unif=0.601% hoop=243MPa
  [ 277] INFEAS f=1137.947  a=38.1 b=41.3 gap=26.7 (face=25.3mm) n=[664, 607, 569, 116, 382, 844, 67]  no evaluation (geometry pre-check)
  [ 278] OK     f=   1.012  a=41.5 b=47.3 gap=24.3 (face=20.6mm) n=[485, 637, 735, 144, 231, 693, 204]  tape=1.012km B=12.54T unif=0.720% hoop=237MPa
  [ 279] viol   f=   1.644  a=35.7 b=43.3 gap=27.5 (face=27.0mm) n=[415, 517, 471, 175, 173, 740, 139]  tape=0.824km B=9.36T unif=0.645% hoop=190MPa
  [ 280] OK     f=   1.069  a=41.3 b=51.1 gap=26.2 (face=24.3mm) n=[507, 608, 584, 325, 249, 715, 139]  tape=1.069km B=11.77T unif=0.207% hoop=245MPa
  [ 281] INFEAS f=5144.513  a=39.0 b=33.9 gap=22.2 (face=16.5mm) n=[499, 674, 563, 78, 198, 652, 113]  no evaluation (geometry pre-check)  [a=56 b=154 nt=3990] KSP converged reason: 4, iterations: 1
  [a=59 b=121 nt=3758] KSP converged reason: 4, iterations: 1
  [a=55 b=116 nt=4146] KSP converged reason: 4, iterations: 1
  [a=81 b=95 nt=4350] KSP converged reason: 4, iterations: 1
  [a=44 b=99 nt=4844] KSP converged reason: 4, iterations: 1
  [a=58 b=91 nt=4020] KSP converged reason: 4, iterations: 1
  [a=56 b=95 nt=4806] KSP converged reason: 4, iterations: 1
  [a=58 b=70 nt=3344] KSP converged reason: 4, iterations: 1
  [a=45 b=107 nt=4623] KSP converged reason: 4, iterations: 1
  [a=38 b=117 nt=4759] KSP converged reason: 4, iterations: 1
  [a=42 b=47 nt=3451] KSP converged reason: 4, iterations: 1
  [a=41 b=103 nt=3671] KSP converged reason: 4, iterations: 1
  [a=46 b=83 nt=4240] KSP converged reason: 4, iterations: 1
  [a=43 b=80 nt=3841] KSP converged reason: 4, iterations: 1
  [a=47 b=91 nt=3290] KSP converged reason: 4, iterations: 1
  [a=53 b=68 nt=4076] KSP converged reason: 4, iterations: 1
  [a=43 b=76 nt=3357] KSP converged reason: 4, iterations: 1
  [a=45 b=67 nt=4110] KSP converged reason: 4, iterations: 1
  [a=42 b=83 nt=3287] KSP converged reason: 4, iterations: 1
  [a=49 b=89 nt=3605] KSP converged reason: 4, iterations: 1
  [a=47 b=60 nt=3313] KSP converged reason: 4, iterations: 1
  [a=57 b=105 nt=3719] KSP converged reason: 4, iterations: 1
  [a=45 b=68 nt=3079] KSP converged reason: 4, iterations: 1
  [a=42 b=88 nt=3582] KSP converged reason: 4, iterations: 1
  [a=46 b=87 nt=3041] KSP converged reason: 4, iterations: 1
  [a=50 b=62 nt=3335] KSP converged reason: 4, iterations: 1
  [a=43 b=54 nt=3031] KSP converged reason: 4, iterations: 1
  [a=57 b=69 nt=3346] KSP converged reason: 4, iterations: 1
  [a=45 b=57 nt=3136] KSP converged reason: 4, iterations: 1
  [a=37 b=66 nt=3306] KSP converged reason: 4, iterations: 1
  [a=44 b=59 nt=3181] KSP converged reason: 4, iterations: 1
  [a=45 b=64 nt=3328] KSP converged reason: 4, iterations: 1
  [a=51 b=56 nt=3599] KSP converged reason: 4, iterations: 1
  [a=34 b=58 nt=3046] KSP converged reason: 4, iterations: 1
  [a=37 b=59 nt=2985] KSP converged reason: 4, iterations: 1
  [a=43 b=52 nt=3120] KSP converged reason: 4, iterations: 1
  [a=43 b=54 nt=2905] KSP converged reason: 4, iterations: 1
  [a=33 b=109 nt=3403] KSP converged reason: 4, iterations: 1
  [a=77 b=142 nt=4463] KSP converged reason: 4, iterations: 1
  [a=48 b=129 nt=4573] KSP converged reason: 4, iterations: 1
  [a=65 b=93 nt=3018] KSP converged reason: 4, iterations: 1
  [a=88 b=113 nt=4160] KSP converged reason: 4, iterations: 1
  [a=38 b=113 nt=4262] KSP converged reason: 4, iterations: 1
  [a=57 b=90 nt=4379] KSP converged reason: 4, iterations: 1
  [a=101 b=107 nt=4183] KSP converged reason: 4, iterations: 1
  [a=66 b=90 nt=3344] KSP converged reason: 4, iterations: 1
  [a=37 b=70 nt=4283] KSP converged reason: 4, iterations: 1
  [a=51 b=71 nt=3597] KSP converged reason: 4, iterations: 1
  [a=55 b=116 nt=3869] KSP converged reason: 4, iterations: 1
  [a=41 b=95 nt=3757] KSP converged reason: 4, iterations: 1
  [a=37 b=109 nt=4097] KSP converged reason: 4, iterations: 1
  [a=54 b=90 nt=4421] KSP converged reason: 4, iterations: 1
  [a=57 b=101 nt=3066] KSP converged reason: 4, iterations: 1
  [a=53 b=77 nt=4162] KSP converged reason: 4, iterations: 1
  [a=38 b=80 nt=3778] KSP converged reason: 4, iterations: 1
  [a=40 b=85 nt=3777] KSP converged reason: 4, iterations: 1
  [a=50 b=94 nt=3252] KSP converged reason: 4, iterations: 1
  [a=35 b=80 nt=3965] KSP converged reason: 4, iterations: 1
  [a=41 b=80 nt=3757] KSP converged reason: 4, iterations: 1
  [a=68 b=102 nt=3783] KSP converged reason: 4, iterations: 1
  [a=48 b=63 nt=3535] KSP converged reason: 4, iterations: 1
  [a=52 b=75 nt=3163] KSP converged reason: 4, iterations: 1
  [a=44 b=85 nt=3631] KSP converged reason: 4, iterations: 1
  [a=47 b=60 nt=3318] KSP converged reason: 4, iterations: 1
  [a=47 b=71 nt=3064] KSP converged reason: 4, iterations: 1
  [a=48 b=56 nt=3024] KSP converged reason: 4, iterations: 1
  [a=46 b=59 nt=2660] KSP converged reason: 4, iterations: 1
  [a=48 b=64 nt=3194] KSP converged reason: 4, iterations: 1
  [a=43 b=62 nt=3222] KSP converged reason: 4, iterations: 1
  [a=31 b=42 nt=3004] KSP converged reason: 4, iterations: 1
  [a=36 b=43 nt=2630] KSP converged reason: 4, iterations: 1
  [a=38 b=52 nt=3192] KSP converged reason: 4, iterations: 1
  [a=36 b=53 nt=3739] KSP converged reason: 4, iterations: 1
  [a=39 b=51 nt=2953] KSP converged reason: 4, iterations: 1
  [a=53 b=147 nt=4047] KSP converged reason: 4, iterations: 1
  [a=58 b=147 nt=3862] KSP converged reason: 4, iterations: 1
  [a=46 b=138 nt=3602] KSP converged reason: 4, iterations: 1
  [a=85 b=118 nt=4869] KSP converged reason: 4, iterations: 1
  [a=46 b=120 nt=4251] KSP converged reason: 4, iterations: 1
  [a=55 b=107 nt=3330] KSP converged reason: 4, iterations: 1
  [a=31 b=73 nt=3224] KSP converged reason: 4, iterations: 1
  [a=50 b=82 nt=3836] KSP converged reason: 4, iterations: 1
  [a=57 b=83 nt=3954] KSP converged reason: 4, iterations: 1
  [a=63 b=109 nt=3083] KSP converged reason: 4, iterations: 1
  [a=53 b=86 nt=3721] KSP converged reason: 4, iterations: 1
  [a=37 b=78 nt=3686] KSP converged reason: 4, iterations: 1
  [a=38 b=87 nt=4729] KSP converged reason: 4, iterations: 1
  [a=39 b=95 nt=3923] KSP converged reason: 4, iterations: 1
  [a=48 b=90 nt=4417] KSP converged reason: 4, iterations: 1
  [a=42 b=108 nt=3629] KSP converged reason: 4, iterations: 1
  [a=47 b=69 nt=2843] KSP converged reason: 4, iterations: 1
  [a=52 b=84 nt=3142] KSP converged reason: 4, iterations: 1
  [a=63 b=78 nt=3498] KSP converged reason: 4, iterations: 1
  [a=38 b=81 nt=2277] KSP converged reason: 4, iterations: 1
  [a=53 b=69 nt=3686] KSP converged reason: 4, iterations: 1
  [a=37 b=84 nt=3697] KSP converged reason: 4, iterations: 1
  [a=53 b=90 nt=3854] KSP converged reason: 4, iterations: 1
  [a=60 b=75 nt=3844] KSP converged reason: 4, iterations: 1
  [a=45 b=82 nt=4023] KSP converged reason: 4, iterations: 1
  [a=47 b=85 nt=2952] KSP converged reason: 4, iterations: 1
  [a=45 b=85 nt=4066] KSP converged reason: 4, iterations: 1
  [a=52 b=59 nt=3283] KSP converged reason: 4, iterations: 1
  [a=46 b=58 nt=3792] KSP converged reason: 4, iterations: 1
  [a=50 b=66 nt=3440] KSP converged reason: 4, iterations: 1
  [a=47 b=52 nt=3479] KSP converged reason: 4, iterations: 1
  [a=42 b=56 nt=3106] KSP converged reason: 4, iterations: 1
  [a=42 b=61 nt=3208] KSP converged reason: 4, iterations: 1
  [a=40 b=60 nt=3571] KSP converged reason: 4, iterations: 1
  [a=37 b=53 nt=3109] KSP converged reason: 4, iterations: 1
  [a=46 b=56 nt=3238] KSP converged reason: 4, iterations: 1
  [a=37 b=52 nt=3120] KSP converged reason: 4, iterations: 1
  [a=42 b=50 nt=3124] KSP converged reason: 4, iterations: 1
  [a=42 b=126 nt=4731] KSP converged reason: 4, iterations: 1
  [a=51 b=130 nt=4574] KSP converged reason: 4, iterations: 1
  [a=48 b=103 nt=3648] KSP converged reason: 4, iterations: 1
  [a=74 b=113 nt=4607] KSP converged reason: 4, iterations: 1
  [a=61 b=129 nt=3793] KSP converged reason: 4, iterations: 1
  [a=54 b=135 nt=3893] KSP converged reason: 4, iterations: 1
  [a=52 b=104 nt=4278] KSP converged reason: 4, iterations: 1
  [a=57 b=89 nt=3768] KSP converged reason: 4, iterations: 1
  [a=41 b=51 nt=4811] KSP converged reason: 4, iterations: 1
  [a=47 b=93 nt=3797] KSP converged reason: 4, iterations: 1
  [a=49 b=68 nt=4338] KSP converged reason: 4, iterations: 1
  [a=45 b=77 nt=4578] KSP converged reason: 4, iterations: 1
  [a=60 b=104 nt=4428] KSP converged reason: 4, iterations: 1
  [a=47 b=109 nt=4249] KSP converged reason: 4, iterations: 1
  [a=40 b=63 nt=3850] KSP converged reason: 4, iterations: 1
  [a=73 b=92 nt=3260] KSP converged reason: 4, iterations: 1
  [a=36 b=79 nt=3075] KSP converged reason: 4, iterations: 1
  [a=39 b=91 nt=3604] KSP converged reason: 4, iterations: 1
  [a=46 b=58 nt=2613] KSP converged reason: 4, iterations: 1
  [a=63 b=71 nt=3363] KSP converged reason: 4, iterations: 1
  [a=51 b=80 nt=3728] KSP converged reason: 4, iterations: 1
  [a=51 b=68 nt=3512] KSP converged reason: 4, iterations: 1
  [a=38 b=95 nt=3939] KSP converged reason: 4, iterations: 1
  [a=47 b=78 nt=3242] KSP converged reason: 4, iterations: 1
  [a=55 b=78 nt=3135] KSP converged reason: 4, iterations: 1
  [a=38 b=84 nt=3773] KSP converged reason: 4, iterations: 1
  [a=51 b=70 nt=3299] KSP converged reason: 4, iterations: 1
  [a=46 b=84 nt=3638] KSP converged reason: 4, iterations: 1
  [a=43 b=65 nt=3124] KSP converged reason: 4, iterations: 1
  [a=40 b=50 nt=3268] KSP converged reason: 4, iterations: 1
  [a=41 b=81 nt=4023] KSP converged reason: 4, iterations: 1
  [a=42 b=50 nt=3491] KSP converged reason: 4, iterations: 1
  [a=51 b=58 nt=3470] KSP converged reason: 4, iterations: 1
  [a=47 b=58 nt=3053] KSP converged reason: 4, iterations: 1
  [a=34 b=41 nt=3043] KSP converged reason: 4, iterations: 1
  [a=41 b=47 nt=3129] KSP converged reason: 4, iterations: 1
  [a=41 b=51 nt=3127] KSP converged reason: 4, iterations: 1
  [a=40 b=52 nt=3253] KSP converged reason: 4, iterations: 1
  [a=43 b=57 nt=3475] KSP converged reason: 4, iterations: 1
  [a=42 b=60 nt=3079] KSP converged reason: 4, iterations: 1
  [a=64 b=121 nt=4170] KSP converged reason: 4, iterations: 1
  [a=37 b=106 nt=3333] KSP converged reason: 4, iterations: 1
  [a=50 b=114 nt=4147] KSP converged reason: 4, iterations: 1
  [a=61 b=89 nt=4786] KSP converged reason: 4, iterations: 1
  [a=53 b=100 nt=4229] KSP converged reason: 4, iterations: 1
  [a=80 b=131 nt=4694] KSP converged reason: 4, iterations: 1
  [a=54 b=63 nt=3147] KSP converged reason: 4, iterations: 1
  [a=54 b=72 nt=3807] KSP converged reason: 4, iterations: 1
  [a=36 b=57 nt=4158] KSP converged reason: 4, iterations: 1
  [a=45 b=88 nt=4975] KSP converged reason: 4, iterations: 1
  [a=43 b=75 nt=3397] KSP converged reason: 4, iterations: 1
  [a=39 b=96 nt=4183] KSP converged reason: 4, iterations: 1
  [a=42 b=123 nt=3334] KSP converged reason: 4, iterations: 1
  [a=57 b=99 nt=3431] KSP converged reason: 4, iterations: 1
  [a=53 b=106 nt=3808] KSP converged reason: 4, iterations: 1
  [a=44 b=71 nt=3431] KSP converged reason: 4, iterations: 1
  [a=49 b=121 nt=3191] KSP converged reason: 4, iterations: 1
  [a=50 b=68 nt=3853] KSP converged reason: 4, iterations: 1
  [a=36 b=63 nt=2552] KSP converged reason: 4, iterations: 1
  [a=62 b=83 nt=4269] KSP converged reason: 4, iterations: 1
  [a=52 b=76 nt=3224] KSP converged reason: 4, iterations: 1
  [a=46 b=83 nt=3549] KSP converged reason: 4, iterations: 1
  [a=48 b=93 nt=3795] KSP converged reason: 4, iterations: 1
  [a=53 b=70 nt=2991] KSP converged reason: 4, iterations: 1
  [a=49 b=54 nt=3955] KSP converged reason: 4, iterations: 1
  [a=49 b=63 nt=3586] KSP converged reason: 4, iterations: 1
  [a=46 b=60 nt=3608] KSP converged reason: 4, iterations: 1
  [a=57 b=65 nt=3289] KSP converged reason: 4, iterations: 1
  [a=43 b=48 nt=3251] KSP converged reason: 4, iterations: 1
  [a=45 b=53 nt=3361] KSP converged reason: 4, iterations: 1
  [a=44 b=65 nt=3303] KSP converged reason: 4, iterations: 1
  [a=45 b=54 nt=3483] KSP converged reason: 4, iterations: 1
  [a=52 b=59 nt=3488] KSP converged reason: 4, iterations: 1
  [a=45 b=54 nt=3157] KSP converged reason: 4, iterations: 1
  [a=33 b=49 nt=3340] KSP converged reason: 4, iterations: 1
  [a=38 b=48 nt=3346] KSP converged reason: 4, iterations: 1
  [a=82 b=101 nt=4041] KSP converged reason: 4, iterations: 1
  [a=48 b=140 nt=3953] KSP converged reason: 4, iterations: 1
  [a=61 b=109 nt=4480] KSP converged reason: 4, iterations: 1
  [a=52 b=120 nt=3431] KSP converged reason: 4, iterations: 1
  [a=49 b=152 nt=3414] KSP converged reason: 4, iterations: 1
  [a=71 b=119 nt=3278] KSP converged reason: 4, iterations: 1
  [a=83 b=99 nt=3299] KSP converged reason: 4, iterations: 1
  [a=67 b=118 nt=4616] KSP converged reason: 4, iterations: 1
  [a=42 b=84 nt=4276] KSP converged reason: 4, iterations: 1
  [a=58 b=94 nt=5032] KSP converged reason: 4, iterations: 1
  [a=47 b=106 nt=4574] KSP converged reason: 4, iterations: 1
  [a=33 b=73 nt=2597] KSP converged reason: 4, iterations: 1
  [a=41 b=84 nt=4919] KSP converged reason: 4, iterations: 1
  [a=65 b=86 nt=4219] KSP converged reason: 4, iterations: 1
  [a=44 b=118 nt=3650] KSP converged reason: 4, iterations: 1
  [a=38 b=84 nt=2894] KSP converged reason: 4, iterations: 1
  [a=62 b=129 nt=3114] KSP converged reason: 4, iterations: 1
  [a=65 b=98 nt=3501] KSP converged reason: 4, iterations: 1
  [a=59 b=70 nt=3581] KSP converged reason: 4, iterations: 1
  [a=40 b=85 nt=3991] KSP converged reason: 4, iterations: 1
  [a=51 b=98 nt=3212] KSP converged reason: 4, iterations: 1
  [a=39 b=72 nt=3535] KSP converged reason: 4, iterations: 1
  [a=56 b=80 nt=4140] KSP converged reason: 4, iterations: 1
  [a=45 b=69 nt=3728] KSP converged reason: 4, iterations: 1
  [a=50 b=64 nt=3394] KSP converged reason: 4, iterations: 1
  [a=49 b=76 nt=3214] KSP converged reason: 4, iterations: 1
  [a=57 b=72 nt=3469] KSP converged reason: 4, iterations: 1
  [a=50 b=56 nt=3329] KSP converged reason: 4, iterations: 1
  [a=41 b=57 nt=3222] KSP converged reason: 4, iterations: 1
  [a=42 b=48 nt=2594] KSP converged reason: 4, iterations: 1
  [a=42 b=73 nt=3304] KSP converged reason: 4, iterations: 1
  [a=44 b=57 nt=3682] KSP converged reason: 4, iterations: 1
  [a=39 b=62 nt=3302] KSP converged reason: 4, iterations: 1
  [a=43 b=56 nt=3234] KSP converged reason: 4, iterations: 1
  [a=50 b=57 nt=3730] KSP converged reason: 4, iterations: 1
  [a=36 b=41 nt=2859] KSP converged reason: 4, iterations: 1
  [a=37 b=52 nt=2978] KSP converged reason: 4, iterations: 1
  [a=41 b=49 nt=2878] KSP converged reason: 4, iterations: 1
  [a=37 b=54 nt=3100] KSP converged reason: 4, iterations: 1

  [ 282] INFEAS f=1166.981  a=41.1 b=44.1 gap=26.7 (face=25.4mm) n=[336, 376, 722, 145, 237, 802, 216]  no evaluation (geometry pre-check)
  [ 283] INFEAS f=1090.633  a=40.4 b=43.9 gap=24.1 (face=20.2mm) n=[580, 464, 794, 383, 295, 689, 176]  no evaluation (geometry pre-check)
  [ 284] OK     f=   1.202  a=45.8 b=56.1 gap=25.9 (face=23.8mm) n=[535, 828, 695, 61, 55, 883, 181]  tape=1.202km B=11.80T unif=0.259% hoop=247MPa
  [ 285] INFEAS f=2530.696  a=43.9 b=42.7 gap=22.2 (face=16.5mm) n=[457, 552, 666, 275, 177, 780, 149]  no evaluation (geometry pre-check)
  [ 286] OK     f=   1.053  a=38.4 b=52.4 gap=22.2 (face=16.5mm) n=[574, 700, 733, 59, 208, 769, 149]  tape=1.053km B=13.64T unif=0.668% hoop=229MPa
  [ 287] INFEAS f=2833.901  a=34.7 b=32.9 gap=23.2 (face=18.3mm) n=[505, 412, 644, 161, 89, 766, 273]  no evaluation (geometry pre-check)
  [ 288] INFEAS f=1008.840  a=47.1 b=51.6 gap=27.5 (face=27.0mm) n=[486, 679, 730, 115, 84, 548, 179]  no evaluation (geometry pre-check)
  [ 289] INFEAS f=2592.449  a=29.6 b=46.9 gap=22.9 (face=17.7mm) n=[398, 810, 564, 154, 231, 580, 270]  no evaluation (geometry pre-check)
  [ 290] OK     f=   1.090  a=40.3 b=52.2 gap=26.3 (face=24.6mm) n=[558, 701, 693, 350, 220, 570, 161]  tape=1.090km B=12.99T unif=0.348% hoop=240MPa
  [ 291] OK     f=   1.009  a=33.0 b=49.4 gap=23.6 (face=19.2mm) n=[588, 754, 732, 68, 280, 731, 187]  tape=1.009km B=14.33T unif=0.746% hoop=196MPa
  [ 292] OK     f=   0.998  a=36.7 b=51.9 gap=20.3 (face=12.7mm) n=[481, 514, 731, 300, 82, 677, 193]  tape=0.998km B=12.68T unif=0.602% hoop=247MPa
  [ 293] INFEAS f=1046.229  a=41.9 b=45.8 gap=23.3 (face=18.5mm) n=[780, 630, 635, 323, 131, 640, 247]  no evaluation (geometry pre-check)
  [ 294] OK     f=   1.008  a=36.9 b=51.9 gap=24.5 (face=20.9mm) n=[456, 706, 707, 100, 275, 676, 200]  tape=1.008km B=12.77T unif=0.522% hoop=214MPa
  [ 295] INFEAS f=1493.896  a=47.5 b=49.0 gap=24.0 (face=20.0mm) n=[575, 852, 778, 240, 131, 595, 68]  no evaluation (geometry pre-check)
  [ 296] viol   f=   3.753  a=43.5 b=56.6 gap=27.6 (face=27.1mm) n=[515, 879, 785, 116, 147, 876, 157]  tape=1.267km B=12.42T unif=1.111% hoop=235MPa
  [ 297] OK     f=   1.133  a=37.3 b=59.1 gap=28.0 (face=28.1mm) n=[581, 563, 630, 55, 233, 873, 50]  tape=1.133km B=10.02T unif=0.440% hoop=229MPa
  [ 298] viol   f=   1.484  a=35.6 b=52.9 gap=27.6 (face=27.2mm) n=[710, 810, 807, 359, 142, 763, 148]  tape=1.205km B=14.11T unif=1.037% hoop=209MPa
  [ 299] OK     f=   1.104  a=43.4 b=52.1 gap=27.0 (face=25.9mm) n=[537, 544, 734, 118, 258, 788, 141]  tape=1.104km B=11.14T unif=0.467% hoop=301MPa
  [ 300] OK     f=   0.928  a=40.7 b=48.8 gap=24.5 (face=21.0mm) n=[601, 628, 594, 77, 188, 732, 58]  tape=0.928km B=11.77T unif=0.246% hoop=219MPa
  [ 301] INFEAS f=1174.686  a=33.0 b=40.3 gap=24.7 (face=21.3mm) n=[474, 438, 573, 327, 336, 834, 149]  no evaluation (geometry pre-check)
  [ 302] INFEAS f=1716.446  a=29.0 b=50.6 gap=23.6 (face=19.2mm) n=[547, 760, 535, 133, 254, 759, 131]  no evaluation (geometry pre-check)
  [ 303] OK     f=   1.049  a=41.8 b=49.8 gap=23.3 (face=18.7mm) n=[537, 706, 693, 202, 102, 807, 77]  tape=1.049km B=12.73T unif=0.388% hoop=242MPa
  [ 304] INFEAS f=1260.697  a=36.7 b=39.1 gap=20.7 (face=13.3mm) n=[528, 573, 641, 83, 158, 680, 78]  no evaluation (geometry pre-check)
  [ 305] OK     f=   0.975  a=39.4 b=50.7 gap=26.4 (face=24.8mm) n=[541, 566, 775, 152, 67, 792, 60]  tape=0.975km B=10.98T unif=0.925% hoop=217MPa
  [ 306] OK     f=   1.067  a=43.0 b=53.8 gap=22.8 (face=17.6mm) n=[566, 531, 641, 188, 91, 831, 57]  tape=1.067km B=11.04T unif=0.735% hoop=272MPa
  [ 307] OK     f=   1.180  a=41.8 b=59.5 gap=23.8 (face=19.6mm) n=[572, 621, 829, 141, 96, 671, 149]  tape=1.180km B=11.78T unif=0.714% hoop=253MPa
  [ 308] INFEAS f=1178.353  a=40.3 b=43.2 gap=23.7 (face=19.5mm) n=[565, 529, 822, 246, 201, 666, 214]  no evaluation (geometry pre-check)
  [ 309] OK     f=   1.141  a=38.4 b=47.8 gap=22.3 (face=16.5mm) n=[542, 547, 658, 260, 168, 843, 328]  tape=1.141km B=12.73T unif=0.464% hoop=277MPa
  [ 310] viol   f=   1.198  a=37.3 b=53.9 gap=21.6 (face=15.1mm) n=[607, 692, 668, 139, 200, 697, 97]  tape=1.005km B=13.98T unif=1.031% hoop=215MPa

==========================================================================================
CMA-ES finished: 310 evaluations in 8.0 min
==========================================================================================

Best feasible design found:
  a_mm             34.12155068356556
  b_mm             41.49742472189874
  gap_mm           24.0625649641632
  face_gap_mm      20.125129928326405
  n_turns          [600, 557, 604, 305, 137, 759, 81]
  n_total          3043
  tape_km          0.8788653983245681
  B_target_T       12.563752152197116
  uniformity_pct   0.5048417790940366
  hoop_MPa         189.77451596028388
  delam_MPa        10.09506083385255
  I_quench_A       393.614572273636
  I_op_A           216.5096657170715
  binding          quench/SF
  clip_frac        0.20305676855895197

Full evaluation history -> optimize/cmaes_history.csv
Best design            -> optimize/cmaes_results.csv
Appended 310 rows to cumulative master log -> optimize/cmaes_all_evaluations.csv

Figures -> /home/gerrityjack/fenicsx/Racetrack-Coil-Optimization/visualization/cmaes_convergence.png, cmaes_constraints.png, cmaes_variables.png, cmaes_overview.png
Cumulative parameter-space map -> visualization/cmaes_param_map.png (23390 evaluations, 75 runs)
