/home/gerrityjack/fenicsx/Racetrack-Coil-Optimization/physics/ic_model.py:381: UserWarning: Using column '𝘯-value' as n-value column.
  warnings.warn(f"Using column '{candidates[0]}' as n-value column.")
      [newton-bootstrap] ramp-up done -> alpha=0.15
      [newton-bootstrap] CAP  in 30 iters, SCIF=+183.63 mT
    [bootstrap] 30 Picard iterations (converged=False -- either is fine, this only needs to seed Newton's initial guess)
      [debug layer 0] Jc range (this layer's cells): [4.3309e+11,4.9430e+11]  n range: [21.588,27.834]  any Jc<=0: False  any nonfinite Jc: False  any nonfinite n: False
      [debug layer 0] SNES reason=3  its=5  T finite: True
      [debug layer 1] Jc range (this layer's cells): [3.6699e+11,4.9413e+11]  n range: [20.081,27.827]  any Jc<=0: False  any nonfinite Jc: False  any nonfinite n: False
      [debug layer 1] SNES reason=3  its=8  T finite: True
      [debug layer 2] Jc range (this layer's cells): [2.4042e+11,4.9345e+11]  n range: [18.500,27.724]  any Jc<=0: False  any nonfinite Jc: False  any nonfinite n: False
      [debug layer 2] SNES reason=3  its=12  T finite: True
      [debug layer 3] Jc range (this layer's cells): [2.5169e+11,4.9331e+11]  n range: [18.299,27.750]  any Jc<=0: False  any nonfinite Jc: False  any nonfinite n: False
      [debug layer 3] SNES reason=3  its=9  T finite: True
      [debug layer 4] Jc range (this layer's cells): [2.8985e+11,4.4413e+11]  n range: [19.464,23.652]  any Jc<=0: False  any nonfinite Jc: False  any nonfinite n: False
      [debug layer 4] SNES reason=3  its=15  T finite: True
      [debug layer 5] Jc range (this layer's cells): [2.9368e+11,4.8330e+11]  n range: [19.774,26.368]  any Jc<=0: False  any nonfinite Jc: False  any nonfinite n: False
      [debug layer 5] SNES reason=3  its=13  T finite: True
    [newton k=  1] SCIF=    +1.34 mT  layer_snes_iters=[5, 8, 12, 9, 15, 13]  clip_frac_max=0.000
    [newton k=  2] SCIF=    +3.98 mT  layer_snes_iters=[1, 1, 1, 2, 2, 2]  clip_frac_max=0.000
    [newton k=  3] SCIF=    +5.89 mT  layer_snes_iters=[2, 2, 2, 2, 2, 2]  clip_frac_max=0.000
    [newton k=  4] SCIF=    +7.44 mT  layer_snes_iters=[2, 2, 2, 2, 3, 2]  clip_frac_max=0.000
    [newton k=  5] SCIF=    +8.67 mT  layer_snes_iters=[2, 2, 3, 2, 2, 0]  clip_frac_max=0.000
    [newton k=  6] SCIF=    +9.66 mT  layer_snes_iters=[2, 2, 2, 2, 2, 0]  clip_frac_max=0.000
    [newton k=  7] SCIF=   +10.45 mT  layer_snes_iters=[2, 2, 2, 2, 2, 0]  clip_frac_max=0.000
    [newton k=  8] SCIF=   +11.08 mT  layer_snes_iters=[2, 2, 2, 2, 0, 0]  clip_frac_max=0.000
    [newton k=  9] SCIF=   +11.58 mT  layer_snes_iters=[2, 2, 2, 2, 0, 0]  clip_frac_max=0.000
    [newton k= 10] SCIF=   +11.99 mT  layer_snes_iters=[2, 2, 2, 2, 0, 0]  clip_frac_max=0.000
    [newton k= 11] SCIF=   +12.31 mT  layer_snes_iters=[2, 2, 2, 2, 0, 0]  clip_frac_max=0.000
    [newton k= 12] SCIF=   +12.57 mT  layer_snes_iters=[2, 2, 2, 2, 0, 0]  clip_frac_max=0.000
    [newton k= 13] SCIF=   +12.78 mT  layer_snes_iters=[2, 2, 2, 2, 0, 0]  clip_frac_max=0.000
    [newton k= 14] SCIF=   +12.94 mT  layer_snes_iters=[2, 2, 2, 2, 0, 0]  clip_frac_max=0.000
    [newton k= 15] SCIF=   +13.08 mT  layer_snes_iters=[2, 2, 2, 2, 0, 0]  clip_frac_max=0.000
    [newton k= 16] SCIF=   +13.18 mT  layer_snes_iters=[2, 2, 2, 2, 0, 0]  clip_frac_max=0.000
    [newton k= 17] SCIF=   +13.27 mT  layer_snes_iters=[2, 2, 2, 2, 0, 0]  clip_frac_max=0.000
    [newton k= 18] SCIF=   +13.34 mT  layer_snes_iters=[2, 2, 2, 2, 0, 0]  clip_frac_max=0.000
    [newton k= 19] SCIF=   +13.39 mT  layer_snes_iters=[2, 2, 2, 2, 0, 0]  clip_frac_max=0.000
    [newton k= 20] SCIF=   +13.43 mT  layer_snes_iters=[2, 2, 2, 2, 0, 0]  clip_frac_max=0.000
    [newton k= 21] SCIF=   +13.47 mT  layer_snes_iters=[2, 2, 2, 2, 0, 0]  clip_frac_max=0.000
    [newton k= 22] SCIF=   +13.50 mT  layer_snes_iters=[2, 2, 2, 2, 0, 0]  clip_frac_max=0.000
    [newton k= 23] SCIF=   +13.52 mT  layer_snes_iters=[2, 2, 2, 2, 0, 0]  clip_frac_max=0.000
    [newton k= 24] SCIF=   +13.54 mT  layer_snes_iters=[2, 2, 2, 2, 0, 0]  clip_frac_max=0.000
    [newton k= 25] SCIF=   +13.55 mT  layer_snes_iters=[2, 2, 2, 2, 0, 0]  clip_frac_max=0.000
    [newton k= 26] SCIF=   +13.56 mT  layer_snes_iters=[2, 2, 2, 2, 0, 0]  clip_frac_max=0.000
    [newton k= 27] SCIF=   +13.57 mT  layer_snes_iters=[2, 2, 2, 2, 0, 0]  clip_frac_max=0.000
    [newton k= 28] SCIF=   +13.58 mT  layer_snes_iters=[2, 2, 2, 2, 0, 0]  clip_frac_max=0.000
    [newton k= 29] SCIF=   +13.58 mT  layer_snes_iters=[2, 2, 2, 2, 0, 0]  clip_frac_max=0.000
RESULT: {'converged': True, 'n_outer': 29, 'total_snes_iters': 303, 'scif_mT': 13.584423234488447}
