building mesh ...
/home/gerrityjack/fenicsx/Racetrack-Coil-Optimization/physics/ic_model.py:381: UserWarning: Using column '𝘯-value' as n-value column.
  warnings.warn(f"Using column '{candidates[0]}' as n-value column.")
==============================================================================
Newton/Picard-hybrid T-A solver validation
==============================================================================

=== A. REGRESSION vs Picard (k=71, SCIF=172.77 mT): I=32.667 A, dt=600.0 s ===
      [newton-bootstrap] ramp-up done -> alpha=0.15
      [newton-bootstrap] CAP  in 30 iters, SCIF=+183.62 mT
    [bootstrap] 30 Picard iterations (converged=False -- either is fine, this only needs to seed Newton's initial guess)
      [debug layer 0] Jc range (this layer's cells): [4.3272e+11,4.9430e+11]  n range: [21.567,27.834]  any Jc<=0: False  any nonfinite Jc: False  any nonfinite n: False
      [debug layer 0] SNES reason=3  its=5  T finite: True
      [debug layer 1] Jc range (this layer's cells): [3.6707e+11,4.9413e+11]  n range: [20.090,27.826]  any Jc<=0: False  any nonfinite Jc: False  any nonfinite n: False
      [debug layer 1] SNES reason=3  its=8  T finite: True
      [debug layer 2] Jc range (this layer's cells): [2.4044e+11,4.9344e+11]  n range: [18.502,27.723]  any Jc<=0: False  any nonfinite Jc: False  any nonfinite n: False
      [debug layer 2] SNES reason=3  its=12  T finite: True
      [debug layer 3] Jc range (this layer's cells): [2.5168e+11,4.9334e+11]  n range: [18.300,27.753]  any Jc<=0: False  any nonfinite Jc: False  any nonfinite n: False
      [debug layer 3] SNES reason=3  its=9  T finite: True
      [debug layer 4] Jc range (this layer's cells): [2.8969e+11,4.4802e+11]  n range: [19.460,23.839]  any Jc<=0: False  any nonfinite Jc: False  any nonfinite n: False
      [debug layer 4] SNES reason=3  its=15  T finite: True
      [debug layer 5] Jc range (this layer's cells): [2.9452e+11,4.8361e+11]  n range: [19.808,26.398]  any Jc<=0: False  any nonfinite Jc: False  any nonfinite n: False
      [debug layer 5] SNES reason=3  its=13  T finite: True
    [newton k=  1] SCIF=  +150.67 mT  layer_snes_iters=[5, 8, 12, 9, 15, 13]  clip_frac_max=0.000
    [newton k=  2] SCIF=  +171.48 mT  layer_snes_iters=[1, 1, 1, 2, 3, 2]  clip_frac_max=0.000
      [layer 0] iteration count spiked (28 vs previous max 3) -- treating as a stop signal despite SNES reporting success
      reverting outer iteration 3 entirely, returning the state from iteration 2 (NOT auto-validated -- check against independent ground truth before trusting this SCIF)
    [newton] step done: stop_reason=iteration_spike_reverted  n_outer=2  SCIF=+171.48 mT
  RESULT: converged=False  stop_reason=iteration_spike_reverted  outer_iters=2  total_inner_SNES_iters=100  SCIF=171.48 mT
  SCIF trajectory (last 2): [150.67, 171.48]

=== B. TARGET FIX (Picard never converged, 1000+ iters, std~100 mT): I=32.667 A, dt=100.0 s ===
      [newton-bootstrap] ramp-up done -> alpha=0.15
      [newton-bootstrap] CAP  in 30 iters, SCIF=+237.29 mT
    [bootstrap] 30 Picard iterations (converged=False -- either is fine, this only needs to seed Newton's initial guess)
      [debug layer 0] Jc range (this layer's cells): [1.6150e+11,4.9415e+11]  n range: [16.650,27.781]  any Jc<=0: False  any nonfinite Jc: False  any nonfinite n: False
      [debug layer 0] SNES reason=3  its=18  T finite: True
      [debug layer 1] Jc range (this layer's cells): [1.3087e+11,4.9412e+11]  n range: [16.808,27.763]  any Jc<=0: False  any nonfinite Jc: False  any nonfinite n: False
      [debug layer 1] SNES reason=3  its=17  T finite: True
      [debug layer 2] Jc range (this layer's cells): [1.6558e+11,4.9378e+11]  n range: [16.903,27.752]  any Jc<=0: False  any nonfinite Jc: False  any nonfinite n: False
      [debug layer 2] SNES reason=3  its=13  T finite: True
      [debug layer 3] Jc range (this layer's cells): [2.0453e+11,4.9376e+11]  n range: [17.361,27.708]  any Jc<=0: False  any nonfinite Jc: False  any nonfinite n: False
      [debug layer 3] SNES reason=3  its=14  T finite: True
      [debug layer 4] Jc range (this layer's cells): [2.2051e+11,4.5483e+11]  n range: [18.425,23.753]  any Jc<=0: False  any nonfinite Jc: False  any nonfinite n: False
      [debug layer 4] SNES reason=3  its=11  T finite: True
      [debug layer 5] Jc range (this layer's cells): [2.3913e+11,4.7956e+11]  n range: [18.724,26.324]  any Jc<=0: False  any nonfinite Jc: False  any nonfinite n: False
      [debug layer 5] SNES reason=3  its=10  T finite: True
    [newton k=  1] SCIF=  +637.42 mT  layer_snes_iters=[18, 17, 13, 14, 11, 10]  clip_frac_max=0.000
    [newton k=  2] SCIF=  +607.77 mT  layer_snes_iters=[20, 18, 18, 18, 2, 2]  clip_frac_max=0.067
    [newton k=  3] SCIF=  +533.29 mT  layer_snes_iters=[28, 29, 26, 38, 5, 5]  clip_frac_max=0.000
      [layer 0] Newton failed this outer iteration (reason=-9)
      reverting outer iteration 4 entirely, returning the state from iteration 3 (NOT auto-validated -- check against independent ground truth before trusting this SCIF)
    [newton] step done: stop_reason=newton_failure_reverted  n_outer=3  SCIF=+533.29 mT
  RESULT: converged=False  stop_reason=newton_failure_reverted  outer_iters=3  total_inner_SNES_iters=293  SCIF=533.29 mT
  SCIF trajectory (last 3): [637.42, 607.77, 533.29]

==============================================================================
SUMMARY
==============================================================================
A. dt=600 regression : SCIF=171.48 mT (Picard ground truth: 172.77 mT)  stop_reason=iteration_spike_reverted  PASS
B. dt=100 target fix : SCIF=533.29 mT (no ground truth available)  stop_reason=newton_failure_reverted  STATUS ONLY, not a validated result
==============================================================================
