building mesh ...
/home/gerrityjack/fenicsx/Racetrack-Coil-Optimization/physics/ic_model.py:381: UserWarning: Using column '𝘯-value' as n-value column.
  warnings.warn(f"Using column '{candidates[0]}' as n-value column.")
==============================================================================
Newton/Picard-hybrid T-A solver validation
==============================================================================

=== A. REGRESSION vs Picard (k=71, SCIF=172.77 mT): I=32.667 A, dt=600.0 s ===
      [newton-bootstrap] ramp-up done -> alpha=0.15
      [newton-bootstrap] CAP  in 30 iters, SCIF=+183.62 mT
    [bootstrap] 30 Picard iterations (converged=False -- either is fine, this only needs to seed Newton's initial guess)
      [debug layer 0] Jc range (this layer's cells): [4.3347e+11,4.9426e+11]  n range: [21.609,27.834]  any Jc<=0: False  any nonfinite Jc: False  any nonfinite n: False
      [debug layer 0] SNES reason=3  its=5  T finite: True
      [debug layer 1] Jc range (this layer's cells): [3.6715e+11,4.9413e+11]  n range: [20.090,27.825]  any Jc<=0: False  any nonfinite Jc: False  any nonfinite n: False
      [debug layer 1] SNES reason=3  its=8  T finite: True
      [debug layer 2] Jc range (this layer's cells): [2.4043e+11,4.9344e+11]  n range: [18.500,27.724]  any Jc<=0: False  any nonfinite Jc: False  any nonfinite n: False
      [debug layer 2] SNES reason=3  its=12  T finite: True
      [debug layer 3] Jc range (this layer's cells): [2.5165e+11,4.9333e+11]  n range: [18.300,27.752]  any Jc<=0: False  any nonfinite Jc: False  any nonfinite n: False
      [debug layer 3] SNES reason=3  its=9  T finite: True
      [debug layer 4] Jc range (this layer's cells): [2.9009e+11,4.4484e+11]  n range: [19.487,23.683]  any Jc<=0: False  any nonfinite Jc: False  any nonfinite n: False
      [debug layer 4] SNES reason=3  its=15  T finite: True
      [debug layer 5] Jc range (this layer's cells): [2.9463e+11,4.8423e+11]  n range: [19.812,26.452]  any Jc<=0: False  any nonfinite Jc: False  any nonfinite n: False
      [debug layer 5] SNES reason=3  its=13  T finite: True
    [newton k=  1] SCIF=  +150.65 mT  layer_snes_iters=[5, 8, 12, 9, 15, 13]  clip_frac_max=0.000
    [newton k=  2] SCIF=  +171.53 mT  layer_snes_iters=[1, 1, 1, 2, 2, 2]  clip_frac_max=0.000
      [layer 0] iteration count spiked (28 vs previous max 2) -- treating as a stop signal despite SNES reporting success
      reverting outer iteration 3 entirely, returning the state from iteration 2
    [newton] step done: stop_reason=iteration_spike_reverted  n_outer=2  SCIF=+171.53 mT
  RESULT: converged=True  outer_iters=2  total_inner_SNES_iters=99  SCIF=171.53 mT

=== B. TARGET FIX (Picard never converged, 1000+ iters, std~100 mT): I=32.667 A, dt=100.0 s ===
      [newton-bootstrap] ramp-up done -> alpha=0.15
      [newton-bootstrap] CAP  in 30 iters, SCIF=+150.87 mT
    [bootstrap] 30 Picard iterations (converged=False -- either is fine, this only needs to seed Newton's initial guess)
      [debug layer 0] Jc range (this layer's cells): [1.0241e+11,4.9296e+11]  n range: [16.398,27.615]  any Jc<=0: False  any nonfinite Jc: False  any nonfinite n: False
      [debug layer 0] SNES reason=3  its=13  T finite: True
      [debug layer 1] Jc range (this layer's cells): [1.2533e+11,4.9400e+11]  n range: [16.572,27.787]  any Jc<=0: False  any nonfinite Jc: False  any nonfinite n: False
      [debug layer 1] SNES reason=3  its=19  T finite: True
      [debug layer 2] Jc range (this layer's cells): [1.2444e+11,4.9037e+11]  n range: [16.420,27.288]  any Jc<=0: False  any nonfinite Jc: False  any nonfinite n: False
      [debug layer 2] SNES reason=3  its=16  T finite: True
      [debug layer 3] Jc range (this layer's cells): [1.6269e+11,4.9375e+11]  n range: [16.678,27.749]  any Jc<=0: False  any nonfinite Jc: False  any nonfinite n: False
      [debug layer 3] SNES reason=3  its=13  T finite: True
      [debug layer 4] Jc range (this layer's cells): [2.1988e+11,4.2754e+11]  n range: [17.132,23.526]  any Jc<=0: False  any nonfinite Jc: False  any nonfinite n: False
      [debug layer 4] SNES reason=3  its=11  T finite: True
      [debug layer 5] Jc range (this layer's cells): [2.2953e+11,4.6720e+11]  n range: [18.715,25.443]  any Jc<=0: False  any nonfinite Jc: False  any nonfinite n: False
      [debug layer 5] SNES reason=3  its=10  T finite: True
    [newton k=  1] SCIF=  -310.98 mT  layer_snes_iters=[13, 19, 16, 13, 11, 10]  clip_frac_max=0.002
    [newton k=  2] SCIF=  -283.11 mT  layer_snes_iters=[18, 20, 21, 20, 2, 2]  clip_frac_max=0.030
    [newton k=  3] SCIF=  -187.35 mT  layer_snes_iters=[32, 27, 38, 37, 5, 5]  clip_frac_max=0.000
      [layer 0] Newton failed this outer iteration (reason=-9)
      reverting outer iteration 4 entirely, returning the state from iteration 3
    [newton] step done: stop_reason=newton_failure_reverted  n_outer=3  SCIF=-187.35 mT
  RESULT: converged=True  outer_iters=3  total_inner_SNES_iters=310  SCIF=-187.35 mT

==============================================================================
SUMMARY
==============================================================================
A. dt=600 regression : converged=True  SCIF=171.53 mT (Picard: 172.77 mT)  PASS
B. dt=100 target fix : converged=True  SCIF=-187.35 mT (Picard: never converged)  PASS
==============================================================================
