/home/gerrityjack/fenicsx/Racetrack-Coil-Optimization/physics/ic_model.py:381: UserWarning: Using column '𝘯-value' as n-value column.
  warnings.warn(f"Using column '{candidates[0]}' as n-value column.")
      [newton-bootstrap] ramp-up done -> alpha=0.15
      [newton-bootstrap] CAP  in 30 iters, SCIF=+183.63 mT
    [bootstrap] 30 Picard iterations (converged=False -- either is fine, this only needs to seed Newton's initial guess)
      [debug layer 0] Jc range (this layer's cells): [4.3272e+11,4.9429e+11]  n range: [21.567,27.835]  any Jc<=0: False  any nonfinite Jc: False  any nonfinite n: False
      [debug layer 0] SNES reason=3  its=5  T finite: True
      [debug layer 1] Jc range (this layer's cells): [3.6711e+11,4.9413e+11]  n range: [20.081,27.828]  any Jc<=0: False  any nonfinite Jc: False  any nonfinite n: False
      [debug layer 1] SNES reason=3  its=8  T finite: True
      [debug layer 2] Jc range (this layer's cells): [2.4043e+11,4.9344e+11]  n range: [18.503,27.723]  any Jc<=0: False  any nonfinite Jc: False  any nonfinite n: False
      [debug layer 2] SNES reason=3  its=12  T finite: True
      [debug layer 3] Jc range (this layer's cells): [2.5167e+11,4.9329e+11]  n range: [18.308,27.748]  any Jc<=0: False  any nonfinite Jc: False  any nonfinite n: False
      [debug layer 3] SNES reason=3  its=9  T finite: True
      [debug layer 4] Jc range (this layer's cells): [2.9009e+11,4.4653e+11]  n range: [19.477,23.774]  any Jc<=0: False  any nonfinite Jc: False  any nonfinite n: False
      [debug layer 4] SNES reason=3  its=15  T finite: True
      [debug layer 5] Jc range (this layer's cells): [2.9407e+11,4.8344e+11]  n range: [19.794,26.385]  any Jc<=0: False  any nonfinite Jc: False  any nonfinite n: False
      [debug layer 5] SNES reason=3  its=13  T finite: True
    [newton k=  1] SCIF=  +150.77 mT  layer_snes_iters=[5, 8, 12, 9, 15, 13]  clip_frac_max=0.000
    [newton k=  2] SCIF=  +171.46 mT  layer_snes_iters=[1, 1, 1, 2, 2, 2]  clip_frac_max=0.000
    [newton k=  3] SCIF=   +22.58 mT  layer_snes_iters=[28, 13, 5, 10, 2, 3]  clip_frac_max=0.000
      [layer 0] Newton failed this outer iteration (reason=-9) -- keeping previous T, retrying next iteration
      [layer 2] Newton failed this outer iteration (reason=-9) -- keeping previous T, retrying next iteration
      [layer 3] Newton failed this outer iteration (reason=-9) -- keeping previous T, retrying next iteration
    [newton k=  4] SCIF=   -96.53 mT  layer_snes_iters=[1, 0, 1, 1, 3, 3]  clip_frac_max=0.000
      [layer 0] Newton failed this outer iteration (reason=-9) -- keeping previous T, retrying next iteration
      [layer 1] Newton failed this outer iteration (reason=-9) -- keeping previous T, retrying next iteration
      [layer 2] Newton failed this outer iteration (reason=-9) -- keeping previous T, retrying next iteration
      [layer 3] Newton failed this outer iteration (reason=-9) -- keeping previous T, retrying next iteration
    [newton k=  5] SCIF=  -191.81 mT  layer_snes_iters=[1, 1, 1, 1, 3, 3]  clip_frac_max=0.000
      [layer 0] Newton failed this outer iteration (reason=-9) -- keeping previous T, retrying next iteration
      [layer 1] Newton failed this outer iteration (reason=-9) -- keeping previous T, retrying next iteration
      [layer 2] Newton failed this outer iteration (reason=-9) -- keeping previous T, retrying next iteration
      [layer 3] Newton failed this outer iteration (reason=-9) -- keeping previous T, retrying next iteration
    [newton k=  6] SCIF=  -268.04 mT  layer_snes_iters=[8, 1, 1, 1, 3, 2]  clip_frac_max=0.000
      [layer 0] Newton failed this outer iteration (reason=-9) -- keeping previous T, retrying next iteration
      [layer 1] Newton failed this outer iteration (reason=-9) -- keeping previous T, retrying next iteration
      [layer 2] Newton failed this outer iteration (reason=-9) -- keeping previous T, retrying next iteration
      [layer 3] Newton failed this outer iteration (reason=-9) -- keeping previous T, retrying next iteration
    [newton k=  7] SCIF=  -329.02 mT  layer_snes_iters=[12, 1, 1, 1, 3, 2]  clip_frac_max=0.000
      [layer 0] Newton failed this outer iteration (reason=-9) -- keeping previous T, retrying next iteration
      [layer 1] Newton failed this outer iteration (reason=-9) -- keeping previous T, retrying next iteration
      [layer 2] Newton failed this outer iteration (reason=-9) -- keeping previous T, retrying next iteration
      [layer 3] Newton failed this outer iteration (reason=-9) -- keeping previous T, retrying next iteration
    [newton k=  8] SCIF=  -377.80 mT  layer_snes_iters=[13, 1, 1, 1, 2, 2]  clip_frac_max=0.000
      [layer 0] Newton failed this outer iteration (reason=-9) -- keeping previous T, retrying next iteration
      [layer 1] Newton failed this outer iteration (reason=-9) -- keeping previous T, retrying next iteration
      [layer 2] Newton failed this outer iteration (reason=-9) -- keeping previous T, retrying next iteration
      [layer 3] Newton failed this outer iteration (reason=-9) -- keeping previous T, retrying next iteration
    [newton k=  9] SCIF=  -416.83 mT  layer_snes_iters=[14, 1, 1, 1, 2, 2]  clip_frac_max=0.000
      [layer 0] Newton failed this outer iteration (reason=-9) -- keeping previous T, retrying next iteration
      [layer 1] Newton failed this outer iteration (reason=-9) -- keeping previous T, retrying next iteration
      [layer 2] Newton failed this outer iteration (reason=-9) -- keeping previous T, retrying next iteration
      [layer 3] Newton failed this outer iteration (reason=-9) -- keeping previous T, retrying next iteration
    [newton k= 10] SCIF=  -448.05 mT  layer_snes_iters=[15, 1, 1, 1, 2, 2]  clip_frac_max=0.000
      [layer 0] Newton failed this outer iteration (reason=-9) -- keeping previous T, retrying next iteration
      [layer 1] Newton failed this outer iteration (reason=-9) -- keeping previous T, retrying next iteration
      [layer 2] Newton failed this outer iteration (reason=-9) -- keeping previous T, retrying next iteration
      [layer 3] Newton failed this outer iteration (reason=-9) -- keeping previous T, retrying next iteration
    [newton k= 11] SCIF=  -473.03 mT  layer_snes_iters=[14, 1, 1, 1, 2, 2]  clip_frac_max=0.000
      [layer 0] Newton failed this outer iteration (reason=-9) -- keeping previous T, retrying next iteration
      [layer 1] Newton failed this outer iteration (reason=-9) -- keeping previous T, retrying next iteration
      [layer 2] Newton failed this outer iteration (reason=-9) -- keeping previous T, retrying next iteration
      [layer 3] Newton failed this outer iteration (reason=-9) -- keeping previous T, retrying next iteration
    [newton k= 12] SCIF=  -493.01 mT  layer_snes_iters=[14, 1, 1, 1, 2, 2]  clip_frac_max=0.000
      [layer 0] Newton failed this outer iteration (reason=-9) -- keeping previous T, retrying next iteration
      [layer 1] Newton failed this outer iteration (reason=-9) -- keeping previous T, retrying next iteration
      [layer 2] Newton failed this outer iteration (reason=-9) -- keeping previous T, retrying next iteration
      [layer 3] Newton failed this outer iteration (reason=-9) -- keeping previous T, retrying next iteration
    [newton k= 13] SCIF=  -509.00 mT  layer_snes_iters=[14, 1, 1, 1, 2, 2]  clip_frac_max=0.000
      [layer 0] Newton failed this outer iteration (reason=-9) -- keeping previous T, retrying next iteration
      [layer 1] Newton failed this outer iteration (reason=-9) -- keeping previous T, retrying next iteration
      [layer 2] Newton failed this outer iteration (reason=-9) -- keeping previous T, retrying next iteration
      [layer 3] Newton failed this outer iteration (reason=-9) -- keeping previous T, retrying next iteration
    [newton k= 14] SCIF=  -521.79 mT  layer_snes_iters=[14, 1, 1, 1, 2, 2]  clip_frac_max=0.000
      [layer 0] Newton failed this outer iteration (reason=-9) -- keeping previous T, retrying next iteration
      [layer 1] Newton failed this outer iteration (reason=-9) -- keeping previous T, retrying next iteration
      [layer 2] Newton failed this outer iteration (reason=-9) -- keeping previous T, retrying next iteration
      [layer 3] Newton failed this outer iteration (reason=-9) -- keeping previous T, retrying next iteration
    [newton k= 15] SCIF=  -532.02 mT  layer_snes_iters=[14, 1, 1, 1, 2, 2]  clip_frac_max=0.000
      [layer 0] Newton failed this outer iteration (reason=-9) -- keeping previous T, retrying next iteration
      [layer 1] Newton failed this outer iteration (reason=-9) -- keeping previous T, retrying next iteration
      [layer 2] Newton failed this outer iteration (reason=-9) -- keeping previous T, retrying next iteration
      [layer 3] Newton failed this outer iteration (reason=-9) -- keeping previous T, retrying next iteration
    [newton k= 16] SCIF=  -540.20 mT  layer_snes_iters=[14, 1, 1, 1, 2, 2]  clip_frac_max=0.000
      [layer 0] Newton failed this outer iteration (reason=-9) -- keeping previous T, retrying next iteration
      [layer 1] Newton failed this outer iteration (reason=-9) -- keeping previous T, retrying next iteration
      [layer 2] Newton failed this outer iteration (reason=-9) -- keeping previous T, retrying next iteration
      [layer 3] Newton failed this outer iteration (reason=-9) -- keeping previous T, retrying next iteration
    [newton k= 17] SCIF=  -546.75 mT  layer_snes_iters=[14, 1, 1, 1, 2, 2]  clip_frac_max=0.000
      [layer 0] Newton failed this outer iteration (reason=-9) -- keeping previous T, retrying next iteration
      [layer 1] Newton failed this outer iteration (reason=-9) -- keeping previous T, retrying next iteration
      [layer 2] Newton failed this outer iteration (reason=-9) -- keeping previous T, retrying next iteration
      [layer 3] Newton failed this outer iteration (reason=-9) -- keeping previous T, retrying next iteration
    [newton k= 18] SCIF=  -551.99 mT  layer_snes_iters=[14, 1, 1, 1, 2, 2]  clip_frac_max=0.000
      [layer 0] Newton failed this outer iteration (reason=-9) -- keeping previous T, retrying next iteration
      [layer 1] Newton failed this outer iteration (reason=-9) -- keeping previous T, retrying next iteration
      [layer 2] Newton failed this outer iteration (reason=-9) -- keeping previous T, retrying next iteration
      [layer 3] Newton failed this outer iteration (reason=-9) -- keeping previous T, retrying next iteration
    [newton k= 19] SCIF=  -556.18 mT  layer_snes_iters=[14, 1, 1, 1, 2, 2]  clip_frac_max=0.000
      [layer 0] Newton failed this outer iteration (reason=-9) -- keeping previous T, retrying next iteration
      [layer 1] Newton failed this outer iteration (reason=-9) -- keeping previous T, retrying next iteration
      [layer 2] Newton failed this outer iteration (reason=-9) -- keeping previous T, retrying next iteration
      [layer 3] Newton failed this outer iteration (reason=-9) -- keeping previous T, retrying next iteration
    [newton k= 20] SCIF=  -559.53 mT  layer_snes_iters=[14, 1, 1, 1, 2, 2]  clip_frac_max=0.000
      [layer 0] Newton failed this outer iteration (reason=-9) -- keeping previous T, retrying next iteration
      [layer 1] Newton failed this outer iteration (reason=-9) -- keeping previous T, retrying next iteration
      [layer 2] Newton failed this outer iteration (reason=-9) -- keeping previous T, retrying next iteration
      [layer 3] Newton failed this outer iteration (reason=-9) -- keeping previous T, retrying next iteration
    [newton k= 21] SCIF=  -562.21 mT  layer_snes_iters=[14, 1, 1, 1, 2, 2]  clip_frac_max=0.000
      [layer 0] Newton failed this outer iteration (reason=-9) -- keeping previous T, retrying next iteration
      [layer 1] Newton failed this outer iteration (reason=-9) -- keeping previous T, retrying next iteration
      [layer 2] Newton failed this outer iteration (reason=-9) -- keeping previous T, retrying next iteration
      [layer 3] Newton failed this outer iteration (reason=-9) -- keeping previous T, retrying next iteration
    [newton k= 22] SCIF=  -564.36 mT  layer_snes_iters=[14, 1, 1, 1, 2, 2]  clip_frac_max=0.000
      [layer 0] Newton failed this outer iteration (reason=-9) -- keeping previous T, retrying next iteration
      [layer 1] Newton failed this outer iteration (reason=-9) -- keeping previous T, retrying next iteration
      [layer 2] Newton failed this outer iteration (reason=-9) -- keeping previous T, retrying next iteration
      [layer 3] Newton failed this outer iteration (reason=-9) -- keeping previous T, retrying next iteration
    [newton k= 23] SCIF=  -566.08 mT  layer_snes_iters=[14, 1, 1, 1, 2, 2]  clip_frac_max=0.000
      [layer 0] Newton failed this outer iteration (reason=-9) -- keeping previous T, retrying next iteration
      [layer 1] Newton failed this outer iteration (reason=-9) -- keeping previous T, retrying next iteration
      [layer 2] Newton failed this outer iteration (reason=-9) -- keeping previous T, retrying next iteration
      [layer 3] Newton failed this outer iteration (reason=-9) -- keeping previous T, retrying next iteration
    [newton k= 24] SCIF=  -567.45 mT  layer_snes_iters=[14, 1, 1, 1, 2, 2]  clip_frac_max=0.000
      [layer 0] Newton failed this outer iteration (reason=-9) -- keeping previous T, retrying next iteration
      [layer 1] Newton failed this outer iteration (reason=-9) -- keeping previous T, retrying next iteration
      [layer 2] Newton failed this outer iteration (reason=-9) -- keeping previous T, retrying next iteration
      [layer 3] Newton failed this outer iteration (reason=-9) -- keeping previous T, retrying next iteration
    [newton k= 25] SCIF=  -568.55 mT  layer_snes_iters=[14, 1, 1, 1, 2, 2]  clip_frac_max=0.000
      [layer 0] Newton failed this outer iteration (reason=-9) -- keeping previous T, retrying next iteration
      [layer 1] Newton failed this outer iteration (reason=-9) -- keeping previous T, retrying next iteration
      [layer 2] Newton failed this outer iteration (reason=-9) -- keeping previous T, retrying next iteration
      [layer 3] Newton failed this outer iteration (reason=-9) -- keeping previous T, retrying next iteration
    [newton k= 26] SCIF=  -569.43 mT  layer_snes_iters=[14, 1, 1, 1, 2, 2]  clip_frac_max=0.000
      [layer 0] Newton failed this outer iteration (reason=-9) -- keeping previous T, retrying next iteration
      [layer 1] Newton failed this outer iteration (reason=-9) -- keeping previous T, retrying next iteration
      [layer 2] Newton failed this outer iteration (reason=-9) -- keeping previous T, retrying next iteration
      [layer 3] Newton failed this outer iteration (reason=-9) -- keeping previous T, retrying next iteration
    [newton k= 27] SCIF=  -570.13 mT  layer_snes_iters=[14, 1, 1, 1, 2, 2]  clip_frac_max=0.000
      [layer 0] Newton failed this outer iteration (reason=-9) -- keeping previous T, retrying next iteration
      [layer 1] Newton failed this outer iteration (reason=-9) -- keeping previous T, retrying next iteration
      [layer 2] Newton failed this outer iteration (reason=-9) -- keeping previous T, retrying next iteration
      [layer 3] Newton failed this outer iteration (reason=-9) -- keeping previous T, retrying next iteration
    [newton k= 28] SCIF=  -570.69 mT  layer_snes_iters=[14, 1, 1, 1, 2, 2]  clip_frac_max=0.000
      [layer 0] Newton failed this outer iteration (reason=-9) -- keeping previous T, retrying next iteration
      [layer 1] Newton failed this outer iteration (reason=-9) -- keeping previous T, retrying next iteration
      [layer 2] Newton failed this outer iteration (reason=-9) -- keeping previous T, retrying next iteration
      [layer 3] Newton failed this outer iteration (reason=-9) -- keeping previous T, retrying next iteration
    [newton k= 29] SCIF=  -571.14 mT  layer_snes_iters=[14, 1, 1, 1, 2, 2]  clip_frac_max=0.000
      [layer 0] Newton failed this outer iteration (reason=-9) -- keeping previous T, retrying next iteration
      [layer 1] Newton failed this outer iteration (reason=-9) -- keeping previous T, retrying next iteration
      [layer 2] Newton failed this outer iteration (reason=-9) -- keeping previous T, retrying next iteration
      [layer 3] Newton failed this outer iteration (reason=-9) -- keeping previous T, retrying next iteration
    [newton k= 30] SCIF=  -571.50 mT  layer_snes_iters=[14, 1, 1, 1, 2, 2]  clip_frac_max=0.000
RESULT: {'converged': False, 'n_outer': 30, 'total_snes_iters': 670, 'scif_mT': -571.5024603731608}
