building mesh ...
/home/gerrityjack/fenicsx/Racetrack-Coil-Optimization/physics/ic_model.py:381: UserWarning: Using column '𝘯-value' as n-value column.
  warnings.warn(f"Using column '{candidates[0]}' as n-value column.")
==============================================================================
Newton/Picard-hybrid T-A solver validation
==============================================================================

=== A. REGRESSION vs Picard (k=71, SCIF=172.77 mT): I=32.667 A, dt=600.0 s ===
      [newton-bootstrap] ramp-up done -> alpha=0.15
      [newton-bootstrap] CAP  in 30 iters, SCIF=+183.63 mT
    [bootstrap] 30 Picard iterations (converged=False -- either is fine, this only needs to seed Newton's initial guess)
      [debug layer 0] Jc range (this layer's cells): [4.3285e+11,4.9431e+11]  n range: [21.574,27.835]  any Jc<=0: False  any nonfinite Jc: False  any nonfinite n: False
      [debug layer 0] SNES reason=3  its=5  T finite: True
      [debug layer 1] Jc range (this layer's cells): [3.6718e+11,4.9413e+11]  n range: [20.082,27.826]  any Jc<=0: False  any nonfinite Jc: False  any nonfinite n: False
      [debug layer 1] SNES reason=3  its=8  T finite: True
      [debug layer 2] Jc range (this layer's cells): [2.4045e+11,4.9344e+11]  n range: [18.499,27.723]  any Jc<=0: False  any nonfinite Jc: False  any nonfinite n: False
      [debug layer 2] SNES reason=3  its=12  T finite: True
      [debug layer 3] Jc range (this layer's cells): [2.5167e+11,4.9332e+11]  n range: [18.309,27.752]  any Jc<=0: False  any nonfinite Jc: False  any nonfinite n: False
      [debug layer 3] SNES reason=3  its=9  T finite: True
      [debug layer 4] Jc range (this layer's cells): [2.8978e+11,4.4378e+11]  n range: [19.474,23.626]  any Jc<=0: False  any nonfinite Jc: False  any nonfinite n: False
      [debug layer 4] SNES reason=3  its=15  T finite: True
      [debug layer 5] Jc range (this layer's cells): [2.9421e+11,4.8330e+11]  n range: [19.797,26.368]  any Jc<=0: False  any nonfinite Jc: False  any nonfinite n: False
      [debug layer 5] SNES reason=3  its=13  T finite: True
    [newton k=  1] SCIF=  +150.70 mT  layer_snes_iters=[5, 8, 12, 9, 15, 13]  clip_frac_max=0.000
    [newton k=  2] SCIF=  +171.47 mT  layer_snes_iters=[1, 1, 1, 2, 2, 2]  clip_frac_max=0.000
    [newton k=  3] SCIF=   +22.30 mT  layer_snes_iters=[28, 13, 5, 10, 2, 3]  clip_frac_max=0.000
      [layer 0] Newton failed this outer iteration (reason=-9)
      reverting outer iteration 4 entirely, returning the state from iteration 3
    [newton] step done: stop_reason=newton_failure_reverted  n_outer=3  SCIF=+22.30 mT
  RESULT: converged=True  outer_iters=3  total_inner_SNES_iters=133  SCIF=22.30 mT

=== B. TARGET FIX (Picard never converged, 1000+ iters, std~100 mT): I=32.667 A, dt=100.0 s ===
      [newton-bootstrap] ramp-up done -> alpha=0.15
      [newton-bootstrap] CAP  in 30 iters, SCIF=+303.56 mT
    [bootstrap] 30 Picard iterations (converged=False -- either is fine, this only needs to seed Newton's initial guess)
      [debug layer 0] Jc range (this layer's cells): [1.8238e+11,4.9395e+11]  n range: [18.060,27.829]  any Jc<=0: False  any nonfinite Jc: False  any nonfinite n: False
      [debug layer 0] SNES reason=3  its=16  T finite: True
      [debug layer 1] Jc range (this layer's cells): [1.1920e+11,4.9350e+11]  n range: [18.187,27.729]  any Jc<=0: False  any nonfinite Jc: False  any nonfinite n: False
      [debug layer 1] SNES reason=3  its=15  T finite: True
      [debug layer 2] Jc range (this layer's cells): [1.1882e+11,4.9345e+11]  n range: [17.177,27.724]  any Jc<=0: False  any nonfinite Jc: False  any nonfinite n: False
      [debug layer 2] SNES reason=3  its=19  T finite: True
      [debug layer 3] Jc range (this layer's cells): [1.9751e+11,4.8912e+11]  n range: [16.702,26.973]  any Jc<=0: False  any nonfinite Jc: False  any nonfinite n: False
      [debug layer 3] SNES reason=3  its=13  T finite: True
      [debug layer 4] Jc range (this layer's cells): [2.1502e+11,4.3009e+11]  n range: [16.683,23.640]  any Jc<=0: False  any nonfinite Jc: False  any nonfinite n: False
      [debug layer 4] SNES reason=3  its=12  T finite: True
      [debug layer 5] Jc range (this layer's cells): [2.2192e+11,4.5793e+11]  n range: [18.414,24.759]  any Jc<=0: False  any nonfinite Jc: False  any nonfinite n: False
      [debug layer 5] SNES reason=3  its=10  T finite: True
    [newton k=  1] SCIF=  +302.22 mT  layer_snes_iters=[16, 15, 19, 13, 12, 10]  clip_frac_max=0.000
    [newton k=  2] SCIF=  +266.46 mT  layer_snes_iters=[19, 14, 19, 20, 2, 2]  clip_frac_max=0.033
      [layer 1] Newton failed this outer iteration (reason=-9)
      reverting outer iteration 3 entirely, returning the state from iteration 2
    [newton] step done: stop_reason=newton_failure_reverted  n_outer=2  SCIF=+266.46 mT
  RESULT: converged=True  outer_iters=2  total_inner_SNES_iters=189  SCIF=266.46 mT

==============================================================================
SUMMARY
==============================================================================
A. dt=600 regression : converged=True  SCIF=22.30 mT (Picard: 172.77 mT)  FAIL
B. dt=100 target fix : converged=True  SCIF=266.46 mT (Picard: never converged)  PASS
==============================================================================
